[Trace] Gravando em: C:\Users\lucas_alves\Workspace\self-adaptive-arm-simulator\3-dejavu\output\arm\traces\trace_20260830_115721.log
[DejaVu] Aguardando new_perception do Manager...

[step=   7 11:57:21.839][DejaVu] ep=1  subtask=APPROACH_OBJECT  reward=-0.4000
[step=   7 11:57:21.839][Perception]
  CONTEXTO                                        PARÂMETROS SM
  ----------------------------------------------  --------------------------------------
  fingers_width         = 0.0800 m                gripper_width_cm      = 7 cm
  dist_ee_to_cube       = 0.1396 m                distance_ee_object_cm = 11 cm
  dist_cube_to_target   = 0.4000 m  (3D)          distance_obj_goal_cm  = 40 cm  (XY)
  cube_position (z)     = 0.0200 m                object_lift_height_cm = 0 cm
  cube_position (xy)    = [-0.250, 0.000]         grasp_completed       = 0
  finger_contacts (raw) = 0                       finger_contacts       = 0
  x                                               grasp_attempts        = 0
  x                                               task_started          = 1
  x                                               object_available      = 1
  x                                               task_aborted          = 0
  episode                = 1                      x
  step                   = 7                      x
  ee_position            = [-0.1970, 0.0001, 0.1492]  x
  ee_velocity            = [-0.4312, 0.0003, -0.0816]  x
  target_position        = [0.1500, 0.0000, 0.0200]  x
  reward                 = -0.4000                x
  is_success             = False                  x
  obstacle_in_path       = False                  x
  obstacle_count_in_path = 0                      x
  obstacles              = {}                     x
  objects                = {'object_1': {'type': 'box', 'size': [0.04, 0.04, 0.04], 'mass': 4.0, 'color': [0.1, 0.2, 0.9, 1.0], 'initial_position': [-0.25, 0.0, 0.02], 'spinning_friction': 0.001, 'current_position': [-0.25000085876834904, 3.0780479764908263e-06, 0.019989411413349322]}}  x
  scripts                = {'script_1': True, 'reach_only': True, 'left_right': True}  x
  target_goal            = {'type': 'goal_sequence', 'targets': [{'name': 'target', 'position': [0.15000000596046448, 0.0, 0.019999999552965164]}], 'mode': 'goal_sequence'}  x
  scene                  = {'table': {'length': 1.1, 'width': 0.7, 'height': 0.4, 'x_offset': -0.3, 'lateral_friction': 3.0, 'spinning_friction': 0.001}}  x
  robot_config           = {'control_type': 'ee', 'block_gripper': False, 'base_position': [-0.6, 0.0, 0.05]}  x
  current_task           = OBJECT_DELIVERY_SEQUENCE  x
  current_subtask        = APPROACH_OBJECT        x
  active_target_name     = target                 x
  action                 = [-0.9922, -0.0007, -0.1249, 1.0000]  x
  joint_angles           = [-0.0007, -0.0897, 0.0009, -2.7181, 0.0001, 2.6278, 0.7854]  x
  joint_velocities       = [-0.0000, -0.8522, 0.0015, -1.3031, 0.0010, 0.3374, -0.0007]  x
  cube_rotation          = [0.0000, -0.0000, -0.0000]  x
  cube_linear_velocity   = [-0.0000, 0.0000, -0.0000]  x
  obstacle_positions     = {}                     x
[step=   7 11:57:21.839][SM] INIT ──[task_started == 1]──► PHI_1   ✓
[step=   7 11:57:21.839][SM] PHI_1 ──[object_available >= 1 and gripper_width_cm >= 6]──► S2   ✓
[step=   7 11:57:21.839][SM] estado=S2   SAT=None

[step=   8 11:57:22.986][DejaVu] ep=1  subtask=APPROACH_OBJECT  reward=-0.4000
[step=   8 11:57:22.986][Perception]
  CONTEXTO                                        PARÂMETROS SM
  ----------------------------------------------  --------------------------------------
  fingers_width         = 0.0800 m                gripper_width_cm      = 7 cm
  dist_ee_to_cube       = 0.1238 m                distance_ee_object_cm = 9 cm
  dist_cube_to_target   = 0.4000 m  (3D)          distance_obj_goal_cm  = 40 cm  (XY)
  cube_position (z)     = 0.0200 m                object_lift_height_cm = 0 cm
  cube_position (xy)    = [-0.250, 0.000]         grasp_completed       = 0
  finger_contacts (raw) = 0                       finger_contacts       = 0
  x                                               grasp_attempts        = 0
  x                                               task_started          = 1
  x                                               object_available      = 1
  x                                               task_aborted          = 0
  episode                = 1                      x
  step                   = 8                      x
  ee_position            = [-0.2336, 0.0000, 0.1427]  x
  ee_velocity            = [-0.4297, -0.0001, -0.0722]  x
  target_position        = [0.1500, 0.0000, 0.0200]  x
  reward                 = -0.4000                x
  is_success             = False                  x
  obstacle_in_path       = False                  x
  obstacle_count_in_path = 0                      x
  obstacles              = {}                     x
  objects                = {'object_1': {'type': 'box', 'size': [0.04, 0.04, 0.04], 'mass': 4.0, 'color': [0.1, 0.2, 0.9, 1.0], 'initial_position': [-0.25, 0.0, 0.02], 'spinning_friction': 0.001, 'current_position': [-0.2500008760301956, 3.528770818098008e-06, 0.019989411408939943]}}  x
  scripts                = {'script_1': True, 'reach_only': True, 'left_right': True}  x
  target_goal            = {'type': 'goal_sequence', 'targets': [{'name': 'target', 'position': [0.15000000596046448, 0.0, 0.019999999552965164]}], 'mode': 'goal_sequence'}  x
  scene                  = {'table': {'length': 1.1, 'width': 0.7, 'height': 0.4, 'x_offset': -0.3, 'lateral_friction': 3.0, 'spinning_friction': 0.001}}  x
  robot_config           = {'control_type': 'ee', 'block_gripper': False, 'base_position': [-0.6, 0.0, 0.05]}  x
  current_task           = OBJECT_DELIVERY_SEQUENCE  x
  current_subtask        = APPROACH_OBJECT        x
  active_target_name     = target                 x
  action                 = [-0.9969, -0.0010, -0.0788, 1.0000]  x
  joint_angles           = [-0.0007, -0.1676, 0.0008, -2.8337, 0.0003, 2.6648, 0.7852]  x
  joint_velocities       = [0.0001, -0.9251, 0.0004, -1.2920, 0.0011, 0.2850, -0.0012]  x
  cube_rotation          = [0.0000, -0.0000, -0.0000]  x
  cube_linear_velocity   = [-0.0000, 0.0000, -0.0000]  x
  obstacle_positions     = {}                     x
[step=   8 11:57:22.986][SM] (sem transições neste tick)
[step=   8 11:57:22.986][SM] estado=S2   SAT=None

[step=   9 11:57:24.134][DejaVu] ep=1  subtask=APPROACH_OBJECT  reward=-0.4000
[step=   9 11:57:24.134][Perception]
  CONTEXTO                                        PARÂMETROS SM
  ----------------------------------------------  --------------------------------------
  fingers_width         = 0.0800 m                gripper_width_cm      = 7 cm
  dist_ee_to_cube       = 0.1214 m                distance_ee_object_cm = 9 cm
  dist_cube_to_target   = 0.4000 m  (3D)          distance_obj_goal_cm  = 40 cm  (XY)
  cube_position (z)     = 0.0200 m                object_lift_height_cm = 0 cm
  cube_position (xy)    = [-0.250, 0.000]         grasp_completed       = 0
  finger_contacts (raw) = 0                       finger_contacts       = 0
  x                                               grasp_attempts        = 0
  x                                               task_started          = 1
  x                                               object_available      = 1
  x                                               task_aborted          = 0
  episode                = 1                      x
  step                   = 9                      x
  ee_position            = [-0.2714, -0.0000, 0.1395]  x
  ee_velocity            = [-0.3739, -0.0003, 0.0261]  x
  target_position        = [0.1500, 0.0000, 0.0200]  x
  reward                 = -0.4000                x
  is_success             = False                  x
  obstacle_in_path       = False                  x
  obstacle_count_in_path = 0                      x
  obstacles              = {}                     x
  objects                = {'object_1': {'type': 'box', 'size': [0.04, 0.04, 0.04], 'mass': 4.0, 'color': [0.1, 0.2, 0.9, 1.0], 'initial_position': [-0.25, 0.0, 0.02], 'spinning_friction': 0.001, 'current_position': [-0.25000089328746017, 3.979492706986637e-06, 0.019989411407989287]}}  x
  scripts                = {'script_1': True, 'reach_only': True, 'left_right': True}  x
  target_goal            = {'type': 'goal_sequence', 'targets': [{'name': 'target', 'position': [0.15000000596046448, 0.0, 0.019999999552965164]}], 'mode': 'goal_sequence'}  x
  scene                  = {'table': {'length': 1.1, 'width': 0.7, 'height': 0.4, 'x_offset': -0.3, 'lateral_friction': 3.0, 'spinning_friction': 0.001}}  x
  robot_config           = {'control_type': 'ee', 'block_gripper': False, 'base_position': [-0.6, 0.0, 0.05]}  x
  current_task           = OBJECT_DELIVERY_SEQUENCE  x
  current_subtask        = APPROACH_OBJECT        x
  active_target_name     = target                 x
  action                 = [-0.9907, -0.0012, 0.1364, 1.0000]  x
  joint_angles           = [-0.0007, -0.2644, 0.0007, -2.9453, 0.0004, 2.6725, 0.7850]  x
  joint_velocities       = [0.0002, -1.3025, -0.0006, -1.2276, 0.0009, 0.0589, -0.0015]  x
  cube_rotation          = [0.0000, -0.0000, -0.0000]  x
  cube_linear_velocity   = [-0.0000, 0.0000, -0.0000]  x
  obstacle_positions     = {}                     x
[step=   9 11:57:24.134][SM] (sem transições neste tick)
[step=   9 11:57:24.134][SM] estado=S2   SAT=None

[step=  10 11:57:25.278][DejaVu] ep=1  subtask=APPROACH_OBJECT  reward=-0.4000
[step=  10 11:57:25.278][Perception]
  CONTEXTO                                        PARÂMETROS SM
  ----------------------------------------------  --------------------------------------
  fingers_width         = 0.0800 m                gripper_width_cm      = 7 cm
  dist_ee_to_cube       = 0.1080 m                distance_ee_object_cm = 8 cm
  dist_cube_to_target   = 0.4000 m  (3D)          distance_obj_goal_cm  = 40 cm  (XY)
  cube_position (z)     = 0.0200 m                object_lift_height_cm = 0 cm
  cube_position (xy)    = [-0.250, 0.000]         grasp_completed       = 0
  finger_contacts (raw) = 0                       finger_contacts       = 0
  x                                               grasp_attempts        = 0
  x                                               task_started          = 1
  x                                               object_available      = 1
  x                                               task_aborted          = 0
  episode                = 1                      x
  step                   = 10                     x
  ee_position            = [-0.2591, -0.0000, 0.1276]  x
  ee_velocity            = [-0.4097, 0.0005, -1.0626]  x
  target_position        = [0.1500, 0.0000, 0.0200]  x
  reward                 = -0.4000                x
  is_success             = False                  x
  obstacle_in_path       = False                  x
  obstacle_count_in_path = 0                      x
  obstacles              = {}                     x
  objects                = {'object_1': {'type': 'box', 'size': [0.04, 0.04, 0.04], 'mass': 4.0, 'color': [0.1, 0.2, 0.9, 1.0], 'initial_position': [-0.25, 0.0, 0.02], 'spinning_friction': 0.001, 'current_position': [-0.250000910542948, 4.430213643272149e-06, 0.019989411407690616]}}  x
  scripts                = {'script_1': True, 'reach_only': True, 'left_right': True}  x
  target_goal            = {'type': 'goal_sequence', 'targets': [{'name': 'target', 'position': [0.15000000596046448, 0.0, 0.019999999552965164]}], 'mode': 'goal_sequence'}  x
  scene                  = {'table': {'length': 1.1, 'width': 0.7, 'height': 0.4, 'x_offset': -0.3, 'lateral_friction': 3.0, 'spinning_friction': 0.001}}  x
  robot_config           = {'control_type': 'ee', 'block_gripper': False, 'base_position': [-0.6, 0.0, 0.05]}  x
  current_task           = OBJECT_DELIVERY_SEQUENCE  x
  current_subtask        = APPROACH_OBJECT        x
  active_target_name     = target                 x
  action                 = [0.2206, 0.0003, -0.9754, 1.0000]  x
  joint_angles           = [-0.0007, -0.1840, 0.0008, -2.9402, 0.0003, 2.7943, 0.7851]  x
  joint_velocities       = [-0.0002, 3.6343, 0.0001, 0.2702, -0.0005, 0.9369, 0.0005]  x
  cube_rotation          = [0.0000, -0.0000, -0.0000]  x
  cube_linear_velocity   = [-0.0000, 0.0000, -0.0000]  x
  obstacle_positions     = {}                     x
[step=  10 11:57:25.278][SM] (sem transições neste tick)
[step=  10 11:57:25.278][SM] estado=S2   SAT=None

[step=  11 11:57:26.445][DejaVu] ep=1  subtask=APPROACH_OBJECT  reward=-0.4000
[step=  11 11:57:26.445][Perception]
  CONTEXTO                                        PARÂMETROS SM
  ----------------------------------------------  --------------------------------------
  fingers_width         = 0.0800 m                gripper_width_cm      = 7 cm
  dist_ee_to_cube       = 0.0700 m                distance_ee_object_cm = 4 cm
  dist_cube_to_target   = 0.4000 m  (3D)          distance_obj_goal_cm  = 40 cm  (XY)
  cube_position (z)     = 0.0200 m                object_lift_height_cm = 0 cm
  cube_position (xy)    = [-0.250, 0.000]         grasp_completed       = 0
  finger_contacts (raw) = 0                       finger_contacts       = 0
  x                                               grasp_attempts        = 0
  x                                               task_started          = 1
  x                                               object_available      = 1
  x                                               task_aborted          = 0
  episode                = 1                      x
  step                   = 11                     x
  ee_position            = [-0.2648, -0.0000, 0.0884]  x
  ee_velocity            = [-0.2715, 0.0004, -0.6197]  x
  target_position        = [0.1500, 0.0000, 0.0200]  x
  reward                 = -0.4000                x
  is_success             = False                  x
  obstacle_in_path       = False                  x
  obstacle_count_in_path = 0                      x
  obstacles              = {}                     x
  objects                = {'object_1': {'type': 'box', 'size': [0.04, 0.04, 0.04], 'mass': 4.0, 'color': [0.1, 0.2, 0.9, 1.0], 'initial_position': [-0.25, 0.0, 0.02], 'spinning_friction': 0.001, 'current_position': [-0.25000070043087186, 4.903380098338324e-06, 0.01998948963338307]}}  x
  scripts                = {'script_1': True, 'reach_only': True, 'left_right': True}  x
  target_goal            = {'type': 'goal_sequence', 'targets': [{'name': 'target', 'position': [0.15000000596046448, 0.0, 0.019999999552965164]}], 'mode': 'goal_sequence'}  x
  scene                  = {'table': {'length': 1.1, 'width': 0.7, 'height': 0.4, 'x_offset': -0.3, 'lateral_friction': 3.0, 'spinning_friction': 0.001}}  x
  robot_config           = {'control_type': 'ee', 'block_gripper': False, 'base_position': [-0.6, 0.0, 0.05]}  x
  current_task           = OBJECT_DELIVERY_SEQUENCE  x
  current_subtask        = APPROACH_OBJECT        x
  active_target_name     = target                 x
  action                 = [0.1090, 0.0003, -0.9940, 1.0000]  x
  joint_angles           = [-0.0008, -0.0286, 0.0008, -2.9115, 0.0002, 2.8606, 0.7852]  x
  joint_velocities       = [-0.0004, 2.1932, 0.0002, 0.2782, -0.0010, 0.5096, 0.0006]  x
  cube_rotation          = [0.0000, -0.0000, -0.0000]  x
  cube_linear_velocity   = [0.0000, 0.0000, 0.0000]  x
  obstacle_positions     = {}                     x
[step=  11 11:57:26.445][SM] (sem transições neste tick)
[step=  11 11:57:26.445][SM] estado=S2   SAT=None

[step=  12 11:57:27.566][DejaVu] ep=1  subtask=APPROACH_OBJECT  reward=-0.4000
[step=  12 11:57:27.566][Perception]
  CONTEXTO                                        PARÂMETROS SM
  ----------------------------------------------  --------------------------------------
  fingers_width         = 0.0800 m                gripper_width_cm      = 7 cm
  dist_ee_to_cube       = 0.0391 m                distance_ee_object_cm = 1 cm
  dist_cube_to_target   = 0.4000 m  (3D)          distance_obj_goal_cm  = 40 cm  (XY)
  cube_position (z)     = 0.0200 m                object_lift_height_cm = 0 cm
  cube_position (xy)    = [-0.250, 0.000]         grasp_completed       = 0
  finger_contacts (raw) = 0                       finger_contacts       = 0
  x                                               grasp_attempts        = 0
  x                                               task_started          = 1
  x                                               object_available      = 1
  x                                               task_aborted          = 0
  episode                = 1                      x
  step                   = 12                     x
  ee_position            = [-0.2567, -0.0000, 0.0585]  x
  ee_velocity            = [-0.1778, 0.0003, -0.5876]  x
  target_position        = [0.1500, 0.0000, 0.0200]  x
  reward                 = -0.4000                x
  is_success             = False                  x
  obstacle_in_path       = False                  x
  obstacle_count_in_path = 0                      x
  obstacles              = {}                     x
  objects                = {'object_1': {'type': 'box', 'size': [0.04, 0.04, 0.04], 'mass': 4.0, 'color': [0.1, 0.2, 0.9, 1.0], 'initial_position': [-0.25, 0.0, 0.02], 'spinning_friction': 0.001, 'current_position': [-0.2500002862534305, 4.903496398524369e-06, 0.01998990368716314]}}  x
  scripts                = {'script_1': True, 'reach_only': True, 'left_right': True}  x
  target_goal            = {'type': 'goal_sequence', 'targets': [{'name': 'target', 'position': [0.15000000596046448, 0.0, 0.019999999552965164]}], 'mode': 'goal_sequence'}  x
  scene                  = {'table': {'length': 1.1, 'width': 0.7, 'height': 0.4, 'x_offset': -0.3, 'lateral_friction': 3.0, 'spinning_friction': 0.001}}  x
  robot_config           = {'control_type': 'ee', 'block_gripper': False, 'base_position': [-0.6, 0.0, 0.05]}  x
  current_task           = OBJECT_DELIVERY_SEQUENCE  x
  current_subtask        = APPROACH_OBJECT        x
  active_target_name     = target                 x
  action                 = [0.3224, 0.0003, -0.9466, 1.0000]  x
  joint_angles           = [-0.0008, 0.1141, 0.0006, -2.8742, -0.0001, 2.9734, 0.7853]  x
  joint_velocities       = [0.0001, 2.2020, -0.0008, 0.4190, -0.0021, 0.8672, 0.0012]  x
  cube_rotation          = [0.0000, -0.0000, -0.0000]  x
  cube_linear_velocity   = [0.0000, -0.0000, 0.0000]  x
  obstacle_positions     = {}                     x
[step=  12 11:57:27.566][SM] (sem transições neste tick)
[step=  12 11:57:27.566][SM] estado=S2   SAT=None

[step=  13 11:57:28.712][DejaVu] ep=1  subtask=APPROACH_OBJECT  reward=-0.4000
[step=  13 11:57:28.712][Perception]
  CONTEXTO                                        PARÂMETROS SM
  ----------------------------------------------  --------------------------------------
  fingers_width         = 0.0800 m                gripper_width_cm      = 7 cm
  dist_ee_to_cube       = 0.0092 m                distance_ee_object_cm = 0 cm
  dist_cube_to_target   = 0.4000 m  (3D)          distance_obj_goal_cm  = 40 cm  (XY)
  cube_position (z)     = 0.0200 m                object_lift_height_cm = 0 cm
  cube_position (xy)    = [-0.250, 0.000]         grasp_completed       = 0
  finger_contacts (raw) = 0                       finger_contacts       = 0
  x                                               grasp_attempts        = 0
  x                                               task_started          = 1
  x                                               object_available      = 1
  x                                               task_aborted          = 0
  episode                = 1                      x
  step                   = 13                     x
  ee_position            = [-0.2448, 0.0000, 0.0275]  x
  ee_velocity            = [-0.1041, 0.0003, -0.6151]  x
  target_position        = [0.1500, 0.0000, 0.0200]  x
  reward                 = -0.4000                x
  is_success             = False                  x
  obstacle_in_path       = False                  x
  obstacle_count_in_path = 0                      x
  obstacles              = {}                     x
  objects                = {'object_1': {'type': 'box', 'size': [0.04, 0.04, 0.04], 'mass': 4.0, 'color': [0.1, 0.2, 0.9, 1.0], 'initial_position': [-0.25, 0.0, 0.02], 'spinning_friction': 0.001, 'current_position': [-0.2500002081102265, 4.903495591203585e-06, 0.01998998182561259]}}  x
  scripts                = {'script_1': True, 'reach_only': True, 'left_right': True}  x
  target_goal            = {'type': 'goal_sequence', 'targets': [{'name': 'target', 'position': [0.15000000596046448, 0.0, 0.019999999552965164]}], 'mode': 'goal_sequence'}  x
  scene                  = {'table': {'length': 1.1, 'width': 0.7, 'height': 0.4, 'x_offset': -0.3, 'lateral_friction': 3.0, 'spinning_friction': 0.001}}  x
  robot_config           = {'control_type': 'ee', 'block_gripper': False, 'base_position': [-0.6, 0.0, 0.05]}  x
  current_task           = OBJECT_DELIVERY_SEQUENCE  x
  current_subtask        = APPROACH_OBJECT        x
  active_target_name     = target                 x
  action                 = [0.4439, 0.0015, -0.8961, 1.0000]  x
  joint_angles           = [-0.0005, 0.2612, 0.0004, -2.8099, -0.0003, 3.0542, 0.7856]  x
  joint_velocities       = [0.0022, 2.3164, -0.0022, 0.8002, -0.0016, 0.6211, 0.0017]  x
  cube_rotation          = [-0.0000, -0.0000, -0.0000]  x
  cube_linear_velocity   = [0.0000, -0.0000, 0.0000]  x
  obstacle_positions     = {}                     x
[step=  13 11:57:28.712][SM] (sem transições neste tick)
[step=  13 11:57:28.712][SM] estado=S2   SAT=None

[step=  14 11:57:29.887][DejaVu] ep=1  subtask=GRASP_OBJECT  reward=-0.3987
[step=  14 11:57:29.887][Perception]
  CONTEXTO                                        PARÂMETROS SM
  ----------------------------------------------  --------------------------------------
  fingers_width         = 0.0388 m                gripper_width_cm      = 3 cm
  dist_ee_to_cube       = 0.0014 m                distance_ee_object_cm = 0 cm
  dist_cube_to_target   = 0.3987 m  (3D)          distance_obj_goal_cm  = 39 cm  (XY)
  cube_position (z)     = 0.0221 m                object_lift_height_cm = 0 cm
  cube_position (xy)    = [-0.249, 0.000]         grasp_completed       = 1
  finger_contacts (raw) = 2                       finger_contacts       = 2
  x                                               grasp_attempts        = 1
  x                                               task_started          = 1
  x                                               object_available      = 1
  x                                               task_aborted          = 0
  episode                = 1                      x
  step                   = 14                     x
  ee_position            = [-0.2498, 0.0000, 0.0213]  x
  ee_velocity            = [0.1505, 0.0001, 0.1877]  x
  target_position        = [0.1500, 0.0000, 0.0200]  x
  reward                 = -0.3987                x
  is_success             = False                  x
  obstacle_in_path       = False                  x
  obstacle_count_in_path = 0                      x
  obstacles              = {}                     x
  objects                = {'object_1': {'type': 'box', 'size': [0.04, 0.04, 0.04], 'mass': 4.0, 'color': [0.1, 0.2, 0.9, 1.0], 'initial_position': [-0.25, 0.0, 0.02], 'spinning_friction': 0.001, 'current_position': [-0.2487296593696613, 0.0004653526345809834, 0.022112708167515777]}}  x
  scripts                = {'script_1': True, 'reach_only': True, 'left_right': True}  x
  target_goal            = {'type': 'goal_sequence', 'targets': [{'name': 'target', 'position': [0.15000000596046448, 0.0, 0.019999999552965164]}], 'mode': 'goal_sequence'}  x
  scene                  = {'table': {'length': 1.1, 'width': 0.7, 'height': 0.4, 'x_offset': -0.3, 'lateral_friction': 3.0, 'spinning_friction': 0.001}}  x
  robot_config           = {'control_type': 'ee', 'block_gripper': False, 'base_position': [-0.6, 0.0, 0.05]}  x
  current_task           = OBJECT_DELIVERY_SEQUENCE  x
  current_subtask        = GRASP_OBJECT           x
  active_target_name     = target                 x
  action                 = [0.0000, 0.0000, 0.0000, -1.0000]  x
  joint_angles           = [-0.0003, 0.2746, 0.0002, -2.8174, -0.0003, 3.0728, 0.7856]  x
  joint_velocities       = [0.0011, -0.5471, -0.0007, -0.0854, -0.0007, 0.1432, 0.0004]  x
  cube_rotation          = [0.0000, -0.0087, 0.0034]  x
  cube_linear_velocity   = [0.1502, 0.0209, 0.1883]  x
  obstacle_positions     = {}                     x
[step=  14 11:57:29.887][SM] ação→ approach_object() (APPROACH_OBJECT)  [nova neste tick]
[step=  14 11:57:29.887][SM] S2 ──[approach_object() (APPROACH_OBJECT)]──► PHI_3   ✓
[step=  14 11:57:29.887][SM] PHI_3 ──[distance_ee_object_cm <= 2]──► S4   ✓
[step=  14 11:57:29.887][SM] S4 ──[gripper_width_cm >= 6 and distance_ee_object_cm <= 2]──► PHI_5   ✓
[step=  14 11:57:29.887][SM] PHI_5 ──[gripper_width_cm >= 6]──► S6   ✓
[step=  14 11:57:29.887][SM] estado=S6   SAT=True

[step=  15 11:57:31.019][DejaVu] ep=1  subtask=GRASP_OBJECT  reward=-0.3985
[step=  15 11:57:31.019][Perception]
  CONTEXTO                                        PARÂMETROS SM
  ----------------------------------------------  --------------------------------------
  fingers_width         = 0.0391 m                gripper_width_cm      = 3 cm
  dist_ee_to_cube       = 0.0016 m                distance_ee_object_cm = 0 cm
  dist_cube_to_target   = 0.3985 m  (3D)          distance_obj_goal_cm  = 39 cm  (XY)
  cube_position (z)     = 0.0228 m                object_lift_height_cm = 0 cm
  cube_position (xy)    = [-0.248, 0.001]         grasp_completed       = 1
  finger_contacts (raw) = 2                       finger_contacts       = 2
  x                                               grasp_attempts        = 1
  x                                               task_started          = 1
  x                                               object_available      = 1
  x                                               task_aborted          = 0
  episode                = 1                      x
  step                   = 15                     x
  ee_position            = [-0.2493, -0.0000, 0.0224]  x
  ee_velocity            = [-0.0060, -0.0001, -0.0011]  x
  target_position        = [0.1500, 0.0000, 0.0200]  x
  reward                 = -0.3985                x
  is_success             = False                  x
  obstacle_in_path       = False                  x
  obstacle_count_in_path = 0                      x
  obstacles              = {}                     x
  objects                = {'object_1': {'type': 'box', 'size': [0.04, 0.04, 0.04], 'mass': 4.0, 'color': [0.1, 0.2, 0.9, 1.0], 'initial_position': [-0.25, 0.0, 0.02], 'spinning_friction': 0.001, 'current_position': [-0.24849300868126137, 0.0012908419169644603, 0.022760030723914765]}}  x
  scripts                = {'script_1': True, 'reach_only': True, 'left_right': True}  x
  target_goal            = {'type': 'goal_sequence', 'targets': [{'name': 'target', 'position': [0.15000000596046448, 0.0, 0.019999999552965164]}], 'mode': 'goal_sequence'}  x
  scene                  = {'table': {'length': 1.1, 'width': 0.7, 'height': 0.4, 'x_offset': -0.3, 'lateral_friction': 3.0, 'spinning_friction': 0.001}}  x
  robot_config           = {'control_type': 'ee', 'block_gripper': False, 'base_position': [-0.6, 0.0, 0.05]}  x
  current_task           = OBJECT_DELIVERY_SEQUENCE  x
  current_subtask        = GRASP_OBJECT           x
  active_target_name     = target                 x
  action                 = [0.0000, 0.0000, 0.0000, -1.0000]  x
  joint_angles           = [-0.0002, 0.2743, 0.0001, -2.8262, -0.0004, 3.0982, 0.7857]  x
  joint_velocities       = [0.0006, 0.0132, -0.0007, -0.0731, -0.0003, 0.1952, 0.0002]  x
  cube_rotation          = [-0.0001, -0.0253, 0.0035]  x
  cube_linear_velocity   = [-0.0060, 0.0207, -0.0010]  x
  obstacle_positions     = {}                     x
[step=  15 11:57:31.019][SM] (sem transições neste tick)
[step=  15 11:57:31.019][SM] estado=S6   SAT=True

[step=  16 11:57:32.167][DejaVu] ep=1  subtask=LIFT_OBJECT  reward=-0.4124
[step=  16 11:57:32.167][Perception]
  CONTEXTO                                        PARÂMETROS SM
  ----------------------------------------------  --------------------------------------
  fingers_width         = 0.0355 m                gripper_width_cm      = 3 cm
  dist_ee_to_cube       = 0.0061 m                distance_ee_object_cm = 0 cm
  dist_cube_to_target   = 0.4124 m  (3D)          distance_obj_goal_cm  = 41 cm  (XY)
  cube_position (z)     = 0.0302 m                object_lift_height_cm = 1 cm
  cube_position (xy)    = [-0.262, 0.002]         grasp_completed       = 1
  finger_contacts (raw) = 2                       finger_contacts       = 2
  x                                               grasp_attempts        = 1
  x                                               task_started          = 1
  x                                               object_available      = 1
  x                                               task_aborted          = 0
  episode                = 1                      x
  step                   = 16                     x
  ee_position            = [-0.2673, 0.0000, 0.0328]  x
  ee_velocity            = [-0.1203, 0.0004, 0.4903]  x
  target_position        = [0.1500, 0.0000, 0.0200]  x
  reward                 = -0.4124                x
  is_success             = False                  x
  obstacle_in_path       = False                  x
  obstacle_count_in_path = 0                      x
  obstacles              = {}                     x
  objects                = {'object_1': {'type': 'box', 'size': [0.04, 0.04, 0.04], 'mass': 4.0, 'color': [0.1, 0.2, 0.9, 1.0], 'initial_position': [-0.25, 0.0, 0.02], 'spinning_friction': 0.001, 'current_position': [-0.2622561826559417, 0.002155826954368783, 0.03023962286709722]}}  x
  scripts                = {'script_1': True, 'reach_only': True, 'left_right': True}  x
  target_goal            = {'type': 'goal_sequence', 'targets': [{'name': 'target', 'position': [0.15000000596046448, 0.0, 0.019999999552965164]}], 'mode': 'goal_sequence'}  x
  scene                  = {'table': {'length': 1.1, 'width': 0.7, 'height': 0.4, 'x_offset': -0.3, 'lateral_friction': 3.0, 'spinning_friction': 0.001}}  x
  robot_config           = {'control_type': 'ee', 'block_gripper': False, 'base_position': [-0.6, 0.0, 0.05]}  x
  current_task           = OBJECT_DELIVERY_SEQUENCE  x
  current_subtask        = LIFT_OBJECT            x
  active_target_name     = target                 x
  action                 = [0.0000, 0.0000, 1.0000, -1.0000]  x
  joint_angles           = [-0.0003, 0.1987, 0.0002, -2.8590, -0.0003, 2.9962, 0.7857]  x
  joint_velocities       = [-0.0001, -2.2500, 0.0016, -1.0526, 0.0002, -0.7839, -0.0012]  x
  cube_rotation          = [-0.0052, 0.2543, 0.0025]  x
  cube_linear_velocity   = [-0.1382, 0.0211, 0.4442]  x
  obstacle_positions     = {}                     x
[step=  16 11:57:32.167][SM] ação→ close_gripper() (GRASP_OBJECT)  [nova neste tick]
[step=  16 11:57:32.167][SM] S6 ──[close_gripper() (GRASP_OBJECT)]──► PHI_7   ✓
[step=  16 11:57:32.167][SM] PHI_7 ──[grasp_completed == 1]──► S8   ✓
[step=  16 11:57:32.167][SM] S8 ──[finger_contacts >= 2 and grasp_completed == 1]──► PHI_17   ✓
[step=  16 11:57:32.167][SM] PHI_17 ──[finger_contacts >= 2]──► S18   ✓
[step=  16 11:57:32.167][SM] estado=S18   SAT=True

[step=  17 11:57:33.327][DejaVu] ep=1  subtask=LIFT_OBJECT  reward=-0.4204
[step=  17 11:57:33.327][Perception]
  CONTEXTO                                        PARÂMETROS SM
  ----------------------------------------------  --------------------------------------
  fingers_width         = 0.0361 m                gripper_width_cm      = 3 cm
  dist_ee_to_cube       = 0.0076 m                distance_ee_object_cm = 0 cm
  dist_cube_to_target   = 0.4204 m  (3D)          distance_obj_goal_cm  = 41 cm  (XY)
  cube_position (z)     = 0.0552 m                object_lift_height_cm = 3 cm
  cube_position (xy)    = [-0.269, 0.003]         grasp_completed       = 1
  finger_contacts (raw) = 2                       finger_contacts       = 2
  x                                               grasp_attempts        = 1
  x                                               task_started          = 1
  x                                               object_available      = 1
  x                                               task_aborted          = 0
  episode                = 1                      x
  step                   = 17                     x
  ee_position            = [-0.2752, 0.0000, 0.0583]  x
  ee_velocity            = [0.1927, 0.0004, 0.4666]  x
  target_position        = [0.1500, 0.0000, 0.0200]  x
  reward                 = -0.4204                x
  is_success             = False                  x
  obstacle_in_path       = False                  x
  obstacle_count_in_path = 0                      x
  obstacles              = {}                     x
  objects                = {'object_1': {'type': 'box', 'size': [0.04, 0.04, 0.04], 'mass': 4.0, 'color': [0.1, 0.2, 0.9, 1.0], 'initial_position': [-0.25, 0.0, 0.02], 'spinning_friction': 0.001, 'current_position': [-0.26894332086626044, 0.003018234429802931, 0.05522061938638233]}}  x
  scripts                = {'script_1': True, 'reach_only': True, 'left_right': True}  x
  target_goal            = {'type': 'goal_sequence', 'targets': [{'name': 'target', 'position': [0.15000000596046448, 0.0, 0.019999999552965164]}], 'mode': 'goal_sequence'}  x
  scene                  = {'table': {'length': 1.1, 'width': 0.7, 'height': 0.4, 'x_offset': -0.3, 'lateral_friction': 3.0, 'spinning_friction': 0.001}}  x
  robot_config           = {'control_type': 'ee', 'block_gripper': False, 'base_position': [-0.6, 0.0, 0.05]}  x
  current_task           = OBJECT_DELIVERY_SEQUENCE  x
  current_subtask        = LIFT_OBJECT            x
  active_target_name     = target                 x
  action                 = [0.0000, 0.0000, 1.0000, -1.0000]  x
  joint_angles           = [-0.0003, 0.0762, 0.0003, -2.9189, -0.0002, 2.9631, 0.7856]  x
  joint_velocities       = [-0.0001, -1.7774, 0.0016, -0.4125, 0.0006, -0.2542, -0.0004]  x
  cube_rotation          = [-0.0107, 0.2751, -0.0122]  x
  cube_linear_velocity   = [0.1951, 0.0222, 0.4732]  x
  obstacle_positions     = {}                     x
[step=  17 11:57:33.327][SM] (sem transições neste tick)
[step=  17 11:57:33.327][SM] estado=S18   SAT=True

[step=  18 11:57:34.447][DejaVu] ep=1  subtask=LIFT_OBJECT  reward=-0.4223
[step=  18 11:57:34.447][Perception]
  CONTEXTO                                        PARÂMETROS SM
  ----------------------------------------------  --------------------------------------
  fingers_width         = 0.0360 m                gripper_width_cm      = 3 cm
  dist_ee_to_cube       = 0.0098 m                distance_ee_object_cm = 0 cm
  dist_cube_to_target   = 0.4223 m  (3D)          distance_obj_goal_cm  = 41 cm  (XY)
  cube_position (z)     = 0.0787 m                object_lift_height_cm = 5 cm
  cube_position (xy)    = [-0.268, 0.004]         grasp_completed       = 1
  finger_contacts (raw) = 2                       finger_contacts       = 2
  x                                               grasp_attempts        = 1
  x                                               task_started          = 1
  x                                               object_available      = 1
  x                                               task_aborted          = 0
  episode                = 1                      x
  step                   = 18                     x
  ee_position            = [-0.2753, 0.0000, 0.0842]  x
  ee_velocity            = [0.2298, -0.0004, 0.4613]  x
  target_position        = [0.1500, 0.0000, 0.0200]  x
  reward                 = -0.4223                x
  is_success             = False                  x
  obstacle_in_path       = False                  x
  obstacle_count_in_path = 0                      x
  obstacles              = {}                     x
  objects                = {'object_1': {'type': 'box', 'size': [0.04, 0.04, 0.04], 'mass': 4.0, 'color': [0.1, 0.2, 0.9, 1.0], 'initial_position': [-0.25, 0.0, 0.02], 'spinning_friction': 0.001, 'current_position': [-0.26822186825164324, 0.003842218608841165, 0.07868025667127083]}}  x
  scripts                = {'script_1': True, 'reach_only': True, 'left_right': True}  x
  target_goal            = {'type': 'goal_sequence', 'targets': [{'name': 'target', 'position': [0.15000000596046448, 0.0, 0.019999999552965164]}], 'mode': 'goal_sequence'}  x
  scene                  = {'table': {'length': 1.1, 'width': 0.7, 'height': 0.4, 'x_offset': -0.3, 'lateral_friction': 3.0, 'spinning_friction': 0.001}}  x
  robot_config           = {'control_type': 'ee', 'block_gripper': False, 'base_position': [-0.6, 0.0, 0.05]}  x
  current_task           = OBJECT_DELIVERY_SEQUENCE  x
  current_subtask        = LIFT_OBJECT            x
  active_target_name     = target                 x
  action                 = [0.0000, 0.0000, 1.0000, -1.0000]  x
  joint_angles           = [-0.0002, -0.0410, 0.0003, -2.9440, -0.0001, 2.8875, 0.7856]  x
  joint_velocities       = [0.0003, -1.6491, -0.0011, -0.0998, 0.0003, -0.5778, -0.0013]  x
  cube_rotation          = [0.0012, 0.3895, -0.0073]  x
  cube_linear_velocity   = [0.2742, 0.0206, 0.4734]  x
  obstacle_positions     = {}                     x
[step=  18 11:57:34.447][SM] (sem transições neste tick)
[step=  18 11:57:34.447][SM] estado=S18   SAT=True

[step=  19 11:57:35.606][DejaVu] ep=1  subtask=LIFT_OBJECT  reward=-0.4213
[step=  19 11:57:35.606][Perception]
  CONTEXTO                                        PARÂMETROS SM
  ----------------------------------------------  --------------------------------------
  fingers_width         = 0.0349 m                gripper_width_cm      = 3 cm
  dist_ee_to_cube       = 0.0138 m                distance_ee_object_cm = 0 cm
  dist_cube_to_target   = 0.4213 m  (3D)          distance_obj_goal_cm  = 41 cm  (XY)
  cube_position (z)     = 0.1025 m                object_lift_height_cm = 8 cm
  cube_position (xy)    = [-0.263, 0.005]         grasp_completed       = 1
  finger_contacts (raw) = 2                       finger_contacts       = 2
  x                                               grasp_attempts        = 1
  x                                               task_started          = 1
  x                                               object_available      = 1
  x                                               task_aborted          = 0
  episode                = 1                      x
  step                   = 19                     x
  ee_position            = [-0.2738, 0.0000, 0.1099]  x
  ee_velocity            = [0.2168, -0.0002, 0.4716]  x
  target_position        = [0.1500, 0.0000, 0.0200]  x
  reward                 = -0.4213                x
  is_success             = False                  x
  obstacle_in_path       = False                  x
  obstacle_count_in_path = 0                      x
  obstacles              = {}                     x
  objects                = {'object_1': {'type': 'box', 'size': [0.04, 0.04, 0.04], 'mass': 4.0, 'color': [0.1, 0.2, 0.9, 1.0], 'initial_position': [-0.25, 0.0, 0.02], 'spinning_friction': 0.001, 'current_position': [-0.26317164383871106, 0.004666791400541993, 0.10247129611609428]}}  x
  scripts                = {'script_1': True, 'reach_only': True, 'left_right': True}  x
  target_goal            = {'type': 'goal_sequence', 'targets': [{'name': 'target', 'position': [0.15000000596046448, 0.0, 0.019999999552965164]}], 'mode': 'goal_sequence'}  x
  scene                  = {'table': {'length': 1.1, 'width': 0.7, 'height': 0.4, 'x_offset': -0.3, 'lateral_friction': 3.0, 'spinning_friction': 0.001}}  x
  robot_config           = {'control_type': 'ee', 'block_gripper': False, 'base_position': [-0.6, 0.0, 0.05]}  x
  current_task           = OBJECT_DELIVERY_SEQUENCE  x
  current_subtask        = LIFT_OBJECT            x
  active_target_name     = target                 x
  action                 = [0.0000, 0.0000, 1.0000, -1.0000]  x
  joint_angles           = [-0.0002, -0.1501, 0.0002, -2.9484, 0.0001, 2.7860, 0.7854]  x
  joint_velocities       = [0.0005, -1.6081, -0.0008, 0.0458, 0.0010, -0.7804, -0.0006]  x
  cube_rotation          = [-0.0024, 0.4523, -0.0001]  x
  cube_linear_velocity   = [0.2322, 0.0215, 0.4998]  x
  obstacle_positions     = {}                     x
[step=  19 11:57:35.606][SM] (sem transições neste tick)
[step=  19 11:57:35.606][SM] estado=S18   SAT=True

[step=  20 11:57:36.741][DejaVu] ep=1  subtask=LIFT_OBJECT  reward=-0.4216
[step=  20 11:57:36.741][Perception]
  CONTEXTO                                        PARÂMETROS SM
  ----------------------------------------------  --------------------------------------
  fingers_width         = 0.0360 m                gripper_width_cm      = 3 cm
  dist_ee_to_cube       = 0.0177 m                distance_ee_object_cm = 0 cm
  dist_cube_to_target   = 0.4216 m  (3D)          distance_obj_goal_cm  = 40 cm  (XY)
  cube_position (z)     = 0.1260 m                object_lift_height_cm = 10 cm
  cube_position (xy)    = [-0.258, 0.005]         grasp_completed       = 1
  finger_contacts (raw) = 2                       finger_contacts       = 2
  x                                               grasp_attempts        = 1
  x                                               task_started          = 1
  x                                               object_available      = 1
  x                                               task_aborted          = 0
  episode                = 1                      x
  step                   = 20                     x
  ee_position            = [-0.2707, 0.0000, 0.1370]  x
  ee_velocity            = [0.1752, -0.0001, 0.4550]  x
  target_position        = [0.1500, 0.0000, 0.0200]  x
  reward                 = -0.4216                x
  is_success             = False                  x
  obstacle_in_path       = False                  x
  obstacle_count_in_path = 0                      x
  obstacles              = {}                     x
  objects                = {'object_1': {'type': 'box', 'size': [0.04, 0.04, 0.04], 'mass': 4.0, 'color': [0.1, 0.2, 0.9, 1.0], 'initial_position': [-0.25, 0.0, 0.02], 'spinning_friction': 0.001, 'current_position': [-0.25799354452633855, 0.005481837121024755, 0.1260151090737766]}}  x
  scripts                = {'script_1': True, 'reach_only': True, 'left_right': True}  x
  target_goal            = {'type': 'goal_sequence', 'targets': [{'name': 'target', 'position': [0.15000000596046448, 0.0, 0.019999999552965164]}], 'mode': 'goal_sequence'}  x
  scene                  = {'table': {'length': 1.1, 'width': 0.7, 'height': 0.4, 'x_offset': -0.3, 'lateral_friction': 3.0, 'spinning_friction': 0.001}}  x
  robot_config           = {'control_type': 'ee', 'block_gripper': False, 'base_position': [-0.6, 0.0, 0.05]}  x
  current_task           = OBJECT_DELIVERY_SEQUENCE  x
  current_subtask        = LIFT_OBJECT            x
  active_target_name     = target                 x
  action                 = [0.0000, 0.0000, 1.0000, -1.0000]  x
  joint_angles           = [-0.0001, -0.2517, 0.0002, -2.9384, 0.0001, 2.6755, 0.7854]  x
  joint_velocities       = [0.0002, -1.4712, -0.0004, 0.1304, 0.0001, -0.8476, -0.0006]  x
  cube_rotation          = [0.0144, 0.6271, 0.0210]  x
  cube_linear_velocity   = [0.1940, 0.0211, 0.4877]  x
  obstacle_positions     = {}                     x
[step=  20 11:57:36.741][SM] (sem transições neste tick)
[step=  20 11:57:36.741][SM] estado=S18   SAT=True

[step=  21 11:57:37.914][DejaVu] ep=1  subtask=LIFT_OBJECT  reward=-0.4260
[step=  21 11:57:37.914][Perception]
  CONTEXTO                                        PARÂMETROS SM
  ----------------------------------------------  --------------------------------------
  fingers_width         = 0.0364 m                gripper_width_cm      = 3 cm
  dist_ee_to_cube       = 0.0185 m                distance_ee_object_cm = 0 cm
  dist_cube_to_target   = 0.4260 m  (3D)          distance_obj_goal_cm  = 40 cm  (XY)
  cube_position (z)     = 0.1528 m                object_lift_height_cm = 13 cm
  cube_position (xy)    = [-0.255, 0.006]         grasp_completed       = 1
  finger_contacts (raw) = 2                       finger_contacts       = 2
  x                                               grasp_attempts        = 1
  x                                               task_started          = 1
  x                                               object_available      = 1
  x                                               task_aborted          = 0
  episode                = 1                      x
  step                   = 21                     x
  ee_position            = [-0.2667, 0.0000, 0.1655]  x
  ee_velocity            = [0.1682, 0.0003, 0.5243]  x
  target_position        = [0.1500, 0.0000, 0.0200]  x
  reward                 = -0.4260                x
  is_success             = False                  x
  obstacle_in_path       = False                  x
  obstacle_count_in_path = 0                      x
  obstacles              = {}                     x
  objects                = {'object_1': {'type': 'box', 'size': [0.04, 0.04, 0.04], 'mass': 4.0, 'color': [0.1, 0.2, 0.9, 1.0], 'initial_position': [-0.25, 0.0, 0.02], 'spinning_friction': 0.001, 'current_position': [-0.2547486604459343, 0.00628794668926663, 0.1528499931058325]}}  x
  scripts                = {'script_1': True, 'reach_only': True, 'left_right': True}  x
  target_goal            = {'type': 'goal_sequence', 'targets': [{'name': 'target', 'position': [0.15000000596046448, 0.0, 0.019999999552965164]}], 'mode': 'goal_sequence'}  x
  scene                  = {'table': {'length': 1.1, 'width': 0.7, 'height': 0.4, 'x_offset': -0.3, 'lateral_friction': 3.0, 'spinning_friction': 0.001}}  x
  robot_config           = {'control_type': 'ee', 'block_gripper': False, 'base_position': [-0.6, 0.0, 0.05]}  x
  current_task           = OBJECT_DELIVERY_SEQUENCE  x
  current_subtask        = LIFT_OBJECT            x
  active_target_name     = target                 x
  action                 = [0.0000, 0.0000, 1.0000, -1.0000]  x
  joint_angles           = [-0.0001, -0.3429, 0.0002, -2.9146, 0.0000, 2.5599, 0.7854]  x
  joint_velocities       = [0.0001, -1.6008, -0.0001, 0.1843, 0.0064, -0.8916, 0.0008]  x
  cube_rotation          = [0.0149, 0.7517, 0.0180]  x
  cube_linear_velocity   = [0.2031, 0.0197, 0.5540]  x
  obstacle_positions     = {}                     x
[step=  21 11:57:37.914][SM] (sem transições neste tick)
[step=  21 11:57:37.914][SM] estado=S18   SAT=True

[step=  22 11:57:39.047][DejaVu] ep=1  subtask=LIFT_OBJECT  reward=-0.4326
[step=  22 11:57:39.047][Perception]
  CONTEXTO                                        PARÂMETROS SM
  ----------------------------------------------  --------------------------------------
  fingers_width         = 0.0360 m                gripper_width_cm      = 3 cm
  dist_ee_to_cube       = 0.0195 m                distance_ee_object_cm = 0 cm
  dist_cube_to_target   = 0.4326 m  (3D)          distance_obj_goal_cm  = 40 cm  (XY)
  cube_position (z)     = 0.1832 m                object_lift_height_cm = 16 cm
  cube_position (xy)    = [-0.251, 0.007]         grasp_completed       = 1
  finger_contacts (raw) = 2                       finger_contacts       = 2
  x                                               grasp_attempts        = 1
  x                                               task_started          = 1
  x                                               object_available      = 1
  x                                               task_aborted          = 0
  episode                = 1                      x
  step                   = 22                     x
  ee_position            = [-0.2624, 0.0000, 0.1970]  x
  ee_velocity            = [0.1489, 0.0004, 0.5499]  x
  target_position        = [0.1500, 0.0000, 0.0200]  x
  reward                 = -0.4326                x
  is_success             = False                  x
  obstacle_in_path       = False                  x
  obstacle_count_in_path = 0                      x
  obstacles              = {}                     x
  objects                = {'object_1': {'type': 'box', 'size': [0.04, 0.04, 0.04], 'mass': 4.0, 'color': [0.1, 0.2, 0.9, 1.0], 'initial_position': [-0.25, 0.0, 0.02], 'spinning_friction': 0.001, 'current_position': [-0.25051971544463436, 0.007127531886256362, 0.18322024799333148]}}  x
  scripts                = {'script_1': True, 'reach_only': True, 'left_right': True}  x
  target_goal            = {'type': 'goal_sequence', 'targets': [{'name': 'target', 'position': [0.15000000596046448, 0.0, 0.019999999552965164]}], 'mode': 'goal_sequence'}  x
  scene                  = {'table': {'length': 1.1, 'width': 0.7, 'height': 0.4, 'x_offset': -0.3, 'lateral_friction': 3.0, 'spinning_friction': 0.001}}  x
  robot_config           = {'control_type': 'ee', 'block_gripper': False, 'base_position': [-0.6, 0.0, 0.05]}  x
  current_task           = OBJECT_DELIVERY_SEQUENCE  x
  current_subtask        = LIFT_OBJECT            x
  active_target_name     = target                 x
  action                 = [0.0000, 0.0000, 1.0000, -1.0000]  x
  joint_angles           = [-0.0001, -0.4278, 0.0002, -2.8802, -0.0000, 2.4433, 0.7854]  x
  joint_velocities       = [0.0001, -1.5132, -0.0003, 0.2944, 0.0064, -0.8962, -0.0003]  x
  cube_rotation          = [-0.0070, 0.8192, 0.0001]  x
  cube_linear_velocity   = [0.1861, 0.0204, 0.5744]  x
  obstacle_positions     = {}                     x
[step=  22 11:57:39.047][SM] (sem transições neste tick)
[step=  22 11:57:39.047][SM] estado=S18   SAT=True

[step=  23 11:57:40.182][DejaVu] ep=1  subtask=TRANSPORT_OBJECT  reward=-0.4090
[step=  23 11:57:40.182][Perception]
  CONTEXTO                                        PARÂMETROS SM
  ----------------------------------------------  --------------------------------------
  fingers_width         = 0.0371 m                gripper_width_cm      = 3 cm
  dist_ee_to_cube       = 0.0206 m                distance_ee_object_cm = 0 cm
  dist_cube_to_target   = 0.4090 m  (3D)          distance_obj_goal_cm  = 37 cm  (XY)
  cube_position (z)     = 0.1929 m                object_lift_height_cm = 17 cm
  cube_position (xy)    = [-0.221, 0.008]         grasp_completed       = 1
  finger_contacts (raw) = 2                       finger_contacts       = 2
  x                                               grasp_attempts        = 1
  x                                               task_started          = 1
  x                                               object_available      = 1
  x                                               task_aborted          = 0
  episode                = 1                      x
  step                   = 23                     x
  ee_position            = [-0.2320, 0.0000, 0.2081]  x
  ee_velocity            = [0.8673, -0.0001, -0.0711]  x
  target_position        = [0.1500, 0.0000, 0.0200]  x
  reward                 = -0.4090                x
  is_success             = False                  x
  obstacle_in_path       = False                  x
  obstacle_count_in_path = 0                      x
  obstacles              = {}                     x
  objects                = {'object_1': {'type': 'box', 'size': [0.04, 0.04, 0.04], 'mass': 4.0, 'color': [0.1, 0.2, 0.9, 1.0], 'initial_position': [-0.25, 0.0, 0.02], 'spinning_friction': 0.001, 'current_position': [-0.22061720696842008, 0.00794472308774541, 0.19286384608988932]}}  x
  scripts                = {'script_1': True, 'reach_only': True, 'left_right': True}  x
  target_goal            = {'type': 'goal_sequence', 'targets': [{'name': 'target', 'position': [0.15000000596046448, 0.0, 0.019999999552965164]}], 'mode': 'goal_sequence'}  x
  scene                  = {'table': {'length': 1.1, 'width': 0.7, 'height': 0.4, 'x_offset': -0.3, 'lateral_friction': 3.0, 'spinning_friction': 0.001}}  x
  robot_config           = {'control_type': 'ee', 'block_gripper': False, 'base_position': [-0.6, 0.0, 0.05]}  x
  current_task           = OBJECT_DELIVERY_SEQUENCE  x
  current_subtask        = TRANSPORT_OBJECT       x
  active_target_name     = target                 x
  action                 = [1.0000, -0.0000, 0.0000, -1.0000]  x
  joint_angles           = [-0.0001, -0.3577, 0.0001, -2.7964, 0.0001, 2.4572, 0.7854]  x
  joint_velocities       = [-0.0000, 3.2531, -0.0007, 2.7814, 0.0006, 0.1074, 0.0010]  x
  cube_rotation          = [0.0166, 0.8905, 0.0147]  x
  cube_linear_velocity   = [0.9373, 0.0199, -0.0619]  x
  obstacle_positions     = {}                     x
[step=  23 11:57:40.182][SM] ação→ lift_object() (LIFT_OBJECT)  [nova neste tick]
[step=  23 11:57:40.182][SM] S18 ──[lift_object() (LIFT_OBJECT)]──► PHI_19   ✓
[step=  23 11:57:40.182][SM] PHI_19 ──[object_lift_height_cm >= 10 and finger_contacts >= 2]──► S20   ✓
[step=  23 11:57:40.182][SM] S20 ──[finger_contacts >= 2 and object_lift_height_cm >= 10]──► PHI_21   ✓
[step=  23 11:57:40.182][SM] PHI_21 ──[finger_contacts >= 2]──► S22   ✓
[step=  23 11:57:40.182][SM] estado=S22   SAT=True

[step=  24 11:57:41.354][DejaVu] ep=1  subtask=TRANSPORT_OBJECT  reward=-0.3748
[step=  24 11:57:41.354][Perception]
  CONTEXTO                                        PARÂMETROS SM
  ----------------------------------------------  --------------------------------------
  fingers_width         = 0.0372 m                gripper_width_cm      = 3 cm
  dist_ee_to_cube       = 0.0214 m                distance_ee_object_cm = 0 cm
  dist_cube_to_target   = 0.3748 m  (3D)          distance_obj_goal_cm  = 33 cm  (XY)
  cube_position (z)     = 0.1869 m                object_lift_height_cm = 16 cm
  cube_position (xy)    = [-0.186, 0.009]         grasp_completed       = 1
  finger_contacts (raw) = 2                       finger_contacts       = 2
  x                                               grasp_attempts        = 1
  x                                               task_started          = 1
  x                                               object_available      = 1
  x                                               task_aborted          = 0
  episode                = 1                      x
  step                   = 24                     x
  ee_position            = [-0.1978, -0.0000, 0.2022]  x
  ee_velocity            = [0.2650, -0.0004, -0.1570]  x
  target_position        = [0.1500, 0.0000, 0.0200]  x
  reward                 = -0.3748                x
  is_success             = False                  x
  obstacle_in_path       = False                  x
  obstacle_count_in_path = 0                      x
  obstacles              = {}                     x
  objects                = {'object_1': {'type': 'box', 'size': [0.04, 0.04, 0.04], 'mass': 4.0, 'color': [0.1, 0.2, 0.9, 1.0], 'initial_position': [-0.25, 0.0, 0.02], 'spinning_friction': 0.001, 'current_position': [-0.18550194639456827, 0.008743717142961143, 0.1869226035278129]}}  x
  scripts                = {'script_1': True, 'reach_only': True, 'left_right': True}  x
  target_goal            = {'type': 'goal_sequence', 'targets': [{'name': 'target', 'position': [0.15000000596046448, 0.0, 0.019999999552965164]}], 'mode': 'goal_sequence'}  x
  scene                  = {'table': {'length': 1.1, 'width': 0.7, 'height': 0.4, 'x_offset': -0.3, 'lateral_friction': 3.0, 'spinning_friction': 0.001}}  x
  robot_config           = {'control_type': 'ee', 'block_gripper': False, 'base_position': [-0.6, 0.0, 0.05]}  x
  current_task           = OBJECT_DELIVERY_SEQUENCE  x
  current_subtask        = TRANSPORT_OBJECT       x
  active_target_name     = target                 x
  action                 = [0.9996, -0.0000, -0.0290, -1.0000]  x
  joint_angles           = [-0.0001, -0.2236, 0.0001, -2.6773, 0.0000, 2.4387, 0.7854]  x
  joint_velocities       = [-0.0000, 1.3721, -0.0011, 1.0383, -0.0002, -0.1421, -0.0003]  x
  cube_rotation          = [-0.0023, 0.8087, -0.0080]  x
  cube_linear_velocity   = [0.4521, 0.0210, -0.1387]  x
  obstacle_positions     = {}                     x
[step=  24 11:57:41.354][SM] (sem transições neste tick)
[step=  24 11:57:41.354][SM] estado=S22   SAT=True

[step=  25 11:57:42.500][DejaVu] ep=1  subtask=TRANSPORT_OBJECT  reward=-0.3436
[step=  25 11:57:42.500][Perception]
  CONTEXTO                                        PARÂMETROS SM
  ----------------------------------------------  --------------------------------------
  fingers_width         = 0.0370 m                gripper_width_cm      = 3 cm
  dist_ee_to_cube       = 0.0220 m                distance_ee_object_cm = 0 cm
  dist_cube_to_target   = 0.3436 m  (3D)          distance_obj_goal_cm  = 30 cm  (XY)
  cube_position (z)     = 0.1757 m                object_lift_height_cm = 15 cm
  cube_position (xy)    = [-0.156, 0.010]         grasp_completed       = 1
  finger_contacts (raw) = 2                       finger_contacts       = 2
  x                                               grasp_attempts        = 1
  x                                               task_started          = 1
  x                                               object_available      = 1
  x                                               task_aborted          = 0
  episode                = 1                      x
  step                   = 25                     x
  ee_position            = [-0.1681, -0.0000, 0.1915]  x
  ee_velocity            = [0.4415, -0.0015, -0.2675]  x
  target_position        = [0.1500, 0.0000, 0.0200]  x
  reward                 = -0.3436                x
  is_success             = False                  x
  obstacle_in_path       = False                  x
  obstacle_count_in_path = 0                      x
  obstacles              = {}                     x
  objects                = {'object_1': {'type': 'box', 'size': [0.04, 0.04, 0.04], 'mass': 4.0, 'color': [0.1, 0.2, 0.9, 1.0], 'initial_position': [-0.25, 0.0, 0.02], 'spinning_friction': 0.001, 'current_position': [-0.156154033453531, 0.009580494841925156, 0.17568964090977263]}}  x
  scripts                = {'script_1': True, 'reach_only': True, 'left_right': True}  x
  target_goal            = {'type': 'goal_sequence', 'targets': [{'name': 'target', 'position': [0.15000000596046448, 0.0, 0.019999999552965164]}], 'mode': 'goal_sequence'}  x
  scene                  = {'table': {'length': 1.1, 'width': 0.7, 'height': 0.4, 'x_offset': -0.3, 'lateral_friction': 3.0, 'spinning_friction': 0.001}}  x
  robot_config           = {'control_type': 'ee', 'block_gripper': False, 'base_position': [-0.6, 0.0, 0.05]}  x
  current_task           = OBJECT_DELIVERY_SEQUENCE  x
  current_subtask        = TRANSPORT_OBJECT       x
  active_target_name     = target                 x
  action                 = [0.9999, 0.0000, -0.0149, -1.0000]  x
  joint_angles           = [-0.0001, -0.1058, -0.0000, -2.5796, 0.0000, 2.4436, 0.7854]  x
  joint_velocities       = [0.0000, 1.9934, -0.0034, 1.5408, -0.0003, 0.0372, -0.0012]  x
  cube_rotation          = [-0.0110, 0.8534, -0.0088]  x
  cube_linear_velocity   = [0.5621, 0.0210, -0.2504]  x
  obstacle_positions     = {}                     x
[step=  25 11:57:42.500][SM] (sem transições neste tick)
[step=  25 11:57:42.500][SM] estado=S22   SAT=True

[step=  26 11:57:43.622][DejaVu] ep=1  subtask=TRANSPORT_OBJECT  reward=-0.3102
[step=  26 11:57:43.622][Perception]
  CONTEXTO                                        PARÂMETROS SM
  ----------------------------------------------  --------------------------------------
  fingers_width         = 0.0370 m                gripper_width_cm      = 3 cm
  dist_ee_to_cube       = 0.0227 m                distance_ee_object_cm = 0 cm
  dist_cube_to_target   = 0.3102 m  (3D)          distance_obj_goal_cm  = 27 cm  (XY)
  cube_position (z)     = 0.1624 m                object_lift_height_cm = 14 cm
  cube_position (xy)    = [-0.125, 0.010]         grasp_completed       = 1
  finger_contacts (raw) = 2                       finger_contacts       = 2
  x                                               grasp_attempts        = 1
  x                                               task_started          = 1
  x                                               object_available      = 1
  x                                               task_aborted          = 0
  episode                = 1                      x
  step                   = 26                     x
  ee_position            = [-0.1373, -0.0001, 0.1787]  x
  ee_velocity            = [0.3647, -0.0011, -0.2731]  x
  target_position        = [0.1500, 0.0000, 0.0200]  x
  reward                 = -0.3102                x
  is_success             = False                  x
  obstacle_in_path       = False                  x
  obstacle_count_in_path = 0                      x
  obstacles              = {}                     x
  objects                = {'object_1': {'type': 'box', 'size': [0.04, 0.04, 0.04], 'mass': 4.0, 'color': [0.1, 0.2, 0.9, 1.0], 'initial_position': [-0.25, 0.0, 0.02], 'spinning_friction': 0.001, 'current_position': [-0.12542959056259814, 0.01039907006413136, 0.16241578794925998]}}  x
  scripts                = {'script_1': True, 'reach_only': True, 'left_right': True}  x
  target_goal            = {'type': 'goal_sequence', 'targets': [{'name': 'target', 'position': [0.15000000596046448, 0.0, 0.019999999552965164]}], 'mode': 'goal_sequence'}  x
  scene                  = {'table': {'length': 1.1, 'width': 0.7, 'height': 0.4, 'x_offset': -0.3, 'lateral_friction': 3.0, 'spinning_friction': 0.001}}  x
  robot_config           = {'control_type': 'ee', 'block_gripper': False, 'base_position': [-0.6, 0.0, 0.05]}  x
  current_task           = OBJECT_DELIVERY_SEQUENCE  x
  current_subtask        = TRANSPORT_OBJECT       x
  active_target_name     = target                 x
  action                 = [0.9999, 0.0001, 0.0172, -1.0000]  x
  joint_angles           = [-0.0001, 0.0068, -0.0001, -2.4828, 0.0000, 2.4530, 0.7853]  x
  joint_velocities       = [0.0001, 1.6539, -0.0023, 1.2867, -0.0000, 0.0723, -0.0003]  x
  cube_rotation          = [-0.0165, 0.8458, -0.0183]  x
  cube_linear_velocity   = [0.5127, 0.0205, -0.2636]  x
  obstacle_positions     = {}                     x
[step=  26 11:57:43.622][SM] (sem transições neste tick)
[step=  26 11:57:43.622][SM] estado=S22   SAT=True

[step=  27 11:57:44.841][DejaVu] ep=1  subtask=TRANSPORT_OBJECT  reward=-0.2780
[step=  27 11:57:44.841][Perception]
  CONTEXTO                                        PARÂMETROS SM
  ----------------------------------------------  --------------------------------------
  fingers_width         = 0.0368 m                gripper_width_cm      = 3 cm
  dist_ee_to_cube       = 0.0235 m                distance_ee_object_cm = 0 cm
  dist_cube_to_target   = 0.2780 m  (3D)          distance_obj_goal_cm  = 24 cm  (XY)
  cube_position (z)     = 0.1488 m                object_lift_height_cm = 12 cm
  cube_position (xy)    = [-0.096, 0.011]         grasp_completed       = 1
  finger_contacts (raw) = 2                       finger_contacts       = 2
  x                                               grasp_attempts        = 1
  x                                               task_started          = 1
  x                                               object_available      = 1
  x                                               task_aborted          = 0
  episode                = 1                      x
  step                   = 27                     x
  ee_position            = [-0.1078, -0.0002, 0.1656]  x
  ee_velocity            = [0.3873, -0.0023, -0.2705]  x
  target_position        = [0.1500, 0.0000, 0.0200]  x
  reward                 = -0.2780                x
  is_success             = False                  x
  obstacle_in_path       = False                  x
  obstacle_count_in_path = 0                      x
  obstacles              = {}                     x
  objects                = {'object_1': {'type': 'box', 'size': [0.04, 0.04, 0.04], 'mass': 4.0, 'color': [0.1, 0.2, 0.9, 1.0], 'initial_position': [-0.25, 0.0, 0.02], 'spinning_friction': 0.001, 'current_position': [-0.09613773858760764, 0.011240083207566648, 0.1487781113578209]}}  x
  scripts                = {'script_1': True, 'reach_only': True, 'left_right': True}  x
  target_goal            = {'type': 'goal_sequence', 'targets': [{'name': 'target', 'position': [0.15000000596046448, 0.0, 0.019999999552965164]}], 'mode': 'goal_sequence'}  x
  scene                  = {'table': {'length': 1.1, 'width': 0.7, 'height': 0.4, 'x_offset': -0.3, 'lateral_friction': 3.0, 'spinning_friction': 0.001}}  x
  robot_config           = {'control_type': 'ee', 'block_gripper': False, 'base_position': [-0.6, 0.0, 0.05]}  x
  current_task           = OBJECT_DELIVERY_SEQUENCE  x
  current_subtask        = TRANSPORT_OBJECT       x
  active_target_name     = target                 x
  action                 = [0.9980, 0.0004, 0.0635, -1.0000]  x
  joint_angles           = [-0.0001, 0.1107, -0.0003, -2.3869, 0.0000, 2.4578, 0.7853]  x
  joint_velocities       = [0.0002, 1.6014, -0.0044, 1.3723, 0.0007, 0.0333, -0.0015]  x
  cube_rotation          = [0.0207, 0.9050, 0.0097]  x
  cube_linear_velocity   = [0.4359, 0.0246, -0.2437]  x
  obstacle_positions     = {}                     x
[step=  27 11:57:44.841][SM] (sem transições neste tick)
[step=  27 11:57:44.841][SM] estado=S22   SAT=True

[step=  28 11:57:45.861][DejaVu] ep=1  subtask=TRANSPORT_OBJECT  reward=-0.2472
[step=  28 11:57:45.861][Perception]
  CONTEXTO                                        PARÂMETROS SM
  ----------------------------------------------  --------------------------------------
  fingers_width         = 0.0366 m                gripper_width_cm      = 3 cm
  dist_ee_to_cube       = 0.0245 m                distance_ee_object_cm = 0 cm
  dist_cube_to_target   = 0.2472 m  (3D)          distance_obj_goal_cm  = 21 cm  (XY)
  cube_position (z)     = 0.1342 m                object_lift_height_cm = 11 cm
  cube_position (xy)    = [-0.069, 0.012]         grasp_completed       = 1
  finger_contacts (raw) = 2                       finger_contacts       = 2
  x                                               grasp_attempts        = 1
  x                                               task_started          = 1
  x                                               object_available      = 1
  x                                               task_aborted          = 0
  episode                = 1                      x
  step                   = 28                     x
  ee_position            = [-0.0793, -0.0002, 0.1526]  x
  ee_velocity            = [0.3624, -0.0014, -0.2753]  x
  target_position        = [0.1500, 0.0000, 0.0200]  x
  reward                 = -0.2472                x
  is_success             = False                  x
  obstacle_in_path       = False                  x
  obstacle_count_in_path = 0                      x
  obstacles              = {}                     x
  objects                = {'object_1': {'type': 'box', 'size': [0.04, 0.04, 0.04], 'mass': 4.0, 'color': [0.1, 0.2, 0.9, 1.0], 'initial_position': [-0.25, 0.0, 0.02], 'spinning_friction': 0.001, 'current_position': [-0.068885005844457, 0.01211001338065549, 0.13419373817175134]}}  x
  scripts                = {'script_1': True, 'reach_only': True, 'left_right': True}  x
  target_goal            = {'type': 'goal_sequence', 'targets': [{'name': 'target', 'position': [0.15000000596046448, 0.0, 0.019999999552965164]}], 'mode': 'goal_sequence'}  x
  scene                  = {'table': {'length': 1.1, 'width': 0.7, 'height': 0.4, 'x_offset': -0.3, 'lateral_friction': 3.0, 'spinning_friction': 0.001}}  x
  robot_config           = {'control_type': 'ee', 'block_gripper': False, 'base_position': [-0.6, 0.0, 0.05]}  x
  current_task           = OBJECT_DELIVERY_SEQUENCE  x
  current_subtask        = TRANSPORT_OBJECT       x
  active_target_name     = target                 x
  action                 = [0.9927, 0.0006, 0.1207, -1.0000]  x
  joint_angles           = [-0.0000, 0.2080, -0.0004, -2.2896, 0.0001, 2.4552, 0.7851]  x
  joint_velocities       = [0.0003, 1.4951, -0.0026, 1.3476, 0.0006, -0.0218, -0.0004]  x
  cube_rotation          = [0.0207, 1.0050, 0.0211]  x
  cube_linear_velocity   = [0.3870, 0.0199, -0.2673]  x
  obstacle_positions     = {}                     x
[step=  28 11:57:45.861][SM] (sem transições neste tick)
[step=  28 11:57:45.861][SM] estado=S22   SAT=True

[step=  29 11:57:47.008][DejaVu] ep=1  subtask=TRANSPORT_OBJECT  reward=-0.2181
[step=  29 11:57:47.008][Perception]
  CONTEXTO                                        PARÂMETROS SM
  ----------------------------------------------  --------------------------------------
  fingers_width         = 0.0374 m                gripper_width_cm      = 3 cm
  dist_ee_to_cube       = 0.0253 m                distance_ee_object_cm = 0 cm
  dist_cube_to_target   = 0.2181 m  (3D)          distance_obj_goal_cm  = 19 cm  (XY)
  cube_position (z)     = 0.1200 m                object_lift_height_cm = 10 cm
  cube_position (xy)    = [-0.043, 0.013]         grasp_completed       = 1
  finger_contacts (raw) = 2                       finger_contacts       = 2
  x                                               grasp_attempts        = 1
  x                                               task_started          = 1
  x                                               object_available      = 1
  x                                               task_aborted          = 0
  episode                = 1                      x
  step                   = 29                     x
  ee_position            = [-0.0525, -0.0002, 0.1396]  x
  ee_velocity            = [0.3479, -0.0011, -0.2685]  x
  target_position        = [0.1500, 0.0000, 0.0200]  x
  reward                 = -0.2181                x
  is_success             = False                  x
  obstacle_in_path       = False                  x
  obstacle_count_in_path = 0                      x
  obstacles              = {}                     x
  objects                = {'object_1': {'type': 'box', 'size': [0.04, 0.04, 0.04], 'mass': 4.0, 'color': [0.1, 0.2, 0.9, 1.0], 'initial_position': [-0.25, 0.0, 0.02], 'spinning_friction': 0.001, 'current_position': [-0.04342188347536175, 0.012923602151235546, 0.12000770519413252]}}  x
  scripts                = {'script_1': True, 'reach_only': True, 'left_right': True}  x
  target_goal            = {'type': 'goal_sequence', 'targets': [{'name': 'target', 'position': [0.15000000596046448, 0.0, 0.019999999552965164]}], 'mode': 'goal_sequence'}  x
  scene                  = {'table': {'length': 1.1, 'width': 0.7, 'height': 0.4, 'x_offset': -0.3, 'lateral_friction': 3.0, 'spinning_friction': 0.001}}  x
  robot_config           = {'control_type': 'ee', 'block_gripper': False, 'base_position': [-0.6, 0.0, 0.05]}  x
  current_task           = OBJECT_DELIVERY_SEQUENCE  x
  current_subtask        = TRANSPORT_OBJECT       x
  active_target_name     = target                 x
  action                 = [0.9818, 0.0009, 0.1900, -1.0000]  x
  joint_angles           = [-0.0000, 0.2992, -0.0004, -2.1923, 0.0001, 2.4454, 0.7851]  x
  joint_velocities       = [0.0002, 1.4056, -0.0017, 1.3496, -0.0000, -0.0742, -0.0002]  x
  cube_rotation          = [0.0224, 1.0886, 0.0219]  x
  cube_linear_velocity   = [0.3797, 0.0200, -0.2613]  x
  obstacle_positions     = {}                     x
[step=  29 11:57:47.008][SM] (sem transições neste tick)
[step=  29 11:57:47.008][SM] estado=S22   SAT=True

[step=  30 11:57:48.088][DejaVu] ep=1  subtask=TRANSPORT_OBJECT  reward=-0.1913
[step=  30 11:57:48.088][Perception]
  CONTEXTO                                        PARÂMETROS SM
  ----------------------------------------------  --------------------------------------
  fingers_width         = 0.0375 m                gripper_width_cm      = 3 cm
  dist_ee_to_cube       = 0.0260 m                distance_ee_object_cm = 0 cm
  dist_cube_to_target   = 0.1913 m  (3D)          distance_obj_goal_cm  = 16 cm  (XY)
  cube_position (z)     = 0.1078 m                object_lift_height_cm = 8 cm
  cube_position (xy)    = [-0.019, 0.014]         grasp_completed       = 1
  finger_contacts (raw) = 2                       finger_contacts       = 2
  x                                               grasp_attempts        = 1
  x                                               task_started          = 1
  x                                               object_available      = 1
  x                                               task_aborted          = 0
  episode                = 1                      x
  step                   = 30                     x
  ee_position            = [-0.0273, -0.0002, 0.1283]  x
  ee_velocity            = [0.3346, -0.0008, -0.2204]  x
  target_position        = [0.1500, 0.0000, 0.0200]  x
  reward                 = -0.1913                x
  is_success             = False                  x
  obstacle_in_path       = False                  x
  obstacle_count_in_path = 0                      x
  obstacles              = {}                     x
  objects                = {'object_1': {'type': 'box', 'size': [0.04, 0.04, 0.04], 'mass': 4.0, 'color': [0.1, 0.2, 0.9, 1.0], 'initial_position': [-0.25, 0.0, 0.02], 'spinning_friction': 0.001, 'current_position': [-0.01935422337880829, 0.013732214654393018, 0.10782762853888334]}}  x
  scripts                = {'script_1': True, 'reach_only': True, 'left_right': True}  x
  target_goal            = {'type': 'goal_sequence', 'targets': [{'name': 'target', 'position': [0.15000000596046448, 0.0, 0.019999999552965164]}], 'mode': 'goal_sequence'}  x
  scene                  = {'table': {'length': 1.1, 'width': 0.7, 'height': 0.4, 'x_offset': -0.3, 'lateral_friction': 3.0, 'spinning_friction': 0.001}}  x
  robot_config           = {'control_type': 'ee', 'block_gripper': False, 'base_position': [-0.6, 0.0, 0.05]}  x
  current_task           = OBJECT_DELIVERY_SEQUENCE  x
  current_subtask        = TRANSPORT_OBJECT       x
  active_target_name     = target                 x
  action                 = [0.9621, 0.0011, 0.2727, -1.0000]  x
  joint_angles           = [0.0000, 0.3813, -0.0004, -2.0970, 0.0002, 2.4306, 0.7850]  x
  joint_velocities       = [0.0002, 1.2349, -0.0013, 1.3094, 0.0002, -0.1138, 0.0003]  x
  cube_rotation          = [0.0247, 1.1667, 0.0223]  x
  cube_linear_velocity   = [0.3755, 0.0194, -0.2117]  x
  obstacle_positions     = {}                     x
[step=  30 11:57:48.088][SM] (sem transições neste tick)
[step=  30 11:57:48.088][SM] estado=S22   SAT=True
