────────────────────────────────────────────
 Ep  1 | Step   1
────────────────────────────────────────────
  Task            : OBJECT_DELIVERY_SEQUENCE
  Action          : [-0.984, +0.000, -0.179, +1.000]
  EE posição      : [+0.009, +0.000, +0.191]
  EE velocidade   : [-0.416, +0.000, -0.050]
  Garra           : 0.070 m  (ABERTA)  contatos=0
  Cubo posição    : [-0.250, +0.000, +0.020]
  Target (target): [+0.150, +0.000, +0.020]
  Dist EE→Cubo    : 0.3106 m
  Dist Cubo→target: 0.4000 m
  Reward          : -0.4000
  Sucesso         : False
  Obstáculo caminho: nao  (count: 0)
  Objeto [object_1]: tipo=box  massa=1.0 kg  tamanho=[0.04, 0.04, 0.04]
  Target goal     : {'type': 'goal_sequence', 'targets': [{'name': 'target', 'position': [0.15000000596046448, 0.0, 0.019999999552965164]}], 'mode': 'goal_sequence'}
  Mesa            : 1.1x0.7x0.4 m  offset_x=-0.3
  Robô config     : control=ee  block_gripper=False  base=[-0.6, 0.0, 0.05]
  Scripts         : ['script_1', 'reach_only', 'left_right']
  Juntas ângulos  : [-0.00, +0.34, +0.00, -1.98, -0.00, +2.32, +0.79]
  Juntas veloc.   : [-0.00, -0.95, +0.01, -1.57, -0.00, +0.45, -0.03]
  Cubo rotação    : [+0.000, -0.000, -0.000]  (roll/pitch/yaw)
  Cubo vel.linear : [-0.000, +0.000, -0.000]
────────────────────────────────────────────
 Ep  1 | Step   2
────────────────────────────────────────────
  Task            : OBJECT_DELIVERY_SEQUENCE
  Action          : [-0.985, -0.000, -0.173, +1.000]
  EE posição      : [-0.022, +0.000, +0.184]
  EE velocidade   : [-0.369, +0.000, -0.076]
  Garra           : 0.079 m  (ABERTA)  contatos=0
  Cubo posição    : [-0.250, +0.000, +0.020]
  Target (target): [+0.150, +0.000, +0.020]
  Dist EE→Cubo    : 0.2806 m
  Dist Cubo→target: 0.4000 m
  Reward          : -0.4000
  Sucesso         : False
  Obstáculo caminho: nao  (count: 0)
  Objeto [object_1]: tipo=box  massa=1.0 kg  tamanho=[0.04, 0.04, 0.04]
  Target goal     : {'type': 'goal_sequence', 'targets': [{'name': 'target', 'position': [0.15000000596046448, 0.0, 0.019999999552965164]}], 'mode': 'goal_sequence'}
  Mesa            : 1.1x0.7x0.4 m  offset_x=-0.3
  Robô config     : control=ee  block_gripper=False  base=[-0.6, 0.0, 0.05]
  Scripts         : ['script_1', 'reach_only', 'left_right']
  Juntas ângulos  : [-0.00, +0.27, +0.00, -2.11, -0.00, +2.38, +0.79]
  Juntas veloc.   : [-0.00, -0.76, +0.00, -1.33, +0.00, +0.44, -0.00]
  Cubo rotação    : [+0.000, -0.000, -0.000]  (roll/pitch/yaw)
  Cubo vel.linear : [-0.000, +0.000, -0.000]
────────────────────────────────────────────
 Ep  1 | Step   3
────────────────────────────────────────────
  Task            : OBJECT_DELIVERY_SEQUENCE
  Action          : [-0.985, -0.000, -0.170, +1.000]
  EE posição      : [-0.056, +0.000, +0.177]
  EE velocidade   : [-0.389, +0.000, -0.065]
  Garra           : 0.080 m  (ABERTA)  contatos=0
  Cubo posição    : [-0.250, +0.000, +0.020]
  Target (target): [+0.150, +0.000, +0.020]
  Dist EE→Cubo    : 0.2501 m
  Dist Cubo→target: 0.4000 m
  Reward          : -0.4000
  Sucesso         : False
  Obstáculo caminho: nao  (count: 0)
  Objeto [object_1]: tipo=box  massa=1.0 kg  tamanho=[0.04, 0.04, 0.04]
  Target goal     : {'type': 'goal_sequence', 'targets': [{'name': 'target', 'position': [0.15000000596046448, 0.0, 0.019999999552965164]}], 'mode': 'goal_sequence'}
  Mesa            : 1.1x0.7x0.4 m  offset_x=-0.3
  Robô config     : control=ee  block_gripper=False  base=[-0.6, 0.0, 0.05]
  Scripts         : ['script_1', 'reach_only', 'left_right']
  Juntas ângulos  : [-0.00, +0.20, +0.00, -2.23, -0.00, +2.43, +0.79]
  Juntas veloc.   : [-0.00, -0.80, +0.00, -1.35, +0.00, +0.43, -0.00]
  Cubo rotação    : [+0.000, -0.000, -0.000]  (roll/pitch/yaw)
  Cubo vel.linear : [-0.000, +0.000, -0.000]
────────────────────────────────────────────
 Ep  1 | Step   4
────────────────────────────────────────────
  Task            : OBJECT_DELIVERY_SEQUENCE
  Action          : [-0.986, -0.000, -0.164, +1.000]
  EE posição      : [-0.090, +0.000, +0.171]
  EE velocidade   : [-0.401, +0.000, -0.070]
  Garra           : 0.080 m  (ABERTA)  contatos=0
  Cubo posição    : [-0.250, +0.000, +0.020]
  Target (target): [+0.150, +0.000, +0.020]
  Dist EE→Cubo    : 0.2199 m
  Dist Cubo→target: 0.4000 m
  Reward          : -0.4000
  Sucesso         : False
  Obstáculo caminho: nao  (count: 0)
  Objeto [object_1]: tipo=box  massa=1.0 kg  tamanho=[0.04, 0.04, 0.04]
  Target goal     : {'type': 'goal_sequence', 'targets': [{'name': 'target', 'position': [0.15000000596046448, 0.0, 0.019999999552965164]}], 'mode': 'goal_sequence'}
  Mesa            : 1.1x0.7x0.4 m  offset_x=-0.3
  Robô config     : control=ee  block_gripper=False  base=[-0.6, 0.0, 0.05]
  Scripts         : ['script_1', 'reach_only', 'left_right']
  Juntas ângulos  : [-0.00, +0.13, +0.00, -2.36, -0.00, +2.48, +0.79]
  Juntas veloc.   : [-0.00, -0.80, +0.00, -1.33, +0.00, +0.41, -0.00]
  Cubo rotação    : [+0.000, -0.000, -0.000]  (roll/pitch/yaw)
  Cubo vel.linear : [-0.000, +0.000, -0.000]
────────────────────────────────────────────
 Ep  1 | Step   5
────────────────────────────────────────────
  Task            : OBJECT_DELIVERY_SEQUENCE
  Action          : [-0.988, -0.000, -0.158, +1.000]
  EE posição      : [-0.125, +0.000, +0.163]
  EE velocidade   : [-0.381, +0.001, -0.049]
  Garra           : 0.080 m  (ABERTA)  contatos=0
  Cubo posição    : [-0.250, +0.000, +0.020]
  Target (target): [+0.150, +0.000, +0.020]
  Dist EE→Cubo    : 0.1900 m
  Dist Cubo→target: 0.4000 m
  Reward          : -0.4000
  Sucesso         : False
  Obstáculo caminho: nao  (count: 0)
  Objeto [object_1]: tipo=box  massa=1.0 kg  tamanho=[0.04, 0.04, 0.04]
  Target goal     : {'type': 'goal_sequence', 'targets': [{'name': 'target', 'position': [0.15000000596046448, 0.0, 0.019999999552965164]}], 'mode': 'goal_sequence'}
  Mesa            : 1.1x0.7x0.4 m  offset_x=-0.3
  Robô config     : control=ee  block_gripper=False  base=[-0.6, 0.0, 0.05]
  Scripts         : ['script_1', 'reach_only', 'left_right']
  Juntas ângulos  : [-0.00, +0.06, +0.00, -2.48, -0.00, +2.54, +0.79]
  Juntas veloc.   : [-0.00, -0.81, +0.00, -1.25, +0.00, +0.39, -0.00]
  Cubo rotação    : [+0.000, -0.000, -0.000]  (roll/pitch/yaw)
  Cubo vel.linear : [-0.000, +0.000, -0.000]
────────────────────────────────────────────
 Ep  1 | Step   6
────────────────────────────────────────────
  Task            : OBJECT_DELIVERY_SEQUENCE
  Action          : [-0.990, -0.001, -0.144, +1.000]
  EE posição      : [-0.161, +0.000, +0.156]
  EE velocidade   : [-0.408, +0.001, -0.067]
  Garra           : 0.080 m  (ABERTA)  contatos=0
  Cubo posição    : [-0.250, +0.000, +0.020]
  Target (target): [+0.150, +0.000, +0.020]
  Dist EE→Cubo    : 0.1629 m
  Dist Cubo→target: 0.4000 m
  Reward          : -0.4000
  Sucesso         : False
  Obstáculo caminho: nao  (count: 0)
  Objeto [object_1]: tipo=box  massa=1.0 kg  tamanho=[0.04, 0.04, 0.04]
  Target goal     : {'type': 'goal_sequence', 'targets': [{'name': 'target', 'position': [0.15000000596046448, 0.0, 0.019999999552965164]}], 'mode': 'goal_sequence'}
  Mesa            : 1.1x0.7x0.4 m  offset_x=-0.3
  Robô config     : control=ee  block_gripper=False  base=[-0.6, 0.0, 0.05]
  Scripts         : ['script_1', 'reach_only', 'left_right']
  Juntas ângulos  : [-0.00, -0.02, +0.00, -2.60, +0.00, +2.58, +0.79]
  Juntas veloc.   : [-0.00, -0.83, +0.00, -1.28, +0.00, +0.37, -0.00]
  Cubo rotação    : [+0.000, -0.000, -0.000]  (roll/pitch/yaw)
  Cubo vel.linear : [-0.000, +0.000, -0.000]
────────────────────────────────────────────
 Ep  1 | Step   7
────────────────────────────────────────────
  Task            : OBJECT_DELIVERY_SEQUENCE
  Action          : [-0.992, -0.001, -0.125, +1.000]
  EE posição      : [-0.197, +0.000, +0.149]
  EE velocidade   : [-0.431, +0.000, -0.082]
  Garra           : 0.080 m  (ABERTA)  contatos=0
  Cubo posição    : [-0.250, +0.000, +0.020]
  Target (target): [+0.150, +0.000, +0.020]
  Dist EE→Cubo    : 0.1396 m
  Dist Cubo→target: 0.4000 m
  Reward          : -0.4000
  Sucesso         : False
  Obstáculo caminho: nao  (count: 0)
  Objeto [object_1]: tipo=box  massa=1.0 kg  tamanho=[0.04, 0.04, 0.04]
  Target goal     : {'type': 'goal_sequence', 'targets': [{'name': 'target', 'position': [0.15000000596046448, 0.0, 0.019999999552965164]}], 'mode': 'goal_sequence'}
  Mesa            : 1.1x0.7x0.4 m  offset_x=-0.3
  Robô config     : control=ee  block_gripper=False  base=[-0.6, 0.0, 0.05]
  Scripts         : ['script_1', 'reach_only', 'left_right']
  Juntas ângulos  : [-0.00, -0.09, +0.00, -2.72, +0.00, +2.63, +0.79]
  Juntas veloc.   : [-0.00, -0.85, +0.00, -1.30, +0.00, +0.34, -0.00]
  Cubo rotação    : [+0.000, -0.000, -0.000]  (roll/pitch/yaw)
  Cubo vel.linear : [-0.000, +0.000, -0.000]
────────────────────────────────────────────
 Ep  1 | Step   8
────────────────────────────────────────────
  Task            : OBJECT_DELIVERY_SEQUENCE
  Action          : [-0.997, -0.001, -0.079, +1.000]
  EE posição      : [-0.234, +0.000, +0.143]
  EE velocidade   : [-0.430, -0.000, -0.072]
  Garra           : 0.080 m  (ABERTA)  contatos=0
  Cubo posição    : [-0.250, +0.000, +0.020]
  Target (target): [+0.150, +0.000, +0.020]
  Dist EE→Cubo    : 0.1238 m
  Dist Cubo→target: 0.4000 m
  Reward          : -0.4000
  Sucesso         : False
  Obstáculo caminho: nao  (count: 0)
  Objeto [object_1]: tipo=box  massa=1.0 kg  tamanho=[0.04, 0.04, 0.04]
  Target goal     : {'type': 'goal_sequence', 'targets': [{'name': 'target', 'position': [0.15000000596046448, 0.0, 0.019999999552965164]}], 'mode': 'goal_sequence'}
  Mesa            : 1.1x0.7x0.4 m  offset_x=-0.3
  Robô config     : control=ee  block_gripper=False  base=[-0.6, 0.0, 0.05]
  Scripts         : ['script_1', 'reach_only', 'left_right']
  Juntas ângulos  : [-0.00, -0.17, +0.00, -2.83, +0.00, +2.66, +0.79]
  Juntas veloc.   : [+0.00, -0.93, +0.00, -1.29, +0.00, +0.28, -0.00]
  Cubo rotação    : [+0.000, -0.000, -0.000]  (roll/pitch/yaw)
  Cubo vel.linear : [-0.000, +0.000, -0.000]
────────────────────────────────────────────
 Ep  1 | Step   9
────────────────────────────────────────────
  Task            : OBJECT_DELIVERY_SEQUENCE
  Action          : [-0.991, -0.001, +0.136, +1.000]
  EE posição      : [-0.271, -0.000, +0.139]
  EE velocidade   : [-0.374, -0.000, +0.026]
  Garra           : 0.080 m  (ABERTA)  contatos=0
  Cubo posição    : [-0.250, +0.000, +0.020]
  Target (target): [+0.150, +0.000, +0.020]
  Dist EE→Cubo    : 0.1214 m
  Dist Cubo→target: 0.4000 m
  Reward          : -0.4000
  Sucesso         : False
  Obstáculo caminho: nao  (count: 0)
  Objeto [object_1]: tipo=box  massa=1.0 kg  tamanho=[0.04, 0.04, 0.04]
  Target goal     : {'type': 'goal_sequence', 'targets': [{'name': 'target', 'position': [0.15000000596046448, 0.0, 0.019999999552965164]}], 'mode': 'goal_sequence'}
  Mesa            : 1.1x0.7x0.4 m  offset_x=-0.3
  Robô config     : control=ee  block_gripper=False  base=[-0.6, 0.0, 0.05]
  Scripts         : ['script_1', 'reach_only', 'left_right']
  Juntas ângulos  : [-0.00, -0.26, +0.00, -2.95, +0.00, +2.67, +0.79]
  Juntas veloc.   : [+0.00, -1.30, -0.00, -1.23, +0.00, +0.06, -0.00]
  Cubo rotação    : [+0.000, -0.000, -0.000]  (roll/pitch/yaw)
  Cubo vel.linear : [-0.000, +0.000, -0.000]
────────────────────────────────────────────
 Ep  1 | Step  10
────────────────────────────────────────────
  Task            : OBJECT_DELIVERY_SEQUENCE
  Action          : [+0.221, +0.000, -0.975, +1.000]
  EE posição      : [-0.259, -0.000, +0.128]
  EE velocidade   : [-0.410, +0.000, -1.063]
  Garra           : 0.080 m  (ABERTA)  contatos=0
  Cubo posição    : [-0.250, +0.000, +0.020]
  Target (target): [+0.150, +0.000, +0.020]
  Dist EE→Cubo    : 0.1080 m
  Dist Cubo→target: 0.4000 m
  Reward          : -0.4000
  Sucesso         : False
  Obstáculo caminho: nao  (count: 0)
  Objeto [object_1]: tipo=box  massa=1.0 kg  tamanho=[0.04, 0.04, 0.04]
  Target goal     : {'type': 'goal_sequence', 'targets': [{'name': 'target', 'position': [0.15000000596046448, 0.0, 0.019999999552965164]}], 'mode': 'goal_sequence'}
  Mesa            : 1.1x0.7x0.4 m  offset_x=-0.3
  Robô config     : control=ee  block_gripper=False  base=[-0.6, 0.0, 0.05]
  Scripts         : ['script_1', 'reach_only', 'left_right']
  Juntas ângulos  : [-0.00, -0.18, +0.00, -2.94, +0.00, +2.79, +0.79]
  Juntas veloc.   : [-0.00, +3.63, +0.00, +0.27, -0.00, +0.94, +0.00]
  Cubo rotação    : [+0.000, -0.000, -0.000]  (roll/pitch/yaw)
  Cubo vel.linear : [-0.000, +0.000, -0.000]
────────────────────────────────────────────
 Ep  1 | Step  11
────────────────────────────────────────────
  Task            : OBJECT_DELIVERY_SEQUENCE
  Action          : [+0.109, +0.000, -0.994, +1.000]
  EE posição      : [-0.265, -0.000, +0.088]
  EE velocidade   : [-0.271, +0.000, -0.620]
  Garra           : 0.080 m  (ABERTA)  contatos=0
  Cubo posição    : [-0.250, +0.000, +0.020]
  Target (target): [+0.150, +0.000, +0.020]
  Dist EE→Cubo    : 0.0700 m
  Dist Cubo→target: 0.4000 m
  Reward          : -0.4000
  Sucesso         : False
  Obstáculo caminho: nao  (count: 0)
  Objeto [object_1]: tipo=box  massa=1.0 kg  tamanho=[0.04, 0.04, 0.04]
  Target goal     : {'type': 'goal_sequence', 'targets': [{'name': 'target', 'position': [0.15000000596046448, 0.0, 0.019999999552965164]}], 'mode': 'goal_sequence'}
  Mesa            : 1.1x0.7x0.4 m  offset_x=-0.3
  Robô config     : control=ee  block_gripper=False  base=[-0.6, 0.0, 0.05]
  Scripts         : ['script_1', 'reach_only', 'left_right']
  Juntas ângulos  : [-0.00, -0.03, +0.00, -2.91, +0.00, +2.86, +0.79]
  Juntas veloc.   : [-0.00, +2.19, +0.00, +0.28, -0.00, +0.51, +0.00]
  Cubo rotação    : [+0.000, -0.000, -0.000]  (roll/pitch/yaw)
  Cubo vel.linear : [+0.000, +0.000, +0.000]
────────────────────────────────────────────
 Ep  1 | Step  12
────────────────────────────────────────────
  Task            : OBJECT_DELIVERY_SEQUENCE
  Action          : [+0.322, +0.000, -0.947, +1.000]
  EE posição      : [-0.257, -0.000, +0.059]
  EE velocidade   : [-0.178, +0.000, -0.588]
  Garra           : 0.080 m  (ABERTA)  contatos=0
  Cubo posição    : [-0.250, +0.000, +0.020]
  Target (target): [+0.150, +0.000, +0.020]
  Dist EE→Cubo    : 0.0391 m
  Dist Cubo→target: 0.4000 m
  Reward          : -0.4000
  Sucesso         : False
  Obstáculo caminho: nao  (count: 0)
  Objeto [object_1]: tipo=box  massa=1.0 kg  tamanho=[0.04, 0.04, 0.04]
  Target goal     : {'type': 'goal_sequence', 'targets': [{'name': 'target', 'position': [0.15000000596046448, 0.0, 0.019999999552965164]}], 'mode': 'goal_sequence'}
  Mesa            : 1.1x0.7x0.4 m  offset_x=-0.3
  Robô config     : control=ee  block_gripper=False  base=[-0.6, 0.0, 0.05]
  Scripts         : ['script_1', 'reach_only', 'left_right']
  Juntas ângulos  : [-0.00, +0.11, +0.00, -2.87, -0.00, +2.97, +0.79]
  Juntas veloc.   : [+0.00, +2.20, -0.00, +0.42, -0.00, +0.87, +0.00]
  Cubo rotação    : [+0.000, -0.000, -0.000]  (roll/pitch/yaw)
  Cubo vel.linear : [+0.000, -0.000, +0.000]
────────────────────────────────────────────
 Ep  1 | Step  13
────────────────────────────────────────────
  Task            : OBJECT_DELIVERY_SEQUENCE
  Action          : [+0.444, +0.001, -0.896, +1.000]
  EE posição      : [-0.245, +0.000, +0.027]
  EE velocidade   : [-0.104, +0.000, -0.615]
  Garra           : 0.080 m  (ABERTA)  contatos=0
  Cubo posição    : [-0.250, +0.000, +0.020]
  Target (target): [+0.150, +0.000, +0.020]
  Dist EE→Cubo    : 0.0092 m
  Dist Cubo→target: 0.4000 m
  Reward          : -0.4000
  Sucesso         : False
  Obstáculo caminho: nao  (count: 0)
  Objeto [object_1]: tipo=box  massa=1.0 kg  tamanho=[0.04, 0.04, 0.04]
  Target goal     : {'type': 'goal_sequence', 'targets': [{'name': 'target', 'position': [0.15000000596046448, 0.0, 0.019999999552965164]}], 'mode': 'goal_sequence'}
  Mesa            : 1.1x0.7x0.4 m  offset_x=-0.3
  Robô config     : control=ee  block_gripper=False  base=[-0.6, 0.0, 0.05]
  Scripts         : ['script_1', 'reach_only', 'left_right']
  Juntas ângulos  : [-0.00, +0.26, +0.00, -2.81, -0.00, +3.05, +0.79]
  Juntas veloc.   : [+0.00, +2.32, -0.00, +0.80, -0.00, +0.62, +0.00]
  Cubo rotação    : [-0.000, -0.000, -0.000]  (roll/pitch/yaw)
  Cubo vel.linear : [+0.000, -0.000, +0.000]
────────────────────────────────────────────
 Ep  1 | Step  14
────────────────────────────────────────────
  Task            : OBJECT_DELIVERY_SEQUENCE
  Action          : [+0.000, +0.000, +0.000, -1.000]
  EE posição      : [-0.251, +0.000, +0.021]
  EE velocidade   : [+0.224, -0.000, +0.269]
  Garra           : 0.038 m  (AGARRADA)  contatos=2
  Cubo posição    : [-0.249, +0.000, +0.022]
  Target (target): [+0.150, +0.000, +0.020]
  Dist EE→Cubo    : 0.0020 m
  Dist Cubo→target: 0.3993 m
  Reward          : -0.3993
  Sucesso         : False
  Obstáculo caminho: nao  (count: 0)
  Objeto [object_1]: tipo=box  massa=1.0 kg  tamanho=[0.04, 0.04, 0.04]
  Target goal     : {'type': 'goal_sequence', 'targets': [{'name': 'target', 'position': [0.15000000596046448, 0.0, 0.019999999552965164]}], 'mode': 'goal_sequence'}
  Mesa            : 1.1x0.7x0.4 m  offset_x=-0.3
  Robô config     : control=ee  block_gripper=False  base=[-0.6, 0.0, 0.05]
  Scripts         : ['script_1', 'reach_only', 'left_right']
  Juntas ângulos  : [-0.00, +0.28, +0.00, -2.82, -0.00, +3.07, +0.79]
  Juntas veloc.   : [+0.00, -0.78, -0.00, -0.09, -0.00, +0.14, -0.00]
  Cubo rotação    : [-0.004, -0.011, +0.002]  (roll/pitch/yaw)
  Cubo vel.linear : [+0.218, +0.011, +0.267]
────────────────────────────────────────────
 Ep  1 | Step  15
────────────────────────────────────────────
  Task            : OBJECT_DELIVERY_SEQUENCE
  Action          : [+0.000, +0.000, +0.000, -1.000]
  EE posição      : [-0.250, +0.000, +0.022]
  EE velocidade   : [-0.010, -0.000, -0.006]
  Garra           : 0.039 m  (AGARRADA)  contatos=2
  Cubo posição    : [-0.249, +0.001, +0.023]
  Target (target): [+0.150, +0.000, +0.020]
  Dist EE→Cubo    : 0.0014 m
  Dist Cubo→target: 0.3990 m
  Reward          : -0.3990
  Sucesso         : False
  Obstáculo caminho: nao  (count: 0)
  Objeto [object_1]: tipo=box  massa=1.0 kg  tamanho=[0.04, 0.04, 0.04]
  Target goal     : {'type': 'goal_sequence', 'targets': [{'name': 'target', 'position': [0.15000000596046448, 0.0, 0.019999999552965164]}], 'mode': 'goal_sequence'}
  Mesa            : 1.1x0.7x0.4 m  offset_x=-0.3
  Robô config     : control=ee  block_gripper=False  base=[-0.6, 0.0, 0.05]
  Scripts         : ['script_1', 'reach_only', 'left_right']
  Juntas ângulos  : [-0.00, +0.28, +0.00, -2.83, -0.00, +3.10, +0.79]
  Juntas veloc.   : [+0.00, +0.03, -0.00, -0.08, -0.00, +0.22, +0.00]
  Cubo rotação    : [-0.001, -0.029, -0.000]  (roll/pitch/yaw)
  Cubo vel.linear : [-0.010, +0.012, -0.006]
────────────────────────────────────────────
 Ep  1 | Step  16
────────────────────────────────────────────
  Task            : OBJECT_DELIVERY_SEQUENCE
  Action          : [+0.000, +0.000, +1.000, -1.000]
  EE posição      : [-0.264, +0.000, +0.033]
  EE velocidade   : [+0.424, +0.000, +0.750]
  Garra           : 0.028 m  (AGARRADA)  contatos=2
  Cubo posição    : [-0.264, +0.001, +0.028]
  Target (target): [+0.150, +0.000, +0.020]
  Dist EE→Cubo    : 0.0055 m
  Dist Cubo→target: 0.4143 m
  Reward          : -0.4143
  Sucesso         : False
  Obstáculo caminho: nao  (count: 0)
  Objeto [object_1]: tipo=box  massa=1.0 kg  tamanho=[0.04, 0.04, 0.04]
  Target goal     : {'type': 'goal_sequence', 'targets': [{'name': 'target', 'position': [0.15000000596046448, 0.0, 0.019999999552965164]}], 'mode': 'goal_sequence'}
  Mesa            : 1.1x0.7x0.4 m  offset_x=-0.3
  Robô config     : control=ee  block_gripper=False  base=[-0.6, 0.0, 0.05]
  Scripts         : ['script_1', 'reach_only', 'left_right']
  Juntas ângulos  : [-0.00, +0.20, +0.00, -2.85, -0.00, +3.00, +0.79]
  Juntas veloc.   : [-0.00, -2.58, +0.00, -0.30, +0.00, -0.78, +0.00]
  Cubo rotação    : [+0.016, +0.069, -0.021]  (roll/pitch/yaw)
  Cubo vel.linear : [-0.016, +0.022, +0.529]
────────────────────────────────────────────
 Ep  1 | Step  17
────────────────────────────────────────────
  Task            : OBJECT_DELIVERY_SEQUENCE
  Action          : [+0.000, +0.000, +1.000, -1.000]
  EE posição      : [-0.261, +0.000, +0.065]
  EE velocidade   : [+0.089, -0.000, +0.384]
  Garra           : 0.030 m  (AGARRADA)  contatos=2
  Cubo posição    : [-0.262, +0.001, +0.056]
  Target (target): [+0.150, +0.000, +0.020]
  Dist EE→Cubo    : 0.0094 m
  Dist Cubo→target: 0.4140 m
  Reward          : -0.4140
  Sucesso         : False
  Obstáculo caminho: nao  (count: 0)
  Objeto [object_1]: tipo=box  massa=1.0 kg  tamanho=[0.04, 0.04, 0.04]
  Target goal     : {'type': 'goal_sequence', 'targets': [{'name': 'target', 'position': [0.15000000596046448, 0.0, 0.019999999552965164]}], 'mode': 'goal_sequence'}
  Mesa            : 1.1x0.7x0.4 m  offset_x=-0.3
  Robô config     : control=ee  block_gripper=False  base=[-0.6, 0.0, 0.05]
  Scripts         : ['script_1', 'reach_only', 'left_right']
  Juntas ângulos  : [-0.00, +0.07, +0.00, -2.90, -0.00, +2.96, +0.79]
  Juntas veloc.   : [-0.00, -1.51, -0.00, -0.43, +0.00, -0.32, +0.00]
  Cubo rotação    : [+0.007, +0.040, -0.002]  (roll/pitch/yaw)
  Cubo vel.linear : [+0.116, +0.010, +0.402]
────────────────────────────────────────────
 Ep  1 | Step  18
────────────────────────────────────────────
  Task            : OBJECT_DELIVERY_SEQUENCE
  Action          : [+0.000, +0.000, +1.000, -1.000]
  EE posição      : [-0.261, +0.000, +0.091]
  EE velocidade   : [+0.228, -0.001, +0.535]
  Garra           : 0.027 m  (AGARRADA)  contatos=2
  Cubo posição    : [-0.262, +0.002, +0.079]
  Target (target): [+0.150, +0.000, +0.020]
  Dist EE→Cubo    : 0.0118 m
  Dist Cubo→target: 0.4165 m
  Reward          : -0.4165
  Sucesso         : False
  Obstáculo caminho: nao  (count: 0)
  Objeto [object_1]: tipo=box  massa=1.0 kg  tamanho=[0.04, 0.04, 0.04]
  Target goal     : {'type': 'goal_sequence', 'targets': [{'name': 'target', 'position': [0.15000000596046448, 0.0, 0.019999999552965164]}], 'mode': 'goal_sequence'}
  Mesa            : 1.1x0.7x0.4 m  offset_x=-0.3
  Robô config     : control=ee  block_gripper=False  base=[-0.6, 0.0, 0.05]
  Scripts         : ['script_1', 'reach_only', 'left_right']
  Juntas ângulos  : [-0.00, -0.04, +0.00, -2.90, -0.00, +2.85, +0.79]
  Juntas veloc.   : [+0.00, -1.85, -0.00, -0.08, +0.00, -0.81, -0.00]
  Cubo rotação    : [+0.031, +0.019, -0.011]  (roll/pitch/yaw)
  Cubo vel.linear : [+0.286, +0.008, +0.607]
────────────────────────────────────────────
 Ep  1 | Step  19
────────────────────────────────────────────
  Task            : OBJECT_DELIVERY_SEQUENCE
  Action          : [+0.000, +0.000, +1.000, -1.000]
  EE posição      : [-0.258, +0.000, +0.120]
  EE velocidade   : [+0.154, +0.000, +0.456]
  Garra           : 0.030 m  (AGARRADA)  contatos=2
  Cubo posição    : [-0.257, +0.002, +0.107]
  Target (target): [+0.150, +0.000, +0.020]
  Dist EE→Cubo    : 0.0135 m
  Dist Cubo→target: 0.4164 m
  Reward          : -0.4164
  Sucesso         : False
  Obstáculo caminho: nao  (count: 0)
  Objeto [object_1]: tipo=box  massa=1.0 kg  tamanho=[0.04, 0.04, 0.04]
  Target goal     : {'type': 'goal_sequence', 'targets': [{'name': 'target', 'position': [0.15000000596046448, 0.0, 0.019999999552965164]}], 'mode': 'goal_sequence'}
  Mesa            : 1.1x0.7x0.4 m  offset_x=-0.3
  Robô config     : control=ee  block_gripper=False  base=[-0.6, 0.0, 0.05]
  Scripts         : ['script_1', 'reach_only', 'left_right']
  Juntas ângulos  : [-0.00, -0.15, +0.00, -2.90, +0.00, +2.75, +0.79]
  Juntas veloc.   : [+0.00, -1.54, -0.00, -0.00, +0.00, -0.81, -0.00]
  Cubo rotação    : [+0.022, -0.076, -0.001]  (roll/pitch/yaw)
  Cubo vel.linear : [+0.176, +0.008, +0.464]
────────────────────────────────────────────
 Ep  1 | Step  20
────────────────────────────────────────────
  Task            : OBJECT_DELIVERY_SEQUENCE
  Action          : [+0.000, +0.000, +1.000, -1.000]
  EE posição      : [-0.255, +0.000, +0.149]
  EE velocidade   : [+0.162, +0.000, +0.511]
  Garra           : 0.033 m  (AGARRADA)  contatos=2
  Cubo posição    : [-0.253, +0.003, +0.134]
  Target (target): [+0.150, +0.000, +0.020]
  Dist EE→Cubo    : 0.0156 m
  Dist Cubo→target: 0.4186 m
  Reward          : -0.4186
  Sucesso         : False
  Obstáculo caminho: nao  (count: 0)
  Objeto [object_1]: tipo=box  massa=1.0 kg  tamanho=[0.04, 0.04, 0.04]
  Target goal     : {'type': 'goal_sequence', 'targets': [{'name': 'target', 'position': [0.15000000596046448, 0.0, 0.019999999552965164]}], 'mode': 'goal_sequence'}
  Mesa            : 1.1x0.7x0.4 m  offset_x=-0.3
  Robô config     : control=ee  block_gripper=False  base=[-0.6, 0.0, 0.05]
  Scripts         : ['script_1', 'reach_only', 'left_right']
  Juntas ângulos  : [-0.00, -0.25, +0.00, -2.89, +0.00, +2.63, +0.79]
  Juntas veloc.   : [+0.00, -1.58, +0.00, +0.13, +0.00, -0.90, +0.00]
  Cubo rotação    : [+0.011, -0.134, -0.000]  (roll/pitch/yaw)
  Cubo vel.linear : [+0.206, +0.021, +0.525]
────────────────────────────────────────────
 Ep  1 | Step  21
────────────────────────────────────────────
  Task            : OBJECT_DELIVERY_SEQUENCE
  Action          : [+0.000, +0.000, +1.000, -1.000]
  EE posição      : [-0.251, +0.000, +0.181]
  EE velocidade   : [+0.136, +0.000, +0.518]
  Garra           : 0.036 m  (AGARRADA)  contatos=2
  Cubo posição    : [-0.247, +0.003, +0.164]
  Target (target): [+0.150, +0.000, +0.020]
  Dist EE→Cubo    : 0.0174 m
  Dist Cubo→target: 0.4225 m
  Reward          : -0.4225
  Sucesso         : False
  Obstáculo caminho: nao  (count: 0)
  Objeto [object_1]: tipo=box  massa=1.0 kg  tamanho=[0.04, 0.04, 0.04]
  Target goal     : {'type': 'goal_sequence', 'targets': [{'name': 'target', 'position': [0.15000000596046448, 0.0, 0.019999999552965164]}], 'mode': 'goal_sequence'}
  Mesa            : 1.1x0.7x0.4 m  offset_x=-0.3
  Robô config     : control=ee  block_gripper=False  base=[-0.6, 0.0, 0.05]
  Scripts         : ['script_1', 'reach_only', 'left_right']
  Juntas ângulos  : [-0.00, -0.34, +0.00, -2.86, +0.00, +2.51, +0.79]
  Juntas veloc.   : [+0.00, -1.47, -0.00, +0.22, +0.00, -0.90, -0.00]
  Cubo rotação    : [+0.022, -0.157, -0.005]  (roll/pitch/yaw)
  Cubo vel.linear : [+0.153, +0.009, +0.524]
────────────────────────────────────────────
 Ep  1 | Step  22
────────────────────────────────────────────
  Task            : OBJECT_DELIVERY_SEQUENCE
  Action          : [+0.000, +0.000, -1.000, -1.000]
  EE posição      : [-0.242, +0.000, +0.176]
  EE velocidade   : [-0.309, -0.000, -0.862]
  Garra           : 0.036 m  (AGARRADA)  contatos=2
  Cubo posição    : [-0.242, +0.004, +0.157]
  Target (target): [+0.150, +0.000, +0.020]
  Dist EE→Cubo    : 0.0189 m
  Dist Cubo→target: 0.4153 m
  Reward          : -0.4153
  Sucesso         : False
  Obstáculo caminho: nao  (count: 0)
  Objeto [object_1]: tipo=box  massa=1.0 kg  tamanho=[0.04, 0.04, 0.04]
  Target goal     : {'type': 'goal_sequence', 'targets': [{'name': 'target', 'position': [0.15000000596046448, 0.0, 0.019999999552965164]}], 'mode': 'goal_sequence'}
  Mesa            : 1.1x0.7x0.4 m  offset_x=-0.3
  Robô config     : control=ee  block_gripper=False  base=[-0.6, 0.0, 0.05]
  Scripts         : ['script_1', 'reach_only', 'left_right']
  Juntas ângulos  : [-0.00, -0.32, +0.00, -2.90, +0.00, +2.65, +0.79]
  Juntas veloc.   : [+0.00, +2.39, -0.00, -0.30, -0.01, +1.04, +0.00]
  Cubo rotação    : [-0.004, -0.135, +0.001]  (roll/pitch/yaw)
  Cubo vel.linear : [-0.334, +0.013, -0.848]
────────────────────────────────────────────
 Ep  1 | Step  23
────────────────────────────────────────────
  Task            : OBJECT_DELIVERY_SEQUENCE
  Action          : [+1.000, -0.000, +0.000, -1.000]
  EE posição      : [-0.241, +0.000, +0.145]
  EE velocidade   : [+0.801, +0.000, -0.289]
  Garra           : 0.033 m  (AGARRADA)  contatos=2
  Cubo posição    : [-0.245, +0.004, +0.126]
  Target (target): [+0.150, +0.000, +0.020]
  Dist EE→Cubo    : 0.0203 m
  Dist Cubo→target: 0.4088 m
  Reward          : -0.4088
  Sucesso         : False
  Obstáculo caminho: nao  (count: 0)
  Objeto [object_1]: tipo=box  massa=1.0 kg  tamanho=[0.04, 0.04, 0.04]
  Target goal     : {'type': 'goal_sequence', 'targets': [{'name': 'target', 'position': [0.15000000596046448, 0.0, 0.019999999552965164]}], 'mode': 'goal_sequence'}
  Mesa            : 1.1x0.7x0.4 m  offset_x=-0.3
  Robô config     : control=ee  block_gripper=False  base=[-0.6, 0.0, 0.05]
  Scripts         : ['script_1', 'reach_only', 'left_right']
  Juntas ângulos  : [-0.00, -0.16, +0.00, -2.79, -0.00, +2.55, +0.79]
  Juntas veloc.   : [-0.00, +3.58, -0.00, +3.19, +0.01, -0.74, -0.00]
  Cubo rotação    : [+0.023, +0.013, -0.028]  (roll/pitch/yaw)
  Cubo vel.linear : [+0.593, +0.024, -0.371]
────────────────────────────────────────────
 Ep  1 | Step  24
────────────────────────────────────────────
  Task            : OBJECT_DELIVERY_SEQUENCE
  Action          : [+0.997, -0.000, +0.078, -1.000]
  EE posição      : [-0.205, -0.000, +0.145]
  EE velocidade   : [+0.410, -0.000, +0.237]
  Garra           : 0.032 m  (AGARRADA)  contatos=2
  Cubo posição    : [-0.211, +0.005, +0.122]
  Target (target): [+0.150, +0.000, +0.020]
  Dist EE→Cubo    : 0.0238 m
  Dist Cubo→target: 0.3753 m
  Reward          : -0.3753
  Sucesso         : False
  Obstáculo caminho: nao  (count: 0)
  Objeto [object_1]: tipo=box  massa=1.0 kg  tamanho=[0.04, 0.04, 0.04]
  Target goal     : {'type': 'goal_sequence', 'targets': [{'name': 'target', 'position': [0.15000000596046448, 0.0, 0.019999999552965164]}], 'mode': 'goal_sequence'}
  Mesa            : 1.1x0.7x0.4 m  offset_x=-0.3
  Robô config     : control=ee  block_gripper=False  base=[-0.6, 0.0, 0.05]
  Scripts         : ['script_1', 'reach_only', 'left_right']
  Juntas ângulos  : [-0.00, -0.09, +0.00, -2.72, +0.00, +2.61, +0.79]
  Juntas veloc.   : [+0.00, +0.04, -0.00, +0.64, +0.00, +0.42, -0.00]
  Cubo rotação    : [+0.010, -0.101, +0.007]  (roll/pitch/yaw)
  Cubo vel.linear : [+0.511, +0.004, +0.158]
────────────────────────────────────────────
 Ep  1 | Step  25
────────────────────────────────────────────
  Task            : OBJECT_DELIVERY_SEQUENCE
  Action          : [+0.996, +0.000, +0.087, -1.000]
  EE posição      : [-0.171, -0.000, +0.148]
  EE velocidade   : [+0.548, -0.001, +0.154]
  Garra           : 0.036 m  (AGARRADA)  contatos=2
  Cubo posição    : [-0.177, +0.005, +0.125]
  Target (target): [+0.150, +0.000, +0.020]
  Dist EE→Cubo    : 0.0244 m
  Dist Cubo→target: 0.3430 m
  Reward          : -0.3430
  Sucesso         : False
  Obstáculo caminho: nao  (count: 0)
  Objeto [object_1]: tipo=box  massa=1.0 kg  tamanho=[0.04, 0.04, 0.04]
  Target goal     : {'type': 'goal_sequence', 'targets': [{'name': 'target', 'position': [0.15000000596046448, 0.0, 0.019999999552965164]}], 'mode': 'goal_sequence'}
  Mesa            : 1.1x0.7x0.4 m  offset_x=-0.3
  Robô config     : control=ee  block_gripper=False  base=[-0.6, 0.0, 0.05]
  Scripts         : ['script_1', 'reach_only', 'left_right']
  Juntas ângulos  : [-0.00, -0.01, +0.00, -2.62, +0.00, +2.60, +0.79]
  Juntas veloc.   : [+0.00, +0.78, -0.00, +1.40, -0.00, -0.06, -0.00]
  Cubo rotação    : [-0.002, -0.130, +0.012]  (roll/pitch/yaw)
  Cubo vel.linear : [+0.691, +0.011, +0.068]
────────────────────────────────────────────
 Ep  1 | Step  26
────────────────────────────────────────────
  Task            : OBJECT_DELIVERY_SEQUENCE
  Action          : [+0.996, +0.000, +0.086, -1.000]
  EE posição      : [-0.137, -0.000, +0.149]
  EE velocidade   : [+0.472, -0.001, +0.127]
  Garra           : 0.038 m  (AGARRADA)  contatos=2
  Cubo posição    : [-0.142, +0.006, +0.126]
  Target (target): [+0.150, +0.000, +0.020]
  Dist EE→Cubo    : 0.0250 m
  Dist Cubo→target: 0.3102 m
  Reward          : -0.3102
  Sucesso         : False
  Obstáculo caminho: nao  (count: 0)
  Objeto [object_1]: tipo=box  massa=1.0 kg  tamanho=[0.04, 0.04, 0.04]
  Target goal     : {'type': 'goal_sequence', 'targets': [{'name': 'target', 'position': [0.15000000596046448, 0.0, 0.019999999552965164]}], 'mode': 'goal_sequence'}
  Mesa            : 1.1x0.7x0.4 m  offset_x=-0.3
  Robô config     : control=ee  block_gripper=False  base=[-0.6, 0.0, 0.05]
  Scripts         : ['script_1', 'reach_only', 'left_right']
  Juntas ângulos  : [-0.00, +0.06, -0.00, -2.51, -0.00, +2.57, +0.79]
  Juntas veloc.   : [+0.00, +0.71, -0.00, +1.32, -0.00, -0.23, +0.00]
  Cubo rotação    : [-0.004, -0.175, +0.011]  (roll/pitch/yaw)
  Cubo vel.linear : [+0.615, +0.016, +0.034]
────────────────────────────────────────────
 Ep  1 | Step  27
────────────────────────────────────────────
  Task            : OBJECT_DELIVERY_SEQUENCE
  Action          : [+0.996, +0.000, +0.091, -1.000]
  EE posição      : [-0.104, -0.000, +0.150]
  EE velocidade   : [+0.456, -0.001, +0.083]
  Garra           : 0.038 m  (AGARRADA)  contatos=2
  Cubo posição    : [-0.108, +0.006, +0.125]
  Target (target): [+0.150, +0.000, +0.020]
  Dist EE→Cubo    : 0.0256 m
  Dist Cubo→target: 0.2789 m
  Reward          : -0.2789
  Sucesso         : False
  Obstáculo caminho: nao  (count: 0)
  Objeto [object_1]: tipo=box  massa=1.0 kg  tamanho=[0.04, 0.04, 0.04]
  Target goal     : {'type': 'goal_sequence', 'targets': [{'name': 'target', 'position': [0.15000000596046448, 0.0, 0.019999999552965164]}], 'mode': 'goal_sequence'}
  Mesa            : 1.1x0.7x0.4 m  offset_x=-0.3
  Robô config     : control=ee  block_gripper=False  base=[-0.6, 0.0, 0.05]
  Scripts         : ['script_1', 'reach_only', 'left_right']
  Juntas ângulos  : [-0.00, +0.14, -0.00, -2.40, -0.00, +2.53, +0.79]
  Juntas veloc.   : [+0.00, +0.80, -0.00, +1.36, +0.00, -0.27, +0.00]
  Cubo rotação    : [+0.003, -0.200, +0.006]  (roll/pitch/yaw)
  Cubo vel.linear : [+0.593, +0.003, -0.012]
────────────────────────────────────────────
 Ep  1 | Step  28
────────────────────────────────────────────
  Task            : OBJECT_DELIVERY_SEQUENCE
  Action          : [+0.995, +0.000, +0.103, -1.000]
  EE posição      : [-0.071, -0.000, +0.149]
  EE velocidade   : [+0.434, -0.000, +0.069]
  Garra           : 0.039 m  (AGARRADA)  contatos=2
  Cubo posição    : [-0.076, +0.007, +0.125]
  Target (target): [+0.150, +0.000, +0.020]
  Dist EE→Cubo    : 0.0258 m
  Dist Cubo→target: 0.2492 m
  Reward          : -0.2492
  Sucesso         : False
  Obstáculo caminho: nao  (count: 0)
  Objeto [object_1]: tipo=box  massa=1.0 kg  tamanho=[0.04, 0.04, 0.04]
  Target goal     : {'type': 'goal_sequence', 'targets': [{'name': 'target', 'position': [0.15000000596046448, 0.0, 0.019999999552965164]}], 'mode': 'goal_sequence'}
  Mesa            : 1.1x0.7x0.4 m  offset_x=-0.3
  Robô config     : control=ee  block_gripper=False  base=[-0.6, 0.0, 0.05]
  Scripts         : ['script_1', 'reach_only', 'left_right']
  Juntas ângulos  : [-0.00, +0.22, -0.00, -2.28, +0.00, +2.50, +0.79]
  Juntas veloc.   : [+0.00, +0.79, -0.00, +1.35, +0.00, -0.29, -0.00]
  Cubo rotação    : [+0.007, -0.175, -0.002]  (roll/pitch/yaw)
  Cubo vel.linear : [+0.518, +0.016, +0.029]
────────────────────────────────────────────
 Ep  1 | Step  29
────────────────────────────────────────────
  Task            : OBJECT_DELIVERY_SEQUENCE
  Action          : [+0.993, +0.001, +0.120, -1.000]
  EE posição      : [-0.039, -0.000, +0.148]
  EE velocidade   : [+0.412, -0.000, +0.059]
  Garra           : 0.039 m  (AGARRADA)  contatos=2
  Cubo posição    : [-0.045, +0.007, +0.124]
  Target (target): [+0.150, +0.000, +0.020]
  Dist EE→Cubo    : 0.0262 m
  Dist Cubo→target: 0.2210 m
  Reward          : -0.2210
  Sucesso         : False
  Obstáculo caminho: nao  (count: 0)
  Objeto [object_1]: tipo=box  massa=1.0 kg  tamanho=[0.04, 0.04, 0.04]
  Target goal     : {'type': 'goal_sequence', 'targets': [{'name': 'target', 'position': [0.15000000596046448, 0.0, 0.019999999552965164]}], 'mode': 'goal_sequence'}
  Mesa            : 1.1x0.7x0.4 m  offset_x=-0.3
  Robô config     : control=ee  block_gripper=False  base=[-0.6, 0.0, 0.05]
  Scripts         : ['script_1', 'reach_only', 'left_right']
  Juntas ângulos  : [-0.00, +0.30, -0.00, -2.17, +0.00, +2.46, +0.79]
  Juntas veloc.   : [+0.00, +0.78, -0.00, +1.35, -0.00, -0.31, -0.00]
  Cubo rotação    : [+0.011, -0.158, +0.002]  (roll/pitch/yaw)
  Cubo vel.linear : [+0.539, +0.019, -0.022]
────────────────────────────────────────────
 Ep  1 | Step  30
────────────────────────────────────────────
  Task            : OBJECT_DELIVERY_SEQUENCE
  Action          : [+0.990, +0.001, +0.144, -1.000]
  EE posição      : [-0.009, -0.000, +0.147]
  EE velocidade   : [+0.376, -0.000, +0.024]
  Garra           : 0.039 m  (AGARRADA)  contatos=2
  Cubo posição    : [-0.015, +0.008, +0.122]
  Target (target): [+0.150, +0.000, +0.020]
  Dist EE→Cubo    : 0.0265 m
  Dist Cubo→target: 0.1946 m
  Reward          : -0.1946
  Sucesso         : False
  Obstáculo caminho: nao  (count: 0)
  Objeto [object_1]: tipo=box  massa=1.0 kg  tamanho=[0.04, 0.04, 0.04]
  Target goal     : {'type': 'goal_sequence', 'targets': [{'name': 'target', 'position': [0.15000000596046448, 0.0, 0.019999999552965164]}], 'mode': 'goal_sequence'}
  Mesa            : 1.1x0.7x0.4 m  offset_x=-0.3
  Robô config     : control=ee  block_gripper=False  base=[-0.6, 0.0, 0.05]
  Scripts         : ['script_1', 'reach_only', 'left_right']
  Juntas ângulos  : [-0.00, +0.38, -0.00, -2.05, +0.00, +2.41, +0.79]
  Juntas veloc.   : [+0.00, +0.81, -0.00, +1.33, +0.00, -0.33, -0.00]
  Cubo rotação    : [-0.000, -0.135, +0.009]  (roll/pitch/yaw)
  Cubo vel.linear : [+0.428, +0.015, -0.016]
────────────────────────────────────────────
 Ep  1 | Step  31
────────────────────────────────────────────
  Task            : OBJECT_DELIVERY_SEQUENCE
  Action          : [+0.984, +0.001, +0.180, -1.000]
  EE posição      : [+0.020, -0.000, +0.146]
  EE velocidade   : [+0.361, -0.000, +0.047]
  Garra           : 0.039 m  (AGARRADA)  contatos=2
  Cubo posição    : [+0.013, +0.009, +0.121]
  Target (target): [+0.150, +0.000, +0.020]
  Dist EE→Cubo    : 0.0270 m
  Dist Cubo→target: 0.1709 m
  Reward          : -0.1709
  Sucesso         : False
  Obstáculo caminho: nao  (count: 0)
  Objeto [object_1]: tipo=box  massa=1.0 kg  tamanho=[0.04, 0.04, 0.04]
  Target goal     : {'type': 'goal_sequence', 'targets': [{'name': 'target', 'position': [0.15000000596046448, 0.0, 0.019999999552965164]}], 'mode': 'goal_sequence'}
  Mesa            : 1.1x0.7x0.4 m  offset_x=-0.3
  Robô config     : control=ee  block_gripper=False  base=[-0.6, 0.0, 0.05]
  Scripts         : ['script_1', 'reach_only', 'left_right']
  Juntas ângulos  : [-0.00, +0.45, -0.00, -1.93, +0.00, +2.37, +0.79]
  Juntas veloc.   : [+0.00, +0.74, -0.00, +1.32, +0.00, -0.35, +0.00]
  Cubo rotação    : [-0.010, -0.101, +0.006]  (roll/pitch/yaw)
  Cubo vel.linear : [+0.448, +0.013, -0.014]
────────────────────────────────────────────
 Ep  1 | Step  32
────────────────────────────────────────────
  Task            : OBJECT_DELIVERY_SEQUENCE
  Action          : [+0.974, +0.001, +0.225, -1.000]
  EE posição      : [+0.048, -0.000, +0.146]
  EE velocidade   : [+0.326, +0.000, +0.058]
  Garra           : 0.038 m  (AGARRADA)  contatos=2
  Cubo posição    : [+0.039, +0.009, +0.121]
  Target (target): [+0.150, +0.000, +0.020]
  Dist EE→Cubo    : 0.0279 m
  Dist Cubo→target: 0.1502 m
  Reward          : -0.1502
  Sucesso         : False
  Obstáculo caminho: nao  (count: 0)
  Objeto [object_1]: tipo=box  massa=1.0 kg  tamanho=[0.04, 0.04, 0.04]
  Target goal     : {'type': 'goal_sequence', 'targets': [{'name': 'target', 'position': [0.15000000596046448, 0.0, 0.019999999552965164]}], 'mode': 'goal_sequence'}
  Mesa            : 1.1x0.7x0.4 m  offset_x=-0.3
  Robô config     : control=ee  block_gripper=False  base=[-0.6, 0.0, 0.05]
  Scripts         : ['script_1', 'reach_only', 'left_right']
  Juntas ângulos  : [-0.00, +0.52, -0.00, -1.81, +0.00, +2.32, +0.79]
  Juntas veloc.   : [+0.00, +0.68, -0.00, +1.27, +0.00, -0.37, +0.00]
  Cubo rotação    : [-0.014, -0.095, +0.004]  (roll/pitch/yaw)
  Cubo vel.linear : [+0.418, +0.013, -0.018]
────────────────────────────────────────────
 Ep  1 | Step  33
────────────────────────────────────────────
  Task            : OBJECT_DELIVERY_SEQUENCE
  Action          : [+0.960, +0.001, +0.281, -1.000]
  EE posição      : [+0.073, -0.000, +0.148]
  EE velocidade   : [+0.307, +0.000, +0.111]
  Garra           : 0.039 m  (AGARRADA)  contatos=2
  Cubo posição    : [+0.065, +0.010, +0.123]
  Target (target): [+0.150, +0.000, +0.020]
  Dist EE→Cubo    : 0.0283 m
  Dist Cubo→target: 0.1337 m
  Reward          : -0.1337
  Sucesso         : False
  Obstáculo caminho: nao  (count: 0)
  Objeto [object_1]: tipo=box  massa=1.0 kg  tamanho=[0.04, 0.04, 0.04]
  Target goal     : {'type': 'goal_sequence', 'targets': [{'name': 'target', 'position': [0.15000000596046448, 0.0, 0.019999999552965164]}], 'mode': 'goal_sequence'}
  Mesa            : 1.1x0.7x0.4 m  offset_x=-0.3
  Robô config     : control=ee  block_gripper=False  base=[-0.6, 0.0, 0.05]
  Scripts         : ['script_1', 'reach_only', 'left_right']
  Juntas ângulos  : [+0.00, +0.59, -0.00, -1.69, +0.00, +2.27, +0.79]
  Juntas veloc.   : [+0.00, +0.57, -0.00, +1.24, +0.00, -0.40, +0.00]
  Cubo rotação    : [-0.004, -0.114, +0.009]  (roll/pitch/yaw)
  Cubo vel.linear : [+0.384, +0.011, +0.068]
────────────────────────────────────────────
 Ep  1 | Step  34
────────────────────────────────────────────
  Task            : OBJECT_DELIVERY_SEQUENCE
  Action          : [+0.940, +0.001, +0.341, -1.000]
  EE posição      : [+0.097, -0.000, +0.153]
  EE velocidade   : [+0.277, +0.000, +0.172]
  Garra           : 0.038 m  (AGARRADA)  contatos=2
  Cubo posição    : [+0.087, +0.010, +0.127]
  Target (target): [+0.150, +0.000, +0.020]
  Dist EE→Cubo    : 0.0289 m
  Dist Cubo→target: 0.1248 m
  Reward          : -0.1248
  Sucesso         : False
  Obstáculo caminho: nao  (count: 0)
  Objeto [object_1]: tipo=box  massa=1.0 kg  tamanho=[0.04, 0.04, 0.04]
  Target goal     : {'type': 'goal_sequence', 'targets': [{'name': 'target', 'position': [0.15000000596046448, 0.0, 0.019999999552965164]}], 'mode': 'goal_sequence'}
  Mesa            : 1.1x0.7x0.4 m  offset_x=-0.3
  Robô config     : control=ee  block_gripper=False  base=[-0.6, 0.0, 0.05]
  Scripts         : ['script_1', 'reach_only', 'left_right']
  Juntas ângulos  : [+0.00, +0.65, -0.00, -1.58, +0.00, +2.21, +0.79]
  Juntas veloc.   : [+0.00, +0.44, -0.00, +1.17, +0.00, -0.42, +0.00]
  Cubo rotação    : [+0.003, -0.109, -0.001]  (roll/pitch/yaw)
  Cubo vel.linear : [+0.313, +0.015, +0.148]
────────────────────────────────────────────
 Ep  1 | Step  35
────────────────────────────────────────────
  Task            : OBJECT_DELIVERY_SEQUENCE
  Action          : [+0.919, +0.001, +0.395, -1.000]
  EE posição      : [+0.117, -0.000, +0.162]
  EE velocidade   : [+0.260, +0.000, +0.269]
  Garra           : 0.038 m  (AGARRADA)  contatos=2
  Cubo posição    : [+0.108, +0.011, +0.136]
  Target (target): [+0.150, +0.000, +0.020]
  Dist EE→Cubo    : 0.0292 m
  Dist Cubo→target: 0.1240 m
  Reward          : -0.1240
  Sucesso         : False
  Obstáculo caminho: nao  (count: 0)
  Objeto [object_1]: tipo=box  massa=1.0 kg  tamanho=[0.04, 0.04, 0.04]
  Target goal     : {'type': 'goal_sequence', 'targets': [{'name': 'target', 'position': [0.15000000596046448, 0.0, 0.019999999552965164]}], 'mode': 'goal_sequence'}
  Mesa            : 1.1x0.7x0.4 m  offset_x=-0.3
  Robô config     : control=ee  block_gripper=False  base=[-0.6, 0.0, 0.05]
  Scripts         : ['script_1', 'reach_only', 'left_right']
  Juntas ângulos  : [+0.00, +0.70, -0.00, -1.46, +0.00, +2.16, +0.79]
  Juntas veloc.   : [+0.00, +0.27, -0.00, +1.12, +0.00, -0.45, +0.00]
  Cubo rotação    : [-0.004, -0.111, -0.001]  (roll/pitch/yaw)
  Cubo vel.linear : [+0.298, +0.015, +0.249]
────────────────────────────────────────────
 Ep  1 | Step  36
────────────────────────────────────────────
  Task            : OBJECT_DELIVERY_SEQUENCE
  Action          : [+0.916, +0.002, +0.401, -1.000]
  EE posição      : [+0.137, -0.000, +0.174]
  EE velocidade   : [+0.221, +0.001, +0.286]
  Garra           : 0.038 m  (AGARRADA)  contatos=2
  Cubo posição    : [+0.126, +0.011, +0.148]
  Target (target): [+0.150, +0.000, +0.020]
  Dist EE→Cubo    : 0.0300 m
  Dist Cubo→target: 0.1312 m
  Reward          : -0.1312
  Sucesso         : False
  Obstáculo caminho: nao  (count: 0)
  Objeto [object_1]: tipo=box  massa=1.0 kg  tamanho=[0.04, 0.04, 0.04]
  Target goal     : {'type': 'goal_sequence', 'targets': [{'name': 'target', 'position': [0.15000000596046448, 0.0, 0.019999999552965164]}], 'mode': 'goal_sequence'}
  Mesa            : 1.1x0.7x0.4 m  offset_x=-0.3
  Robô config     : control=ee  block_gripper=False  base=[-0.6, 0.0, 0.05]
  Scripts         : ['script_1', 'reach_only', 'left_right']
  Juntas ângulos  : [+0.00, +0.75, -0.00, -1.35, +0.00, +2.10, +0.79]
  Juntas veloc.   : [+0.00, +0.22, +0.00, +1.06, -0.00, -0.46, -0.00]
  Cubo rotação    : [-0.011, -0.104, -0.001]  (roll/pitch/yaw)
  Cubo vel.linear : [+0.232, +0.015, +0.285]
────────────────────────────────────────────
 Ep  1 | Step  37
────────────────────────────────────────────
  Task            : OBJECT_DELIVERY_SEQUENCE
  Action          : [+0.992, +0.002, +0.124, -1.000]
  EE posição      : [+0.155, +0.000, +0.178]
  EE velocidade   : [+0.158, +0.002, +0.001]
  Garra           : 0.023 m  (AGARRADA)  contatos=2
  Cubo posição    : [+0.141, +0.013, +0.152]
  Target (target): [+0.150, +0.000, +0.020]
  Dist EE→Cubo    : 0.0322 m
  Dist Cubo→target: 0.1325 m
  Reward          : -0.1325
  Sucesso         : False
  Obstáculo caminho: nao  (count: 0)
  Objeto [object_1]: tipo=box  massa=1.0 kg  tamanho=[0.04, 0.04, 0.04]
  Target goal     : {'type': 'goal_sequence', 'targets': [{'name': 'target', 'position': [0.15000000596046448, 0.0, 0.019999999552965164]}], 'mode': 'goal_sequence'}
  Mesa            : 1.1x0.7x0.4 m  offset_x=-0.3
  Robô config     : control=ee  block_gripper=False  base=[-0.6, 0.0, 0.05]
  Scripts         : ['script_1', 'reach_only', 'left_right']
  Juntas ângulos  : [+0.00, +0.81, -0.00, -1.23, +0.00, +2.05, +0.79]
  Juntas veloc.   : [+0.00, +0.61, +0.00, +1.06, +0.00, -0.37, +0.00]
  Cubo rotação    : [-0.109, -0.007, +0.039]  (roll/pitch/yaw)
  Cubo vel.linear : [+0.241, +0.150, -0.139]
────────────────────────────────────────────
 Ep  1 | Step  38
────────────────────────────────────────────
  Task            : OBJECT_DELIVERY_SEQUENCE
  Action          : [+0.000, +0.000, +0.000, -1.000]
  EE posição      : [+0.154, +0.000, +0.178]
  EE velocidade   : [-0.006, +0.000, +0.003]
  Garra           : 0.003 m  (FECHADA)  contatos=0
  Cubo posição    : [+0.151, +0.019, +0.137]
  Target (target): [+0.150, +0.000, +0.020]
  Dist EE→Cubo    : 0.0450 m
  Dist Cubo→target: 0.1185 m
  Reward          : -0.1185
  Sucesso         : False
  Obstáculo caminho: nao  (count: 0)
  Objeto [object_1]: tipo=box  massa=1.0 kg  tamanho=[0.04, 0.04, 0.04]
  Target goal     : {'type': 'goal_sequence', 'targets': [{'name': 'target', 'position': [0.15000000596046448, 0.0, 0.019999999552965164]}], 'mode': 'goal_sequence'}
  Mesa            : 1.1x0.7x0.4 m  offset_x=-0.3
  Robô config     : control=ee  block_gripper=False  base=[-0.6, 0.0, 0.05]
  Scripts         : ['script_1', 'reach_only', 'left_right']
  Juntas ângulos  : [+0.00, +0.81, -0.00, -1.23, +0.00, +2.04, +0.79]
  Juntas veloc.   : [-0.00, -0.00, +0.00, +0.01, +0.00, -0.05, -0.00]
  Cubo rotação    : [-0.470, +0.059, +0.118]  (roll/pitch/yaw)
  Cubo vel.linear : [+0.238, +0.145, -0.551]
────────────────────────────────────────────
 Ep  1 | Step  39
────────────────────────────────────────────
  Task            : OBJECT_DELIVERY_SEQUENCE
  Action          : [+0.000, +0.000, -0.150, -1.000]
  EE posição      : [+0.154, -0.000, +0.172]
  EE velocidade   : [-0.000, -0.000, -0.056]
  Garra           : 0.000 m  (FECHADA)  contatos=0
  Cubo posição    : [+0.161, +0.024, +0.107]
  Target (target): [+0.150, +0.000, +0.020]
  Dist EE→Cubo    : 0.0695 m
  Dist Cubo→target: 0.0908 m
  Reward          : -0.0908
  Sucesso         : False
  Obstáculo caminho: nao  (count: 0)
  Objeto [object_1]: tipo=box  massa=1.0 kg  tamanho=[0.04, 0.04, 0.04]
  Target goal     : {'type': 'goal_sequence', 'targets': [{'name': 'target', 'position': [0.15000000596046448, 0.0, 0.019999999552965164]}], 'mode': 'goal_sequence'}
  Mesa            : 1.1x0.7x0.4 m  offset_x=-0.3
  Robô config     : control=ee  block_gripper=False  base=[-0.6, 0.0, 0.05]
  Scripts         : ['script_1', 'reach_only', 'left_right']
  Juntas ângulos  : [+0.00, +0.82, -0.00, -1.23, +0.00, +2.05, +0.79]
  Juntas veloc.   : [-0.00, +0.08, -0.00, -0.01, +0.00, +0.07, -0.00]
  Cubo rotação    : [-0.822, +0.147, +0.168]  (roll/pitch/yaw)
  Cubo vel.linear : [+0.237, +0.144, -0.941]
────────────────────────────────────────────
 Ep  1 | Step  40
────────────────────────────────────────────
  Task            : VACUUM_ASSIST
  Action          : [+0.000, +0.000, +0.000, +1.000]
  EE posição      : [+0.154, -0.000, +0.172]
  EE velocidade   : [-0.000, -0.000, +0.001]
  Garra           : 0.070 m  (ABERTA)  contatos=0
  Cubo posição    : [+0.170, +0.030, +0.061]
  Target (target): [+0.150, +0.000, +0.020]
  Dist EE→Cubo    : 0.1156 m
  Dist Cubo→target: 0.0547 m
  Reward          : -0.0547
  Sucesso         : False
  Obstáculo caminho: nao  (count: 0)
  Objeto [object_1]: tipo=box  massa=1.0 kg  tamanho=[0.04, 0.04, 0.04]
  Target goal     : {'type': 'goal_sequence', 'targets': [{'name': 'target', 'position': [0.15000000596046448, 0.0, 0.019999999552965164]}], 'mode': 'goal_sequence'}
  Mesa            : 1.1x0.7x0.4 m  offset_x=-0.3
  Robô config     : control=ee  block_gripper=False  base=[-0.6, 0.0, 0.05]
  Scripts         : ['script_1', 'reach_only', 'left_right']
  Juntas ângulos  : [+0.00, +0.82, -0.00, -1.23, +0.00, +2.05, +0.79]
  Juntas veloc.   : [-0.00, -0.00, -0.00, -0.00, +0.00, -0.00, -0.00]
  Cubo rotação    : [-1.169, +0.245, +0.186]  (roll/pitch/yaw)
  Cubo vel.linear : [+0.237, +0.144, -1.329]
────────────────────────────────────────────
 Ep  1 | Step  41
────────────────────────────────────────────
  Task            : VACUUM_ASSIST
  Action          : [+0.172, +0.327, -0.929, +1.000]
  EE posição      : [+0.162, +0.012, +0.149]
  EE velocidade   : [-0.211, +0.205, -1.290]
  Garra           : 0.079 m  (ABERTA)  contatos=0
  Cubo posição    : [+0.171, +0.041, +0.022]
  Target (target): [+0.150, +0.000, +0.020]
  Dist EE→Cubo    : 0.1301 m
  Dist Cubo→target: 0.0457 m
  Reward          : -0.0457
  Sucesso         : False
  Obstáculo caminho: nao  (count: 0)
  Objeto [object_1]: tipo=box  massa=1.0 kg  tamanho=[0.04, 0.04, 0.04]
  Target goal     : {'type': 'goal_sequence', 'targets': [{'name': 'target', 'position': [0.15000000596046448, 0.0, 0.019999999552965164]}], 'mode': 'goal_sequence'}
  Mesa            : 1.1x0.7x0.4 m  offset_x=-0.3
  Robô config     : control=ee  block_gripper=False  base=[-0.6, 0.0, 0.05]
  Scripts         : ['script_1', 'reach_only', 'left_right']
  Juntas ângulos  : [+0.02, +0.87, +0.00, -1.22, -0.00, +2.11, +0.80]
  Juntas veloc.   : [+0.26, +1.82, +0.02, +0.11, -0.01, +0.43, +0.15]
  Cubo rotação    : [-1.632, +0.051, +0.121]  (roll/pitch/yaw)
  Cubo vel.linear : [-0.340, +0.370, -0.163]
────────────────────────────────────────────
 Ep  1 | Step  42
────────────────────────────────────────────
  Task            : VACUUM_ASSIST
  Action          : [+0.080, +0.268, -0.960, +1.000]
  EE posição      : [+0.155, +0.023, +0.092]
  EE velocidade   : [-0.357, +0.094, -1.332]
  Garra           : 0.080 m  (ABERTA)  contatos=0
  Cubo posição    : [+0.162, +0.050, +0.022]
  Target (target): [+0.150, +0.000, +0.020]
  Dist EE→Cubo    : 0.0751 m
  Dist Cubo→target: 0.0510 m
  Reward          : -0.0510
  Sucesso         : False
  Obstáculo caminho: nao  (count: 0)
  Objeto [object_1]: tipo=box  massa=1.0 kg  tamanho=[0.04, 0.04, 0.04]
  Target goal     : {'type': 'goal_sequence', 'targets': [{'name': 'target', 'position': [0.15000000596046448, 0.0, 0.019999999552965164]}], 'mode': 'goal_sequence'}
  Mesa            : 1.1x0.7x0.4 m  offset_x=-0.3
  Robô config     : control=ee  block_gripper=False  base=[-0.6, 0.0, 0.05]
  Scripts         : ['script_1', 'reach_only', 'left_right']
  Juntas ângulos  : [+0.03, +0.96, +0.00, -1.20, -0.00, +2.14, +0.82]
  Juntas veloc.   : [+0.13, +1.86, +0.01, +0.12, -0.01, +0.25, +0.10]
  Cubo rotação    : [-1.595, -0.066, +0.135]  (roll/pitch/yaw)
  Cubo vel.linear : [-0.181, +0.183, -0.101]
────────────────────────────────────────────
 Ep  1 | Step  43
────────────────────────────────────────────
  Task            : VACUUM_ASSIST
  Action          : [+0.127, +0.502, -0.856, +1.000]
  EE posição      : [+0.151, +0.041, +0.037]
  EE velocidade   : [-0.396, +0.357, -1.256]
  Garra           : 0.080 m  (ABERTA)  contatos=0
  Cubo posição    : [+0.159, +0.053, +0.020]
  Target (target): [+0.150, +0.000, +0.020]
  Dist EE→Cubo    : 0.0225 m
  Dist Cubo→target: 0.0538 m
  Reward          : -0.0538
  Sucesso         : False
  Obstáculo caminho: nao  (count: 0)
  Objeto [object_1]: tipo=box  massa=1.0 kg  tamanho=[0.04, 0.04, 0.04]
  Target goal     : {'type': 'goal_sequence', 'targets': [{'name': 'target', 'position': [0.15000000596046448, 0.0, 0.019999999552965164]}], 'mode': 'goal_sequence'}
  Mesa            : 1.1x0.7x0.4 m  offset_x=-0.3
  Robô config     : control=ee  block_gripper=False  base=[-0.6, 0.0, 0.05]
  Scripts         : ['script_1', 'reach_only', 'left_right']
  Juntas ângulos  : [+0.05, +1.05, +0.01, -1.18, -0.01, +2.20, +0.85]
  Juntas veloc.   : [+0.49, +1.81, +0.02, +0.15, -0.02, +0.49, +0.22]
  Cubo rotação    : [-1.570, +0.002, +0.155]  (roll/pitch/yaw)
  Cubo vel.linear : [-0.002, +0.001, +0.004]
────────────────────────────────────────────
 Ep  1 | Step  44
────────────────────────────────────────────
  Task            : VACUUM_ASSIST
  Action          : [+0.498, +0.724, +0.477, +1.000]
  EE posição      : [+0.142, +0.059, +0.007]
  EE velocidade   : [+0.075, -0.026, +0.076]
  Garra           : 0.080 m  (ABERTA)  contatos=0
  Cubo posição    : [+0.159, +0.053, +0.020]
  Target (target): [+0.150, +0.000, +0.020]
  Dist EE→Cubo    : 0.0220 m
  Dist Cubo→target: 0.0538 m
  Reward          : -0.0538
  Sucesso         : False
  Obstáculo caminho: nao  (count: 0)
  Objeto [object_1]: tipo=box  massa=1.0 kg  tamanho=[0.04, 0.04, 0.04]
  Target goal     : {'type': 'goal_sequence', 'targets': [{'name': 'target', 'position': [0.15000000596046448, 0.0, 0.019999999552965164]}], 'mode': 'goal_sequence'}
  Mesa            : 1.1x0.7x0.4 m  offset_x=-0.3
  Robô config     : control=ee  block_gripper=False  base=[-0.6, 0.0, 0.05]
  Scripts         : ['script_1', 'reach_only', 'left_right']
  Juntas ângulos  : [+0.08, +1.11, -0.00, -1.13, -0.02, +2.17, +0.89]
  Juntas veloc.   : [+0.12, +0.11, +0.24, +0.41, -2.17, -0.26, +0.18]
  Cubo rotação    : [-1.571, +0.000, +0.155]  (roll/pitch/yaw)
  Cubo vel.linear : [-0.000, +0.000, +0.001]
────────────────────────────────────────────
 Ep  1 | Step  45
────────────────────────────────────────────
  Task            : VACUUM_ASSIST
  Action          : [+0.000, +0.000, +0.000, -1.000]
  EE posição      : [+0.142, +0.058, +0.004]
  EE velocidade   : [-0.009, +0.001, -0.042]
  Garra           : 0.080 m  (ABERTA)  contatos=0
  Cubo posição    : [+0.159, +0.053, +0.020]
  Target (target): [+0.150, +0.000, +0.020]
  Dist EE→Cubo    : 0.0238 m
  Dist Cubo→target: 0.0538 m
  Reward          : -0.0538
  Sucesso         : False
  Obstáculo caminho: nao  (count: 0)
  Objeto [object_1]: tipo=box  massa=1.0 kg  tamanho=[0.04, 0.04, 0.04]
  Target goal     : {'type': 'goal_sequence', 'targets': [{'name': 'target', 'position': [0.15000000596046448, 0.0, 0.019999999552965164]}], 'mode': 'goal_sequence'}
  Mesa            : 1.1x0.7x0.4 m  offset_x=-0.3
  Robô config     : control=ee  block_gripper=False  base=[-0.6, 0.0, 0.05]
  Scripts         : ['script_1', 'reach_only', 'left_right']
  Juntas ângulos  : [+0.07, +1.09, +0.01, -1.18, -0.01, +2.23, +0.88]
  Juntas veloc.   : [-0.06, -0.59, +0.07, -1.46, -0.02, +1.78, -0.01]
  Cubo rotação    : [-1.571, +0.000, +0.155]  (roll/pitch/yaw)
  Cubo vel.linear : [-0.000, +0.000, +0.000]
────────────────────────────────────────────
 Ep  1 | Step  46
────────────────────────────────────────────
  Task            : VACUUM_ASSIST
  Action          : [+0.000, +0.000, +1.000, -1.000]
  EE posição      : [+0.138, +0.058, +0.014]
  EE velocidade   : [+0.118, +0.010, +0.429]
  Garra           : 0.037 m  (AGARRADA)  contatos=2
  Cubo posição    : [+0.161, +0.071, +0.031]
  Target (target): [+0.150, +0.000, +0.020]
  Dist EE→Cubo    : 0.0311 m
  Dist Cubo→target: 0.0729 m
  Reward          : -0.0729
  Sucesso         : False
  Obstáculo caminho: nao  (count: 0)
  Objeto [object_1]: tipo=box  massa=1.0 kg  tamanho=[0.04, 0.04, 0.04]
  Target goal     : {'type': 'goal_sequence', 'targets': [{'name': 'target', 'position': [0.15000000596046448, 0.0, 0.019999999552965164]}], 'mode': 'goal_sequence'}
  Mesa            : 1.1x0.7x0.4 m  offset_x=-0.3
  Robô config     : control=ee  block_gripper=False  base=[-0.6, 0.0, 0.05]
  Scripts         : ['script_1', 'reach_only', 'left_right']
  Juntas ângulos  : [+0.07, +1.06, +0.01, -1.20, -0.01, +2.22, +0.87]
  Juntas veloc.   : [-0.01, -0.71, +0.01, -0.21, +0.00, -0.11, -0.07]
  Cubo rotação    : [-1.521, +0.020, -0.027]  (roll/pitch/yaw)
  Cubo vel.linear : [+0.110, +0.324, +0.438]
────────────────────────────────────────────
 Ep  1 | Step  47
────────────────────────────────────────────
  Task            : VACUUM_ASSIST
  Action          : [+0.000, +0.000, +1.000, -1.000]
  EE posição      : [+0.141, +0.058, +0.035]
  EE velocidade   : [+0.228, +0.015, +0.704]
  Garra           : 0.036 m  (AGARRADA)  contatos=2
  Cubo posição    : [+0.163, +0.076, +0.053]
  Target (target): [+0.150, +0.000, +0.020]
  Dist EE→Cubo    : 0.0339 m
  Dist Cubo→target: 0.0843 m
  Reward          : -0.0843
  Sucesso         : False
  Obstáculo caminho: nao  (count: 0)
  Objeto [object_1]: tipo=box  massa=1.0 kg  tamanho=[0.04, 0.04, 0.04]
  Target goal     : {'type': 'goal_sequence', 'targets': [{'name': 'target', 'position': [0.15000000596046448, 0.0, 0.019999999552965164]}], 'mode': 'goal_sequence'}
  Mesa            : 1.1x0.7x0.4 m  offset_x=-0.3
  Robô config     : control=ee  block_gripper=False  base=[-0.6, 0.0, 0.05]
  Scripts         : ['script_1', 'reach_only', 'left_right']
  Juntas ângulos  : [+0.07, +1.02, +0.01, -1.23, -0.01, +2.21, +0.87]
  Juntas veloc.   : [-0.00, -1.08, +0.00, -0.22, -0.00, -0.03, -0.01]
  Cubo rotação    : [-1.520, +0.005, -0.026]  (roll/pitch/yaw)
  Cubo vel.linear : [+0.214, +0.053, +0.723]
────────────────────────────────────────────
 Ep  1 | Step  48
────────────────────────────────────────────
  Task            : VACUUM_ASSIST
  Action          : [+0.000, +0.000, +1.000, -1.000]
  EE posição      : [+0.145, +0.058, +0.068]
  EE velocidade   : [+0.245, +0.018, +0.880]
  Garra           : 0.036 m  (AGARRADA)  contatos=2
  Cubo posição    : [+0.167, +0.077, +0.086]
  Target (target): [+0.150, +0.000, +0.020]
  Dist EE→Cubo    : 0.0343 m
  Dist Cubo→target: 0.1029 m
  Reward          : -0.1029
  Sucesso         : False
  Obstáculo caminho: nao  (count: 0)
  Objeto [object_1]: tipo=box  massa=1.0 kg  tamanho=[0.04, 0.04, 0.04]
  Target goal     : {'type': 'goal_sequence', 'targets': [{'name': 'target', 'position': [0.15000000596046448, 0.0, 0.019999999552965164]}], 'mode': 'goal_sequence'}
  Mesa            : 1.1x0.7x0.4 m  offset_x=-0.3
  Robô config     : control=ee  block_gripper=False  base=[-0.6, 0.0, 0.05]
  Scripts         : ['script_1', 'reach_only', 'left_right']
  Juntas ângulos  : [+0.07, +0.96, +0.01, -1.25, -0.01, +2.19, +0.87]
  Juntas veloc.   : [-0.00, -1.30, +0.00, -0.17, +0.00, -0.16, -0.00]
  Cubo rotação    : [-1.518, -0.011, -0.026]  (roll/pitch/yaw)
  Cubo vel.linear : [+0.228, +0.012, +0.903]
────────────────────────────────────────────
 Ep  1 | Step  49
────────────────────────────────────────────
  Task            : VACUUM_ASSIST
  Action          : [+0.000, +0.000, +1.000, -1.000]
  EE posição      : [+0.147, +0.058, +0.106]
  EE velocidade   : [+0.155, +0.012, +0.775]
  Garra           : 0.036 m  (AGARRADA)  contatos=2
  Cubo posição    : [+0.169, +0.077, +0.124]
  Target (target): [+0.150, +0.000, +0.020]
  Dist EE→Cubo    : 0.0339 m
  Dist Cubo→target: 0.1308 m
  Reward          : -0.1308
  Sucesso         : False
  Obstáculo caminho: nao  (count: 0)
  Objeto [object_1]: tipo=box  massa=1.0 kg  tamanho=[0.04, 0.04, 0.04]
  Target goal     : {'type': 'goal_sequence', 'targets': [{'name': 'target', 'position': [0.15000000596046448, 0.0, 0.019999999552965164]}], 'mode': 'goal_sequence'}
  Mesa            : 1.1x0.7x0.4 m  offset_x=-0.3
  Robô config     : control=ee  block_gripper=False  base=[-0.6, 0.0, 0.05]
  Scripts         : ['script_1', 'reach_only', 'left_right']
  Juntas ângulos  : [+0.07, +0.90, +0.01, -1.26, -0.01, +2.15, +0.87]
  Juntas veloc.   : [-0.00, -1.12, +0.00, -0.08, +0.00, -0.32, -0.00]
  Cubo rotação    : [-1.518, -0.013, -0.025]  (roll/pitch/yaw)
  Cubo vel.linear : [+0.143, -0.007, +0.792]
────────────────────────────────────────────
 Ep  1 | Step  50
────────────────────────────────────────────
  Task            : VACUUM_ASSIST
  Action          : [+0.000, +0.000, +1.000, -1.000]
  EE posição      : [+0.146, +0.058, +0.141]
  EE velocidade   : [+0.133, +0.010, +0.841]
  Garra           : 0.036 m  (AGARRADA)  contatos=2
  Cubo posição    : [+0.168, +0.076, +0.159]
  Target (target): [+0.150, +0.000, +0.020]
  Dist EE→Cubo    : 0.0340 m
  Dist Cubo→target: 0.1601 m
  Reward          : -0.1601
  Sucesso         : False
  Obstáculo caminho: nao  (count: 0)
  Objeto [object_1]: tipo=box  massa=1.0 kg  tamanho=[0.04, 0.04, 0.04]
  Target goal     : {'type': 'goal_sequence', 'targets': [{'name': 'target', 'position': [0.15000000596046448, 0.0, 0.019999999552965164]}], 'mode': 'goal_sequence'}
  Mesa            : 1.1x0.7x0.4 m  offset_x=-0.3
  Robô config     : control=ee  block_gripper=False  base=[-0.6, 0.0, 0.05]
  Scripts         : ['script_1', 'reach_only', 'left_right']
  Juntas ângulos  : [+0.07, +0.84, +0.01, -1.26, -0.01, +2.10, +0.87]
  Juntas veloc.   : [-0.00, -1.17, +0.00, -0.00, +0.00, -0.42, -0.00]
  Cubo rotação    : [-1.519, -0.009, -0.026]  (roll/pitch/yaw)
  Cubo vel.linear : [+0.118, -0.006, +0.860]
────────────────────────────────────────────
 Ep  1 | Step  51
────────────────────────────────────────────
  Task            : VACUUM_ASSIST
  Action          : [+0.000, +0.000, +1.000, -1.000]
  EE posição      : [+0.145, +0.058, +0.178]
  EE velocidade   : [+0.085, +0.006, +0.773]
  Garra           : 0.036 m  (AGARRADA)  contatos=2
  Cubo posição    : [+0.167, +0.076, +0.196]
  Target (target): [+0.150, +0.000, +0.020]
  Dist EE→Cubo    : 0.0338 m
  Dist Cubo→target: 0.1930 m
  Reward          : -0.1930
  Sucesso         : False
  Obstáculo caminho: nao  (count: 0)
  Objeto [object_1]: tipo=box  massa=1.0 kg  tamanho=[0.04, 0.04, 0.04]
  Target goal     : {'type': 'goal_sequence', 'targets': [{'name': 'target', 'position': [0.15000000596046448, 0.0, 0.019999999552965164]}], 'mode': 'goal_sequence'}
  Mesa            : 1.1x0.7x0.4 m  offset_x=-0.3
  Robô config     : control=ee  block_gripper=False  base=[-0.6, 0.0, 0.05]
  Scripts         : ['script_1', 'reach_only', 'left_right']
  Juntas ângulos  : [+0.07, +0.79, +0.01, -1.26, -0.01, +2.04, +0.87]
  Juntas veloc.   : [-0.00, -1.06, +0.00, +0.04, +0.00, -0.42, -0.00]
  Cubo rotação    : [-1.519, -0.009, -0.026]  (roll/pitch/yaw)
  Cubo vel.linear : [+0.072, -0.005, +0.790]
────────────────────────────────────────────
 Ep  1 | Step  52
────────────────────────────────────────────
  Task            : OBJECT_DELIVERY_SEQUENCE
  Action          : [+0.079, -0.997, +0.000, -1.000]
  EE posição      : [+0.150, +0.042, +0.187]
  EE velocidade   : [-0.020, -0.812, -0.420]
  Garra           : 0.036 m  (AGARRADA)  contatos=2
  Cubo posição    : [+0.171, +0.060, +0.203]
  Target (target): [+0.150, +0.000, +0.020]
  Dist EE→Cubo    : 0.0320 m
  Dist Cubo→target: 0.1938 m
  Reward          : -0.1938
  Sucesso         : False
  Obstáculo caminho: nao  (count: 0)
  Objeto [object_1]: tipo=box  massa=1.0 kg  tamanho=[0.04, 0.04, 0.04]
  Target goal     : {'type': 'goal_sequence', 'targets': [{'name': 'target', 'position': [0.15000000596046448, 0.0, 0.019999999552965164]}], 'mode': 'goal_sequence'}
  Mesa            : 1.1x0.7x0.4 m  offset_x=-0.3
  Robô config     : control=ee  block_gripper=False  base=[-0.6, 0.0, 0.05]
  Scripts         : ['script_1', 'reach_only', 'left_right']
  Juntas ângulos  : [+0.05, +0.79, +0.00, -1.26, -0.00, +2.05, +0.81]
  Juntas veloc.   : [-1.04, +0.57, -0.06, +0.00, +0.05, +0.08, -0.47]
  Cubo rotação    : [-1.518, -0.031, +0.004]  (roll/pitch/yaw)
  Cubo vel.linear : [-0.002, -0.814, -0.429]
────────────────────────────────────────────
 Ep  1 | Step  53
────────────────────────────────────────────
  Task            : OBJECT_DELIVERY_SEQUENCE
  Action          : [-0.001, -0.980, -0.197, -1.000]
  EE posição      : [+0.149, +0.000, +0.174]
  EE velocidade   : [-0.033, -0.783, -0.171]
  Garra           : 0.036 m  (AGARRADA)  contatos=2
  Cubo posição    : [+0.171, +0.013, +0.190]
  Target (target): [+0.150, +0.000, +0.020]
  Dist EE→Cubo    : 0.0301 m
  Dist Cubo→target: 0.1721 m
  Reward          : -0.1721
  Sucesso         : False
  Obstáculo caminho: nao  (count: 0)
  Objeto [object_1]: tipo=box  massa=1.0 kg  tamanho=[0.04, 0.04, 0.04]
  Target goal     : {'type': 'goal_sequence', 'targets': [{'name': 'target', 'position': [0.15000000596046448, 0.0, 0.019999999552965164]}], 'mode': 'goal_sequence'}
  Mesa            : 1.1x0.7x0.4 m  offset_x=-0.3
  Robô config     : control=ee  block_gripper=False  base=[-0.6, 0.0, 0.05]
  Scripts         : ['script_1', 'reach_only', 'left_right']
  Juntas ângulos  : [+0.00, +0.80, -0.01, -1.26, +0.01, +2.06, +0.78]
  Juntas veloc.   : [-0.98, +0.22, -0.10, -0.02, +0.08, +0.03, -0.23]
  Cubo rotação    : [-1.518, -0.019, -0.021]  (roll/pitch/yaw)
  Cubo vel.linear : [-0.018, -1.277, -0.174]
────────────────────────────────────────────
 Ep  1 | Step  54
────────────────────────────────────────────
  Task            : OBJECT_DELIVERY_SEQUENCE
  Action          : [+0.000, +0.000, +0.000, -1.000]
  EE posição      : [+0.149, -0.014, +0.172]
  EE velocidade   : [+0.019, -0.006, +0.067]
  Garra           : 0.036 m  (AGARRADA)  contatos=2
  Cubo posição    : [+0.171, -0.026, +0.190]
  Target (target): [+0.150, +0.000, +0.020]
  Dist EE→Cubo    : 0.0300 m
  Dist Cubo→target: 0.1728 m
  Reward          : -0.1728
  Sucesso         : False
  Obstáculo caminho: nao  (count: 0)
  Objeto [object_1]: tipo=box  massa=1.0 kg  tamanho=[0.04, 0.04, 0.04]
  Target goal     : {'type': 'goal_sequence', 'targets': [{'name': 'target', 'position': [0.15000000596046448, 0.0, 0.019999999552965164]}], 'mode': 'goal_sequence'}
  Mesa            : 1.1x0.7x0.4 m  offset_x=-0.3
  Robô config     : control=ee  block_gripper=False  base=[-0.6, 0.0, 0.05]
  Scripts         : ['script_1', 'reach_only', 'left_right']
  Juntas ângulos  : [-0.01, +0.80, -0.01, -1.26, +0.01, +2.06, +0.78]
  Juntas veloc.   : [-0.01, -0.09, -0.00, -0.01, +0.00, +0.04, +0.04]
  Cubo rotação    : [-1.518, -0.023, -0.040]  (roll/pitch/yaw)
  Cubo vel.linear : [+0.010, -0.332, +0.070]
────────────────────────────────────────────
 Ep  1 | Step  55
────────────────────────────────────────────
  Task            : OBJECT_DELIVERY_SEQUENCE
  Action          : [+0.000, +0.000, -0.150, -1.000]
  EE posição      : [+0.150, -0.014, +0.165]
  EE velocidade   : [-0.009, +0.002, -0.110]
  Garra           : 0.036 m  (AGARRADA)  contatos=2
  Cubo posição    : [+0.171, -0.030, +0.182]
  Target (target): [+0.150, +0.000, +0.020]
  Dist EE→Cubo    : 0.0319 m
  Dist Cubo→target: 0.1663 m
  Reward          : -0.1663
  Sucesso         : False
  Obstáculo caminho: nao  (count: 0)
  Objeto [object_1]: tipo=box  massa=1.0 kg  tamanho=[0.04, 0.04, 0.04]
  Target goal     : {'type': 'goal_sequence', 'targets': [{'name': 'target', 'position': [0.15000000596046448, 0.0, 0.019999999552965164]}], 'mode': 'goal_sequence'}
  Mesa            : 1.1x0.7x0.4 m  offset_x=-0.3
  Robô config     : control=ee  block_gripper=False  base=[-0.6, 0.0, 0.05]
  Scripts         : ['script_1', 'reach_only', 'left_right']
  Juntas ângulos  : [-0.01, +0.81, -0.01, -1.26, +0.01, +2.07, +0.77]
  Juntas veloc.   : [-0.01, +0.15, +0.02, -0.02, -0.02, +0.10, -0.12]
  Cubo rotação    : [-1.518, -0.024, -0.026]  (roll/pitch/yaw)
  Cubo vel.linear : [-0.006, -0.023, -0.111]
────────────────────────────────────────────
 Ep  1 | Step  56
────────────────────────────────────────────
  Task            : OBJECT_DELIVERY_SEQUENCE
  Action          : [+0.000, +0.000, -0.150, -1.000]
  EE posição      : [+0.150, -0.014, +0.158]
  EE velocidade   : [-0.002, +0.001, -0.068]
  Garra           : 0.036 m  (AGARRADA)  contatos=2
  Cubo posição    : [+0.171, -0.030, +0.175]
  Target (target): [+0.150, +0.000, +0.020]
  Dist EE→Cubo    : 0.0321 m
  Dist Cubo→target: 0.1590 m
  Reward          : -0.1590
  Sucesso         : False
  Obstáculo caminho: nao  (count: 0)
  Objeto [object_1]: tipo=box  massa=1.0 kg  tamanho=[0.04, 0.04, 0.04]
  Target goal     : {'type': 'goal_sequence', 'targets': [{'name': 'target', 'position': [0.15000000596046448, 0.0, 0.019999999552965164]}], 'mode': 'goal_sequence'}
  Mesa            : 1.1x0.7x0.4 m  offset_x=-0.3
  Robô config     : control=ee  block_gripper=False  base=[-0.6, 0.0, 0.05]
  Scripts         : ['script_1', 'reach_only', 'left_right']
  Juntas ângulos  : [-0.01, +0.82, -0.01, -1.27, +0.00, +2.09, +0.77]
  Juntas veloc.   : [-0.00, +0.09, +0.00, -0.01, -0.00, +0.09, -0.01]
  Cubo rotação    : [-1.518, -0.023, -0.024]  (roll/pitch/yaw)
  Cubo vel.linear : [-0.001, +0.001, -0.068]
────────────────────────────────────────────
 Ep  1 | Step  57
────────────────────────────────────────────
  Task            : OBJECT_DELIVERY_SEQUENCE
  Action          : [+0.000, +0.000, -0.150, -1.000]
  EE posição      : [+0.150, -0.013, +0.150]
  EE velocidade   : [-0.004, +0.000, -0.078]
  Garra           : 0.036 m  (AGARRADA)  contatos=2
  Cubo posição    : [+0.171, -0.030, +0.167]
  Target (target): [+0.150, +0.000, +0.020]
  Dist EE→Cubo    : 0.0320 m
  Dist Cubo→target: 0.1516 m
  Reward          : -0.1516
  Sucesso         : False
  Obstáculo caminho: nao  (count: 0)
  Objeto [object_1]: tipo=box  massa=1.0 kg  tamanho=[0.04, 0.04, 0.04]
  Target goal     : {'type': 'goal_sequence', 'targets': [{'name': 'target', 'position': [0.15000000596046448, 0.0, 0.019999999552965164]}], 'mode': 'goal_sequence'}
  Mesa            : 1.1x0.7x0.4 m  offset_x=-0.3
  Robô config     : control=ee  block_gripper=False  base=[-0.6, 0.0, 0.05]
  Scripts         : ['script_1', 'reach_only', 'left_right']
  Juntas ângulos  : [-0.01, +0.83, -0.01, -1.27, +0.00, +2.10, +0.77]
  Juntas veloc.   : [+0.00, +0.11, -0.00, -0.01, -0.00, +0.09, +0.00]
  Cubo rotação    : [-1.518, -0.023, -0.024]  (roll/pitch/yaw)
  Cubo vel.linear : [-0.004, +0.007, -0.079]
────────────────────────────────────────────
 Ep  1 | Step  58
────────────────────────────────────────────
  Task            : OBJECT_DELIVERY_SEQUENCE
  Action          : [+0.000, +0.000, -0.150, -1.000]
  EE posição      : [+0.150, -0.013, +0.142]
  EE velocidade   : [-0.006, +0.000, -0.082]
  Garra           : 0.036 m  (AGARRADA)  contatos=2
  Cubo posição    : [+0.171, -0.030, +0.159]
  Target (target): [+0.150, +0.000, +0.020]
  Dist EE→Cubo    : 0.0319 m
  Dist Cubo→target: 0.1440 m
  Reward          : -0.1440
  Sucesso         : False
  Obstáculo caminho: nao  (count: 0)
  Objeto [object_1]: tipo=box  massa=1.0 kg  tamanho=[0.04, 0.04, 0.04]
  Target goal     : {'type': 'goal_sequence', 'targets': [{'name': 'target', 'position': [0.15000000596046448, 0.0, 0.019999999552965164]}], 'mode': 'goal_sequence'}
  Mesa            : 1.1x0.7x0.4 m  offset_x=-0.3
  Robô config     : control=ee  block_gripper=False  base=[-0.6, 0.0, 0.05]
  Scripts         : ['script_1', 'reach_only', 'left_right']
  Juntas ângulos  : [-0.01, +0.84, -0.01, -1.27, +0.00, +2.11, +0.77]
  Juntas veloc.   : [+0.00, +0.11, +0.00, -0.01, -0.00, +0.09, +0.00]
  Cubo rotação    : [-1.518, -0.023, -0.024]  (roll/pitch/yaw)
  Cubo vel.linear : [-0.005, +0.007, -0.083]
────────────────────────────────────────────
 Ep  1 | Step  59
────────────────────────────────────────────
  Task            : OBJECT_DELIVERY_SEQUENCE
  Action          : [+0.000, +0.000, -0.150, -1.000]
  EE posição      : [+0.150, -0.013, +0.135]
  EE velocidade   : [-0.006, +0.000, -0.083]
  Garra           : 0.036 m  (AGARRADA)  contatos=2
  Cubo posição    : [+0.171, -0.029, +0.151]
  Target (target): [+0.150, +0.000, +0.020]
  Dist EE→Cubo    : 0.0318 m
  Dist Cubo→target: 0.1364 m
  Reward          : -0.1364
  Sucesso         : False
  Obstáculo caminho: nao  (count: 0)
  Objeto [object_1]: tipo=box  massa=1.0 kg  tamanho=[0.04, 0.04, 0.04]
  Target goal     : {'type': 'goal_sequence', 'targets': [{'name': 'target', 'position': [0.15000000596046448, 0.0, 0.019999999552965164]}], 'mode': 'goal_sequence'}
  Mesa            : 1.1x0.7x0.4 m  offset_x=-0.3
  Robô config     : control=ee  block_gripper=False  base=[-0.6, 0.0, 0.05]
  Scripts         : ['script_1', 'reach_only', 'left_right']
  Juntas ângulos  : [-0.01, +0.85, -0.01, -1.27, +0.00, +2.12, +0.77]
  Juntas veloc.   : [+0.00, +0.11, +0.00, -0.01, -0.00, +0.10, +0.00]
  Cubo rotação    : [-1.518, -0.023, -0.024]  (roll/pitch/yaw)
  Cubo vel.linear : [-0.006, +0.007, -0.083]
────────────────────────────────────────────
 Ep  1 | Step  60
────────────────────────────────────────────
  Task            : OBJECT_DELIVERY_SEQUENCE
  Action          : [+0.000, +0.000, -0.150, -1.000]
  EE posição      : [+0.150, -0.013, +0.127]
  EE velocidade   : [-0.007, +0.000, -0.084]
  Garra           : 0.036 m  (AGARRADA)  contatos=2
  Cubo posição    : [+0.171, -0.029, +0.144]
  Target (target): [+0.150, +0.000, +0.020]
  Dist EE→Cubo    : 0.0317 m
  Dist Cubo→target: 0.1287 m
  Reward          : -0.1287
  Sucesso         : False
  Obstáculo caminho: nao  (count: 0)
  Objeto [object_1]: tipo=box  massa=1.0 kg  tamanho=[0.04, 0.04, 0.04]
  Target goal     : {'type': 'goal_sequence', 'targets': [{'name': 'target', 'position': [0.15000000596046448, 0.0, 0.019999999552965164]}], 'mode': 'goal_sequence'}
  Mesa            : 1.1x0.7x0.4 m  offset_x=-0.3
  Robô config     : control=ee  block_gripper=False  base=[-0.6, 0.0, 0.05]
  Scripts         : ['script_1', 'reach_only', 'left_right']
  Juntas ângulos  : [-0.01, +0.87, -0.00, -1.27, +0.00, +2.13, +0.77]
  Juntas veloc.   : [+0.00, +0.12, +0.00, -0.01, -0.00, +0.10, +0.00]
  Cubo rotação    : [-1.518, -0.023, -0.024]  (roll/pitch/yaw)
  Cubo vel.linear : [-0.007, +0.007, -0.085]
────────────────────────────────────────────
 Ep  1 | Step  61
────────────────────────────────────────────
  Task            : OBJECT_DELIVERY_SEQUENCE
  Action          : [+0.000, +0.000, -0.150, -1.000]
  EE posição      : [+0.150, -0.013, +0.119]
  EE velocidade   : [-0.008, +0.000, -0.085]
  Garra           : 0.036 m  (AGARRADA)  contatos=2
  Cubo posição    : [+0.171, -0.029, +0.136]
  Target (target): [+0.150, +0.000, +0.020]
  Dist EE→Cubo    : 0.0316 m
  Dist Cubo→target: 0.1211 m
  Reward          : -0.1211
  Sucesso         : False
  Obstáculo caminho: nao  (count: 0)
  Objeto [object_1]: tipo=box  massa=1.0 kg  tamanho=[0.04, 0.04, 0.04]
  Target goal     : {'type': 'goal_sequence', 'targets': [{'name': 'target', 'position': [0.15000000596046448, 0.0, 0.019999999552965164]}], 'mode': 'goal_sequence'}
  Mesa            : 1.1x0.7x0.4 m  offset_x=-0.3
  Robô config     : control=ee  block_gripper=False  base=[-0.6, 0.0, 0.05]
  Scripts         : ['script_1', 'reach_only', 'left_right']
  Juntas ângulos  : [-0.01, +0.88, -0.00, -1.27, +0.00, +2.15, +0.77]
  Juntas veloc.   : [+0.00, +0.12, +0.00, -0.01, -0.00, +0.09, +0.00]
  Cubo rotação    : [-1.518, -0.023, -0.024]  (roll/pitch/yaw)
  Cubo vel.linear : [-0.008, +0.007, -0.086]
────────────────────────────────────────────
 Ep  1 | Step  62
────────────────────────────────────────────
  Task            : OBJECT_DELIVERY_SEQUENCE
  Action          : [+0.000, +0.000, -0.150, -1.000]
  EE posição      : [+0.149, -0.013, +0.111]
  EE velocidade   : [-0.009, +0.000, -0.086]
  Garra           : 0.036 m  (AGARRADA)  contatos=2
  Cubo posição    : [+0.171, -0.028, +0.128]
  Target (target): [+0.150, +0.000, +0.020]
  Dist EE→Cubo    : 0.0315 m
  Dist Cubo→target: 0.1135 m
  Reward          : -0.1135
  Sucesso         : False
  Obstáculo caminho: nao  (count: 0)
  Objeto [object_1]: tipo=box  massa=1.0 kg  tamanho=[0.04, 0.04, 0.04]
  Target goal     : {'type': 'goal_sequence', 'targets': [{'name': 'target', 'position': [0.15000000596046448, 0.0, 0.019999999552965164]}], 'mode': 'goal_sequence'}
  Mesa            : 1.1x0.7x0.4 m  offset_x=-0.3
  Robô config     : control=ee  block_gripper=False  base=[-0.6, 0.0, 0.05]
  Scripts         : ['script_1', 'reach_only', 'left_right']
  Juntas ângulos  : [-0.01, +0.89, -0.00, -1.27, +0.00, +2.16, +0.77]
  Juntas veloc.   : [+0.00, +0.12, +0.00, -0.01, -0.00, +0.09, +0.00]
  Cubo rotação    : [-1.518, -0.023, -0.024]  (roll/pitch/yaw)
  Cubo vel.linear : [-0.009, +0.007, -0.087]
────────────────────────────────────────────
 Ep  1 | Step  63
────────────────────────────────────────────
  Task            : OBJECT_DELIVERY_SEQUENCE
  Action          : [+0.000, +0.000, -0.150, -1.000]
  EE posição      : [+0.149, -0.013, +0.103]
  EE velocidade   : [-0.011, +0.000, -0.087]
  Garra           : 0.036 m  (AGARRADA)  contatos=2
  Cubo posição    : [+0.171, -0.028, +0.120]
  Target (target): [+0.150, +0.000, +0.020]
  Dist EE→Cubo    : 0.0314 m
  Dist Cubo→target: 0.1059 m
  Reward          : -0.1059
  Sucesso         : False
  Obstáculo caminho: nao  (count: 0)
  Objeto [object_1]: tipo=box  massa=1.0 kg  tamanho=[0.04, 0.04, 0.04]
  Target goal     : {'type': 'goal_sequence', 'targets': [{'name': 'target', 'position': [0.15000000596046448, 0.0, 0.019999999552965164]}], 'mode': 'goal_sequence'}
  Mesa            : 1.1x0.7x0.4 m  offset_x=-0.3
  Robô config     : control=ee  block_gripper=False  base=[-0.6, 0.0, 0.05]
  Scripts         : ['script_1', 'reach_only', 'left_right']
  Juntas ângulos  : [-0.01, +0.90, -0.00, -1.27, +0.00, +2.17, +0.77]
  Juntas veloc.   : [+0.00, +0.12, +0.00, -0.00, +0.00, +0.09, +0.00]
  Cubo rotação    : [-1.518, -0.023, -0.024]  (roll/pitch/yaw)
  Cubo vel.linear : [-0.010, +0.007, -0.088]
────────────────────────────────────────────
 Ep  1 | Step  64
────────────────────────────────────────────
  Task            : OBJECT_DELIVERY_SEQUENCE
  Action          : [+0.000, +0.000, -0.150, -1.000]
  EE posição      : [+0.149, -0.013, +0.095]
  EE velocidade   : [-0.012, +0.000, -0.088]
  Garra           : 0.036 m  (AGARRADA)  contatos=2
  Cubo posição    : [+0.170, -0.028, +0.112]
  Target (target): [+0.150, +0.000, +0.020]
  Dist EE→Cubo    : 0.0313 m
  Dist Cubo→target: 0.0983 m
  Reward          : -0.0983
  Sucesso         : False
  Obstáculo caminho: nao  (count: 0)
  Objeto [object_1]: tipo=box  massa=1.0 kg  tamanho=[0.04, 0.04, 0.04]
  Target goal     : {'type': 'goal_sequence', 'targets': [{'name': 'target', 'position': [0.15000000596046448, 0.0, 0.019999999552965164]}], 'mode': 'goal_sequence'}
  Mesa            : 1.1x0.7x0.4 m  offset_x=-0.3
  Robô config     : control=ee  block_gripper=False  base=[-0.6, 0.0, 0.05]
  Scripts         : ['script_1', 'reach_only', 'left_right']
  Juntas ângulos  : [-0.01, +0.91, -0.00, -1.27, +0.00, +2.18, +0.77]
  Juntas veloc.   : [+0.00, +0.13, +0.00, -0.00, +0.00, +0.09, +0.00]
  Cubo rotação    : [-1.518, -0.023, -0.024]  (roll/pitch/yaw)
  Cubo vel.linear : [-0.011, +0.007, -0.089]
────────────────────────────────────────────
 Ep  1 | Step  65
────────────────────────────────────────────
  Task            : OBJECT_DELIVERY_SEQUENCE
  Action          : [+0.000, +0.000, -0.150, -1.000]
  EE posição      : [+0.149, -0.013, +0.087]
  EE velocidade   : [-0.012, +0.000, -0.089]
  Garra           : 0.036 m  (AGARRADA)  contatos=2
  Cubo posição    : [+0.170, -0.028, +0.104]
  Target (target): [+0.150, +0.000, +0.020]
  Dist EE→Cubo    : 0.0312 m
  Dist Cubo→target: 0.0908 m
  Reward          : -0.0908
  Sucesso         : False
  Obstáculo caminho: nao  (count: 0)
  Objeto [object_1]: tipo=box  massa=1.0 kg  tamanho=[0.04, 0.04, 0.04]
  Target goal     : {'type': 'goal_sequence', 'targets': [{'name': 'target', 'position': [0.15000000596046448, 0.0, 0.019999999552965164]}], 'mode': 'goal_sequence'}
  Mesa            : 1.1x0.7x0.4 m  offset_x=-0.3
  Robô config     : control=ee  block_gripper=False  base=[-0.6, 0.0, 0.05]
  Scripts         : ['script_1', 'reach_only', 'left_right']
  Juntas ângulos  : [-0.01, +0.92, -0.00, -1.28, +0.00, +2.20, +0.77]
  Juntas veloc.   : [+0.00, +0.13, +0.00, -0.00, +0.00, +0.09, +0.00]
  Cubo rotação    : [-1.518, -0.023, -0.024]  (roll/pitch/yaw)
  Cubo vel.linear : [-0.012, +0.007, -0.089]
────────────────────────────────────────────
 Ep  1 | Step  66
────────────────────────────────────────────
  Task            : OBJECT_DELIVERY_SEQUENCE
  Action          : [+0.000, +0.000, -0.150, -1.000]
  EE posição      : [+0.148, -0.013, +0.079]
  EE velocidade   : [-0.013, +0.000, -0.088]
  Garra           : 0.036 m  (AGARRADA)  contatos=2
  Cubo posição    : [+0.170, -0.027, +0.096]
  Target (target): [+0.150, +0.000, +0.020]
  Dist EE→Cubo    : 0.0311 m
  Dist Cubo→target: 0.0834 m
  Reward          : -0.0834
  Sucesso         : False
  Obstáculo caminho: nao  (count: 0)
  Objeto [object_1]: tipo=box  massa=1.0 kg  tamanho=[0.04, 0.04, 0.04]
  Target goal     : {'type': 'goal_sequence', 'targets': [{'name': 'target', 'position': [0.15000000596046448, 0.0, 0.019999999552965164]}], 'mode': 'goal_sequence'}
  Mesa            : 1.1x0.7x0.4 m  offset_x=-0.3
  Robô config     : control=ee  block_gripper=False  base=[-0.6, 0.0, 0.05]
  Scripts         : ['script_1', 'reach_only', 'left_right']
  Juntas ângulos  : [-0.01, +0.93, -0.00, -1.28, +0.00, +2.21, +0.77]
  Juntas veloc.   : [+0.00, +0.13, +0.00, +0.00, +0.00, +0.09, +0.00]
  Cubo rotação    : [-1.518, -0.023, -0.024]  (roll/pitch/yaw)
  Cubo vel.linear : [-0.012, +0.007, -0.088]
────────────────────────────────────────────
 Ep  1 | Step  67
────────────────────────────────────────────
  Task            : OBJECT_DELIVERY_SEQUENCE
  Action          : [+0.000, +0.000, -0.150, -1.000]
  EE posição      : [+0.148, -0.013, +0.072]
  EE velocidade   : [-0.014, +0.000, -0.089]
  Garra           : 0.036 m  (AGARRADA)  contatos=2
  Cubo posição    : [+0.169, -0.027, +0.088]
  Target (target): [+0.150, +0.000, +0.020]
  Dist EE→Cubo    : 0.0309 m
  Dist Cubo→target: 0.0760 m
  Reward          : -0.0760
  Sucesso         : False
  Obstáculo caminho: nao  (count: 0)
  Objeto [object_1]: tipo=box  massa=1.0 kg  tamanho=[0.04, 0.04, 0.04]
  Target goal     : {'type': 'goal_sequence', 'targets': [{'name': 'target', 'position': [0.15000000596046448, 0.0, 0.019999999552965164]}], 'mode': 'goal_sequence'}
  Mesa            : 1.1x0.7x0.4 m  offset_x=-0.3
  Robô config     : control=ee  block_gripper=False  base=[-0.6, 0.0, 0.05]
  Scripts         : ['script_1', 'reach_only', 'left_right']
  Juntas ângulos  : [-0.01, +0.95, -0.00, -1.27, +0.00, +2.22, +0.77]
  Juntas veloc.   : [+0.00, +0.13, +0.00, +0.00, +0.00, +0.09, +0.00]
  Cubo rotação    : [-1.518, -0.023, -0.024]  (roll/pitch/yaw)
  Cubo vel.linear : [-0.014, +0.007, -0.090]
────────────────────────────────────────────
 Ep  1 | Step  68
────────────────────────────────────────────
  Task            : OBJECT_DELIVERY_SEQUENCE
  Action          : [+0.000, +0.000, -0.150, -1.000]
  EE posição      : [+0.147, -0.013, +0.064]
  EE velocidade   : [-0.016, +0.000, -0.091]
  Garra           : 0.036 m  (AGARRADA)  contatos=2
  Cubo posição    : [+0.169, -0.027, +0.080]
  Target (target): [+0.150, +0.000, +0.020]
  Dist EE→Cubo    : 0.0308 m
  Dist Cubo→target: 0.0687 m
  Reward          : -0.0687
  Sucesso         : False
  Obstáculo caminho: nao  (count: 0)
  Objeto [object_1]: tipo=box  massa=1.0 kg  tamanho=[0.04, 0.04, 0.04]
  Target goal     : {'type': 'goal_sequence', 'targets': [{'name': 'target', 'position': [0.15000000596046448, 0.0, 0.019999999552965164]}], 'mode': 'goal_sequence'}
  Mesa            : 1.1x0.7x0.4 m  offset_x=-0.3
  Robô config     : control=ee  block_gripper=False  base=[-0.6, 0.0, 0.05]
  Scripts         : ['script_1', 'reach_only', 'left_right']
  Juntas ângulos  : [-0.01, +0.96, -0.00, -1.27, +0.00, +2.23, +0.77]
  Juntas veloc.   : [+0.00, +0.13, +0.00, +0.00, +0.00, +0.09, +0.00]
  Cubo rotação    : [-1.518, -0.022, -0.024]  (roll/pitch/yaw)
  Cubo vel.linear : [-0.015, +0.007, -0.092]
────────────────────────────────────────────
 Ep  1 | Step  69
────────────────────────────────────────────
  Task            : OBJECT_DELIVERY_SEQUENCE
  Action          : [+0.000, +0.000, -0.150, -1.000]
  EE posição      : [+0.146, -0.013, +0.056]
  EE velocidade   : [-0.017, +0.000, -0.092]
  Garra           : 0.036 m  (AGARRADA)  contatos=2
  Cubo posição    : [+0.168, -0.027, +0.073]
  Target (target): [+0.150, +0.000, +0.020]
  Dist EE→Cubo    : 0.0307 m
  Dist Cubo→target: 0.0615 m
  Reward          : -0.0615
  Sucesso         : False
  Obstáculo caminho: nao  (count: 0)
  Objeto [object_1]: tipo=box  massa=1.0 kg  tamanho=[0.04, 0.04, 0.04]
  Target goal     : {'type': 'goal_sequence', 'targets': [{'name': 'target', 'position': [0.15000000596046448, 0.0, 0.019999999552965164]}], 'mode': 'goal_sequence'}
  Mesa            : 1.1x0.7x0.4 m  offset_x=-0.3
  Robô config     : control=ee  block_gripper=False  base=[-0.6, 0.0, 0.05]
  Scripts         : ['script_1', 'reach_only', 'left_right']
  Juntas ângulos  : [-0.01, +0.97, -0.00, -1.27, +0.00, +2.24, +0.77]
  Juntas veloc.   : [+0.00, +0.14, +0.00, +0.01, +0.00, +0.09, +0.00]
  Cubo rotação    : [-1.518, -0.022, -0.024]  (roll/pitch/yaw)
  Cubo vel.linear : [-0.016, +0.006, -0.093]
────────────────────────────────────────────
 Ep  1 | Step  70
────────────────────────────────────────────
  Task            : OBJECT_DELIVERY_SEQUENCE
  Action          : [+0.000, +0.000, -0.150, -1.000]
  EE posição      : [+0.146, -0.013, +0.048]
  EE velocidade   : [-0.018, +0.000, -0.092]
  Garra           : 0.036 m  (AGARRADA)  contatos=2
  Cubo posição    : [+0.167, -0.026, +0.065]
  Target (target): [+0.150, +0.000, +0.020]
  Dist EE→Cubo    : 0.0306 m
  Dist Cubo→target: 0.0545 m
  Reward          : -0.0545
  Sucesso         : False
  Obstáculo caminho: nao  (count: 0)
  Objeto [object_1]: tipo=box  massa=1.0 kg  tamanho=[0.04, 0.04, 0.04]
  Target goal     : {'type': 'goal_sequence', 'targets': [{'name': 'target', 'position': [0.15000000596046448, 0.0, 0.019999999552965164]}], 'mode': 'goal_sequence'}
  Mesa            : 1.1x0.7x0.4 m  offset_x=-0.3
  Robô config     : control=ee  block_gripper=False  base=[-0.6, 0.0, 0.05]
  Scripts         : ['script_1', 'reach_only', 'left_right']
  Juntas ângulos  : [-0.01, +0.98, -0.00, -1.27, +0.00, +2.25, +0.77]
  Juntas veloc.   : [+0.00, +0.14, +0.00, +0.01, +0.00, +0.09, +0.00]
  Cubo rotação    : [-1.518, -0.022, -0.024]  (roll/pitch/yaw)
  Cubo vel.linear : [-0.017, +0.006, -0.093]
────────────────────────────────────────────
 Ep  1 | Step  71
────────────────────────────────────────────
  Task            : OBJECT_DELIVERY_SEQUENCE
  Action          : [+0.000, +0.000, -0.138, -1.000]
  EE posição      : [+0.145, -0.013, +0.041]
  EE velocidade   : [-0.009, +0.000, -0.064]
  Garra           : 0.036 m  (AGARRADA)  contatos=2
  Cubo posição    : [+0.167, -0.026, +0.058]
  Target (target): [+0.150, +0.000, +0.020]
  Dist EE→Cubo    : 0.0306 m
  Dist Cubo→target: 0.0487 m
  Reward          : -0.0487
  Sucesso         : False
  Obstáculo caminho: nao  (count: 0)
  Objeto [object_1]: tipo=box  massa=1.0 kg  tamanho=[0.04, 0.04, 0.04]
  Target goal     : {'type': 'goal_sequence', 'targets': [{'name': 'target', 'position': [0.15000000596046448, 0.0, 0.019999999552965164]}], 'mode': 'goal_sequence'}
  Mesa            : 1.1x0.7x0.4 m  offset_x=-0.3
  Robô config     : control=ee  block_gripper=False  base=[-0.6, 0.0, 0.05]
  Scripts         : ['script_1', 'reach_only', 'left_right']
  Juntas ângulos  : [-0.01, +1.00, -0.00, -1.27, +0.00, +2.27, +0.77]
  Juntas veloc.   : [+0.00, +0.10, +0.00, +0.01, +0.00, +0.08, +0.00]
  Cubo rotação    : [-1.518, -0.023, -0.024]  (roll/pitch/yaw)
  Cubo vel.linear : [-0.009, +0.006, -0.065]
────────────────────────────────────────────
 Ep  1 | Step  72
────────────────────────────────────────────
  Task            : OBJECT_DELIVERY_SEQUENCE
  Action          : [+0.000, +0.000, -0.103, -1.000]
  EE posição      : [+0.145, -0.012, +0.036]
  EE velocidade   : [+0.002, +0.000, -0.024]
  Garra           : 0.036 m  (AGARRADA)  contatos=2
  Cubo posição    : [+0.166, -0.026, +0.053]
  Target (target): [+0.150, +0.000, +0.020]
  Dist EE→Cubo    : 0.0306 m
  Dist Cubo→target: 0.0450 m
  Reward          : -0.0450
  Sucesso         : False
  Obstáculo caminho: nao  (count: 0)
  Objeto [object_1]: tipo=box  massa=1.0 kg  tamanho=[0.04, 0.04, 0.04]
  Target goal     : {'type': 'goal_sequence', 'targets': [{'name': 'target', 'position': [0.15000000596046448, 0.0, 0.019999999552965164]}], 'mode': 'goal_sequence'}
  Mesa            : 1.1x0.7x0.4 m  offset_x=-0.3
  Robô config     : control=ee  block_gripper=False  base=[-0.6, 0.0, 0.05]
  Scripts         : ['script_1', 'reach_only', 'left_right']
  Juntas ângulos  : [-0.01, +1.00, -0.00, -1.27, +0.00, +2.27, +0.77]
  Juntas veloc.   : [+0.00, +0.04, +0.00, +0.00, +0.00, +0.06, +0.00]
  Cubo rotação    : [-1.518, -0.024, -0.024]  (roll/pitch/yaw)
  Cubo vel.linear : [+0.002, +0.006, -0.024]
────────────────────────────────────────────
 Ep  1 | Step  73
────────────────────────────────────────────
  Task            : OBJECT_DELIVERY_SEQUENCE
  Action          : [+0.000, +0.000, -0.080, -1.000]
  EE posição      : [+0.145, -0.012, +0.033]
  EE velocidade   : [-0.003, +0.000, -0.028]
  Garra           : 0.036 m  (AGARRADA)  contatos=2
  Cubo posição    : [+0.166, -0.026, +0.050]
  Target (target): [+0.150, +0.000, +0.020]
  Dist EE→Cubo    : 0.0304 m
  Dist Cubo→target: 0.0423 m
  Reward          : -0.0423
  Sucesso         : False
  Obstáculo caminho: nao  (count: 0)
  Objeto [object_1]: tipo=box  massa=1.0 kg  tamanho=[0.04, 0.04, 0.04]
  Target goal     : {'type': 'goal_sequence', 'targets': [{'name': 'target', 'position': [0.15000000596046448, 0.0, 0.019999999552965164]}], 'mode': 'goal_sequence'}
  Mesa            : 1.1x0.7x0.4 m  offset_x=-0.3
  Robô config     : control=ee  block_gripper=False  base=[-0.6, 0.0, 0.05]
  Scripts         : ['script_1', 'reach_only', 'left_right']
  Juntas ângulos  : [-0.01, +1.01, -0.00, -1.27, +0.00, +2.28, +0.77]
  Juntas veloc.   : [+0.00, +0.05, +0.00, +0.01, +0.00, +0.04, +0.00]
  Cubo rotação    : [-1.518, -0.025, -0.024]  (roll/pitch/yaw)
  Cubo vel.linear : [-0.003, +0.006, -0.028]
────────────────────────────────────────────
 Ep  1 | Step  74
────────────────────────────────────────────
  Task            : OBJECT_DELIVERY_SEQUENCE
  Action          : [+0.000, +0.000, +0.000, +1.000]
  EE posição      : [+0.145, -0.012, +0.033]
  EE velocidade   : [+0.000, -0.000, +0.000]
  Garra           : 0.075 m  (ABERTA)  contatos=0
  Cubo posição    : [+0.166, -0.025, +0.040]
  Target (target): [+0.150, +0.000, +0.020]
  Dist EE→Cubo    : 0.0262 m
  Dist Cubo→target: 0.0362 m
  Reward          : -0.0362
  Sucesso         : False
  Obstáculo caminho: nao  (count: 0)
  Objeto [object_1]: tipo=box  massa=1.0 kg  tamanho=[0.04, 0.04, 0.04]
  Target goal     : {'type': 'goal_sequence', 'targets': [{'name': 'target', 'position': [0.15000000596046448, 0.0, 0.019999999552965164]}], 'mode': 'goal_sequence'}
  Mesa            : 1.1x0.7x0.4 m  offset_x=-0.3
  Robô config     : control=ee  block_gripper=False  base=[-0.6, 0.0, 0.05]
  Scripts         : ['script_1', 'reach_only', 'left_right']
  Juntas ângulos  : [-0.01, +1.01, -0.00, -1.27, +0.00, +2.28, +0.77]
  Juntas veloc.   : [+0.00, -0.00, -0.00, -0.00, -0.00, -0.00, +0.00]
  Cubo rotação    : [-1.518, -0.025, -0.024]  (roll/pitch/yaw)
  Cubo vel.linear : [-0.003, +0.006, -0.420]
────────────────────────────────────────────
 Ep  1 | Step  75
────────────────────────────────────────────
  Task            : OBJECT_DELIVERY_SEQUENCE
  Action          : [+0.000, +0.000, +0.000, +1.000]
  EE posição      : [+0.145, -0.012, +0.033]
  EE velocidade   : [-0.000, -0.000, -0.000]
  Garra           : 0.079 m  (ABERTA)  contatos=0
  Cubo posição    : [+0.166, -0.025, +0.020]
  Target (target): [+0.150, +0.000, +0.020]
  Dist EE→Cubo    : 0.0280 m
  Dist Cubo→target: 0.0296 m
  Reward          : -0.0296
  Sucesso         : False
  Obstáculo caminho: nao  (count: 0)
  Objeto [object_1]: tipo=box  massa=1.0 kg  tamanho=[0.04, 0.04, 0.04]
  Target goal     : {'type': 'goal_sequence', 'targets': [{'name': 'target', 'position': [0.15000000596046448, 0.0, 0.019999999552965164]}], 'mode': 'goal_sequence'}
  Mesa            : 1.1x0.7x0.4 m  offset_x=-0.3
  Robô config     : control=ee  block_gripper=False  base=[-0.6, 0.0, 0.05]
  Scripts         : ['script_1', 'reach_only', 'left_right']
  Juntas ângulos  : [-0.01, +1.01, -0.00, -1.27, +0.00, +2.28, +0.77]
  Juntas veloc.   : [+0.00, -0.00, -0.00, -0.00, -0.00, +0.00, +0.00]
  Cubo rotação    : [-1.567, +0.020, -0.024]  (roll/pitch/yaw)
  Cubo vel.linear : [-0.019, +0.005, +0.014]
────────────────────────────────────────────
 Ep  1 | Step  76
────────────────────────────────────────────
  Task            : OBJECT_DELIVERY_SEQUENCE
  Action          : [+0.000, +0.000, +0.000, +1.000]
  EE posição      : [+0.145, -0.012, +0.032]
  EE velocidade   : [-0.000, -0.000, -0.000]
  Garra           : 0.080 m  (ABERTA)  contatos=0
  Cubo posição    : [+0.166, -0.025, +0.020]
  Target (target): [+0.150, +0.000, +0.020]
  Dist EE→Cubo    : 0.0276 m
  Dist Cubo→target: 0.0293 m
  Reward          : -0.0293
  Sucesso         : False
  Obstáculo caminho: nao  (count: 0)
  Objeto [object_1]: tipo=box  massa=1.0 kg  tamanho=[0.04, 0.04, 0.04]
  Target goal     : {'type': 'goal_sequence', 'targets': [{'name': 'target', 'position': [0.15000000596046448, 0.0, 0.019999999552965164]}], 'mode': 'goal_sequence'}
  Mesa            : 1.1x0.7x0.4 m  offset_x=-0.3
  Robô config     : control=ee  block_gripper=False  base=[-0.6, 0.0, 0.05]
  Scripts         : ['script_1', 'reach_only', 'left_right']
  Juntas ângulos  : [-0.01, +1.01, -0.00, -1.27, +0.00, +2.28, +0.77]
  Juntas veloc.   : [+0.00, -0.00, -0.00, -0.00, -0.00, +0.00, +0.00]
  Cubo rotação    : [-1.571, +0.003, -0.024]  (roll/pitch/yaw)
  Cubo vel.linear : [-0.003, +0.000, +0.003]
────────────────────────────────────────────
 Ep  1 | Step  77
────────────────────────────────────────────
  Task            : OBJECT_DELIVERY_SEQUENCE
  Action          : [+0.000, +0.000, +0.000, +1.000]
  EE posição      : [+0.145, -0.012, +0.032]
  EE velocidade   : [-0.000, -0.000, -0.000]
  Garra           : 0.080 m  (ABERTA)  contatos=0
  Cubo posição    : [+0.166, -0.025, +0.020]
  Target (target): [+0.150, +0.000, +0.020]
  Dist EE→Cubo    : 0.0275 m
  Dist Cubo→target: 0.0293 m
  Reward          : -0.0293
  Sucesso         : False
  Obstáculo caminho: nao  (count: 0)
  Objeto [object_1]: tipo=box  massa=1.0 kg  tamanho=[0.04, 0.04, 0.04]
  Target goal     : {'type': 'goal_sequence', 'targets': [{'name': 'target', 'position': [0.15000000596046448, 0.0, 0.019999999552965164]}], 'mode': 'goal_sequence'}
  Mesa            : 1.1x0.7x0.4 m  offset_x=-0.3
  Robô config     : control=ee  block_gripper=False  base=[-0.6, 0.0, 0.05]
  Scripts         : ['script_1', 'reach_only', 'left_right']
  Juntas ângulos  : [-0.01, +1.01, -0.00, -1.27, +0.00, +2.28, +0.77]
  Juntas veloc.   : [+0.00, -0.00, -0.00, -0.00, +0.00, +0.00, -0.00]
  Cubo rotação    : [-1.571, +0.001, -0.024]  (roll/pitch/yaw)
  Cubo vel.linear : [-0.000, +0.000, +0.000]
────────────────────────────────────────────
 Ep  1 | Step  78
────────────────────────────────────────────
  Task            : OBJECT_DELIVERY_SEQUENCE
  Action          : [+0.000, +0.000, +0.000, +1.000]
  EE posição      : [+0.145, -0.012, +0.032]
  EE velocidade   : [-0.000, -0.000, -0.000]
  Garra           : 0.080 m  (ABERTA)  contatos=0
  Cubo posição    : [+0.166, -0.025, +0.020]
  Target (target): [+0.150, +0.000, +0.020]
  Dist EE→Cubo    : 0.0275 m
  Dist Cubo→target: 0.0293 m
  Reward          : -0.0293
  Sucesso         : False
  Obstáculo caminho: nao  (count: 0)
  Objeto [object_1]: tipo=box  massa=1.0 kg  tamanho=[0.04, 0.04, 0.04]
  Target goal     : {'type': 'goal_sequence', 'targets': [{'name': 'target', 'position': [0.15000000596046448, 0.0, 0.019999999552965164]}], 'mode': 'goal_sequence'}
  Mesa            : 1.1x0.7x0.4 m  offset_x=-0.3
  Robô config     : control=ee  block_gripper=False  base=[-0.6, 0.0, 0.05]
  Scripts         : ['script_1', 'reach_only', 'left_right']
  Juntas ângulos  : [-0.01, +1.01, -0.00, -1.27, +0.00, +2.28, +0.77]
  Juntas veloc.   : [+0.00, -0.00, -0.00, -0.00, +0.00, +0.00, -0.00]
  Cubo rotação    : [-1.571, +0.000, -0.024]  (roll/pitch/yaw)
  Cubo vel.linear : [-0.000, +0.000, +0.000]
────────────────────────────────────────────
 Ep  1 | Step  79
────────────────────────────────────────────
  Task            : OBJECT_DELIVERY_SEQUENCE
  Action          : [+0.000, +0.000, +0.000, +0.000]
  EE posição      : [+0.145, -0.012, +0.032]
  EE velocidade   : [-0.000, -0.000, -0.000]
  Garra           : 0.080 m  (ABERTA)  contatos=0
  Cubo posição    : [+0.166, -0.025, +0.020]
  Target (target): [+0.150, +0.000, +0.020]
  Dist EE→Cubo    : 0.0275 m
  Dist Cubo→target: 0.0293 m
  Reward          : -0.0293
  Sucesso         : True
  Obstáculo caminho: nao  (count: 0)
  Objeto [object_1]: tipo=box  massa=1.0 kg  tamanho=[0.04, 0.04, 0.04]
  Target goal     : {'type': 'goal_sequence', 'targets': [{'name': 'target', 'position': [0.15000000596046448, 0.0, 0.019999999552965164]}], 'mode': 'goal_sequence'}
  Mesa            : 1.1x0.7x0.4 m  offset_x=-0.3
  Robô config     : control=ee  block_gripper=False  base=[-0.6, 0.0, 0.05]
  Scripts         : ['script_1', 'reach_only', 'left_right']
  Juntas ângulos  : [-0.01, +1.01, -0.00, -1.27, +0.00, +2.28, +0.77]
  Juntas veloc.   : [+0.00, -0.00, -0.00, -0.00, +0.00, +0.00, -0.00]
  Cubo rotação    : [-1.571, +0.000, -0.024]  (roll/pitch/yaw)
  Cubo vel.linear : [-0.000, +0.000, +0.000]
