────────────────────────────────────────────
 Ep  1 | Step   1
────────────────────────────────────────────
  Task            : OBJECT_DELIVERY_SEQUENCE
  Action          : [-0.984, +0.000, -0.179, +1.000]
  EE posição      : [+0.009, +0.000, +0.191]
  EE velocidade   : [-0.416, +0.000, -0.050]
  Garra           : 0.070 m  (ABERTA)  contatos=0
  Cubo posição    : [-0.250, -0.002, +0.020]
  Target (target): [+0.150, +0.000, +0.020]
  Dist EE→Cubo    : 0.3106 m
  Dist Cubo→target: 0.4000 m
  Reward          : -0.4000
  Sucesso         : False
  Obstáculo caminho: nao  (count: 0)
  Objeto [object_1]: tipo=box  massa=1.0 kg  tamanho=[0.04, 0.04, 0.04]
  Objeto [unknown_object]: tipo=box  massa=0.3 kg  tamanho=[0.04, 0.01, 0.04]
  Target goal     : {'type': 'goal_sequence', 'targets': [{'name': 'target', 'position': [0.15000000596046448, 0.0, 0.019999999552965164]}], 'mode': 'goal_sequence'}
  Mesa            : 1.1x0.7x0.4 m  offset_x=-0.3
  Robô config     : control=ee  block_gripper=False  base=[-0.6, 0.0, 0.05]
  Scripts         : ['script_1', 'reach_only', 'left_right']
  Juntas ângulos  : [-0.00, +0.34, +0.00, -1.98, -0.00, +2.32, +0.79]
  Juntas veloc.   : [-0.00, -0.95, +0.01, -1.57, -0.00, +0.45, -0.03]
  Cubo rotação    : [+0.000, +0.000, -0.000]  (roll/pitch/yaw)
  Cubo vel.linear : [+0.000, -0.039, +0.000]
────────────────────────────────────────────
 Ep  1 | Step   2
────────────────────────────────────────────
  Task            : OBJECT_DELIVERY_SEQUENCE
  Action          : [-0.985, -0.008, -0.173, +1.000]
  EE posição      : [-0.022, -0.000, +0.184]
  EE velocidade   : [-0.369, -0.002, -0.076]
  Garra           : 0.079 m  (ABERTA)  contatos=0
  Cubo posição    : [-0.250, -0.003, +0.020]
  Target (target): [+0.150, +0.000, +0.020]
  Dist EE→Cubo    : 0.2806 m
  Dist Cubo→target: 0.4000 m
  Reward          : -0.4000
  Sucesso         : False
  Obstáculo caminho: nao  (count: 0)
  Objeto [object_1]: tipo=box  massa=1.0 kg  tamanho=[0.04, 0.04, 0.04]
  Objeto [unknown_object]: tipo=box  massa=0.3 kg  tamanho=[0.04, 0.01, 0.04]
  Target goal     : {'type': 'goal_sequence', 'targets': [{'name': 'target', 'position': [0.15000000596046448, 0.0, 0.019999999552965164]}], 'mode': 'goal_sequence'}
  Mesa            : 1.1x0.7x0.4 m  offset_x=-0.3
  Robô config     : control=ee  block_gripper=False  base=[-0.6, 0.0, 0.05]
  Scripts         : ['script_1', 'reach_only', 'left_right']
  Juntas ângulos  : [-0.00, +0.27, +0.00, -2.11, -0.00, +2.38, +0.79]
  Juntas veloc.   : [-0.00, -0.76, -0.00, -1.33, +0.00, +0.44, -0.01]
  Cubo rotação    : [+0.000, +0.000, -0.000]  (roll/pitch/yaw)
  Cubo vel.linear : [-0.000, -0.008, +0.000]
────────────────────────────────────────────
 Ep  1 | Step   3
────────────────────────────────────────────
  Task            : OBJECT_DELIVERY_SEQUENCE
  Action          : [-0.985, -0.011, -0.170, +1.000]
  EE posição      : [-0.056, -0.001, +0.177]
  EE velocidade   : [-0.389, -0.003, -0.065]
  Garra           : 0.080 m  (ABERTA)  contatos=0
  Cubo posição    : [-0.250, -0.003, +0.020]
  Target (target): [+0.150, +0.000, +0.020]
  Dist EE→Cubo    : 0.2502 m
  Dist Cubo→target: 0.4000 m
  Reward          : -0.4000
  Sucesso         : False
  Obstáculo caminho: nao  (count: 0)
  Objeto [object_1]: tipo=box  massa=1.0 kg  tamanho=[0.04, 0.04, 0.04]
  Objeto [unknown_object]: tipo=box  massa=0.3 kg  tamanho=[0.04, 0.01, 0.04]
  Target goal     : {'type': 'goal_sequence', 'targets': [{'name': 'target', 'position': [0.15000000596046448, 0.0, 0.019999999552965164]}], 'mode': 'goal_sequence'}
  Mesa            : 1.1x0.7x0.4 m  offset_x=-0.3
  Robô config     : control=ee  block_gripper=False  base=[-0.6, 0.0, 0.05]
  Scripts         : ['script_1', 'reach_only', 'left_right']
  Juntas ângulos  : [-0.00, +0.20, +0.00, -2.23, -0.00, +2.43, +0.78]
  Juntas veloc.   : [-0.00, -0.80, -0.00, -1.34, +0.00, +0.43, -0.01]
  Cubo rotação    : [+0.000, -0.000, -0.000]  (roll/pitch/yaw)
  Cubo vel.linear : [-0.000, -0.001, -0.000]
────────────────────────────────────────────
 Ep  1 | Step   4
────────────────────────────────────────────
  Task            : OBJECT_DELIVERY_SEQUENCE
  Action          : [-0.986, -0.011, -0.164, +1.000]
  EE posição      : [-0.090, -0.001, +0.171]
  EE velocidade   : [-0.401, -0.003, -0.070]
  Garra           : 0.080 m  (ABERTA)  contatos=0
  Cubo posição    : [-0.250, -0.003, +0.020]
  Target (target): [+0.150, +0.000, +0.020]
  Dist EE→Cubo    : 0.2200 m
  Dist Cubo→target: 0.4000 m
  Reward          : -0.4000
  Sucesso         : False
  Obstáculo caminho: nao  (count: 0)
  Objeto [object_1]: tipo=box  massa=1.0 kg  tamanho=[0.04, 0.04, 0.04]
  Objeto [unknown_object]: tipo=box  massa=0.3 kg  tamanho=[0.04, 0.01, 0.04]
  Target goal     : {'type': 'goal_sequence', 'targets': [{'name': 'target', 'position': [0.15000000596046448, 0.0, 0.019999999552965164]}], 'mode': 'goal_sequence'}
  Mesa            : 1.1x0.7x0.4 m  offset_x=-0.3
  Robô config     : control=ee  block_gripper=False  base=[-0.6, 0.0, 0.05]
  Scripts         : ['script_1', 'reach_only', 'left_right']
  Juntas ângulos  : [-0.00, +0.13, -0.00, -2.36, +0.00, +2.48, +0.78]
  Juntas veloc.   : [-0.01, -0.80, -0.00, -1.33, +0.00, +0.41, -0.01]
  Cubo rotação    : [+0.000, +0.000, -0.000]  (roll/pitch/yaw)
  Cubo vel.linear : [+0.000, -0.000, -0.000]
────────────────────────────────────────────
 Ep  1 | Step   5
────────────────────────────────────────────
  Task            : OBJECT_DELIVERY_SEQUENCE
  Action          : [-0.987, -0.010, -0.158, +1.000]
  EE posição      : [-0.125, -0.002, +0.163]
  EE velocidade   : [-0.381, -0.002, -0.050]
  Garra           : 0.080 m  (ABERTA)  contatos=0
  Cubo posição    : [-0.250, -0.003, +0.020]
  Target (target): [+0.150, +0.000, +0.020]
  Dist EE→Cubo    : 0.1900 m
  Dist Cubo→target: 0.4000 m
  Reward          : -0.4000
  Sucesso         : False
  Obstáculo caminho: nao  (count: 0)
  Objeto [object_1]: tipo=box  massa=1.0 kg  tamanho=[0.04, 0.04, 0.04]
  Objeto [unknown_object]: tipo=box  massa=0.3 kg  tamanho=[0.04, 0.01, 0.04]
  Target goal     : {'type': 'goal_sequence', 'targets': [{'name': 'target', 'position': [0.15000000596046448, 0.0, 0.019999999552965164]}], 'mode': 'goal_sequence'}
  Mesa            : 1.1x0.7x0.4 m  offset_x=-0.3
  Robô config     : control=ee  block_gripper=False  base=[-0.6, 0.0, 0.05]
  Scripts         : ['script_1', 'reach_only', 'left_right']
  Juntas ângulos  : [-0.00, +0.06, -0.00, -2.48, +0.00, +2.54, +0.78]
  Juntas veloc.   : [-0.01, -0.81, -0.00, -1.25, +0.00, +0.39, -0.01]
  Cubo rotação    : [+0.000, -0.000, +0.000]  (roll/pitch/yaw)
  Cubo vel.linear : [-0.000, +0.000, +0.000]
────────────────────────────────────────────
 Ep  1 | Step   6
────────────────────────────────────────────
  Task            : OBJECT_DELIVERY_SEQUENCE
  Action          : [-0.989, -0.010, -0.144, +1.000]
  EE posição      : [-0.161, -0.002, +0.156]
  EE velocidade   : [-0.408, -0.001, -0.066]
  Garra           : 0.080 m  (ABERTA)  contatos=0
  Cubo posição    : [-0.250, -0.003, +0.020]
  Target (target): [+0.150, +0.000, +0.020]
  Dist EE→Cubo    : 0.1629 m
  Dist Cubo→target: 0.4000 m
  Reward          : -0.4000
  Sucesso         : False
  Obstáculo caminho: nao  (count: 0)
  Objeto [object_1]: tipo=box  massa=1.0 kg  tamanho=[0.04, 0.04, 0.04]
  Objeto [unknown_object]: tipo=box  massa=0.3 kg  tamanho=[0.04, 0.01, 0.04]
  Target goal     : {'type': 'goal_sequence', 'targets': [{'name': 'target', 'position': [0.15000000596046448, 0.0, 0.019999999552965164]}], 'mode': 'goal_sequence'}
  Mesa            : 1.1x0.7x0.4 m  offset_x=-0.3
  Robô config     : control=ee  block_gripper=False  base=[-0.6, 0.0, 0.05]
  Scripts         : ['script_1', 'reach_only', 'left_right']
  Juntas ângulos  : [-0.00, -0.02, -0.00, -2.60, -0.00, +2.58, +0.78]
  Juntas veloc.   : [-0.01, -0.83, -0.00, -1.28, -0.00, +0.37, -0.01]
  Cubo rotação    : [+0.000, -0.000, +0.001]  (roll/pitch/yaw)
  Cubo vel.linear : [-0.000, +0.000, +0.000]
────────────────────────────────────────────
 Ep  1 | Step   7
────────────────────────────────────────────
  Task            : OBJECT_DELIVERY_SEQUENCE
  Action          : [-0.992, -0.009, -0.125, +1.000]
  EE posição      : [-0.197, -0.003, +0.149]
  EE velocidade   : [-0.431, -0.001, -0.081]
  Garra           : 0.080 m  (ABERTA)  contatos=0
  Cubo posição    : [-0.250, -0.003, +0.020]
  Target (target): [+0.150, +0.000, +0.020]
  Dist EE→Cubo    : 0.1396 m
  Dist Cubo→target: 0.4000 m
  Reward          : -0.4000
  Sucesso         : False
  Obstáculo caminho: nao  (count: 0)
  Objeto [object_1]: tipo=box  massa=1.0 kg  tamanho=[0.04, 0.04, 0.04]
  Objeto [unknown_object]: tipo=box  massa=0.3 kg  tamanho=[0.04, 0.01, 0.04]
  Target goal     : {'type': 'goal_sequence', 'targets': [{'name': 'target', 'position': [0.15000000596046448, 0.0, 0.019999999552965164]}], 'mode': 'goal_sequence'}
  Mesa            : 1.1x0.7x0.4 m  offset_x=-0.3
  Robô config     : control=ee  block_gripper=False  base=[-0.6, 0.0, 0.05]
  Scripts         : ['script_1', 'reach_only', 'left_right']
  Juntas ângulos  : [-0.00, -0.09, -0.00, -2.72, -0.00, +2.63, +0.78]
  Juntas veloc.   : [-0.01, -0.85, -0.00, -1.30, -0.00, +0.34, -0.01]
  Cubo rotação    : [+0.000, -0.000, +0.001]  (roll/pitch/yaw)
  Cubo vel.linear : [-0.000, +0.000, -0.000]
────────────────────────────────────────────
 Ep  1 | Step   8
────────────────────────────────────────────
  Task            : OBJECT_DELIVERY_SEQUENCE
  Action          : [-0.997, -0.007, -0.079, +1.000]
  EE posição      : [-0.234, -0.003, +0.143]
  EE velocidade   : [-0.429, -0.000, -0.072]
  Garra           : 0.080 m  (ABERTA)  contatos=0
  Cubo posição    : [-0.250, -0.003, +0.020]
  Target (target): [+0.150, +0.000, +0.020]
  Dist EE→Cubo    : 0.1238 m
  Dist Cubo→target: 0.4000 m
  Reward          : -0.4000
  Sucesso         : False
  Obstáculo caminho: nao  (count: 0)
  Objeto [object_1]: tipo=box  massa=1.0 kg  tamanho=[0.04, 0.04, 0.04]
  Objeto [unknown_object]: tipo=box  massa=0.3 kg  tamanho=[0.04, 0.01, 0.04]
  Target goal     : {'type': 'goal_sequence', 'targets': [{'name': 'target', 'position': [0.15000000596046448, 0.0, 0.019999999552965164]}], 'mode': 'goal_sequence'}
  Mesa            : 1.1x0.7x0.4 m  offset_x=-0.3
  Robô config     : control=ee  block_gripper=False  base=[-0.6, 0.0, 0.05]
  Scripts         : ['script_1', 'reach_only', 'left_right']
  Juntas ângulos  : [-0.01, -0.17, -0.00, -2.83, -0.00, +2.66, +0.78]
  Juntas veloc.   : [-0.01, -0.92, -0.01, -1.29, -0.01, +0.28, -0.01]
  Cubo rotação    : [+0.000, -0.000, +0.001]  (roll/pitch/yaw)
  Cubo vel.linear : [-0.000, +0.000, -0.000]
────────────────────────────────────────────
 Ep  1 | Step   9
────────────────────────────────────────────
  Task            : OBJECT_DELIVERY_SEQUENCE
  Action          : [-0.991, -0.001, +0.136, +1.000]
  EE posição      : [-0.271, -0.003, +0.140]
  EE velocidade   : [-0.373, +0.001, +0.026]
  Garra           : 0.080 m  (ABERTA)  contatos=0
  Cubo posição    : [-0.250, -0.003, +0.020]
  Target (target): [+0.150, +0.000, +0.020]
  Dist EE→Cubo    : 0.1214 m
  Dist Cubo→target: 0.4000 m
  Reward          : -0.4000
  Sucesso         : False
  Obstáculo caminho: nao  (count: 0)
  Objeto [object_1]: tipo=box  massa=1.0 kg  tamanho=[0.04, 0.04, 0.04]
  Objeto [unknown_object]: tipo=box  massa=0.3 kg  tamanho=[0.04, 0.01, 0.04]
  Target goal     : {'type': 'goal_sequence', 'targets': [{'name': 'target', 'position': [0.15000000596046448, 0.0, 0.019999999552965164]}], 'mode': 'goal_sequence'}
  Mesa            : 1.1x0.7x0.4 m  offset_x=-0.3
  Robô config     : control=ee  block_gripper=False  base=[-0.6, 0.0, 0.05]
  Scripts         : ['script_1', 'reach_only', 'left_right']
  Juntas ângulos  : [-0.01, -0.26, -0.00, -2.95, -0.00, +2.67, +0.78]
  Juntas veloc.   : [-0.01, -1.30, -0.00, -1.23, -0.01, +0.06, -0.00]
  Cubo rotação    : [+0.000, -0.000, +0.001]  (roll/pitch/yaw)
  Cubo vel.linear : [-0.000, +0.000, -0.000]
────────────────────────────────────────────
 Ep  1 | Step  10
────────────────────────────────────────────
  Task            : OBJECT_DELIVERY_SEQUENCE
  Action          : [+0.220, +0.001, -0.975, +1.000]
  EE posição      : [-0.259, -0.003, +0.128]
  EE velocidade   : [-0.410, +0.003, -1.063]
  Garra           : 0.080 m  (ABERTA)  contatos=0
  Cubo posição    : [-0.250, -0.003, +0.020]
  Target (target): [+0.150, +0.000, +0.020]
  Dist EE→Cubo    : 0.1080 m
  Dist Cubo→target: 0.4000 m
  Reward          : -0.4000
  Sucesso         : False
  Obstáculo caminho: nao  (count: 0)
  Objeto [object_1]: tipo=box  massa=1.0 kg  tamanho=[0.04, 0.04, 0.04]
  Objeto [unknown_object]: tipo=box  massa=0.3 kg  tamanho=[0.04, 0.01, 0.04]
  Target goal     : {'type': 'goal_sequence', 'targets': [{'name': 'target', 'position': [0.15000000596046448, 0.0, 0.019999999552965164]}], 'mode': 'goal_sequence'}
  Mesa            : 1.1x0.7x0.4 m  offset_x=-0.3
  Robô config     : control=ee  block_gripper=False  base=[-0.6, 0.0, 0.05]
  Scripts         : ['script_1', 'reach_only', 'left_right']
  Juntas ângulos  : [-0.01, -0.18, -0.00, -2.94, -0.00, +2.79, +0.78]
  Juntas veloc.   : [+0.00, +3.63, +0.00, +0.27, +0.00, +0.94, +0.00]
  Cubo rotação    : [+0.000, -0.000, +0.001]  (roll/pitch/yaw)
  Cubo vel.linear : [-0.000, +0.000, -0.000]
────────────────────────────────────────────
 Ep  1 | Step  11
────────────────────────────────────────────
  Task            : OBJECT_DELIVERY_SEQUENCE
  Action          : [+0.109, +0.000, -0.994, +1.000]
  EE posição      : [-0.265, -0.003, +0.088]
  EE velocidade   : [-0.272, +0.002, -0.620]
  Garra           : 0.080 m  (ABERTA)  contatos=0
  Cubo posição    : [-0.250, -0.003, +0.020]
  Target (target): [+0.150, +0.000, +0.020]
  Dist EE→Cubo    : 0.0700 m
  Dist Cubo→target: 0.4000 m
  Reward          : -0.4000
  Sucesso         : False
  Obstáculo caminho: nao  (count: 0)
  Objeto [object_1]: tipo=box  massa=1.0 kg  tamanho=[0.04, 0.04, 0.04]
  Objeto [unknown_object]: tipo=box  massa=0.3 kg  tamanho=[0.04, 0.01, 0.04]
  Target goal     : {'type': 'goal_sequence', 'targets': [{'name': 'target', 'position': [0.15000000596046448, 0.0, 0.019999999552965164]}], 'mode': 'goal_sequence'}
  Mesa            : 1.1x0.7x0.4 m  offset_x=-0.3
  Robô config     : control=ee  block_gripper=False  base=[-0.6, 0.0, 0.05]
  Scripts         : ['script_1', 'reach_only', 'left_right']
  Juntas ângulos  : [-0.01, -0.03, -0.00, -2.91, -0.00, +2.86, +0.78]
  Juntas veloc.   : [+0.00, +2.19, +0.00, +0.28, +0.00, +0.51, -0.00]
  Cubo rotação    : [+0.000, -0.000, +0.001]  (roll/pitch/yaw)
  Cubo vel.linear : [+0.000, -0.000, -0.000]
────────────────────────────────────────────
 Ep  1 | Step  12
────────────────────────────────────────────
  Task            : OBJECT_DELIVERY_SEQUENCE
  Action          : [+0.322, -0.001, -0.947, +1.000]
  EE posição      : [-0.257, -0.003, +0.059]
  EE velocidade   : [-0.178, +0.001, -0.588]
  Garra           : 0.080 m  (ABERTA)  contatos=0
  Cubo posição    : [-0.250, -0.003, +0.020]
  Target (target): [+0.150, +0.000, +0.020]
  Dist EE→Cubo    : 0.0391 m
  Dist Cubo→target: 0.4000 m
  Reward          : -0.4000
  Sucesso         : False
  Obstáculo caminho: nao  (count: 0)
  Objeto [object_1]: tipo=box  massa=1.0 kg  tamanho=[0.04, 0.04, 0.04]
  Objeto [unknown_object]: tipo=box  massa=0.3 kg  tamanho=[0.04, 0.01, 0.04]
  Target goal     : {'type': 'goal_sequence', 'targets': [{'name': 'target', 'position': [0.15000000596046448, 0.0, 0.019999999552965164]}], 'mode': 'goal_sequence'}
  Mesa            : 1.1x0.7x0.4 m  offset_x=-0.3
  Robô config     : control=ee  block_gripper=False  base=[-0.6, 0.0, 0.05]
  Scripts         : ['script_1', 'reach_only', 'left_right']
  Juntas ângulos  : [-0.01, +0.11, -0.00, -2.87, +0.00, +2.97, +0.78]
  Juntas veloc.   : [+0.00, +2.20, +0.00, +0.42, +0.01, +0.87, -0.00]
  Cubo rotação    : [+0.000, -0.000, +0.001]  (roll/pitch/yaw)
  Cubo vel.linear : [+0.000, -0.000, +0.000]
────────────────────────────────────────────
 Ep  1 | Step  13
────────────────────────────────────────────
  Task            : OBJECT_DELIVERY_SEQUENCE
  Action          : [+0.444, -0.007, -0.896, +1.000]
  EE posição      : [-0.245, -0.003, +0.027]
  EE velocidade   : [-0.104, +0.000, -0.615]
  Garra           : 0.080 m  (ABERTA)  contatos=0
  Cubo posição    : [-0.250, -0.003, +0.020]
  Target (target): [+0.150, +0.000, +0.020]
  Dist EE→Cubo    : 0.0091 m
  Dist Cubo→target: 0.4000 m
  Reward          : -0.4000
  Sucesso         : False
  Obstáculo caminho: nao  (count: 0)
  Objeto [object_1]: tipo=box  massa=1.0 kg  tamanho=[0.04, 0.04, 0.04]
  Objeto [unknown_object]: tipo=box  massa=0.3 kg  tamanho=[0.04, 0.01, 0.04]
  Target goal     : {'type': 'goal_sequence', 'targets': [{'name': 'target', 'position': [0.15000000596046448, 0.0, 0.019999999552965164]}], 'mode': 'goal_sequence'}
  Mesa            : 1.1x0.7x0.4 m  offset_x=-0.3
  Robô config     : control=ee  block_gripper=False  base=[-0.6, 0.0, 0.05]
  Scripts         : ['script_1', 'reach_only', 'left_right']
  Juntas ângulos  : [-0.01, +0.26, -0.00, -2.81, +0.00, +3.05, +0.78]
  Juntas veloc.   : [-0.01, +2.32, +0.01, +0.80, +0.01, +0.62, -0.01]
  Cubo rotação    : [+0.000, -0.000, +0.001]  (roll/pitch/yaw)
  Cubo vel.linear : [+0.000, -0.000, +0.000]
────────────────────────────────────────────
 Ep  1 | Step  14
────────────────────────────────────────────
  Task            : OBJECT_DELIVERY_SEQUENCE
  Action          : [+0.000, +0.000, +0.000, -1.000]
  EE posição      : [-0.248, -0.003, +0.023]
  EE velocidade   : [+0.191, -0.002, +0.236]
  Garra           : 0.045 m  (AGARRADA)  contatos=1
  Cubo posição    : [-0.249, -0.006, +0.022]
  Target (target): [+0.150, +0.000, +0.020]
  Dist EE→Cubo    : 0.0039 m
  Dist Cubo→target: 0.3995 m
  Reward          : -0.3995
  Sucesso         : False
  Obstáculo caminho: nao  (count: 0)
  Objeto [object_1]: tipo=box  massa=1.0 kg  tamanho=[0.04, 0.04, 0.04]
  Objeto [unknown_object]: tipo=box  massa=0.3 kg  tamanho=[0.04, 0.01, 0.04]
  Target goal     : {'type': 'goal_sequence', 'targets': [{'name': 'target', 'position': [0.15000000596046448, 0.0, 0.019999999552965164]}], 'mode': 'goal_sequence'}
  Mesa            : 1.1x0.7x0.4 m  offset_x=-0.3
  Robô config     : control=ee  block_gripper=False  base=[-0.6, 0.0, 0.05]
  Scripts         : ['script_1', 'reach_only', 'left_right']
  Juntas ângulos  : [-0.01, +0.27, -0.00, -2.82, +0.00, +3.07, +0.78]
  Juntas veloc.   : [-0.00, -0.68, +0.00, -0.09, +0.00, +0.14, -0.00]
  Cubo rotação    : [+0.006, -0.011, +0.007]  (roll/pitch/yaw)
  Cubo vel.linear : [+0.169, -0.010, +0.186]
────────────────────────────────────────────
 Ep  1 | Step  15
────────────────────────────────────────────
  Task            : OBJECT_DELIVERY_SEQUENCE
  Action          : [+0.000, +0.000, +0.000, -1.000]
  EE posição      : [-0.248, -0.003, +0.024]
  EE velocidade   : [-0.007, +0.000, -0.005]
  Garra           : 0.047 m  (AGARRADA)  contatos=1
  Cubo posição    : [-0.249, -0.006, +0.022]
  Target (target): [+0.150, +0.000, +0.020]
  Dist EE→Cubo    : 0.0041 m
  Dist Cubo→target: 0.3992 m
  Reward          : -0.3992
  Sucesso         : False
  Obstáculo caminho: nao  (count: 0)
  Objeto [object_1]: tipo=box  massa=1.0 kg  tamanho=[0.04, 0.04, 0.04]
  Objeto [unknown_object]: tipo=box  massa=0.3 kg  tamanho=[0.04, 0.01, 0.04]
  Target goal     : {'type': 'goal_sequence', 'targets': [{'name': 'target', 'position': [0.15000000596046448, 0.0, 0.019999999552965164]}], 'mode': 'goal_sequence'}
  Mesa            : 1.1x0.7x0.4 m  offset_x=-0.3
  Robô config     : control=ee  block_gripper=False  base=[-0.6, 0.0, 0.05]
  Scripts         : ['script_1', 'reach_only', 'left_right']
  Juntas ângulos  : [-0.01, +0.27, -0.00, -2.82, +0.00, +3.09, +0.78]
  Juntas veloc.   : [-0.00, +0.02, +0.00, -0.05, +0.00, +0.14, -0.00]
  Cubo rotação    : [+0.002, -0.023, -0.005]  (roll/pitch/yaw)
  Cubo vel.linear : [-0.006, -0.002, -0.005]
────────────────────────────────────────────
 Ep  1 | Step  16
────────────────────────────────────────────
  Task            : RETRY_GRASP
  Action          : [+0.000, +0.000, +0.000, +1.000]
  EE posição      : [-0.247, -0.003, +0.024]
  EE velocidade   : [+0.002, -0.000, +0.001]
  Garra           : 0.076 m  (ABERTA)  contatos=0
  Cubo posição    : [-0.250, -0.000, +0.020]
  Target (target): [+0.150, +0.000, +0.020]
  Dist EE→Cubo    : 0.0055 m
  Dist Cubo→target: 0.4000 m
  Reward          : -0.4000
  Sucesso         : False
  Obstáculo caminho: nao  (count: 0)
  Objeto [object_1]: tipo=box  massa=1.0 kg  tamanho=[0.04, 0.04, 0.04]
  Objeto [unknown_object]: tipo=box  massa=0.3 kg  tamanho=[0.04, 0.01, 0.04]
  Target goal     : {'type': 'goal_sequence', 'targets': [{'name': 'target', 'position': [0.15000000596046448, 0.0, 0.019999999552965164]}], 'mode': 'goal_sequence'}
  Mesa            : 1.1x0.7x0.4 m  offset_x=-0.3
  Robô config     : control=ee  block_gripper=False  base=[-0.6, 0.0, 0.05]
  Scripts         : ['script_1', 'reach_only', 'left_right']
  Juntas ângulos  : [-0.01, +0.27, -0.00, -2.82, +0.00, +3.09, +0.78]
  Juntas veloc.   : [-0.00, -0.00, +0.00, +0.00, -0.00, +0.00, +0.00]
  Cubo rotação    : [+0.000, -0.000, +0.001]  (roll/pitch/yaw)
  Cubo vel.linear : [-0.000, +0.000, -0.000]
────────────────────────────────────────────
 Ep  1 | Step  17
────────────────────────────────────────────
  Task            : RETRY_GRASP
  Action          : [-0.018, +0.017, +1.000, +1.000]
  EE posição      : [-0.262, -0.002, +0.036]
  EE velocidade   : [+0.528, +0.002, +0.876]
  Garra           : 0.080 m  (ABERTA)  contatos=0
  Cubo posição    : [-0.250, -0.000, +0.020]
  Target (target): [+0.150, +0.000, +0.020]
  Dist EE→Cubo    : 0.0202 m
  Dist Cubo→target: 0.4000 m
  Reward          : -0.4000
  Sucesso         : False
  Obstáculo caminho: nao  (count: 0)
  Objeto [object_1]: tipo=box  massa=1.0 kg  tamanho=[0.04, 0.04, 0.04]
  Objeto [unknown_object]: tipo=box  massa=0.3 kg  tamanho=[0.04, 0.01, 0.04]
  Target goal     : {'type': 'goal_sequence', 'targets': [{'name': 'target', 'position': [0.15000000596046448, 0.0, 0.019999999552965164]}], 'mode': 'goal_sequence'}
  Mesa            : 1.1x0.7x0.4 m  offset_x=-0.3
  Robô config     : control=ee  block_gripper=False  base=[-0.6, 0.0, 0.05]
  Scripts         : ['script_1', 'reach_only', 'left_right']
  Juntas ângulos  : [-0.01, +0.19, -0.00, -2.85, +0.00, +2.99, +0.78]
  Juntas veloc.   : [+0.01, -2.94, +0.00, -0.29, -0.00, -0.80, +0.01]
  Cubo rotação    : [+0.000, -0.000, +0.001]  (roll/pitch/yaw)
  Cubo vel.linear : [-0.000, +0.000, -0.000]
────────────────────────────────────────────
 Ep  1 | Step  18
────────────────────────────────────────────
  Task            : RETRY_GRASP
  Action          : [+0.092, +0.013, +0.996, +1.000]
  EE posição      : [-0.254, -0.002, +0.071]
  EE velocidade   : [+0.099, +0.003, +0.358]
  Garra           : 0.080 m  (ABERTA)  contatos=0
  Cubo posição    : [-0.250, -0.000, +0.020]
  Target (target): [+0.150, +0.000, +0.020]
  Dist EE→Cubo    : 0.0511 m
  Dist Cubo→target: 0.4000 m
  Reward          : -0.4000
  Sucesso         : False
  Obstáculo caminho: nao  (count: 0)
  Objeto [object_1]: tipo=box  massa=1.0 kg  tamanho=[0.04, 0.04, 0.04]
  Objeto [unknown_object]: tipo=box  massa=0.3 kg  tamanho=[0.04, 0.01, 0.04]
  Target goal     : {'type': 'goal_sequence', 'targets': [{'name': 'target', 'position': [0.15000000596046448, 0.0, 0.019999999552965164]}], 'mode': 'goal_sequence'}
  Mesa            : 1.1x0.7x0.4 m  offset_x=-0.3
  Robô config     : control=ee  block_gripper=False  base=[-0.6, 0.0, 0.05]
  Scripts         : ['script_1', 'reach_only', 'left_right']
  Juntas ângulos  : [-0.00, +0.06, +0.00, -2.88, +0.00, +2.94, +0.78]
  Juntas veloc.   : [+0.01, -1.34, +0.00, -0.30, -0.00, -0.38, +0.01]
  Cubo rotação    : [+0.000, -0.000, +0.001]  (roll/pitch/yaw)
  Cubo vel.linear : [-0.000, -0.000, -0.000]
────────────────────────────────────────────
 Ep  1 | Step  19
────────────────────────────────────────────
  Task            : RETRY_GRASP
  Action          : [+0.038, +0.013, +0.999, +1.000]
  EE posição      : [-0.252, -0.001, +0.097]
  EE velocidade   : [+0.274, +0.003, +0.607]
  Garra           : 0.080 m  (ABERTA)  contatos=0
  Cubo posição    : [-0.250, -0.000, +0.020]
  Target (target): [+0.150, +0.000, +0.020]
  Dist EE→Cubo    : 0.0770 m
  Dist Cubo→target: 0.4000 m
  Reward          : -0.4000
  Sucesso         : False
  Obstáculo caminho: nao  (count: 0)
  Objeto [object_1]: tipo=box  massa=1.0 kg  tamanho=[0.04, 0.04, 0.04]
  Objeto [unknown_object]: tipo=box  massa=0.3 kg  tamanho=[0.04, 0.01, 0.04]
  Target goal     : {'type': 'goal_sequence', 'targets': [{'name': 'target', 'position': [0.15000000596046448, 0.0, 0.019999999552965164]}], 'mode': 'goal_sequence'}
  Mesa            : 1.1x0.7x0.4 m  offset_x=-0.3
  Robô config     : control=ee  block_gripper=False  base=[-0.6, 0.0, 0.05]
  Scripts         : ['script_1', 'reach_only', 'left_right']
  Juntas ângulos  : [-0.00, -0.04, +0.00, -2.88, +0.00, +2.82, +0.78]
  Juntas veloc.   : [+0.01, -1.96, +0.01, +0.01, -0.00, -0.90, +0.02]
  Cubo rotação    : [+0.000, -0.000, +0.001]  (roll/pitch/yaw)
  Cubo vel.linear : [-0.000, +0.000, -0.000]
────────────────────────────────────────────
 Ep  1 | Step  20
────────────────────────────────────────────
  Task            : RETRY_GRASP
  Action          : [+0.032, +0.011, +0.999, +1.000]
  EE posição      : [-0.248, -0.001, +0.128]
  EE velocidade   : [+0.128, +0.003, +0.423]
  Garra           : 0.080 m  (ABERTA)  contatos=0
  Cubo posição    : [-0.250, -0.000, +0.020]
  Target (target): [+0.150, +0.000, +0.020]
  Dist EE→Cubo    : 0.1079 m
  Dist Cubo→target: 0.4000 m
  Reward          : -0.4000
  Sucesso         : False
  Obstáculo caminho: nao  (count: 0)
  Objeto [object_1]: tipo=box  massa=1.0 kg  tamanho=[0.04, 0.04, 0.04]
  Objeto [unknown_object]: tipo=box  massa=0.3 kg  tamanho=[0.04, 0.01, 0.04]
  Target goal     : {'type': 'goal_sequence', 'targets': [{'name': 'target', 'position': [0.15000000596046448, 0.0, 0.019999999552965164]}], 'mode': 'goal_sequence'}
  Mesa            : 1.1x0.7x0.4 m  offset_x=-0.3
  Robô config     : control=ee  block_gripper=False  base=[-0.6, 0.0, 0.05]
  Scripts         : ['script_1', 'reach_only', 'left_right']
  Juntas ângulos  : [-0.00, -0.15, +0.00, -2.87, +0.00, +2.72, +0.78]
  Juntas veloc.   : [+0.00, -1.36, +0.01, +0.05, +0.00, -0.83, +0.01]
  Cubo rotação    : [+0.000, -0.000, +0.001]  (roll/pitch/yaw)
  Cubo vel.linear : [-0.000, +0.000, -0.000]
────────────────────────────────────────────
 Ep  1 | Step  21
────────────────────────────────────────────
  Task            : RETRY_GRASP
  Action          : [-0.061, +0.008, +0.998, +1.000]
  EE posição      : [-0.247, -0.000, +0.157]
  EE velocidade   : [+0.163, +0.002, +0.575]
  Garra           : 0.080 m  (ABERTA)  contatos=0
  Cubo posição    : [-0.250, -0.000, +0.020]
  Target (target): [+0.150, +0.000, +0.020]
  Dist EE→Cubo    : 0.1371 m
  Dist Cubo→target: 0.4000 m
  Reward          : -0.4000
  Sucesso         : False
  Obstáculo caminho: nao  (count: 0)
  Objeto [object_1]: tipo=box  massa=1.0 kg  tamanho=[0.04, 0.04, 0.04]
  Objeto [unknown_object]: tipo=box  massa=0.3 kg  tamanho=[0.04, 0.01, 0.04]
  Target goal     : {'type': 'goal_sequence', 'targets': [{'name': 'target', 'position': [0.15000000596046448, 0.0, 0.019999999552965164]}], 'mode': 'goal_sequence'}
  Mesa            : 1.1x0.7x0.4 m  offset_x=-0.3
  Robô config     : control=ee  block_gripper=False  base=[-0.6, 0.0, 0.05]
  Scripts         : ['script_1', 'reach_only', 'left_right']
  Juntas ângulos  : [-0.00, -0.25, +0.00, -2.86, +0.00, +2.60, +0.78]
  Juntas veloc.   : [+0.00, -1.75, +0.00, +0.10, +0.00, -0.90, +0.01]
  Cubo rotação    : [+0.000, -0.000, +0.001]  (roll/pitch/yaw)
  Cubo vel.linear : [-0.000, +0.000, -0.000]
────────────────────────────────────────────
 Ep  1 | Step  22
────────────────────────────────────────────
  Task            : RETRY_GRASP
  Action          : [-0.024, -0.000, -1.000, +1.000]
  EE posição      : [-0.236, -0.001, +0.155]
  EE velocidade   : [-0.383, +0.001, -0.952]
  Garra           : 0.080 m  (ABERTA)  contatos=0
  Cubo posição    : [-0.250, -0.000, +0.020]
  Target (target): [+0.150, +0.000, +0.020]
  Dist EE→Cubo    : 0.1353 m
  Dist Cubo→target: 0.4000 m
  Reward          : -0.4000
  Sucesso         : False
  Obstáculo caminho: nao  (count: 0)
  Objeto [object_1]: tipo=box  massa=1.0 kg  tamanho=[0.04, 0.04, 0.04]
  Objeto [unknown_object]: tipo=box  massa=0.3 kg  tamanho=[0.04, 0.01, 0.04]
  Target goal     : {'type': 'goal_sequence', 'targets': [{'name': 'target', 'position': [0.15000000596046448, 0.0, 0.019999999552965164]}], 'mode': 'goal_sequence'}
  Mesa            : 1.1x0.7x0.4 m  offset_x=-0.3
  Robô config     : control=ee  block_gripper=False  base=[-0.6, 0.0, 0.05]
  Scripts         : ['script_1', 'reach_only', 'left_right']
  Juntas ângulos  : [-0.00, -0.23, +0.00, -2.89, +0.00, +2.74, +0.78]
  Juntas veloc.   : [-0.00, +2.69, +0.00, -0.23, -0.01, +1.06, +0.00]
  Cubo rotação    : [+0.000, -0.000, +0.001]  (roll/pitch/yaw)
  Cubo vel.linear : [-0.000, +0.000, -0.000]
────────────────────────────────────────────
 Ep  1 | Step  23
────────────────────────────────────────────
  Task            : RETRY_GRASP
  Action          : [-0.125, +0.000, -0.992, +1.000]
  EE posição      : [-0.249, -0.000, +0.114]
  EE velocidade   : [-0.316, +0.001, -0.642]
  Garra           : 0.080 m  (ABERTA)  contatos=0
  Cubo posição    : [-0.250, -0.000, +0.020]
  Target (target): [+0.150, +0.000, +0.020]
  Dist EE→Cubo    : 0.0940 m
  Dist Cubo→target: 0.4000 m
  Reward          : -0.4000
  Sucesso         : False
  Obstáculo caminho: nao  (count: 0)
  Objeto [object_1]: tipo=box  massa=1.0 kg  tamanho=[0.04, 0.04, 0.04]
  Objeto [unknown_object]: tipo=box  massa=0.3 kg  tamanho=[0.04, 0.01, 0.04]
  Target goal     : {'type': 'goal_sequence', 'targets': [{'name': 'target', 'position': [0.15000000596046448, 0.0, 0.019999999552965164]}], 'mode': 'goal_sequence'}
  Mesa            : 1.1x0.7x0.4 m  offset_x=-0.3
  Robô config     : control=ee  block_gripper=False  base=[-0.6, 0.0, 0.05]
  Scripts         : ['script_1', 'reach_only', 'left_right']
  Juntas ângulos  : [-0.00, -0.10, +0.00, -2.88, +0.00, +2.77, +0.78]
  Juntas veloc.   : [-0.00, +1.99, +0.00, +0.11, -0.00, +0.27, +0.00]
  Cubo rotação    : [+0.000, -0.000, +0.001]  (roll/pitch/yaw)
  Cubo vel.linear : [-0.000, +0.000, -0.000]
────────────────────────────────────────────
 Ep  1 | Step  24
────────────────────────────────────────────
  Task            : RETRY_GRASP
  Action          : [-0.015, +0.000, -1.000, +1.000]
  EE posição      : [-0.254, -0.001, +0.081]
  EE velocidade   : [-0.319, +0.001, -0.617]
  Garra           : 0.080 m  (ABERTA)  contatos=0
  Cubo posição    : [-0.250, -0.000, +0.020]
  Target (target): [+0.150, +0.000, +0.020]
  Dist EE→Cubo    : 0.0608 m
  Dist Cubo→target: 0.4000 m
  Reward          : -0.4000
  Sucesso         : False
  Obstáculo caminho: nao  (count: 0)
  Objeto [object_1]: tipo=box  massa=1.0 kg  tamanho=[0.04, 0.04, 0.04]
  Objeto [unknown_object]: tipo=box  massa=0.3 kg  tamanho=[0.04, 0.01, 0.04]
  Target goal     : {'type': 'goal_sequence', 'targets': [{'name': 'target', 'position': [0.15000000596046448, 0.0, 0.019999999552965164]}], 'mode': 'goal_sequence'}
  Mesa            : 1.1x0.7x0.4 m  offset_x=-0.3
  Robô config     : control=ee  block_gripper=False  base=[-0.6, 0.0, 0.05]
  Scripts         : ['script_1', 'reach_only', 'left_right']
  Juntas ângulos  : [-0.00, +0.03, +0.00, -2.88, +0.00, +2.90, +0.78]
  Juntas veloc.   : [-0.00, +2.00, -0.00, -0.03, -0.00, +0.96, +0.00]
  Cubo rotação    : [+0.000, -0.000, +0.001]  (roll/pitch/yaw)
  Cubo vel.linear : [-0.000, +0.000, +0.000]
────────────────────────────────────────────
 Ep  1 | Step  25
────────────────────────────────────────────
  Task            : RETRY_GRASP
  Action          : [+0.112, +0.000, -0.994, +1.000]
  EE posição      : [-0.254, -0.001, +0.048]
  EE velocidade   : [-0.335, +0.001, -0.685]
  Garra           : 0.080 m  (ABERTA)  contatos=0
  Cubo posição    : [-0.250, -0.001, +0.020]
  Target (target): [+0.150, +0.000, +0.020]
  Dist EE→Cubo    : 0.0281 m
  Dist Cubo→target: 0.4000 m
  Reward          : -0.4000
  Sucesso         : False
  Obstáculo caminho: nao  (count: 0)
  Objeto [object_1]: tipo=box  massa=1.0 kg  tamanho=[0.04, 0.04, 0.04]
  Objeto [unknown_object]: tipo=box  massa=0.3 kg  tamanho=[0.04, 0.01, 0.04]
  Target goal     : {'type': 'goal_sequence', 'targets': [{'name': 'target', 'position': [0.15000000596046448, 0.0, 0.019999999552965164]}], 'mode': 'goal_sequence'}
  Mesa            : 1.1x0.7x0.4 m  offset_x=-0.3
  Robô config     : control=ee  block_gripper=False  base=[-0.6, 0.0, 0.05]
  Scripts         : ['script_1', 'reach_only', 'left_right']
  Juntas ângulos  : [-0.00, +0.16, +0.00, -2.86, -0.00, +3.01, +0.78]
  Juntas veloc.   : [+0.00, +2.35, -0.00, +0.26, -0.01, +0.87, +0.00]
  Cubo rotação    : [+0.000, -0.000, +0.002]  (roll/pitch/yaw)
  Cubo vel.linear : [-0.000, +0.000, +0.000]
────────────────────────────────────────────
 Ep  1 | Step  26
────────────────────────────────────────────
  Task            : RETRY_GRASP
  Action          : [+0.000, +0.000, +0.000, -1.000]
  EE posição      : [-0.258, -0.001, +0.042]
  EE velocidade   : [+0.252, -0.002, +0.301]
  Garra           : 0.045 m  (AGARRADA)  contatos=1
  Cubo posição    : [-0.251, -0.006, +0.022]
  Target (target): [+0.150, +0.000, +0.020]
  Dist EE→Cubo    : 0.0220 m
  Dist Cubo→target: 0.4008 m
  Reward          : -0.4008
  Sucesso         : False
  Obstáculo caminho: nao  (count: 0)
  Objeto [object_1]: tipo=box  massa=1.0 kg  tamanho=[0.04, 0.04, 0.04]
  Objeto [unknown_object]: tipo=box  massa=0.3 kg  tamanho=[0.04, 0.01, 0.04]
  Target goal     : {'type': 'goal_sequence', 'targets': [{'name': 'target', 'position': [0.15000000596046448, 0.0, 0.019999999552965164]}], 'mode': 'goal_sequence'}
  Mesa            : 1.1x0.7x0.4 m  offset_x=-0.3
  Robô config     : control=ee  block_gripper=False  base=[-0.6, 0.0, 0.05]
  Scripts         : ['script_1', 'reach_only', 'left_right']
  Juntas ângulos  : [-0.00, +0.18, +0.00, -2.86, -0.00, +3.02, +0.78]
  Juntas veloc.   : [+0.00, -0.88, -0.00, -0.05, -0.00, +0.10, +0.00]
  Cubo rotação    : [-0.014, +0.030, +0.003]  (roll/pitch/yaw)
  Cubo vel.linear : [+0.167, -0.065, +0.230]
────────────────────────────────────────────
 Ep  1 | Step  27
────────────────────────────────────────────
  Task            : RETRY_GRASP
  Action          : [+0.000, +0.000, +0.000, +1.000]
  EE posição      : [-0.258, -0.001, +0.043]
  EE velocidade   : [-0.011, -0.000, -0.007]
  Garra           : 0.076 m  (ABERTA)  contatos=0
  Cubo posição    : [-0.250, -0.001, +0.020]
  Target (target): [+0.150, +0.000, +0.020]
  Dist EE→Cubo    : 0.0245 m
  Dist Cubo→target: 0.3999 m
  Reward          : -0.3999
  Sucesso         : False
  Obstáculo caminho: nao  (count: 0)
  Objeto [object_1]: tipo=box  massa=1.0 kg  tamanho=[0.04, 0.04, 0.04]
  Objeto [unknown_object]: tipo=box  massa=0.3 kg  tamanho=[0.04, 0.01, 0.04]
  Target goal     : {'type': 'goal_sequence', 'targets': [{'name': 'target', 'position': [0.15000000596046448, 0.0, 0.019999999552965164]}], 'mode': 'goal_sequence'}
  Mesa            : 1.1x0.7x0.4 m  offset_x=-0.3
  Robô config     : control=ee  block_gripper=False  base=[-0.6, 0.0, 0.05]
  Scripts         : ['script_1', 'reach_only', 'left_right']
  Juntas ângulos  : [-0.00, +0.17, +0.00, -2.87, -0.00, +3.05, +0.78]
  Juntas veloc.   : [+0.00, +0.02, -0.00, -0.07, -0.00, +0.18, +0.00]
  Cubo rotação    : [+0.000, -0.000, -0.006]  (roll/pitch/yaw)
  Cubo vel.linear : [+0.000, -0.000, +0.000]
────────────────────────────────────────────
 Ep  1 | Step  28
────────────────────────────────────────────
  Task            : RETRY_GRASP
  Action          : [+0.065, -0.001, +0.998, +1.000]
  EE posição      : [-0.267, -0.001, +0.055]
  EE velocidade   : [+0.592, -0.002, +0.914]
  Garra           : 0.079 m  (ABERTA)  contatos=0
  Cubo posição    : [-0.250, -0.001, +0.020]
  Target (target): [+0.150, +0.000, +0.020]
  Dist EE→Cubo    : 0.0394 m
  Dist Cubo→target: 0.3999 m
  Reward          : -0.3999
  Sucesso         : False
  Obstáculo caminho: nao  (count: 0)
  Objeto [object_1]: tipo=box  massa=1.0 kg  tamanho=[0.04, 0.04, 0.04]
  Objeto [unknown_object]: tipo=box  massa=0.3 kg  tamanho=[0.04, 0.01, 0.04]
  Target goal     : {'type': 'goal_sequence', 'targets': [{'name': 'target', 'position': [0.15000000596046448, 0.0, 0.019999999552965164]}], 'mode': 'goal_sequence'}
  Mesa            : 1.1x0.7x0.4 m  offset_x=-0.3
  Robô config     : control=ee  block_gripper=False  base=[-0.6, 0.0, 0.05]
  Scripts         : ['script_1', 'reach_only', 'left_right']
  Juntas ângulos  : [-0.00, +0.10, +0.00, -2.88, -0.00, +2.93, +0.78]
  Juntas veloc.   : [+0.00, -3.00, +0.00, -0.09, +0.00, -0.87, -0.00]
  Cubo rotação    : [-0.000, -0.000, -0.006]  (roll/pitch/yaw)
  Cubo vel.linear : [+0.000, -0.000, +0.000]
────────────────────────────────────────────
 Ep  1 | Step  29
────────────────────────────────────────────
  Task            : RETRY_GRASP
  Action          : [+0.154, -0.001, +0.988, +1.000]
  EE posição      : [-0.256, -0.001, +0.090]
  EE velocidade   : [+0.093, -0.000, +0.305]
  Garra           : 0.080 m  (ABERTA)  contatos=0
  Cubo posição    : [-0.250, -0.001, +0.020]
  Target (target): [+0.150, +0.000, +0.020]
  Dist EE→Cubo    : 0.0700 m
  Dist Cubo→target: 0.3999 m
  Reward          : -0.3999
  Sucesso         : False
  Obstáculo caminho: nao  (count: 0)
  Objeto [object_1]: tipo=box  massa=1.0 kg  tamanho=[0.04, 0.04, 0.04]
  Objeto [unknown_object]: tipo=box  massa=0.3 kg  tamanho=[0.04, 0.01, 0.04]
  Target goal     : {'type': 'goal_sequence', 'targets': [{'name': 'target', 'position': [0.15000000596046448, 0.0, 0.019999999552965164]}], 'mode': 'goal_sequence'}
  Mesa            : 1.1x0.7x0.4 m  offset_x=-0.3
  Robô config     : control=ee  block_gripper=False  base=[-0.6, 0.0, 0.05]
  Scripts         : ['script_1', 'reach_only', 'left_right']
  Juntas ângulos  : [-0.00, -0.02, +0.00, -2.90, -0.00, +2.87, +0.78]
  Juntas veloc.   : [+0.00, -1.12, +0.00, -0.14, +0.00, -0.46, -0.00]
  Cubo rotação    : [-0.000, -0.000, -0.006]  (roll/pitch/yaw)
  Cubo vel.linear : [+0.000, -0.000, +0.000]
────────────────────────────────────────────
 Ep  1 | Step  30
────────────────────────────────────────────
  Task            : RETRY_GRASP
  Action          : [+0.080, -0.001, +0.997, +1.000]
  EE posição      : [-0.252, -0.001, +0.116]
  EE velocidade   : [+0.262, -0.001, +0.597]
  Garra           : 0.080 m  (ABERTA)  contatos=0
  Cubo posição    : [-0.250, -0.001, +0.020]
  Target (target): [+0.150, +0.000, +0.020]
  Dist EE→Cubo    : 0.0956 m
  Dist Cubo→target: 0.3999 m
  Reward          : -0.3999
  Sucesso         : False
  Obstáculo caminho: nao  (count: 0)
  Objeto [object_1]: tipo=box  massa=1.0 kg  tamanho=[0.04, 0.04, 0.04]
  Objeto [unknown_object]: tipo=box  massa=0.3 kg  tamanho=[0.04, 0.01, 0.04]
  Target goal     : {'type': 'goal_sequence', 'targets': [{'name': 'target', 'position': [0.15000000596046448, 0.0, 0.019999999552965164]}], 'mode': 'goal_sequence'}
  Mesa            : 1.1x0.7x0.4 m  offset_x=-0.3
  Robô config     : control=ee  block_gripper=False  base=[-0.6, 0.0, 0.05]
  Scripts         : ['script_1', 'reach_only', 'left_right']
  Juntas ângulos  : [-0.00, -0.12, +0.00, -2.88, +0.00, +2.75, +0.78]
  Juntas veloc.   : [+0.00, -1.84, -0.00, +0.12, +0.01, -0.94, -0.00]
  Cubo rotação    : [-0.000, -0.000, -0.006]  (roll/pitch/yaw)
  Cubo vel.linear : [+0.000, -0.000, +0.000]
────────────────────────────────────────────
 Ep  1 | Step  31
────────────────────────────────────────────
  Task            : RETRY_GRASP
  Action          : [+0.050, -0.001, +0.999, +1.000]
  EE posição      : [-0.247, -0.001, +0.147]
  EE velocidade   : [+0.120, -0.000, +0.420]
  Garra           : 0.080 m  (ABERTA)  contatos=0
  Cubo posição    : [-0.250, -0.001, +0.020]
  Target (target): [+0.150, +0.000, +0.020]
  Dist EE→Cubo    : 0.1271 m
  Dist Cubo→target: 0.3999 m
  Reward          : -0.3999
  Sucesso         : False
  Obstáculo caminho: nao  (count: 0)
  Objeto [object_1]: tipo=box  massa=1.0 kg  tamanho=[0.04, 0.04, 0.04]
  Objeto [unknown_object]: tipo=box  massa=0.3 kg  tamanho=[0.04, 0.01, 0.04]
  Target goal     : {'type': 'goal_sequence', 'targets': [{'name': 'target', 'position': [0.15000000596046448, 0.0, 0.019999999552965164]}], 'mode': 'goal_sequence'}
  Mesa            : 1.1x0.7x0.4 m  offset_x=-0.3
  Robô config     : control=ee  block_gripper=False  base=[-0.6, 0.0, 0.05]
  Scripts         : ['script_1', 'reach_only', 'left_right']
  Juntas ângulos  : [-0.00, -0.22, +0.00, -2.87, +0.00, +2.64, +0.78]
  Juntas veloc.   : [+0.00, -1.28, -0.00, +0.12, +0.00, -0.84, -0.00]
  Cubo rotação    : [-0.000, -0.000, -0.006]  (roll/pitch/yaw)
  Cubo vel.linear : [+0.000, -0.000, +0.000]
────────────────────────────────────────────
 Ep  1 | Step  32
────────────────────────────────────────────
  Task            : RETRY_GRASP
  Action          : [-0.171, -0.000, +0.985, +1.000]
  EE posição      : [-0.250, -0.001, +0.176]
  EE velocidade   : [+0.128, -0.000, +0.596]
  Garra           : 0.080 m  (ABERTA)  contatos=0
  Cubo posição    : [-0.250, -0.001, +0.020]
  Target (target): [+0.150, +0.000, +0.020]
  Dist EE→Cubo    : 0.1557 m
  Dist Cubo→target: 0.3999 m
  Reward          : -0.3999
  Sucesso         : False
  Obstáculo caminho: nao  (count: 0)
  Objeto [object_1]: tipo=box  massa=1.0 kg  tamanho=[0.04, 0.04, 0.04]
  Objeto [unknown_object]: tipo=box  massa=0.3 kg  tamanho=[0.04, 0.01, 0.04]
  Target goal     : {'type': 'goal_sequence', 'targets': [{'name': 'target', 'position': [0.15000000596046448, 0.0, 0.019999999552965164]}], 'mode': 'goal_sequence'}
  Mesa            : 1.1x0.7x0.4 m  offset_x=-0.3
  Robô config     : control=ee  block_gripper=False  base=[-0.6, 0.0, 0.05]
  Scripts         : ['script_1', 'reach_only', 'left_right']
  Juntas ângulos  : [-0.00, -0.32, +0.00, -2.86, +0.00, +2.53, +0.78]
  Juntas veloc.   : [+0.00, -1.86, -0.00, +0.05, +0.00, -0.89, -0.00]
  Cubo rotação    : [-0.000, -0.000, -0.006]  (roll/pitch/yaw)
  Cubo vel.linear : [-0.000, +0.000, -0.000]
────────────────────────────────────────────
 Ep  1 | Step  33
────────────────────────────────────────────
  Task            : RETRY_GRASP
  Action          : [+0.003, +0.000, -1.000, +1.000]
  EE posição      : [-0.240, -0.001, +0.173]
  EE velocidade   : [-0.333, +0.001, -0.917]
  Garra           : 0.080 m  (ABERTA)  contatos=0
  Cubo posição    : [-0.250, -0.001, +0.020]
  Target (target): [+0.150, +0.000, +0.020]
  Dist EE→Cubo    : 0.1536 m
  Dist Cubo→target: 0.3999 m
  Reward          : -0.3999
  Sucesso         : False
  Obstáculo caminho: nao  (count: 0)
  Objeto [object_1]: tipo=box  massa=1.0 kg  tamanho=[0.04, 0.04, 0.04]
  Objeto [unknown_object]: tipo=box  massa=0.3 kg  tamanho=[0.04, 0.01, 0.04]
  Target goal     : {'type': 'goal_sequence', 'targets': [{'name': 'target', 'position': [0.15000000596046448, 0.0, 0.019999999552965164]}], 'mode': 'goal_sequence'}
  Mesa            : 1.1x0.7x0.4 m  offset_x=-0.3
  Robô config     : control=ee  block_gripper=False  base=[-0.6, 0.0, 0.05]
  Scripts         : ['script_1', 'reach_only', 'left_right']
  Juntas ângulos  : [-0.00, -0.31, +0.00, -2.89, +0.00, +2.67, +0.78]
  Juntas veloc.   : [+0.00, +2.55, +0.00, -0.30, -0.01, +1.08, +0.00]
  Cubo rotação    : [+0.000, -0.000, -0.006]  (roll/pitch/yaw)
  Cubo vel.linear : [+0.000, +0.000, +0.000]
────────────────────────────────────────────
 Ep  1 | Step  34
────────────────────────────────────────────
  Task            : RETRY_GRASP
  Action          : [-0.080, +0.000, -0.997, +1.000]
  EE posição      : [-0.251, -0.001, +0.133]
  EE velocidade   : [-0.296, +0.001, -0.659]
  Garra           : 0.080 m  (ABERTA)  contatos=0
  Cubo posição    : [-0.250, -0.001, +0.020]
  Target (target): [+0.150, +0.000, +0.020]
  Dist EE→Cubo    : 0.1127 m
  Dist Cubo→target: 0.3999 m
  Reward          : -0.3999
  Sucesso         : False
  Obstáculo caminho: nao  (count: 0)
  Objeto [object_1]: tipo=box  massa=1.0 kg  tamanho=[0.04, 0.04, 0.04]
  Objeto [unknown_object]: tipo=box  massa=0.3 kg  tamanho=[0.04, 0.01, 0.04]
  Target goal     : {'type': 'goal_sequence', 'targets': [{'name': 'target', 'position': [0.15000000596046448, 0.0, 0.019999999552965164]}], 'mode': 'goal_sequence'}
  Mesa            : 1.1x0.7x0.4 m  offset_x=-0.3
  Robô config     : control=ee  block_gripper=False  base=[-0.6, 0.0, 0.05]
  Scripts         : ['script_1', 'reach_only', 'left_right']
  Juntas ângulos  : [-0.00, -0.17, +0.00, -2.88, +0.00, +2.70, +0.78]
  Juntas veloc.   : [-0.00, +2.06, +0.00, +0.11, -0.00, +0.28, +0.00]
  Cubo rotação    : [+0.000, -0.000, -0.006]  (roll/pitch/yaw)
  Cubo vel.linear : [+0.000, -0.000, +0.000]
────────────────────────────────────────────
 Ep  1 | Step  35
────────────────────────────────────────────
  Task            : RETRY_GRASP
  Action          : [+0.008, +0.000, -1.000, +1.000]
  EE posição      : [-0.256, -0.001, +0.098]
  EE velocidade   : [-0.296, +0.001, -0.610]
  Garra           : 0.080 m  (ABERTA)  contatos=0
  Cubo posição    : [-0.250, -0.001, +0.020]
  Target (target): [+0.150, +0.000, +0.020]
  Dist EE→Cubo    : 0.0786 m
  Dist Cubo→target: 0.3999 m
  Reward          : -0.3999
  Sucesso         : False
  Obstáculo caminho: nao  (count: 0)
  Objeto [object_1]: tipo=box  massa=1.0 kg  tamanho=[0.04, 0.04, 0.04]
  Objeto [unknown_object]: tipo=box  massa=0.3 kg  tamanho=[0.04, 0.01, 0.04]
  Target goal     : {'type': 'goal_sequence', 'targets': [{'name': 'target', 'position': [0.15000000596046448, 0.0, 0.019999999552965164]}], 'mode': 'goal_sequence'}
  Mesa            : 1.1x0.7x0.4 m  offset_x=-0.3
  Robô config     : control=ee  block_gripper=False  base=[-0.6, 0.0, 0.05]
  Scripts         : ['script_1', 'reach_only', 'left_right']
  Juntas ângulos  : [-0.00, -0.05, +0.00, -2.89, +0.00, +2.83, +0.78]
  Juntas veloc.   : [-0.00, +1.95, +0.00, -0.08, -0.00, +0.96, +0.00]
  Cubo rotação    : [+0.000, -0.000, -0.006]  (roll/pitch/yaw)
  Cubo vel.linear : [-0.000, +0.000, -0.000]
────────────────────────────────────────────
 Ep  1 | Step  36
────────────────────────────────────────────
  Task            : RETRY_GRASP
  Action          : [+0.111, -0.000, -0.994, +1.000]
  EE posição      : [-0.256, -0.001, +0.066]
  EE velocidade   : [-0.316, +0.001, -0.664]
  Garra           : 0.080 m  (ABERTA)  contatos=0
  Cubo posição    : [-0.250, -0.001, +0.020]
  Target (target): [+0.150, +0.000, +0.020]
  Dist EE→Cubo    : 0.0463 m
  Dist Cubo→target: 0.3999 m
  Reward          : -0.3999
  Sucesso         : False
  Obstáculo caminho: nao  (count: 0)
  Objeto [object_1]: tipo=box  massa=1.0 kg  tamanho=[0.04, 0.04, 0.04]
  Objeto [unknown_object]: tipo=box  massa=0.3 kg  tamanho=[0.04, 0.01, 0.04]
  Target goal     : {'type': 'goal_sequence', 'targets': [{'name': 'target', 'position': [0.15000000596046448, 0.0, 0.019999999552965164]}], 'mode': 'goal_sequence'}
  Mesa            : 1.1x0.7x0.4 m  offset_x=-0.3
  Robô config     : control=ee  block_gripper=False  base=[-0.6, 0.0, 0.05]
  Scripts         : ['script_1', 'reach_only', 'left_right']
  Juntas ângulos  : [-0.00, +0.08, +0.00, -2.88, -0.00, +2.95, +0.78]
  Juntas veloc.   : [-0.00, +2.28, -0.00, +0.17, -0.00, +0.93, +0.00]
  Cubo rotação    : [+0.000, -0.000, -0.006]  (roll/pitch/yaw)
  Cubo vel.linear : [+0.000, -0.000, +0.000]
────────────────────────────────────────────
 Ep  1 | Step  37
────────────────────────────────────────────
  Task            : RETRY_GRASP
  Action          : [+0.283, +0.000, -0.959, +1.000]
  EE posição      : [-0.250, -0.001, +0.033]
  EE velocidade   : [-0.232, +0.001, -0.667]
  Garra           : 0.080 m  (ABERTA)  contatos=0
  Cubo posição    : [-0.250, -0.001, +0.020]
  Target (target): [+0.150, +0.000, +0.020]
  Dist EE→Cubo    : 0.0127 m
  Dist Cubo→target: 0.3999 m
  Reward          : -0.3999
  Sucesso         : False
  Obstáculo caminho: nao  (count: 0)
  Objeto [object_1]: tipo=box  massa=1.0 kg  tamanho=[0.04, 0.04, 0.04]
  Objeto [unknown_object]: tipo=box  massa=0.3 kg  tamanho=[0.04, 0.01, 0.04]
  Target goal     : {'type': 'goal_sequence', 'targets': [{'name': 'target', 'position': [0.15000000596046448, 0.0, 0.019999999552965164]}], 'mode': 'goal_sequence'}
  Mesa            : 1.1x0.7x0.4 m  offset_x=-0.3
  Robô config     : control=ee  block_gripper=False  base=[-0.6, 0.0, 0.05]
  Scripts         : ['script_1', 'reach_only', 'left_right']
  Juntas ângulos  : [-0.00, +0.23, +0.00, -2.83, -0.00, +3.05, +0.78]
  Juntas veloc.   : [+0.00, +2.41, -0.00, +0.56, -0.00, +0.75, +0.00]
  Cubo rotação    : [-0.000, -0.000, -0.006]  (roll/pitch/yaw)
  Cubo vel.linear : [+0.000, -0.000, +0.000]
────────────────────────────────────────────
 Ep  1 | Step  38
────────────────────────────────────────────
  Task            : RETRY_GRASP
  Action          : [+0.000, +0.000, +0.000, -1.000]
  EE posição      : [-0.258, -0.001, +0.024]
  EE velocidade   : [+0.193, -0.000, +0.226]
  Garra           : 0.036 m  (AGARRADA)  contatos=2
  Cubo posição    : [-0.250, -0.001, +0.021]
  Target (target): [+0.150, +0.000, +0.020]
  Dist EE→Cubo    : 0.0085 m
  Dist Cubo→target: 0.4002 m
  Reward          : -0.4002
  Sucesso         : False
  Obstáculo caminho: nao  (count: 0)
  Objeto [object_1]: tipo=box  massa=1.0 kg  tamanho=[0.04, 0.04, 0.04]
  Objeto [unknown_object]: tipo=box  massa=0.3 kg  tamanho=[0.04, 0.01, 0.04]
  Target goal     : {'type': 'goal_sequence', 'targets': [{'name': 'target', 'position': [0.15000000596046448, 0.0, 0.019999999552965164]}], 'mode': 'goal_sequence'}
  Mesa            : 1.1x0.7x0.4 m  offset_x=-0.3
  Robô config     : control=ee  block_gripper=False  base=[-0.6, 0.0, 0.05]
  Scripts         : ['script_1', 'reach_only', 'left_right']
  Juntas ângulos  : [-0.00, +0.25, +0.00, -2.84, -0.00, +3.07, +0.78]
  Juntas veloc.   : [+0.00, -0.67, -0.00, -0.07, -0.00, +0.15, +0.00]
  Cubo rotação    : [+0.012, -0.009, -0.002]  (roll/pitch/yaw)
  Cubo vel.linear : [+0.186, -0.020, +0.152]
────────────────────────────────────────────
 Ep  1 | Step  39
────────────────────────────────────────────
  Task            : RETRY_GRASP
  Action          : [+0.000, +0.000, +0.000, -1.000]
  EE posição      : [-0.258, -0.001, +0.025]
  EE velocidade   : [-0.006, -0.000, +0.002]
  Garra           : 0.037 m  (AGARRADA)  contatos=2
  Cubo posição    : [-0.250, -0.002, +0.022]
  Target (target): [+0.150, +0.000, +0.020]
  Dist EE→Cubo    : 0.0085 m
  Dist Cubo→target: 0.3997 m
  Reward          : -0.3997
  Sucesso         : False
  Obstáculo caminho: nao  (count: 0)
  Objeto [object_1]: tipo=box  massa=1.0 kg  tamanho=[0.04, 0.04, 0.04]
  Objeto [unknown_object]: tipo=box  massa=0.3 kg  tamanho=[0.04, 0.01, 0.04]
  Target goal     : {'type': 'goal_sequence', 'targets': [{'name': 'target', 'position': [0.15000000596046448, 0.0, 0.019999999552965164]}], 'mode': 'goal_sequence'}
  Mesa            : 1.1x0.7x0.4 m  offset_x=-0.3
  Robô config     : control=ee  block_gripper=False  base=[-0.6, 0.0, 0.05]
  Scripts         : ['script_1', 'reach_only', 'left_right']
  Juntas ângulos  : [-0.00, +0.25, +0.00, -2.85, -0.00, +3.10, +0.78]
  Juntas veloc.   : [+0.00, +0.01, -0.00, -0.11, -0.00, +0.28, +0.00]
  Cubo rotação    : [+0.004, -0.030, -0.020]  (roll/pitch/yaw)
  Cubo vel.linear : [-0.007, -0.019, +0.003]
────────────────────────────────────────────
 Ep  1 | Step  40
────────────────────────────────────────────
  Task            : RETRY_GRASP
  Action          : [+0.000, +0.000, +0.000, -1.000]
  EE posição      : [-0.257, -0.001, +0.026]
  EE velocidade   : [+0.006, -0.000, +0.003]
  Garra           : 0.037 m  (AGARRADA)  contatos=2
  Cubo posição    : [-0.249, -0.003, +0.023]
  Target (target): [+0.150, +0.000, +0.020]
  Dist EE→Cubo    : 0.0086 m
  Dist Cubo→target: 0.3989 m
  Reward          : -0.3989
  Sucesso         : False
  Obstáculo caminho: nao  (count: 0)
  Objeto [object_1]: tipo=box  massa=1.0 kg  tamanho=[0.04, 0.04, 0.04]
  Objeto [unknown_object]: tipo=box  massa=0.3 kg  tamanho=[0.04, 0.01, 0.04]
  Target goal     : {'type': 'goal_sequence', 'targets': [{'name': 'target', 'position': [0.15000000596046448, 0.0, 0.019999999552965164]}], 'mode': 'goal_sequence'}
  Mesa            : 1.1x0.7x0.4 m  offset_x=-0.3
  Robô config     : control=ee  block_gripper=False  base=[-0.6, 0.0, 0.05]
  Scripts         : ['script_1', 'reach_only', 'left_right']
  Juntas ângulos  : [-0.00, +0.25, +0.00, -2.85, -0.00, +3.10, +0.78]
  Juntas veloc.   : [+0.00, -0.01, -0.00, +0.00, -0.00, +0.01, +0.00]
  Cubo rotação    : [+0.004, -0.032, -0.021]  (roll/pitch/yaw)
  Cubo vel.linear : [+0.006, -0.019, +0.003]
────────────────────────────────────────────
 Ep  1 | Step  41
────────────────────────────────────────────
  Task            : RETRY_GRASP
  Action          : [+0.000, +0.000, +0.000, -1.000]
  EE posição      : [-0.257, -0.001, +0.026]
  EE velocidade   : [+0.002, +0.000, +0.001]
  Garra           : 0.037 m  (AGARRADA)  contatos=2
  Cubo posição    : [-0.249, -0.003, +0.023]
  Target (target): [+0.150, +0.000, +0.020]
  Dist EE→Cubo    : 0.0088 m
  Dist Cubo→target: 0.3987 m
  Reward          : -0.3987
  Sucesso         : False
  Obstáculo caminho: nao  (count: 0)
  Objeto [object_1]: tipo=box  massa=1.0 kg  tamanho=[0.04, 0.04, 0.04]
  Objeto [unknown_object]: tipo=box  massa=0.3 kg  tamanho=[0.04, 0.01, 0.04]
  Target goal     : {'type': 'goal_sequence', 'targets': [{'name': 'target', 'position': [0.15000000596046448, 0.0, 0.019999999552965164]}], 'mode': 'goal_sequence'}
  Mesa            : 1.1x0.7x0.4 m  offset_x=-0.3
  Robô config     : control=ee  block_gripper=False  base=[-0.6, 0.0, 0.05]
  Scripts         : ['script_1', 'reach_only', 'left_right']
  Juntas ângulos  : [-0.00, +0.25, +0.00, -2.85, -0.00, +3.10, +0.78]
  Juntas veloc.   : [+0.00, -0.00, +0.00, +0.00, -0.00, +0.00, +0.00]
  Cubo rotação    : [+0.003, -0.032, -0.021]  (roll/pitch/yaw)
  Cubo vel.linear : [+0.002, -0.019, +0.001]
────────────────────────────────────────────
 Ep  1 | Step  42
────────────────────────────────────────────
  Task            : RETRY_GRASP
  Action          : [+0.000, +0.000, +0.000, -1.000]
  EE posição      : [-0.256, -0.001, +0.026]
  EE velocidade   : [+0.001, +0.000, +0.000]
  Garra           : 0.037 m  (AGARRADA)  contatos=2
  Cubo posição    : [-0.249, -0.004, +0.023]
  Target (target): [+0.150, +0.000, +0.020]
  Dist EE→Cubo    : 0.0091 m
  Dist Cubo→target: 0.3986 m
  Reward          : -0.3986
  Sucesso         : False
  Obstáculo caminho: nao  (count: 0)
  Objeto [object_1]: tipo=box  massa=1.0 kg  tamanho=[0.04, 0.04, 0.04]
  Objeto [unknown_object]: tipo=box  massa=0.3 kg  tamanho=[0.04, 0.01, 0.04]
  Target goal     : {'type': 'goal_sequence', 'targets': [{'name': 'target', 'position': [0.15000000596046448, 0.0, 0.019999999552965164]}], 'mode': 'goal_sequence'}
  Mesa            : 1.1x0.7x0.4 m  offset_x=-0.3
  Robô config     : control=ee  block_gripper=False  base=[-0.6, 0.0, 0.05]
  Scripts         : ['script_1', 'reach_only', 'left_right']
  Juntas ângulos  : [-0.00, +0.25, +0.00, -2.85, -0.00, +3.10, +0.78]
  Juntas veloc.   : [+0.00, -0.00, +0.00, +0.00, -0.00, +0.00, +0.00]
  Cubo rotação    : [+0.003, -0.032, -0.021]  (roll/pitch/yaw)
  Cubo vel.linear : [+0.001, -0.019, +0.000]
────────────────────────────────────────────
 Ep  1 | Step  43
────────────────────────────────────────────
  Task            : RETRY_GRASP
  Action          : [+0.000, +0.000, +0.000, -1.000]
  EE posição      : [-0.256, -0.001, +0.026]
  EE velocidade   : [+0.000, +0.000, +0.000]
  Garra           : 0.037 m  (AGARRADA)  contatos=2
  Cubo posição    : [-0.249, -0.005, +0.023]
  Target (target): [+0.150, +0.000, +0.020]
  Dist EE→Cubo    : 0.0094 m
  Dist Cubo→target: 0.3986 m
  Reward          : -0.3986
  Sucesso         : False
  Obstáculo caminho: nao  (count: 0)
  Objeto [object_1]: tipo=box  massa=1.0 kg  tamanho=[0.04, 0.04, 0.04]
  Objeto [unknown_object]: tipo=box  massa=0.3 kg  tamanho=[0.04, 0.01, 0.04]
  Target goal     : {'type': 'goal_sequence', 'targets': [{'name': 'target', 'position': [0.15000000596046448, 0.0, 0.019999999552965164]}], 'mode': 'goal_sequence'}
  Mesa            : 1.1x0.7x0.4 m  offset_x=-0.3
  Robô config     : control=ee  block_gripper=False  base=[-0.6, 0.0, 0.05]
  Scripts         : ['script_1', 'reach_only', 'left_right']
  Juntas ângulos  : [-0.00, +0.25, +0.00, -2.85, -0.00, +3.10, +0.78]
  Juntas veloc.   : [+0.00, -0.00, +0.00, +0.00, -0.00, +0.00, +0.00]
  Cubo rotação    : [+0.003, -0.031, -0.021]  (roll/pitch/yaw)
  Cubo vel.linear : [+0.000, -0.019, +0.000]
────────────────────────────────────────────
 Ep  1 | Step  44
────────────────────────────────────────────
  Task            : RETRY_GRASP
  Action          : [+0.000, +0.000, +0.000, -1.000]
  EE posição      : [-0.256, -0.001, +0.026]
  EE velocidade   : [+0.000, +0.000, +0.000]
  Garra           : 0.037 m  (AGARRADA)  contatos=2
  Cubo posição    : [-0.249, -0.006, +0.023]
  Target (target): [+0.150, +0.000, +0.020]
  Dist EE→Cubo    : 0.0098 m
  Dist Cubo→target: 0.3986 m
  Reward          : -0.3986
  Sucesso         : False
  Obstáculo caminho: nao  (count: 0)
  Objeto [object_1]: tipo=box  massa=1.0 kg  tamanho=[0.04, 0.04, 0.04]
  Objeto [unknown_object]: tipo=box  massa=0.3 kg  tamanho=[0.04, 0.01, 0.04]
  Target goal     : {'type': 'goal_sequence', 'targets': [{'name': 'target', 'position': [0.15000000596046448, 0.0, 0.019999999552965164]}], 'mode': 'goal_sequence'}
  Mesa            : 1.1x0.7x0.4 m  offset_x=-0.3
  Robô config     : control=ee  block_gripper=False  base=[-0.6, 0.0, 0.05]
  Scripts         : ['script_1', 'reach_only', 'left_right']
  Juntas ângulos  : [-0.00, +0.25, +0.00, -2.85, -0.00, +3.10, +0.78]
  Juntas veloc.   : [+0.00, -0.00, +0.00, +0.00, -0.00, +0.00, +0.00]
  Cubo rotação    : [+0.003, -0.031, -0.021]  (roll/pitch/yaw)
  Cubo vel.linear : [+0.000, -0.019, -0.000]
────────────────────────────────────────────
 Ep  1 | Step  45
────────────────────────────────────────────
  Task            : RETRY_GRASP
  Action          : [+0.000, +0.000, +0.000, -1.000]
  EE posição      : [-0.256, -0.001, +0.026]
  EE velocidade   : [+0.000, +0.000, +0.000]
  Garra           : 0.037 m  (AGARRADA)  contatos=2
  Cubo posição    : [-0.249, -0.006, +0.023]
  Target (target): [+0.150, +0.000, +0.020]
  Dist EE→Cubo    : 0.0102 m
  Dist Cubo→target: 0.3986 m
  Reward          : -0.3986
  Sucesso         : False
  Obstáculo caminho: nao  (count: 0)
  Objeto [object_1]: tipo=box  massa=1.0 kg  tamanho=[0.04, 0.04, 0.04]
  Objeto [unknown_object]: tipo=box  massa=0.3 kg  tamanho=[0.04, 0.01, 0.04]
  Target goal     : {'type': 'goal_sequence', 'targets': [{'name': 'target', 'position': [0.15000000596046448, 0.0, 0.019999999552965164]}], 'mode': 'goal_sequence'}
  Mesa            : 1.1x0.7x0.4 m  offset_x=-0.3
  Robô config     : control=ee  block_gripper=False  base=[-0.6, 0.0, 0.05]
  Scripts         : ['script_1', 'reach_only', 'left_right']
  Juntas ângulos  : [-0.00, +0.25, +0.00, -2.85, -0.00, +3.10, +0.78]
  Juntas veloc.   : [+0.00, -0.00, +0.00, +0.00, -0.00, +0.00, +0.00]
  Cubo rotação    : [+0.002, -0.030, -0.021]  (roll/pitch/yaw)
  Cubo vel.linear : [+0.000, -0.019, -0.000]
────────────────────────────────────────────
 Ep  1 | Step  46
────────────────────────────────────────────
  Task            : RETRY_GRASP
  Action          : [+0.000, +0.000, +0.000, -1.000]
  EE posição      : [-0.256, -0.001, +0.026]
  EE velocidade   : [+0.000, +0.000, +0.000]
  Garra           : 0.037 m  (AGARRADA)  contatos=2
  Cubo posição    : [-0.249, -0.007, +0.023]
  Target (target): [+0.150, +0.000, +0.020]
  Dist EE→Cubo    : 0.0106 m
  Dist Cubo→target: 0.3986 m
  Reward          : -0.3986
  Sucesso         : False
  Obstáculo caminho: nao  (count: 0)
  Objeto [object_1]: tipo=box  massa=1.0 kg  tamanho=[0.04, 0.04, 0.04]
  Objeto [unknown_object]: tipo=box  massa=0.3 kg  tamanho=[0.04, 0.01, 0.04]
  Target goal     : {'type': 'goal_sequence', 'targets': [{'name': 'target', 'position': [0.15000000596046448, 0.0, 0.019999999552965164]}], 'mode': 'goal_sequence'}
  Mesa            : 1.1x0.7x0.4 m  offset_x=-0.3
  Robô config     : control=ee  block_gripper=False  base=[-0.6, 0.0, 0.05]
  Scripts         : ['script_1', 'reach_only', 'left_right']
  Juntas ângulos  : [-0.00, +0.25, +0.00, -2.85, -0.00, +3.10, +0.78]
  Juntas veloc.   : [+0.00, -0.00, +0.00, -0.00, -0.00, +0.00, +0.00]
  Cubo rotação    : [+0.002, -0.030, -0.021]  (roll/pitch/yaw)
  Cubo vel.linear : [+0.000, -0.019, -0.000]
────────────────────────────────────────────
 Ep  1 | Step  47
────────────────────────────────────────────
  Task            : RETRY_GRASP
  Action          : [+0.000, +0.000, +0.000, -1.000]
  EE posição      : [-0.256, -0.001, +0.026]
  EE velocidade   : [+0.000, +0.000, +0.000]
  Garra           : 0.037 m  (AGARRADA)  contatos=2
  Cubo posição    : [-0.249, -0.008, +0.023]
  Target (target): [+0.150, +0.000, +0.020]
  Dist EE→Cubo    : 0.0111 m
  Dist Cubo→target: 0.3986 m
  Reward          : -0.3986
  Sucesso         : False
  Obstáculo caminho: nao  (count: 0)
  Objeto [object_1]: tipo=box  massa=1.0 kg  tamanho=[0.04, 0.04, 0.04]
  Objeto [unknown_object]: tipo=box  massa=0.3 kg  tamanho=[0.04, 0.01, 0.04]
  Target goal     : {'type': 'goal_sequence', 'targets': [{'name': 'target', 'position': [0.15000000596046448, 0.0, 0.019999999552965164]}], 'mode': 'goal_sequence'}
  Mesa            : 1.1x0.7x0.4 m  offset_x=-0.3
  Robô config     : control=ee  block_gripper=False  base=[-0.6, 0.0, 0.05]
  Scripts         : ['script_1', 'reach_only', 'left_right']
  Juntas ângulos  : [-0.00, +0.25, +0.00, -2.85, -0.00, +3.10, +0.78]
  Juntas veloc.   : [-0.00, -0.00, +0.00, -0.00, +0.00, +0.00, +0.00]
  Cubo rotação    : [+0.002, -0.029, -0.021]  (roll/pitch/yaw)
  Cubo vel.linear : [+0.000, -0.019, -0.000]
────────────────────────────────────────────
 Ep  1 | Step  48
────────────────────────────────────────────
  Task            : RETRY_GRASP
  Action          : [+0.000, +0.000, +0.000, -1.000]
  EE posição      : [-0.256, -0.001, +0.026]
  EE velocidade   : [-0.000, +0.000, +0.000]
  Garra           : 0.037 m  (AGARRADA)  contatos=2
  Cubo posição    : [-0.249, -0.009, +0.023]
  Target (target): [+0.150, +0.000, +0.020]
  Dist EE→Cubo    : 0.0116 m
  Dist Cubo→target: 0.3986 m
  Reward          : -0.3986
  Sucesso         : False
  Obstáculo caminho: nao  (count: 0)
  Objeto [object_1]: tipo=box  massa=1.0 kg  tamanho=[0.04, 0.04, 0.04]
  Objeto [unknown_object]: tipo=box  massa=0.3 kg  tamanho=[0.04, 0.01, 0.04]
  Target goal     : {'type': 'goal_sequence', 'targets': [{'name': 'target', 'position': [0.15000000596046448, 0.0, 0.019999999552965164]}], 'mode': 'goal_sequence'}
  Mesa            : 1.1x0.7x0.4 m  offset_x=-0.3
  Robô config     : control=ee  block_gripper=False  base=[-0.6, 0.0, 0.05]
  Scripts         : ['script_1', 'reach_only', 'left_right']
  Juntas ângulos  : [-0.00, +0.25, +0.00, -2.85, -0.00, +3.10, +0.78]
  Juntas veloc.   : [-0.00, -0.00, +0.00, -0.00, +0.00, +0.00, +0.00]
  Cubo rotação    : [+0.002, -0.028, -0.021]  (roll/pitch/yaw)
  Cubo vel.linear : [+0.000, -0.019, -0.000]
────────────────────────────────────────────
 Ep  1 | Step  49
────────────────────────────────────────────
  Task            : RETRY_GRASP
  Action          : [+0.000, +0.000, +0.000, -1.000]
  EE posição      : [-0.256, -0.001, +0.026]
  EE velocidade   : [-0.000, +0.000, -0.000]
  Garra           : 0.037 m  (AGARRADA)  contatos=2
  Cubo posição    : [-0.249, -0.009, +0.023]
  Target (target): [+0.150, +0.000, +0.020]
  Dist EE→Cubo    : 0.0121 m
  Dist Cubo→target: 0.3987 m
  Reward          : -0.3987
  Sucesso         : False
  Obstáculo caminho: nao  (count: 0)
  Objeto [object_1]: tipo=box  massa=1.0 kg  tamanho=[0.04, 0.04, 0.04]
  Objeto [unknown_object]: tipo=box  massa=0.3 kg  tamanho=[0.04, 0.01, 0.04]
  Target goal     : {'type': 'goal_sequence', 'targets': [{'name': 'target', 'position': [0.15000000596046448, 0.0, 0.019999999552965164]}], 'mode': 'goal_sequence'}
  Mesa            : 1.1x0.7x0.4 m  offset_x=-0.3
  Robô config     : control=ee  block_gripper=False  base=[-0.6, 0.0, 0.05]
  Scripts         : ['script_1', 'reach_only', 'left_right']
  Juntas ângulos  : [-0.00, +0.25, +0.00, -2.85, -0.00, +3.10, +0.78]
  Juntas veloc.   : [-0.00, -0.00, +0.00, -0.00, +0.00, +0.00, +0.00]
  Cubo rotação    : [+0.001, -0.028, -0.021]  (roll/pitch/yaw)
  Cubo vel.linear : [+0.000, -0.019, -0.000]
────────────────────────────────────────────
 Ep  1 | Step  50
────────────────────────────────────────────
  Task            : RETRY_GRASP
  Action          : [+0.000, +0.000, +0.000, -1.000]
  EE posição      : [-0.256, -0.001, +0.026]
  EE velocidade   : [-0.000, +0.000, -0.000]
  Garra           : 0.036 m  (AGARRADA)  contatos=2
  Cubo posição    : [-0.249, -0.010, +0.022]
  Target (target): [+0.150, +0.000, +0.020]
  Dist EE→Cubo    : 0.0126 m
  Dist Cubo→target: 0.3989 m
  Reward          : -0.3989
  Sucesso         : False
  Obstáculo caminho: nao  (count: 0)
  Objeto [object_1]: tipo=box  massa=1.0 kg  tamanho=[0.04, 0.04, 0.04]
  Objeto [unknown_object]: tipo=box  massa=0.3 kg  tamanho=[0.04, 0.01, 0.04]
  Target goal     : {'type': 'goal_sequence', 'targets': [{'name': 'target', 'position': [0.15000000596046448, 0.0, 0.019999999552965164]}], 'mode': 'goal_sequence'}
  Mesa            : 1.1x0.7x0.4 m  offset_x=-0.3
  Robô config     : control=ee  block_gripper=False  base=[-0.6, 0.0, 0.05]
  Scripts         : ['script_1', 'reach_only', 'left_right']
  Juntas ângulos  : [-0.00, +0.25, +0.00, -2.85, -0.00, +3.10, +0.78]
  Juntas veloc.   : [-0.00, +0.00, +0.00, -0.00, +0.00, -0.00, +0.00]
  Cubo rotação    : [-0.008, -0.028, -0.012]  (roll/pitch/yaw)
  Cubo vel.linear : [-0.002, -0.019, -0.002]
────────────────────────────────────────────
 Ep  1 | Step  51
────────────────────────────────────────────
  Task            : RETRY_GRASP
  Action          : [+0.000, +0.000, +0.000, -1.000]
  EE posição      : [-0.256, -0.001, +0.026]
  EE velocidade   : [-0.000, +0.000, -0.000]
  Garra           : 0.037 m  (AGARRADA)  contatos=2
  Cubo posição    : [-0.249, -0.011, +0.022]
  Target (target): [+0.150, +0.000, +0.020]
  Dist EE→Cubo    : 0.0132 m
  Dist Cubo→target: 0.3989 m
  Reward          : -0.3989
  Sucesso         : False
  Obstáculo caminho: nao  (count: 0)
  Objeto [object_1]: tipo=box  massa=1.0 kg  tamanho=[0.04, 0.04, 0.04]
  Objeto [unknown_object]: tipo=box  massa=0.3 kg  tamanho=[0.04, 0.01, 0.04]
  Target goal     : {'type': 'goal_sequence', 'targets': [{'name': 'target', 'position': [0.15000000596046448, 0.0, 0.019999999552965164]}], 'mode': 'goal_sequence'}
  Mesa            : 1.1x0.7x0.4 m  offset_x=-0.3
  Robô config     : control=ee  block_gripper=False  base=[-0.6, 0.0, 0.05]
  Scripts         : ['script_1', 'reach_only', 'left_right']
  Juntas ângulos  : [-0.00, +0.25, +0.00, -2.85, -0.00, +3.10, +0.78]
  Juntas veloc.   : [-0.00, +0.00, +0.00, -0.00, +0.00, -0.00, +0.00]
  Cubo rotação    : [-0.008, -0.027, -0.011]  (roll/pitch/yaw)
  Cubo vel.linear : [-0.000, -0.019, -0.000]
────────────────────────────────────────────
 Ep  1 | Step  52
────────────────────────────────────────────
  Task            : RETRY_GRASP
  Action          : [+0.000, +0.000, +0.000, -1.000]
  EE posição      : [-0.256, -0.001, +0.026]
  EE velocidade   : [-0.000, +0.000, -0.000]
  Garra           : 0.037 m  (AGARRADA)  contatos=2
  Cubo posição    : [-0.249, -0.012, +0.022]
  Target (target): [+0.150, +0.000, +0.020]
  Dist EE→Cubo    : 0.0138 m
  Dist Cubo→target: 0.3989 m
  Reward          : -0.3989
  Sucesso         : False
  Obstáculo caminho: nao  (count: 0)
  Objeto [object_1]: tipo=box  massa=1.0 kg  tamanho=[0.04, 0.04, 0.04]
  Objeto [unknown_object]: tipo=box  massa=0.3 kg  tamanho=[0.04, 0.01, 0.04]
  Target goal     : {'type': 'goal_sequence', 'targets': [{'name': 'target', 'position': [0.15000000596046448, 0.0, 0.019999999552965164]}], 'mode': 'goal_sequence'}
  Mesa            : 1.1x0.7x0.4 m  offset_x=-0.3
  Robô config     : control=ee  block_gripper=False  base=[-0.6, 0.0, 0.05]
  Scripts         : ['script_1', 'reach_only', 'left_right']
  Juntas ângulos  : [-0.00, +0.25, +0.00, -2.85, -0.00, +3.10, +0.78]
  Juntas veloc.   : [-0.00, +0.00, +0.00, -0.00, +0.00, -0.00, +0.00]
  Cubo rotação    : [-0.008, -0.027, -0.011]  (roll/pitch/yaw)
  Cubo vel.linear : [-0.000, -0.019, -0.000]
────────────────────────────────────────────
 Ep  1 | Step  53
────────────────────────────────────────────
  Task            : RETRY_GRASP
  Action          : [+0.000, +0.000, +0.000, -1.000]
  EE posição      : [-0.256, -0.001, +0.026]
  EE velocidade   : [-0.000, +0.000, -0.000]
  Garra           : 0.037 m  (AGARRADA)  contatos=2
  Cubo posição    : [-0.249, -0.012, +0.022]
  Target (target): [+0.150, +0.000, +0.020]
  Dist EE→Cubo    : 0.0144 m
  Dist Cubo→target: 0.3989 m
  Reward          : -0.3989
  Sucesso         : False
  Obstáculo caminho: nao  (count: 0)
  Objeto [object_1]: tipo=box  massa=1.0 kg  tamanho=[0.04, 0.04, 0.04]
  Objeto [unknown_object]: tipo=box  massa=0.3 kg  tamanho=[0.04, 0.01, 0.04]
  Target goal     : {'type': 'goal_sequence', 'targets': [{'name': 'target', 'position': [0.15000000596046448, 0.0, 0.019999999552965164]}], 'mode': 'goal_sequence'}
  Mesa            : 1.1x0.7x0.4 m  offset_x=-0.3
  Robô config     : control=ee  block_gripper=False  base=[-0.6, 0.0, 0.05]
  Scripts         : ['script_1', 'reach_only', 'left_right']
  Juntas ângulos  : [-0.00, +0.25, +0.00, -2.85, -0.00, +3.10, +0.78]
  Juntas veloc.   : [-0.00, -0.00, +0.00, -0.00, +0.00, +0.00, +0.00]
  Cubo rotação    : [-0.008, -0.027, -0.011]  (roll/pitch/yaw)
  Cubo vel.linear : [-0.000, -0.019, -0.000]
────────────────────────────────────────────
 Ep  1 | Step  54
────────────────────────────────────────────
  Task            : RETRY_GRASP
  Action          : [+0.000, +0.000, +0.000, -1.000]
  EE posição      : [-0.256, -0.001, +0.026]
  EE velocidade   : [-0.000, +0.000, -0.000]
  Garra           : 0.037 m  (AGARRADA)  contatos=2
  Cubo posição    : [-0.249, -0.013, +0.022]
  Target (target): [+0.150, +0.000, +0.020]
  Dist EE→Cubo    : 0.0150 m
  Dist Cubo→target: 0.3990 m
  Reward          : -0.3990
  Sucesso         : False
  Obstáculo caminho: nao  (count: 0)
  Objeto [object_1]: tipo=box  massa=1.0 kg  tamanho=[0.04, 0.04, 0.04]
  Objeto [unknown_object]: tipo=box  massa=0.3 kg  tamanho=[0.04, 0.01, 0.04]
  Target goal     : {'type': 'goal_sequence', 'targets': [{'name': 'target', 'position': [0.15000000596046448, 0.0, 0.019999999552965164]}], 'mode': 'goal_sequence'}
  Mesa            : 1.1x0.7x0.4 m  offset_x=-0.3
  Robô config     : control=ee  block_gripper=False  base=[-0.6, 0.0, 0.05]
  Scripts         : ['script_1', 'reach_only', 'left_right']
  Juntas ângulos  : [-0.00, +0.25, +0.00, -2.85, -0.00, +3.10, +0.78]
  Juntas veloc.   : [-0.00, -0.00, +0.00, -0.00, +0.00, +0.00, +0.00]
  Cubo rotação    : [-0.008, -0.027, -0.011]  (roll/pitch/yaw)
  Cubo vel.linear : [-0.000, -0.019, -0.000]
────────────────────────────────────────────
 Ep  1 | Step  55
────────────────────────────────────────────
  Task            : RETRY_GRASP
  Action          : [+0.000, +0.000, +0.000, -1.000]
  EE posição      : [-0.256, -0.001, +0.026]
  EE velocidade   : [-0.000, +0.000, -0.000]
  Garra           : 0.037 m  (AGARRADA)  contatos=2
  Cubo posição    : [-0.249, -0.014, +0.022]
  Target (target): [+0.150, +0.000, +0.020]
  Dist EE→Cubo    : 0.0156 m
  Dist Cubo→target: 0.3990 m
  Reward          : -0.3990
  Sucesso         : False
  Obstáculo caminho: nao  (count: 0)
  Objeto [object_1]: tipo=box  massa=1.0 kg  tamanho=[0.04, 0.04, 0.04]
  Objeto [unknown_object]: tipo=box  massa=0.3 kg  tamanho=[0.04, 0.01, 0.04]
  Target goal     : {'type': 'goal_sequence', 'targets': [{'name': 'target', 'position': [0.15000000596046448, 0.0, 0.019999999552965164]}], 'mode': 'goal_sequence'}
  Mesa            : 1.1x0.7x0.4 m  offset_x=-0.3
  Robô config     : control=ee  block_gripper=False  base=[-0.6, 0.0, 0.05]
  Scripts         : ['script_1', 'reach_only', 'left_right']
  Juntas ângulos  : [-0.00, +0.25, +0.00, -2.85, -0.00, +3.10, +0.78]
  Juntas veloc.   : [-0.00, -0.00, +0.00, -0.00, +0.00, +0.00, +0.00]
  Cubo rotação    : [-0.008, -0.027, -0.011]  (roll/pitch/yaw)
  Cubo vel.linear : [-0.000, -0.019, -0.000]
