────────────────────────────────────────────
 Ep  1 | Step   1
────────────────────────────────────────────
  Task            : OBJECT_DELIVERY_SEQUENCE
  Action          : [-0.984, +0.000, -0.179, +1.000]
  EE posição      : [+0.009, +0.000, +0.191]
  EE velocidade   : [-0.416, +0.000, -0.050]
  Garra           : 0.070 m  (ABERTA)
  Cubo posição    : [-0.250, +0.000, +0.012]
  Target (target): [+0.150, +0.000, +0.020]
  Dist EE→Cubo    : 0.3152 m
  Dist Cubo→target: 0.4001 m
  Reward          : -0.4001
  Sucesso         : False
  Obstáculo caminho: nao  (count: 0)
  Objeto [object_1]: tipo=box  massa=10.0 kg  tamanho=[0.045, 0.03, 0.02]
  Target goal     : {'type': 'goal_sequence', 'targets': [{'name': 'target', 'position': [0.15000000596046448, 0.0, 0.019999999552965164]}], 'mode': 'goal_sequence'}
  Mesa            : 1.1x0.7x0.4 m  offset_x=-0.3
  Robô config     : control=ee  block_gripper=False  base=[-0.6, 0.0, 0.05]
  Scripts         : ['script_1', 'reach_only', 'left_right']
  Juntas ângulos  : [-0.00, +0.34, +0.00, -1.98, -0.00, +2.32, +0.79]
  Juntas veloc.   : [-0.00, -0.95, +0.01, -1.57, -0.00, +0.45, -0.03]
  Cubo rotação    : [+0.000, -0.000, +0.000]  (roll/pitch/yaw)
  Cubo vel.linear : [+0.000, +0.000, -0.392]
────────────────────────────────────────────
 Ep  1 | Step   2
────────────────────────────────────────────
  Task            : OBJECT_DELIVERY_SEQUENCE
  Action          : [-0.979, -0.000, -0.203, +1.000]
  EE posição      : [-0.022, +0.000, +0.183]
  EE velocidade   : [-0.365, +0.000, -0.091]
  Garra           : 0.079 m  (ABERTA)
  Cubo posição    : [-0.250, -0.000, +0.010]
  Target (target): [+0.150, +0.000, +0.020]
  Dist EE→Cubo    : 0.2861 m
  Dist Cubo→target: 0.4001 m
  Reward          : -0.4001
  Sucesso         : False
  Obstáculo caminho: nao  (count: 0)
  Objeto [object_1]: tipo=box  massa=10.0 kg  tamanho=[0.045, 0.03, 0.02]
  Target goal     : {'type': 'goal_sequence', 'targets': [{'name': 'target', 'position': [0.15000000596046448, 0.0, 0.019999999552965164]}], 'mode': 'goal_sequence'}
  Mesa            : 1.1x0.7x0.4 m  offset_x=-0.3
  Robô config     : control=ee  block_gripper=False  base=[-0.6, 0.0, 0.05]
  Scripts         : ['script_1', 'reach_only', 'left_right']
  Juntas ângulos  : [-0.00, +0.27, +0.00, -2.11, -0.00, +2.38, +0.79]
  Juntas veloc.   : [-0.00, -0.72, +0.00, -1.32, +0.00, +0.46, -0.00]
  Cubo rotação    : [+0.000, -0.000, +0.000]  (roll/pitch/yaw)
  Cubo vel.linear : [-0.000, +0.000, +0.009]
────────────────────────────────────────────
 Ep  1 | Step   3
────────────────────────────────────────────
  Task            : OBJECT_DELIVERY_SEQUENCE
  Action          : [-0.978, -0.000, -0.207, +1.000]
  EE posição      : [-0.055, +0.000, +0.175]
  EE velocidade   : [-0.392, +0.000, -0.091]
  Garra           : 0.080 m  (ABERTA)
  Cubo posição    : [-0.250, +0.000, +0.010]
  Target (target): [+0.150, +0.000, +0.020]
  Dist EE→Cubo    : 0.2553 m
  Dist Cubo→target: 0.4001 m
  Reward          : -0.4001
  Sucesso         : False
  Obstáculo caminho: nao  (count: 0)
  Objeto [object_1]: tipo=box  massa=10.0 kg  tamanho=[0.045, 0.03, 0.02]
  Target goal     : {'type': 'goal_sequence', 'targets': [{'name': 'target', 'position': [0.15000000596046448, 0.0, 0.019999999552965164]}], 'mode': 'goal_sequence'}
  Mesa            : 1.1x0.7x0.4 m  offset_x=-0.3
  Robô config     : control=ee  block_gripper=False  base=[-0.6, 0.0, 0.05]
  Scripts         : ['script_1', 'reach_only', 'left_right']
  Juntas ângulos  : [-0.00, +0.20, +0.00, -2.23, -0.00, +2.44, +0.79]
  Juntas veloc.   : [-0.00, -0.75, +0.00, -1.34, +0.00, +0.45, -0.00]
  Cubo rotação    : [+0.000, -0.000, +0.000]  (roll/pitch/yaw)
  Cubo vel.linear : [-0.000, +0.000, +0.002]
────────────────────────────────────────────
 Ep  1 | Step   4
────────────────────────────────────────────
  Task            : OBJECT_DELIVERY_SEQUENCE
  Action          : [-0.980, -0.000, -0.200, +1.000]
  EE posição      : [-0.089, +0.000, +0.167]
  EE velocidade   : [-0.397, +0.000, -0.088]
  Garra           : 0.080 m  (ABERTA)
  Cubo posição    : [-0.250, +0.000, +0.010]
  Target (target): [+0.150, +0.000, +0.020]
  Dist EE→Cubo    : 0.2246 m
  Dist Cubo→target: 0.4001 m
  Reward          : -0.4001
  Sucesso         : False
  Obstáculo caminho: nao  (count: 0)
  Objeto [object_1]: tipo=box  massa=10.0 kg  tamanho=[0.045, 0.03, 0.02]
  Target goal     : {'type': 'goal_sequence', 'targets': [{'name': 'target', 'position': [0.15000000596046448, 0.0, 0.019999999552965164]}], 'mode': 'goal_sequence'}
  Mesa            : 1.1x0.7x0.4 m  offset_x=-0.3
  Robô config     : control=ee  block_gripper=False  base=[-0.6, 0.0, 0.05]
  Scripts         : ['script_1', 'reach_only', 'left_right']
  Juntas ângulos  : [-0.00, +0.14, +0.00, -2.36, -0.00, +2.49, +0.79]
  Juntas veloc.   : [-0.00, -0.74, +0.00, -1.31, +0.00, +0.44, -0.00]
  Cubo rotação    : [+0.000, -0.000, +0.000]  (roll/pitch/yaw)
  Cubo vel.linear : [-0.000, +0.000, +0.000]
────────────────────────────────────────────
 Ep  1 | Step   5
────────────────────────────────────────────
  Task            : OBJECT_DELIVERY_SEQUENCE
  Action          : [-0.981, -0.000, -0.192, +1.000]
  EE posição      : [-0.124, +0.000, +0.158]
  EE velocidade   : [-0.392, +0.001, -0.079]
  Garra           : 0.080 m  (ABERTA)
  Cubo posição    : [-0.250, +0.000, +0.010]
  Target (target): [+0.150, +0.000, +0.020]
  Dist EE→Cubo    : 0.1945 m
  Dist Cubo→target: 0.4001 m
  Reward          : -0.4001
  Sucesso         : False
  Obstáculo caminho: nao  (count: 0)
  Objeto [object_1]: tipo=box  massa=10.0 kg  tamanho=[0.045, 0.03, 0.02]
  Target goal     : {'type': 'goal_sequence', 'targets': [{'name': 'target', 'position': [0.15000000596046448, 0.0, 0.019999999552965164]}], 'mode': 'goal_sequence'}
  Mesa            : 1.1x0.7x0.4 m  offset_x=-0.3
  Robô config     : control=ee  block_gripper=False  base=[-0.6, 0.0, 0.05]
  Scripts         : ['script_1', 'reach_only', 'left_right']
  Juntas ângulos  : [-0.00, +0.07, +0.00, -2.48, -0.00, +2.55, +0.79]
  Juntas veloc.   : [-0.00, -0.74, +0.00, -1.26, +0.00, +0.42, -0.00]
  Cubo rotação    : [+0.000, -0.000, +0.000]  (roll/pitch/yaw)
  Cubo vel.linear : [+0.000, +0.000, +0.000]
────────────────────────────────────────────
 Ep  1 | Step   6
────────────────────────────────────────────
  Task            : OBJECT_DELIVERY_SEQUENCE
  Action          : [-0.984, -0.000, -0.180, +1.000]
  EE posição      : [-0.160, +0.000, +0.150]
  EE velocidade   : [-0.425, +0.001, -0.099]
  Garra           : 0.080 m  (ABERTA)
  Cubo posição    : [-0.250, +0.000, +0.010]
  Target (target): [+0.150, +0.000, +0.020]
  Dist EE→Cubo    : 0.1665 m
  Dist Cubo→target: 0.4001 m
  Reward          : -0.4001
  Sucesso         : False
  Obstáculo caminho: nao  (count: 0)
  Objeto [object_1]: tipo=box  massa=10.0 kg  tamanho=[0.045, 0.03, 0.02]
  Target goal     : {'type': 'goal_sequence', 'targets': [{'name': 'target', 'position': [0.15000000596046448, 0.0, 0.019999999552965164]}], 'mode': 'goal_sequence'}
  Mesa            : 1.1x0.7x0.4 m  offset_x=-0.3
  Robô config     : control=ee  block_gripper=False  base=[-0.6, 0.0, 0.05]
  Scripts         : ['script_1', 'reach_only', 'left_right']
  Juntas ângulos  : [-0.00, +0.00, +0.00, -2.60, -0.00, +2.60, +0.79]
  Juntas veloc.   : [-0.00, -0.75, +0.00, -1.30, +0.00, +0.41, -0.00]
  Cubo rotação    : [+0.000, -0.000, +0.000]  (roll/pitch/yaw)
  Cubo vel.linear : [-0.000, +0.000, +0.000]
────────────────────────────────────────────
 Ep  1 | Step   7
────────────────────────────────────────────
  Task            : OBJECT_DELIVERY_SEQUENCE
  Action          : [-0.987, -0.001, -0.162, +1.000]
  EE posição      : [-0.196, +0.000, +0.141]
  EE velocidade   : [-0.465, +0.000, -0.120]
  Garra           : 0.080 m  (ABERTA)
  Cubo posição    : [-0.250, +0.000, +0.010]
  Target (target): [+0.150, +0.000, +0.020]
  Dist EE→Cubo    : 0.1419 m
  Dist Cubo→target: 0.4001 m
  Reward          : -0.4001
  Sucesso         : False
  Obstáculo caminho: nao  (count: 0)
  Objeto [object_1]: tipo=box  massa=10.0 kg  tamanho=[0.045, 0.03, 0.02]
  Target goal     : {'type': 'goal_sequence', 'targets': [{'name': 'target', 'position': [0.15000000596046448, 0.0, 0.019999999552965164]}], 'mode': 'goal_sequence'}
  Mesa            : 1.1x0.7x0.4 m  offset_x=-0.3
  Robô config     : control=ee  block_gripper=False  base=[-0.6, 0.0, 0.05]
  Scripts         : ['script_1', 'reach_only', 'left_right']
  Juntas ângulos  : [-0.00, -0.06, +0.00, -2.72, +0.00, +2.65, +0.79]
  Juntas veloc.   : [-0.00, -0.76, +0.00, -1.35, +0.00, +0.38, -0.00]
  Cubo rotação    : [+0.000, -0.000, +0.000]  (roll/pitch/yaw)
  Cubo vel.linear : [-0.000, +0.000, -0.000]
────────────────────────────────────────────
 Ep  1 | Step   8
────────────────────────────────────────────
  Task            : OBJECT_DELIVERY_SEQUENCE
  Action          : [-0.993, -0.001, -0.117, +1.000]
  EE posição      : [-0.234, +0.000, +0.133]
  EE velocidade   : [-0.472, -0.000, -0.110]
  Garra           : 0.080 m  (ABERTA)
  Cubo posição    : [-0.250, +0.000, +0.010]
  Target (target): [+0.150, +0.000, +0.020]
  Dist EE→Cubo    : 0.1246 m
  Dist Cubo→target: 0.4001 m
  Reward          : -0.4001
  Sucesso         : False
  Obstáculo caminho: nao  (count: 0)
  Objeto [object_1]: tipo=box  massa=10.0 kg  tamanho=[0.045, 0.03, 0.02]
  Target goal     : {'type': 'goal_sequence', 'targets': [{'name': 'target', 'position': [0.15000000596046448, 0.0, 0.019999999552965164]}], 'mode': 'goal_sequence'}
  Mesa            : 1.1x0.7x0.4 m  offset_x=-0.3
  Robô config     : control=ee  block_gripper=False  base=[-0.6, 0.0, 0.05]
  Scripts         : ['script_1', 'reach_only', 'left_right']
  Juntas ângulos  : [-0.00, -0.14, +0.00, -2.83, +0.00, +2.70, +0.79]
  Juntas veloc.   : [+0.00, -0.83, +0.00, -1.36, +0.00, +0.35, -0.00]
  Cubo rotação    : [+0.000, -0.000, +0.000]  (roll/pitch/yaw)
  Cubo vel.linear : [-0.000, +0.000, -0.000]
────────────────────────────────────────────
 Ep  1 | Step   9
────────────────────────────────────────────
  Task            : OBJECT_DELIVERY_SEQUENCE
  Action          : [-0.996, -0.001, +0.092, +1.000]
  EE posição      : [-0.272, -0.000, +0.129]
  EE velocidade   : [-0.406, -0.000, -0.003]
  Garra           : 0.080 m  (ABERTA)
  Cubo posição    : [-0.250, +0.000, +0.010]
  Target (target): [+0.150, +0.000, +0.020]
  Dist EE→Cubo    : 0.1214 m
  Dist Cubo→target: 0.4001 m
  Reward          : -0.4001
  Sucesso         : False
  Obstáculo caminho: nao  (count: 0)
  Objeto [object_1]: tipo=box  massa=10.0 kg  tamanho=[0.045, 0.03, 0.02]
  Target goal     : {'type': 'goal_sequence', 'targets': [{'name': 'target', 'position': [0.15000000596046448, 0.0, 0.019999999552965164]}], 'mode': 'goal_sequence'}
  Mesa            : 1.1x0.7x0.4 m  offset_x=-0.3
  Robô config     : control=ee  block_gripper=False  base=[-0.6, 0.0, 0.05]
  Scripts         : ['script_1', 'reach_only', 'left_right']
  Juntas ângulos  : [-0.00, -0.23, +0.00, -2.95, +0.00, +2.72, +0.79]
  Juntas veloc.   : [+0.00, -1.20, -0.00, -1.28, +0.00, +0.14, -0.00]
  Cubo rotação    : [+0.000, -0.000, +0.000]  (roll/pitch/yaw)
  Cubo vel.linear : [-0.000, +0.000, -0.000]
────────────────────────────────────────────
 Ep  1 | Step  10
────────────────────────────────────────────
  Task            : OBJECT_DELIVERY_SEQUENCE
  Action          : [+0.224, +0.000, -0.975, +1.000]
  EE posição      : [-0.260, -0.000, +0.116]
  EE velocidade   : [-0.362, +0.000, -0.985]
  Garra           : 0.080 m  (ABERTA)
  Cubo posição    : [-0.250, +0.000, +0.010]
  Target (target): [+0.150, +0.000, +0.020]
  Dist EE→Cubo    : 0.1068 m
  Dist Cubo→target: 0.4001 m
  Reward          : -0.4001
  Sucesso         : False
  Obstáculo caminho: nao  (count: 0)
  Objeto [object_1]: tipo=box  massa=10.0 kg  tamanho=[0.045, 0.03, 0.02]
  Target goal     : {'type': 'goal_sequence', 'targets': [{'name': 'target', 'position': [0.15000000596046448, 0.0, 0.019999999552965164]}], 'mode': 'goal_sequence'}
  Mesa            : 1.1x0.7x0.4 m  offset_x=-0.3
  Robô config     : control=ee  block_gripper=False  base=[-0.6, 0.0, 0.05]
  Scripts         : ['script_1', 'reach_only', 'left_right']
  Juntas ângulos  : [-0.00, -0.14, +0.00, -2.94, +0.00, +2.83, +0.79]
  Juntas veloc.   : [-0.00, +3.49, -0.00, +0.38, -0.00, +0.90, +0.00]
  Cubo rotação    : [+0.000, -0.000, +0.000]  (roll/pitch/yaw)
  Cubo vel.linear : [-0.000, +0.000, -0.000]
────────────────────────────────────────────
 Ep  1 | Step  11
────────────────────────────────────────────
  Task            : OBJECT_DELIVERY_SEQUENCE
  Action          : [+0.118, +0.000, -0.993, +1.000]
  EE posição      : [-0.264, -0.000, +0.078]
  EE velocidade   : [-0.278, +0.000, -0.625]
  Garra           : 0.080 m  (ABERTA)
  Cubo posição    : [-0.250, +0.000, +0.010]
  Target (target): [+0.150, +0.000, +0.020]
  Dist EE→Cubo    : 0.0697 m
  Dist Cubo→target: 0.4001 m
  Reward          : -0.4001
  Sucesso         : False
  Obstáculo caminho: nao  (count: 0)
  Objeto [object_1]: tipo=box  massa=10.0 kg  tamanho=[0.045, 0.03, 0.02]
  Target goal     : {'type': 'goal_sequence', 'targets': [{'name': 'target', 'position': [0.15000000596046448, 0.0, 0.019999999552965164]}], 'mode': 'goal_sequence'}
  Mesa            : 1.1x0.7x0.4 m  offset_x=-0.3
  Robô config     : control=ee  block_gripper=False  base=[-0.6, 0.0, 0.05]
  Scripts         : ['script_1', 'reach_only', 'left_right']
  Juntas ângulos  : [-0.00, +0.02, +0.00, -2.91, +0.00, +2.90, +0.79]
  Juntas veloc.   : [-0.00, +2.22, +0.00, +0.31, -0.00, +0.52, +0.00]
  Cubo rotação    : [+0.000, -0.000, +0.000]  (roll/pitch/yaw)
  Cubo vel.linear : [-0.000, +0.000, -0.000]
────────────────────────────────────────────
 Ep  1 | Step  12
────────────────────────────────────────────
  Task            : OBJECT_DELIVERY_SEQUENCE
  Action          : [+0.317, +0.000, -0.948, +1.000]
  EE posição      : [-0.257, -0.000, +0.048]
  EE velocidade   : [-0.191, +0.000, -0.605]
  Garra           : 0.080 m  (ABERTA)
  Cubo posição    : [-0.250, +0.000, +0.010]
  Target (target): [+0.150, +0.000, +0.020]
  Dist EE→Cubo    : 0.0382 m
  Dist Cubo→target: 0.4001 m
  Reward          : -0.4001
  Sucesso         : False
  Obstáculo caminho: nao  (count: 0)
  Objeto [object_1]: tipo=box  massa=10.0 kg  tamanho=[0.045, 0.03, 0.02]
  Target goal     : {'type': 'goal_sequence', 'targets': [{'name': 'target', 'position': [0.15000000596046448, 0.0, 0.019999999552965164]}], 'mode': 'goal_sequence'}
  Mesa            : 1.1x0.7x0.4 m  offset_x=-0.3
  Robô config     : control=ee  block_gripper=False  base=[-0.6, 0.0, 0.05]
  Scripts         : ['script_1', 'reach_only', 'left_right']
  Juntas ângulos  : [-0.00, +0.16, +0.00, -2.86, -0.00, +3.01, +0.79]
  Juntas veloc.   : [+0.00, +2.26, -0.00, +0.47, -0.00, +0.83, +0.00]
  Cubo rotação    : [+0.000, -0.000, +0.000]  (roll/pitch/yaw)
  Cubo vel.linear : [+0.000, +0.000, +0.000]
────────────────────────────────────────────
 Ep  1 | Step  13
────────────────────────────────────────────
  Task            : OBJECT_DELIVERY_SEQUENCE
  Action          : [+0.462, +0.002, -0.887, +1.000]
  EE posição      : [-0.244, +0.000, +0.016]
  EE velocidade   : [-0.083, +0.000, -0.603]
  Garra           : 0.080 m  (ABERTA)
  Cubo posição    : [-0.250, +0.000, +0.010]
  Target (target): [+0.150, +0.000, +0.020]
  Dist EE→Cubo    : 0.0085 m
  Dist Cubo→target: 0.4001 m
  Reward          : -0.4001
  Sucesso         : False
  Obstáculo caminho: nao  (count: 0)
  Objeto [object_1]: tipo=box  massa=10.0 kg  tamanho=[0.045, 0.03, 0.02]
  Target goal     : {'type': 'goal_sequence', 'targets': [{'name': 'target', 'position': [0.15000000596046448, 0.0, 0.019999999552965164]}], 'mode': 'goal_sequence'}
  Mesa            : 1.1x0.7x0.4 m  offset_x=-0.3
  Robô config     : control=ee  block_gripper=False  base=[-0.6, 0.0, 0.05]
  Scripts         : ['script_1', 'reach_only', 'left_right']
  Juntas ângulos  : [-0.00, +0.31, +0.00, -2.80, -0.00, +3.09, +0.79]
  Juntas veloc.   : [+0.00, +2.27, -0.00, +0.87, -0.00, +0.58, +0.00]
  Cubo rotação    : [+0.000, -0.000, +0.000]  (roll/pitch/yaw)
  Cubo vel.linear : [+0.000, +0.000, +0.000]
────────────────────────────────────────────
 Ep  1 | Step  14
────────────────────────────────────────────
  Task            : OBJECT_DELIVERY_SEQUENCE
  Action          : [+0.000, +0.000, +0.000, -1.000]
  EE posição      : [-0.250, +0.000, +0.009]
  EE velocidade   : [+0.040, +0.000, +0.066]
  Garra           : 0.029 m  (AGARRADA)
  Cubo posição    : [-0.250, +0.000, +0.011]
  Target (target): [+0.150, +0.000, +0.020]
  Dist EE→Cubo    : 0.0019 m
  Dist Cubo→target: 0.4000 m
  Reward          : -0.4000
  Sucesso         : False
  Obstáculo caminho: nao  (count: 0)
  Objeto [object_1]: tipo=box  massa=10.0 kg  tamanho=[0.045, 0.03, 0.02]
  Target goal     : {'type': 'goal_sequence', 'targets': [{'name': 'target', 'position': [0.15000000596046448, 0.0, 0.019999999552965164]}], 'mode': 'goal_sequence'}
  Mesa            : 1.1x0.7x0.4 m  offset_x=-0.3
  Robô config     : control=ee  block_gripper=False  base=[-0.6, 0.0, 0.05]
  Scripts         : ['script_1', 'reach_only', 'left_right']
  Juntas ângulos  : [-0.00, +0.33, +0.00, -2.80, -0.00, +3.11, +0.79]
  Juntas veloc.   : [+0.00, -0.20, -0.00, -0.10, -0.00, +0.16, +0.00]
  Cubo rotação    : [+0.003, -0.004, +0.005]  (roll/pitch/yaw)
  Cubo vel.linear : [+0.039, +0.003, +0.066]
────────────────────────────────────────────
 Ep  1 | Step  15
────────────────────────────────────────────
  Task            : OBJECT_DELIVERY_SEQUENCE
  Action          : [+0.000, +0.000, +0.000, -1.000]
  EE posição      : [-0.250, +0.000, +0.010]
  EE velocidade   : [+0.002, +0.000, +0.007]
  Garra           : 0.029 m  (AGARRADA)
  Cubo posição    : [-0.249, +0.000, +0.012]
  Target (target): [+0.150, +0.000, +0.020]
  Dist EE→Cubo    : 0.0018 m
  Dist Cubo→target: 0.3996 m
  Reward          : -0.3996
  Sucesso         : False
  Obstáculo caminho: nao  (count: 0)
  Objeto [object_1]: tipo=box  massa=10.0 kg  tamanho=[0.045, 0.03, 0.02]
  Target goal     : {'type': 'goal_sequence', 'targets': [{'name': 'target', 'position': [0.15000000596046448, 0.0, 0.019999999552965164]}], 'mode': 'goal_sequence'}
  Mesa            : 1.1x0.7x0.4 m  offset_x=-0.3
  Robô config     : control=ee  block_gripper=False  base=[-0.6, 0.0, 0.05]
  Scripts         : ['script_1', 'reach_only', 'left_right']
  Juntas ângulos  : [-0.00, +0.33, +0.00, -2.81, -0.00, +3.14, +0.79]
  Juntas veloc.   : [+0.00, -0.00, -0.00, -0.08, +0.00, +0.23, +0.00]
  Cubo rotação    : [+0.003, -0.024, +0.005]  (roll/pitch/yaw)
  Cubo vel.linear : [+0.002, +0.002, +0.007]
────────────────────────────────────────────
 Ep  1 | Step  16
────────────────────────────────────────────
  Task            : OBJECT_DELIVERY_SEQUENCE
  Action          : [+0.000, +0.000, +1.000, -1.000]
  EE posição      : [-0.265, +0.000, +0.021]
  EE velocidade   : [+0.109, +0.001, +0.482]
  Garra           : 0.024 m  (AGARRADA)
  Cubo posição    : [-0.255, +0.000, +0.014]
  Target (target): [+0.150, +0.000, +0.020]
  Dist EE→Cubo    : 0.0123 m
  Dist Cubo→target: 0.4047 m
  Reward          : -0.4047
  Sucesso         : False
  Obstáculo caminho: nao  (count: 0)
  Objeto [object_1]: tipo=box  massa=10.0 kg  tamanho=[0.045, 0.03, 0.02]
  Target goal     : {'type': 'goal_sequence', 'targets': [{'name': 'target', 'position': [0.15000000596046448, 0.0, 0.019999999552965164]}], 'mode': 'goal_sequence'}
  Mesa            : 1.1x0.7x0.4 m  offset_x=-0.3
  Robô config     : control=ee  block_gripper=False  base=[-0.6, 0.0, 0.05]
  Scripts         : ['script_1', 'reach_only', 'left_right']
  Juntas ângulos  : [-0.00, +0.25, +0.00, -2.84, -0.00, +3.04, +0.79]
  Juntas veloc.   : [-0.00, -1.89, +0.00, -0.53, +0.00, -0.75, +0.00]
  Cubo rotação    : [-0.001, +0.187, +0.008]  (roll/pitch/yaw)
  Cubo vel.linear : [-0.072, -0.002, +0.209]
────────────────────────────────────────────
 Ep  1 | Step  17
────────────────────────────────────────────
  Task            : OBJECT_DELIVERY_SEQUENCE
  Action          : [+0.000, +0.000, +1.000, -1.000]
  EE posição      : [-0.268, +0.000, +0.047]
  EE velocidade   : [+0.324, +0.000, +0.606]
  Garra           : 0.022 m  (AGARRADA)
  Cubo posição    : [-0.261, +0.000, +0.026]
  Target (target): [+0.150, +0.000, +0.020]
  Dist EE→Cubo    : 0.0220 m
  Dist Cubo→target: 0.4114 m
  Reward          : -0.4114
  Sucesso         : False
  Obstáculo caminho: nao  (count: 0)
  Objeto [object_1]: tipo=box  massa=10.0 kg  tamanho=[0.045, 0.03, 0.02]
  Target goal     : {'type': 'goal_sequence', 'targets': [{'name': 'target', 'position': [0.15000000596046448, 0.0, 0.019999999552965164]}], 'mode': 'goal_sequence'}
  Mesa            : 1.1x0.7x0.4 m  offset_x=-0.3
  Robô config     : control=ee  block_gripper=False  base=[-0.6, 0.0, 0.05]
  Scripts         : ['script_1', 'reach_only', 'left_right']
  Juntas ângulos  : [-0.00, +0.14, +0.00, -2.89, -0.00, +3.00, +0.79]
  Juntas veloc.   : [-0.00, -2.13, +0.00, -0.39, +0.00, -0.27, -0.00]
  Cubo rotação    : [-0.008, +0.901, -0.027]  (roll/pitch/yaw)
  Cubo vel.linear : [-0.127, -0.004, +0.350]
────────────────────────────────────────────
 Ep  1 | Step  18
────────────────────────────────────────────
  Task            : OBJECT_DELIVERY_SEQUENCE
  Action          : [+0.000, +0.000, +1.000, -1.000]
  EE posição      : [-0.266, +0.000, +0.076]
  EE velocidade   : [+0.106, +0.001, +0.392]
  Garra           : 0.006 m  (FECHADA)
  Cubo posição    : [-0.271, +0.002, +0.038]
  Target (target): [+0.150, +0.000, +0.020]
  Dist EE→Cubo    : 0.0380 m
  Dist Cubo→target: 0.4216 m
  Reward          : -0.4216
  Sucesso         : False
  Obstáculo caminho: nao  (count: 0)
  Objeto [object_1]: tipo=box  massa=10.0 kg  tamanho=[0.045, 0.03, 0.02]
  Target goal     : {'type': 'goal_sequence', 'targets': [{'name': 'target', 'position': [0.15000000596046448, 0.0, 0.019999999552965164]}], 'mode': 'goal_sequence'}
  Mesa            : 1.1x0.7x0.4 m  offset_x=-0.3
  Robô config     : control=ee  block_gripper=False  base=[-0.6, 0.0, 0.05]
  Scripts         : ['script_1', 'reach_only', 'left_right']
  Juntas ângulos  : [-0.00, +0.02, +0.00, -2.92, -0.00, +2.92, +0.79]
  Juntas veloc.   : [+0.00, -1.54, +0.00, -0.28, +0.00, -0.61, -0.00]
  Cubo rotação    : [-1.415, +1.357, -1.345]  (roll/pitch/yaw)
  Cubo vel.linear : [-0.260, +0.063, +0.148]
────────────────────────────────────────────
 Ep  1 | Step  19
────────────────────────────────────────────
  Task            : OBJECT_DELIVERY_SEQUENCE
  Action          : [+0.000, +0.000, +1.000, -1.000]
  EE posição      : [-0.265, +0.000, +0.102]
  EE velocidade   : [+0.213, +0.000, +0.514]
  Garra           : 0.001 m  (FECHADA)
  Cubo posição    : [-0.282, +0.004, +0.036]
  Target (target): [+0.150, +0.000, +0.020]
  Dist EE→Cubo    : 0.0684 m
  Dist Cubo→target: 0.4319 m
  Reward          : -0.4319
  Sucesso         : False
  Obstáculo caminho: nao  (count: 0)
  Objeto [object_1]: tipo=box  massa=10.0 kg  tamanho=[0.045, 0.03, 0.02]
  Target goal     : {'type': 'goal_sequence', 'targets': [{'name': 'target', 'position': [0.15000000596046448, 0.0, 0.019999999552965164]}], 'mode': 'goal_sequence'}
  Mesa            : 1.1x0.7x0.4 m  offset_x=-0.3
  Robô config     : control=ee  block_gripper=False  base=[-0.6, 0.0, 0.05]
  Scripts         : ['script_1', 'reach_only', 'left_right']
  Juntas ângulos  : [-0.00, -0.09, +0.00, -2.92, +0.00, +2.82, +0.79]
  Juntas veloc.   : [+0.00, -1.77, +0.00, -0.03, +0.00, -0.83, -0.00]
  Cubo rotação    : [-2.525, +0.868, -2.370]  (roll/pitch/yaw)
  Cubo vel.linear : [-0.260, +0.063, -0.244]
────────────────────────────────────────────
 Ep  1 | Step  20
────────────────────────────────────────────
  Task            : OBJECT_DELIVERY_SEQUENCE
  Action          : [+0.000, +0.000, +1.000, -1.000]
  EE posição      : [-0.261, +0.000, +0.131]
  EE velocidade   : [+0.142, +0.000, +0.439]
  Garra           : 0.000 m  (FECHADA)
  Cubo posição    : [-0.289, +0.007, +0.022]
  Target (target): [+0.150, +0.000, +0.020]
  Dist EE→Cubo    : 0.1131 m
  Dist Cubo→target: 0.4387 m
  Reward          : -0.4387
  Sucesso         : False
  Obstáculo caminho: nao  (count: 0)
  Objeto [object_1]: tipo=box  massa=10.0 kg  tamanho=[0.045, 0.03, 0.02]
  Target goal     : {'type': 'goal_sequence', 'targets': [{'name': 'target', 'position': [0.15000000596046448, 0.0, 0.019999999552965164]}], 'mode': 'goal_sequence'}
  Mesa            : 1.1x0.7x0.4 m  offset_x=-0.3
  Robô config     : control=ee  block_gripper=False  base=[-0.6, 0.0, 0.05]
  Scripts         : ['script_1', 'reach_only', 'left_right']
  Juntas ângulos  : [-0.00, -0.20, +0.00, -2.91, +0.00, +2.71, +0.79]
  Juntas veloc.   : [+0.00, -1.46, -0.00, +0.05, +0.00, -0.85, -0.00]
  Cubo rotação    : [-2.686, +0.323, -2.497]  (roll/pitch/yaw)
  Cubo vel.linear : [+0.167, +0.118, -0.135]
────────────────────────────────────────────
 Ep  1 | Step  21
────────────────────────────────────────────
  Task            : OBJECT_DELIVERY_SEQUENCE
  Action          : [+0.000, +0.000, +1.000, -1.000]
  EE posição      : [-0.257, +0.000, +0.161]
  EE velocidade   : [+0.139, +0.000, +0.474]
  Garra           : 0.000 m  (FECHADA)
  Cubo posição    : [-0.282, +0.009, +0.014]
  Target (target): [+0.150, +0.000, +0.020]
  Dist EE→Cubo    : 0.1493 m
  Dist Cubo→target: 0.4323 m
  Reward          : -0.4323
  Sucesso         : False
  Obstáculo caminho: nao  (count: 0)
  Objeto [object_1]: tipo=box  massa=10.0 kg  tamanho=[0.045, 0.03, 0.02]
  Target goal     : {'type': 'goal_sequence', 'targets': [{'name': 'target', 'position': [0.15000000596046448, 0.0, 0.019999999552965164]}], 'mode': 'goal_sequence'}
  Mesa            : 1.1x0.7x0.4 m  offset_x=-0.3
  Robô config     : control=ee  block_gripper=False  base=[-0.6, 0.0, 0.05]
  Scripts         : ['script_1', 'reach_only', 'left_right']
  Juntas ângulos  : [-0.00, -0.30, +0.00, -2.89, +0.00, +2.59, +0.79]
  Juntas veloc.   : [+0.00, -1.43, +0.00, +0.18, +0.00, -0.92, -0.00]
  Cubo rotação    : [-2.845, -0.002, -2.501]  (roll/pitch/yaw)
  Cubo vel.linear : [+0.096, -0.133, -0.127]
────────────────────────────────────────────
 Ep  1 | Step  22
────────────────────────────────────────────
  Task            : OBJECT_DELIVERY_SEQUENCE
  Action          : [+0.000, +0.000, +1.000, -1.000]
  EE posição      : [-0.253, +0.000, +0.193]
  EE velocidade   : [+0.110, +0.000, +0.450]
  Garra           : 0.000 m  (FECHADA)
  Cubo posição    : [-0.280, +0.006, +0.010]
  Target (target): [+0.150, +0.000, +0.020]
  Dist EE→Cubo    : 0.1850 m
  Dist Cubo→target: 0.4301 m
  Reward          : -0.4301
  Sucesso         : False
  Obstáculo caminho: nao  (count: 0)
  Objeto [object_1]: tipo=box  massa=10.0 kg  tamanho=[0.045, 0.03, 0.02]
  Target goal     : {'type': 'goal_sequence', 'targets': [{'name': 'target', 'position': [0.15000000596046448, 0.0, 0.019999999552965164]}], 'mode': 'goal_sequence'}
  Mesa            : 1.1x0.7x0.4 m  offset_x=-0.3
  Robô config     : control=ee  block_gripper=False  base=[-0.6, 0.0, 0.05]
  Scripts         : ['script_1', 'reach_only', 'left_right']
  Juntas ângulos  : [-0.00, -0.38, +0.00, -2.86, +0.00, +2.47, +0.79]
  Juntas veloc.   : [+0.00, -1.19, -0.00, +0.30, +0.00, -0.92, +0.00]
  Cubo rotação    : [+3.127, -0.000, -2.501]  (roll/pitch/yaw)
  Cubo vel.linear : [-0.004, +0.005, +0.010]
────────────────────────────────────────────
 Ep  1 | Step  23
────────────────────────────────────────────
  Task            : OBJECT_DELIVERY_SEQUENCE
  Action          : [+1.000, -0.000, +0.000, -1.000]
  EE posição      : [-0.216, +0.000, +0.206]
  EE velocidade   : [+0.561, -0.000, -0.207]
  Garra           : 0.000 m  (FECHADA)
  Cubo posição    : [-0.280, +0.006, +0.010]
  Target (target): [+0.150, +0.000, +0.020]
  Dist EE→Cubo    : 0.2062 m
  Dist Cubo→target: 0.4302 m
  Reward          : -0.4302
  Sucesso         : False
  Obstáculo caminho: nao  (count: 0)
  Objeto [object_1]: tipo=box  massa=10.0 kg  tamanho=[0.045, 0.03, 0.02]
  Target goal     : {'type': 'goal_sequence', 'targets': [{'name': 'target', 'position': [0.15000000596046448, 0.0, 0.019999999552965164]}], 'mode': 'goal_sequence'}
  Mesa            : 1.1x0.7x0.4 m  offset_x=-0.3
  Robô config     : control=ee  block_gripper=False  base=[-0.6, 0.0, 0.05]
  Scripts         : ['script_1', 'reach_only', 'left_right']
  Juntas ângulos  : [-0.00, -0.31, +0.00, -2.76, +0.00, +2.47, +0.79]
  Juntas veloc.   : [-0.00, +2.56, -0.00, +1.92, +0.00, +0.07, -0.00]
  Cubo rotação    : [+3.139, -0.000, -2.501]  (roll/pitch/yaw)
  Cubo vel.linear : [-0.001, +0.001, +0.002]
────────────────────────────────────────────
 Ep  1 | Step  24
────────────────────────────────────────────
  Task            : OBJECT_DELIVERY_SEQUENCE
  Action          : [+0.999, -0.000, -0.036, -1.000]
  EE posição      : [-0.184, +0.000, +0.200]
  EE velocidade   : [+0.387, -0.000, -0.082]
  Garra           : -0.000 m  (FECHADA)
  Cubo posição    : [-0.280, +0.006, +0.010]
  Target (target): [+0.150, +0.000, +0.020]
  Dist EE→Cubo    : 0.2127 m
  Dist Cubo→target: 0.4302 m
  Reward          : -0.4302
  Sucesso         : False
  Obstáculo caminho: nao  (count: 0)
  Objeto [object_1]: tipo=box  massa=10.0 kg  tamanho=[0.045, 0.03, 0.02]
  Target goal     : {'type': 'goal_sequence', 'targets': [{'name': 'target', 'position': [0.15000000596046448, 0.0, 0.019999999552965164]}], 'mode': 'goal_sequence'}
  Mesa            : 1.1x0.7x0.4 m  offset_x=-0.3
  Robô config     : control=ee  block_gripper=False  base=[-0.6, 0.0, 0.05]
  Scripts         : ['script_1', 'reach_only', 'left_right']
  Juntas ângulos  : [-0.00, -0.18, +0.00, -2.64, +0.00, +2.45, +0.79]
  Juntas veloc.   : [-0.00, +1.43, -0.00, +1.36, -0.00, -0.21, -0.00]
  Cubo rotação    : [+3.141, -0.000, -2.501]  (roll/pitch/yaw)
  Cubo vel.linear : [-0.000, +0.000, +0.000]
────────────────────────────────────────────
 Ep  1 | Step  25
────────────────────────────────────────────
  Task            : OBJECT_DELIVERY_SEQUENCE
  Action          : [+1.000, -0.000, -0.021, -1.000]
  EE posição      : [-0.149, -0.000, +0.197]
  EE velocidade   : [+0.425, -0.000, -0.003]
  Garra           : -0.000 m  (FECHADA)
  Cubo posição    : [-0.280, +0.006, +0.010]
  Target (target): [+0.150, +0.000, +0.020]
  Dist EE→Cubo    : 0.2281 m
  Dist Cubo→target: 0.4302 m
  Reward          : -0.4302
  Sucesso         : False
  Obstáculo caminho: nao  (count: 0)
  Objeto [object_1]: tipo=box  massa=10.0 kg  tamanho=[0.045, 0.03, 0.02]
  Target goal     : {'type': 'goal_sequence', 'targets': [{'name': 'target', 'position': [0.15000000596046448, 0.0, 0.019999999552965164]}], 'mode': 'goal_sequence'}
  Mesa            : 1.1x0.7x0.4 m  offset_x=-0.3
  Robô config     : control=ee  block_gripper=False  base=[-0.6, 0.0, 0.05]
  Scripts         : ['script_1', 'reach_only', 'left_right']
  Juntas ângulos  : [-0.00, -0.08, +0.00, -2.53, +0.00, +2.45, +0.79]
  Juntas veloc.   : [-0.00, +1.10, -0.00, +1.26, -0.00, +0.00, -0.00]
  Cubo rotação    : [-3.142, +0.000, -2.501]  (roll/pitch/yaw)
  Cubo vel.linear : [-0.000, +0.000, -0.000]
────────────────────────────────────────────
 Ep  1 | Step  26
────────────────────────────────────────────
  Task            : OBJECT_DELIVERY_SEQUENCE
  Action          : [+1.000, +0.000, -0.014, -1.000]
  EE posição      : [-0.115, -0.000, +0.195]
  EE velocidade   : [+0.419, -0.001, -0.043]
  Garra           : -0.000 m  (FECHADA)
  Cubo posição    : [-0.280, +0.006, +0.010]
  Target (target): [+0.150, +0.000, +0.020]
  Dist EE→Cubo    : 0.2476 m
  Dist Cubo→target: 0.4302 m
  Reward          : -0.4302
  Sucesso         : False
  Obstáculo caminho: nao  (count: 0)
  Objeto [object_1]: tipo=box  massa=10.0 kg  tamanho=[0.045, 0.03, 0.02]
  Target goal     : {'type': 'goal_sequence', 'targets': [{'name': 'target', 'position': [0.15000000596046448, 0.0, 0.019999999552965164]}], 'mode': 'goal_sequence'}
  Mesa            : 1.1x0.7x0.4 m  offset_x=-0.3
  Robô config     : control=ee  block_gripper=False  base=[-0.6, 0.0, 0.05]
  Scripts         : ['script_1', 'reach_only', 'left_right']
  Juntas ângulos  : [-0.00, +0.02, -0.00, -2.42, -0.00, +2.43, +0.79]
  Juntas veloc.   : [+0.00, +1.15, -0.00, +1.32, -0.00, -0.09, -0.00]
  Cubo rotação    : [-3.142, +0.000, -2.501]  (roll/pitch/yaw)
  Cubo vel.linear : [-0.000, +0.000, -0.000]
────────────────────────────────────────────
 Ep  1 | Step  27
────────────────────────────────────────────
  Task            : OBJECT_DELIVERY_SEQUENCE
  Action          : [+1.000, +0.000, -0.007, -1.000]
  EE posição      : [-0.081, -0.000, +0.192]
  EE velocidade   : [+0.410, -0.001, -0.040]
  Garra           : -0.000 m  (FECHADA)
  Cubo posição    : [-0.280, +0.006, +0.010]
  Target (target): [+0.150, +0.000, +0.020]
  Dist EE→Cubo    : 0.2693 m
  Dist Cubo→target: 0.4302 m
  Reward          : -0.4302
  Sucesso         : False
  Obstáculo caminho: nao  (count: 0)
  Objeto [object_1]: tipo=box  massa=10.0 kg  tamanho=[0.045, 0.03, 0.02]
  Target goal     : {'type': 'goal_sequence', 'targets': [{'name': 'target', 'position': [0.15000000596046448, 0.0, 0.019999999552965164]}], 'mode': 'goal_sequence'}
  Mesa            : 1.1x0.7x0.4 m  offset_x=-0.3
  Robô config     : control=ee  block_gripper=False  base=[-0.6, 0.0, 0.05]
  Scripts         : ['script_1', 'reach_only', 'left_right']
  Juntas ângulos  : [-0.00, +0.11, -0.00, -2.31, -0.00, +2.41, +0.79]
  Juntas veloc.   : [+0.00, +1.09, -0.00, +1.34, -0.00, -0.16, -0.00]
  Cubo rotação    : [-3.142, +0.000, -2.501]  (roll/pitch/yaw)
  Cubo vel.linear : [-0.000, +0.000, -0.000]
────────────────────────────────────────────
 Ep  1 | Step  28
────────────────────────────────────────────
  Task            : OBJECT_DELIVERY_SEQUENCE
  Action          : [+1.000, +0.000, +0.005, -1.000]
  EE posição      : [-0.048, -0.000, +0.188]
  EE velocidade   : [+0.384, -0.000, -0.075]
  Garra           : -0.000 m  (FECHADA)
  Cubo posição    : [-0.280, +0.006, +0.010]
  Target (target): [+0.150, +0.000, +0.020]
  Dist EE→Cubo    : 0.2923 m
  Dist Cubo→target: 0.4302 m
  Reward          : -0.4302
  Sucesso         : False
  Obstáculo caminho: nao  (count: 0)
  Objeto [object_1]: tipo=box  massa=10.0 kg  tamanho=[0.045, 0.03, 0.02]
  Target goal     : {'type': 'goal_sequence', 'targets': [{'name': 'target', 'position': [0.15000000596046448, 0.0, 0.019999999552965164]}], 'mode': 'goal_sequence'}
  Mesa            : 1.1x0.7x0.4 m  offset_x=-0.3
  Robô config     : control=ee  block_gripper=False  base=[-0.6, 0.0, 0.05]
  Scripts         : ['script_1', 'reach_only', 'left_right']
  Juntas ângulos  : [-0.00, +0.20, -0.00, -2.19, +0.00, +2.39, +0.79]
  Juntas veloc.   : [+0.00, +1.09, -0.00, +1.34, +0.00, -0.21, -0.00]
  Cubo rotação    : [-3.142, +0.000, -2.501]  (roll/pitch/yaw)
  Cubo vel.linear : [-0.000, +0.000, -0.000]
────────────────────────────────────────────
 Ep  1 | Step  29
────────────────────────────────────────────
  Task            : OBJECT_DELIVERY_SEQUENCE
  Action          : [+1.000, +0.000, +0.025, -1.000]
  EE posição      : [-0.016, -0.000, +0.184]
  EE velocidade   : [+0.370, -0.000, -0.062]
  Garra           : -0.000 m  (FECHADA)
  Cubo posição    : [-0.280, +0.006, +0.010]
  Target (target): [+0.150, +0.000, +0.020]
  Dist EE→Cubo    : 0.3162 m
  Dist Cubo→target: 0.4302 m
  Reward          : -0.4302
  Sucesso         : False
  Obstáculo caminho: nao  (count: 0)
  Objeto [object_1]: tipo=box  massa=10.0 kg  tamanho=[0.045, 0.03, 0.02]
  Target goal     : {'type': 'goal_sequence', 'targets': [{'name': 'target', 'position': [0.15000000596046448, 0.0, 0.019999999552965164]}], 'mode': 'goal_sequence'}
  Mesa            : 1.1x0.7x0.4 m  offset_x=-0.3
  Robô config     : control=ee  block_gripper=False  base=[-0.6, 0.0, 0.05]
  Scripts         : ['script_1', 'reach_only', 'left_right']
  Juntas ângulos  : [-0.00, +0.29, -0.00, -2.07, +0.00, +2.35, +0.79]
  Juntas veloc.   : [+0.00, +1.02, -0.00, +1.34, +0.00, -0.25, -0.00]
  Cubo rotação    : [-3.142, +0.000, -2.501]  (roll/pitch/yaw)
  Cubo vel.linear : [-0.000, +0.000, -0.000]
────────────────────────────────────────────
 Ep  1 | Step  30
────────────────────────────────────────────
  Task            : OBJECT_DELIVERY_SEQUENCE
  Action          : [+0.999, +0.000, +0.052, -1.000]
  EE posição      : [+0.015, -0.000, +0.181]
  EE velocidade   : [+0.346, -0.000, -0.055]
  Garra           : -0.000 m  (FECHADA)
  Cubo posição    : [-0.280, +0.006, +0.010]
  Target (target): [+0.150, +0.000, +0.020]
  Dist EE→Cubo    : 0.3408 m
  Dist Cubo→target: 0.4302 m
  Reward          : -0.4302
  Sucesso         : False
  Obstáculo caminho: nao  (count: 0)
  Objeto [object_1]: tipo=box  massa=10.0 kg  tamanho=[0.045, 0.03, 0.02]
  Target goal     : {'type': 'goal_sequence', 'targets': [{'name': 'target', 'position': [0.15000000596046448, 0.0, 0.019999999552965164]}], 'mode': 'goal_sequence'}
  Mesa            : 1.1x0.7x0.4 m  offset_x=-0.3
  Robô config     : control=ee  block_gripper=False  base=[-0.6, 0.0, 0.05]
  Scripts         : ['script_1', 'reach_only', 'left_right']
  Juntas ângulos  : [-0.00, +0.38, -0.00, -1.95, +0.00, +2.32, +0.79]
  Juntas veloc.   : [+0.00, +0.96, -0.00, +1.33, +0.00, -0.28, -0.00]
  Cubo rotação    : [-3.142, +0.000, -2.501]  (roll/pitch/yaw)
  Cubo vel.linear : [-0.000, +0.000, -0.000]
────────────────────────────────────────────
 Ep  1 | Step  31
────────────────────────────────────────────
  Task            : OBJECT_DELIVERY_SEQUENCE
  Action          : [+0.996, +0.000, +0.089, -1.000]
  EE posição      : [+0.044, -0.000, +0.178]
  EE velocidade   : [+0.321, -0.000, -0.038]
  Garra           : -0.000 m  (FECHADA)
  Cubo posição    : [-0.280, +0.006, +0.010]
  Target (target): [+0.150, +0.000, +0.020]
  Dist EE→Cubo    : 0.3652 m
  Dist Cubo→target: 0.4302 m
  Reward          : -0.4302
  Sucesso         : False
  Obstáculo caminho: nao  (count: 0)
  Objeto [object_1]: tipo=box  massa=10.0 kg  tamanho=[0.045, 0.03, 0.02]
  Target goal     : {'type': 'goal_sequence', 'targets': [{'name': 'target', 'position': [0.15000000596046448, 0.0, 0.019999999552965164]}], 'mode': 'goal_sequence'}
  Mesa            : 1.1x0.7x0.4 m  offset_x=-0.3
  Robô config     : control=ee  block_gripper=False  base=[-0.6, 0.0, 0.05]
  Scripts         : ['script_1', 'reach_only', 'left_right']
  Juntas ângulos  : [+0.00, +0.46, -0.00, -1.82, +0.00, +2.28, +0.79]
  Juntas veloc.   : [+0.00, +0.89, -0.00, +1.31, +0.00, -0.32, +0.00]
  Cubo rotação    : [-3.142, +0.000, -2.501]  (roll/pitch/yaw)
  Cubo vel.linear : [-0.000, +0.000, -0.000]
────────────────────────────────────────────
 Ep  1 | Step  32
────────────────────────────────────────────
  Task            : OBJECT_DELIVERY_SEQUENCE
  Action          : [+0.991, +0.000, +0.136, -1.000]
  EE posição      : [+0.071, -0.000, +0.177]
  EE velocidade   : [+0.298, -0.000, +0.013]
  Garra           : -0.000 m  (FECHADA)
  Cubo posição    : [-0.280, +0.006, +0.010]
  Target (target): [+0.150, +0.000, +0.020]
  Dist EE→Cubo    : 0.3894 m
  Dist Cubo→target: 0.4302 m
  Reward          : -0.4302
  Sucesso         : False
  Obstáculo caminho: nao  (count: 0)
  Objeto [object_1]: tipo=box  massa=10.0 kg  tamanho=[0.045, 0.03, 0.02]
  Target goal     : {'type': 'goal_sequence', 'targets': [{'name': 'target', 'position': [0.15000000596046448, 0.0, 0.019999999552965164]}], 'mode': 'goal_sequence'}
  Mesa            : 1.1x0.7x0.4 m  offset_x=-0.3
  Robô config     : control=ee  block_gripper=False  base=[-0.6, 0.0, 0.05]
  Scripts         : ['script_1', 'reach_only', 'left_right']
  Juntas ângulos  : [+0.00, +0.54, -0.00, -1.70, +0.00, +2.23, +0.79]
  Juntas veloc.   : [+0.00, +0.77, -0.00, +1.28, +0.00, -0.36, +0.00]
  Cubo rotação    : [-3.142, +0.000, -2.501]  (roll/pitch/yaw)
  Cubo vel.linear : [-0.000, +0.000, -0.000]
────────────────────────────────────────────
 Ep  1 | Step  33
────────────────────────────────────────────
  Task            : OBJECT_DELIVERY_SEQUENCE
  Action          : [+0.982, +0.000, +0.191, -1.000]
  EE posição      : [+0.096, -0.000, +0.179]
  EE velocidade   : [+0.272, +0.000, +0.081]
  Garra           : -0.000 m  (FECHADA)
  Cubo posição    : [-0.280, +0.006, +0.010]
  Target (target): [+0.150, +0.000, +0.020]
  Dist EE→Cubo    : 0.4129 m
  Dist Cubo→target: 0.4302 m
  Reward          : -0.4302
  Sucesso         : False
  Obstáculo caminho: nao  (count: 0)
  Objeto [object_1]: tipo=box  massa=10.0 kg  tamanho=[0.045, 0.03, 0.02]
  Target goal     : {'type': 'goal_sequence', 'targets': [{'name': 'target', 'position': [0.15000000596046448, 0.0, 0.019999999552965164]}], 'mode': 'goal_sequence'}
  Mesa            : 1.1x0.7x0.4 m  offset_x=-0.3
  Robô config     : control=ee  block_gripper=False  base=[-0.6, 0.0, 0.05]
  Scripts         : ['script_1', 'reach_only', 'left_right']
  Juntas ângulos  : [+0.00, +0.61, -0.00, -1.57, +0.00, +2.18, +0.79]
  Juntas veloc.   : [+0.00, +0.63, -0.00, +1.24, +0.00, -0.39, +0.00]
  Cubo rotação    : [-3.142, +0.000, -2.501]  (roll/pitch/yaw)
  Cubo vel.linear : [-0.000, +0.000, -0.000]
────────────────────────────────────────────
 Ep  1 | Step  34
────────────────────────────────────────────
  Task            : OBJECT_DELIVERY_SEQUENCE
  Action          : [+0.970, +0.000, +0.242, -1.000]
  EE posição      : [+0.119, -0.000, +0.185]
  EE velocidade   : [+0.249, +0.000, +0.180]
  Garra           : -0.000 m  (FECHADA)
  Cubo posição    : [-0.280, +0.006, +0.010]
  Target (target): [+0.150, +0.000, +0.020]
  Dist EE→Cubo    : 0.4357 m
  Dist Cubo→target: 0.4302 m
  Reward          : -0.4302
  Sucesso         : False
  Obstáculo caminho: nao  (count: 0)
  Objeto [object_1]: tipo=box  massa=10.0 kg  tamanho=[0.045, 0.03, 0.02]
  Target goal     : {'type': 'goal_sequence', 'targets': [{'name': 'target', 'position': [0.15000000596046448, 0.0, 0.019999999552965164]}], 'mode': 'goal_sequence'}
  Mesa            : 1.1x0.7x0.4 m  offset_x=-0.3
  Robô config     : control=ee  block_gripper=False  base=[-0.6, 0.0, 0.05]
  Scripts         : ['script_1', 'reach_only', 'left_right']
  Juntas ângulos  : [+0.00, +0.67, -0.00, -1.45, +0.00, +2.12, +0.79]
  Juntas veloc.   : [+0.00, +0.45, -0.00, +1.18, +0.00, -0.43, +0.00]
  Cubo rotação    : [-3.142, +0.000, -2.501]  (roll/pitch/yaw)
  Cubo vel.linear : [-0.000, +0.000, -0.000]
────────────────────────────────────────────
 Ep  1 | Step  35
────────────────────────────────────────────
  Task            : OBJECT_DELIVERY_SEQUENCE
  Action          : [+0.971, +0.000, +0.239, -1.000]
  EE posição      : [+0.139, -0.000, +0.193]
  EE velocidade   : [+0.189, +0.000, +0.080]
  Garra           : 0.000 m  (FECHADA)
  Cubo posição    : [-0.280, +0.006, +0.010]
  Target (target): [+0.150, +0.000, +0.020]
  Dist EE→Cubo    : 0.4570 m
  Dist Cubo→target: 0.4302 m
  Reward          : -0.4302
  Sucesso         : False
  Obstáculo caminho: nao  (count: 0)
  Objeto [object_1]: tipo=box  massa=10.0 kg  tamanho=[0.045, 0.03, 0.02]
  Target goal     : {'type': 'goal_sequence', 'targets': [{'name': 'target', 'position': [0.15000000596046448, 0.0, 0.019999999552965164]}], 'mode': 'goal_sequence'}
  Mesa            : 1.1x0.7x0.4 m  offset_x=-0.3
  Robô config     : control=ee  block_gripper=False  base=[-0.6, 0.0, 0.05]
  Scripts         : ['script_1', 'reach_only', 'left_right']
  Juntas ângulos  : [+0.00, +0.73, -0.00, -1.33, +0.00, +2.07, +0.79]
  Juntas veloc.   : [+0.00, +0.54, -0.00, +1.12, +0.00, -0.44, +0.00]
  Cubo rotação    : [-3.142, +0.000, -2.501]  (roll/pitch/yaw)
  Cubo vel.linear : [-0.000, +0.000, -0.000]
────────────────────────────────────────────
 Ep  1 | Step  36
────────────────────────────────────────────
  Task            : OBJECT_DELIVERY_SEQUENCE
  Action          : [+1.000, +0.000, -0.015, -1.000]
  EE posição      : [+0.156, -0.000, +0.189]
  EE velocidade   : [+0.117, -0.000, -0.203]
  Garra           : 0.000 m  (FECHADA)
  Cubo posição    : [-0.280, +0.006, +0.010]
  Target (target): [+0.150, +0.000, +0.020]
  Dist EE→Cubo    : 0.4713 m
  Dist Cubo→target: 0.4302 m
  Reward          : -0.4302
  Sucesso         : False
  Obstáculo caminho: nao  (count: 0)
  Objeto [object_1]: tipo=box  massa=10.0 kg  tamanho=[0.045, 0.03, 0.02]
  Target goal     : {'type': 'goal_sequence', 'targets': [{'name': 'target', 'position': [0.15000000596046448, 0.0, 0.019999999552965164]}], 'mode': 'goal_sequence'}
  Mesa            : 1.1x0.7x0.4 m  offset_x=-0.3
  Robô config     : control=ee  block_gripper=False  base=[-0.6, 0.0, 0.05]
  Scripts         : ['script_1', 'reach_only', 'left_right']
  Juntas ângulos  : [+0.00, +0.81, -0.00, -1.21, +0.00, +2.02, +0.79]
  Juntas veloc.   : [-0.00, +0.87, -0.00, +1.02, +0.00, -0.33, -0.00]
  Cubo rotação    : [-3.142, +0.000, -2.501]  (roll/pitch/yaw)
  Cubo vel.linear : [-0.000, +0.000, -0.000]
────────────────────────────────────────────
 Ep  1 | Step  37
────────────────────────────────────────────
  Task            : OBJECT_DELIVERY_SEQUENCE
  Action          : [-0.843, +0.000, +0.537, -1.000]
  EE posição      : [+0.132, +0.000, +0.176]
  EE velocidade   : [-0.220, +0.000, +0.044]
  Garra           : -0.000 m  (FECHADA)
  Cubo posição    : [-0.280, +0.006, +0.010]
  Target (target): [+0.150, +0.000, +0.020]
  Dist EE→Cubo    : 0.4444 m
  Dist Cubo→target: 0.4302 m
  Reward          : -0.4302
  Sucesso         : False
  Obstáculo caminho: nao  (count: 0)
  Objeto [object_1]: tipo=box  massa=10.0 kg  tamanho=[0.045, 0.03, 0.02]
  Target goal     : {'type': 'goal_sequence', 'targets': [{'name': 'target', 'position': [0.15000000596046448, 0.0, 0.019999999552965164]}], 'mode': 'goal_sequence'}
  Mesa            : 1.1x0.7x0.4 m  offset_x=-0.3
  Robô config     : control=ee  block_gripper=False  base=[-0.6, 0.0, 0.05]
  Scripts         : ['script_1', 'reach_only', 'left_right']
  Juntas ângulos  : [+0.00, +0.77, -0.00, -1.30, +0.00, +2.01, +0.79]
  Juntas veloc.   : [+0.00, -0.64, -0.00, -0.91, -0.00, -0.10, +0.00]
  Cubo rotação    : [-3.142, +0.000, -2.501]  (roll/pitch/yaw)
  Cubo vel.linear : [-0.000, +0.000, -0.000]
────────────────────────────────────────────
 Ep  1 | Step  38
────────────────────────────────────────────
  Task            : OBJECT_DELIVERY_SEQUENCE
  Action          : [+0.727, -0.000, +0.687, -1.000]
  EE posição      : [+0.147, -0.000, +0.191]
  EE velocidade   : [+0.265, -0.000, +0.535]
  Garra           : 0.000 m  (FECHADA)
  Cubo posição    : [-0.280, +0.006, +0.010]
  Target (target): [+0.150, +0.000, +0.020]
  Dist EE→Cubo    : 0.4645 m
  Dist Cubo→target: 0.4302 m
  Reward          : -0.4302
  Sucesso         : False
  Obstáculo caminho: nao  (count: 0)
  Objeto [object_1]: tipo=box  massa=10.0 kg  tamanho=[0.045, 0.03, 0.02]
  Target goal     : {'type': 'goal_sequence', 'targets': [{'name': 'target', 'position': [0.15000000596046448, 0.0, 0.019999999552965164]}], 'mode': 'goal_sequence'}
  Mesa            : 1.1x0.7x0.4 m  offset_x=-0.3
  Robô config     : control=ee  block_gripper=False  base=[-0.6, 0.0, 0.05]
  Scripts         : ['script_1', 'reach_only', 'left_right']
  Juntas ângulos  : [+0.00, +0.79, -0.00, -1.23, +0.00, +1.99, +0.79]
  Juntas veloc.   : [-0.00, -0.19, -0.00, +0.86, +0.00, -0.12, -0.00]
  Cubo rotação    : [-3.142, +0.000, -2.501]  (roll/pitch/yaw)
  Cubo vel.linear : [-0.000, +0.000, -0.000]
────────────────────────────────────────────
 Ep  1 | Step  39
────────────────────────────────────────────
  Task            : OBJECT_DELIVERY_SEQUENCE
  Action          : [+0.000, +0.000, +0.000, -1.000]
  EE posição      : [+0.151, -0.000, +0.193]
  EE velocidade   : [+0.011, -0.000, -0.048]
  Garra           : 0.000 m  (FECHADA)
  Cubo posição    : [-0.280, +0.006, +0.010]
  Target (target): [+0.150, +0.000, +0.020]
  Dist EE→Cubo    : 0.4682 m
  Dist Cubo→target: 0.4302 m
  Reward          : -0.4302
  Sucesso         : False
  Obstáculo caminho: nao  (count: 0)
  Objeto [object_1]: tipo=box  massa=10.0 kg  tamanho=[0.045, 0.03, 0.02]
  Target goal     : {'type': 'goal_sequence', 'targets': [{'name': 'target', 'position': [0.15000000596046448, 0.0, 0.019999999552965164]}], 'mode': 'goal_sequence'}
  Mesa            : 1.1x0.7x0.4 m  offset_x=-0.3
  Robô config     : control=ee  block_gripper=False  base=[-0.6, 0.0, 0.05]
  Scripts         : ['script_1', 'reach_only', 'left_right']
  Juntas ângulos  : [+0.00, +0.79, -0.00, -1.24, +0.00, +2.02, +0.79]
  Juntas veloc.   : [-0.00, +0.04, -0.00, -0.08, +0.00, +0.19, -0.00]
  Cubo rotação    : [-3.142, +0.000, -2.501]  (roll/pitch/yaw)
  Cubo vel.linear : [-0.000, +0.000, -0.000]
────────────────────────────────────────────
 Ep  1 | Step  40
────────────────────────────────────────────
  Task            : OBJECT_DELIVERY_SEQUENCE
  Action          : [+0.000, +0.000, -0.150, -1.000]
  EE posição      : [+0.152, -0.000, +0.186]
  EE velocidade   : [+0.005, -0.000, -0.050]
  Garra           : 0.000 m  (FECHADA)
  Cubo posição    : [-0.280, +0.006, +0.010]
  Target (target): [+0.150, +0.000, +0.020]
  Dist EE→Cubo    : 0.4664 m
  Dist Cubo→target: 0.4302 m
  Reward          : -0.4302
  Sucesso         : False
  Obstáculo caminho: nao  (count: 0)
  Objeto [object_1]: tipo=box  massa=10.0 kg  tamanho=[0.045, 0.03, 0.02]
  Target goal     : {'type': 'goal_sequence', 'targets': [{'name': 'target', 'position': [0.15000000596046448, 0.0, 0.019999999552965164]}], 'mode': 'goal_sequence'}
  Mesa            : 1.1x0.7x0.4 m  offset_x=-0.3
  Robô config     : control=ee  block_gripper=False  base=[-0.6, 0.0, 0.05]
  Scripts         : ['script_1', 'reach_only', 'left_right']
  Juntas ângulos  : [+0.00, +0.79, -0.00, -1.24, +0.00, +2.03, +0.79]
  Juntas veloc.   : [+0.00, +0.06, -0.00, -0.02, +0.00, +0.10, -0.00]
  Cubo rotação    : [-3.142, +0.000, -2.501]  (roll/pitch/yaw)
  Cubo vel.linear : [-0.000, +0.000, -0.000]
────────────────────────────────────────────
 Ep  1 | Step  41
────────────────────────────────────────────
  Task            : OBJECT_DELIVERY_SEQUENCE
  Action          : [+0.000, +0.000, -0.150, -1.000]
  EE posição      : [+0.152, -0.000, +0.180]
  EE velocidade   : [+0.002, -0.000, -0.050]
  Garra           : 0.000 m  (FECHADA)
  Cubo posição    : [-0.280, +0.006, +0.010]
  Target (target): [+0.150, +0.000, +0.020]
  Dist EE→Cubo    : 0.4643 m
  Dist Cubo→target: 0.4302 m
  Reward          : -0.4302
  Sucesso         : False
  Obstáculo caminho: nao  (count: 0)
  Objeto [object_1]: tipo=box  massa=10.0 kg  tamanho=[0.045, 0.03, 0.02]
  Target goal     : {'type': 'goal_sequence', 'targets': [{'name': 'target', 'position': [0.15000000596046448, 0.0, 0.019999999552965164]}], 'mode': 'goal_sequence'}
  Mesa            : 1.1x0.7x0.4 m  offset_x=-0.3
  Robô config     : control=ee  block_gripper=False  base=[-0.6, 0.0, 0.05]
  Scripts         : ['script_1', 'reach_only', 'left_right']
  Juntas ângulos  : [+0.00, +0.80, -0.00, -1.24, +0.00, +2.04, +0.79]
  Juntas veloc.   : [-0.00, +0.07, -0.00, -0.02, +0.00, +0.08, -0.00]
  Cubo rotação    : [-3.142, +0.000, -2.501]  (roll/pitch/yaw)
  Cubo vel.linear : [-0.000, +0.000, -0.000]
────────────────────────────────────────────
 Ep  1 | Step  42
────────────────────────────────────────────
  Task            : OBJECT_DELIVERY_SEQUENCE
  Action          : [+0.000, +0.000, -0.150, -1.000]
  EE posição      : [+0.152, -0.000, +0.173]
  EE velocidade   : [+0.002, -0.000, -0.050]
  Garra           : 0.000 m  (FECHADA)
  Cubo posição    : [-0.280, +0.006, +0.010]
  Target (target): [+0.150, +0.000, +0.020]
  Dist EE→Cubo    : 0.4623 m
  Dist Cubo→target: 0.4302 m
  Reward          : -0.4302
  Sucesso         : False
  Obstáculo caminho: nao  (count: 0)
  Objeto [object_1]: tipo=box  massa=10.0 kg  tamanho=[0.045, 0.03, 0.02]
  Target goal     : {'type': 'goal_sequence', 'targets': [{'name': 'target', 'position': [0.15000000596046448, 0.0, 0.019999999552965164]}], 'mode': 'goal_sequence'}
  Mesa            : 1.1x0.7x0.4 m  offset_x=-0.3
  Robô config     : control=ee  block_gripper=False  base=[-0.6, 0.0, 0.05]
  Scripts         : ['script_1', 'reach_only', 'left_right']
  Juntas ângulos  : [+0.00, +0.81, -0.00, -1.24, +0.00, +2.05, +0.79]
  Juntas veloc.   : [-0.00, +0.07, -0.00, -0.01, +0.00, +0.08, -0.00]
  Cubo rotação    : [-3.142, +0.000, -2.501]  (roll/pitch/yaw)
  Cubo vel.linear : [-0.000, +0.000, -0.000]
────────────────────────────────────────────
 Ep  1 | Step  43
────────────────────────────────────────────
  Task            : OBJECT_DELIVERY_SEQUENCE
  Action          : [+0.000, +0.000, -0.150, -1.000]
  EE posição      : [+0.153, -0.000, +0.167]
  EE velocidade   : [+0.002, -0.000, -0.050]
  Garra           : 0.000 m  (FECHADA)
  Cubo posição    : [-0.280, +0.006, +0.010]
  Target (target): [+0.150, +0.000, +0.020]
  Dist EE→Cubo    : 0.4603 m
  Dist Cubo→target: 0.4302 m
  Reward          : -0.4302
  Sucesso         : False
  Obstáculo caminho: nao  (count: 0)
  Objeto [object_1]: tipo=box  massa=10.0 kg  tamanho=[0.045, 0.03, 0.02]
  Target goal     : {'type': 'goal_sequence', 'targets': [{'name': 'target', 'position': [0.15000000596046448, 0.0, 0.019999999552965164]}], 'mode': 'goal_sequence'}
  Mesa            : 1.1x0.7x0.4 m  offset_x=-0.3
  Robô config     : control=ee  block_gripper=False  base=[-0.6, 0.0, 0.05]
  Scripts         : ['script_1', 'reach_only', 'left_right']
  Juntas ângulos  : [+0.00, +0.82, -0.00, -1.24, +0.00, +2.06, +0.79]
  Juntas veloc.   : [-0.00, +0.07, -0.00, -0.01, +0.00, +0.08, -0.00]
  Cubo rotação    : [-3.142, +0.000, -2.501]  (roll/pitch/yaw)
  Cubo vel.linear : [-0.000, +0.000, -0.000]
────────────────────────────────────────────
 Ep  1 | Step  44
────────────────────────────────────────────
  Task            : OBJECT_DELIVERY_SEQUENCE
  Action          : [+0.000, +0.000, -0.150, -1.000]
  EE posição      : [+0.153, -0.000, +0.160]
  EE velocidade   : [+0.001, -0.000, -0.049]
  Garra           : 0.000 m  (FECHADA)
  Cubo posição    : [-0.280, +0.006, +0.010]
  Target (target): [+0.150, +0.000, +0.020]
  Dist EE→Cubo    : 0.4583 m
  Dist Cubo→target: 0.4302 m
  Reward          : -0.4302
  Sucesso         : False
  Obstáculo caminho: nao  (count: 0)
  Objeto [object_1]: tipo=box  massa=10.0 kg  tamanho=[0.045, 0.03, 0.02]
  Target goal     : {'type': 'goal_sequence', 'targets': [{'name': 'target', 'position': [0.15000000596046448, 0.0, 0.019999999552965164]}], 'mode': 'goal_sequence'}
  Mesa            : 1.1x0.7x0.4 m  offset_x=-0.3
  Robô config     : control=ee  block_gripper=False  base=[-0.6, 0.0, 0.05]
  Scripts         : ['script_1', 'reach_only', 'left_right']
  Juntas ângulos  : [+0.00, +0.83, -0.00, -1.25, +0.00, +2.07, +0.79]
  Juntas veloc.   : [-0.00, +0.07, -0.00, -0.01, +0.00, +0.08, -0.00]
  Cubo rotação    : [-3.142, +0.000, -2.501]  (roll/pitch/yaw)
  Cubo vel.linear : [-0.000, +0.000, -0.000]
────────────────────────────────────────────
 Ep  1 | Step  45
────────────────────────────────────────────
  Task            : OBJECT_DELIVERY_SEQUENCE
  Action          : [+0.000, +0.000, -0.150, -1.000]
  EE posição      : [+0.153, -0.000, +0.154]
  EE velocidade   : [+0.001, -0.000, -0.049]
  Garra           : 0.000 m  (FECHADA)
  Cubo posição    : [-0.280, +0.006, +0.010]
  Target (target): [+0.150, +0.000, +0.020]
  Dist EE→Cubo    : 0.4564 m
  Dist Cubo→target: 0.4302 m
  Reward          : -0.4302
  Sucesso         : False
  Obstáculo caminho: nao  (count: 0)
  Objeto [object_1]: tipo=box  massa=10.0 kg  tamanho=[0.045, 0.03, 0.02]
  Target goal     : {'type': 'goal_sequence', 'targets': [{'name': 'target', 'position': [0.15000000596046448, 0.0, 0.019999999552965164]}], 'mode': 'goal_sequence'}
  Mesa            : 1.1x0.7x0.4 m  offset_x=-0.3
  Robô config     : control=ee  block_gripper=False  base=[-0.6, 0.0, 0.05]
  Scripts         : ['script_1', 'reach_only', 'left_right']
  Juntas ângulos  : [+0.00, +0.84, -0.00, -1.25, +0.00, +2.09, +0.79]
  Juntas veloc.   : [-0.00, +0.07, -0.00, -0.01, +0.00, +0.08, -0.00]
  Cubo rotação    : [-3.142, +0.000, -2.501]  (roll/pitch/yaw)
  Cubo vel.linear : [-0.000, +0.000, -0.000]
────────────────────────────────────────────
 Ep  1 | Step  46
────────────────────────────────────────────
  Task            : OBJECT_DELIVERY_SEQUENCE
  Action          : [+0.000, +0.000, -0.150, -1.000]
  EE posição      : [+0.153, -0.000, +0.147]
  EE velocidade   : [+0.001, -0.000, -0.048]
  Garra           : 0.000 m  (FECHADA)
  Cubo posição    : [-0.280, +0.006, +0.010]
  Target (target): [+0.150, +0.000, +0.020]
  Dist EE→Cubo    : 0.4545 m
  Dist Cubo→target: 0.4302 m
  Reward          : -0.4302
  Sucesso         : False
  Obstáculo caminho: nao  (count: 0)
  Objeto [object_1]: tipo=box  massa=10.0 kg  tamanho=[0.045, 0.03, 0.02]
  Target goal     : {'type': 'goal_sequence', 'targets': [{'name': 'target', 'position': [0.15000000596046448, 0.0, 0.019999999552965164]}], 'mode': 'goal_sequence'}
  Mesa            : 1.1x0.7x0.4 m  offset_x=-0.3
  Robô config     : control=ee  block_gripper=False  base=[-0.6, 0.0, 0.05]
  Scripts         : ['script_1', 'reach_only', 'left_right']
  Juntas ângulos  : [+0.00, +0.85, -0.00, -1.25, +0.00, +2.10, +0.79]
  Juntas veloc.   : [+0.00, +0.07, -0.00, -0.01, +0.00, +0.08, -0.00]
  Cubo rotação    : [-3.142, +0.000, -2.501]  (roll/pitch/yaw)
  Cubo vel.linear : [-0.000, +0.000, -0.000]
────────────────────────────────────────────
 Ep  1 | Step  47
────────────────────────────────────────────
  Task            : OBJECT_DELIVERY_SEQUENCE
  Action          : [+0.000, +0.000, -0.150, -1.000]
  EE posição      : [+0.153, -0.000, +0.141]
  EE velocidade   : [+0.001, -0.000, -0.048]
  Garra           : 0.000 m  (FECHADA)
  Cubo posição    : [-0.280, +0.006, +0.010]
  Target (target): [+0.150, +0.000, +0.020]
  Dist EE→Cubo    : 0.4526 m
  Dist Cubo→target: 0.4302 m
  Reward          : -0.4302
  Sucesso         : False
  Obstáculo caminho: nao  (count: 0)
  Objeto [object_1]: tipo=box  massa=10.0 kg  tamanho=[0.045, 0.03, 0.02]
  Target goal     : {'type': 'goal_sequence', 'targets': [{'name': 'target', 'position': [0.15000000596046448, 0.0, 0.019999999552965164]}], 'mode': 'goal_sequence'}
  Mesa            : 1.1x0.7x0.4 m  offset_x=-0.3
  Robô config     : control=ee  block_gripper=False  base=[-0.6, 0.0, 0.05]
  Scripts         : ['script_1', 'reach_only', 'left_right']
  Juntas ângulos  : [+0.00, +0.86, -0.00, -1.25, +0.00, +2.11, +0.79]
  Juntas veloc.   : [-0.00, +0.07, -0.00, -0.01, +0.00, +0.08, -0.00]
  Cubo rotação    : [-3.142, +0.000, -2.501]  (roll/pitch/yaw)
  Cubo vel.linear : [-0.000, +0.000, -0.000]
────────────────────────────────────────────
 Ep  1 | Step  48
────────────────────────────────────────────
  Task            : OBJECT_DELIVERY_SEQUENCE
  Action          : [+0.000, +0.000, -0.150, -1.000]
  EE posição      : [+0.153, -0.000, +0.134]
  EE velocidade   : [+0.001, -0.000, -0.048]
  Garra           : 0.000 m  (FECHADA)
  Cubo posição    : [-0.280, +0.006, +0.010]
  Target (target): [+0.150, +0.000, +0.020]
  Dist EE→Cubo    : 0.4509 m
  Dist Cubo→target: 0.4302 m
  Reward          : -0.4302
  Sucesso         : False
  Obstáculo caminho: nao  (count: 0)
  Objeto [object_1]: tipo=box  massa=10.0 kg  tamanho=[0.045, 0.03, 0.02]
  Target goal     : {'type': 'goal_sequence', 'targets': [{'name': 'target', 'position': [0.15000000596046448, 0.0, 0.019999999552965164]}], 'mode': 'goal_sequence'}
  Mesa            : 1.1x0.7x0.4 m  offset_x=-0.3
  Robô config     : control=ee  block_gripper=False  base=[-0.6, 0.0, 0.05]
  Scripts         : ['script_1', 'reach_only', 'left_right']
  Juntas ângulos  : [+0.00, +0.87, -0.00, -1.25, +0.00, +2.12, +0.79]
  Juntas veloc.   : [-0.00, +0.07, -0.00, -0.01, +0.00, +0.08, -0.00]
  Cubo rotação    : [-3.142, +0.000, -2.501]  (roll/pitch/yaw)
  Cubo vel.linear : [-0.000, +0.000, -0.000]
────────────────────────────────────────────
 Ep  1 | Step  49
────────────────────────────────────────────
  Task            : OBJECT_DELIVERY_SEQUENCE
  Action          : [+0.000, +0.000, -0.150, -1.000]
  EE posição      : [+0.153, -0.000, +0.128]
  EE velocidade   : [+0.001, -0.000, -0.047]
  Garra           : 0.000 m  (FECHADA)
  Cubo posição    : [-0.280, +0.006, +0.010]
  Target (target): [+0.150, +0.000, +0.020]
  Dist EE→Cubo    : 0.4491 m
  Dist Cubo→target: 0.4302 m
  Reward          : -0.4302
  Sucesso         : False
  Obstáculo caminho: nao  (count: 0)
  Objeto [object_1]: tipo=box  massa=10.0 kg  tamanho=[0.045, 0.03, 0.02]
  Target goal     : {'type': 'goal_sequence', 'targets': [{'name': 'target', 'position': [0.15000000596046448, 0.0, 0.019999999552965164]}], 'mode': 'goal_sequence'}
  Mesa            : 1.1x0.7x0.4 m  offset_x=-0.3
  Robô config     : control=ee  block_gripper=False  base=[-0.6, 0.0, 0.05]
  Scripts         : ['script_1', 'reach_only', 'left_right']
  Juntas ângulos  : [+0.00, +0.88, -0.00, -1.25, +0.00, +2.13, +0.79]
  Juntas veloc.   : [+0.00, +0.07, -0.00, -0.00, +0.00, +0.08, -0.00]
  Cubo rotação    : [-3.142, +0.000, -2.501]  (roll/pitch/yaw)
  Cubo vel.linear : [-0.000, +0.000, -0.000]
────────────────────────────────────────────
 Ep  1 | Step  50
────────────────────────────────────────────
  Task            : OBJECT_DELIVERY_SEQUENCE
  Action          : [+0.000, +0.000, -0.150, -1.000]
  EE posição      : [+0.153, -0.000, +0.121]
  EE velocidade   : [+0.000, -0.000, -0.047]
  Garra           : 0.000 m  (FECHADA)
  Cubo posição    : [-0.280, +0.006, +0.010]
  Target (target): [+0.150, +0.000, +0.020]
  Dist EE→Cubo    : 0.4474 m
  Dist Cubo→target: 0.4302 m
  Reward          : -0.4302
  Sucesso         : False
  Obstáculo caminho: nao  (count: 0)
  Objeto [object_1]: tipo=box  massa=10.0 kg  tamanho=[0.045, 0.03, 0.02]
  Target goal     : {'type': 'goal_sequence', 'targets': [{'name': 'target', 'position': [0.15000000596046448, 0.0, 0.019999999552965164]}], 'mode': 'goal_sequence'}
  Mesa            : 1.1x0.7x0.4 m  offset_x=-0.3
  Robô config     : control=ee  block_gripper=False  base=[-0.6, 0.0, 0.05]
  Scripts         : ['script_1', 'reach_only', 'left_right']
  Juntas ângulos  : [+0.00, +0.89, -0.00, -1.25, +0.00, +2.14, +0.79]
  Juntas veloc.   : [-0.00, +0.07, -0.00, -0.00, +0.00, +0.08, -0.00]
  Cubo rotação    : [-3.142, +0.000, -2.501]  (roll/pitch/yaw)
  Cubo vel.linear : [-0.000, +0.000, -0.000]
────────────────────────────────────────────
 Ep  1 | Step  51
────────────────────────────────────────────
  Task            : OBJECT_DELIVERY_SEQUENCE
  Action          : [+0.000, +0.000, -0.150, -1.000]
  EE posição      : [+0.153, -0.000, +0.115]
  EE velocidade   : [+0.000, -0.000, -0.047]
  Garra           : 0.000 m  (FECHADA)
  Cubo posição    : [-0.280, +0.006, +0.010]
  Target (target): [+0.150, +0.000, +0.020]
  Dist EE→Cubo    : 0.4458 m
  Dist Cubo→target: 0.4302 m
  Reward          : -0.4302
  Sucesso         : False
  Obstáculo caminho: nao  (count: 0)
  Objeto [object_1]: tipo=box  massa=10.0 kg  tamanho=[0.045, 0.03, 0.02]
  Target goal     : {'type': 'goal_sequence', 'targets': [{'name': 'target', 'position': [0.15000000596046448, 0.0, 0.019999999552965164]}], 'mode': 'goal_sequence'}
  Mesa            : 1.1x0.7x0.4 m  offset_x=-0.3
  Robô config     : control=ee  block_gripper=False  base=[-0.6, 0.0, 0.05]
  Scripts         : ['script_1', 'reach_only', 'left_right']
  Juntas ângulos  : [-0.00, +0.89, -0.00, -1.25, +0.00, +2.15, +0.79]
  Juntas veloc.   : [-0.00, +0.07, -0.00, -0.00, +0.00, +0.08, -0.00]
  Cubo rotação    : [-3.142, +0.000, -2.501]  (roll/pitch/yaw)
  Cubo vel.linear : [-0.000, +0.000, -0.000]
────────────────────────────────────────────
 Ep  1 | Step  52
────────────────────────────────────────────
  Task            : OBJECT_DELIVERY_SEQUENCE
  Action          : [+0.000, +0.000, -0.150, -1.000]
  EE posição      : [+0.153, -0.000, +0.108]
  EE velocidade   : [-0.001, -0.000, -0.049]
  Garra           : 0.000 m  (FECHADA)
  Cubo posição    : [-0.280, +0.006, +0.010]
  Target (target): [+0.150, +0.000, +0.020]
  Dist EE→Cubo    : 0.4442 m
  Dist Cubo→target: 0.4302 m
  Reward          : -0.4302
  Sucesso         : False
  Obstáculo caminho: nao  (count: 0)
  Objeto [object_1]: tipo=box  massa=10.0 kg  tamanho=[0.045, 0.03, 0.02]
  Target goal     : {'type': 'goal_sequence', 'targets': [{'name': 'target', 'position': [0.15000000596046448, 0.0, 0.019999999552965164]}], 'mode': 'goal_sequence'}
  Mesa            : 1.1x0.7x0.4 m  offset_x=-0.3
  Robô config     : control=ee  block_gripper=False  base=[-0.6, 0.0, 0.05]
  Scripts         : ['script_1', 'reach_only', 'left_right']
  Juntas ângulos  : [-0.00, +0.90, -0.00, -1.25, +0.00, +2.16, +0.79]
  Juntas veloc.   : [-0.00, +0.07, -0.00, -0.00, +0.00, +0.08, -0.00]
  Cubo rotação    : [-3.142, +0.000, -2.501]  (roll/pitch/yaw)
  Cubo vel.linear : [-0.000, +0.000, -0.000]
────────────────────────────────────────────
 Ep  1 | Step  53
────────────────────────────────────────────
  Task            : OBJECT_DELIVERY_SEQUENCE
  Action          : [+0.000, +0.000, -0.150, -1.000]
  EE posição      : [+0.153, -0.000, +0.102]
  EE velocidade   : [-0.000, -0.000, -0.047]
  Garra           : 0.000 m  (FECHADA)
  Cubo posição    : [-0.280, +0.006, +0.010]
  Target (target): [+0.150, +0.000, +0.020]
  Dist EE→Cubo    : 0.4427 m
  Dist Cubo→target: 0.4302 m
  Reward          : -0.4302
  Sucesso         : False
  Obstáculo caminho: nao  (count: 0)
  Objeto [object_1]: tipo=box  massa=10.0 kg  tamanho=[0.045, 0.03, 0.02]
  Target goal     : {'type': 'goal_sequence', 'targets': [{'name': 'target', 'position': [0.15000000596046448, 0.0, 0.019999999552965164]}], 'mode': 'goal_sequence'}
  Mesa            : 1.1x0.7x0.4 m  offset_x=-0.3
  Robô config     : control=ee  block_gripper=False  base=[-0.6, 0.0, 0.05]
  Scripts         : ['script_1', 'reach_only', 'left_right']
  Juntas ângulos  : [-0.00, +0.91, -0.00, -1.25, +0.00, +2.17, +0.79]
  Juntas veloc.   : [+0.00, +0.07, -0.00, +0.00, +0.00, +0.07, -0.00]
  Cubo rotação    : [-3.142, +0.000, -2.501]  (roll/pitch/yaw)
  Cubo vel.linear : [-0.000, +0.000, -0.000]
────────────────────────────────────────────
 Ep  1 | Step  54
────────────────────────────────────────────
  Task            : OBJECT_DELIVERY_SEQUENCE
  Action          : [+0.000, +0.000, -0.150, -1.000]
  EE posição      : [+0.153, -0.000, +0.095]
  EE velocidade   : [-0.001, -0.000, -0.049]
  Garra           : 0.000 m  (FECHADA)
  Cubo posição    : [-0.280, +0.006, +0.010]
  Target (target): [+0.150, +0.000, +0.020]
  Dist EE→Cubo    : 0.4412 m
  Dist Cubo→target: 0.4302 m
  Reward          : -0.4302
  Sucesso         : False
  Obstáculo caminho: nao  (count: 0)
  Objeto [object_1]: tipo=box  massa=10.0 kg  tamanho=[0.045, 0.03, 0.02]
  Target goal     : {'type': 'goal_sequence', 'targets': [{'name': 'target', 'position': [0.15000000596046448, 0.0, 0.019999999552965164]}], 'mode': 'goal_sequence'}
  Mesa            : 1.1x0.7x0.4 m  offset_x=-0.3
  Robô config     : control=ee  block_gripper=False  base=[-0.6, 0.0, 0.05]
  Scripts         : ['script_1', 'reach_only', 'left_right']
  Juntas ângulos  : [-0.00, +0.92, -0.00, -1.25, +0.00, +2.18, +0.79]
  Juntas veloc.   : [-0.00, +0.08, -0.00, +0.00, +0.00, +0.07, -0.00]
  Cubo rotação    : [-3.142, +0.000, -2.501]  (roll/pitch/yaw)
  Cubo vel.linear : [-0.000, +0.000, -0.000]
────────────────────────────────────────────
 Ep  1 | Step  55
────────────────────────────────────────────
  Task            : OBJECT_DELIVERY_SEQUENCE
  Action          : [+0.000, +0.000, -0.150, -1.000]
  EE posição      : [+0.153, -0.000, +0.089]
  EE velocidade   : [-0.001, -0.000, -0.046]
  Garra           : 0.000 m  (FECHADA)
  Cubo posição    : [-0.280, +0.006, +0.010]
  Target (target): [+0.150, +0.000, +0.020]
  Dist EE→Cubo    : 0.4398 m
  Dist Cubo→target: 0.4302 m
  Reward          : -0.4302
  Sucesso         : False
  Obstáculo caminho: nao  (count: 0)
  Objeto [object_1]: tipo=box  massa=10.0 kg  tamanho=[0.045, 0.03, 0.02]
  Target goal     : {'type': 'goal_sequence', 'targets': [{'name': 'target', 'position': [0.15000000596046448, 0.0, 0.019999999552965164]}], 'mode': 'goal_sequence'}
  Mesa            : 1.1x0.7x0.4 m  offset_x=-0.3
  Robô config     : control=ee  block_gripper=False  base=[-0.6, 0.0, 0.05]
  Scripts         : ['script_1', 'reach_only', 'left_right']
  Juntas ângulos  : [-0.00, +0.93, -0.00, -1.25, +0.00, +2.18, +0.79]
  Juntas veloc.   : [+0.00, +0.07, -0.00, +0.00, +0.00, +0.07, -0.00]
  Cubo rotação    : [-3.142, +0.000, -2.501]  (roll/pitch/yaw)
  Cubo vel.linear : [-0.000, +0.000, -0.000]
────────────────────────────────────────────
 Ep  1 | Step  56
────────────────────────────────────────────
  Task            : OBJECT_DELIVERY_SEQUENCE
  Action          : [+0.000, +0.000, -0.150, -1.000]
  EE posição      : [+0.152, -0.000, +0.082]
  EE velocidade   : [-0.002, -0.000, -0.050]
  Garra           : 0.000 m  (FECHADA)
  Cubo posição    : [-0.280, +0.006, +0.010]
  Target (target): [+0.150, +0.000, +0.020]
  Dist EE→Cubo    : 0.4384 m
  Dist Cubo→target: 0.4302 m
  Reward          : -0.4302
  Sucesso         : False
  Obstáculo caminho: nao  (count: 0)
  Objeto [object_1]: tipo=box  massa=10.0 kg  tamanho=[0.045, 0.03, 0.02]
  Target goal     : {'type': 'goal_sequence', 'targets': [{'name': 'target', 'position': [0.15000000596046448, 0.0, 0.019999999552965164]}], 'mode': 'goal_sequence'}
  Mesa            : 1.1x0.7x0.4 m  offset_x=-0.3
  Robô config     : control=ee  block_gripper=False  base=[-0.6, 0.0, 0.05]
  Scripts         : ['script_1', 'reach_only', 'left_right']
  Juntas ângulos  : [-0.00, +0.94, -0.00, -1.25, +0.00, +2.19, +0.79]
  Juntas veloc.   : [-0.00, +0.08, -0.00, +0.00, +0.00, +0.07, -0.00]
  Cubo rotação    : [-3.142, +0.000, -2.501]  (roll/pitch/yaw)
  Cubo vel.linear : [-0.000, +0.000, -0.000]
────────────────────────────────────────────
 Ep  1 | Step  57
────────────────────────────────────────────
  Task            : OBJECT_DELIVERY_SEQUENCE
  Action          : [+0.000, +0.000, -0.150, -1.000]
  EE posição      : [+0.152, -0.000, +0.076]
  EE velocidade   : [-0.001, -0.000, -0.045]
  Garra           : 0.000 m  (FECHADA)
  Cubo posição    : [-0.280, +0.006, +0.010]
  Target (target): [+0.150, +0.000, +0.020]
  Dist EE→Cubo    : 0.4371 m
  Dist Cubo→target: 0.4302 m
  Reward          : -0.4302
  Sucesso         : False
  Obstáculo caminho: nao  (count: 0)
  Objeto [object_1]: tipo=box  massa=10.0 kg  tamanho=[0.045, 0.03, 0.02]
  Target goal     : {'type': 'goal_sequence', 'targets': [{'name': 'target', 'position': [0.15000000596046448, 0.0, 0.019999999552965164]}], 'mode': 'goal_sequence'}
  Mesa            : 1.1x0.7x0.4 m  offset_x=-0.3
  Robô config     : control=ee  block_gripper=False  base=[-0.6, 0.0, 0.05]
  Scripts         : ['script_1', 'reach_only', 'left_right']
  Juntas ângulos  : [-0.00, +0.96, -0.00, -1.25, +0.00, +2.20, +0.79]
  Juntas veloc.   : [-0.00, +0.07, -0.00, +0.01, +0.00, +0.07, -0.00]
  Cubo rotação    : [-3.142, +0.000, -2.501]  (roll/pitch/yaw)
  Cubo vel.linear : [-0.000, +0.000, -0.000]
────────────────────────────────────────────
 Ep  1 | Step  58
────────────────────────────────────────────
  Task            : OBJECT_DELIVERY_SEQUENCE
  Action          : [+0.000, +0.000, -0.150, -1.000]
  EE posição      : [+0.152, -0.000, +0.069]
  EE velocidade   : [-0.003, -0.000, -0.050]
  Garra           : 0.000 m  (FECHADA)
  Cubo posição    : [-0.280, +0.006, +0.010]
  Target (target): [+0.150, +0.000, +0.020]
  Dist EE→Cubo    : 0.4359 m
  Dist Cubo→target: 0.4302 m
  Reward          : -0.4302
  Sucesso         : False
  Obstáculo caminho: nao  (count: 0)
  Objeto [object_1]: tipo=box  massa=10.0 kg  tamanho=[0.045, 0.03, 0.02]
  Target goal     : {'type': 'goal_sequence', 'targets': [{'name': 'target', 'position': [0.15000000596046448, 0.0, 0.019999999552965164]}], 'mode': 'goal_sequence'}
  Mesa            : 1.1x0.7x0.4 m  offset_x=-0.3
  Robô config     : control=ee  block_gripper=False  base=[-0.6, 0.0, 0.05]
  Scripts         : ['script_1', 'reach_only', 'left_right']
  Juntas ângulos  : [-0.00, +0.97, -0.00, -1.25, +0.00, +2.21, +0.79]
  Juntas veloc.   : [-0.00, +0.08, -0.00, +0.01, +0.00, +0.07, -0.00]
  Cubo rotação    : [-3.142, +0.000, -2.501]  (roll/pitch/yaw)
  Cubo vel.linear : [-0.000, +0.000, -0.000]
────────────────────────────────────────────
 Ep  1 | Step  59
────────────────────────────────────────────
  Task            : OBJECT_DELIVERY_SEQUENCE
  Action          : [+0.000, +0.000, -0.150, -1.000]
  EE posição      : [+0.151, -0.000, +0.063]
  EE velocidade   : [-0.001, -0.000, -0.044]
  Garra           : 0.000 m  (FECHADA)
  Cubo posição    : [-0.280, +0.006, +0.010]
  Target (target): [+0.150, +0.000, +0.020]
  Dist EE→Cubo    : 0.4346 m
  Dist Cubo→target: 0.4302 m
  Reward          : -0.4302
  Sucesso         : False
  Obstáculo caminho: nao  (count: 0)
  Objeto [object_1]: tipo=box  massa=10.0 kg  tamanho=[0.045, 0.03, 0.02]
  Target goal     : {'type': 'goal_sequence', 'targets': [{'name': 'target', 'position': [0.15000000596046448, 0.0, 0.019999999552965164]}], 'mode': 'goal_sequence'}
  Mesa            : 1.1x0.7x0.4 m  offset_x=-0.3
  Robô config     : control=ee  block_gripper=False  base=[-0.6, 0.0, 0.05]
  Scripts         : ['script_1', 'reach_only', 'left_right']
  Juntas ângulos  : [-0.00, +0.98, -0.00, -1.25, +0.00, +2.22, +0.79]
  Juntas veloc.   : [-0.00, +0.07, -0.00, +0.01, +0.00, +0.07, -0.00]
  Cubo rotação    : [-3.142, +0.000, -2.501]  (roll/pitch/yaw)
  Cubo vel.linear : [-0.000, +0.000, -0.000]
────────────────────────────────────────────
 Ep  1 | Step  60
────────────────────────────────────────────
  Task            : OBJECT_DELIVERY_SEQUENCE
  Action          : [+0.000, +0.000, -0.150, -1.000]
  EE posição      : [+0.151, -0.000, +0.056]
  EE velocidade   : [-0.004, -0.000, -0.051]
  Garra           : 0.000 m  (FECHADA)
  Cubo posição    : [-0.280, +0.006, +0.010]
  Target (target): [+0.150, +0.000, +0.020]
  Dist EE→Cubo    : 0.4335 m
  Dist Cubo→target: 0.4302 m
  Reward          : -0.4302
  Sucesso         : False
  Obstáculo caminho: nao  (count: 0)
  Objeto [object_1]: tipo=box  massa=10.0 kg  tamanho=[0.045, 0.03, 0.02]
  Target goal     : {'type': 'goal_sequence', 'targets': [{'name': 'target', 'position': [0.15000000596046448, 0.0, 0.019999999552965164]}], 'mode': 'goal_sequence'}
  Mesa            : 1.1x0.7x0.4 m  offset_x=-0.3
  Robô config     : control=ee  block_gripper=False  base=[-0.6, 0.0, 0.05]
  Scripts         : ['script_1', 'reach_only', 'left_right']
  Juntas ângulos  : [-0.00, +0.99, -0.00, -1.25, +0.00, +2.23, +0.79]
  Juntas veloc.   : [-0.00, +0.08, -0.00, +0.01, +0.00, +0.07, -0.00]
  Cubo rotação    : [-3.142, +0.000, -2.501]  (roll/pitch/yaw)
  Cubo vel.linear : [-0.000, +0.000, -0.000]
────────────────────────────────────────────
 Ep  1 | Step  61
────────────────────────────────────────────
  Task            : OBJECT_DELIVERY_SEQUENCE
  Action          : [+0.000, +0.000, -0.150, -1.000]
  EE posição      : [+0.150, -0.000, +0.050]
  EE velocidade   : [-0.001, -0.000, -0.043]
  Garra           : 0.000 m  (FECHADA)
  Cubo posição    : [-0.280, +0.006, +0.010]
  Target (target): [+0.150, +0.000, +0.020]
  Dist EE→Cubo    : 0.4324 m
  Dist Cubo→target: 0.4302 m
  Reward          : -0.4302
  Sucesso         : False
  Obstáculo caminho: nao  (count: 0)
  Objeto [object_1]: tipo=box  massa=10.0 kg  tamanho=[0.045, 0.03, 0.02]
  Target goal     : {'type': 'goal_sequence', 'targets': [{'name': 'target', 'position': [0.15000000596046448, 0.0, 0.019999999552965164]}], 'mode': 'goal_sequence'}
  Mesa            : 1.1x0.7x0.4 m  offset_x=-0.3
  Robô config     : control=ee  block_gripper=False  base=[-0.6, 0.0, 0.05]
  Scripts         : ['script_1', 'reach_only', 'left_right']
  Juntas ângulos  : [-0.00, +1.00, -0.00, -1.24, +0.00, +2.24, +0.79]
  Juntas veloc.   : [+0.00, +0.07, -0.00, +0.01, +0.00, +0.07, -0.00]
  Cubo rotação    : [-3.142, +0.000, -2.501]  (roll/pitch/yaw)
  Cubo vel.linear : [-0.000, +0.000, -0.000]
────────────────────────────────────────────
 Ep  1 | Step  62
────────────────────────────────────────────
  Task            : OBJECT_DELIVERY_SEQUENCE
  Action          : [+0.000, +0.000, -0.148, -1.000]
  EE posição      : [+0.150, -0.000, +0.043]
  EE velocidade   : [-0.004, -0.000, -0.049]
  Garra           : 0.000 m  (FECHADA)
  Cubo posição    : [-0.280, +0.006, +0.010]
  Target (target): [+0.150, +0.000, +0.020]
  Dist EE→Cubo    : 0.4314 m
  Dist Cubo→target: 0.4302 m
  Reward          : -0.4302
  Sucesso         : False
  Obstáculo caminho: nao  (count: 0)
  Objeto [object_1]: tipo=box  massa=10.0 kg  tamanho=[0.045, 0.03, 0.02]
  Target goal     : {'type': 'goal_sequence', 'targets': [{'name': 'target', 'position': [0.15000000596046448, 0.0, 0.019999999552965164]}], 'mode': 'goal_sequence'}
  Mesa            : 1.1x0.7x0.4 m  offset_x=-0.3
  Robô config     : control=ee  block_gripper=False  base=[-0.6, 0.0, 0.05]
  Scripts         : ['script_1', 'reach_only', 'left_right']
  Juntas ângulos  : [-0.00, +1.01, -0.00, -1.24, +0.00, +2.25, +0.79]
  Juntas veloc.   : [-0.00, +0.08, -0.00, +0.01, +0.00, +0.07, -0.00]
  Cubo rotação    : [-3.142, +0.000, -2.501]  (roll/pitch/yaw)
  Cubo vel.linear : [-0.000, +0.000, -0.000]
────────────────────────────────────────────
 Ep  1 | Step  63
────────────────────────────────────────────
  Task            : OBJECT_DELIVERY_SEQUENCE
  Action          : [+0.000, +0.000, -0.116, -1.000]
  EE posição      : [+0.150, -0.000, +0.038]
  EE velocidade   : [-0.005, -0.000, -0.042]
  Garra           : 0.000 m  (FECHADA)
  Cubo posição    : [-0.280, +0.006, +0.010]
  Target (target): [+0.150, +0.000, +0.020]
  Dist EE→Cubo    : 0.4306 m
  Dist Cubo→target: 0.4302 m
  Reward          : -0.4302
  Sucesso         : False
  Obstáculo caminho: nao  (count: 0)
  Objeto [object_1]: tipo=box  massa=10.0 kg  tamanho=[0.045, 0.03, 0.02]
  Target goal     : {'type': 'goal_sequence', 'targets': [{'name': 'target', 'position': [0.15000000596046448, 0.0, 0.019999999552965164]}], 'mode': 'goal_sequence'}
  Mesa            : 1.1x0.7x0.4 m  offset_x=-0.3
  Robô config     : control=ee  block_gripper=False  base=[-0.6, 0.0, 0.05]
  Scripts         : ['script_1', 'reach_only', 'left_right']
  Juntas ângulos  : [-0.00, +1.02, -0.00, -1.24, +0.00, +2.26, +0.79]
  Juntas veloc.   : [-0.00, +0.07, -0.00, +0.01, +0.00, +0.05, -0.00]
  Cubo rotação    : [-3.142, +0.000, -2.501]  (roll/pitch/yaw)
  Cubo vel.linear : [-0.000, +0.000, -0.000]
────────────────────────────────────────────
 Ep  1 | Step  64
────────────────────────────────────────────
  Task            : OBJECT_DELIVERY_SEQUENCE
  Action          : [+0.000, +0.000, -0.091, -1.000]
  EE posição      : [+0.149, -0.000, +0.034]
  EE velocidade   : [-0.004, -0.000, -0.033]
  Garra           : 0.000 m  (FECHADA)
  Cubo posição    : [-0.280, +0.006, +0.010]
  Target (target): [+0.150, +0.000, +0.020]
  Dist EE→Cubo    : 0.4301 m
  Dist Cubo→target: 0.4302 m
  Reward          : -0.4302
  Sucesso         : False
  Obstáculo caminho: nao  (count: 0)
  Objeto [object_1]: tipo=box  massa=10.0 kg  tamanho=[0.045, 0.03, 0.02]
  Target goal     : {'type': 'goal_sequence', 'targets': [{'name': 'target', 'position': [0.15000000596046448, 0.0, 0.019999999552965164]}], 'mode': 'goal_sequence'}
  Mesa            : 1.1x0.7x0.4 m  offset_x=-0.3
  Robô config     : control=ee  block_gripper=False  base=[-0.6, 0.0, 0.05]
  Scripts         : ['script_1', 'reach_only', 'left_right']
  Juntas ângulos  : [-0.00, +1.02, -0.00, -1.24, +0.00, +2.26, +0.79]
  Juntas veloc.   : [-0.00, +0.05, +0.00, +0.01, +0.00, +0.04, -0.00]
  Cubo rotação    : [-3.142, +0.000, -2.501]  (roll/pitch/yaw)
  Cubo vel.linear : [-0.000, +0.000, -0.000]
────────────────────────────────────────────
 Ep  1 | Step  65
────────────────────────────────────────────
  Task            : OBJECT_DELIVERY_SEQUENCE
  Action          : [+0.000, +0.000, -0.072, -1.000]
  EE posição      : [+0.149, -0.000, +0.031]
  EE velocidade   : [-0.003, -0.000, -0.025]
  Garra           : 0.000 m  (FECHADA)
  Cubo posição    : [-0.280, +0.006, +0.010]
  Target (target): [+0.150, +0.000, +0.020]
  Dist EE→Cubo    : 0.4296 m
  Dist Cubo→target: 0.4302 m
  Reward          : -0.4302
  Sucesso         : False
  Obstáculo caminho: nao  (count: 0)
  Objeto [object_1]: tipo=box  massa=10.0 kg  tamanho=[0.045, 0.03, 0.02]
  Target goal     : {'type': 'goal_sequence', 'targets': [{'name': 'target', 'position': [0.15000000596046448, 0.0, 0.019999999552965164]}], 'mode': 'goal_sequence'}
  Mesa            : 1.1x0.7x0.4 m  offset_x=-0.3
  Robô config     : control=ee  block_gripper=False  base=[-0.6, 0.0, 0.05]
  Scripts         : ['script_1', 'reach_only', 'left_right']
  Juntas ângulos  : [-0.00, +1.03, -0.00, -1.24, +0.00, +2.27, +0.79]
  Juntas veloc.   : [-0.00, +0.04, -0.00, +0.01, +0.00, +0.03, -0.00]
  Cubo rotação    : [-3.142, +0.000, -2.501]  (roll/pitch/yaw)
  Cubo vel.linear : [-0.000, +0.000, -0.000]
────────────────────────────────────────────
 Ep  1 | Step  66
────────────────────────────────────────────
  Task            : OBJECT_DELIVERY_SEQUENCE
  Action          : [+0.000, +0.000, -0.057, -1.000]
  EE posição      : [+0.149, -0.000, +0.029]
  EE velocidade   : [-0.002, -0.000, -0.019]
  Garra           : 0.000 m  (FECHADA)
  Cubo posição    : [-0.280, +0.006, +0.010]
  Target (target): [+0.150, +0.000, +0.020]
  Dist EE→Cubo    : 0.4293 m
  Dist Cubo→target: 0.4302 m
  Reward          : -0.4302
  Sucesso         : False
  Obstáculo caminho: nao  (count: 0)
  Objeto [object_1]: tipo=box  massa=10.0 kg  tamanho=[0.045, 0.03, 0.02]
  Target goal     : {'type': 'goal_sequence', 'targets': [{'name': 'target', 'position': [0.15000000596046448, 0.0, 0.019999999552965164]}], 'mode': 'goal_sequence'}
  Mesa            : 1.1x0.7x0.4 m  offset_x=-0.3
  Robô config     : control=ee  block_gripper=False  base=[-0.6, 0.0, 0.05]
  Scripts         : ['script_1', 'reach_only', 'left_right']
  Juntas ângulos  : [-0.00, +1.03, -0.00, -1.24, +0.00, +2.27, +0.79]
  Juntas veloc.   : [-0.00, +0.03, -0.00, +0.01, +0.00, +0.02, -0.00]
  Cubo rotação    : [-3.142, +0.000, -2.501]  (roll/pitch/yaw)
  Cubo vel.linear : [-0.000, +0.000, -0.000]
────────────────────────────────────────────
 Ep  1 | Step  67
────────────────────────────────────────────
  Task            : OBJECT_DELIVERY_SEQUENCE
  Action          : [+0.000, +0.000, -0.045, -1.000]
  EE posição      : [+0.149, -0.000, +0.027]
  EE velocidade   : [-0.002, -0.000, -0.015]
  Garra           : 0.000 m  (FECHADA)
  Cubo posição    : [-0.280, +0.006, +0.010]
  Target (target): [+0.150, +0.000, +0.020]
  Dist EE→Cubo    : 0.4290 m
  Dist Cubo→target: 0.4302 m
  Reward          : -0.4302
  Sucesso         : False
  Obstáculo caminho: nao  (count: 0)
  Objeto [object_1]: tipo=box  massa=10.0 kg  tamanho=[0.045, 0.03, 0.02]
  Target goal     : {'type': 'goal_sequence', 'targets': [{'name': 'target', 'position': [0.15000000596046448, 0.0, 0.019999999552965164]}], 'mode': 'goal_sequence'}
  Mesa            : 1.1x0.7x0.4 m  offset_x=-0.3
  Robô config     : control=ee  block_gripper=False  base=[-0.6, 0.0, 0.05]
  Scripts         : ['script_1', 'reach_only', 'left_right']
  Juntas ângulos  : [-0.00, +1.03, -0.00, -1.24, +0.00, +2.27, +0.79]
  Juntas veloc.   : [-0.00, +0.03, -0.00, +0.01, +0.00, +0.02, -0.00]
  Cubo rotação    : [-3.142, +0.000, -2.501]  (roll/pitch/yaw)
  Cubo vel.linear : [-0.000, +0.000, -0.000]
────────────────────────────────────────────
 Ep  1 | Step  68
────────────────────────────────────────────
  Task            : OBJECT_DELIVERY_SEQUENCE
  Action          : [+0.000, +0.000, -0.035, -1.000]
  EE posição      : [+0.148, -0.000, +0.026]
  EE velocidade   : [-0.001, -0.000, -0.012]
  Garra           : 0.000 m  (FECHADA)
  Cubo posição    : [-0.280, +0.006, +0.010]
  Target (target): [+0.150, +0.000, +0.020]
  Dist EE→Cubo    : 0.4288 m
  Dist Cubo→target: 0.4302 m
  Reward          : -0.4302
  Sucesso         : False
  Obstáculo caminho: nao  (count: 0)
  Objeto [object_1]: tipo=box  massa=10.0 kg  tamanho=[0.045, 0.03, 0.02]
  Target goal     : {'type': 'goal_sequence', 'targets': [{'name': 'target', 'position': [0.15000000596046448, 0.0, 0.019999999552965164]}], 'mode': 'goal_sequence'}
  Mesa            : 1.1x0.7x0.4 m  offset_x=-0.3
  Robô config     : control=ee  block_gripper=False  base=[-0.6, 0.0, 0.05]
  Scripts         : ['script_1', 'reach_only', 'left_right']
  Juntas ângulos  : [-0.00, +1.04, -0.00, -1.24, +0.00, +2.27, +0.79]
  Juntas veloc.   : [-0.00, +0.02, -0.00, +0.00, +0.00, +0.02, -0.00]
  Cubo rotação    : [-3.142, +0.000, -2.501]  (roll/pitch/yaw)
  Cubo vel.linear : [-0.000, +0.000, -0.000]
────────────────────────────────────────────
 Ep  1 | Step  69
────────────────────────────────────────────
  Task            : OBJECT_DELIVERY_SEQUENCE
  Action          : [+0.000, +0.000, -0.028, -1.000]
  EE posição      : [+0.148, -0.000, +0.024]
  EE velocidade   : [-0.001, -0.000, -0.009]
  Garra           : 0.000 m  (FECHADA)
  Cubo posição    : [-0.280, +0.006, +0.010]
  Target (target): [+0.150, +0.000, +0.020]
  Dist EE→Cubo    : 0.4287 m
  Dist Cubo→target: 0.4302 m
  Reward          : -0.4302
  Sucesso         : False
  Obstáculo caminho: nao  (count: 0)
  Objeto [object_1]: tipo=box  massa=10.0 kg  tamanho=[0.045, 0.03, 0.02]
  Target goal     : {'type': 'goal_sequence', 'targets': [{'name': 'target', 'position': [0.15000000596046448, 0.0, 0.019999999552965164]}], 'mode': 'goal_sequence'}
  Mesa            : 1.1x0.7x0.4 m  offset_x=-0.3
  Robô config     : control=ee  block_gripper=False  base=[-0.6, 0.0, 0.05]
  Scripts         : ['script_1', 'reach_only', 'left_right']
  Juntas ângulos  : [-0.00, +1.04, -0.00, -1.24, +0.00, +2.27, +0.79]
  Juntas veloc.   : [-0.00, +0.02, -0.00, +0.00, +0.00, +0.01, -0.00]
  Cubo rotação    : [-3.142, +0.000, -2.501]  (roll/pitch/yaw)
  Cubo vel.linear : [-0.000, +0.000, -0.000]
────────────────────────────────────────────
 Ep  1 | Step  70
────────────────────────────────────────────
  Task            : OBJECT_DELIVERY_SEQUENCE
  Action          : [+0.000, +0.000, +0.000, +1.000]
  EE posição      : [+0.148, -0.000, +0.024]
  EE velocidade   : [-0.000, -0.000, -0.000]
  Garra           : 0.070 m  (ABERTA)
  Cubo posição    : [-0.280, +0.006, +0.010]
  Target (target): [+0.150, +0.000, +0.020]
  Dist EE→Cubo    : 0.4287 m
  Dist Cubo→target: 0.4302 m
  Reward          : -0.4302
  Sucesso         : False
  Obstáculo caminho: nao  (count: 0)
  Objeto [object_1]: tipo=box  massa=10.0 kg  tamanho=[0.045, 0.03, 0.02]
  Target goal     : {'type': 'goal_sequence', 'targets': [{'name': 'target', 'position': [0.15000000596046448, 0.0, 0.019999999552965164]}], 'mode': 'goal_sequence'}
  Mesa            : 1.1x0.7x0.4 m  offset_x=-0.3
  Robô config     : control=ee  block_gripper=False  base=[-0.6, 0.0, 0.05]
  Scripts         : ['script_1', 'reach_only', 'left_right']
  Juntas ângulos  : [-0.00, +1.04, -0.00, -1.24, +0.00, +2.27, +0.79]
  Juntas veloc.   : [+0.00, -0.00, -0.00, -0.00, +0.00, -0.00, -0.00]
  Cubo rotação    : [-3.142, +0.000, -2.501]  (roll/pitch/yaw)
  Cubo vel.linear : [-0.000, +0.000, -0.000]
────────────────────────────────────────────
 Ep  1 | Step  71
────────────────────────────────────────────
  Task            : OBJECT_DELIVERY_SEQUENCE
  Action          : [+0.000, +0.000, +0.000, +1.000]
  EE posição      : [+0.148, -0.000, +0.024]
  EE velocidade   : [-0.000, -0.000, -0.000]
  Garra           : 0.079 m  (ABERTA)
  Cubo posição    : [-0.280, +0.006, +0.010]
  Target (target): [+0.150, +0.000, +0.020]
  Dist EE→Cubo    : 0.4287 m
  Dist Cubo→target: 0.4302 m
  Reward          : -0.4302
  Sucesso         : False
  Obstáculo caminho: nao  (count: 0)
  Objeto [object_1]: tipo=box  massa=10.0 kg  tamanho=[0.045, 0.03, 0.02]
  Target goal     : {'type': 'goal_sequence', 'targets': [{'name': 'target', 'position': [0.15000000596046448, 0.0, 0.019999999552965164]}], 'mode': 'goal_sequence'}
  Mesa            : 1.1x0.7x0.4 m  offset_x=-0.3
  Robô config     : control=ee  block_gripper=False  base=[-0.6, 0.0, 0.05]
  Scripts         : ['script_1', 'reach_only', 'left_right']
  Juntas ângulos  : [-0.00, +1.04, -0.00, -1.24, +0.00, +2.27, +0.79]
  Juntas veloc.   : [+0.00, -0.00, -0.00, -0.00, +0.00, +0.00, -0.00]
  Cubo rotação    : [-3.142, +0.000, -2.501]  (roll/pitch/yaw)
  Cubo vel.linear : [-0.000, +0.000, -0.000]
────────────────────────────────────────────
 Ep  1 | Step  72
────────────────────────────────────────────
  Task            : OBJECT_DELIVERY_SEQUENCE
  Action          : [+0.000, +0.000, +0.000, +1.000]
  EE posição      : [+0.148, -0.000, +0.024]
  EE velocidade   : [-0.000, -0.000, -0.000]
  Garra           : 0.080 m  (ABERTA)
  Cubo posição    : [-0.280, +0.006, +0.010]
  Target (target): [+0.150, +0.000, +0.020]
  Dist EE→Cubo    : 0.4287 m
  Dist Cubo→target: 0.4302 m
  Reward          : -0.4302
  Sucesso         : False
  Obstáculo caminho: nao  (count: 0)
  Objeto [object_1]: tipo=box  massa=10.0 kg  tamanho=[0.045, 0.03, 0.02]
  Target goal     : {'type': 'goal_sequence', 'targets': [{'name': 'target', 'position': [0.15000000596046448, 0.0, 0.019999999552965164]}], 'mode': 'goal_sequence'}
  Mesa            : 1.1x0.7x0.4 m  offset_x=-0.3
  Robô config     : control=ee  block_gripper=False  base=[-0.6, 0.0, 0.05]
  Scripts         : ['script_1', 'reach_only', 'left_right']
  Juntas ângulos  : [-0.00, +1.04, -0.00, -1.24, +0.00, +2.27, +0.79]
  Juntas veloc.   : [+0.00, -0.00, -0.00, -0.00, +0.00, +0.00, -0.00]
  Cubo rotação    : [-3.142, +0.000, -2.501]  (roll/pitch/yaw)
  Cubo vel.linear : [-0.000, +0.000, -0.000]
────────────────────────────────────────────
 Ep  1 | Step  73
────────────────────────────────────────────
  Task            : OBJECT_DELIVERY_SEQUENCE
  Action          : [+0.000, +0.000, +0.000, +1.000]
  EE posição      : [+0.148, -0.000, +0.024]
  EE velocidade   : [-0.000, -0.000, -0.000]
  Garra           : 0.080 m  (ABERTA)
  Cubo posição    : [-0.280, +0.006, +0.010]
  Target (target): [+0.150, +0.000, +0.020]
  Dist EE→Cubo    : 0.4287 m
  Dist Cubo→target: 0.4302 m
  Reward          : -0.4302
  Sucesso         : False
  Obstáculo caminho: nao  (count: 0)
  Objeto [object_1]: tipo=box  massa=10.0 kg  tamanho=[0.045, 0.03, 0.02]
  Target goal     : {'type': 'goal_sequence', 'targets': [{'name': 'target', 'position': [0.15000000596046448, 0.0, 0.019999999552965164]}], 'mode': 'goal_sequence'}
  Mesa            : 1.1x0.7x0.4 m  offset_x=-0.3
  Robô config     : control=ee  block_gripper=False  base=[-0.6, 0.0, 0.05]
  Scripts         : ['script_1', 'reach_only', 'left_right']
  Juntas ângulos  : [-0.00, +1.04, -0.00, -1.24, +0.00, +2.27, +0.79]
  Juntas veloc.   : [+0.00, -0.00, -0.00, -0.00, +0.00, +0.00, -0.00]
  Cubo rotação    : [-3.142, +0.000, -2.501]  (roll/pitch/yaw)
  Cubo vel.linear : [-0.000, +0.000, -0.000]
────────────────────────────────────────────
 Ep  1 | Step  74
────────────────────────────────────────────
  Task            : OBJECT_DELIVERY_SEQUENCE
  Action          : [+0.000, +0.000, +0.000, +1.000]
  EE posição      : [+0.148, -0.000, +0.024]
  EE velocidade   : [-0.000, -0.000, -0.000]
  Garra           : 0.080 m  (ABERTA)
  Cubo posição    : [-0.280, +0.006, +0.010]
  Target (target): [+0.150, +0.000, +0.020]
  Dist EE→Cubo    : 0.4287 m
  Dist Cubo→target: 0.4302 m
  Reward          : -0.4302
  Sucesso         : True
  Obstáculo caminho: nao  (count: 0)
  Objeto [object_1]: tipo=box  massa=10.0 kg  tamanho=[0.045, 0.03, 0.02]
  Target goal     : {'type': 'goal_sequence', 'targets': [{'name': 'target', 'position': [0.15000000596046448, 0.0, 0.019999999552965164]}], 'mode': 'goal_sequence'}
  Mesa            : 1.1x0.7x0.4 m  offset_x=-0.3
  Robô config     : control=ee  block_gripper=False  base=[-0.6, 0.0, 0.05]
  Scripts         : ['script_1', 'reach_only', 'left_right']
  Juntas ângulos  : [-0.00, +1.04, -0.00, -1.24, +0.00, +2.27, +0.79]
  Juntas veloc.   : [+0.00, -0.00, -0.00, -0.00, +0.00, +0.00, -0.00]
  Cubo rotação    : [-3.142, +0.000, -2.501]  (roll/pitch/yaw)
  Cubo vel.linear : [-0.000, +0.000, -0.000]
