────────────────────────────────────────────
 Ep  1 | Step   1
────────────────────────────────────────────
  Task            : OBJECT_DELIVERY_SEQUENCE
  Action          : [-0.984, +0.000, -0.179, +1.000]
  EE posição      : [+0.009, +0.000, +0.191]
  EE velocidade   : [-0.416, +0.000, -0.050]
  Garra           : 0.070 m  (ABERTA)
  Cubo posição    : [-0.250, +0.000, +0.012]
  Target (target): [+0.150, +0.000, +0.020]
  Dist EE→Cubo    : 0.3152 m
  Dist Cubo→target: 0.4001 m
  Reward          : -0.4001
  Sucesso         : False
  Obstáculo caminho: nao  (count: 0)
  Objeto [object_1]: tipo=box  massa=10.0 kg  tamanho=[0.045, 0.03, 0.02]
  Target goal     : {'type': 'goal_sequence', 'targets': [{'name': 'target', 'position': [0.15000000596046448, 0.0, 0.019999999552965164]}], 'mode': 'goal_sequence'}
  Mesa            : 1.1x0.7x0.4 m  offset_x=-0.3
  Robô config     : control=ee  block_gripper=False  base=[-0.6, 0.0, 0.05]
  Scripts         : ['script_1', 'reach_only', 'left_right']
  Juntas ângulos  : [-0.00, +0.34, +0.00, -1.98, -0.00, +2.32, +0.79]
  Juntas veloc.   : [-0.00, -0.95, +0.01, -1.57, -0.00, +0.45, -0.03]
  Cubo rotação    : [+0.000, -0.000, +0.000]  (roll/pitch/yaw)
  Cubo vel.linear : [+0.000, +0.000, -0.392]
────────────────────────────────────────────
 Ep  1 | Step   2
────────────────────────────────────────────
  Task            : OBJECT_DELIVERY_SEQUENCE
  Action          : [-0.979, -0.000, -0.203, +1.000]
  EE posição      : [-0.022, +0.000, +0.183]
  EE velocidade   : [-0.365, +0.000, -0.091]
  Garra           : 0.079 m  (ABERTA)
  Cubo posição    : [-0.250, -0.000, +0.010]
  Target (target): [+0.150, +0.000, +0.020]
  Dist EE→Cubo    : 0.2861 m
  Dist Cubo→target: 0.4001 m
  Reward          : -0.4001
  Sucesso         : False
  Obstáculo caminho: nao  (count: 0)
  Objeto [object_1]: tipo=box  massa=10.0 kg  tamanho=[0.045, 0.03, 0.02]
  Target goal     : {'type': 'goal_sequence', 'targets': [{'name': 'target', 'position': [0.15000000596046448, 0.0, 0.019999999552965164]}], 'mode': 'goal_sequence'}
  Mesa            : 1.1x0.7x0.4 m  offset_x=-0.3
  Robô config     : control=ee  block_gripper=False  base=[-0.6, 0.0, 0.05]
  Scripts         : ['script_1', 'reach_only', 'left_right']
  Juntas ângulos  : [-0.00, +0.27, +0.00, -2.11, -0.00, +2.38, +0.79]
  Juntas veloc.   : [-0.00, -0.72, +0.00, -1.32, +0.00, +0.46, -0.00]
  Cubo rotação    : [+0.000, -0.000, +0.000]  (roll/pitch/yaw)
  Cubo vel.linear : [-0.000, +0.000, +0.009]
────────────────────────────────────────────
 Ep  1 | Step   3
────────────────────────────────────────────
  Task            : OBJECT_DELIVERY_SEQUENCE
  Action          : [-0.978, -0.000, -0.207, +1.000]
  EE posição      : [-0.055, +0.000, +0.175]
  EE velocidade   : [-0.392, +0.000, -0.091]
  Garra           : 0.080 m  (ABERTA)
  Cubo posição    : [-0.250, +0.000, +0.010]
  Target (target): [+0.150, +0.000, +0.020]
  Dist EE→Cubo    : 0.2553 m
  Dist Cubo→target: 0.4001 m
  Reward          : -0.4001
  Sucesso         : False
  Obstáculo caminho: nao  (count: 0)
  Objeto [object_1]: tipo=box  massa=10.0 kg  tamanho=[0.045, 0.03, 0.02]
  Target goal     : {'type': 'goal_sequence', 'targets': [{'name': 'target', 'position': [0.15000000596046448, 0.0, 0.019999999552965164]}], 'mode': 'goal_sequence'}
  Mesa            : 1.1x0.7x0.4 m  offset_x=-0.3
  Robô config     : control=ee  block_gripper=False  base=[-0.6, 0.0, 0.05]
  Scripts         : ['script_1', 'reach_only', 'left_right']
  Juntas ângulos  : [-0.00, +0.20, +0.00, -2.23, -0.00, +2.44, +0.79]
  Juntas veloc.   : [-0.00, -0.75, +0.00, -1.34, +0.00, +0.45, -0.00]
  Cubo rotação    : [+0.000, -0.000, +0.000]  (roll/pitch/yaw)
  Cubo vel.linear : [-0.000, +0.000, +0.002]
────────────────────────────────────────────
 Ep  1 | Step   4
────────────────────────────────────────────
  Task            : OBJECT_DELIVERY_SEQUENCE
  Action          : [-0.980, -0.000, -0.200, +1.000]
  EE posição      : [-0.089, +0.000, +0.167]
  EE velocidade   : [-0.397, +0.000, -0.088]
  Garra           : 0.080 m  (ABERTA)
  Cubo posição    : [-0.250, +0.000, +0.010]
  Target (target): [+0.150, +0.000, +0.020]
  Dist EE→Cubo    : 0.2246 m
  Dist Cubo→target: 0.4001 m
  Reward          : -0.4001
  Sucesso         : False
  Obstáculo caminho: nao  (count: 0)
  Objeto [object_1]: tipo=box  massa=10.0 kg  tamanho=[0.045, 0.03, 0.02]
  Target goal     : {'type': 'goal_sequence', 'targets': [{'name': 'target', 'position': [0.15000000596046448, 0.0, 0.019999999552965164]}], 'mode': 'goal_sequence'}
  Mesa            : 1.1x0.7x0.4 m  offset_x=-0.3
  Robô config     : control=ee  block_gripper=False  base=[-0.6, 0.0, 0.05]
  Scripts         : ['script_1', 'reach_only', 'left_right']
  Juntas ângulos  : [-0.00, +0.14, +0.00, -2.36, -0.00, +2.49, +0.79]
  Juntas veloc.   : [-0.00, -0.74, +0.00, -1.31, +0.00, +0.44, -0.00]
  Cubo rotação    : [+0.000, -0.000, +0.000]  (roll/pitch/yaw)
  Cubo vel.linear : [-0.000, +0.000, +0.000]
────────────────────────────────────────────
 Ep  1 | Step   5
────────────────────────────────────────────
  Task            : OBJECT_DELIVERY_SEQUENCE
  Action          : [-0.981, -0.000, -0.192, +1.000]
  EE posição      : [-0.124, +0.000, +0.158]
  EE velocidade   : [-0.392, +0.001, -0.079]
  Garra           : 0.080 m  (ABERTA)
  Cubo posição    : [-0.250, +0.000, +0.010]
  Target (target): [+0.150, +0.000, +0.020]
  Dist EE→Cubo    : 0.1945 m
  Dist Cubo→target: 0.4001 m
  Reward          : -0.4001
  Sucesso         : False
  Obstáculo caminho: nao  (count: 0)
  Objeto [object_1]: tipo=box  massa=10.0 kg  tamanho=[0.045, 0.03, 0.02]
  Target goal     : {'type': 'goal_sequence', 'targets': [{'name': 'target', 'position': [0.15000000596046448, 0.0, 0.019999999552965164]}], 'mode': 'goal_sequence'}
  Mesa            : 1.1x0.7x0.4 m  offset_x=-0.3
  Robô config     : control=ee  block_gripper=False  base=[-0.6, 0.0, 0.05]
  Scripts         : ['script_1', 'reach_only', 'left_right']
  Juntas ângulos  : [-0.00, +0.07, +0.00, -2.48, -0.00, +2.55, +0.79]
  Juntas veloc.   : [-0.00, -0.74, +0.00, -1.26, +0.00, +0.42, -0.00]
  Cubo rotação    : [+0.000, -0.000, +0.000]  (roll/pitch/yaw)
  Cubo vel.linear : [+0.000, +0.000, +0.000]
────────────────────────────────────────────
 Ep  1 | Step   6
────────────────────────────────────────────
  Task            : OBJECT_DELIVERY_SEQUENCE
  Action          : [-0.984, -0.000, -0.180, +1.000]
  EE posição      : [-0.160, +0.000, +0.150]
  EE velocidade   : [-0.425, +0.001, -0.099]
  Garra           : 0.080 m  (ABERTA)
  Cubo posição    : [-0.250, +0.000, +0.010]
  Target (target): [+0.150, +0.000, +0.020]
  Dist EE→Cubo    : 0.1665 m
  Dist Cubo→target: 0.4001 m
  Reward          : -0.4001
  Sucesso         : False
  Obstáculo caminho: nao  (count: 0)
  Objeto [object_1]: tipo=box  massa=10.0 kg  tamanho=[0.045, 0.03, 0.02]
  Target goal     : {'type': 'goal_sequence', 'targets': [{'name': 'target', 'position': [0.15000000596046448, 0.0, 0.019999999552965164]}], 'mode': 'goal_sequence'}
  Mesa            : 1.1x0.7x0.4 m  offset_x=-0.3
  Robô config     : control=ee  block_gripper=False  base=[-0.6, 0.0, 0.05]
  Scripts         : ['script_1', 'reach_only', 'left_right']
  Juntas ângulos  : [-0.00, +0.00, +0.00, -2.60, -0.00, +2.60, +0.79]
  Juntas veloc.   : [-0.00, -0.75, +0.00, -1.30, +0.00, +0.41, -0.00]
  Cubo rotação    : [+0.000, -0.000, +0.000]  (roll/pitch/yaw)
  Cubo vel.linear : [-0.000, +0.000, +0.000]
────────────────────────────────────────────
 Ep  1 | Step   7
────────────────────────────────────────────
  Task            : OBJECT_DELIVERY_SEQUENCE
  Action          : [-0.987, -0.001, -0.162, +1.000]
  EE posição      : [-0.196, +0.000, +0.141]
  EE velocidade   : [-0.465, +0.000, -0.120]
  Garra           : 0.080 m  (ABERTA)
  Cubo posição    : [-0.250, +0.000, +0.010]
  Target (target): [+0.150, +0.000, +0.020]
  Dist EE→Cubo    : 0.1419 m
  Dist Cubo→target: 0.4001 m
  Reward          : -0.4001
  Sucesso         : False
  Obstáculo caminho: nao  (count: 0)
  Objeto [object_1]: tipo=box  massa=10.0 kg  tamanho=[0.045, 0.03, 0.02]
  Target goal     : {'type': 'goal_sequence', 'targets': [{'name': 'target', 'position': [0.15000000596046448, 0.0, 0.019999999552965164]}], 'mode': 'goal_sequence'}
  Mesa            : 1.1x0.7x0.4 m  offset_x=-0.3
  Robô config     : control=ee  block_gripper=False  base=[-0.6, 0.0, 0.05]
  Scripts         : ['script_1', 'reach_only', 'left_right']
  Juntas ângulos  : [-0.00, -0.06, +0.00, -2.72, +0.00, +2.65, +0.79]
  Juntas veloc.   : [-0.00, -0.76, +0.00, -1.35, +0.00, +0.38, -0.00]
  Cubo rotação    : [+0.000, -0.000, +0.000]  (roll/pitch/yaw)
  Cubo vel.linear : [-0.000, +0.000, -0.000]
────────────────────────────────────────────
 Ep  1 | Step   8
────────────────────────────────────────────
  Task            : OBJECT_DELIVERY_SEQUENCE
  Action          : [-0.993, -0.001, -0.117, +1.000]
  EE posição      : [-0.234, +0.000, +0.133]
  EE velocidade   : [-0.472, -0.000, -0.110]
  Garra           : 0.080 m  (ABERTA)
  Cubo posição    : [-0.250, +0.000, +0.010]
  Target (target): [+0.150, +0.000, +0.020]
  Dist EE→Cubo    : 0.1246 m
  Dist Cubo→target: 0.4001 m
  Reward          : -0.4001
  Sucesso         : False
  Obstáculo caminho: nao  (count: 0)
  Objeto [object_1]: tipo=box  massa=10.0 kg  tamanho=[0.045, 0.03, 0.02]
  Target goal     : {'type': 'goal_sequence', 'targets': [{'name': 'target', 'position': [0.15000000596046448, 0.0, 0.019999999552965164]}], 'mode': 'goal_sequence'}
  Mesa            : 1.1x0.7x0.4 m  offset_x=-0.3
  Robô config     : control=ee  block_gripper=False  base=[-0.6, 0.0, 0.05]
  Scripts         : ['script_1', 'reach_only', 'left_right']
  Juntas ângulos  : [-0.00, -0.14, +0.00, -2.83, +0.00, +2.70, +0.79]
  Juntas veloc.   : [+0.00, -0.83, +0.00, -1.36, +0.00, +0.35, -0.00]
  Cubo rotação    : [+0.000, -0.000, +0.000]  (roll/pitch/yaw)
  Cubo vel.linear : [-0.000, +0.000, -0.000]
────────────────────────────────────────────
 Ep  1 | Step   9
────────────────────────────────────────────
  Task            : OBJECT_DELIVERY_SEQUENCE
  Action          : [-0.996, -0.001, +0.092, +1.000]
  EE posição      : [-0.272, -0.000, +0.129]
  EE velocidade   : [-0.406, -0.000, -0.003]
  Garra           : 0.080 m  (ABERTA)
  Cubo posição    : [-0.250, +0.000, +0.010]
  Target (target): [+0.150, +0.000, +0.020]
  Dist EE→Cubo    : 0.1214 m
  Dist Cubo→target: 0.4001 m
  Reward          : -0.4001
  Sucesso         : False
  Obstáculo caminho: nao  (count: 0)
  Objeto [object_1]: tipo=box  massa=10.0 kg  tamanho=[0.045, 0.03, 0.02]
  Target goal     : {'type': 'goal_sequence', 'targets': [{'name': 'target', 'position': [0.15000000596046448, 0.0, 0.019999999552965164]}], 'mode': 'goal_sequence'}
  Mesa            : 1.1x0.7x0.4 m  offset_x=-0.3
  Robô config     : control=ee  block_gripper=False  base=[-0.6, 0.0, 0.05]
  Scripts         : ['script_1', 'reach_only', 'left_right']
  Juntas ângulos  : [-0.00, -0.23, +0.00, -2.95, +0.00, +2.72, +0.79]
  Juntas veloc.   : [+0.00, -1.20, -0.00, -1.28, +0.00, +0.14, -0.00]
  Cubo rotação    : [+0.000, -0.000, +0.000]  (roll/pitch/yaw)
  Cubo vel.linear : [-0.000, +0.000, -0.000]
────────────────────────────────────────────
 Ep  1 | Step  10
────────────────────────────────────────────
  Task            : OBJECT_DELIVERY_SEQUENCE
  Action          : [+0.224, +0.000, -0.975, +1.000]
  EE posição      : [-0.260, -0.000, +0.116]
  EE velocidade   : [-0.362, +0.000, -0.985]
  Garra           : 0.080 m  (ABERTA)
  Cubo posição    : [-0.250, +0.000, +0.010]
  Target (target): [+0.150, +0.000, +0.020]
  Dist EE→Cubo    : 0.1068 m
  Dist Cubo→target: 0.4001 m
  Reward          : -0.4001
  Sucesso         : False
  Obstáculo caminho: nao  (count: 0)
  Objeto [object_1]: tipo=box  massa=10.0 kg  tamanho=[0.045, 0.03, 0.02]
  Target goal     : {'type': 'goal_sequence', 'targets': [{'name': 'target', 'position': [0.15000000596046448, 0.0, 0.019999999552965164]}], 'mode': 'goal_sequence'}
  Mesa            : 1.1x0.7x0.4 m  offset_x=-0.3
  Robô config     : control=ee  block_gripper=False  base=[-0.6, 0.0, 0.05]
  Scripts         : ['script_1', 'reach_only', 'left_right']
  Juntas ângulos  : [-0.00, -0.14, +0.00, -2.94, +0.00, +2.83, +0.79]
  Juntas veloc.   : [-0.00, +3.49, -0.00, +0.38, -0.00, +0.90, +0.00]
  Cubo rotação    : [+0.000, -0.000, +0.000]  (roll/pitch/yaw)
  Cubo vel.linear : [-0.000, +0.000, -0.000]
────────────────────────────────────────────
 Ep  1 | Step  11
────────────────────────────────────────────
  Task            : OBJECT_DELIVERY_SEQUENCE
  Action          : [+0.118, +0.000, -0.993, +1.000]
  EE posição      : [-0.264, -0.000, +0.078]
  EE velocidade   : [-0.278, +0.000, -0.625]
  Garra           : 0.080 m  (ABERTA)
  Cubo posição    : [-0.250, +0.000, +0.010]
  Target (target): [+0.150, +0.000, +0.020]
  Dist EE→Cubo    : 0.0697 m
  Dist Cubo→target: 0.4001 m
  Reward          : -0.4001
  Sucesso         : False
  Obstáculo caminho: nao  (count: 0)
  Objeto [object_1]: tipo=box  massa=10.0 kg  tamanho=[0.045, 0.03, 0.02]
  Target goal     : {'type': 'goal_sequence', 'targets': [{'name': 'target', 'position': [0.15000000596046448, 0.0, 0.019999999552965164]}], 'mode': 'goal_sequence'}
  Mesa            : 1.1x0.7x0.4 m  offset_x=-0.3
  Robô config     : control=ee  block_gripper=False  base=[-0.6, 0.0, 0.05]
  Scripts         : ['script_1', 'reach_only', 'left_right']
  Juntas ângulos  : [-0.00, +0.02, +0.00, -2.91, +0.00, +2.90, +0.79]
  Juntas veloc.   : [-0.00, +2.22, +0.00, +0.31, -0.00, +0.52, +0.00]
  Cubo rotação    : [+0.000, -0.000, +0.000]  (roll/pitch/yaw)
  Cubo vel.linear : [-0.000, +0.000, -0.000]
────────────────────────────────────────────
 Ep  1 | Step  12
────────────────────────────────────────────
  Task            : OBJECT_DELIVERY_SEQUENCE
  Action          : [+0.317, +0.000, -0.948, +1.000]
  EE posição      : [-0.257, -0.000, +0.048]
  EE velocidade   : [-0.191, +0.000, -0.605]
  Garra           : 0.080 m  (ABERTA)
  Cubo posição    : [-0.250, +0.000, +0.010]
  Target (target): [+0.150, +0.000, +0.020]
  Dist EE→Cubo    : 0.0382 m
  Dist Cubo→target: 0.4001 m
  Reward          : -0.4001
  Sucesso         : False
  Obstáculo caminho: nao  (count: 0)
  Objeto [object_1]: tipo=box  massa=10.0 kg  tamanho=[0.045, 0.03, 0.02]
  Target goal     : {'type': 'goal_sequence', 'targets': [{'name': 'target', 'position': [0.15000000596046448, 0.0, 0.019999999552965164]}], 'mode': 'goal_sequence'}
  Mesa            : 1.1x0.7x0.4 m  offset_x=-0.3
  Robô config     : control=ee  block_gripper=False  base=[-0.6, 0.0, 0.05]
  Scripts         : ['script_1', 'reach_only', 'left_right']
  Juntas ângulos  : [-0.00, +0.16, +0.00, -2.86, -0.00, +3.01, +0.79]
  Juntas veloc.   : [+0.00, +2.26, -0.00, +0.47, -0.00, +0.83, +0.00]
  Cubo rotação    : [+0.000, -0.000, +0.000]  (roll/pitch/yaw)
  Cubo vel.linear : [+0.000, +0.000, +0.000]
────────────────────────────────────────────
 Ep  1 | Step  13
────────────────────────────────────────────
  Task            : OBJECT_DELIVERY_SEQUENCE
  Action          : [+0.462, +0.002, -0.887, +1.000]
  EE posição      : [-0.244, +0.000, +0.016]
  EE velocidade   : [-0.083, +0.000, -0.603]
  Garra           : 0.080 m  (ABERTA)
  Cubo posição    : [-0.250, +0.000, +0.010]
  Target (target): [+0.150, +0.000, +0.020]
  Dist EE→Cubo    : 0.0085 m
  Dist Cubo→target: 0.4001 m
  Reward          : -0.4001
  Sucesso         : False
  Obstáculo caminho: nao  (count: 0)
  Objeto [object_1]: tipo=box  massa=10.0 kg  tamanho=[0.045, 0.03, 0.02]
  Target goal     : {'type': 'goal_sequence', 'targets': [{'name': 'target', 'position': [0.15000000596046448, 0.0, 0.019999999552965164]}], 'mode': 'goal_sequence'}
  Mesa            : 1.1x0.7x0.4 m  offset_x=-0.3
  Robô config     : control=ee  block_gripper=False  base=[-0.6, 0.0, 0.05]
  Scripts         : ['script_1', 'reach_only', 'left_right']
  Juntas ângulos  : [-0.00, +0.31, +0.00, -2.80, -0.00, +3.09, +0.79]
  Juntas veloc.   : [+0.00, +2.27, -0.00, +0.87, -0.00, +0.58, +0.00]
  Cubo rotação    : [+0.000, -0.000, +0.000]  (roll/pitch/yaw)
  Cubo vel.linear : [+0.000, +0.000, +0.000]
────────────────────────────────────────────
 Ep  1 | Step  14
────────────────────────────────────────────
  Task            : OBJECT_DELIVERY_SEQUENCE
  Action          : [+0.000, +0.000, +0.000, -1.000]
  EE posição      : [-0.250, +0.000, +0.009]
  EE velocidade   : [+0.040, +0.000, +0.066]
  Garra           : 0.029 m  (AGARRADA)
  Cubo posição    : [-0.250, +0.000, +0.011]
  Target (target): [+0.150, +0.000, +0.020]
  Dist EE→Cubo    : 0.0019 m
  Dist Cubo→target: 0.4000 m
  Reward          : -0.4000
  Sucesso         : False
  Obstáculo caminho: nao  (count: 0)
  Objeto [object_1]: tipo=box  massa=10.0 kg  tamanho=[0.045, 0.03, 0.02]
  Target goal     : {'type': 'goal_sequence', 'targets': [{'name': 'target', 'position': [0.15000000596046448, 0.0, 0.019999999552965164]}], 'mode': 'goal_sequence'}
  Mesa            : 1.1x0.7x0.4 m  offset_x=-0.3
  Robô config     : control=ee  block_gripper=False  base=[-0.6, 0.0, 0.05]
  Scripts         : ['script_1', 'reach_only', 'left_right']
  Juntas ângulos  : [-0.00, +0.33, +0.00, -2.80, -0.00, +3.11, +0.79]
  Juntas veloc.   : [+0.00, -0.20, -0.00, -0.10, -0.00, +0.16, +0.00]
  Cubo rotação    : [+0.003, -0.004, +0.005]  (roll/pitch/yaw)
  Cubo vel.linear : [+0.039, +0.003, +0.066]
────────────────────────────────────────────
 Ep  1 | Step  15
────────────────────────────────────────────
  Task            : RETRY_GRASP
  Action          : [+0.000, +0.000, +0.000, +1.000]
  EE posição      : [-0.250, +0.000, +0.010]
  EE velocidade   : [+0.002, -0.000, +0.007]
  Garra           : 0.074 m  (ABERTA)
  Cubo posição    : [-0.250, +0.000, +0.012]
  Target (target): [+0.150, +0.000, +0.020]
  Dist EE→Cubo    : 0.0018 m
  Dist Cubo→target: 0.4001 m
  Reward          : -0.4001
  Sucesso         : False
  Obstáculo caminho: nao  (count: 0)
  Objeto [object_1]: tipo=box  massa=10.0 kg  tamanho=[0.045, 0.03, 0.02]
  Target goal     : {'type': 'goal_sequence', 'targets': [{'name': 'target', 'position': [0.15000000596046448, 0.0, 0.019999999552965164]}], 'mode': 'goal_sequence'}
  Mesa            : 1.1x0.7x0.4 m  offset_x=-0.3
  Robô config     : control=ee  block_gripper=False  base=[-0.6, 0.0, 0.05]
  Scripts         : ['script_1', 'reach_only', 'left_right']
  Juntas ângulos  : [-0.00, +0.33, +0.00, -2.81, -0.00, +3.14, +0.79]
  Juntas veloc.   : [+0.00, -0.00, -0.00, -0.08, -0.00, +0.23, +0.00]
  Cubo rotação    : [+0.000, -0.000, +0.000]  (roll/pitch/yaw)
  Cubo vel.linear : [+0.000, +0.000, -0.392]
────────────────────────────────────────────
 Ep  1 | Step  16
────────────────────────────────────────────
  Task            : RETRY_GRASP
  Action          : [-0.001, -0.000, +1.000, +1.000]
  EE posição      : [-0.265, +0.000, +0.022]
  EE velocidade   : [+0.533, -0.000, +0.852]
  Garra           : 0.079 m  (ABERTA)
  Cubo posição    : [-0.250, -0.000, +0.010]
  Target (target): [+0.150, +0.000, +0.020]
  Dist EE→Cubo    : 0.0194 m
  Dist Cubo→target: 0.4001 m
  Reward          : -0.4001
  Sucesso         : False
  Obstáculo caminho: nao  (count: 0)
  Objeto [object_1]: tipo=box  massa=10.0 kg  tamanho=[0.045, 0.03, 0.02]
  Target goal     : {'type': 'goal_sequence', 'targets': [{'name': 'target', 'position': [0.15000000596046448, 0.0, 0.019999999552965164]}], 'mode': 'goal_sequence'}
  Mesa            : 1.1x0.7x0.4 m  offset_x=-0.3
  Robô config     : control=ee  block_gripper=False  base=[-0.6, 0.0, 0.05]
  Scripts         : ['script_1', 'reach_only', 'left_right']
  Juntas ângulos  : [-0.00, +0.25, +0.00, -2.84, -0.00, +3.04, +0.79]
  Juntas veloc.   : [-0.00, -2.89, +0.00, -0.34, +0.00, -0.75, -0.00]
  Cubo rotação    : [+0.000, +0.000, +0.000]  (roll/pitch/yaw)
  Cubo vel.linear : [+0.000, -0.000, +0.009]
────────────────────────────────────────────
 Ep  1 | Step  17
────────────────────────────────────────────
  Task            : RETRY_GRASP
  Action          : [+0.113, -0.000, +0.994, +1.000]
  EE posição      : [-0.256, +0.000, +0.057]
  EE velocidade   : [+0.105, -0.000, +0.359]
  Garra           : 0.080 m  (ABERTA)
  Cubo posição    : [-0.250, -0.000, +0.010]
  Target (target): [+0.150, +0.000, +0.020]
  Dist EE→Cubo    : 0.0470 m
  Dist Cubo→target: 0.4001 m
  Reward          : -0.4001
  Sucesso         : False
  Obstáculo caminho: nao  (count: 0)
  Objeto [object_1]: tipo=box  massa=10.0 kg  tamanho=[0.045, 0.03, 0.02]
  Target goal     : {'type': 'goal_sequence', 'targets': [{'name': 'target', 'position': [0.15000000596046448, 0.0, 0.019999999552965164]}], 'mode': 'goal_sequence'}
  Mesa            : 1.1x0.7x0.4 m  offset_x=-0.3
  Robô config     : control=ee  block_gripper=False  base=[-0.6, 0.0, 0.05]
  Scripts         : ['script_1', 'reach_only', 'left_right']
  Juntas ângulos  : [-0.00, +0.12, +0.00, -2.88, -0.00, +2.99, +0.79]
  Juntas veloc.   : [-0.00, -1.35, +0.00, -0.34, +0.00, -0.34, -0.00]
  Cubo rotação    : [+0.000, +0.000, +0.000]  (roll/pitch/yaw)
  Cubo vel.linear : [-0.000, -0.000, +0.002]
────────────────────────────────────────────
 Ep  1 | Step  18
────────────────────────────────────────────
  Task            : RETRY_GRASP
  Action          : [+0.064, -0.000, +0.998, +1.000]
  EE posição      : [-0.255, +0.000, +0.082]
  EE velocidade   : [+0.297, -0.000, +0.606]
  Garra           : 0.080 m  (ABERTA)
  Cubo posição    : [-0.250, -0.000, +0.010]
  Target (target): [+0.150, +0.000, +0.020]
  Dist EE→Cubo    : 0.0722 m
  Dist Cubo→target: 0.4001 m
  Reward          : -0.4001
  Sucesso         : False
  Obstáculo caminho: nao  (count: 0)
  Objeto [object_1]: tipo=box  massa=10.0 kg  tamanho=[0.045, 0.03, 0.02]
  Target goal     : {'type': 'goal_sequence', 'targets': [{'name': 'target', 'position': [0.15000000596046448, 0.0, 0.019999999552965164]}], 'mode': 'goal_sequence'}
  Mesa            : 1.1x0.7x0.4 m  offset_x=-0.3
  Robô config     : control=ee  block_gripper=False  base=[-0.6, 0.0, 0.05]
  Scripts         : ['script_1', 'reach_only', 'left_right']
  Juntas ângulos  : [-0.00, +0.01, +0.00, -2.88, -0.00, +2.88, +0.79]
  Juntas veloc.   : [-0.00, -1.99, +0.00, -0.02, +0.00, -0.88, -0.00]
  Cubo rotação    : [+0.000, -0.000, +0.000]  (roll/pitch/yaw)
  Cubo vel.linear : [-0.000, -0.000, +0.000]
────────────────────────────────────────────
 Ep  1 | Step  19
────────────────────────────────────────────
  Task            : RETRY_GRASP
  Action          : [+0.064, -0.000, +0.998, +1.000]
  EE posição      : [-0.249, +0.000, +0.112]
  EE velocidade   : [+0.138, +0.000, +0.413]
  Garra           : 0.080 m  (ABERTA)
  Cubo posição    : [-0.250, +0.000, +0.010]
  Target (target): [+0.150, +0.000, +0.020]
  Dist EE→Cubo    : 0.1024 m
  Dist Cubo→target: 0.4001 m
  Reward          : -0.4001
  Sucesso         : False
  Obstáculo caminho: nao  (count: 0)
  Objeto [object_1]: tipo=box  massa=10.0 kg  tamanho=[0.045, 0.03, 0.02]
  Target goal     : {'type': 'goal_sequence', 'targets': [{'name': 'target', 'position': [0.15000000596046448, 0.0, 0.019999999552965164]}], 'mode': 'goal_sequence'}
  Mesa            : 1.1x0.7x0.4 m  offset_x=-0.3
  Robô config     : control=ee  block_gripper=False  base=[-0.6, 0.0, 0.05]
  Scripts         : ['script_1', 'reach_only', 'left_right']
  Juntas ângulos  : [-0.00, -0.10, +0.00, -2.88, +0.00, +2.77, +0.79]
  Juntas veloc.   : [+0.00, -1.36, +0.00, +0.02, +0.00, -0.81, -0.00]
  Cubo rotação    : [+0.000, -0.000, +0.000]  (roll/pitch/yaw)
  Cubo vel.linear : [+0.000, +0.000, +0.000]
────────────────────────────────────────────
 Ep  1 | Step  20
────────────────────────────────────────────
  Task            : RETRY_GRASP
  Action          : [-0.014, -0.000, +1.000, +1.000]
  EE posição      : [-0.248, +0.000, +0.141]
  EE velocidade   : [+0.192, +0.000, +0.575]
  Garra           : 0.080 m  (ABERTA)
  Cubo posição    : [-0.250, +0.000, +0.010]
  Target (target): [+0.150, +0.000, +0.020]
  Dist EE→Cubo    : 0.1311 m
  Dist Cubo→target: 0.4001 m
  Reward          : -0.4001
  Sucesso         : False
  Obstáculo caminho: nao  (count: 0)
  Objeto [object_1]: tipo=box  massa=10.0 kg  tamanho=[0.045, 0.03, 0.02]
  Target goal     : {'type': 'goal_sequence', 'targets': [{'name': 'target', 'position': [0.15000000596046448, 0.0, 0.019999999552965164]}], 'mode': 'goal_sequence'}
  Mesa            : 1.1x0.7x0.4 m  offset_x=-0.3
  Robô config     : control=ee  block_gripper=False  base=[-0.6, 0.0, 0.05]
  Scripts         : ['script_1', 'reach_only', 'left_right']
  Juntas ângulos  : [-0.00, -0.20, +0.00, -2.87, +0.00, +2.66, +0.79]
  Juntas veloc.   : [+0.00, -1.77, -0.00, +0.09, +0.00, -0.90, -0.00]
  Cubo rotação    : [+0.000, -0.000, +0.000]  (roll/pitch/yaw)
  Cubo vel.linear : [-0.000, +0.000, +0.000]
────────────────────────────────────────────
 Ep  1 | Step  21
────────────────────────────────────────────
  Task            : RETRY_GRASP
  Action          : [-0.168, -0.000, +0.986, +1.000]
  EE posição      : [-0.250, +0.000, +0.172]
  EE velocidade   : [+0.083, +0.000, +0.488]
  Garra           : 0.080 m  (ABERTA)
  Cubo posição    : [-0.250, +0.000, +0.010]
  Target (target): [+0.150, +0.000, +0.020]
  Dist EE→Cubo    : 0.1617 m
  Dist Cubo→target: 0.4001 m
  Reward          : -0.4001
  Sucesso         : False
  Obstáculo caminho: nao  (count: 0)
  Objeto [object_1]: tipo=box  massa=10.0 kg  tamanho=[0.045, 0.03, 0.02]
  Target goal     : {'type': 'goal_sequence', 'targets': [{'name': 'target', 'position': [0.15000000596046448, 0.0, 0.019999999552965164]}], 'mode': 'goal_sequence'}
  Mesa            : 1.1x0.7x0.4 m  offset_x=-0.3
  Robô config     : control=ee  block_gripper=False  base=[-0.6, 0.0, 0.05]
  Scripts         : ['script_1', 'reach_only', 'left_right']
  Juntas ângulos  : [-0.00, -0.31, +0.00, -2.86, +0.00, +2.55, +0.79]
  Juntas veloc.   : [+0.00, -1.59, -0.00, +0.02, +0.00, -0.85, -0.00]
  Cubo rotação    : [+0.000, -0.000, +0.000]  (roll/pitch/yaw)
  Cubo vel.linear : [-0.000, +0.000, -0.000]
────────────────────────────────────────────
 Ep  1 | Step  22
────────────────────────────────────────────
  Task            : RETRY_GRASP
  Action          : [+0.000, -0.000, -1.000, +1.000]
  EE posição      : [-0.241, +0.000, +0.166]
  EE velocidade   : [-0.395, -0.000, -1.020]
  Garra           : 0.080 m  (ABERTA)
  Cubo posição    : [-0.250, +0.000, +0.010]
  Target (target): [+0.150, +0.000, +0.020]
  Dist EE→Cubo    : 0.1558 m
  Dist Cubo→target: 0.4001 m
  Reward          : -0.4001
  Sucesso         : False
  Obstáculo caminho: nao  (count: 0)
  Objeto [object_1]: tipo=box  massa=10.0 kg  tamanho=[0.045, 0.03, 0.02]
  Target goal     : {'type': 'goal_sequence', 'targets': [{'name': 'target', 'position': [0.15000000596046448, 0.0, 0.019999999552965164]}], 'mode': 'goal_sequence'}
  Mesa            : 1.1x0.7x0.4 m  offset_x=-0.3
  Robô config     : control=ee  block_gripper=False  base=[-0.6, 0.0, 0.05]
  Scripts         : ['script_1', 'reach_only', 'left_right']
  Juntas ângulos  : [-0.00, -0.28, +0.00, -2.90, +0.00, +2.68, +0.79]
  Juntas veloc.   : [+0.00, +2.88, -0.00, -0.25, -0.01, +1.04, +0.00]
  Cubo rotação    : [+0.000, -0.000, +0.000]  (roll/pitch/yaw)
  Cubo vel.linear : [-0.000, +0.000, -0.000]
────────────────────────────────────────────
 Ep  1 | Step  23
────────────────────────────────────────────
  Task            : RETRY_GRASP
  Action          : [-0.069, -0.000, -0.998, +1.000]
  EE posição      : [-0.252, +0.000, +0.124]
  EE velocidade   : [-0.292, +0.000, -0.637]
  Garra           : 0.080 m  (ABERTA)
  Cubo posição    : [-0.250, +0.000, +0.010]
  Target (target): [+0.150, +0.000, +0.020]
  Dist EE→Cubo    : 0.1144 m
  Dist Cubo→target: 0.4001 m
  Reward          : -0.4001
  Sucesso         : False
  Obstáculo caminho: nao  (count: 0)
  Objeto [object_1]: tipo=box  massa=10.0 kg  tamanho=[0.045, 0.03, 0.02]
  Target goal     : {'type': 'goal_sequence', 'targets': [{'name': 'target', 'position': [0.15000000596046448, 0.0, 0.019999999552965164]}], 'mode': 'goal_sequence'}
  Mesa            : 1.1x0.7x0.4 m  offset_x=-0.3
  Robô config     : control=ee  block_gripper=False  base=[-0.6, 0.0, 0.05]
  Scripts         : ['script_1', 'reach_only', 'left_right']
  Juntas ângulos  : [-0.00, -0.14, +0.00, -2.89, +0.00, +2.73, +0.79]
  Juntas veloc.   : [-0.00, +2.00, +0.00, +0.09, -0.00, +0.36, -0.00]
  Cubo rotação    : [+0.000, -0.000, +0.000]  (roll/pitch/yaw)
  Cubo vel.linear : [-0.000, +0.000, -0.000]
────────────────────────────────────────────
 Ep  1 | Step  24
────────────────────────────────────────────
  Task            : RETRY_GRASP
  Action          : [+0.025, -0.000, -1.000, +1.000]
  EE posição      : [-0.256, -0.000, +0.091]
  EE velocidade   : [-0.283, +0.000, -0.591]
  Garra           : 0.080 m  (ABERTA)
  Cubo posição    : [-0.250, +0.000, +0.010]
  Target (target): [+0.150, +0.000, +0.020]
  Dist EE→Cubo    : 0.0817 m
  Dist Cubo→target: 0.4001 m
  Reward          : -0.4001
  Sucesso         : False
  Obstáculo caminho: nao  (count: 0)
  Objeto [object_1]: tipo=box  massa=10.0 kg  tamanho=[0.045, 0.03, 0.02]
  Target goal     : {'type': 'goal_sequence', 'targets': [{'name': 'target', 'position': [0.15000000596046448, 0.0, 0.019999999552965164]}], 'mode': 'goal_sequence'}
  Mesa            : 1.1x0.7x0.4 m  offset_x=-0.3
  Robô config     : control=ee  block_gripper=False  base=[-0.6, 0.0, 0.05]
  Scripts         : ['script_1', 'reach_only', 'left_right']
  Juntas ângulos  : [-0.00, -0.02, +0.00, -2.89, +0.00, +2.86, +0.79]
  Juntas veloc.   : [+0.00, +1.93, +0.00, -0.05, -0.00, +0.99, +0.00]
  Cubo rotação    : [+0.000, -0.000, +0.000]  (roll/pitch/yaw)
  Cubo vel.linear : [-0.000, +0.000, -0.000]
────────────────────────────────────────────
 Ep  1 | Step  25
────────────────────────────────────────────
  Task            : RETRY_GRASP
  Action          : [+0.105, +0.000, -0.994, +1.000]
  EE posição      : [-0.256, -0.000, +0.059]
  EE velocidade   : [-0.339, +0.000, -0.686]
  Garra           : 0.080 m  (ABERTA)
  Cubo posição    : [-0.250, +0.000, +0.010]
  Target (target): [+0.150, +0.000, +0.020]
  Dist EE→Cubo    : 0.0493 m
  Dist Cubo→target: 0.4001 m
  Reward          : -0.4001
  Sucesso         : False
  Obstáculo caminho: nao  (count: 0)
  Objeto [object_1]: tipo=box  massa=10.0 kg  tamanho=[0.045, 0.03, 0.02]
  Target goal     : {'type': 'goal_sequence', 'targets': [{'name': 'target', 'position': [0.15000000596046448, 0.0, 0.019999999552965164]}], 'mode': 'goal_sequence'}
  Mesa            : 1.1x0.7x0.4 m  offset_x=-0.3
  Robô config     : control=ee  block_gripper=False  base=[-0.6, 0.0, 0.05]
  Scripts         : ['script_1', 'reach_only', 'left_right']
  Juntas ângulos  : [-0.00, +0.11, +0.00, -2.87, -0.00, +2.97, +0.79]
  Juntas veloc.   : [-0.00, +2.35, -0.00, +0.20, -0.00, +0.90, +0.00]
  Cubo rotação    : [+0.000, -0.000, +0.000]  (roll/pitch/yaw)
  Cubo vel.linear : [+0.000, +0.000, +0.000]
────────────────────────────────────────────
 Ep  1 | Step  26
────────────────────────────────────────────
  Task            : RETRY_GRASP
  Action          : [+0.254, +0.000, -0.967, +1.000]
  EE posição      : [-0.252, -0.000, +0.025]
  EE velocidade   : [-0.256, +0.000, -0.675]
  Garra           : 0.080 m  (ABERTA)
  Cubo posição    : [-0.250, +0.000, +0.010]
  Target (target): [+0.150, +0.000, +0.020]
  Dist EE→Cubo    : 0.0151 m
  Dist Cubo→target: 0.4001 m
  Reward          : -0.4001
  Sucesso         : False
  Obstáculo caminho: nao  (count: 0)
  Objeto [object_1]: tipo=box  massa=10.0 kg  tamanho=[0.045, 0.03, 0.02]
  Target goal     : {'type': 'goal_sequence', 'targets': [{'name': 'target', 'position': [0.15000000596046448, 0.0, 0.019999999552965164]}], 'mode': 'goal_sequence'}
  Mesa            : 1.1x0.7x0.4 m  offset_x=-0.3
  Robô config     : control=ee  block_gripper=False  base=[-0.6, 0.0, 0.05]
  Scripts         : ['script_1', 'reach_only', 'left_right']
  Juntas ângulos  : [-0.00, +0.26, +0.00, -2.83, -0.00, +3.07, +0.79]
  Juntas veloc.   : [+0.00, +2.42, -0.00, +0.56, -0.00, +0.75, +0.00]
  Cubo rotação    : [+0.000, -0.000, +0.000]  (roll/pitch/yaw)
  Cubo vel.linear : [+0.000, +0.000, +0.000]
────────────────────────────────────────────
 Ep  1 | Step  27
────────────────────────────────────────────
  Task            : RETRY_GRASP
  Action          : [+0.182, +0.000, +0.983, +1.000]
  EE posição      : [-0.283, +0.000, +0.010]
  EE velocidade   : [-0.028, +0.000, +0.157]
  Garra           : 0.080 m  (ABERTA)
  Cubo posição    : [-0.250, +0.000, +0.010]
  Target (target): [+0.150, +0.000, +0.020]
  Dist EE→Cubo    : 0.0333 m
  Dist Cubo→target: 0.4001 m
  Reward          : -0.4001
  Sucesso         : False
  Obstáculo caminho: nao  (count: 0)
  Objeto [object_1]: tipo=box  massa=10.0 kg  tamanho=[0.045, 0.03, 0.02]
  Target goal     : {'type': 'goal_sequence', 'targets': [{'name': 'target', 'position': [0.15000000596046448, 0.0, 0.019999999552965164]}], 'mode': 'goal_sequence'}
  Mesa            : 1.1x0.7x0.4 m  offset_x=-0.3
  Robô config     : control=ee  block_gripper=False  base=[-0.6, 0.0, 0.05]
  Scripts         : ['script_1', 'reach_only', 'left_right']
  Juntas ângulos  : [-0.00, +0.28, +0.00, -2.84, -0.00, +2.98, +0.79]
  Juntas veloc.   : [+0.00, -0.70, +0.00, -0.15, +0.00, -0.74, +0.00]
  Cubo rotação    : [+0.000, -0.000, +0.000]  (roll/pitch/yaw)
  Cubo vel.linear : [+0.000, +0.000, +0.000]
────────────────────────────────────────────
 Ep  1 | Step  28
────────────────────────────────────────────
  Task            : RETRY_GRASP
  Action          : [+0.000, +0.000, +0.000, -1.000]
  EE posição      : [-0.279, -0.000, +0.017]
  EE velocidade   : [-0.056, +0.002, +0.043]
  Garra           : 0.027 m  (AGARRADA)
  Cubo posição    : [-0.251, +0.000, +0.011]
  Target (target): [+0.150, +0.000, +0.020]
  Dist EE→Cubo    : 0.0283 m
  Dist Cubo→target: 0.4015 m
  Reward          : -0.4015
  Sucesso         : False
  Obstáculo caminho: nao  (count: 0)
  Objeto [object_1]: tipo=box  massa=10.0 kg  tamanho=[0.045, 0.03, 0.02]
  Target goal     : {'type': 'goal_sequence', 'targets': [{'name': 'target', 'position': [0.15000000596046448, 0.0, 0.019999999552965164]}], 'mode': 'goal_sequence'}
  Mesa            : 1.1x0.7x0.4 m  offset_x=-0.3
  Robô config     : control=ee  block_gripper=False  base=[-0.6, 0.0, 0.05]
  Scripts         : ['script_1', 'reach_only', 'left_right']
  Juntas ângulos  : [-0.00, +0.27, +0.00, -2.90, +0.00, +3.15, +0.79]
  Juntas veloc.   : [+0.00, -0.09, -0.00, -0.61, -0.02, +1.32, +0.00]
  Cubo rotação    : [-0.004, +0.032, -0.003]  (roll/pitch/yaw)
  Cubo vel.linear : [-0.060, +0.001, +0.027]
────────────────────────────────────────────
 Ep  1 | Step  29
────────────────────────────────────────────
  Task            : RETRY_GRASP
  Action          : [+0.000, +0.000, +0.000, +1.000]
  EE posição      : [-0.279, -0.000, +0.018]
  EE velocidade   : [+0.003, -0.000, +0.007]
  Garra           : 0.074 m  (ABERTA)
  Cubo posição    : [-0.250, +0.000, +0.012]
  Target (target): [+0.150, +0.000, +0.020]
  Dist EE→Cubo    : 0.0293 m
  Dist Cubo→target: 0.4001 m
  Reward          : -0.4001
  Sucesso         : False
  Obstáculo caminho: nao  (count: 0)
  Objeto [object_1]: tipo=box  massa=10.0 kg  tamanho=[0.045, 0.03, 0.02]
  Target goal     : {'type': 'goal_sequence', 'targets': [{'name': 'target', 'position': [0.15000000596046448, 0.0, 0.019999999552965164]}], 'mode': 'goal_sequence'}
  Mesa            : 1.1x0.7x0.4 m  offset_x=-0.3
  Robô config     : control=ee  block_gripper=False  base=[-0.6, 0.0, 0.05]
  Scripts         : ['script_1', 'reach_only', 'left_right']
  Juntas ângulos  : [-0.00, +0.27, +0.00, -2.90, +0.00, +3.17, +0.79]
  Juntas veloc.   : [+0.00, -0.00, -0.00, -0.05, -0.00, +0.16, -0.00]
  Cubo rotação    : [+0.000, -0.000, +0.000]  (roll/pitch/yaw)
  Cubo vel.linear : [+0.000, +0.000, -0.392]
────────────────────────────────────────────
 Ep  1 | Step  30
────────────────────────────────────────────
  Task            : RETRY_GRASP
  Action          : [+0.202, +0.000, +0.979, +1.000]
  EE posição      : [-0.284, -0.000, +0.030]
  EE velocidade   : [+0.709, +0.000, +0.895]
  Garra           : 0.079 m  (ABERTA)
  Cubo posição    : [-0.250, -0.000, +0.010]
  Target (target): [+0.150, +0.000, +0.020]
  Dist EE→Cubo    : 0.0394 m
  Dist Cubo→target: 0.4001 m
  Reward          : -0.4001
  Sucesso         : False
  Obstáculo caminho: nao  (count: 0)
  Objeto [object_1]: tipo=box  massa=10.0 kg  tamanho=[0.045, 0.03, 0.02]
  Target goal     : {'type': 'goal_sequence', 'targets': [{'name': 'target', 'position': [0.15000000596046448, 0.0, 0.019999999552965164]}], 'mode': 'goal_sequence'}
  Mesa            : 1.1x0.7x0.4 m  offset_x=-0.3
  Robô config     : control=ee  block_gripper=False  base=[-0.6, 0.0, 0.05]
  Scripts         : ['script_1', 'reach_only', 'left_right']
  Juntas ângulos  : [+0.00, +0.19, -0.00, -2.91, +0.00, +3.06, +0.79]
  Juntas veloc.   : [+0.00, -3.07, -0.00, -0.06, -0.00, -0.87, -0.00]
  Cubo rotação    : [+0.000, +0.000, +0.000]  (roll/pitch/yaw)
  Cubo vel.linear : [-0.000, -0.000, +0.009]
────────────────────────────────────────────
 Ep  1 | Step  31
────────────────────────────────────────────
  Task            : RETRY_GRASP
  Action          : [+0.262, +0.000, +0.965, +1.000]
  EE posição      : [-0.269, -0.000, +0.062]
  EE velocidade   : [+0.071, -0.000, +0.223]
  Garra           : 0.080 m  (ABERTA)
  Cubo posição    : [-0.250, -0.000, +0.010]
  Target (target): [+0.150, +0.000, +0.020]
  Dist EE→Cubo    : 0.0555 m
  Dist Cubo→target: 0.4001 m
  Reward          : -0.4001
  Sucesso         : False
  Obstáculo caminho: nao  (count: 0)
  Objeto [object_1]: tipo=box  massa=10.0 kg  tamanho=[0.045, 0.03, 0.02]
  Target goal     : {'type': 'goal_sequence', 'targets': [{'name': 'target', 'position': [0.15000000596046448, 0.0, 0.019999999552965164]}], 'mode': 'goal_sequence'}
  Mesa            : 1.1x0.7x0.4 m  offset_x=-0.3
  Robô config     : control=ee  block_gripper=False  base=[-0.6, 0.0, 0.05]
  Scripts         : ['script_1', 'reach_only', 'left_right']
  Juntas ângulos  : [+0.00, +0.07, -0.00, -2.92, +0.00, +2.99, +0.79]
  Juntas veloc.   : [+0.00, -0.88, -0.00, -0.11, -0.00, -0.48, -0.00]
  Cubo rotação    : [+0.000, -0.000, +0.000]  (roll/pitch/yaw)
  Cubo vel.linear : [-0.000, -0.000, +0.002]
────────────────────────────────────────────
 Ep  1 | Step  32
────────────────────────────────────────────
  Task            : RETRY_GRASP
  Action          : [+0.205, +0.000, +0.979, +1.000]
  EE posição      : [-0.263, -0.000, +0.085]
  EE velocidade   : [+0.365, -0.000, +0.622]
  Garra           : 0.080 m  (ABERTA)
  Cubo posição    : [-0.250, -0.000, +0.010]
  Target (target): [+0.150, +0.000, +0.020]
  Dist EE→Cubo    : 0.0759 m
  Dist Cubo→target: 0.4001 m
  Reward          : -0.4001
  Sucesso         : False
  Obstáculo caminho: nao  (count: 0)
  Objeto [object_1]: tipo=box  massa=10.0 kg  tamanho=[0.045, 0.03, 0.02]
  Target goal     : {'type': 'goal_sequence', 'targets': [{'name': 'target', 'position': [0.15000000596046448, 0.0, 0.019999999552965164]}], 'mode': 'goal_sequence'}
  Mesa            : 1.1x0.7x0.4 m  offset_x=-0.3
  Robô config     : control=ee  block_gripper=False  base=[-0.6, 0.0, 0.05]
  Scripts         : ['script_1', 'reach_only', 'left_right']
  Juntas ângulos  : [+0.00, -0.02, -0.00, -2.91, -0.00, +2.87, +0.79]
  Juntas veloc.   : [-0.00, -1.98, -0.00, +0.14, +0.00, -0.94, +0.00]
  Cubo rotação    : [+0.000, -0.000, +0.000]  (roll/pitch/yaw)
  Cubo vel.linear : [-0.000, -0.000, +0.000]
────────────────────────────────────────────
 Ep  1 | Step  33
────────────────────────────────────────────
  Task            : RETRY_GRASP
  Action          : [+0.183, +0.000, +0.983, +1.000]
  EE posição      : [-0.253, -0.000, +0.115]
  EE velocidade   : [+0.134, +0.000, +0.347]
  Garra           : 0.080 m  (ABERTA)
  Cubo posição    : [-0.250, +0.000, +0.010]
  Target (target): [+0.150, +0.000, +0.020]
  Dist EE→Cubo    : 0.1053 m
  Dist Cubo→target: 0.4001 m
  Reward          : -0.4001
  Sucesso         : False
  Obstáculo caminho: nao  (count: 0)
  Objeto [object_1]: tipo=box  massa=10.0 kg  tamanho=[0.045, 0.03, 0.02]
  Target goal     : {'type': 'goal_sequence', 'targets': [{'name': 'target', 'position': [0.15000000596046448, 0.0, 0.019999999552965164]}], 'mode': 'goal_sequence'}
  Mesa            : 1.1x0.7x0.4 m  offset_x=-0.3
  Robô config     : control=ee  block_gripper=False  base=[-0.6, 0.0, 0.05]
  Scripts         : ['script_1', 'reach_only', 'left_right']
  Juntas ângulos  : [+0.00, -0.12, -0.00, -2.89, -0.00, +2.77, +0.79]
  Juntas veloc.   : [+0.00, -1.09, +0.00, +0.12, +0.00, -0.80, -0.00]
  Cubo rotação    : [+0.000, -0.000, +0.000]  (roll/pitch/yaw)
  Cubo vel.linear : [+0.000, +0.000, +0.000]
────────────────────────────────────────────
 Ep  1 | Step  34
────────────────────────────────────────────
  Task            : RETRY_GRASP
  Action          : [+0.066, +0.000, +0.998, +1.000]
  EE posição      : [-0.248, -0.000, +0.143]
  EE velocidade   : [+0.217, +0.000, +0.581]
  Garra           : 0.080 m  (ABERTA)
  Cubo posição    : [-0.250, +0.000, +0.010]
  Target (target): [+0.150, +0.000, +0.020]
  Dist EE→Cubo    : 0.1333 m
  Dist Cubo→target: 0.4001 m
  Reward          : -0.4001
  Sucesso         : False
  Obstáculo caminho: nao  (count: 0)
  Objeto [object_1]: tipo=box  massa=10.0 kg  tamanho=[0.045, 0.03, 0.02]
  Target goal     : {'type': 'goal_sequence', 'targets': [{'name': 'target', 'position': [0.15000000596046448, 0.0, 0.019999999552965164]}], 'mode': 'goal_sequence'}
  Mesa            : 1.1x0.7x0.4 m  offset_x=-0.3
  Robô config     : control=ee  block_gripper=False  base=[-0.6, 0.0, 0.05]
  Scripts         : ['script_1', 'reach_only', 'left_right']
  Juntas ângulos  : [+0.00, -0.21, -0.00, -2.87, -0.00, +2.65, +0.79]
  Juntas veloc.   : [-0.00, -1.71, +0.00, +0.18, +0.00, -0.93, -0.00]
  Cubo rotação    : [+0.000, -0.000, +0.000]  (roll/pitch/yaw)
  Cubo vel.linear : [-0.000, +0.000, +0.000]
────────────────────────────────────────────
 Ep  1 | Step  35
────────────────────────────────────────────
  Task            : RETRY_GRASP
  Action          : [-0.152, +0.000, +0.988, +1.000]
  EE posição      : [-0.250, +0.000, +0.174]
  EE velocidade   : [+0.086, +0.000, +0.492]
  Garra           : 0.080 m  (ABERTA)
  Cubo posição    : [-0.250, +0.000, +0.010]
  Target (target): [+0.150, +0.000, +0.020]
  Dist EE→Cubo    : 0.1641 m
  Dist Cubo→target: 0.4001 m
  Reward          : -0.4001
  Sucesso         : False
  Obstáculo caminho: nao  (count: 0)
  Objeto [object_1]: tipo=box  massa=10.0 kg  tamanho=[0.045, 0.03, 0.02]
  Target goal     : {'type': 'goal_sequence', 'targets': [{'name': 'target', 'position': [0.15000000596046448, 0.0, 0.019999999552965164]}], 'mode': 'goal_sequence'}
  Mesa            : 1.1x0.7x0.4 m  offset_x=-0.3
  Robô config     : control=ee  block_gripper=False  base=[-0.6, 0.0, 0.05]
  Scripts         : ['script_1', 'reach_only', 'left_right']
  Juntas ângulos  : [+0.00, -0.32, -0.00, -2.86, -0.00, +2.54, +0.79]
  Juntas veloc.   : [+0.00, -1.58, +0.00, +0.03, +0.00, -0.84, +0.00]
  Cubo rotação    : [+0.000, -0.000, +0.000]  (roll/pitch/yaw)
  Cubo vel.linear : [-0.000, +0.000, -0.000]
────────────────────────────────────────────
 Ep  1 | Step  36
────────────────────────────────────────────
  Task            : RETRY_GRASP
  Action          : [+0.000, -0.000, -1.000, +1.000]
  EE posição      : [-0.241, +0.000, +0.168]
  EE velocidade   : [-0.391, -0.000, -1.019]
  Garra           : 0.080 m  (ABERTA)
  Cubo posição    : [-0.250, +0.000, +0.010]
  Target (target): [+0.150, +0.000, +0.020]
  Dist EE→Cubo    : 0.1580 m
  Dist Cubo→target: 0.4001 m
  Reward          : -0.4001
  Sucesso         : False
  Obstáculo caminho: nao  (count: 0)
  Objeto [object_1]: tipo=box  massa=10.0 kg  tamanho=[0.045, 0.03, 0.02]
  Target goal     : {'type': 'goal_sequence', 'targets': [{'name': 'target', 'position': [0.15000000596046448, 0.0, 0.019999999552965164]}], 'mode': 'goal_sequence'}
  Mesa            : 1.1x0.7x0.4 m  offset_x=-0.3
  Robô config     : control=ee  block_gripper=False  base=[-0.6, 0.0, 0.05]
  Scripts         : ['script_1', 'reach_only', 'left_right']
  Juntas ângulos  : [+0.00, -0.29, -0.00, -2.89, +0.00, +2.67, +0.79]
  Juntas veloc.   : [+0.00, +2.86, -0.00, -0.27, -0.01, +1.04, +0.00]
  Cubo rotação    : [+0.000, -0.000, +0.000]  (roll/pitch/yaw)
  Cubo vel.linear : [-0.000, +0.000, -0.000]
────────────────────────────────────────────
 Ep  1 | Step  37
────────────────────────────────────────────
  Task            : RETRY_GRASP
  Action          : [-0.066, -0.000, -0.998, +1.000]
  EE posição      : [-0.252, +0.000, +0.127]
  EE velocidade   : [-0.286, -0.000, -0.632]
  Garra           : 0.080 m  (ABERTA)
  Cubo posição    : [-0.250, +0.000, +0.010]
  Target (target): [+0.150, +0.000, +0.020]
  Dist EE→Cubo    : 0.1167 m
  Dist Cubo→target: 0.4001 m
  Reward          : -0.4001
  Sucesso         : False
  Obstáculo caminho: nao  (count: 0)
  Objeto [object_1]: tipo=box  massa=10.0 kg  tamanho=[0.045, 0.03, 0.02]
  Target goal     : {'type': 'goal_sequence', 'targets': [{'name': 'target', 'position': [0.15000000596046448, 0.0, 0.019999999552965164]}], 'mode': 'goal_sequence'}
  Mesa            : 1.1x0.7x0.4 m  offset_x=-0.3
  Robô config     : control=ee  block_gripper=False  base=[-0.6, 0.0, 0.05]
  Scripts         : ['script_1', 'reach_only', 'left_right']
  Juntas ângulos  : [+0.00, -0.15, +0.00, -2.89, +0.00, +2.72, +0.79]
  Juntas veloc.   : [-0.00, +1.99, +0.00, +0.09, -0.00, +0.36, +0.00]
  Cubo rotação    : [+0.000, -0.000, +0.000]  (roll/pitch/yaw)
  Cubo vel.linear : [-0.000, +0.000, -0.000]
────────────────────────────────────────────
 Ep  1 | Step  38
────────────────────────────────────────────
  Task            : RETRY_GRASP
  Action          : [+0.024, -0.000, -1.000, +1.000]
  EE posição      : [-0.256, +0.000, +0.094]
  EE velocidade   : [-0.278, +0.000, -0.585]
  Garra           : 0.080 m  (ABERTA)
  Cubo posição    : [-0.250, +0.000, +0.010]
  Target (target): [+0.150, +0.000, +0.020]
  Dist EE→Cubo    : 0.0840 m
  Dist Cubo→target: 0.4001 m
  Reward          : -0.4001
  Sucesso         : False
  Obstáculo caminho: nao  (count: 0)
  Objeto [object_1]: tipo=box  massa=10.0 kg  tamanho=[0.045, 0.03, 0.02]
  Target goal     : {'type': 'goal_sequence', 'targets': [{'name': 'target', 'position': [0.15000000596046448, 0.0, 0.019999999552965164]}], 'mode': 'goal_sequence'}
  Mesa            : 1.1x0.7x0.4 m  offset_x=-0.3
  Robô config     : control=ee  block_gripper=False  base=[-0.6, 0.0, 0.05]
  Scripts         : ['script_1', 'reach_only', 'left_right']
  Juntas ângulos  : [-0.00, -0.03, +0.00, -2.89, +0.00, +2.85, +0.79]
  Juntas veloc.   : [-0.00, +1.90, +0.00, -0.06, -0.00, +0.99, -0.00]
  Cubo rotação    : [+0.000, -0.000, +0.000]  (roll/pitch/yaw)
  Cubo vel.linear : [-0.000, +0.000, -0.000]
────────────────────────────────────────────
 Ep  1 | Step  39
────────────────────────────────────────────
  Task            : RETRY_GRASP
  Action          : [+0.100, -0.000, -0.995, +1.000]
  EE posição      : [-0.256, -0.000, +0.061]
  EE velocidade   : [-0.336, +0.000, -0.682]
  Garra           : 0.080 m  (ABERTA)
  Cubo posição    : [-0.250, +0.000, +0.010]
  Target (target): [+0.150, +0.000, +0.020]
  Dist EE→Cubo    : 0.0518 m
  Dist Cubo→target: 0.4001 m
  Reward          : -0.4001
  Sucesso         : False
  Obstáculo caminho: nao  (count: 0)
  Objeto [object_1]: tipo=box  massa=10.0 kg  tamanho=[0.045, 0.03, 0.02]
  Target goal     : {'type': 'goal_sequence', 'targets': [{'name': 'target', 'position': [0.15000000596046448, 0.0, 0.019999999552965164]}], 'mode': 'goal_sequence'}
  Mesa            : 1.1x0.7x0.4 m  offset_x=-0.3
  Robô config     : control=ee  block_gripper=False  base=[-0.6, 0.0, 0.05]
  Scripts         : ['script_1', 'reach_only', 'left_right']
  Juntas ângulos  : [-0.00, +0.10, +0.00, -2.88, -0.00, +2.97, +0.79]
  Juntas veloc.   : [-0.00, +2.33, +0.00, +0.19, -0.00, +0.90, -0.00]
  Cubo rotação    : [+0.000, -0.000, +0.000]  (roll/pitch/yaw)
  Cubo vel.linear : [+0.000, +0.000, +0.000]
────────────────────────────────────────────
 Ep  1 | Step  40
────────────────────────────────────────────
  Task            : RETRY_GRASP
  Action          : [+0.235, +0.000, -0.972, +1.000]
  EE posição      : [-0.253, -0.000, +0.027]
  EE velocidade   : [-0.273, +0.000, -0.681]
  Garra           : 0.080 m  (ABERTA)
  Cubo posição    : [-0.250, +0.000, +0.010]
  Target (target): [+0.150, +0.000, +0.020]
  Dist EE→Cubo    : 0.0176 m
  Dist Cubo→target: 0.4001 m
  Reward          : -0.4001
  Sucesso         : False
  Obstáculo caminho: nao  (count: 0)
  Objeto [object_1]: tipo=box  massa=10.0 kg  tamanho=[0.045, 0.03, 0.02]
  Target goal     : {'type': 'goal_sequence', 'targets': [{'name': 'target', 'position': [0.15000000596046448, 0.0, 0.019999999552965164]}], 'mode': 'goal_sequence'}
  Mesa            : 1.1x0.7x0.4 m  offset_x=-0.3
  Robô config     : control=ee  block_gripper=False  base=[-0.6, 0.0, 0.05]
  Scripts         : ['script_1', 'reach_only', 'left_right']
  Juntas ângulos  : [+0.00, +0.25, -0.00, -2.83, -0.00, +3.07, +0.79]
  Juntas veloc.   : [+0.00, +2.43, -0.00, +0.52, -0.00, +0.77, +0.00]
  Cubo rotação    : [+0.000, -0.000, +0.000]  (roll/pitch/yaw)
  Cubo vel.linear : [+0.000, +0.000, +0.000]
────────────────────────────────────────────
 Ep  1 | Step  41
────────────────────────────────────────────
  Task            : RETRY_GRASP
  Action          : [+0.330, +0.000, +0.944, +1.000]
  EE posição      : [-0.277, +0.000, +0.012]
  EE velocidade   : [+0.051, +0.000, +0.154]
  Garra           : 0.080 m  (ABERTA)
  Cubo posição    : [-0.250, +0.000, +0.010]
  Target (target): [+0.150, +0.000, +0.020]
  Dist EE→Cubo    : 0.0273 m
  Dist Cubo→target: 0.4001 m
  Reward          : -0.4001
  Sucesso         : False
  Obstáculo caminho: nao  (count: 0)
  Objeto [object_1]: tipo=box  massa=10.0 kg  tamanho=[0.045, 0.03, 0.02]
  Target goal     : {'type': 'goal_sequence', 'targets': [{'name': 'target', 'position': [0.15000000596046448, 0.0, 0.019999999552965164]}], 'mode': 'goal_sequence'}
  Mesa            : 1.1x0.7x0.4 m  offset_x=-0.3
  Robô config     : control=ee  block_gripper=False  base=[-0.6, 0.0, 0.05]
  Scripts         : ['script_1', 'reach_only', 'left_right']
  Juntas ângulos  : [+0.00, +0.27, +0.00, -2.82, -0.00, +2.96, +0.79]
  Juntas veloc.   : [+0.00, -0.59, +0.00, +0.06, +0.00, -0.80, +0.00]
  Cubo rotação    : [+0.000, -0.000, +0.000]  (roll/pitch/yaw)
  Cubo vel.linear : [+0.000, +0.000, +0.000]
────────────────────────────────────────────
 Ep  1 | Step  42
────────────────────────────────────────────
  Task            : RETRY_GRASP
  Action          : [+0.000, +0.000, +0.000, -1.000]
  EE posição      : [-0.273, -0.000, +0.019]
  EE velocidade   : [-0.072, +0.002, +0.034]
  Garra           : 0.029 m  (AGARRADA)
  Cubo posição    : [-0.252, -0.000, +0.011]
  Target (target): [+0.150, +0.000, +0.020]
  Dist EE→Cubo    : 0.0223 m
  Dist Cubo→target: 0.4020 m
  Reward          : -0.4020
  Sucesso         : False
  Obstáculo caminho: nao  (count: 0)
  Objeto [object_1]: tipo=box  massa=10.0 kg  tamanho=[0.045, 0.03, 0.02]
  Target goal     : {'type': 'goal_sequence', 'targets': [{'name': 'target', 'position': [0.15000000596046448, 0.0, 0.019999999552965164]}], 'mode': 'goal_sequence'}
  Mesa            : 1.1x0.7x0.4 m  offset_x=-0.3
  Robô config     : control=ee  block_gripper=False  base=[-0.6, 0.0, 0.05]
  Scripts         : ['script_1', 'reach_only', 'left_right']
  Juntas ângulos  : [+0.00, +0.26, +0.00, -2.88, +0.00, +3.13, +0.79]
  Juntas veloc.   : [-0.00, -0.09, +0.00, -0.63, -0.02, +1.29, +0.00]
  Cubo rotação    : [+0.004, +0.022, +0.002]  (roll/pitch/yaw)
  Cubo vel.linear : [-0.077, -0.001, +0.021]
────────────────────────────────────────────
 Ep  1 | Step  43
────────────────────────────────────────────
  Task            : RETRY_GRASP
  Action          : [+0.000, +0.000, +0.000, -1.000]
  EE posição      : [-0.273, -0.000, +0.019]
  EE velocidade   : [+0.006, -0.000, +0.007]
  Garra           : 0.029 m  (AGARRADA)
  Cubo posição    : [-0.252, +0.000, +0.011]
  Target (target): [+0.150, +0.000, +0.020]
  Dist EE→Cubo    : 0.0224 m
  Dist Cubo→target: 0.4019 m
  Reward          : -0.4019
  Sucesso         : False
  Obstáculo caminho: nao  (count: 0)
  Objeto [object_1]: tipo=box  massa=10.0 kg  tamanho=[0.045, 0.03, 0.02]
  Target goal     : {'type': 'goal_sequence', 'targets': [{'name': 'target', 'position': [0.15000000596046448, 0.0, 0.019999999552965164]}], 'mode': 'goal_sequence'}
  Mesa            : 1.1x0.7x0.4 m  offset_x=-0.3
  Robô config     : control=ee  block_gripper=False  base=[-0.6, 0.0, 0.05]
  Scripts         : ['script_1', 'reach_only', 'left_right']
  Juntas ângulos  : [+0.00, +0.26, +0.00, -2.89, +0.00, +3.15, +0.79]
  Juntas veloc.   : [-0.00, -0.00, -0.00, -0.05, -0.00, +0.15, -0.00]
  Cubo rotação    : [+0.001, +0.043, -0.007]  (roll/pitch/yaw)
  Cubo vel.linear : [+0.004, +0.004, +0.003]
────────────────────────────────────────────
 Ep  1 | Step  44
────────────────────────────────────────────
  Task            : RETRY_GRASP
  Action          : [+0.000, +0.000, +0.000, -1.000]
  EE posição      : [-0.272, +0.000, +0.020]
  EE velocidade   : [+0.002, +0.000, +0.001]
  Garra           : 0.030 m  (AGARRADA)
  Cubo posição    : [-0.251, +0.000, +0.011]
  Target (target): [+0.150, +0.000, +0.020]
  Dist EE→Cubo    : 0.0223 m
  Dist Cubo→target: 0.4016 m
  Reward          : -0.4016
  Sucesso         : False
  Obstáculo caminho: nao  (count: 0)
  Objeto [object_1]: tipo=box  massa=10.0 kg  tamanho=[0.045, 0.03, 0.02]
  Target goal     : {'type': 'goal_sequence', 'targets': [{'name': 'target', 'position': [0.15000000596046448, 0.0, 0.019999999552965164]}], 'mode': 'goal_sequence'}
  Mesa            : 1.1x0.7x0.4 m  offset_x=-0.3
  Robô config     : control=ee  block_gripper=False  base=[-0.6, 0.0, 0.05]
  Scripts         : ['script_1', 'reach_only', 'left_right']
  Juntas ângulos  : [+0.00, +0.26, +0.00, -2.89, +0.00, +3.15, +0.79]
  Juntas veloc.   : [-0.00, -0.00, +0.00, +0.00, +0.00, +0.00, -0.00]
  Cubo rotação    : [-0.000, +0.049, -0.010]  (roll/pitch/yaw)
  Cubo vel.linear : [+0.003, -0.000, +0.001]
────────────────────────────────────────────
 Ep  1 | Step  45
────────────────────────────────────────────
  Task            : RETRY_GRASP
  Action          : [+0.000, +0.000, +0.000, -1.000]
  EE posição      : [-0.272, +0.000, +0.020]
  EE velocidade   : [+0.000, -0.000, +0.000]
  Garra           : 0.030 m  (AGARRADA)
  Cubo posição    : [-0.251, +0.000, +0.011]
  Target (target): [+0.150, +0.000, +0.020]
  Dist EE→Cubo    : 0.0223 m
  Dist Cubo→target: 0.4015 m
  Reward          : -0.4015
  Sucesso         : False
  Obstáculo caminho: nao  (count: 0)
  Objeto [object_1]: tipo=box  massa=10.0 kg  tamanho=[0.045, 0.03, 0.02]
  Target goal     : {'type': 'goal_sequence', 'targets': [{'name': 'target', 'position': [0.15000000596046448, 0.0, 0.019999999552965164]}], 'mode': 'goal_sequence'}
  Mesa            : 1.1x0.7x0.4 m  offset_x=-0.3
  Robô config     : control=ee  block_gripper=False  base=[-0.6, 0.0, 0.05]
  Scripts         : ['script_1', 'reach_only', 'left_right']
  Juntas ângulos  : [-0.00, +0.26, +0.00, -2.89, +0.00, +3.15, +0.79]
  Juntas veloc.   : [-0.00, -0.00, +0.00, +0.00, +0.00, -0.00, -0.00]
  Cubo rotação    : [-0.000, +0.052, -0.010]  (roll/pitch/yaw)
  Cubo vel.linear : [+0.000, +0.000, +0.000]
────────────────────────────────────────────
 Ep  1 | Step  46
────────────────────────────────────────────
  Task            : RETRY_GRASP
  Action          : [+0.000, +0.000, +0.000, -1.000]
  EE posição      : [-0.272, +0.000, +0.020]
  EE velocidade   : [+0.000, -0.000, +0.000]
  Garra           : 0.030 m  (AGARRADA)
  Cubo posição    : [-0.251, +0.000, +0.011]
  Target (target): [+0.150, +0.000, +0.020]
  Dist EE→Cubo    : 0.0223 m
  Dist Cubo→target: 0.4014 m
  Reward          : -0.4014
  Sucesso         : False
  Obstáculo caminho: nao  (count: 0)
  Objeto [object_1]: tipo=box  massa=10.0 kg  tamanho=[0.045, 0.03, 0.02]
  Target goal     : {'type': 'goal_sequence', 'targets': [{'name': 'target', 'position': [0.15000000596046448, 0.0, 0.019999999552965164]}], 'mode': 'goal_sequence'}
  Mesa            : 1.1x0.7x0.4 m  offset_x=-0.3
  Robô config     : control=ee  block_gripper=False  base=[-0.6, 0.0, 0.05]
  Scripts         : ['script_1', 'reach_only', 'left_right']
  Juntas ângulos  : [-0.00, +0.26, +0.00, -2.89, +0.00, +3.15, +0.79]
  Juntas veloc.   : [-0.00, -0.00, +0.00, +0.00, +0.00, -0.00, -0.00]
  Cubo rotação    : [-0.000, +0.053, -0.010]  (roll/pitch/yaw)
  Cubo vel.linear : [+0.000, +0.000, +0.000]
────────────────────────────────────────────
 Ep  1 | Step  47
────────────────────────────────────────────
  Task            : RETRY_GRASP
  Action          : [+0.000, +0.000, +0.000, -1.000]
  EE posição      : [-0.272, +0.000, +0.020]
  EE velocidade   : [+0.000, -0.000, +0.000]
  Garra           : 0.030 m  (AGARRADA)
  Cubo posição    : [-0.251, +0.000, +0.011]
  Target (target): [+0.150, +0.000, +0.020]
  Dist EE→Cubo    : 0.0223 m
  Dist Cubo→target: 0.4014 m
  Reward          : -0.4014
  Sucesso         : False
  Obstáculo caminho: nao  (count: 0)
  Objeto [object_1]: tipo=box  massa=10.0 kg  tamanho=[0.045, 0.03, 0.02]
  Target goal     : {'type': 'goal_sequence', 'targets': [{'name': 'target', 'position': [0.15000000596046448, 0.0, 0.019999999552965164]}], 'mode': 'goal_sequence'}
  Mesa            : 1.1x0.7x0.4 m  offset_x=-0.3
  Robô config     : control=ee  block_gripper=False  base=[-0.6, 0.0, 0.05]
  Scripts         : ['script_1', 'reach_only', 'left_right']
  Juntas ângulos  : [-0.00, +0.26, +0.00, -2.89, +0.00, +3.15, +0.78]
  Juntas veloc.   : [-0.00, -0.00, +0.00, +0.00, +0.00, -0.00, -0.00]
  Cubo rotação    : [-0.000, +0.053, -0.010]  (roll/pitch/yaw)
  Cubo vel.linear : [+0.000, +0.000, +0.000]
────────────────────────────────────────────
 Ep  1 | Step  48
────────────────────────────────────────────
  Task            : RETRY_GRASP
  Action          : [+0.000, +0.000, +0.000, -1.000]
  EE posição      : [-0.272, +0.000, +0.020]
  EE velocidade   : [+0.000, -0.000, +0.000]
  Garra           : 0.030 m  (AGARRADA)
  Cubo posição    : [-0.251, +0.000, +0.011]
  Target (target): [+0.150, +0.000, +0.020]
  Dist EE→Cubo    : 0.0223 m
  Dist Cubo→target: 0.4014 m
  Reward          : -0.4014
  Sucesso         : False
  Obstáculo caminho: nao  (count: 0)
  Objeto [object_1]: tipo=box  massa=10.0 kg  tamanho=[0.045, 0.03, 0.02]
  Target goal     : {'type': 'goal_sequence', 'targets': [{'name': 'target', 'position': [0.15000000596046448, 0.0, 0.019999999552965164]}], 'mode': 'goal_sequence'}
  Mesa            : 1.1x0.7x0.4 m  offset_x=-0.3
  Robô config     : control=ee  block_gripper=False  base=[-0.6, 0.0, 0.05]
  Scripts         : ['script_1', 'reach_only', 'left_right']
  Juntas ângulos  : [-0.00, +0.26, +0.00, -2.89, +0.00, +3.15, +0.78]
  Juntas veloc.   : [-0.00, -0.00, +0.00, +0.00, +0.00, -0.00, -0.00]
  Cubo rotação    : [-0.000, +0.054, -0.010]  (roll/pitch/yaw)
  Cubo vel.linear : [+0.000, +0.000, +0.000]
────────────────────────────────────────────
 Ep  1 | Step  49
────────────────────────────────────────────
  Task            : RETRY_GRASP
  Action          : [+0.000, +0.000, +0.000, -1.000]
  EE posição      : [-0.272, +0.000, +0.020]
  EE velocidade   : [+0.000, -0.000, +0.000]
  Garra           : 0.030 m  (AGARRADA)
  Cubo posição    : [-0.251, +0.000, +0.011]
  Target (target): [+0.150, +0.000, +0.020]
  Dist EE→Cubo    : 0.0223 m
  Dist Cubo→target: 0.4014 m
  Reward          : -0.4014
  Sucesso         : False
  Obstáculo caminho: nao  (count: 0)
  Objeto [object_1]: tipo=box  massa=10.0 kg  tamanho=[0.045, 0.03, 0.02]
  Target goal     : {'type': 'goal_sequence', 'targets': [{'name': 'target', 'position': [0.15000000596046448, 0.0, 0.019999999552965164]}], 'mode': 'goal_sequence'}
  Mesa            : 1.1x0.7x0.4 m  offset_x=-0.3
  Robô config     : control=ee  block_gripper=False  base=[-0.6, 0.0, 0.05]
  Scripts         : ['script_1', 'reach_only', 'left_right']
  Juntas ângulos  : [-0.00, +0.26, +0.00, -2.89, +0.00, +3.15, +0.78]
  Juntas veloc.   : [-0.00, -0.00, +0.00, +0.00, +0.00, -0.00, -0.00]
  Cubo rotação    : [-0.000, +0.055, -0.010]  (roll/pitch/yaw)
  Cubo vel.linear : [+0.000, +0.000, +0.000]
────────────────────────────────────────────
 Ep  1 | Step  50
────────────────────────────────────────────
  Task            : RETRY_GRASP
  Action          : [+0.000, +0.000, +0.000, -1.000]
  EE posição      : [-0.272, -0.000, +0.020]
  EE velocidade   : [+0.000, -0.000, +0.000]
  Garra           : 0.030 m  (AGARRADA)
  Cubo posição    : [-0.251, +0.000, +0.011]
  Target (target): [+0.150, +0.000, +0.020]
  Dist EE→Cubo    : 0.0223 m
  Dist Cubo→target: 0.4014 m
  Reward          : -0.4014
  Sucesso         : False
  Obstáculo caminho: nao  (count: 0)
  Objeto [object_1]: tipo=box  massa=10.0 kg  tamanho=[0.045, 0.03, 0.02]
  Target goal     : {'type': 'goal_sequence', 'targets': [{'name': 'target', 'position': [0.15000000596046448, 0.0, 0.019999999552965164]}], 'mode': 'goal_sequence'}
  Mesa            : 1.1x0.7x0.4 m  offset_x=-0.3
  Robô config     : control=ee  block_gripper=False  base=[-0.6, 0.0, 0.05]
  Scripts         : ['script_1', 'reach_only', 'left_right']
  Juntas ângulos  : [-0.00, +0.26, +0.00, -2.89, +0.00, +3.15, +0.78]
  Juntas veloc.   : [-0.00, -0.00, +0.00, +0.00, +0.00, -0.00, -0.00]
  Cubo rotação    : [-0.000, +0.055, -0.010]  (roll/pitch/yaw)
  Cubo vel.linear : [+0.000, +0.000, +0.000]
────────────────────────────────────────────
 Ep  1 | Step  51
────────────────────────────────────────────
  Task            : RETRY_GRASP
  Action          : [+0.000, +0.000, +0.000, -1.000]
  EE posição      : [-0.272, -0.000, +0.020]
  EE velocidade   : [+0.000, -0.000, +0.000]
  Garra           : 0.030 m  (AGARRADA)
  Cubo posição    : [-0.251, +0.000, +0.011]
  Target (target): [+0.150, +0.000, +0.020]
  Dist EE→Cubo    : 0.0223 m
  Dist Cubo→target: 0.4014 m
  Reward          : -0.4014
  Sucesso         : False
  Obstáculo caminho: nao  (count: 0)
  Objeto [object_1]: tipo=box  massa=10.0 kg  tamanho=[0.045, 0.03, 0.02]
  Target goal     : {'type': 'goal_sequence', 'targets': [{'name': 'target', 'position': [0.15000000596046448, 0.0, 0.019999999552965164]}], 'mode': 'goal_sequence'}
  Mesa            : 1.1x0.7x0.4 m  offset_x=-0.3
  Robô config     : control=ee  block_gripper=False  base=[-0.6, 0.0, 0.05]
  Scripts         : ['script_1', 'reach_only', 'left_right']
  Juntas ângulos  : [-0.00, +0.26, +0.00, -2.89, +0.00, +3.15, +0.78]
  Juntas veloc.   : [-0.00, -0.00, +0.00, +0.00, +0.00, -0.00, -0.00]
  Cubo rotação    : [-0.000, +0.056, -0.010]  (roll/pitch/yaw)
  Cubo vel.linear : [+0.000, +0.000, +0.000]
────────────────────────────────────────────
 Ep  1 | Step  52
────────────────────────────────────────────
  Task            : RETRY_GRASP
  Action          : [+0.000, +0.000, +0.000, -1.000]
  EE posição      : [-0.272, -0.000, +0.020]
  EE velocidade   : [+0.000, -0.000, +0.000]
  Garra           : 0.030 m  (AGARRADA)
  Cubo posição    : [-0.251, +0.000, +0.011]
  Target (target): [+0.150, +0.000, +0.020]
  Dist EE→Cubo    : 0.0223 m
  Dist Cubo→target: 0.4013 m
  Reward          : -0.4013
  Sucesso         : False
  Obstáculo caminho: nao  (count: 0)
  Objeto [object_1]: tipo=box  massa=10.0 kg  tamanho=[0.045, 0.03, 0.02]
  Target goal     : {'type': 'goal_sequence', 'targets': [{'name': 'target', 'position': [0.15000000596046448, 0.0, 0.019999999552965164]}], 'mode': 'goal_sequence'}
  Mesa            : 1.1x0.7x0.4 m  offset_x=-0.3
  Robô config     : control=ee  block_gripper=False  base=[-0.6, 0.0, 0.05]
  Scripts         : ['script_1', 'reach_only', 'left_right']
  Juntas ângulos  : [-0.00, +0.26, +0.00, -2.89, +0.00, +3.15, +0.78]
  Juntas veloc.   : [-0.00, -0.00, +0.00, +0.00, +0.00, -0.00, -0.00]
  Cubo rotação    : [-0.000, +0.056, -0.010]  (roll/pitch/yaw)
  Cubo vel.linear : [+0.000, +0.000, +0.000]
────────────────────────────────────────────
 Ep  1 | Step  53
────────────────────────────────────────────
  Task            : RETRY_GRASP
  Action          : [+0.000, +0.000, +0.000, -1.000]
  EE posição      : [-0.272, -0.000, +0.020]
  EE velocidade   : [+0.000, -0.000, +0.000]
  Garra           : 0.030 m  (AGARRADA)
  Cubo posição    : [-0.251, +0.000, +0.011]
  Target (target): [+0.150, +0.000, +0.020]
  Dist EE→Cubo    : 0.0223 m
  Dist Cubo→target: 0.4013 m
  Reward          : -0.4013
  Sucesso         : False
  Obstáculo caminho: nao  (count: 0)
  Objeto [object_1]: tipo=box  massa=10.0 kg  tamanho=[0.045, 0.03, 0.02]
  Target goal     : {'type': 'goal_sequence', 'targets': [{'name': 'target', 'position': [0.15000000596046448, 0.0, 0.019999999552965164]}], 'mode': 'goal_sequence'}
  Mesa            : 1.1x0.7x0.4 m  offset_x=-0.3
  Robô config     : control=ee  block_gripper=False  base=[-0.6, 0.0, 0.05]
  Scripts         : ['script_1', 'reach_only', 'left_right']
  Juntas ângulos  : [-0.00, +0.26, +0.00, -2.89, +0.00, +3.15, +0.78]
  Juntas veloc.   : [-0.00, -0.00, +0.00, +0.00, +0.00, -0.00, -0.00]
  Cubo rotação    : [-0.000, +0.057, -0.010]  (roll/pitch/yaw)
  Cubo vel.linear : [+0.000, +0.000, +0.000]
