────────────────────────────────────────────
 Ep  1 | Step   1
────────────────────────────────────────────
  Task            : PICK_AND_PLACE
  Action          : [-0.108, +0.000, -0.994, +1.000]
  EE posição      : [+0.040, +0.000, +0.171]
  EE velocidade   : [-0.265, -0.001, -1.261]
  Garra           : 0.070 m  (ABERTA)
  Cubo posição    : [+0.030, +0.000, +0.020]
  Target (target): [+0.150, +0.000, +0.020]
  Dist EE→Cubo    : 0.1510 m
  Dist Cubo→target: 0.1200 m
  Reward          : -0.1200
  Sucesso         : False
  Obstáculo caminho: SIM  (count: 1)
  Obstáculo [obstacle_1]: tipo=box  massa=0.0 kg  tamanho=[0.02, 0.3, 0.02]
  Objeto [object_1]: tipo=box  massa=1.0 kg  tamanho=[0.04, 0.04, 0.04]
  Target goal     : {'type': 'goal_sequence', 'targets': [{'name': 'target', 'position': [0.15000000596046448, 0.0, 0.019999999552965164]}, {'name': 'target_1', 'position': [0.15000000596046448, 0.10000000149011612, 0.019999999552965164]}, {'name': 'target_2', 'position': [-0.10000000149011612, 0.0, 0.019999999552965164]}, {'name': 'target_3', 'position': [-0.10000000149011612, 0.10000000149011612, 0.019999999552965164]}], 'mode': 'goal_sequence'}
  Mesa            : 1.1x0.7x0.4 m  offset_x=-0.3
  Robô config     : control=ee  block_gripper=False  base=[-0.6, 0.0, 0.05]
  Scripts         : ['script_1', 'reach_only', 'left_right']
  Juntas ângulos  : [-0.00, +0.45, +0.00, -1.88, -0.00, +2.35, +0.79]
  Juntas veloc.   : [-0.00, +1.91, +0.00, -0.24, -0.01, +0.69, -0.03]
  Cubo rotação    : [+0.000, -0.000, -0.000]  (roll/pitch/yaw)
  Cubo vel.linear : [-0.000, +0.000, -0.000]
────────────────────────────────────────────
 Ep  1 | Step   2
────────────────────────────────────────────
  Task            : PICK_AND_PLACE
  Action          : [-0.198, -0.000, -0.980, +1.000]
  EE posição      : [+0.028, +0.000, +0.114]
  EE velocidade   : [-0.377, +0.000, -1.176]
  Garra           : 0.079 m  (ABERTA)
  Cubo posição    : [+0.030, +0.000, +0.020]
  Target (target): [+0.150, +0.000, +0.020]
  Dist EE→Cubo    : 0.0944 m
  Dist Cubo→target: 0.1200 m
  Reward          : -0.1200
  Sucesso         : False
  Obstáculo caminho: SIM  (count: 1)
  Obstáculo [obstacle_1]: tipo=box  massa=0.0 kg  tamanho=[0.02, 0.3, 0.02]
  Objeto [object_1]: tipo=box  massa=1.0 kg  tamanho=[0.04, 0.04, 0.04]
  Target goal     : {'type': 'goal_sequence', 'targets': [{'name': 'target', 'position': [0.15000000596046448, 0.0, 0.019999999552965164]}, {'name': 'target_1', 'position': [0.15000000596046448, 0.10000000149011612, 0.019999999552965164]}, {'name': 'target_2', 'position': [-0.10000000149011612, 0.0, 0.019999999552965164]}, {'name': 'target_3', 'position': [-0.10000000149011612, 0.10000000149011612, 0.019999999552965164]}], 'mode': 'goal_sequence'}
  Mesa            : 1.1x0.7x0.4 m  offset_x=-0.3
  Robô config     : control=ee  block_gripper=False  base=[-0.6, 0.0, 0.05]
  Scripts         : ['script_1', 'reach_only', 'left_right']
  Juntas ângulos  : [-0.00, +0.53, +0.00, -1.90, -0.00, +2.41, +0.79]
  Juntas veloc.   : [-0.00, +1.83, +0.00, -0.17, -0.00, +0.47, -0.00]
  Cubo rotação    : [+0.000, -0.000, -0.000]  (roll/pitch/yaw)
  Cubo vel.linear : [-0.000, +0.000, -0.000]
────────────────────────────────────────────
 Ep  1 | Step   3
────────────────────────────────────────────
  Task            : PICK_AND_PLACE
  Action          : [+0.336, -0.000, +0.942, +1.000]
  EE posição      : [+0.014, +0.000, +0.080]
  EE velocidade   : [-0.211, +0.000, -0.558]
  Garra           : 0.080 m  (ABERTA)
  Cubo posição    : [+0.030, +0.000, +0.020]
  Target (target): [+0.150, +0.000, +0.020]
  Dist EE→Cubo    : 0.0620 m
  Dist Cubo→target: 0.1200 m
  Reward          : -0.1200
  Sucesso         : False
  Obstáculo caminho: SIM  (count: 1)
  Obstáculo [obstacle_1]: tipo=box  massa=0.0 kg  tamanho=[0.02, 0.3, 0.02]
  Objeto [object_1]: tipo=box  massa=1.0 kg  tamanho=[0.04, 0.04, 0.04]
  Target goal     : {'type': 'goal_sequence', 'targets': [{'name': 'target', 'position': [0.15000000596046448, 0.0, 0.019999999552965164]}, {'name': 'target_1', 'position': [0.15000000596046448, 0.10000000149011612, 0.019999999552965164]}, {'name': 'target_2', 'position': [-0.10000000149011612, 0.0, 0.019999999552965164]}, {'name': 'target_3', 'position': [-0.10000000149011612, 0.10000000149011612, 0.019999999552965164]}], 'mode': 'goal_sequence'}
  Mesa            : 1.1x0.7x0.4 m  offset_x=-0.3
  Robô config     : control=ee  block_gripper=False  base=[-0.6, 0.0, 0.05]
  Scripts         : ['script_1', 'reach_only', 'left_right']
  Juntas ângulos  : [-0.00, +0.60, +0.00, -1.86, -0.00, +2.34, +0.79]
  Juntas veloc.   : [-0.00, +1.09, +0.00, +0.40, +0.00, -0.55, -0.00]
  Cubo rotação    : [+0.000, -0.000, -0.000]  (roll/pitch/yaw)
  Cubo vel.linear : [+0.000, -0.000, +0.000]
────────────────────────────────────────────
 Ep  1 | Step   4
────────────────────────────────────────────
  Task            : PICK_AND_PLACE
  Action          : [+0.100, -0.000, -0.995, +1.000]
  EE posição      : [+0.025, +0.000, +0.039]
  EE velocidade   : [-0.384, -0.001, -1.250]
  Garra           : 0.080 m  (ABERTA)
  Cubo posição    : [+0.030, +0.000, +0.020]
  Target (target): [+0.150, +0.000, +0.020]
  Dist EE→Cubo    : 0.0197 m
  Dist Cubo→target: 0.1200 m
  Reward          : -0.1200
  Sucesso         : False
  Obstáculo caminho: SIM  (count: 1)
  Obstáculo [obstacle_1]: tipo=box  massa=0.0 kg  tamanho=[0.02, 0.3, 0.02]
  Objeto [object_1]: tipo=box  massa=1.0 kg  tamanho=[0.04, 0.04, 0.04]
  Target goal     : {'type': 'goal_sequence', 'targets': [{'name': 'target', 'position': [0.15000000596046448, 0.0, 0.019999999552965164]}, {'name': 'target_1', 'position': [0.15000000596046448, 0.10000000149011612, 0.019999999552965164]}, {'name': 'target_2', 'position': [-0.10000000149011612, 0.0, 0.019999999552965164]}, {'name': 'target_3', 'position': [-0.10000000149011612, 0.10000000149011612, 0.019999999552965164]}], 'mode': 'goal_sequence'}
  Mesa            : 1.1x0.7x0.4 m  offset_x=-0.3
  Robô config     : control=ee  block_gripper=False  base=[-0.6, 0.0, 0.05]
  Scripts         : ['script_1', 'reach_only', 'left_right']
  Juntas ângulos  : [-0.00, +0.68, +0.00, -1.89, -0.00, +2.55, +0.79]
  Juntas veloc.   : [+0.00, +2.08, -0.00, -0.26, -0.03, +1.69, +0.00]
  Cubo rotação    : [-0.000, -0.000, -0.000]  (roll/pitch/yaw)
  Cubo vel.linear : [+0.000, -0.000, +0.000]
────────────────────────────────────────────
 Ep  1 | Step   5
────────────────────────────────────────────
  Task            : PICK_AND_PLACE
  Action          : [+0.046, -0.000, -0.999, +1.000]
  EE posição      : [+0.022, +0.000, +0.003]
  EE velocidade   : [-0.002, -0.000, -0.082]
  Garra           : 0.080 m  (ABERTA)
  Cubo posição    : [+0.030, +0.000, +0.020]
  Target (target): [+0.150, +0.000, +0.020]
  Dist EE→Cubo    : 0.0187 m
  Dist Cubo→target: 0.1200 m
  Reward          : -0.1200
  Sucesso         : False
  Obstáculo caminho: SIM  (count: 1)
  Obstáculo [obstacle_1]: tipo=box  massa=0.0 kg  tamanho=[0.02, 0.3, 0.02]
  Objeto [object_1]: tipo=box  massa=1.0 kg  tamanho=[0.04, 0.04, 0.04]
  Target goal     : {'type': 'goal_sequence', 'targets': [{'name': 'target', 'position': [0.15000000596046448, 0.0, 0.019999999552965164]}, {'name': 'target_1', 'position': [0.15000000596046448, 0.10000000149011612, 0.019999999552965164]}, {'name': 'target_2', 'position': [-0.10000000149011612, 0.0, 0.019999999552965164]}, {'name': 'target_3', 'position': [-0.10000000149011612, 0.10000000149011612, 0.019999999552965164]}], 'mode': 'goal_sequence'}
  Mesa            : 1.1x0.7x0.4 m  offset_x=-0.3
  Robô config     : control=ee  block_gripper=False  base=[-0.6, 0.0, 0.05]
  Scripts         : ['script_1', 'reach_only', 'left_right']
  Juntas ângulos  : [-0.00, +0.75, +0.00, -1.88, -0.00, +2.62, +0.79]
  Juntas veloc.   : [+0.00, +0.13, -0.00, -0.13, -0.00, +0.50, +0.00]
  Cubo rotação    : [-0.000, -0.000, -0.000]  (roll/pitch/yaw)
  Cubo vel.linear : [+0.000, -0.000, +0.000]
────────────────────────────────────────────
 Ep  1 | Step   6
────────────────────────────────────────────
  Task            : PICK_AND_PLACE
  Action          : [+0.064, -0.000, -0.691, +1.000]
  EE posição      : [+0.022, +0.000, +0.002]
  EE velocidade   : [-0.001, -0.000, +0.029]
  Garra           : 0.080 m  (ABERTA)
  Cubo posição    : [+0.030, +0.000, +0.020]
  Target (target): [+0.150, +0.000, +0.020]
  Dist EE→Cubo    : 0.0193 m
  Dist Cubo→target: 0.1200 m
  Reward          : -0.1200
  Sucesso         : False
  Obstáculo caminho: SIM  (count: 1)
  Obstáculo [obstacle_1]: tipo=box  massa=0.0 kg  tamanho=[0.02, 0.3, 0.02]
  Objeto [object_1]: tipo=box  massa=1.0 kg  tamanho=[0.04, 0.04, 0.04]
  Target goal     : {'type': 'goal_sequence', 'targets': [{'name': 'target', 'position': [0.15000000596046448, 0.0, 0.019999999552965164]}, {'name': 'target_1', 'position': [0.15000000596046448, 0.10000000149011612, 0.019999999552965164]}, {'name': 'target_2', 'position': [-0.10000000149011612, 0.0, 0.019999999552965164]}, {'name': 'target_3', 'position': [-0.10000000149011612, 0.10000000149011612, 0.019999999552965164]}], 'mode': 'goal_sequence'}
  Mesa            : 1.1x0.7x0.4 m  offset_x=-0.3
  Robô config     : control=ee  block_gripper=False  base=[-0.6, 0.0, 0.05]
  Scripts         : ['script_1', 'reach_only', 'left_right']
  Juntas ângulos  : [-0.00, +0.75, +0.00, -1.88, -0.00, +2.63, +0.79]
  Juntas veloc.   : [+0.00, -0.08, -0.00, -0.08, -0.00, +0.07, +0.00]
  Cubo rotação    : [+0.000, -0.000, +0.000]  (roll/pitch/yaw)
  Cubo vel.linear : [+0.000, +0.000, +0.000]
────────────────────────────────────────────
 Ep  1 | Step   7
────────────────────────────────────────────
  Task            : PICK_AND_PLACE
  Action          : [+0.064, -0.000, -0.682, +1.000]
  EE posição      : [+0.022, +0.000, +0.003]
  EE velocidade   : [-0.000, -0.000, +0.008]
  Garra           : 0.080 m  (ABERTA)
  Cubo posição    : [+0.030, +0.000, +0.020]
  Target (target): [+0.150, +0.000, +0.020]
  Dist EE→Cubo    : 0.0186 m
  Dist Cubo→target: 0.1200 m
  Reward          : -0.1200
  Sucesso         : False
  Obstáculo caminho: SIM  (count: 1)
  Obstáculo [obstacle_1]: tipo=box  massa=0.0 kg  tamanho=[0.02, 0.3, 0.02]
  Objeto [object_1]: tipo=box  massa=1.0 kg  tamanho=[0.04, 0.04, 0.04]
  Target goal     : {'type': 'goal_sequence', 'targets': [{'name': 'target', 'position': [0.15000000596046448, 0.0, 0.019999999552965164]}, {'name': 'target_1', 'position': [0.15000000596046448, 0.10000000149011612, 0.019999999552965164]}, {'name': 'target_2', 'position': [-0.10000000149011612, 0.0, 0.019999999552965164]}, {'name': 'target_3', 'position': [-0.10000000149011612, 0.10000000149011612, 0.019999999552965164]}], 'mode': 'goal_sequence'}
  Mesa            : 1.1x0.7x0.4 m  offset_x=-0.3
  Robô config     : control=ee  block_gripper=False  base=[-0.6, 0.0, 0.05]
  Scripts         : ['script_1', 'reach_only', 'left_right']
  Juntas ângulos  : [-0.00, +0.74, +0.00, -1.89, -0.00, +2.63, +0.79]
  Juntas veloc.   : [-0.00, -0.02, +0.00, -0.02, -0.00, +0.01, +0.00]
  Cubo rotação    : [-0.000, -0.000, +0.000]  (roll/pitch/yaw)
  Cubo vel.linear : [+0.000, +0.000, +0.000]
────────────────────────────────────────────
 Ep  1 | Step   8
────────────────────────────────────────────
  Task            : PICK_AND_PLACE
  Action          : [+0.065, -0.000, -0.693, +1.000]
  EE posição      : [+0.022, +0.000, +0.003]
  EE velocidade   : [-0.000, -0.000, +0.002]
  Garra           : 0.080 m  (ABERTA)
  Cubo posição    : [+0.030, +0.000, +0.020]
  Target (target): [+0.150, +0.000, +0.020]
  Dist EE→Cubo    : 0.0185 m
  Dist Cubo→target: 0.1200 m
  Reward          : -0.1200
  Sucesso         : False
  Obstáculo caminho: SIM  (count: 1)
  Obstáculo [obstacle_1]: tipo=box  massa=0.0 kg  tamanho=[0.02, 0.3, 0.02]
  Objeto [object_1]: tipo=box  massa=1.0 kg  tamanho=[0.04, 0.04, 0.04]
  Target goal     : {'type': 'goal_sequence', 'targets': [{'name': 'target', 'position': [0.15000000596046448, 0.0, 0.019999999552965164]}, {'name': 'target_1', 'position': [0.15000000596046448, 0.10000000149011612, 0.019999999552965164]}, {'name': 'target_2', 'position': [-0.10000000149011612, 0.0, 0.019999999552965164]}, {'name': 'target_3', 'position': [-0.10000000149011612, 0.10000000149011612, 0.019999999552965164]}], 'mode': 'goal_sequence'}
  Mesa            : 1.1x0.7x0.4 m  offset_x=-0.3
  Robô config     : control=ee  block_gripper=False  base=[-0.6, 0.0, 0.05]
  Scripts         : ['script_1', 'reach_only', 'left_right']
  Juntas ângulos  : [-0.00, +0.74, +0.00, -1.89, -0.00, +2.63, +0.79]
  Juntas veloc.   : [-0.00, -0.01, +0.00, -0.01, -0.00, +0.00, +0.00]
  Cubo rotação    : [+0.000, -0.000, +0.000]  (roll/pitch/yaw)
  Cubo vel.linear : [+0.000, +0.000, +0.000]
────────────────────────────────────────────
 Ep  1 | Step   9
────────────────────────────────────────────
  Task            : PICK_AND_PLACE
  Action          : [+0.065, -0.000, -0.696, +1.000]
  EE posição      : [+0.022, +0.000, +0.003]
  EE velocidade   : [-0.000, -0.000, +0.001]
  Garra           : 0.080 m  (ABERTA)
  Cubo posição    : [+0.030, +0.000, +0.020]
  Target (target): [+0.150, +0.000, +0.020]
  Dist EE→Cubo    : 0.0184 m
  Dist Cubo→target: 0.1200 m
  Reward          : -0.1200
  Sucesso         : False
  Obstáculo caminho: SIM  (count: 1)
  Obstáculo [obstacle_1]: tipo=box  massa=0.0 kg  tamanho=[0.02, 0.3, 0.02]
  Objeto [object_1]: tipo=box  massa=1.0 kg  tamanho=[0.04, 0.04, 0.04]
  Target goal     : {'type': 'goal_sequence', 'targets': [{'name': 'target', 'position': [0.15000000596046448, 0.0, 0.019999999552965164]}, {'name': 'target_1', 'position': [0.15000000596046448, 0.10000000149011612, 0.019999999552965164]}, {'name': 'target_2', 'position': [-0.10000000149011612, 0.0, 0.019999999552965164]}, {'name': 'target_3', 'position': [-0.10000000149011612, 0.10000000149011612, 0.019999999552965164]}], 'mode': 'goal_sequence'}
  Mesa            : 1.1x0.7x0.4 m  offset_x=-0.3
  Robô config     : control=ee  block_gripper=False  base=[-0.6, 0.0, 0.05]
  Scripts         : ['script_1', 'reach_only', 'left_right']
  Juntas ângulos  : [-0.00, +0.74, +0.00, -1.89, -0.00, +2.63, +0.79]
  Juntas veloc.   : [-0.00, -0.00, +0.00, -0.00, -0.00, +0.00, +0.00]
  Cubo rotação    : [+0.000, -0.000, +0.000]  (roll/pitch/yaw)
  Cubo vel.linear : [+0.000, +0.000, +0.000]
────────────────────────────────────────────
 Ep  1 | Step  10
────────────────────────────────────────────
  Task            : PICK_AND_PLACE
  Action          : [+0.065, -0.000, -0.697, +1.000]
  EE posição      : [+0.022, +0.000, +0.003]
  EE velocidade   : [-0.000, -0.000, +0.000]
  Garra           : 0.080 m  (ABERTA)
  Cubo posição    : [+0.030, +0.000, +0.020]
  Target (target): [+0.150, +0.000, +0.020]
  Dist EE→Cubo    : 0.0184 m
  Dist Cubo→target: 0.1200 m
  Reward          : -0.1200
  Sucesso         : False
  Obstáculo caminho: SIM  (count: 1)
  Obstáculo [obstacle_1]: tipo=box  massa=0.0 kg  tamanho=[0.02, 0.3, 0.02]
  Objeto [object_1]: tipo=box  massa=1.0 kg  tamanho=[0.04, 0.04, 0.04]
  Target goal     : {'type': 'goal_sequence', 'targets': [{'name': 'target', 'position': [0.15000000596046448, 0.0, 0.019999999552965164]}, {'name': 'target_1', 'position': [0.15000000596046448, 0.10000000149011612, 0.019999999552965164]}, {'name': 'target_2', 'position': [-0.10000000149011612, 0.0, 0.019999999552965164]}, {'name': 'target_3', 'position': [-0.10000000149011612, 0.10000000149011612, 0.019999999552965164]}], 'mode': 'goal_sequence'}
  Mesa            : 1.1x0.7x0.4 m  offset_x=-0.3
  Robô config     : control=ee  block_gripper=False  base=[-0.6, 0.0, 0.05]
  Scripts         : ['script_1', 'reach_only', 'left_right']
  Juntas ângulos  : [-0.00, +0.74, +0.00, -1.89, -0.00, +2.63, +0.79]
  Juntas veloc.   : [-0.00, -0.00, +0.00, -0.00, -0.00, +0.00, +0.00]
  Cubo rotação    : [+0.000, -0.000, +0.000]  (roll/pitch/yaw)
  Cubo vel.linear : [+0.000, +0.000, +0.000]
────────────────────────────────────────────
 Ep  1 | Step  11
────────────────────────────────────────────
  Task            : PICK_AND_PLACE
  Action          : [+0.065, -0.000, -0.697, +1.000]
  EE posição      : [+0.022, +0.000, +0.003]
  EE velocidade   : [-0.000, -0.000, +0.000]
  Garra           : 0.080 m  (ABERTA)
  Cubo posição    : [+0.030, +0.000, +0.020]
  Target (target): [+0.150, +0.000, +0.020]
  Dist EE→Cubo    : 0.0184 m
  Dist Cubo→target: 0.1200 m
  Reward          : -0.1200
  Sucesso         : False
  Obstáculo caminho: SIM  (count: 1)
  Obstáculo [obstacle_1]: tipo=box  massa=0.0 kg  tamanho=[0.02, 0.3, 0.02]
  Objeto [object_1]: tipo=box  massa=1.0 kg  tamanho=[0.04, 0.04, 0.04]
  Target goal     : {'type': 'goal_sequence', 'targets': [{'name': 'target', 'position': [0.15000000596046448, 0.0, 0.019999999552965164]}, {'name': 'target_1', 'position': [0.15000000596046448, 0.10000000149011612, 0.019999999552965164]}, {'name': 'target_2', 'position': [-0.10000000149011612, 0.0, 0.019999999552965164]}, {'name': 'target_3', 'position': [-0.10000000149011612, 0.10000000149011612, 0.019999999552965164]}], 'mode': 'goal_sequence'}
  Mesa            : 1.1x0.7x0.4 m  offset_x=-0.3
  Robô config     : control=ee  block_gripper=False  base=[-0.6, 0.0, 0.05]
  Scripts         : ['script_1', 'reach_only', 'left_right']
  Juntas ângulos  : [-0.00, +0.74, +0.00, -1.89, -0.00, +2.63, +0.79]
  Juntas veloc.   : [-0.00, -0.00, +0.00, -0.00, -0.00, +0.00, +0.00]
  Cubo rotação    : [+0.000, -0.000, +0.000]  (roll/pitch/yaw)
  Cubo vel.linear : [+0.000, -0.000, +0.000]
