────────────────────────────────────────────
 Ep  1 | Step   1
────────────────────────────────────────────
  Task            : OBJECT_DELIVERY_SEQUENCE
  Action          : [-0.984, +0.000, -0.179, +1.000]
  EE posição      : [+0.009, +0.000, +0.191]
  EE velocidade   : [-0.416, +0.000, -0.050]
  Garra           : 0.070 m  (ABERTA)  contatos=0
  Cubo posição    : [-0.250, +0.000, +0.020]
  Target (target): [+0.150, +0.000, +0.020]
  Dist EE→Cubo    : 0.3106 m
  Dist Cubo→target: 0.4000 m
  Reward          : -0.4000
  Sucesso         : False
  Obstáculo caminho: nao  (count: 0)
  Objeto [object_1]: tipo=box  massa=1.0 kg  tamanho=[0.04, 0.04, 0.04]
  Target goal     : {'type': 'goal_sequence', 'targets': [{'name': 'target', 'position': [0.15000000596046448, 0.0, 0.019999999552965164]}], 'mode': 'goal_sequence'}
  Mesa            : 1.1x0.7x0.4 m  offset_x=-0.3
  Robô config     : control=ee  block_gripper=False  base=[-0.6, 0.0, 0.05]
  Scripts         : ['script_1', 'reach_only', 'left_right']
  Juntas ângulos  : [-0.00, +0.34, +0.00, -1.98, -0.00, +2.32, +0.79]
  Juntas veloc.   : [-0.00, -0.95, +0.01, -1.57, -0.00, +0.45, -0.03]
  Cubo rotação    : [+0.000, -0.000, -0.000]  (roll/pitch/yaw)
  Cubo vel.linear : [-0.000, +0.000, -0.000]
────────────────────────────────────────────
 Ep  1 | Step   2
────────────────────────────────────────────
  Task            : OBJECT_DELIVERY_SEQUENCE
  Action          : [-0.985, -0.000, -0.173, +1.000]
  EE posição      : [-0.022, +0.000, +0.184]
  EE velocidade   : [-0.369, +0.000, -0.076]
  Garra           : 0.079 m  (ABERTA)  contatos=0
  Cubo posição    : [-0.250, +0.000, +0.020]
  Target (target): [+0.150, +0.000, +0.020]
  Dist EE→Cubo    : 0.2806 m
  Dist Cubo→target: 0.4000 m
  Reward          : -0.4000
  Sucesso         : False
  Obstáculo caminho: nao  (count: 0)
  Objeto [object_1]: tipo=box  massa=1.0 kg  tamanho=[0.04, 0.04, 0.04]
  Target goal     : {'type': 'goal_sequence', 'targets': [{'name': 'target', 'position': [0.15000000596046448, 0.0, 0.019999999552965164]}], 'mode': 'goal_sequence'}
  Mesa            : 1.1x0.7x0.4 m  offset_x=-0.3
  Robô config     : control=ee  block_gripper=False  base=[-0.6, 0.0, 0.05]
  Scripts         : ['script_1', 'reach_only', 'left_right']
  Juntas ângulos  : [-0.00, +0.27, +0.00, -2.11, -0.00, +2.38, +0.79]
  Juntas veloc.   : [-0.00, -0.76, +0.00, -1.33, +0.00, +0.44, -0.00]
  Cubo rotação    : [+0.000, -0.000, -0.000]  (roll/pitch/yaw)
  Cubo vel.linear : [-0.000, +0.000, -0.000]
────────────────────────────────────────────
 Ep  1 | Step   3
────────────────────────────────────────────
  Task            : OBJECT_DELIVERY_SEQUENCE
  Action          : [-0.985, -0.000, -0.170, +1.000]
  EE posição      : [-0.056, +0.000, +0.177]
  EE velocidade   : [-0.389, +0.000, -0.065]
  Garra           : 0.080 m  (ABERTA)  contatos=0
  Cubo posição    : [-0.250, +0.000, +0.020]
  Target (target): [+0.150, +0.000, +0.020]
  Dist EE→Cubo    : 0.2501 m
  Dist Cubo→target: 0.4000 m
  Reward          : -0.4000
  Sucesso         : False
  Obstáculo caminho: nao  (count: 0)
  Objeto [object_1]: tipo=box  massa=1.0 kg  tamanho=[0.04, 0.04, 0.04]
  Target goal     : {'type': 'goal_sequence', 'targets': [{'name': 'target', 'position': [0.15000000596046448, 0.0, 0.019999999552965164]}], 'mode': 'goal_sequence'}
  Mesa            : 1.1x0.7x0.4 m  offset_x=-0.3
  Robô config     : control=ee  block_gripper=False  base=[-0.6, 0.0, 0.05]
  Scripts         : ['script_1', 'reach_only', 'left_right']
  Juntas ângulos  : [-0.00, +0.20, +0.00, -2.23, -0.00, +2.43, +0.79]
  Juntas veloc.   : [-0.00, -0.80, +0.00, -1.35, +0.00, +0.43, -0.00]
  Cubo rotação    : [+0.000, -0.000, -0.000]  (roll/pitch/yaw)
  Cubo vel.linear : [-0.000, +0.000, -0.000]
────────────────────────────────────────────
 Ep  1 | Step   4
────────────────────────────────────────────
  Task            : OBJECT_DELIVERY_SEQUENCE
  Action          : [-0.986, -0.000, -0.164, +1.000]
  EE posição      : [-0.090, +0.000, +0.171]
  EE velocidade   : [-0.401, +0.000, -0.070]
  Garra           : 0.080 m  (ABERTA)  contatos=0
  Cubo posição    : [-0.250, +0.000, +0.020]
  Target (target): [+0.150, +0.000, +0.020]
  Dist EE→Cubo    : 0.2199 m
  Dist Cubo→target: 0.4000 m
  Reward          : -0.4000
  Sucesso         : False
  Obstáculo caminho: nao  (count: 0)
  Objeto [object_1]: tipo=box  massa=1.0 kg  tamanho=[0.04, 0.04, 0.04]
  Target goal     : {'type': 'goal_sequence', 'targets': [{'name': 'target', 'position': [0.15000000596046448, 0.0, 0.019999999552965164]}], 'mode': 'goal_sequence'}
  Mesa            : 1.1x0.7x0.4 m  offset_x=-0.3
  Robô config     : control=ee  block_gripper=False  base=[-0.6, 0.0, 0.05]
  Scripts         : ['script_1', 'reach_only', 'left_right']
  Juntas ângulos  : [-0.00, +0.13, +0.00, -2.36, -0.00, +2.48, +0.79]
  Juntas veloc.   : [-0.00, -0.80, +0.00, -1.33, +0.00, +0.41, -0.00]
  Cubo rotação    : [+0.000, -0.000, -0.000]  (roll/pitch/yaw)
  Cubo vel.linear : [-0.000, +0.000, -0.000]
────────────────────────────────────────────
 Ep  1 | Step   5
────────────────────────────────────────────
  Task            : OBJECT_DELIVERY_SEQUENCE
  Action          : [-0.988, -0.000, -0.158, +1.000]
  EE posição      : [-0.125, +0.000, +0.163]
  EE velocidade   : [-0.381, +0.001, -0.049]
  Garra           : 0.080 m  (ABERTA)  contatos=0
  Cubo posição    : [-0.250, +0.000, +0.020]
  Target (target): [+0.150, +0.000, +0.020]
  Dist EE→Cubo    : 0.1900 m
  Dist Cubo→target: 0.4000 m
  Reward          : -0.4000
  Sucesso         : False
  Obstáculo caminho: nao  (count: 0)
  Objeto [object_1]: tipo=box  massa=1.0 kg  tamanho=[0.04, 0.04, 0.04]
  Target goal     : {'type': 'goal_sequence', 'targets': [{'name': 'target', 'position': [0.15000000596046448, 0.0, 0.019999999552965164]}], 'mode': 'goal_sequence'}
  Mesa            : 1.1x0.7x0.4 m  offset_x=-0.3
  Robô config     : control=ee  block_gripper=False  base=[-0.6, 0.0, 0.05]
  Scripts         : ['script_1', 'reach_only', 'left_right']
  Juntas ângulos  : [-0.00, +0.06, +0.00, -2.48, -0.00, +2.54, +0.79]
  Juntas veloc.   : [-0.00, -0.81, +0.00, -1.25, +0.00, +0.39, -0.00]
  Cubo rotação    : [+0.000, -0.000, -0.000]  (roll/pitch/yaw)
  Cubo vel.linear : [-0.000, +0.000, -0.000]
────────────────────────────────────────────
 Ep  1 | Step   6
────────────────────────────────────────────
  Task            : OBJECT_DELIVERY_SEQUENCE
  Action          : [-0.990, -0.001, -0.144, +1.000]
  EE posição      : [-0.161, +0.000, +0.156]
  EE velocidade   : [-0.408, +0.001, -0.067]
  Garra           : 0.080 m  (ABERTA)  contatos=0
  Cubo posição    : [-0.250, +0.000, +0.020]
  Target (target): [+0.150, +0.000, +0.020]
  Dist EE→Cubo    : 0.1629 m
  Dist Cubo→target: 0.4000 m
  Reward          : -0.4000
  Sucesso         : False
  Obstáculo caminho: nao  (count: 0)
  Objeto [object_1]: tipo=box  massa=1.0 kg  tamanho=[0.04, 0.04, 0.04]
  Target goal     : {'type': 'goal_sequence', 'targets': [{'name': 'target', 'position': [0.15000000596046448, 0.0, 0.019999999552965164]}], 'mode': 'goal_sequence'}
  Mesa            : 1.1x0.7x0.4 m  offset_x=-0.3
  Robô config     : control=ee  block_gripper=False  base=[-0.6, 0.0, 0.05]
  Scripts         : ['script_1', 'reach_only', 'left_right']
  Juntas ângulos  : [-0.00, -0.02, +0.00, -2.60, +0.00, +2.58, +0.79]
  Juntas veloc.   : [-0.00, -0.83, +0.00, -1.28, +0.00, +0.37, -0.00]
  Cubo rotação    : [+0.000, -0.000, -0.000]  (roll/pitch/yaw)
  Cubo vel.linear : [-0.000, +0.000, -0.000]
────────────────────────────────────────────
 Ep  1 | Step   7
────────────────────────────────────────────
  Task            : OBJECT_DELIVERY_SEQUENCE
  Action          : [-0.992, -0.001, -0.125, +1.000]
  EE posição      : [-0.197, +0.000, +0.149]
  EE velocidade   : [-0.431, +0.000, -0.082]
  Garra           : 0.080 m  (ABERTA)  contatos=0
  Cubo posição    : [-0.250, +0.000, +0.020]
  Target (target): [+0.150, +0.000, +0.020]
  Dist EE→Cubo    : 0.1396 m
  Dist Cubo→target: 0.4000 m
  Reward          : -0.4000
  Sucesso         : False
  Obstáculo caminho: nao  (count: 0)
  Objeto [object_1]: tipo=box  massa=1.0 kg  tamanho=[0.04, 0.04, 0.04]
  Target goal     : {'type': 'goal_sequence', 'targets': [{'name': 'target', 'position': [0.15000000596046448, 0.0, 0.019999999552965164]}], 'mode': 'goal_sequence'}
  Mesa            : 1.1x0.7x0.4 m  offset_x=-0.3
  Robô config     : control=ee  block_gripper=False  base=[-0.6, 0.0, 0.05]
  Scripts         : ['script_1', 'reach_only', 'left_right']
  Juntas ângulos  : [-0.00, -0.09, +0.00, -2.72, +0.00, +2.63, +0.79]
  Juntas veloc.   : [-0.00, -0.85, +0.00, -1.30, +0.00, +0.34, -0.00]
  Cubo rotação    : [+0.000, -0.000, -0.000]  (roll/pitch/yaw)
  Cubo vel.linear : [-0.000, +0.000, -0.000]
────────────────────────────────────────────
 Ep  1 | Step   8
────────────────────────────────────────────
  Task            : OBJECT_DELIVERY_SEQUENCE
  Action          : [-0.997, -0.001, -0.079, +1.000]
  EE posição      : [-0.234, +0.000, +0.143]
  EE velocidade   : [-0.430, -0.000, -0.072]
  Garra           : 0.080 m  (ABERTA)  contatos=0
  Cubo posição    : [-0.250, +0.000, +0.020]
  Target (target): [+0.150, +0.000, +0.020]
  Dist EE→Cubo    : 0.1238 m
  Dist Cubo→target: 0.4000 m
  Reward          : -0.4000
  Sucesso         : False
  Obstáculo caminho: nao  (count: 0)
  Objeto [object_1]: tipo=box  massa=1.0 kg  tamanho=[0.04, 0.04, 0.04]
  Target goal     : {'type': 'goal_sequence', 'targets': [{'name': 'target', 'position': [0.15000000596046448, 0.0, 0.019999999552965164]}], 'mode': 'goal_sequence'}
  Mesa            : 1.1x0.7x0.4 m  offset_x=-0.3
  Robô config     : control=ee  block_gripper=False  base=[-0.6, 0.0, 0.05]
  Scripts         : ['script_1', 'reach_only', 'left_right']
  Juntas ângulos  : [-0.00, -0.17, +0.00, -2.83, +0.00, +2.66, +0.79]
  Juntas veloc.   : [+0.00, -0.93, +0.00, -1.29, +0.00, +0.28, -0.00]
  Cubo rotação    : [+0.000, -0.000, -0.000]  (roll/pitch/yaw)
  Cubo vel.linear : [-0.000, +0.000, -0.000]
────────────────────────────────────────────
 Ep  1 | Step   9
────────────────────────────────────────────
  Task            : OBJECT_DELIVERY_SEQUENCE
  Action          : [-0.991, -0.001, +0.136, +1.000]
  EE posição      : [-0.271, -0.000, +0.139]
  EE velocidade   : [-0.374, -0.000, +0.026]
  Garra           : 0.080 m  (ABERTA)  contatos=0
  Cubo posição    : [-0.250, +0.000, +0.020]
  Target (target): [+0.150, +0.000, +0.020]
  Dist EE→Cubo    : 0.1214 m
  Dist Cubo→target: 0.4000 m
  Reward          : -0.4000
  Sucesso         : False
  Obstáculo caminho: nao  (count: 0)
  Objeto [object_1]: tipo=box  massa=1.0 kg  tamanho=[0.04, 0.04, 0.04]
  Target goal     : {'type': 'goal_sequence', 'targets': [{'name': 'target', 'position': [0.15000000596046448, 0.0, 0.019999999552965164]}], 'mode': 'goal_sequence'}
  Mesa            : 1.1x0.7x0.4 m  offset_x=-0.3
  Robô config     : control=ee  block_gripper=False  base=[-0.6, 0.0, 0.05]
  Scripts         : ['script_1', 'reach_only', 'left_right']
  Juntas ângulos  : [-0.00, -0.26, +0.00, -2.95, +0.00, +2.67, +0.79]
  Juntas veloc.   : [+0.00, -1.30, -0.00, -1.23, +0.00, +0.06, -0.00]
  Cubo rotação    : [+0.000, -0.000, -0.000]  (roll/pitch/yaw)
  Cubo vel.linear : [-0.000, +0.000, -0.000]
────────────────────────────────────────────
 Ep  1 | Step  10
────────────────────────────────────────────
  Task            : OBJECT_DELIVERY_SEQUENCE
  Action          : [+0.221, +0.000, -0.975, +1.000]
  EE posição      : [-0.259, -0.000, +0.128]
  EE velocidade   : [-0.410, +0.000, -1.063]
  Garra           : 0.080 m  (ABERTA)  contatos=0
  Cubo posição    : [-0.250, +0.000, +0.020]
  Target (target): [+0.150, +0.000, +0.020]
  Dist EE→Cubo    : 0.1080 m
  Dist Cubo→target: 0.4000 m
  Reward          : -0.4000
  Sucesso         : False
  Obstáculo caminho: nao  (count: 0)
  Objeto [object_1]: tipo=box  massa=1.0 kg  tamanho=[0.04, 0.04, 0.04]
  Target goal     : {'type': 'goal_sequence', 'targets': [{'name': 'target', 'position': [0.15000000596046448, 0.0, 0.019999999552965164]}], 'mode': 'goal_sequence'}
  Mesa            : 1.1x0.7x0.4 m  offset_x=-0.3
  Robô config     : control=ee  block_gripper=False  base=[-0.6, 0.0, 0.05]
  Scripts         : ['script_1', 'reach_only', 'left_right']
  Juntas ângulos  : [-0.00, -0.18, +0.00, -2.94, +0.00, +2.79, +0.79]
  Juntas veloc.   : [-0.00, +3.63, +0.00, +0.27, -0.00, +0.94, +0.00]
  Cubo rotação    : [+0.000, -0.000, -0.000]  (roll/pitch/yaw)
  Cubo vel.linear : [-0.000, +0.000, -0.000]
────────────────────────────────────────────
 Ep  1 | Step  11
────────────────────────────────────────────
  Task            : OBJECT_DELIVERY_SEQUENCE
  Action          : [+0.109, +0.000, -0.994, +1.000]
  EE posição      : [-0.265, -0.000, +0.088]
  EE velocidade   : [-0.271, +0.000, -0.620]
  Garra           : 0.080 m  (ABERTA)  contatos=0
  Cubo posição    : [-0.250, +0.000, +0.020]
  Target (target): [+0.150, +0.000, +0.020]
  Dist EE→Cubo    : 0.0700 m
  Dist Cubo→target: 0.4000 m
  Reward          : -0.4000
  Sucesso         : False
  Obstáculo caminho: nao  (count: 0)
  Objeto [object_1]: tipo=box  massa=1.0 kg  tamanho=[0.04, 0.04, 0.04]
  Target goal     : {'type': 'goal_sequence', 'targets': [{'name': 'target', 'position': [0.15000000596046448, 0.0, 0.019999999552965164]}], 'mode': 'goal_sequence'}
  Mesa            : 1.1x0.7x0.4 m  offset_x=-0.3
  Robô config     : control=ee  block_gripper=False  base=[-0.6, 0.0, 0.05]
  Scripts         : ['script_1', 'reach_only', 'left_right']
  Juntas ângulos  : [-0.00, -0.03, +0.00, -2.91, +0.00, +2.86, +0.79]
  Juntas veloc.   : [-0.00, +2.19, +0.00, +0.28, -0.00, +0.51, +0.00]
  Cubo rotação    : [+0.000, -0.000, -0.000]  (roll/pitch/yaw)
  Cubo vel.linear : [+0.000, +0.000, +0.000]
────────────────────────────────────────────
 Ep  1 | Step  12
────────────────────────────────────────────
  Task            : OBJECT_DELIVERY_SEQUENCE
  Action          : [+0.322, +0.000, -0.947, +1.000]
  EE posição      : [-0.257, -0.000, +0.059]
  EE velocidade   : [-0.178, +0.000, -0.588]
  Garra           : 0.080 m  (ABERTA)  contatos=0
  Cubo posição    : [-0.250, +0.000, +0.020]
  Target (target): [+0.150, +0.000, +0.020]
  Dist EE→Cubo    : 0.0391 m
  Dist Cubo→target: 0.4000 m
  Reward          : -0.4000
  Sucesso         : False
  Obstáculo caminho: nao  (count: 0)
  Objeto [object_1]: tipo=box  massa=1.0 kg  tamanho=[0.04, 0.04, 0.04]
  Target goal     : {'type': 'goal_sequence', 'targets': [{'name': 'target', 'position': [0.15000000596046448, 0.0, 0.019999999552965164]}], 'mode': 'goal_sequence'}
  Mesa            : 1.1x0.7x0.4 m  offset_x=-0.3
  Robô config     : control=ee  block_gripper=False  base=[-0.6, 0.0, 0.05]
  Scripts         : ['script_1', 'reach_only', 'left_right']
  Juntas ângulos  : [-0.00, +0.11, +0.00, -2.87, -0.00, +2.97, +0.79]
  Juntas veloc.   : [+0.00, +2.20, -0.00, +0.42, -0.00, +0.87, +0.00]
  Cubo rotação    : [+0.000, -0.000, -0.000]  (roll/pitch/yaw)
  Cubo vel.linear : [+0.000, -0.000, +0.000]
────────────────────────────────────────────
 Ep  1 | Step  13
────────────────────────────────────────────
  Task            : OBJECT_DELIVERY_SEQUENCE
  Action          : [+0.444, +0.001, -0.896, +1.000]
  EE posição      : [-0.245, +0.000, +0.027]
  EE velocidade   : [-0.104, +0.000, -0.615]
  Garra           : 0.080 m  (ABERTA)  contatos=0
  Cubo posição    : [-0.250, +0.000, +0.020]
  Target (target): [+0.150, +0.000, +0.020]
  Dist EE→Cubo    : 0.0092 m
  Dist Cubo→target: 0.4000 m
  Reward          : -0.4000
  Sucesso         : False
  Obstáculo caminho: nao  (count: 0)
  Objeto [object_1]: tipo=box  massa=1.0 kg  tamanho=[0.04, 0.04, 0.04]
  Target goal     : {'type': 'goal_sequence', 'targets': [{'name': 'target', 'position': [0.15000000596046448, 0.0, 0.019999999552965164]}], 'mode': 'goal_sequence'}
  Mesa            : 1.1x0.7x0.4 m  offset_x=-0.3
  Robô config     : control=ee  block_gripper=False  base=[-0.6, 0.0, 0.05]
  Scripts         : ['script_1', 'reach_only', 'left_right']
  Juntas ângulos  : [-0.00, +0.26, +0.00, -2.81, -0.00, +3.05, +0.79]
  Juntas veloc.   : [+0.00, +2.32, -0.00, +0.80, -0.00, +0.62, +0.00]
  Cubo rotação    : [-0.000, -0.000, -0.000]  (roll/pitch/yaw)
  Cubo vel.linear : [+0.000, -0.000, +0.000]
────────────────────────────────────────────
 Ep  1 | Step  14
────────────────────────────────────────────
  Task            : OBJECT_DELIVERY_SEQUENCE
  Action          : [+0.000, +0.000, +0.000, -1.000]
  EE posição      : [-0.251, +0.000, +0.020]
  EE velocidade   : [+0.215, -0.000, +0.259]
  Garra           : 0.037 m  (AGARRADA)  contatos=2
  Cubo posição    : [-0.250, +0.000, +0.022]
  Target (target): [+0.150, +0.000, +0.020]
  Dist EE→Cubo    : 0.0017 m
  Dist Cubo→target: 0.3998 m
  Reward          : -0.3998
  Sucesso         : False
  Obstáculo caminho: nao  (count: 0)
  Objeto [object_1]: tipo=box  massa=1.0 kg  tamanho=[0.04, 0.04, 0.04]
  Target goal     : {'type': 'goal_sequence', 'targets': [{'name': 'target', 'position': [0.15000000596046448, 0.0, 0.019999999552965164]}], 'mode': 'goal_sequence'}
  Mesa            : 1.1x0.7x0.4 m  offset_x=-0.3
  Robô config     : control=ee  block_gripper=False  base=[-0.6, 0.0, 0.05]
  Scripts         : ['script_1', 'reach_only', 'left_right']
  Juntas ângulos  : [-0.00, +0.28, +0.00, -2.82, -0.00, +3.07, +0.79]
  Juntas veloc.   : [+0.00, -0.75, -0.00, -0.09, -0.00, +0.14, +0.00]
  Cubo rotação    : [+0.004, -0.009, -0.002]  (roll/pitch/yaw)
  Cubo vel.linear : [+0.212, +0.008, +0.243]
────────────────────────────────────────────
 Ep  1 | Step  15
────────────────────────────────────────────
  Task            : OBJECT_DELIVERY_SEQUENCE
  Action          : [+0.000, +0.000, +0.000, -1.000]
  EE posição      : [-0.250, -0.000, +0.022]
  EE velocidade   : [-0.009, -0.000, -0.004]
  Garra           : 0.038 m  (AGARRADA)  contatos=2
  Cubo posição    : [-0.249, +0.001, +0.023]
  Target (target): [+0.150, +0.000, +0.020]
  Dist EE→Cubo    : 0.0015 m
  Dist Cubo→target: 0.3995 m
  Reward          : -0.3995
  Sucesso         : False
  Obstáculo caminho: nao  (count: 0)
  Objeto [object_1]: tipo=box  massa=1.0 kg  tamanho=[0.04, 0.04, 0.04]
  Target goal     : {'type': 'goal_sequence', 'targets': [{'name': 'target', 'position': [0.15000000596046448, 0.0, 0.019999999552965164]}], 'mode': 'goal_sequence'}
  Mesa            : 1.1x0.7x0.4 m  offset_x=-0.3
  Robô config     : control=ee  block_gripper=False  base=[-0.6, 0.0, 0.05]
  Scripts         : ['script_1', 'reach_only', 'left_right']
  Juntas ângulos  : [-0.00, +0.28, +0.00, -2.83, -0.00, +3.10, +0.79]
  Juntas veloc.   : [+0.00, +0.03, -0.00, -0.08, -0.00, +0.22, +0.00]
  Cubo rotação    : [+0.003, -0.029, -0.002]  (roll/pitch/yaw)
  Cubo vel.linear : [-0.009, +0.019, -0.005]
────────────────────────────────────────────
 Ep  1 | Step  16
────────────────────────────────────────────
  Task            : OBJECT_DELIVERY_SEQUENCE
  Action          : [+0.000, +0.000, +1.000, -1.000]
  EE posição      : [-0.265, +0.000, +0.033]
  EE velocidade   : [+0.427, -0.001, +0.740]
  Garra           : 0.032 m  (AGARRADA)  contatos=2
  Cubo posição    : [-0.262, +0.002, +0.030]
  Target (target): [+0.150, +0.000, +0.020]
  Dist EE→Cubo    : 0.0042 m
  Dist Cubo→target: 0.4124 m
  Reward          : -0.4124
  Sucesso         : False
  Obstáculo caminho: nao  (count: 0)
  Objeto [object_1]: tipo=box  massa=1.0 kg  tamanho=[0.04, 0.04, 0.04]
  Target goal     : {'type': 'goal_sequence', 'targets': [{'name': 'target', 'position': [0.15000000596046448, 0.0, 0.019999999552965164]}], 'mode': 'goal_sequence'}
  Mesa            : 1.1x0.7x0.4 m  offset_x=-0.3
  Robô config     : control=ee  block_gripper=False  base=[-0.6, 0.0, 0.05]
  Scripts         : ['script_1', 'reach_only', 'left_right']
  Juntas ângulos  : [-0.00, +0.20, +0.00, -2.85, -0.00, +3.00, +0.79]
  Juntas veloc.   : [-0.00, -2.54, -0.00, -0.28, +0.00, -0.78, -0.00]
  Cubo rotação    : [+0.036, +0.075, -0.001]  (roll/pitch/yaw)
  Cubo vel.linear : [+0.146, +0.020, +0.480]
────────────────────────────────────────────
 Ep  1 | Step  17
────────────────────────────────────────────
  Task            : OBJECT_DELIVERY_SEQUENCE
  Action          : [+0.000, +0.000, +1.000, -1.000]
  EE posição      : [-0.262, +0.000, +0.065]
  EE velocidade   : [+0.074, +0.000, +0.372]
  Garra           : 0.027 m  (AGARRADA)  contatos=2
  Cubo posição    : [-0.260, +0.002, +0.057]
  Target (target): [+0.150, +0.000, +0.020]
  Dist EE→Cubo    : 0.0082 m
  Dist Cubo→target: 0.4114 m
  Reward          : -0.4114
  Sucesso         : False
  Obstáculo caminho: nao  (count: 0)
  Objeto [object_1]: tipo=box  massa=1.0 kg  tamanho=[0.04, 0.04, 0.04]
  Target goal     : {'type': 'goal_sequence', 'targets': [{'name': 'target', 'position': [0.15000000596046448, 0.0, 0.019999999552965164]}], 'mode': 'goal_sequence'}
  Mesa            : 1.1x0.7x0.4 m  offset_x=-0.3
  Robô config     : control=ee  block_gripper=False  base=[-0.6, 0.0, 0.05]
  Scripts         : ['script_1', 'reach_only', 'left_right']
  Juntas ângulos  : [-0.00, +0.07, +0.00, -2.90, -0.00, +2.96, +0.79]
  Juntas veloc.   : [-0.00, -1.49, +0.00, -0.45, +0.00, -0.30, -0.00]
  Cubo rotação    : [-0.024, +0.028, +0.005]  (roll/pitch/yaw)
  Cubo vel.linear : [+0.138, +0.014, +0.436]
────────────────────────────────────────────
 Ep  1 | Step  18
────────────────────────────────────────────
  Task            : OBJECT_DELIVERY_SEQUENCE
  Action          : [+0.000, +0.000, +1.000, -1.000]
  EE posição      : [-0.262, +0.000, +0.090]
  EE velocidade   : [+0.233, -0.000, +0.540]
  Garra           : 0.027 m  (AGARRADA)  contatos=2
  Cubo posição    : [-0.259, +0.003, +0.079]
  Target (target): [+0.150, +0.000, +0.020]
  Dist EE→Cubo    : 0.0118 m
  Dist Cubo→target: 0.4133 m
  Reward          : -0.4133
  Sucesso         : False
  Obstáculo caminho: nao  (count: 0)
  Objeto [object_1]: tipo=box  massa=1.0 kg  tamanho=[0.04, 0.04, 0.04]
  Target goal     : {'type': 'goal_sequence', 'targets': [{'name': 'target', 'position': [0.15000000596046448, 0.0, 0.019999999552965164]}], 'mode': 'goal_sequence'}
  Mesa            : 1.1x0.7x0.4 m  offset_x=-0.3
  Robô config     : control=ee  block_gripper=False  base=[-0.6, 0.0, 0.05]
  Scripts         : ['script_1', 'reach_only', 'left_right']
  Juntas ângulos  : [-0.00, -0.04, +0.00, -2.91, -0.00, +2.86, +0.79]
  Juntas veloc.   : [+0.00, -1.86, -0.00, -0.08, +0.00, -0.81, -0.00]
  Cubo rotação    : [-0.018, +0.040, -0.007]  (roll/pitch/yaw)
  Cubo vel.linear : [+0.249, +0.029, +0.600]
────────────────────────────────────────────
 Ep  1 | Step  19
────────────────────────────────────────────
  Task            : OBJECT_DELIVERY_SEQUENCE
  Action          : [+0.000, +0.000, +1.000, -1.000]
  EE posição      : [-0.259, +0.000, +0.119]
  EE velocidade   : [+0.145, -0.000, +0.440]
  Garra           : 0.032 m  (AGARRADA)  contatos=2
  Cubo posição    : [-0.255, +0.004, +0.106]
  Target (target): [+0.150, +0.000, +0.020]
  Dist EE→Cubo    : 0.0142 m
  Dist Cubo→target: 0.4137 m
  Reward          : -0.4137
  Sucesso         : False
  Obstáculo caminho: nao  (count: 0)
  Objeto [object_1]: tipo=box  massa=1.0 kg  tamanho=[0.04, 0.04, 0.04]
  Target goal     : {'type': 'goal_sequence', 'targets': [{'name': 'target', 'position': [0.15000000596046448, 0.0, 0.019999999552965164]}], 'mode': 'goal_sequence'}
  Mesa            : 1.1x0.7x0.4 m  offset_x=-0.3
  Robô config     : control=ee  block_gripper=False  base=[-0.6, 0.0, 0.05]
  Scripts         : ['script_1', 'reach_only', 'left_right']
  Juntas ângulos  : [-0.00, -0.15, +0.00, -2.91, +0.00, +2.75, +0.79]
  Juntas veloc.   : [+0.00, -1.50, -0.00, -0.01, +0.00, -0.81, -0.00]
  Cubo rotação    : [+0.001, +0.105, -0.001]  (roll/pitch/yaw)
  Cubo vel.linear : [+0.172, +0.019, +0.460]
────────────────────────────────────────────
 Ep  1 | Step  20
────────────────────────────────────────────
  Task            : OBJECT_DELIVERY_SEQUENCE
  Action          : [+0.000, +0.000, +1.000, -1.000]
  EE posição      : [-0.256, +0.000, +0.147]
  EE velocidade   : [+0.161, +0.000, +0.503]
  Garra           : 0.032 m  (AGARRADA)  contatos=2
  Cubo posição    : [-0.251, +0.005, +0.133]
  Target (target): [+0.150, +0.000, +0.020]
  Dist EE→Cubo    : 0.0163 m
  Dist Cubo→target: 0.4168 m
  Reward          : -0.4168
  Sucesso         : False
  Obstáculo caminho: nao  (count: 0)
  Objeto [object_1]: tipo=box  massa=1.0 kg  tamanho=[0.04, 0.04, 0.04]
  Target goal     : {'type': 'goal_sequence', 'targets': [{'name': 'target', 'position': [0.15000000596046448, 0.0, 0.019999999552965164]}], 'mode': 'goal_sequence'}
  Mesa            : 1.1x0.7x0.4 m  offset_x=-0.3
  Robô config     : control=ee  block_gripper=False  base=[-0.6, 0.0, 0.05]
  Scripts         : ['script_1', 'reach_only', 'left_right']
  Juntas ângulos  : [-0.00, -0.25, +0.00, -2.89, +0.00, +2.63, +0.79]
  Juntas veloc.   : [+0.00, -1.56, +0.00, +0.12, +0.00, -0.90, -0.00]
  Cubo rotação    : [-0.003, +0.157, +0.004]  (roll/pitch/yaw)
  Cubo vel.linear : [+0.219, +0.023, +0.528]
────────────────────────────────────────────
 Ep  1 | Step  21
────────────────────────────────────────────
  Task            : OBJECT_DELIVERY_SEQUENCE
  Action          : [+0.000, +0.000, +1.000, -1.000]
  EE posição      : [-0.252, -0.000, +0.179]
  EE velocidade   : [+0.125, +0.000, +0.485]
  Garra           : 0.029 m  (AGARRADA)  contatos=2
  Cubo posição    : [-0.246, +0.006, +0.163]
  Target (target): [+0.150, +0.000, +0.020]
  Dist EE→Cubo    : 0.0183 m
  Dist Cubo→target: 0.4209 m
  Reward          : -0.4209
  Sucesso         : False
  Obstáculo caminho: nao  (count: 0)
  Objeto [object_1]: tipo=box  massa=1.0 kg  tamanho=[0.04, 0.04, 0.04]
  Target goal     : {'type': 'goal_sequence', 'targets': [{'name': 'target', 'position': [0.15000000596046448, 0.0, 0.019999999552965164]}], 'mode': 'goal_sequence'}
  Mesa            : 1.1x0.7x0.4 m  offset_x=-0.3
  Robô config     : control=ee  block_gripper=False  base=[-0.6, 0.0, 0.05]
  Scripts         : ['script_1', 'reach_only', 'left_right']
  Juntas ângulos  : [-0.00, -0.34, +0.00, -2.86, +0.00, +2.52, +0.79]
  Juntas veloc.   : [+0.00, -1.38, -0.00, +0.21, +0.00, -0.89, -0.00]
  Cubo rotação    : [+0.008, +0.149, -0.006]  (roll/pitch/yaw)
  Cubo vel.linear : [+0.216, +0.026, +0.609]
────────────────────────────────────────────
 Ep  1 | Step  22
────────────────────────────────────────────
  Task            : OBJECT_DELIVERY_SEQUENCE
  Action          : [+0.000, +0.000, -1.000, -1.000]
  EE posição      : [-0.244, +0.000, +0.172]
  EE velocidade   : [-0.344, -0.000, -0.917]
  Garra           : 0.028 m  (AGARRADA)  contatos=2
  Cubo posição    : [-0.236, +0.006, +0.160]
  Target (target): [+0.150, +0.000, +0.020]
  Dist EE→Cubo    : 0.0155 m
  Dist Cubo→target: 0.4110 m
  Reward          : -0.4110
  Sucesso         : False
  Obstáculo caminho: nao  (count: 0)
  Objeto [object_1]: tipo=box  massa=1.0 kg  tamanho=[0.04, 0.04, 0.04]
  Target goal     : {'type': 'goal_sequence', 'targets': [{'name': 'target', 'position': [0.15000000596046448, 0.0, 0.019999999552965164]}], 'mode': 'goal_sequence'}
  Mesa            : 1.1x0.7x0.4 m  offset_x=-0.3
  Robô config     : control=ee  block_gripper=False  base=[-0.6, 0.0, 0.05]
  Scripts         : ['script_1', 'reach_only', 'left_right']
  Juntas ângulos  : [-0.00, -0.31, +0.00, -2.90, +0.00, +2.65, +0.79]
  Juntas veloc.   : [+0.00, +2.56, -0.00, -0.30, -0.02, +1.05, -0.00]
  Cubo rotação    : [-0.049, -0.041, -0.004]  (roll/pitch/yaw)
  Cubo vel.linear : [-0.118, -0.010, -0.682]
────────────────────────────────────────────
 Ep  1 | Step  23
────────────────────────────────────────────
  Task            : OBJECT_DELIVERY_SEQUENCE
  Action          : [+1.000, -0.000, +0.000, -1.000]
  EE posição      : [-0.241, -0.000, +0.142]
  EE velocidade   : [+0.895, +0.000, -0.234]
  Garra           : 0.028 m  (AGARRADA)  contatos=2
  Cubo posição    : [-0.235, +0.007, +0.129]
  Target (target): [+0.150, +0.000, +0.020]
  Dist EE→Cubo    : 0.0162 m
  Dist Cubo→target: 0.4003 m
  Reward          : -0.4003
  Sucesso         : False
  Obstáculo caminho: nao  (count: 0)
  Objeto [object_1]: tipo=box  massa=1.0 kg  tamanho=[0.04, 0.04, 0.04]
  Target goal     : {'type': 'goal_sequence', 'targets': [{'name': 'target', 'position': [0.15000000596046448, 0.0, 0.019999999552965164]}], 'mode': 'goal_sequence'}
  Mesa            : 1.1x0.7x0.4 m  offset_x=-0.3
  Robô config     : control=ee  block_gripper=False  base=[-0.6, 0.0, 0.05]
  Scripts         : ['script_1', 'reach_only', 'left_right']
  Juntas ângulos  : [-0.00, -0.15, +0.00, -2.80, -0.00, +2.56, +0.79]
  Juntas veloc.   : [-0.00, +3.55, -0.00, +3.35, +0.01, -0.71, +0.00]
  Cubo rotação    : [-0.032, -0.069, +0.001]  (roll/pitch/yaw)
  Cubo vel.linear : [+0.585, +0.013, -0.484]
────────────────────────────────────────────
 Ep  1 | Step  24
────────────────────────────────────────────
  Task            : OBJECT_DELIVERY_SEQUENCE
  Action          : [+0.997, +0.000, +0.077, -1.000]
  EE posição      : [-0.205, -0.000, +0.143]
  EE velocidade   : [+0.406, +0.000, +0.243]
  Garra           : 0.033 m  (AGARRADA)  contatos=2
  Cubo posição    : [-0.205, +0.008, +0.126]
  Target (target): [+0.150, +0.000, +0.020]
  Dist EE→Cubo    : 0.0185 m
  Dist Cubo→target: 0.3708 m
  Reward          : -0.3708
  Sucesso         : False
  Obstáculo caminho: nao  (count: 0)
  Objeto [object_1]: tipo=box  massa=1.0 kg  tamanho=[0.04, 0.04, 0.04]
  Target goal     : {'type': 'goal_sequence', 'targets': [{'name': 'target', 'position': [0.15000000596046448, 0.0, 0.019999999552965164]}], 'mode': 'goal_sequence'}
  Mesa            : 1.1x0.7x0.4 m  offset_x=-0.3
  Robô config     : control=ee  block_gripper=False  base=[-0.6, 0.0, 0.05]
  Scripts         : ['script_1', 'reach_only', 'left_right']
  Juntas ângulos  : [-0.00, -0.08, +0.00, -2.72, -0.00, +2.62, +0.79]
  Juntas veloc.   : [+0.00, +0.00, +0.00, +0.62, +0.00, +0.42, -0.00]
  Cubo rotação    : [-0.007, -0.006, -0.008]  (roll/pitch/yaw)
  Cubo vel.linear : [+0.414, +0.021, +0.244]
────────────────────────────────────────────
 Ep  1 | Step  25
────────────────────────────────────────────
  Task            : OBJECT_DELIVERY_SEQUENCE
  Action          : [+0.996, +0.000, +0.084, -1.000]
  EE posição      : [-0.171, -0.000, +0.146]
  EE velocidade   : [+0.548, -0.001, +0.135]
  Garra           : 0.036 m  (AGARRADA)  contatos=2
  Cubo posição    : [-0.172, +0.009, +0.129]
  Target (target): [+0.150, +0.000, +0.020]
  Dist EE→Cubo    : 0.0190 m
  Dist Cubo→target: 0.3402 m
  Reward          : -0.3402
  Sucesso         : False
  Obstáculo caminho: nao  (count: 0)
  Objeto [object_1]: tipo=box  massa=1.0 kg  tamanho=[0.04, 0.04, 0.04]
  Target goal     : {'type': 'goal_sequence', 'targets': [{'name': 'target', 'position': [0.15000000596046448, 0.0, 0.019999999552965164]}], 'mode': 'goal_sequence'}
  Mesa            : 1.1x0.7x0.4 m  offset_x=-0.3
  Robô config     : control=ee  block_gripper=False  base=[-0.6, 0.0, 0.05]
  Scripts         : ['script_1', 'reach_only', 'left_right']
  Juntas ângulos  : [-0.00, -0.01, -0.00, -2.62, +0.00, +2.61, +0.79]
  Juntas veloc.   : [+0.00, +0.83, -0.00, +1.43, +0.00, -0.08, -0.00]
  Cubo rotação    : [-0.002, +0.005, +0.004]  (roll/pitch/yaw)
  Cubo vel.linear : [+0.601, +0.024, +0.121]
────────────────────────────────────────────
 Ep  1 | Step  26
────────────────────────────────────────────
  Task            : OBJECT_DELIVERY_SEQUENCE
  Action          : [+0.997, +0.000, +0.083, -1.000]
  EE posição      : [-0.137, -0.000, +0.146]
  EE velocidade   : [+0.464, -0.001, +0.106]
  Garra           : 0.037 m  (AGARRADA)  contatos=2
  Cubo posição    : [-0.139, +0.010, +0.129]
  Target (target): [+0.150, +0.000, +0.020]
  Dist EE→Cubo    : 0.0197 m
  Dist Cubo→target: 0.3088 m
  Reward          : -0.3088
  Sucesso         : False
  Obstáculo caminho: nao  (count: 0)
  Objeto [object_1]: tipo=box  massa=1.0 kg  tamanho=[0.04, 0.04, 0.04]
  Target goal     : {'type': 'goal_sequence', 'targets': [{'name': 'target', 'position': [0.15000000596046448, 0.0, 0.019999999552965164]}], 'mode': 'goal_sequence'}
  Mesa            : 1.1x0.7x0.4 m  offset_x=-0.3
  Robô config     : control=ee  block_gripper=False  base=[-0.6, 0.0, 0.05]
  Scripts         : ['script_1', 'reach_only', 'left_right']
  Juntas ângulos  : [-0.00, +0.07, -0.00, -2.51, +0.00, +2.58, +0.79]
  Juntas veloc.   : [+0.00, +0.74, -0.00, +1.32, -0.00, -0.23, +0.00]
  Cubo rotação    : [+0.001, +0.024, +0.003]  (roll/pitch/yaw)
  Cubo vel.linear : [+0.500, +0.020, +0.099]
────────────────────────────────────────────
 Ep  1 | Step  27
────────────────────────────────────────────
  Task            : OBJECT_DELIVERY_SEQUENCE
  Action          : [+0.996, +0.000, +0.091, -1.000]
  EE posição      : [-0.104, -0.000, +0.146]
  EE velocidade   : [+0.450, -0.001, +0.062]
  Garra           : 0.037 m  (AGARRADA)  contatos=2
  Cubo posição    : [-0.107, +0.011, +0.128]
  Target (target): [+0.150, +0.000, +0.020]
  Dist EE→Cubo    : 0.0207 m
  Dist Cubo→target: 0.2791 m
  Reward          : -0.2791
  Sucesso         : False
  Obstáculo caminho: nao  (count: 0)
  Objeto [object_1]: tipo=box  massa=1.0 kg  tamanho=[0.04, 0.04, 0.04]
  Target goal     : {'type': 'goal_sequence', 'targets': [{'name': 'target', 'position': [0.15000000596046448, 0.0, 0.019999999552965164]}], 'mode': 'goal_sequence'}
  Mesa            : 1.1x0.7x0.4 m  offset_x=-0.3
  Robô config     : control=ee  block_gripper=False  base=[-0.6, 0.0, 0.05]
  Scripts         : ['script_1', 'reach_only', 'left_right']
  Juntas ângulos  : [-0.00, +0.15, -0.00, -2.40, +0.00, +2.54, +0.79]
  Juntas veloc.   : [+0.00, +0.83, -0.00, +1.36, +0.00, -0.26, -0.00]
  Cubo rotação    : [-0.002, +0.087, +0.005]  (roll/pitch/yaw)
  Cubo vel.linear : [+0.468, +0.019, +0.047]
────────────────────────────────────────────
 Ep  1 | Step  28
────────────────────────────────────────────
  Task            : OBJECT_DELIVERY_SEQUENCE
  Action          : [+0.994, +0.001, +0.105, -1.000]
  EE posição      : [-0.072, -0.000, +0.145]
  EE velocidade   : [+0.439, -0.001, +0.074]
  Garra           : 0.036 m  (AGARRADA)  contatos=2
  Cubo posição    : [-0.076, +0.012, +0.127]
  Target (target): [+0.150, +0.000, +0.020]
  Dist EE→Cubo    : 0.0213 m
  Dist Cubo→target: 0.2504 m
  Reward          : -0.2504
  Sucesso         : False
  Obstáculo caminho: nao  (count: 0)
  Objeto [object_1]: tipo=box  massa=1.0 kg  tamanho=[0.04, 0.04, 0.04]
  Target goal     : {'type': 'goal_sequence', 'targets': [{'name': 'target', 'position': [0.15000000596046448, 0.0, 0.019999999552965164]}], 'mode': 'goal_sequence'}
  Mesa            : 1.1x0.7x0.4 m  offset_x=-0.3
  Robô config     : control=ee  block_gripper=False  base=[-0.6, 0.0, 0.05]
  Scripts         : ['script_1', 'reach_only', 'left_right']
  Juntas ângulos  : [-0.00, +0.23, -0.00, -2.29, +0.00, +2.51, +0.79]
  Juntas veloc.   : [+0.00, +0.78, -0.00, +1.35, +0.00, -0.28, -0.00]
  Cubo rotação    : [-0.009, +0.118, -0.005]  (roll/pitch/yaw)
  Cubo vel.linear : [+0.481, +0.020, +0.049]
────────────────────────────────────────────
 Ep  1 | Step  29
────────────────────────────────────────────
  Task            : OBJECT_DELIVERY_SEQUENCE
  Action          : [+0.992, +0.001, +0.124, -1.000]
  EE posição      : [-0.040, -0.000, +0.144]
  EE velocidade   : [+0.410, -0.000, +0.054]
  Garra           : 0.036 m  (AGARRADA)  contatos=2
  Cubo posição    : [-0.045, +0.012, +0.126]
  Target (target): [+0.150, +0.000, +0.020]
  Dist EE→Cubo    : 0.0225 m
  Dist Cubo→target: 0.2226 m
  Reward          : -0.2226
  Sucesso         : False
  Obstáculo caminho: nao  (count: 0)
  Objeto [object_1]: tipo=box  massa=1.0 kg  tamanho=[0.04, 0.04, 0.04]
  Target goal     : {'type': 'goal_sequence', 'targets': [{'name': 'target', 'position': [0.15000000596046448, 0.0, 0.019999999552965164]}], 'mode': 'goal_sequence'}
  Mesa            : 1.1x0.7x0.4 m  offset_x=-0.3
  Robô config     : control=ee  block_gripper=False  base=[-0.6, 0.0, 0.05]
  Scripts         : ['script_1', 'reach_only', 'left_right']
  Juntas ângulos  : [-0.00, +0.31, -0.00, -2.17, +0.00, +2.47, +0.79]
  Juntas veloc.   : [+0.00, +0.78, -0.00, +1.34, +0.00, -0.31, -0.00]
  Cubo rotação    : [+0.005, +0.130, +0.003]  (roll/pitch/yaw)
  Cubo vel.linear : [+0.515, +0.027, +0.031]
────────────────────────────────────────────
 Ep  1 | Step  30
────────────────────────────────────────────
  Task            : OBJECT_DELIVERY_SEQUENCE
  Action          : [+0.989, +0.001, +0.148, -1.000]
  EE posição      : [-0.009, -0.000, +0.143]
  EE velocidade   : [+0.378, -0.000, +0.033]
  Garra           : 0.037 m  (AGARRADA)  contatos=2
  Cubo posição    : [-0.016, +0.013, +0.125]
  Target (target): [+0.150, +0.000, +0.020]
  Dist EE→Cubo    : 0.0235 m
  Dist Cubo→target: 0.1969 m
  Reward          : -0.1969
  Sucesso         : False
  Obstáculo caminho: nao  (count: 0)
  Objeto [object_1]: tipo=box  massa=1.0 kg  tamanho=[0.04, 0.04, 0.04]
  Target goal     : {'type': 'goal_sequence', 'targets': [{'name': 'target', 'position': [0.15000000596046448, 0.0, 0.019999999552965164]}], 'mode': 'goal_sequence'}
  Mesa            : 1.1x0.7x0.4 m  offset_x=-0.3
  Robô config     : control=ee  block_gripper=False  base=[-0.6, 0.0, 0.05]
  Scripts         : ['script_1', 'reach_only', 'left_right']
  Juntas ângulos  : [-0.00, +0.38, -0.00, -2.05, +0.00, +2.42, +0.79]
  Juntas veloc.   : [+0.00, +0.78, -0.00, +1.32, +0.00, -0.34, -0.00]
  Cubo rotação    : [+0.003, +0.149, +0.008]  (roll/pitch/yaw)
  Cubo vel.linear : [+0.431, +0.016, +0.017]
────────────────────────────────────────────
 Ep  1 | Step  31
────────────────────────────────────────────
  Task            : OBJECT_DELIVERY_SEQUENCE
  Action          : [+0.983, +0.001, +0.182, -1.000]
  EE posição      : [+0.020, -0.000, +0.142]
  EE velocidade   : [+0.363, -0.000, +0.057]
  Garra           : 0.037 m  (AGARRADA)  contatos=2
  Cubo posição    : [+0.012, +0.014, +0.124]
  Target (target): [+0.150, +0.000, +0.020]
  Dist EE→Cubo    : 0.0244 m
  Dist Cubo→target: 0.1739 m
  Reward          : -0.1739
  Sucesso         : False
  Obstáculo caminho: nao  (count: 0)
  Objeto [object_1]: tipo=box  massa=1.0 kg  tamanho=[0.04, 0.04, 0.04]
  Target goal     : {'type': 'goal_sequence', 'targets': [{'name': 'target', 'position': [0.15000000596046448, 0.0, 0.019999999552965164]}], 'mode': 'goal_sequence'}
  Mesa            : 1.1x0.7x0.4 m  offset_x=-0.3
  Robô config     : control=ee  block_gripper=False  base=[-0.6, 0.0, 0.05]
  Scripts         : ['script_1', 'reach_only', 'left_right']
  Juntas ângulos  : [+0.00, +0.46, -0.00, -1.93, +0.00, +2.38, +0.79]
  Juntas veloc.   : [+0.00, +0.72, -0.00, +1.32, +0.00, -0.35, -0.00]
  Cubo rotação    : [-0.008, +0.198, +0.007]  (roll/pitch/yaw)
  Cubo vel.linear : [+0.377, +0.022, +0.040]
────────────────────────────────────────────
 Ep  1 | Step  32
────────────────────────────────────────────
  Task            : OBJECT_DELIVERY_SEQUENCE
  Action          : [+0.974, +0.002, +0.224, -1.000]
  EE posição      : [+0.047, -0.000, +0.143]
  EE velocidade   : [+0.325, +0.000, +0.057]
  Garra           : 0.037 m  (AGARRADA)  contatos=2
  Cubo posição    : [+0.037, +0.015, +0.125]
  Target (target): [+0.150, +0.000, +0.020]
  Dist EE→Cubo    : 0.0258 m
  Dist Cubo→target: 0.1549 m
  Reward          : -0.1549
  Sucesso         : False
  Obstáculo caminho: nao  (count: 0)
  Objeto [object_1]: tipo=box  massa=1.0 kg  tamanho=[0.04, 0.04, 0.04]
  Target goal     : {'type': 'goal_sequence', 'targets': [{'name': 'target', 'position': [0.15000000596046448, 0.0, 0.019999999552965164]}], 'mode': 'goal_sequence'}
  Mesa            : 1.1x0.7x0.4 m  offset_x=-0.3
  Robô config     : control=ee  block_gripper=False  base=[-0.6, 0.0, 0.05]
  Scripts         : ['script_1', 'reach_only', 'left_right']
  Juntas ângulos  : [+0.00, +0.53, -0.00, -1.81, +0.00, +2.33, +0.79]
  Juntas veloc.   : [+0.00, +0.68, -0.00, +1.27, +0.00, -0.38, +0.00]
  Cubo rotação    : [-0.006, +0.235, +0.002]  (roll/pitch/yaw)
  Cubo vel.linear : [+0.329, +0.021, +0.053]
────────────────────────────────────────────
 Ep  1 | Step  33
────────────────────────────────────────────
  Task            : OBJECT_DELIVERY_SEQUENCE
  Action          : [+0.961, +0.002, +0.278, -1.000]
  EE posição      : [+0.073, -0.000, +0.145]
  EE velocidade   : [+0.310, +0.001, +0.119]
  Garra           : 0.037 m  (AGARRADA)  contatos=2
  Cubo posição    : [+0.061, +0.015, +0.126]
  Target (target): [+0.150, +0.000, +0.020]
  Dist EE→Cubo    : 0.0275 m
  Dist Cubo→target: 0.1398 m
  Reward          : -0.1398
  Sucesso         : False
  Obstáculo caminho: nao  (count: 0)
  Objeto [object_1]: tipo=box  massa=1.0 kg  tamanho=[0.04, 0.04, 0.04]
  Target goal     : {'type': 'goal_sequence', 'targets': [{'name': 'target', 'position': [0.15000000596046448, 0.0, 0.019999999552965164]}], 'mode': 'goal_sequence'}
  Mesa            : 1.1x0.7x0.4 m  offset_x=-0.3
  Robô config     : control=ee  block_gripper=False  base=[-0.6, 0.0, 0.05]
  Scripts         : ['script_1', 'reach_only', 'left_right']
  Juntas ângulos  : [+0.00, +0.59, -0.00, -1.70, +0.00, +2.27, +0.79]
  Juntas veloc.   : [+0.00, +0.56, +0.00, +1.24, +0.00, -0.40, +0.00]
  Cubo rotação    : [-0.001, +0.230, +0.003]  (roll/pitch/yaw)
  Cubo vel.linear : [+0.343, +0.018, +0.081]
────────────────────────────────────────────
 Ep  1 | Step  34
────────────────────────────────────────────
  Task            : OBJECT_DELIVERY_SEQUENCE
  Action          : [+0.942, +0.002, +0.334, -1.000]
  EE posição      : [+0.096, -0.000, +0.150]
  EE velocidade   : [+0.276, +0.001, +0.166]
  Garra           : 0.036 m  (AGARRADA)  contatos=2
  Cubo posição    : [+0.082, +0.014, +0.131]
  Target (target): [+0.150, +0.000, +0.020]
  Dist EE→Cubo    : 0.0279 m
  Dist Cubo→target: 0.1306 m
  Reward          : -0.1306
  Sucesso         : False
  Obstáculo caminho: nao  (count: 0)
  Objeto [object_1]: tipo=box  massa=1.0 kg  tamanho=[0.04, 0.04, 0.04]
  Target goal     : {'type': 'goal_sequence', 'targets': [{'name': 'target', 'position': [0.15000000596046448, 0.0, 0.019999999552965164]}], 'mode': 'goal_sequence'}
  Mesa            : 1.1x0.7x0.4 m  offset_x=-0.3
  Robô config     : control=ee  block_gripper=False  base=[-0.6, 0.0, 0.05]
  Scripts         : ['script_1', 'reach_only', 'left_right']
  Juntas ângulos  : [+0.00, +0.65, -0.00, -1.58, +0.00, +2.22, +0.79]
  Juntas veloc.   : [+0.00, +0.45, +0.00, +1.17, +0.00, -0.43, -0.00]
  Cubo rotação    : [-0.002, +0.231, -0.002]  (roll/pitch/yaw)
  Cubo vel.linear : [+0.289, -0.064, +0.158]
────────────────────────────────────────────
 Ep  1 | Step  35
────────────────────────────────────────────
  Task            : OBJECT_DELIVERY_SEQUENCE
  Action          : [+0.923, +0.002, +0.386, -1.000]
  EE posição      : [+0.118, -0.000, +0.159]
  EE velocidade   : [+0.261, +0.001, +0.267]
  Garra           : 0.037 m  (AGARRADA)  contatos=2
  Cubo posição    : [+0.103, +0.011, +0.138]
  Target (target): [+0.150, +0.000, +0.020]
  Dist EE→Cubo    : 0.0280 m
  Dist Cubo→target: 0.1278 m
  Reward          : -0.1278
  Sucesso         : False
  Obstáculo caminho: nao  (count: 0)
  Objeto [object_1]: tipo=box  massa=1.0 kg  tamanho=[0.04, 0.04, 0.04]
  Target goal     : {'type': 'goal_sequence', 'targets': [{'name': 'target', 'position': [0.15000000596046448, 0.0, 0.019999999552965164]}], 'mode': 'goal_sequence'}
  Mesa            : 1.1x0.7x0.4 m  offset_x=-0.3
  Robô config     : control=ee  block_gripper=False  base=[-0.6, 0.0, 0.05]
  Scripts         : ['script_1', 'reach_only', 'left_right']
  Juntas ângulos  : [+0.00, +0.71, -0.00, -1.46, +0.00, +2.16, +0.79]
  Juntas veloc.   : [+0.00, +0.28, +0.00, +1.12, +0.00, -0.45, +0.00]
  Cubo rotação    : [+0.010, +0.170, -0.004]  (roll/pitch/yaw)
  Cubo vel.linear : [+0.310, -0.062, +0.233]
────────────────────────────────────────────
 Ep  1 | Step  36
────────────────────────────────────────────
  Task            : OBJECT_DELIVERY_SEQUENCE
  Action          : [+0.922, +0.002, +0.387, -1.000]
  EE posição      : [+0.137, -0.000, +0.172]
  EE velocidade   : [+0.215, +0.003, +0.249]
  Garra           : 0.013 m  (AGARRADA)  contatos=2
  Cubo posição    : [+0.125, +0.012, +0.146]
  Target (target): [+0.150, +0.000, +0.020]
  Dist EE→Cubo    : 0.0311 m
  Dist Cubo→target: 0.1287 m
  Reward          : -0.1287
  Sucesso         : False
  Obstáculo caminho: nao  (count: 0)
  Objeto [object_1]: tipo=box  massa=1.0 kg  tamanho=[0.04, 0.04, 0.04]
  Target goal     : {'type': 'goal_sequence', 'targets': [{'name': 'target', 'position': [0.15000000596046448, 0.0, 0.019999999552965164]}], 'mode': 'goal_sequence'}
  Mesa            : 1.1x0.7x0.4 m  offset_x=-0.3
  Robô config     : control=ee  block_gripper=False  base=[-0.6, 0.0, 0.05]
  Scripts         : ['script_1', 'reach_only', 'left_right']
  Juntas ângulos  : [+0.00, +0.75, -0.00, -1.35, +0.00, +2.10, +0.79]
  Juntas veloc.   : [+0.00, +0.27, +0.00, +1.06, +0.00, -0.46, +0.00]
  Cubo rotação    : [-0.232, +0.163, +0.155]  (roll/pitch/yaw)
  Cubo vel.linear : [+0.550, +0.099, -0.064]
────────────────────────────────────────────
 Ep  1 | Step  37
────────────────────────────────────────────
  Task            : OBJECT_DELIVERY_SEQUENCE
  Action          : [+0.997, +0.001, +0.071, -1.000]
  EE posição      : [+0.155, +0.000, +0.173]
  EE velocidade   : [+0.139, -0.000, -0.073]
  Garra           : 0.002 m  (FECHADA)  contatos=0
  Cubo posição    : [+0.146, +0.015, +0.133]
  Target (target): [+0.150, +0.000, +0.020]
  Dist EE→Cubo    : 0.0436 m
  Dist Cubo→target: 0.1144 m
  Reward          : -0.1144
  Sucesso         : False
  Obstáculo caminho: nao  (count: 0)
  Objeto [object_1]: tipo=box  massa=1.0 kg  tamanho=[0.04, 0.04, 0.04]
  Target goal     : {'type': 'goal_sequence', 'targets': [{'name': 'target', 'position': [0.15000000596046448, 0.0, 0.019999999552965164]}], 'mode': 'goal_sequence'}
  Mesa            : 1.1x0.7x0.4 m  offset_x=-0.3
  Robô config     : control=ee  block_gripper=False  base=[-0.6, 0.0, 0.05]
  Scripts         : ['script_1', 'reach_only', 'left_right']
  Juntas ângulos  : [+0.00, +0.82, -0.00, -1.23, +0.00, +2.06, +0.79]
  Juntas veloc.   : [-0.00, +0.69, -0.00, +1.03, +0.00, -0.35, +0.00]
  Cubo rotação    : [-0.598, +0.237, +0.343]  (roll/pitch/yaw)
  Cubo vel.linear : [+0.545, +0.075, -0.503]
────────────────────────────────────────────
 Ep  1 | Step  38
────────────────────────────────────────────
  Task            : OBJECT_DELIVERY_SEQUENCE
  Action          : [-0.987, -0.003, -0.163, -1.000]
  EE posição      : [+0.137, -0.000, +0.165]
  EE velocidade   : [-0.203, -0.001, +0.071]
  Garra           : 0.000 m  (FECHADA)  contatos=0
  Cubo posição    : [+0.168, +0.018, +0.105]
  Target (target): [+0.150, +0.000, +0.020]
  Dist EE→Cubo    : 0.0704 m
  Dist Cubo→target: 0.0887 m
  Reward          : -0.0887
  Sucesso         : False
  Obstáculo caminho: nao  (count: 0)
  Objeto [object_1]: tipo=box  massa=1.0 kg  tamanho=[0.04, 0.04, 0.04]
  Target goal     : {'type': 'goal_sequence', 'targets': [{'name': 'target', 'position': [0.15000000596046448, 0.0, 0.019999999552965164]}], 'mode': 'goal_sequence'}
  Mesa            : 1.1x0.7x0.4 m  offset_x=-0.3
  Robô config     : control=ee  block_gripper=False  base=[-0.6, 0.0, 0.05]
  Scripts         : ['script_1', 'reach_only', 'left_right']
  Juntas ângulos  : [+0.00, +0.76, -0.00, -1.35, +0.00, +2.10, +0.79]
  Juntas veloc.   : [-0.00, -0.82, +0.00, -1.24, +0.00, +0.37, -0.00]
  Cubo rotação    : [-0.910, +0.367, +0.495]  (roll/pitch/yaw)
  Cubo vel.linear : [+0.543, +0.075, -0.894]
────────────────────────────────────────────
 Ep  1 | Step  39
────────────────────────────────────────────
  Task            : OBJECT_DELIVERY_SEQUENCE
  Action          : [+0.880, +0.009, +0.475, -1.000]
  EE posição      : [+0.150, +0.000, +0.176]
  EE velocidade   : [+0.232, +0.003, +0.356]
  Garra           : 0.000 m  (FECHADA)  contatos=0
  Cubo posição    : [+0.190, +0.021, +0.061]
  Target (target): [+0.150, +0.000, +0.020]
  Dist EE→Cubo    : 0.1232 m
  Dist Cubo→target: 0.0609 m
  Reward          : -0.0609
  Sucesso         : False
  Obstáculo caminho: nao  (count: 0)
  Objeto [object_1]: tipo=box  massa=1.0 kg  tamanho=[0.04, 0.04, 0.04]
  Target goal     : {'type': 'goal_sequence', 'targets': [{'name': 'target', 'position': [0.15000000596046448, 0.0, 0.019999999552965164]}], 'mode': 'goal_sequence'}
  Mesa            : 1.1x0.7x0.4 m  offset_x=-0.3
  Robô config     : control=ee  block_gripper=False  base=[-0.6, 0.0, 0.05]
  Scripts         : ['script_1', 'reach_only', 'left_right']
  Juntas ângulos  : [+0.00, +0.81, -0.00, -1.24, +0.00, +2.04, +0.79]
  Juntas veloc.   : [+0.00, +0.18, +0.00, +1.15, -0.00, -0.48, +0.00]
  Cubo rotação    : [-1.214, +0.533, +0.602]  (roll/pitch/yaw)
  Cubo vel.linear : [+0.541, +0.074, -1.282]
────────────────────────────────────────────
 Ep  1 | Step  40
────────────────────────────────────────────
  Task            : OBJECT_DELIVERY_SEQUENCE
  Action          : [+0.000, +0.000, +0.000, -1.000]
  EE posição      : [+0.151, +0.000, +0.176]
  EE velocidade   : [+0.001, -0.000, -0.015]
  Garra           : 0.000 m  (FECHADA)  contatos=0
  Cubo posição    : [+0.204, +0.029, +0.029]
  Target (target): [+0.150, +0.000, +0.020]
  Dist EE→Cubo    : 0.1592 m
  Dist Cubo→target: 0.0618 m
  Reward          : -0.0618
  Sucesso         : False
  Obstáculo caminho: nao  (count: 0)
  Objeto [object_1]: tipo=box  massa=1.0 kg  tamanho=[0.04, 0.04, 0.04]
  Target goal     : {'type': 'goal_sequence', 'targets': [{'name': 'target', 'position': [0.15000000596046448, 0.0, 0.019999999552965164]}], 'mode': 'goal_sequence'}
  Mesa            : 1.1x0.7x0.4 m  offset_x=-0.3
  Robô config     : control=ee  block_gripper=False  base=[-0.6, 0.0, 0.05]
  Scripts         : ['script_1', 'reach_only', 'left_right']
  Juntas ângulos  : [+0.00, +0.81, -0.00, -1.25, +0.00, +2.05, +0.79]
  Juntas veloc.   : [-0.00, +0.00, -0.00, -0.04, +0.00, +0.07, -0.00]
  Cubo rotação    : [-1.660, +0.785, +0.462]  (roll/pitch/yaw)
  Cubo vel.linear : [+0.153, +0.244, +0.121]
────────────────────────────────────────────
 Ep  1 | Step  41
────────────────────────────────────────────
  Task            : OBJECT_DELIVERY_SEQUENCE
  Action          : [+0.000, +0.000, -0.150, -1.000]
  EE posição      : [+0.152, +0.000, +0.170]
  EE velocidade   : [+0.001, -0.000, -0.056]
  Garra           : 0.000 m  (FECHADA)  contatos=0
  Cubo posição    : [+0.211, +0.038, +0.029]
  Target (target): [+0.150, +0.000, +0.020]
  Dist EE→Cubo    : 0.1569 m
  Dist Cubo→target: 0.0723 m
  Reward          : -0.0723
  Sucesso         : False
  Obstáculo caminho: nao  (count: 0)
  Objeto [object_1]: tipo=box  massa=1.0 kg  tamanho=[0.04, 0.04, 0.04]
  Target goal     : {'type': 'goal_sequence', 'targets': [{'name': 'target', 'position': [0.15000000596046448, 0.0, 0.019999999552965164]}], 'mode': 'goal_sequence'}
  Mesa            : 1.1x0.7x0.4 m  offset_x=-0.3
  Robô config     : control=ee  block_gripper=False  base=[-0.6, 0.0, 0.05]
  Scripts         : ['script_1', 'reach_only', 'left_right']
  Juntas ângulos  : [+0.00, +0.81, -0.00, -1.25, +0.00, +2.06, +0.79]
  Juntas veloc.   : [-0.00, +0.07, -0.00, -0.02, +0.00, +0.09, -0.00]
  Cubo rotação    : [-1.979, +1.111, +0.202]  (roll/pitch/yaw)
  Cubo vel.linear : [+0.218, +0.184, -0.067]
────────────────────────────────────────────
 Ep  1 | Step  42
────────────────────────────────────────────
  Task            : OBJECT_DELIVERY_SEQUENCE
  Action          : [+0.000, +0.000, -0.150, -1.000]
  EE posição      : [+0.152, +0.000, +0.163]
  EE velocidade   : [+0.001, -0.000, -0.050]
  Garra           : 0.000 m  (FECHADA)  contatos=0
  Cubo posição    : [+0.221, +0.044, +0.023]
  Target (target): [+0.150, +0.000, +0.020]
  Dist EE→Cubo    : 0.1629 m
  Dist Cubo→target: 0.0838 m
  Reward          : -0.0838
  Sucesso         : False
  Obstáculo caminho: nao  (count: 0)
  Objeto [object_1]: tipo=box  massa=1.0 kg  tamanho=[0.04, 0.04, 0.04]
  Target goal     : {'type': 'goal_sequence', 'targets': [{'name': 'target', 'position': [0.15000000596046448, 0.0, 0.019999999552965164]}], 'mode': 'goal_sequence'}
  Mesa            : 1.1x0.7x0.4 m  offset_x=-0.3
  Robô config     : control=ee  block_gripper=False  base=[-0.6, 0.0, 0.05]
  Scripts         : ['script_1', 'reach_only', 'left_right']
  Juntas ângulos  : [+0.00, +0.82, -0.00, -1.25, +0.00, +2.07, +0.79]
  Juntas veloc.   : [-0.00, +0.07, -0.00, -0.01, +0.00, +0.08, -0.00]
  Cubo rotação    : [+3.029, +1.429, -1.034]  (roll/pitch/yaw)
  Cubo vel.linear : [+0.256, +0.051, -0.087]
────────────────────────────────────────────
 Ep  1 | Step  43
────────────────────────────────────────────
  Task            : OBJECT_DELIVERY_SEQUENCE
  Action          : [+0.000, +0.000, -0.150, -1.000]
  EE posição      : [+0.152, +0.000, +0.157]
  EE velocidade   : [+0.001, -0.000, -0.049]
  Garra           : 0.000 m  (FECHADA)  contatos=0
  Cubo posição    : [+0.228, +0.045, +0.020]
  Target (target): [+0.150, +0.000, +0.020]
  Dist EE→Cubo    : 0.1628 m
  Dist Cubo→target: 0.0899 m
  Reward          : -0.0899
  Sucesso         : False
  Obstáculo caminho: nao  (count: 0)
  Objeto [object_1]: tipo=box  massa=1.0 kg  tamanho=[0.04, 0.04, 0.04]
  Target goal     : {'type': 'goal_sequence', 'targets': [{'name': 'target', 'position': [0.15000000596046448, 0.0, 0.019999999552965164]}], 'mode': 'goal_sequence'}
  Mesa            : 1.1x0.7x0.4 m  offset_x=-0.3
  Robô config     : control=ee  block_gripper=False  base=[-0.6, 0.0, 0.05]
  Scripts         : ['script_1', 'reach_only', 'left_right']
  Juntas ângulos  : [+0.00, +0.83, -0.00, -1.25, +0.00, +2.08, +0.79]
  Juntas veloc.   : [-0.00, +0.07, -0.00, -0.01, +0.00, +0.08, -0.00]
  Cubo rotação    : [+0.000, +1.571, +2.205]  (roll/pitch/yaw)
  Cubo vel.linear : [+0.049, +0.008, +0.004]
────────────────────────────────────────────
 Ep  1 | Step  44
────────────────────────────────────────────
  Task            : OBJECT_DELIVERY_SEQUENCE
  Action          : [+0.000, +0.000, -0.150, -1.000]
  EE posição      : [+0.152, +0.000, +0.150]
  EE velocidade   : [+0.001, -0.000, -0.049]
  Garra           : 0.000 m  (FECHADA)  contatos=0
  Cubo posição    : [+0.228, +0.045, +0.020]
  Target (target): [+0.150, +0.000, +0.020]
  Dist EE→Cubo    : 0.1573 m
  Dist Cubo→target: 0.0901 m
  Reward          : -0.0901
  Sucesso         : False
  Obstáculo caminho: nao  (count: 0)
  Objeto [object_1]: tipo=box  massa=1.0 kg  tamanho=[0.04, 0.04, 0.04]
  Target goal     : {'type': 'goal_sequence', 'targets': [{'name': 'target', 'position': [0.15000000596046448, 0.0, 0.019999999552965164]}], 'mode': 'goal_sequence'}
  Mesa            : 1.1x0.7x0.4 m  offset_x=-0.3
  Robô config     : control=ee  block_gripper=False  base=[-0.6, 0.0, 0.05]
  Scripts         : ['script_1', 'reach_only', 'left_right']
  Juntas ângulos  : [+0.00, +0.84, -0.00, -1.25, +0.00, +2.09, +0.79]
  Juntas veloc.   : [-0.00, +0.07, -0.00, -0.01, +0.00, +0.08, -0.00]
  Cubo rotação    : [+0.000, +1.571, -4.078]  (roll/pitch/yaw)
  Cubo vel.linear : [-0.000, +0.000, +0.001]
────────────────────────────────────────────
 Ep  1 | Step  45
────────────────────────────────────────────
  Task            : OBJECT_DELIVERY_SEQUENCE
  Action          : [+0.000, +0.000, -0.150, -1.000]
  EE posição      : [+0.153, +0.000, +0.144]
  EE velocidade   : [+0.001, -0.000, -0.048]
  Garra           : 0.000 m  (FECHADA)  contatos=0
  Cubo posição    : [+0.228, +0.045, +0.020]
  Target (target): [+0.150, +0.000, +0.020]
  Dist EE→Cubo    : 0.1519 m
  Dist Cubo→target: 0.0901 m
  Reward          : -0.0901
  Sucesso         : False
  Obstáculo caminho: nao  (count: 0)
  Objeto [object_1]: tipo=box  massa=1.0 kg  tamanho=[0.04, 0.04, 0.04]
  Target goal     : {'type': 'goal_sequence', 'targets': [{'name': 'target', 'position': [0.15000000596046448, 0.0, 0.019999999552965164]}], 'mode': 'goal_sequence'}
  Mesa            : 1.1x0.7x0.4 m  offset_x=-0.3
  Robô config     : control=ee  block_gripper=False  base=[-0.6, 0.0, 0.05]
  Scripts         : ['script_1', 'reach_only', 'left_right']
  Juntas ângulos  : [+0.00, +0.85, -0.00, -1.25, +0.00, +2.10, +0.79]
  Juntas veloc.   : [-0.00, +0.07, -0.00, -0.01, +0.00, +0.08, -0.00]
  Cubo rotação    : [+0.000, +1.571, -4.078]  (roll/pitch/yaw)
  Cubo vel.linear : [-0.000, +0.000, +0.000]
────────────────────────────────────────────
 Ep  1 | Step  46
────────────────────────────────────────────
  Task            : OBJECT_DELIVERY_SEQUENCE
  Action          : [+0.000, +0.000, -0.150, -1.000]
  EE posição      : [+0.153, +0.000, +0.137]
  EE velocidade   : [+0.001, -0.000, -0.048]
  Garra           : 0.000 m  (FECHADA)  contatos=0
  Cubo posição    : [+0.228, +0.045, +0.020]
  Target (target): [+0.150, +0.000, +0.020]
  Dist EE→Cubo    : 0.1465 m
  Dist Cubo→target: 0.0901 m
  Reward          : -0.0901
  Sucesso         : False
  Obstáculo caminho: nao  (count: 0)
  Objeto [object_1]: tipo=box  massa=1.0 kg  tamanho=[0.04, 0.04, 0.04]
  Target goal     : {'type': 'goal_sequence', 'targets': [{'name': 'target', 'position': [0.15000000596046448, 0.0, 0.019999999552965164]}], 'mode': 'goal_sequence'}
  Mesa            : 1.1x0.7x0.4 m  offset_x=-0.3
  Robô config     : control=ee  block_gripper=False  base=[-0.6, 0.0, 0.05]
  Scripts         : ['script_1', 'reach_only', 'left_right']
  Juntas ângulos  : [+0.00, +0.86, -0.00, -1.25, +0.00, +2.11, +0.79]
  Juntas veloc.   : [-0.00, +0.07, -0.00, -0.01, +0.00, +0.08, -0.00]
  Cubo rotação    : [+0.000, +1.571, -4.078]  (roll/pitch/yaw)
  Cubo vel.linear : [+0.000, -0.000, +0.000]
────────────────────────────────────────────
 Ep  1 | Step  47
────────────────────────────────────────────
  Task            : OBJECT_DELIVERY_SEQUENCE
  Action          : [+0.000, +0.000, -0.150, -1.000]
  EE posição      : [+0.153, +0.000, +0.131]
  EE velocidade   : [+0.001, -0.000, -0.047]
  Garra           : 0.000 m  (FECHADA)  contatos=0
  Cubo posição    : [+0.228, +0.045, +0.020]
  Target (target): [+0.150, +0.000, +0.020]
  Dist EE→Cubo    : 0.1414 m
  Dist Cubo→target: 0.0901 m
  Reward          : -0.0901
  Sucesso         : False
  Obstáculo caminho: nao  (count: 0)
  Objeto [object_1]: tipo=box  massa=1.0 kg  tamanho=[0.04, 0.04, 0.04]
  Target goal     : {'type': 'goal_sequence', 'targets': [{'name': 'target', 'position': [0.15000000596046448, 0.0, 0.019999999552965164]}], 'mode': 'goal_sequence'}
  Mesa            : 1.1x0.7x0.4 m  offset_x=-0.3
  Robô config     : control=ee  block_gripper=False  base=[-0.6, 0.0, 0.05]
  Scripts         : ['script_1', 'reach_only', 'left_right']
  Juntas ângulos  : [+0.00, +0.87, -0.00, -1.25, +0.00, +2.12, +0.79]
  Juntas veloc.   : [-0.00, +0.07, -0.00, -0.01, +0.00, +0.08, -0.00]
  Cubo rotação    : [+0.000, +1.571, -4.078]  (roll/pitch/yaw)
  Cubo vel.linear : [+0.000, -0.000, +0.000]
────────────────────────────────────────────
 Ep  1 | Step  48
────────────────────────────────────────────
  Task            : OBJECT_DELIVERY_SEQUENCE
  Action          : [+0.000, +0.000, -0.150, -1.000]
  EE posição      : [+0.153, +0.000, +0.124]
  EE velocidade   : [+0.000, -0.000, -0.047]
  Garra           : 0.000 m  (FECHADA)  contatos=0
  Cubo posição    : [+0.228, +0.045, +0.020]
  Target (target): [+0.150, +0.000, +0.020]
  Dist EE→Cubo    : 0.1363 m
  Dist Cubo→target: 0.0901 m
  Reward          : -0.0901
  Sucesso         : False
  Obstáculo caminho: nao  (count: 0)
  Objeto [object_1]: tipo=box  massa=1.0 kg  tamanho=[0.04, 0.04, 0.04]
  Target goal     : {'type': 'goal_sequence', 'targets': [{'name': 'target', 'position': [0.15000000596046448, 0.0, 0.019999999552965164]}], 'mode': 'goal_sequence'}
  Mesa            : 1.1x0.7x0.4 m  offset_x=-0.3
  Robô config     : control=ee  block_gripper=False  base=[-0.6, 0.0, 0.05]
  Scripts         : ['script_1', 'reach_only', 'left_right']
  Juntas ângulos  : [+0.00, +0.88, -0.00, -1.26, +0.00, +2.13, +0.79]
  Juntas veloc.   : [-0.00, +0.07, -0.00, -0.00, +0.00, +0.08, -0.00]
  Cubo rotação    : [+0.000, +1.571, -4.078]  (roll/pitch/yaw)
  Cubo vel.linear : [+0.000, -0.000, +0.000]
────────────────────────────────────────────
 Ep  1 | Step  49
────────────────────────────────────────────
  Task            : OBJECT_DELIVERY_SEQUENCE
  Action          : [+0.000, +0.000, -0.150, -1.000]
  EE posição      : [+0.153, +0.000, +0.118]
  EE velocidade   : [+0.000, -0.000, -0.047]
  Garra           : 0.000 m  (FECHADA)  contatos=0
  Cubo posição    : [+0.228, +0.045, +0.020]
  Target (target): [+0.150, +0.000, +0.020]
  Dist EE→Cubo    : 0.1314 m
  Dist Cubo→target: 0.0901 m
  Reward          : -0.0901
  Sucesso         : False
  Obstáculo caminho: nao  (count: 0)
  Objeto [object_1]: tipo=box  massa=1.0 kg  tamanho=[0.04, 0.04, 0.04]
  Target goal     : {'type': 'goal_sequence', 'targets': [{'name': 'target', 'position': [0.15000000596046448, 0.0, 0.019999999552965164]}], 'mode': 'goal_sequence'}
  Mesa            : 1.1x0.7x0.4 m  offset_x=-0.3
  Robô config     : control=ee  block_gripper=False  base=[-0.6, 0.0, 0.05]
  Scripts         : ['script_1', 'reach_only', 'left_right']
  Juntas ângulos  : [+0.00, +0.89, -0.00, -1.26, +0.00, +2.14, +0.79]
  Juntas veloc.   : [-0.00, +0.07, -0.00, -0.00, +0.00, +0.08, -0.00]
  Cubo rotação    : [+0.000, +1.571, -4.078]  (roll/pitch/yaw)
  Cubo vel.linear : [+0.000, -0.000, +0.000]
────────────────────────────────────────────
 Ep  1 | Step  50
────────────────────────────────────────────
  Task            : OBJECT_DELIVERY_SEQUENCE
  Action          : [+0.000, +0.000, -0.150, -1.000]
  EE posição      : [+0.153, +0.000, +0.111]
  EE velocidade   : [-0.000, -0.000, -0.048]
  Garra           : 0.000 m  (FECHADA)  contatos=0
  Cubo posição    : [+0.228, +0.045, +0.020]
  Target (target): [+0.150, +0.000, +0.020]
  Dist EE→Cubo    : 0.1267 m
  Dist Cubo→target: 0.0901 m
  Reward          : -0.0901
  Sucesso         : False
  Obstáculo caminho: nao  (count: 0)
  Objeto [object_1]: tipo=box  massa=1.0 kg  tamanho=[0.04, 0.04, 0.04]
  Target goal     : {'type': 'goal_sequence', 'targets': [{'name': 'target', 'position': [0.15000000596046448, 0.0, 0.019999999552965164]}], 'mode': 'goal_sequence'}
  Mesa            : 1.1x0.7x0.4 m  offset_x=-0.3
  Robô config     : control=ee  block_gripper=False  base=[-0.6, 0.0, 0.05]
  Scripts         : ['script_1', 'reach_only', 'left_right']
  Juntas ângulos  : [+0.00, +0.90, -0.00, -1.26, +0.00, +2.15, +0.79]
  Juntas veloc.   : [-0.00, +0.07, -0.00, -0.00, +0.00, +0.08, -0.00]
  Cubo rotação    : [+0.000, +1.571, -4.078]  (roll/pitch/yaw)
  Cubo vel.linear : [+0.000, -0.000, +0.000]
────────────────────────────────────────────
 Ep  1 | Step  51
────────────────────────────────────────────
  Task            : OBJECT_DELIVERY_SEQUENCE
  Action          : [+0.000, +0.000, -0.150, -1.000]
  EE posição      : [+0.152, +0.000, +0.105]
  EE velocidade   : [-0.001, -0.000, -0.048]
  Garra           : 0.000 m  (FECHADA)  contatos=0
  Cubo posição    : [+0.228, +0.045, +0.020]
  Target (target): [+0.150, +0.000, +0.020]
  Dist EE→Cubo    : 0.1221 m
  Dist Cubo→target: 0.0901 m
  Reward          : -0.0901
  Sucesso         : False
  Obstáculo caminho: nao  (count: 0)
  Objeto [object_1]: tipo=box  massa=1.0 kg  tamanho=[0.04, 0.04, 0.04]
  Target goal     : {'type': 'goal_sequence', 'targets': [{'name': 'target', 'position': [0.15000000596046448, 0.0, 0.019999999552965164]}], 'mode': 'goal_sequence'}
  Mesa            : 1.1x0.7x0.4 m  offset_x=-0.3
  Robô config     : control=ee  block_gripper=False  base=[-0.6, 0.0, 0.05]
  Scripts         : ['script_1', 'reach_only', 'left_right']
  Juntas ângulos  : [+0.00, +0.91, -0.00, -1.26, +0.00, +2.16, +0.79]
  Juntas veloc.   : [-0.00, +0.07, -0.00, -0.00, +0.00, +0.08, -0.00]
  Cubo rotação    : [+0.000, +1.571, -4.078]  (roll/pitch/yaw)
  Cubo vel.linear : [+0.000, -0.000, +0.000]
────────────────────────────────────────────
 Ep  1 | Step  52
────────────────────────────────────────────
  Task            : OBJECT_DELIVERY_SEQUENCE
  Action          : [+0.000, +0.000, -0.150, -1.000]
  EE posição      : [+0.152, +0.000, +0.098]
  EE velocidade   : [-0.001, -0.000, -0.048]
  Garra           : 0.000 m  (FECHADA)  contatos=0
  Cubo posição    : [+0.228, +0.045, +0.020]
  Target (target): [+0.150, +0.000, +0.020]
  Dist EE→Cubo    : 0.1178 m
  Dist Cubo→target: 0.0901 m
  Reward          : -0.0901
  Sucesso         : False
  Obstáculo caminho: nao  (count: 0)
  Objeto [object_1]: tipo=box  massa=1.0 kg  tamanho=[0.04, 0.04, 0.04]
  Target goal     : {'type': 'goal_sequence', 'targets': [{'name': 'target', 'position': [0.15000000596046448, 0.0, 0.019999999552965164]}], 'mode': 'goal_sequence'}
  Mesa            : 1.1x0.7x0.4 m  offset_x=-0.3
  Robô config     : control=ee  block_gripper=False  base=[-0.6, 0.0, 0.05]
  Scripts         : ['script_1', 'reach_only', 'left_right']
  Juntas ângulos  : [+0.00, +0.92, -0.00, -1.26, +0.00, +2.17, +0.79]
  Juntas veloc.   : [-0.00, +0.07, -0.00, +0.00, +0.00, +0.07, -0.00]
  Cubo rotação    : [+0.000, +1.571, -4.078]  (roll/pitch/yaw)
  Cubo vel.linear : [+0.000, -0.000, +0.000]
────────────────────────────────────────────
 Ep  1 | Step  53
────────────────────────────────────────────
  Task            : OBJECT_DELIVERY_SEQUENCE
  Action          : [+0.000, +0.000, -0.150, -1.000]
  EE posição      : [+0.152, +0.000, +0.092]
  EE velocidade   : [-0.001, -0.000, -0.048]
  Garra           : 0.000 m  (FECHADA)  contatos=0
  Cubo posição    : [+0.228, +0.045, +0.020]
  Target (target): [+0.150, +0.000, +0.020]
  Dist EE→Cubo    : 0.1137 m
  Dist Cubo→target: 0.0901 m
  Reward          : -0.0901
  Sucesso         : False
  Obstáculo caminho: nao  (count: 0)
  Objeto [object_1]: tipo=box  massa=1.0 kg  tamanho=[0.04, 0.04, 0.04]
  Target goal     : {'type': 'goal_sequence', 'targets': [{'name': 'target', 'position': [0.15000000596046448, 0.0, 0.019999999552965164]}], 'mode': 'goal_sequence'}
  Mesa            : 1.1x0.7x0.4 m  offset_x=-0.3
  Robô config     : control=ee  block_gripper=False  base=[-0.6, 0.0, 0.05]
  Scripts         : ['script_1', 'reach_only', 'left_right']
  Juntas ângulos  : [+0.00, +0.93, -0.00, -1.25, +0.00, +2.18, +0.79]
  Juntas veloc.   : [-0.00, +0.07, -0.00, +0.00, +0.00, +0.07, -0.00]
  Cubo rotação    : [+0.000, +1.571, -4.078]  (roll/pitch/yaw)
  Cubo vel.linear : [+0.000, -0.000, +0.000]
────────────────────────────────────────────
 Ep  1 | Step  54
────────────────────────────────────────────
  Task            : OBJECT_DELIVERY_SEQUENCE
  Action          : [+0.000, +0.000, -0.150, -1.000]
  EE posição      : [+0.152, +0.000, +0.085]
  EE velocidade   : [-0.001, -0.000, -0.048]
  Garra           : 0.000 m  (FECHADA)  contatos=0
  Cubo posição    : [+0.228, +0.045, +0.020]
  Target (target): [+0.150, +0.000, +0.020]
  Dist EE→Cubo    : 0.1099 m
  Dist Cubo→target: 0.0901 m
  Reward          : -0.0901
  Sucesso         : False
  Obstáculo caminho: nao  (count: 0)
  Objeto [object_1]: tipo=box  massa=1.0 kg  tamanho=[0.04, 0.04, 0.04]
  Target goal     : {'type': 'goal_sequence', 'targets': [{'name': 'target', 'position': [0.15000000596046448, 0.0, 0.019999999552965164]}], 'mode': 'goal_sequence'}
  Mesa            : 1.1x0.7x0.4 m  offset_x=-0.3
  Robô config     : control=ee  block_gripper=False  base=[-0.6, 0.0, 0.05]
  Scripts         : ['script_1', 'reach_only', 'left_right']
  Juntas ângulos  : [+0.00, +0.94, -0.00, -1.25, +0.00, +2.19, +0.79]
  Juntas veloc.   : [-0.00, +0.07, -0.00, +0.00, +0.00, +0.07, -0.00]
  Cubo rotação    : [+0.000, +1.571, -4.078]  (roll/pitch/yaw)
  Cubo vel.linear : [+0.000, -0.000, +0.000]
────────────────────────────────────────────
 Ep  1 | Step  55
────────────────────────────────────────────
  Task            : OBJECT_DELIVERY_SEQUENCE
  Action          : [+0.000, +0.000, -0.150, -1.000]
  EE posição      : [+0.152, +0.000, +0.079]
  EE velocidade   : [-0.002, -0.000, -0.048]
  Garra           : 0.000 m  (FECHADA)  contatos=0
  Cubo posição    : [+0.228, +0.045, +0.020]
  Target (target): [+0.150, +0.000, +0.020]
  Dist EE→Cubo    : 0.1063 m
  Dist Cubo→target: 0.0901 m
  Reward          : -0.0901
  Sucesso         : False
  Obstáculo caminho: nao  (count: 0)
  Objeto [object_1]: tipo=box  massa=1.0 kg  tamanho=[0.04, 0.04, 0.04]
  Target goal     : {'type': 'goal_sequence', 'targets': [{'name': 'target', 'position': [0.15000000596046448, 0.0, 0.019999999552965164]}], 'mode': 'goal_sequence'}
  Mesa            : 1.1x0.7x0.4 m  offset_x=-0.3
  Robô config     : control=ee  block_gripper=False  base=[-0.6, 0.0, 0.05]
  Scripts         : ['script_1', 'reach_only', 'left_right']
  Juntas ângulos  : [+0.00, +0.95, -0.00, -1.25, +0.00, +2.20, +0.79]
  Juntas veloc.   : [-0.00, +0.08, -0.00, +0.01, +0.00, +0.07, -0.00]
  Cubo rotação    : [+0.000, +1.571, -4.078]  (roll/pitch/yaw)
  Cubo vel.linear : [+0.000, -0.000, +0.000]
────────────────────────────────────────────
 Ep  1 | Step  56
────────────────────────────────────────────
  Task            : OBJECT_DELIVERY_SEQUENCE
  Action          : [+0.000, +0.000, -0.150, -1.000]
  EE posição      : [+0.151, +0.000, +0.072]
  EE velocidade   : [-0.002, -0.000, -0.047]
  Garra           : 0.000 m  (FECHADA)  contatos=0
  Cubo posição    : [+0.228, +0.045, +0.020]
  Target (target): [+0.150, +0.000, +0.020]
  Dist EE→Cubo    : 0.1031 m
  Dist Cubo→target: 0.0901 m
  Reward          : -0.0901
  Sucesso         : False
  Obstáculo caminho: nao  (count: 0)
  Objeto [object_1]: tipo=box  massa=1.0 kg  tamanho=[0.04, 0.04, 0.04]
  Target goal     : {'type': 'goal_sequence', 'targets': [{'name': 'target', 'position': [0.15000000596046448, 0.0, 0.019999999552965164]}], 'mode': 'goal_sequence'}
  Mesa            : 1.1x0.7x0.4 m  offset_x=-0.3
  Robô config     : control=ee  block_gripper=False  base=[-0.6, 0.0, 0.05]
  Scripts         : ['script_1', 'reach_only', 'left_right']
  Juntas ângulos  : [+0.00, +0.96, -0.00, -1.25, +0.00, +2.21, +0.79]
  Juntas veloc.   : [-0.00, +0.08, -0.00, +0.01, +0.00, +0.07, -0.00]
  Cubo rotação    : [+0.000, +1.571, -4.078]  (roll/pitch/yaw)
  Cubo vel.linear : [+0.000, -0.000, +0.000]
────────────────────────────────────────────
 Ep  1 | Step  57
────────────────────────────────────────────
  Task            : OBJECT_DELIVERY_SEQUENCE
  Action          : [+0.000, +0.000, -0.150, -1.000]
  EE posição      : [+0.151, +0.000, +0.066]
  EE velocidade   : [-0.002, -0.000, -0.048]
  Garra           : 0.000 m  (FECHADA)  contatos=0
  Cubo posição    : [+0.228, +0.045, +0.020]
  Target (target): [+0.150, +0.000, +0.020]
  Dist EE→Cubo    : 0.1003 m
  Dist Cubo→target: 0.0901 m
  Reward          : -0.0901
  Sucesso         : False
  Obstáculo caminho: nao  (count: 0)
  Objeto [object_1]: tipo=box  massa=1.0 kg  tamanho=[0.04, 0.04, 0.04]
  Target goal     : {'type': 'goal_sequence', 'targets': [{'name': 'target', 'position': [0.15000000596046448, 0.0, 0.019999999552965164]}], 'mode': 'goal_sequence'}
  Mesa            : 1.1x0.7x0.4 m  offset_x=-0.3
  Robô config     : control=ee  block_gripper=False  base=[-0.6, 0.0, 0.05]
  Scripts         : ['script_1', 'reach_only', 'left_right']
  Juntas ângulos  : [+0.00, +0.97, -0.00, -1.25, +0.00, +2.22, +0.79]
  Juntas veloc.   : [-0.00, +0.08, -0.00, +0.01, +0.00, +0.07, -0.00]
  Cubo rotação    : [+0.000, +1.571, -4.078]  (roll/pitch/yaw)
  Cubo vel.linear : [+0.000, -0.000, +0.000]
────────────────────────────────────────────
 Ep  1 | Step  58
────────────────────────────────────────────
  Task            : OBJECT_DELIVERY_SEQUENCE
  Action          : [+0.000, +0.000, -0.150, -1.000]
  EE posição      : [+0.151, +0.000, +0.059]
  EE velocidade   : [-0.002, -0.000, -0.047]
  Garra           : 0.000 m  (FECHADA)  contatos=0
  Cubo posição    : [+0.228, +0.045, +0.020]
  Target (target): [+0.150, +0.000, +0.020]
  Dist EE→Cubo    : 0.0978 m
  Dist Cubo→target: 0.0901 m
  Reward          : -0.0901
  Sucesso         : False
  Obstáculo caminho: nao  (count: 0)
  Objeto [object_1]: tipo=box  massa=1.0 kg  tamanho=[0.04, 0.04, 0.04]
  Target goal     : {'type': 'goal_sequence', 'targets': [{'name': 'target', 'position': [0.15000000596046448, 0.0, 0.019999999552965164]}], 'mode': 'goal_sequence'}
  Mesa            : 1.1x0.7x0.4 m  offset_x=-0.3
  Robô config     : control=ee  block_gripper=False  base=[-0.6, 0.0, 0.05]
  Scripts         : ['script_1', 'reach_only', 'left_right']
  Juntas ângulos  : [+0.00, +0.98, -0.00, -1.25, +0.00, +2.23, +0.79]
  Juntas veloc.   : [-0.00, +0.08, -0.00, +0.01, +0.00, +0.07, -0.00]
  Cubo rotação    : [+0.000, +1.571, -4.078]  (roll/pitch/yaw)
  Cubo vel.linear : [+0.000, -0.000, +0.000]
────────────────────────────────────────────
 Ep  1 | Step  59
────────────────────────────────────────────
  Task            : OBJECT_DELIVERY_SEQUENCE
  Action          : [+0.000, +0.000, -0.150, -1.000]
  EE posição      : [+0.150, +0.000, +0.053]
  EE velocidade   : [-0.003, -0.000, -0.048]
  Garra           : 0.000 m  (FECHADA)  contatos=0
  Cubo posição    : [+0.228, +0.045, +0.020]
  Target (target): [+0.150, +0.000, +0.020]
  Dist EE→Cubo    : 0.0957 m
  Dist Cubo→target: 0.0901 m
  Reward          : -0.0901
  Sucesso         : False
  Obstáculo caminho: nao  (count: 0)
  Objeto [object_1]: tipo=box  massa=1.0 kg  tamanho=[0.04, 0.04, 0.04]
  Target goal     : {'type': 'goal_sequence', 'targets': [{'name': 'target', 'position': [0.15000000596046448, 0.0, 0.019999999552965164]}], 'mode': 'goal_sequence'}
  Mesa            : 1.1x0.7x0.4 m  offset_x=-0.3
  Robô config     : control=ee  block_gripper=False  base=[-0.6, 0.0, 0.05]
  Scripts         : ['script_1', 'reach_only', 'left_right']
  Juntas ângulos  : [+0.00, +0.99, -0.00, -1.25, +0.00, +2.24, +0.79]
  Juntas veloc.   : [-0.00, +0.08, -0.00, +0.01, +0.00, +0.07, -0.00]
  Cubo rotação    : [+0.000, +1.571, -4.078]  (roll/pitch/yaw)
  Cubo vel.linear : [+0.000, -0.000, +0.000]
────────────────────────────────────────────
 Ep  1 | Step  60
────────────────────────────────────────────
  Task            : OBJECT_DELIVERY_SEQUENCE
  Action          : [+0.000, +0.000, -0.150, -1.000]
  EE posição      : [+0.150, +0.000, +0.046]
  EE velocidade   : [-0.003, -0.000, -0.047]
  Garra           : 0.000 m  (FECHADA)  contatos=0
  Cubo posição    : [+0.228, +0.045, +0.020]
  Target (target): [+0.150, +0.000, +0.020]
  Dist EE→Cubo    : 0.0941 m
  Dist Cubo→target: 0.0901 m
  Reward          : -0.0901
  Sucesso         : False
  Obstáculo caminho: nao  (count: 0)
  Objeto [object_1]: tipo=box  massa=1.0 kg  tamanho=[0.04, 0.04, 0.04]
  Target goal     : {'type': 'goal_sequence', 'targets': [{'name': 'target', 'position': [0.15000000596046448, 0.0, 0.019999999552965164]}], 'mode': 'goal_sequence'}
  Mesa            : 1.1x0.7x0.4 m  offset_x=-0.3
  Robô config     : control=ee  block_gripper=False  base=[-0.6, 0.0, 0.05]
  Scripts         : ['script_1', 'reach_only', 'left_right']
  Juntas ângulos  : [+0.00, +1.00, -0.00, -1.25, +0.00, +2.25, +0.79]
  Juntas veloc.   : [-0.00, +0.08, -0.00, +0.01, +0.00, +0.07, -0.00]
  Cubo rotação    : [+0.000, +1.571, -4.078]  (roll/pitch/yaw)
  Cubo vel.linear : [+0.000, -0.000, +0.000]
────────────────────────────────────────────
 Ep  1 | Step  61
────────────────────────────────────────────
  Task            : OBJECT_DELIVERY_SEQUENCE
  Action          : [+0.000, +0.000, -0.131, -1.000]
  EE posição      : [+0.149, +0.000, +0.041]
  EE velocidade   : [-0.005, -0.000, -0.046]
  Garra           : 0.000 m  (FECHADA)  contatos=0
  Cubo posição    : [+0.228, +0.045, +0.020]
  Target (target): [+0.150, +0.000, +0.020]
  Dist EE→Cubo    : 0.0931 m
  Dist Cubo→target: 0.0901 m
  Reward          : -0.0901
  Sucesso         : False
  Obstáculo caminho: nao  (count: 0)
  Objeto [object_1]: tipo=box  massa=1.0 kg  tamanho=[0.04, 0.04, 0.04]
  Target goal     : {'type': 'goal_sequence', 'targets': [{'name': 'target', 'position': [0.15000000596046448, 0.0, 0.019999999552965164]}], 'mode': 'goal_sequence'}
  Mesa            : 1.1x0.7x0.4 m  offset_x=-0.3
  Robô config     : control=ee  block_gripper=False  base=[-0.6, 0.0, 0.05]
  Scripts         : ['script_1', 'reach_only', 'left_right']
  Juntas ângulos  : [+0.00, +1.01, -0.00, -1.25, +0.00, +2.26, +0.79]
  Juntas veloc.   : [-0.00, +0.08, -0.00, +0.01, +0.00, +0.06, -0.00]
  Cubo rotação    : [+0.000, +1.571, -4.078]  (roll/pitch/yaw)
  Cubo vel.linear : [+0.000, -0.000, +0.000]
────────────────────────────────────────────
 Ep  1 | Step  62
────────────────────────────────────────────
  Task            : OBJECT_DELIVERY_SEQUENCE
  Action          : [+0.000, +0.000, -0.103, -1.000]
  EE posição      : [+0.149, +0.000, +0.036]
  EE velocidade   : [-0.004, -0.000, -0.037]
  Garra           : 0.000 m  (FECHADA)  contatos=0
  Cubo posição    : [+0.228, +0.045, +0.020]
  Target (target): [+0.150, +0.000, +0.020]
  Dist EE→Cubo    : 0.0925 m
  Dist Cubo→target: 0.0901 m
  Reward          : -0.0901
  Sucesso         : False
  Obstáculo caminho: nao  (count: 0)
  Objeto [object_1]: tipo=box  massa=1.0 kg  tamanho=[0.04, 0.04, 0.04]
  Target goal     : {'type': 'goal_sequence', 'targets': [{'name': 'target', 'position': [0.15000000596046448, 0.0, 0.019999999552965164]}], 'mode': 'goal_sequence'}
  Mesa            : 1.1x0.7x0.4 m  offset_x=-0.3
  Robô config     : control=ee  block_gripper=False  base=[-0.6, 0.0, 0.05]
  Scripts         : ['script_1', 'reach_only', 'left_right']
  Juntas ângulos  : [+0.00, +1.02, -0.00, -1.24, +0.00, +2.26, +0.79]
  Juntas veloc.   : [-0.00, +0.06, +0.00, +0.01, +0.00, +0.05, -0.00]
  Cubo rotação    : [+0.000, +1.571, -4.078]  (roll/pitch/yaw)
  Cubo vel.linear : [+0.000, -0.000, +0.000]
────────────────────────────────────────────
 Ep  1 | Step  63
────────────────────────────────────────────
  Task            : OBJECT_DELIVERY_SEQUENCE
  Action          : [+0.000, +0.000, -0.081, -1.000]
  EE posição      : [+0.149, +0.000, +0.033]
  EE velocidade   : [-0.003, -0.000, -0.028]
  Garra           : 0.000 m  (FECHADA)  contatos=0
  Cubo posição    : [+0.228, +0.045, +0.020]
  Target (target): [+0.150, +0.000, +0.020]
  Dist EE→Cubo    : 0.0922 m
  Dist Cubo→target: 0.0901 m
  Reward          : -0.0901
  Sucesso         : False
  Obstáculo caminho: nao  (count: 0)
  Objeto [object_1]: tipo=box  massa=1.0 kg  tamanho=[0.04, 0.04, 0.04]
  Target goal     : {'type': 'goal_sequence', 'targets': [{'name': 'target', 'position': [0.15000000596046448, 0.0, 0.019999999552965164]}], 'mode': 'goal_sequence'}
  Mesa            : 1.1x0.7x0.4 m  offset_x=-0.3
  Robô config     : control=ee  block_gripper=False  base=[-0.6, 0.0, 0.05]
  Scripts         : ['script_1', 'reach_only', 'left_right']
  Juntas ângulos  : [+0.00, +1.02, -0.00, -1.24, +0.00, +2.27, +0.79]
  Juntas veloc.   : [-0.00, +0.05, +0.00, +0.01, +0.00, +0.04, -0.00]
  Cubo rotação    : [+0.000, +1.571, -4.078]  (roll/pitch/yaw)
  Cubo vel.linear : [+0.000, -0.000, +0.000]
────────────────────────────────────────────
 Ep  1 | Step  64
────────────────────────────────────────────
  Task            : OBJECT_DELIVERY_SEQUENCE
  Action          : [+0.000, +0.000, -0.064, -1.000]
  EE posição      : [+0.148, +0.000, +0.030]
  EE velocidade   : [-0.002, -0.000, -0.022]
  Garra           : 0.000 m  (FECHADA)  contatos=0
  Cubo posição    : [+0.228, +0.045, +0.020]
  Target (target): [+0.150, +0.000, +0.020]
  Dist EE→Cubo    : 0.0921 m
  Dist Cubo→target: 0.0901 m
  Reward          : -0.0901
  Sucesso         : False
  Obstáculo caminho: nao  (count: 0)
  Objeto [object_1]: tipo=box  massa=1.0 kg  tamanho=[0.04, 0.04, 0.04]
  Target goal     : {'type': 'goal_sequence', 'targets': [{'name': 'target', 'position': [0.15000000596046448, 0.0, 0.019999999552965164]}], 'mode': 'goal_sequence'}
  Mesa            : 1.1x0.7x0.4 m  offset_x=-0.3
  Robô config     : control=ee  block_gripper=False  base=[-0.6, 0.0, 0.05]
  Scripts         : ['script_1', 'reach_only', 'left_right']
  Juntas ângulos  : [+0.00, +1.03, -0.00, -1.24, +0.00, +2.27, +0.79]
  Juntas veloc.   : [-0.00, +0.04, -0.00, +0.01, +0.00, +0.03, -0.00]
  Cubo rotação    : [+0.000, +1.571, -4.078]  (roll/pitch/yaw)
  Cubo vel.linear : [+0.000, -0.000, +0.000]
────────────────────────────────────────────
 Ep  1 | Step  65
────────────────────────────────────────────
  Task            : OBJECT_DELIVERY_SEQUENCE
  Action          : [+0.000, +0.000, -0.050, -1.000]
  EE posição      : [+0.148, +0.000, +0.028]
  EE velocidade   : [-0.002, -0.000, -0.017]
  Garra           : 0.000 m  (FECHADA)  contatos=0
  Cubo posição    : [+0.228, +0.045, +0.020]
  Target (target): [+0.150, +0.000, +0.020]
  Dist EE→Cubo    : 0.0921 m
  Dist Cubo→target: 0.0901 m
  Reward          : -0.0901
  Sucesso         : False
  Obstáculo caminho: nao  (count: 0)
  Objeto [object_1]: tipo=box  massa=1.0 kg  tamanho=[0.04, 0.04, 0.04]
  Target goal     : {'type': 'goal_sequence', 'targets': [{'name': 'target', 'position': [0.15000000596046448, 0.0, 0.019999999552965164]}], 'mode': 'goal_sequence'}
  Mesa            : 1.1x0.7x0.4 m  offset_x=-0.3
  Robô config     : control=ee  block_gripper=False  base=[-0.6, 0.0, 0.05]
  Scripts         : ['script_1', 'reach_only', 'left_right']
  Juntas ângulos  : [+0.00, +1.03, -0.00, -1.24, +0.00, +2.27, +0.79]
  Juntas veloc.   : [-0.00, +0.03, -0.00, +0.01, +0.00, +0.02, -0.00]
  Cubo rotação    : [+0.000, +1.571, -4.078]  (roll/pitch/yaw)
  Cubo vel.linear : [+0.000, -0.000, +0.000]
────────────────────────────────────────────
 Ep  1 | Step  66
────────────────────────────────────────────
  Task            : OBJECT_DELIVERY_SEQUENCE
  Action          : [+0.000, +0.000, -0.040, -1.000]
  EE posição      : [+0.148, +0.000, +0.026]
  EE velocidade   : [-0.001, -0.000, -0.013]
  Garra           : 0.000 m  (FECHADA)  contatos=0
  Cubo posição    : [+0.228, +0.045, +0.020]
  Target (target): [+0.150, +0.000, +0.020]
  Dist EE→Cubo    : 0.0921 m
  Dist Cubo→target: 0.0901 m
  Reward          : -0.0901
  Sucesso         : False
  Obstáculo caminho: nao  (count: 0)
  Objeto [object_1]: tipo=box  massa=1.0 kg  tamanho=[0.04, 0.04, 0.04]
  Target goal     : {'type': 'goal_sequence', 'targets': [{'name': 'target', 'position': [0.15000000596046448, 0.0, 0.019999999552965164]}], 'mode': 'goal_sequence'}
  Mesa            : 1.1x0.7x0.4 m  offset_x=-0.3
  Robô config     : control=ee  block_gripper=False  base=[-0.6, 0.0, 0.05]
  Scripts         : ['script_1', 'reach_only', 'left_right']
  Juntas ângulos  : [+0.00, +1.03, -0.00, -1.24, +0.00, +2.27, +0.79]
  Juntas veloc.   : [-0.00, +0.02, -0.00, +0.00, +0.00, +0.02, -0.00]
  Cubo rotação    : [+0.000, +1.571, -4.078]  (roll/pitch/yaw)
  Cubo vel.linear : [+0.000, -0.000, +0.000]
────────────────────────────────────────────
 Ep  1 | Step  67
────────────────────────────────────────────
  Task            : OBJECT_DELIVERY_SEQUENCE
  Action          : [+0.000, +0.000, -0.031, -1.000]
  EE posição      : [+0.148, +0.000, +0.025]
  EE velocidade   : [-0.001, -0.000, -0.010]
  Garra           : 0.000 m  (FECHADA)  contatos=0
  Cubo posição    : [+0.228, +0.045, +0.020]
  Target (target): [+0.150, +0.000, +0.020]
  Dist EE→Cubo    : 0.0921 m
  Dist Cubo→target: 0.0901 m
  Reward          : -0.0901
  Sucesso         : False
  Obstáculo caminho: nao  (count: 0)
  Objeto [object_1]: tipo=box  massa=1.0 kg  tamanho=[0.04, 0.04, 0.04]
  Target goal     : {'type': 'goal_sequence', 'targets': [{'name': 'target', 'position': [0.15000000596046448, 0.0, 0.019999999552965164]}], 'mode': 'goal_sequence'}
  Mesa            : 1.1x0.7x0.4 m  offset_x=-0.3
  Robô config     : control=ee  block_gripper=False  base=[-0.6, 0.0, 0.05]
  Scripts         : ['script_1', 'reach_only', 'left_right']
  Juntas ângulos  : [+0.00, +1.04, -0.00, -1.24, +0.00, +2.28, +0.79]
  Juntas veloc.   : [-0.00, +0.02, -0.00, +0.00, +0.00, +0.01, -0.00]
  Cubo rotação    : [+0.000, +1.571, -4.078]  (roll/pitch/yaw)
  Cubo vel.linear : [+0.000, -0.000, +0.000]
────────────────────────────────────────────
 Ep  1 | Step  68
────────────────────────────────────────────
  Task            : OBJECT_DELIVERY_SEQUENCE
  Action          : [+0.000, +0.000, +0.000, +1.000]
  EE posição      : [+0.148, +0.000, +0.025]
  EE velocidade   : [-0.000, -0.000, -0.000]
  Garra           : 0.070 m  (ABERTA)  contatos=0
  Cubo posição    : [+0.228, +0.045, +0.020]
  Target (target): [+0.150, +0.000, +0.020]
  Dist EE→Cubo    : 0.0921 m
  Dist Cubo→target: 0.0901 m
  Reward          : -0.0901
  Sucesso         : False
  Obstáculo caminho: nao  (count: 0)
  Objeto [object_1]: tipo=box  massa=1.0 kg  tamanho=[0.04, 0.04, 0.04]
  Target goal     : {'type': 'goal_sequence', 'targets': [{'name': 'target', 'position': [0.15000000596046448, 0.0, 0.019999999552965164]}], 'mode': 'goal_sequence'}
  Mesa            : 1.1x0.7x0.4 m  offset_x=-0.3
  Robô config     : control=ee  block_gripper=False  base=[-0.6, 0.0, 0.05]
  Scripts         : ['script_1', 'reach_only', 'left_right']
  Juntas ângulos  : [+0.00, +1.04, -0.00, -1.24, +0.00, +2.28, +0.79]
  Juntas veloc.   : [+0.00, -0.00, -0.00, -0.00, +0.00, -0.00, -0.00]
  Cubo rotação    : [+0.000, +1.571, -4.078]  (roll/pitch/yaw)
  Cubo vel.linear : [-0.000, -0.000, +0.000]
────────────────────────────────────────────
 Ep  1 | Step  69
────────────────────────────────────────────
  Task            : OBJECT_DELIVERY_SEQUENCE
  Action          : [+0.000, +0.000, +0.000, +1.000]
  EE posição      : [+0.148, +0.000, +0.025]
  EE velocidade   : [-0.000, -0.000, -0.000]
  Garra           : 0.079 m  (ABERTA)  contatos=0
  Cubo posição    : [+0.228, +0.045, +0.020]
  Target (target): [+0.150, +0.000, +0.020]
  Dist EE→Cubo    : 0.0921 m
  Dist Cubo→target: 0.0901 m
  Reward          : -0.0901
  Sucesso         : False
  Obstáculo caminho: nao  (count: 0)
  Objeto [object_1]: tipo=box  massa=1.0 kg  tamanho=[0.04, 0.04, 0.04]
  Target goal     : {'type': 'goal_sequence', 'targets': [{'name': 'target', 'position': [0.15000000596046448, 0.0, 0.019999999552965164]}], 'mode': 'goal_sequence'}
  Mesa            : 1.1x0.7x0.4 m  offset_x=-0.3
  Robô config     : control=ee  block_gripper=False  base=[-0.6, 0.0, 0.05]
  Scripts         : ['script_1', 'reach_only', 'left_right']
  Juntas ângulos  : [+0.00, +1.04, -0.00, -1.24, +0.00, +2.28, +0.79]
  Juntas veloc.   : [+0.00, -0.00, -0.00, -0.00, +0.00, +0.00, -0.00]
  Cubo rotação    : [+0.000, +1.571, -4.078]  (roll/pitch/yaw)
  Cubo vel.linear : [+0.000, +0.000, -0.000]
────────────────────────────────────────────
 Ep  1 | Step  70
────────────────────────────────────────────
  Task            : OBJECT_DELIVERY_SEQUENCE
  Action          : [+0.000, +0.000, +0.000, +1.000]
  EE posição      : [+0.148, +0.000, +0.025]
  EE velocidade   : [-0.000, -0.000, -0.000]
  Garra           : 0.080 m  (ABERTA)  contatos=0
  Cubo posição    : [+0.228, +0.045, +0.020]
  Target (target): [+0.150, +0.000, +0.020]
  Dist EE→Cubo    : 0.0921 m
  Dist Cubo→target: 0.0901 m
  Reward          : -0.0901
  Sucesso         : False
  Obstáculo caminho: nao  (count: 0)
  Objeto [object_1]: tipo=box  massa=1.0 kg  tamanho=[0.04, 0.04, 0.04]
  Target goal     : {'type': 'goal_sequence', 'targets': [{'name': 'target', 'position': [0.15000000596046448, 0.0, 0.019999999552965164]}], 'mode': 'goal_sequence'}
  Mesa            : 1.1x0.7x0.4 m  offset_x=-0.3
  Robô config     : control=ee  block_gripper=False  base=[-0.6, 0.0, 0.05]
  Scripts         : ['script_1', 'reach_only', 'left_right']
  Juntas ângulos  : [+0.00, +1.04, -0.00, -1.24, +0.00, +2.28, +0.79]
  Juntas veloc.   : [+0.00, -0.00, -0.00, -0.00, +0.00, +0.00, -0.00]
  Cubo rotação    : [+0.000, +1.571, -4.078]  (roll/pitch/yaw)
  Cubo vel.linear : [+0.000, +0.000, -0.000]
────────────────────────────────────────────
 Ep  1 | Step  71
────────────────────────────────────────────
  Task            : OBJECT_DELIVERY_SEQUENCE
  Action          : [+0.000, +0.000, +0.000, +1.000]
  EE posição      : [+0.148, +0.000, +0.025]
  EE velocidade   : [-0.000, -0.000, -0.000]
  Garra           : 0.080 m  (ABERTA)  contatos=0
  Cubo posição    : [+0.228, +0.045, +0.020]
  Target (target): [+0.150, +0.000, +0.020]
  Dist EE→Cubo    : 0.0921 m
  Dist Cubo→target: 0.0901 m
  Reward          : -0.0901
  Sucesso         : False
  Obstáculo caminho: nao  (count: 0)
  Objeto [object_1]: tipo=box  massa=1.0 kg  tamanho=[0.04, 0.04, 0.04]
  Target goal     : {'type': 'goal_sequence', 'targets': [{'name': 'target', 'position': [0.15000000596046448, 0.0, 0.019999999552965164]}], 'mode': 'goal_sequence'}
  Mesa            : 1.1x0.7x0.4 m  offset_x=-0.3
  Robô config     : control=ee  block_gripper=False  base=[-0.6, 0.0, 0.05]
  Scripts         : ['script_1', 'reach_only', 'left_right']
  Juntas ângulos  : [+0.00, +1.04, -0.00, -1.24, +0.00, +2.28, +0.79]
  Juntas veloc.   : [+0.00, -0.00, -0.00, -0.00, +0.00, +0.00, -0.00]
  Cubo rotação    : [+0.000, +1.571, -4.078]  (roll/pitch/yaw)
  Cubo vel.linear : [+0.000, +0.000, -0.000]
────────────────────────────────────────────
 Ep  1 | Step  72
────────────────────────────────────────────
  Task            : OBJECT_DELIVERY_SEQUENCE
  Action          : [+0.000, +0.000, +0.000, +1.000]
  EE posição      : [+0.148, +0.000, +0.025]
  EE velocidade   : [-0.000, -0.000, -0.000]
  Garra           : 0.080 m  (ABERTA)  contatos=0
  Cubo posição    : [+0.228, +0.045, +0.020]
  Target (target): [+0.150, +0.000, +0.020]
  Dist EE→Cubo    : 0.0921 m
  Dist Cubo→target: 0.0901 m
  Reward          : -0.0901
  Sucesso         : False
  Obstáculo caminho: nao  (count: 0)
  Objeto [object_1]: tipo=box  massa=1.0 kg  tamanho=[0.04, 0.04, 0.04]
  Target goal     : {'type': 'goal_sequence', 'targets': [{'name': 'target', 'position': [0.15000000596046448, 0.0, 0.019999999552965164]}], 'mode': 'goal_sequence'}
  Mesa            : 1.1x0.7x0.4 m  offset_x=-0.3
  Robô config     : control=ee  block_gripper=False  base=[-0.6, 0.0, 0.05]
  Scripts         : ['script_1', 'reach_only', 'left_right']
  Juntas ângulos  : [+0.00, +1.04, -0.00, -1.24, +0.00, +2.28, +0.79]
  Juntas veloc.   : [+0.00, -0.00, -0.00, -0.00, +0.00, +0.00, -0.00]
  Cubo rotação    : [+0.000, +1.571, -4.078]  (roll/pitch/yaw)
  Cubo vel.linear : [+0.000, +0.000, -0.000]
────────────────────────────────────────────
 Ep  1 | Step  73
────────────────────────────────────────────
  Task            : OBJECT_DELIVERY_SEQUENCE
  Action          : [+0.000, +0.000, +0.000, +0.000]
  EE posição      : [+0.148, +0.000, +0.025]
  EE velocidade   : [-0.000, -0.000, -0.000]
  Garra           : 0.080 m  (ABERTA)  contatos=0
  Cubo posição    : [+0.228, +0.045, +0.020]
  Target (target): [+0.150, +0.000, +0.020]
  Dist EE→Cubo    : 0.0921 m
  Dist Cubo→target: 0.0901 m
  Reward          : -0.0901
  Sucesso         : True
  Obstáculo caminho: nao  (count: 0)
  Objeto [object_1]: tipo=box  massa=1.0 kg  tamanho=[0.04, 0.04, 0.04]
  Target goal     : {'type': 'goal_sequence', 'targets': [{'name': 'target', 'position': [0.15000000596046448, 0.0, 0.019999999552965164]}], 'mode': 'goal_sequence'}
  Mesa            : 1.1x0.7x0.4 m  offset_x=-0.3
  Robô config     : control=ee  block_gripper=False  base=[-0.6, 0.0, 0.05]
  Scripts         : ['script_1', 'reach_only', 'left_right']
  Juntas ângulos  : [+0.00, +1.04, -0.00, -1.24, +0.00, +2.28, +0.79]
  Juntas veloc.   : [+0.00, -0.00, -0.00, -0.00, +0.00, +0.00, -0.00]
  Cubo rotação    : [+0.000, +1.571, -4.078]  (roll/pitch/yaw)
  Cubo vel.linear : [+0.000, +0.000, -0.000]
