────────────────────────────────────────────
 Ep  1 | Step   1
────────────────────────────────────────────
  Task            : OBJECT_DELIVERY_SEQUENCE
  Action          : [-0.564, +0.000, +0.826, +1.000]
  EE posição      : [+0.013, +0.000, +0.200]
  EE velocidade   : [-0.125, +0.000, +0.521]
  Garra           : 0.070 m  (ABERTA)
  Cubo posição    : [-0.250, +0.000, +0.020]
  Target (target): [+0.150, +0.000, +0.020]
  Dist EE→Cubo    : 0.3186 m
  Dist Cubo→target: 0.4000 m
  Reward          : -0.4000
  Sucesso         : False
  Obstáculo caminho: nao  (count: 0)
  Objeto [object_1]: tipo=box  massa=1.0 kg  tamanho=[0.04, 0.04, 0.04]
  Target goal     : {'type': 'goal_sequence', 'targets': [{'name': 'target', 'position': [0.15000000596046448, 0.0, 0.019999999552965164]}], 'mode': 'goal_sequence'}
  Mesa            : 1.1x0.7x0.4 m  offset_x=-0.3
  Robô config     : control=ee  block_gripper=False  base=[-0.6, 0.0, 0.05]
  Scripts         : ['script_1', 'reach_only', 'left_right']
  Juntas ângulos  : [-0.00, +0.36, +0.00, -1.90, -0.00, +2.21, +0.79]
  Juntas veloc.   : [-0.00, -1.26, +0.00, -0.52, -0.00, -0.39, -0.03]
  Cubo rotação    : [+0.000, -0.000, -0.000]  (roll/pitch/yaw)
  Cubo vel.linear : [-0.000, +0.000, -0.000]
────────────────────────────────────────────
 Ep  1 | Step   2
────────────────────────────────────────────
  Task            : OBJECT_DELIVERY_SEQUENCE
  Action          : [-0.531, -0.000, +0.848, +1.000]
  EE posição      : [-0.005, +0.000, +0.225]
  EE velocidade   : [+0.027, +0.001, +0.977]
  Garra           : 0.079 m  (ABERTA)
  Cubo posição    : [-0.250, +0.000, +0.020]
  Target (target): [+0.150, +0.000, +0.020]
  Dist EE→Cubo    : 0.3195 m
  Dist Cubo→target: 0.4000 m
  Reward          : -0.4000
  Sucesso         : False
  Obstáculo caminho: nao  (count: 0)
  Objeto [object_1]: tipo=box  massa=1.0 kg  tamanho=[0.04, 0.04, 0.04]
  Target goal     : {'type': 'goal_sequence', 'targets': [{'name': 'target', 'position': [0.15000000596046448, 0.0, 0.019999999552965164]}], 'mode': 'goal_sequence'}
  Mesa            : 1.1x0.7x0.4 m  offset_x=-0.3
  Robô config     : control=ee  block_gripper=False  base=[-0.6, 0.0, 0.05]
  Scripts         : ['script_1', 'reach_only', 'left_right']
  Juntas ângulos  : [-0.00, +0.26, +0.00, -1.98, -0.00, +2.22, +0.79]
  Juntas veloc.   : [-0.00, -2.01, +0.00, -0.52, +0.00, +0.06, -0.00]
  Cubo rotação    : [+0.000, -0.000, -0.000]  (roll/pitch/yaw)
  Cubo vel.linear : [-0.000, +0.000, -0.000]
────────────────────────────────────────────
 Ep  1 | Step   3
────────────────────────────────────────────
  Task            : OBJECT_DELIVERY_SEQUENCE
  Action          : [-0.527, -0.000, +0.850, +1.000]
  EE posição      : [-0.023, +0.000, +0.262]
  EE velocidade   : [-0.119, +0.001, +0.687]
  Garra           : 0.080 m  (ABERTA)
  Cubo posição    : [-0.250, +0.000, +0.020]
  Target (target): [+0.150, +0.000, +0.020]
  Dist EE→Cubo    : 0.3322 m
  Dist Cubo→target: 0.4000 m
  Reward          : -0.4000
  Sucesso         : False
  Obstáculo caminho: nao  (count: 0)
  Objeto [object_1]: tipo=box  massa=1.0 kg  tamanho=[0.04, 0.04, 0.04]
  Target goal     : {'type': 'goal_sequence', 'targets': [{'name': 'target', 'position': [0.15000000596046448, 0.0, 0.019999999552965164]}], 'mode': 'goal_sequence'}
  Mesa            : 1.1x0.7x0.4 m  offset_x=-0.3
  Robô config     : control=ee  block_gripper=False  base=[-0.6, 0.0, 0.05]
  Scripts         : ['script_1', 'reach_only', 'left_right']
  Juntas ângulos  : [-0.00, +0.15, +0.00, -2.04, -0.00, +2.19, +0.79]
  Juntas veloc.   : [-0.00, -1.61, +0.00, -0.50, +0.00, -0.22, -0.00]
  Cubo rotação    : [+0.000, -0.000, -0.000]  (roll/pitch/yaw)
  Cubo vel.linear : [-0.000, +0.000, -0.000]
────────────────────────────────────────────
 Ep  1 | Step   4
────────────────────────────────────────────
  Task            : OBJECT_DELIVERY_SEQUENCE
  Action          : [-0.536, -0.000, +0.844, +1.000]
  EE posição      : [-0.043, +0.000, +0.294]
  EE velocidade   : [-0.141, +0.001, +0.770]
  Garra           : 0.080 m  (ABERTA)
  Cubo posição    : [-0.250, +0.000, +0.020]
  Target (target): [+0.150, +0.000, +0.020]
  Dist EE→Cubo    : 0.3436 m
  Dist Cubo→target: 0.4000 m
  Reward          : -0.4000
  Sucesso         : False
  Obstáculo caminho: nao  (count: 0)
  Objeto [object_1]: tipo=box  massa=1.0 kg  tamanho=[0.04, 0.04, 0.04]
  Target goal     : {'type': 'goal_sequence', 'targets': [{'name': 'target', 'position': [0.15000000596046448, 0.0, 0.019999999552965164]}], 'mode': 'goal_sequence'}
  Mesa            : 1.1x0.7x0.4 m  offset_x=-0.3
  Robô config     : control=ee  block_gripper=False  base=[-0.6, 0.0, 0.05]
  Scripts         : ['script_1', 'reach_only', 'left_right']
  Juntas ângulos  : [-0.00, +0.06, +0.00, -2.07, -0.00, +2.12, +0.79]
  Juntas veloc.   : [-0.00, -1.70, +0.00, -0.29, +0.00, -0.49, -0.00]
  Cubo rotação    : [+0.000, -0.000, -0.000]  (roll/pitch/yaw)
  Cubo vel.linear : [-0.000, +0.000, -0.000]
────────────────────────────────────────────
 Ep  1 | Step   5
────────────────────────────────────────────
  Task            : OBJECT_DELIVERY_SEQUENCE
  Action          : [-0.536, -0.000, +0.844, +1.000]
  EE posição      : [-0.063, +0.000, +0.328]
  EE velocidade   : [-0.173, +0.001, +0.719]
  Garra           : 0.080 m  (ABERTA)
  Cubo posição    : [-0.250, +0.000, +0.020]
  Target (target): [+0.150, +0.000, +0.020]
  Dist EE→Cubo    : 0.3601 m
  Dist Cubo→target: 0.4000 m
  Reward          : -0.4000
  Sucesso         : False
  Obstáculo caminho: nao  (count: 0)
  Objeto [object_1]: tipo=box  massa=1.0 kg  tamanho=[0.04, 0.04, 0.04]
  Target goal     : {'type': 'goal_sequence', 'targets': [{'name': 'target', 'position': [0.15000000596046448, 0.0, 0.019999999552965164]}], 'mode': 'goal_sequence'}
  Mesa            : 1.1x0.7x0.4 m  offset_x=-0.3
  Robô config     : control=ee  block_gripper=False  base=[-0.6, 0.0, 0.05]
  Scripts         : ['script_1', 'reach_only', 'left_right']
  Juntas ângulos  : [-0.00, -0.03, +0.00, -2.10, +0.00, +2.06, +0.79]
  Juntas veloc.   : [-0.00, -1.62, +0.00, -0.23, +0.00, -0.50, -0.00]
  Cubo rotação    : [+0.000, -0.000, -0.000]  (roll/pitch/yaw)
  Cubo vel.linear : [-0.000, +0.000, -0.000]
────────────────────────────────────────────
 Ep  1 | Step   6
────────────────────────────────────────────
  Task            : OBJECT_DELIVERY_SEQUENCE
  Action          : [-0.538, -0.000, +0.843, +1.000]
  EE posição      : [-0.085, +0.000, +0.361]
  EE velocidade   : [-0.203, +0.000, +0.726]
  Garra           : 0.080 m  (ABERTA)
  Cubo posição    : [-0.250, +0.000, +0.020]
  Target (target): [+0.150, +0.000, +0.020]
  Dist EE→Cubo    : 0.3794 m
  Dist Cubo→target: 0.4000 m
  Reward          : -0.4000
  Sucesso         : False
  Obstáculo caminho: nao  (count: 0)
  Objeto [object_1]: tipo=box  massa=1.0 kg  tamanho=[0.04, 0.04, 0.04]
  Target goal     : {'type': 'goal_sequence', 'targets': [{'name': 'target', 'position': [0.15000000596046448, 0.0, 0.019999999552965164]}], 'mode': 'goal_sequence'}
  Mesa            : 1.1x0.7x0.4 m  offset_x=-0.3
  Robô config     : control=ee  block_gripper=False  base=[-0.6, 0.0, 0.05]
  Scripts         : ['script_1', 'reach_only', 'left_right']
  Juntas ângulos  : [-0.00, -0.12, +0.00, -2.11, +0.00, +1.98, +0.79]
  Juntas veloc.   : [-0.00, -1.61, +0.00, -0.12, +0.00, -0.57, -0.00]
  Cubo rotação    : [+0.000, -0.000, -0.000]  (roll/pitch/yaw)
  Cubo vel.linear : [-0.000, +0.000, -0.000]
────────────────────────────────────────────
 Ep  1 | Step   7
────────────────────────────────────────────
  Task            : OBJECT_DELIVERY_SEQUENCE
  Action          : [-0.539, -0.000, +0.842, +1.000]
  EE posição      : [-0.106, +0.000, +0.395]
  EE velocidade   : [-0.231, +0.000, +0.669]
  Garra           : 0.080 m  (ABERTA)
  Cubo posição    : [-0.250, +0.000, +0.020]
  Target (target): [+0.150, +0.000, +0.020]
  Dist EE→Cubo    : 0.4019 m
  Dist Cubo→target: 0.4000 m
  Reward          : -0.4000
  Sucesso         : False
  Obstáculo caminho: nao  (count: 0)
  Objeto [object_1]: tipo=box  massa=1.0 kg  tamanho=[0.04, 0.04, 0.04]
  Target goal     : {'type': 'goal_sequence', 'targets': [{'name': 'target', 'position': [0.15000000596046448, 0.0, 0.019999999552965164]}], 'mode': 'goal_sequence'}
  Mesa            : 1.1x0.7x0.4 m  offset_x=-0.3
  Robô config     : control=ee  block_gripper=False  base=[-0.6, 0.0, 0.05]
  Scripts         : ['script_1', 'reach_only', 'left_right']
  Juntas ângulos  : [-0.00, -0.20, +0.00, -2.11, +0.00, +1.91, +0.79]
  Juntas veloc.   : [-0.00, -1.49, +0.00, -0.03, +0.00, -0.61, -0.00]
  Cubo rotação    : [+0.000, -0.000, -0.000]  (roll/pitch/yaw)
  Cubo vel.linear : [-0.000, +0.000, -0.000]
────────────────────────────────────────────
 Ep  1 | Step   8
────────────────────────────────────────────
  Task            : OBJECT_DELIVERY_SEQUENCE
  Action          : [-0.539, -0.000, +0.842, +1.000]
  EE posição      : [-0.128, +0.000, +0.429]
  EE velocidade   : [-0.261, +0.000, +0.649]
  Garra           : 0.080 m  (ABERTA)
  Cubo posição    : [-0.250, +0.000, +0.020]
  Target (target): [+0.150, +0.000, +0.020]
  Dist EE→Cubo    : 0.4264 m
  Dist Cubo→target: 0.4000 m
  Reward          : -0.4000
  Sucesso         : False
  Obstáculo caminho: nao  (count: 0)
  Objeto [object_1]: tipo=box  massa=1.0 kg  tamanho=[0.04, 0.04, 0.04]
  Target goal     : {'type': 'goal_sequence', 'targets': [{'name': 'target', 'position': [0.15000000596046448, 0.0, 0.019999999552965164]}], 'mode': 'goal_sequence'}
  Mesa            : 1.1x0.7x0.4 m  offset_x=-0.3
  Robô config     : control=ee  block_gripper=False  base=[-0.6, 0.0, 0.05]
  Scripts         : ['script_1', 'reach_only', 'left_right']
  Juntas ângulos  : [-0.00, -0.28, +0.00, -2.11, +0.00, +1.82, +0.79]
  Juntas veloc.   : [+0.00, -1.43, -0.00, +0.06, +0.00, -0.65, -0.00]
  Cubo rotação    : [+0.000, -0.000, -0.000]  (roll/pitch/yaw)
  Cubo vel.linear : [-0.000, +0.000, -0.000]
────────────────────────────────────────────
 Ep  1 | Step   9
────────────────────────────────────────────
  Task            : OBJECT_DELIVERY_SEQUENCE
  Action          : [-0.537, -0.000, +0.844, +1.000]
  EE posição      : [-0.151, +0.000, +0.463]
  EE velocidade   : [-0.295, +0.000, +0.638]
  Garra           : 0.080 m  (ABERTA)
  Cubo posição    : [-0.250, +0.000, +0.020]
  Target (target): [+0.150, +0.000, +0.020]
  Dist EE→Cubo    : 0.4538 m
  Dist Cubo→target: 0.4000 m
  Reward          : -0.4000
  Sucesso         : False
  Obstáculo caminho: nao  (count: 0)
  Objeto [object_1]: tipo=box  massa=1.0 kg  tamanho=[0.04, 0.04, 0.04]
  Target goal     : {'type': 'goal_sequence', 'targets': [{'name': 'target', 'position': [0.15000000596046448, 0.0, 0.019999999552965164]}], 'mode': 'goal_sequence'}
  Mesa            : 1.1x0.7x0.4 m  offset_x=-0.3
  Robô config     : control=ee  block_gripper=False  base=[-0.6, 0.0, 0.05]
  Scripts         : ['script_1', 'reach_only', 'left_right']
  Juntas ângulos  : [-0.00, -0.35, +0.00, -2.09, +0.00, +1.73, +0.79]
  Juntas veloc.   : [+0.00, -1.39, -0.00, +0.15, +0.00, -0.67, -0.00]
  Cubo rotação    : [+0.000, -0.000, -0.000]  (roll/pitch/yaw)
  Cubo vel.linear : [-0.000, +0.000, -0.000]
────────────────────────────────────────────
 Ep  1 | Step  10
────────────────────────────────────────────
  Task            : OBJECT_DELIVERY_SEQUENCE
  Action          : [-0.534, -0.000, +0.846, +1.000]
  EE posição      : [-0.174, +0.000, +0.497]
  EE velocidade   : [-0.301, +0.000, +0.568]
  Garra           : 0.080 m  (ABERTA)
  Cubo posição    : [-0.250, +0.000, +0.020]
  Target (target): [+0.150, +0.000, +0.020]
  Dist EE→Cubo    : 0.4831 m
  Dist Cubo→target: 0.4000 m
  Reward          : -0.4000
  Sucesso         : False
  Obstáculo caminho: nao  (count: 0)
  Objeto [object_1]: tipo=box  massa=1.0 kg  tamanho=[0.04, 0.04, 0.04]
  Target goal     : {'type': 'goal_sequence', 'targets': [{'name': 'target', 'position': [0.15000000596046448, 0.0, 0.019999999552965164]}], 'mode': 'goal_sequence'}
  Mesa            : 1.1x0.7x0.4 m  offset_x=-0.3
  Robô config     : control=ee  block_gripper=False  base=[-0.6, 0.0, 0.05]
  Scripts         : ['script_1', 'reach_only', 'left_right']
  Juntas ângulos  : [-0.00, -0.41, +0.00, -2.06, +0.00, +1.64, +0.79]
  Juntas veloc.   : [+0.00, -1.18, -0.00, +0.27, +0.00, -0.71, -0.00]
  Cubo rotação    : [+0.000, -0.000, -0.000]  (roll/pitch/yaw)
  Cubo vel.linear : [-0.000, +0.000, -0.000]
────────────────────────────────────────────
 Ep  1 | Step  11
────────────────────────────────────────────
  Task            : OBJECT_DELIVERY_SEQUENCE
  Action          : [-0.526, -0.000, +0.851, +1.000]
  EE posição      : [-0.197, +0.000, +0.530]
  EE velocidade   : [-0.299, +0.000, +0.532]
  Garra           : 0.080 m  (ABERTA)
  Cubo posição    : [-0.250, +0.000, +0.020]
  Target (target): [+0.150, +0.000, +0.020]
  Dist EE→Cubo    : 0.5128 m
  Dist Cubo→target: 0.4000 m
  Reward          : -0.4000
  Sucesso         : False
  Obstáculo caminho: nao  (count: 0)
  Objeto [object_1]: tipo=box  massa=1.0 kg  tamanho=[0.04, 0.04, 0.04]
  Target goal     : {'type': 'goal_sequence', 'targets': [{'name': 'target', 'position': [0.15000000596046448, 0.0, 0.019999999552965164]}], 'mode': 'goal_sequence'}
  Mesa            : 1.1x0.7x0.4 m  offset_x=-0.3
  Robô config     : control=ee  block_gripper=False  base=[-0.6, 0.0, 0.05]
  Scripts         : ['script_1', 'reach_only', 'left_right']
  Juntas ângulos  : [-0.00, -0.46, +0.00, -2.01, +0.00, +1.55, +0.79]
  Juntas veloc.   : [+0.00, -0.99, -0.00, +0.42, +0.00, -0.73, -0.00]
  Cubo rotação    : [+0.000, -0.000, -0.000]  (roll/pitch/yaw)
  Cubo vel.linear : [-0.000, +0.000, -0.000]
────────────────────────────────────────────
 Ep  1 | Step  12
────────────────────────────────────────────
  Task            : OBJECT_DELIVERY_SEQUENCE
  Action          : [-0.505, -0.000, +0.863, +1.000]
  EE posição      : [-0.221, +0.000, +0.563]
  EE velocidade   : [-0.297, +0.000, +0.520]
  Garra           : 0.080 m  (ABERTA)
  Cubo posição    : [-0.250, +0.000, +0.020]
  Target (target): [+0.150, +0.000, +0.020]
  Dist EE→Cubo    : 0.5437 m
  Dist Cubo→target: 0.4000 m
  Reward          : -0.4000
  Sucesso         : False
  Obstáculo caminho: nao  (count: 0)
  Objeto [object_1]: tipo=box  massa=1.0 kg  tamanho=[0.04, 0.04, 0.04]
  Target goal     : {'type': 'goal_sequence', 'targets': [{'name': 'target', 'position': [0.15000000596046448, 0.0, 0.019999999552965164]}], 'mode': 'goal_sequence'}
  Mesa            : 1.1x0.7x0.4 m  offset_x=-0.3
  Robô config     : control=ee  block_gripper=False  base=[-0.6, 0.0, 0.05]
  Scripts         : ['script_1', 'reach_only', 'left_right']
  Juntas ângulos  : [-0.00, -0.51, +0.00, -1.96, +0.00, +1.45, +0.79]
  Juntas veloc.   : [+0.00, -0.84, -0.00, +0.58, +0.00, -0.73, -0.00]
  Cubo rotação    : [+0.000, -0.000, -0.000]  (roll/pitch/yaw)
  Cubo vel.linear : [-0.000, +0.000, -0.000]
────────────────────────────────────────────
 Ep  1 | Step  13
────────────────────────────────────────────
  Task            : OBJECT_DELIVERY_SEQUENCE
  Action          : [-0.455, +0.000, +0.891, +1.000]
  EE posição      : [-0.244, +0.000, +0.595]
  EE velocidade   : [-0.245, +0.000, +0.477]
  Garra           : 0.080 m  (ABERTA)
  Cubo posição    : [-0.250, +0.000, +0.020]
  Target (target): [+0.150, +0.000, +0.020]
  Dist EE→Cubo    : 0.5755 m
  Dist Cubo→target: 0.4000 m
  Reward          : -0.4000
  Sucesso         : False
  Obstáculo caminho: nao  (count: 0)
  Objeto [object_1]: tipo=box  massa=1.0 kg  tamanho=[0.04, 0.04, 0.04]
  Target goal     : {'type': 'goal_sequence', 'targets': [{'name': 'target', 'position': [0.15000000596046448, 0.0, 0.019999999552965164]}], 'mode': 'goal_sequence'}
  Mesa            : 1.1x0.7x0.4 m  offset_x=-0.3
  Robô config     : control=ee  block_gripper=False  base=[-0.6, 0.0, 0.05]
  Scripts         : ['script_1', 'reach_only', 'left_right']
  Juntas ângulos  : [-0.00, -0.53, +0.00, -1.89, +0.00, +1.36, +0.79]
  Juntas veloc.   : [+0.00, -0.50, -0.00, +0.81, +0.00, -0.73, -0.00]
  Cubo rotação    : [+0.000, -0.000, -0.000]  (roll/pitch/yaw)
  Cubo vel.linear : [-0.000, +0.000, -0.000]
────────────────────────────────────────────
 Ep  1 | Step  14
────────────────────────────────────────────
  Task            : OBJECT_DELIVERY_SEQUENCE
  Action          : [-0.256, +0.000, +0.967, +1.000]
  EE posição      : [-0.259, +0.000, +0.627]
  EE velocidade   : [-0.111, +0.000, +0.405]
  Garra           : 0.080 m  (ABERTA)
  Cubo posição    : [-0.250, +0.000, +0.020]
  Target (target): [+0.150, +0.000, +0.020]
  Dist EE→Cubo    : 0.6071 m
  Dist Cubo→target: 0.4000 m
  Reward          : -0.4000
  Sucesso         : False
  Obstáculo caminho: nao  (count: 0)
  Objeto [object_1]: tipo=box  massa=1.0 kg  tamanho=[0.04, 0.04, 0.04]
  Target goal     : {'type': 'goal_sequence', 'targets': [{'name': 'target', 'position': [0.15000000596046448, 0.0, 0.019999999552965164]}], 'mode': 'goal_sequence'}
  Mesa            : 1.1x0.7x0.4 m  offset_x=-0.3
  Robô config     : control=ee  block_gripper=False  base=[-0.6, 0.0, 0.05]
  Scripts         : ['script_1', 'reach_only', 'left_right']
  Juntas ângulos  : [-0.00, -0.53, +0.00, -1.80, +0.00, +1.27, +0.79]
  Juntas veloc.   : [+0.00, +0.06, -0.00, +1.13, +0.00, -0.71, +0.00]
  Cubo rotação    : [+0.000, -0.000, -0.000]  (roll/pitch/yaw)
  Cubo vel.linear : [-0.000, +0.000, -0.000]
────────────────────────────────────────────
 Ep  1 | Step  15
────────────────────────────────────────────
  Task            : OBJECT_DELIVERY_SEQUENCE
  Action          : [+0.771, -0.000, -0.637, +1.000]
  EE posição      : [-0.238, +0.000, +0.621]
  EE velocidade   : [+0.528, -0.000, -0.560]
  Garra           : 0.080 m  (ABERTA)
  Cubo posição    : [-0.250, +0.000, +0.020]
  Target (target): [+0.150, +0.000, +0.020]
  Dist EE→Cubo    : 0.6012 m
  Dist Cubo→target: 0.4000 m
  Reward          : -0.4000
  Sucesso         : False
  Obstáculo caminho: nao  (count: 0)
  Objeto [object_1]: tipo=box  massa=1.0 kg  tamanho=[0.04, 0.04, 0.04]
  Target goal     : {'type': 'goal_sequence', 'targets': [{'name': 'target', 'position': [0.15000000596046448, 0.0, 0.019999999552965164]}], 'mode': 'goal_sequence'}
  Mesa            : 1.1x0.7x0.4 m  offset_x=-0.3
  Robô config     : control=ee  block_gripper=False  base=[-0.6, 0.0, 0.05]
  Scripts         : ['script_1', 'reach_only', 'left_right']
  Juntas ângulos  : [-0.00, -0.52, +0.00, -1.83, +0.00, +1.36, +0.79]
  Juntas veloc.   : [+0.00, +1.35, +0.00, -0.32, -0.00, +0.72, +0.00]
  Cubo rotação    : [+0.000, -0.000, -0.000]  (roll/pitch/yaw)
  Cubo vel.linear : [-0.000, +0.000, -0.000]
────────────────────────────────────────────
 Ep  1 | Step  16
────────────────────────────────────────────
  Task            : OBJECT_DELIVERY_SEQUENCE
  Action          : [-0.116, -0.000, -0.993, +1.000]
  EE posição      : [-0.239, +0.000, +0.580]
  EE velocidade   : [-0.087, -0.000, -0.433]
  Garra           : 0.080 m  (ABERTA)
  Cubo posição    : [-0.250, +0.000, +0.020]
  Target (target): [+0.150, +0.000, +0.020]
  Dist EE→Cubo    : 0.5599 m
  Dist Cubo→target: 0.4000 m
  Reward          : -0.4000
  Sucesso         : False
  Obstáculo caminho: nao  (count: 0)
  Objeto [object_1]: tipo=box  massa=1.0 kg  tamanho=[0.04, 0.04, 0.04]
  Target goal     : {'type': 'goal_sequence', 'targets': [{'name': 'target', 'position': [0.15000000596046448, 0.0, 0.019999999552965164]}], 'mode': 'goal_sequence'}
  Mesa            : 1.1x0.7x0.4 m  offset_x=-0.3
  Robô config     : control=ee  block_gripper=False  base=[-0.6, 0.0, 0.05]
  Scripts         : ['script_1', 'reach_only', 'left_right']
  Juntas ângulos  : [-0.00, -0.54, +0.00, -1.94, +0.00, +1.40, +0.79]
  Juntas veloc.   : [-0.00, -0.28, -0.00, -1.24, +0.00, +0.31, -0.00]
  Cubo rotação    : [+0.000, -0.000, -0.000]  (roll/pitch/yaw)
  Cubo vel.linear : [-0.000, +0.000, -0.000]
────────────────────────────────────────────
 Ep  1 | Step  17
────────────────────────────────────────────
  Task            : OBJECT_DELIVERY_SEQUENCE
  Action          : [-0.183, -0.000, -0.983, +1.000]
  EE posição      : [-0.241, +0.000, +0.546]
  EE velocidade   : [-0.059, -0.000, -0.370]
  Garra           : 0.080 m  (ABERTA)
  Cubo posição    : [-0.250, +0.000, +0.020]
  Target (target): [+0.150, +0.000, +0.020]
  Dist EE→Cubo    : 0.5260 m
  Dist Cubo→target: 0.4000 m
  Reward          : -0.4000
  Sucesso         : False
  Obstáculo caminho: nao  (count: 0)
  Objeto [object_1]: tipo=box  massa=1.0 kg  tamanho=[0.04, 0.04, 0.04]
  Target goal     : {'type': 'goal_sequence', 'targets': [{'name': 'target', 'position': [0.15000000596046448, 0.0, 0.019999999552965164]}], 'mode': 'goal_sequence'}
  Mesa            : 1.1x0.7x0.4 m  offset_x=-0.3
  Robô config     : control=ee  block_gripper=False  base=[-0.6, 0.0, 0.05]
  Scripts         : ['script_1', 'reach_only', 'left_right']
  Juntas ângulos  : [-0.00, -0.58, +0.00, -2.07, +0.00, +1.49, +0.79]
  Juntas veloc.   : [+0.00, -0.39, -0.00, -1.22, -0.00, +0.67, -0.00]
  Cubo rotação    : [+0.000, -0.000, -0.000]  (roll/pitch/yaw)
  Cubo vel.linear : [-0.000, +0.000, -0.000]
────────────────────────────────────────────
 Ep  1 | Step  18
────────────────────────────────────────────
  Task            : OBJECT_DELIVERY_SEQUENCE
  Action          : [-0.324, -0.000, -0.946, +1.000]
  EE posição      : [-0.250, +0.000, +0.513]
  EE velocidade   : [-0.128, -0.000, -0.374]
  Garra           : 0.080 m  (ABERTA)
  Cubo posição    : [-0.250, +0.000, +0.020]
  Target (target): [+0.150, +0.000, +0.020]
  Dist EE→Cubo    : 0.4926 m
  Dist Cubo→target: 0.4000 m
  Reward          : -0.4000
  Sucesso         : False
  Obstáculo caminho: nao  (count: 0)
  Objeto [object_1]: tipo=box  massa=1.0 kg  tamanho=[0.04, 0.04, 0.04]
  Target goal     : {'type': 'goal_sequence', 'targets': [{'name': 'target', 'position': [0.15000000596046448, 0.0, 0.019999999552965164]}], 'mode': 'goal_sequence'}
  Mesa            : 1.1x0.7x0.4 m  offset_x=-0.3
  Robô config     : control=ee  block_gripper=False  base=[-0.6, 0.0, 0.05]
  Scripts         : ['script_1', 'reach_only', 'left_right']
  Juntas ângulos  : [-0.00, -0.64, +0.00, -2.19, +0.00, +1.56, +0.79]
  Juntas veloc.   : [+0.00, -0.50, -0.00, -1.27, -0.00, +0.56, -0.00]
  Cubo rotação    : [+0.000, -0.000, -0.000]  (roll/pitch/yaw)
  Cubo vel.linear : [-0.000, +0.000, -0.000]
────────────────────────────────────────────
 Ep  1 | Step  19
────────────────────────────────────────────
  Task            : OBJECT_DELIVERY_SEQUENCE
  Action          : [-0.059, +0.000, +0.998, +1.000]
  EE posição      : [-0.261, -0.000, +0.526]
  EE velocidade   : [+0.182, +0.001, +1.194]
  Garra           : 0.080 m  (ABERTA)
  Cubo posição    : [-0.250, +0.000, +0.020]
  Target (target): [+0.150, +0.000, +0.020]
  Dist EE→Cubo    : 0.5059 m
  Dist Cubo→target: 0.4000 m
  Reward          : -0.4000
  Sucesso         : False
  Obstáculo caminho: nao  (count: 0)
  Objeto [object_1]: tipo=box  massa=1.0 kg  tamanho=[0.04, 0.04, 0.04]
  Target goal     : {'type': 'goal_sequence', 'targets': [{'name': 'target', 'position': [0.15000000596046448, 0.0, 0.019999999552965164]}], 'mode': 'goal_sequence'}
  Mesa            : 1.1x0.7x0.4 m  offset_x=-0.3
  Robô config     : control=ee  block_gripper=False  base=[-0.6, 0.0, 0.05]
  Scripts         : ['script_1', 'reach_only', 'left_right']
  Juntas ângulos  : [-0.00, -0.62, +0.00, -2.13, +0.00, +1.46, +0.79]
  Juntas veloc.   : [-0.00, +0.14, -0.00, +2.85, +0.00, -0.75, +0.00]
  Cubo rotação    : [+0.000, -0.000, -0.000]  (roll/pitch/yaw)
  Cubo vel.linear : [-0.000, +0.000, -0.000]
────────────────────────────────────────────
 Ep  1 | Step  20
────────────────────────────────────────────
  Task            : OBJECT_DELIVERY_SEQUENCE
  Action          : [+0.000, +0.000, +0.000, +1.000]
  EE posição      : [-0.260, -0.000, +0.534]
  EE velocidade   : [+0.030, -0.000, -0.298]
  Garra           : 0.080 m  (ABERTA)
  Cubo posição    : [-0.250, +0.000, +0.020]
  Target (target): [+0.150, +0.000, +0.020]
  Dist EE→Cubo    : 0.5141 m
  Dist Cubo→target: 0.4000 m
  Reward          : -0.4000
  Sucesso         : False
  Obstáculo caminho: nao  (count: 0)
  Objeto [object_1]: tipo=box  massa=1.0 kg  tamanho=[0.04, 0.04, 0.04]
  Target goal     : {'type': 'goal_sequence', 'targets': [{'name': 'target', 'position': [0.15000000596046448, 0.0, 0.019999999552965164]}], 'mode': 'goal_sequence'}
  Mesa            : 1.1x0.7x0.4 m  offset_x=-0.3
  Robô config     : control=ee  block_gripper=False  base=[-0.6, 0.0, 0.05]
  Scripts         : ['script_1', 'reach_only', 'left_right']
  Juntas ângulos  : [-0.00, -0.65, +0.00, -2.15, +0.00, +1.50, +0.79]
  Juntas veloc.   : [+0.00, +0.12, -0.00, -0.62, +0.00, +0.32, -0.00]
  Cubo rotação    : [+0.000, -0.000, -0.000]  (roll/pitch/yaw)
  Cubo vel.linear : [-0.000, +0.000, -0.000]
────────────────────────────────────────────
 Ep  1 | Step  21
────────────────────────────────────────────
  Task            : OBJECT_DELIVERY_SEQUENCE
  Action          : [+0.000, +0.000, +0.000, +1.000]
  EE posição      : [-0.260, -0.000, +0.533]
  EE velocidade   : [+0.000, -0.000, +0.012]
  Garra           : 0.080 m  (ABERTA)
  Cubo posição    : [-0.250, +0.000, +0.020]
  Target (target): [+0.150, +0.000, +0.020]
  Dist EE→Cubo    : 0.5135 m
  Dist Cubo→target: 0.4000 m
  Reward          : -0.4000
  Sucesso         : False
  Obstáculo caminho: nao  (count: 0)
  Objeto [object_1]: tipo=box  massa=1.0 kg  tamanho=[0.04, 0.04, 0.04]
  Target goal     : {'type': 'goal_sequence', 'targets': [{'name': 'target', 'position': [0.15000000596046448, 0.0, 0.019999999552965164]}], 'mode': 'goal_sequence'}
  Mesa            : 1.1x0.7x0.4 m  offset_x=-0.3
  Robô config     : control=ee  block_gripper=False  base=[-0.6, 0.0, 0.05]
  Scripts         : ['script_1', 'reach_only', 'left_right']
  Juntas ângulos  : [-0.00, -0.65, +0.00, -2.15, +0.00, +1.50, +0.79]
  Juntas veloc.   : [+0.00, +0.03, -0.00, +0.06, -0.00, -0.05, -0.00]
  Cubo rotação    : [+0.000, -0.000, -0.000]  (roll/pitch/yaw)
  Cubo vel.linear : [-0.000, +0.000, -0.000]
────────────────────────────────────────────
 Ep  1 | Step  22
────────────────────────────────────────────
  Task            : OBJECT_DELIVERY_SEQUENCE
  Action          : [+0.000, +0.000, +0.000, +1.000]
  EE posição      : [-0.260, -0.000, +0.533]
  EE velocidade   : [-0.000, -0.000, -0.001]
  Garra           : 0.080 m  (ABERTA)
  Cubo posição    : [-0.250, +0.000, +0.020]
  Target (target): [+0.150, +0.000, +0.020]
  Dist EE→Cubo    : 0.5134 m
  Dist Cubo→target: 0.4000 m
  Reward          : -0.4000
  Sucesso         : False
  Obstáculo caminho: nao  (count: 0)
  Objeto [object_1]: tipo=box  massa=1.0 kg  tamanho=[0.04, 0.04, 0.04]
  Target goal     : {'type': 'goal_sequence', 'targets': [{'name': 'target', 'position': [0.15000000596046448, 0.0, 0.019999999552965164]}], 'mode': 'goal_sequence'}
  Mesa            : 1.1x0.7x0.4 m  offset_x=-0.3
  Robô config     : control=ee  block_gripper=False  base=[-0.6, 0.0, 0.05]
  Scripts         : ['script_1', 'reach_only', 'left_right']
  Juntas ângulos  : [-0.00, -0.65, +0.00, -2.15, +0.00, +1.50, +0.79]
  Juntas veloc.   : [+0.00, +0.00, -0.00, -0.00, -0.00, -0.00, -0.00]
  Cubo rotação    : [+0.000, -0.000, -0.000]  (roll/pitch/yaw)
  Cubo vel.linear : [-0.000, +0.000, -0.000]
────────────────────────────────────────────
 Ep  1 | Step  23
────────────────────────────────────────────
  Task            : OBJECT_DELIVERY_SEQUENCE
  Action          : [+0.000, +0.000, +0.000, +1.000]
  EE posição      : [-0.260, -0.000, +0.533]
  EE velocidade   : [-0.000, -0.000, -0.000]
  Garra           : 0.080 m  (ABERTA)
  Cubo posição    : [-0.250, +0.000, +0.020]
  Target (target): [+0.150, +0.000, +0.020]
  Dist EE→Cubo    : 0.5134 m
  Dist Cubo→target: 0.4000 m
  Reward          : -0.4000
  Sucesso         : False
  Obstáculo caminho: nao  (count: 0)
  Objeto [object_1]: tipo=box  massa=1.0 kg  tamanho=[0.04, 0.04, 0.04]
  Target goal     : {'type': 'goal_sequence', 'targets': [{'name': 'target', 'position': [0.15000000596046448, 0.0, 0.019999999552965164]}], 'mode': 'goal_sequence'}
  Mesa            : 1.1x0.7x0.4 m  offset_x=-0.3
  Robô config     : control=ee  block_gripper=False  base=[-0.6, 0.0, 0.05]
  Scripts         : ['script_1', 'reach_only', 'left_right']
  Juntas ângulos  : [-0.00, -0.65, +0.00, -2.15, +0.00, +1.50, +0.79]
  Juntas veloc.   : [+0.00, +0.00, -0.00, -0.00, -0.00, -0.00, -0.00]
  Cubo rotação    : [+0.000, -0.000, -0.000]  (roll/pitch/yaw)
  Cubo vel.linear : [-0.000, +0.000, -0.000]
