────────────────────────────────────────────
 Ep  1 | Step   1
────────────────────────────────────────────
  Task            : PICK_AND_PLACE
  Action          : [-0.966, +0.000, -0.259, +1.000]
  EE posição      : [+0.011, +0.000, +0.188]
  EE velocidade   : [-0.435, +0.000, -0.140]
  Garra           : 0.070 m  (ABERTA)
  Cubo posição    : [-0.250, +0.000, +0.020]
  Target (target): [+0.150, +0.000, +0.020]
  Dist EE→Cubo    : 0.3103 m
  Dist Cubo→target: 0.4000 m
  Reward          : -0.4000
  Sucesso         : False
  Obstáculo caminho: nao  (count: 0)
  Objeto [object_1]: tipo=box  massa=1.0 kg  tamanho=[0.04, 0.04, 0.04]
  Target goal     : {'type': 'goal_sequence', 'targets': [{'name': 'target', 'position': [0.15000000596046448, 0.0, 0.019999999552965164]}], 'mode': 'goal_sequence'}
  Mesa            : 1.1x0.7x0.4 m  offset_x=-0.3
  Robô config     : control=ee  block_gripper=False  base=[-0.6, 0.0, 0.05]
  Scripts         : ['script_1', 'reach_only', 'left_right']
  Juntas ângulos  : [-0.00, +0.35, +0.00, -1.98, -0.00, +2.33, +0.79]
  Juntas veloc.   : [-0.00, -0.81, +0.01, -1.59, -0.00, +0.50, -0.03]
  Cubo rotação    : [+0.000, -0.000, -0.000]  (roll/pitch/yaw)
  Cubo vel.linear : [-0.000, +0.000, -0.000]
────────────────────────────────────────────
 Ep  1 | Step   2
────────────────────────────────────────────
  Task            : PICK_AND_PLACE
  Action          : [-0.967, -0.000, -0.254, +1.000]
  EE posição      : [-0.021, +0.000, +0.178]
  EE velocidade   : [-0.354, +0.000, -0.105]
  Garra           : 0.079 m  (ABERTA)
  Cubo posição    : [-0.250, +0.000, +0.020]
  Target (target): [+0.150, +0.000, +0.020]
  Dist EE→Cubo    : 0.2785 m
  Dist Cubo→target: 0.4000 m
  Reward          : -0.4000
  Sucesso         : False
  Obstáculo caminho: nao  (count: 0)
  Objeto [object_1]: tipo=box  massa=1.0 kg  tamanho=[0.04, 0.04, 0.04]
  Target goal     : {'type': 'goal_sequence', 'targets': [{'name': 'target', 'position': [0.15000000596046448, 0.0, 0.019999999552965164]}], 'mode': 'goal_sequence'}
  Mesa            : 1.1x0.7x0.4 m  offset_x=-0.3
  Robô config     : control=ee  block_gripper=False  base=[-0.6, 0.0, 0.05]
  Scripts         : ['script_1', 'reach_only', 'left_right']
  Juntas ângulos  : [-0.00, +0.28, +0.00, -2.10, -0.00, +2.39, +0.79]
  Juntas veloc.   : [-0.00, -0.65, +0.00, -1.28, -0.00, +0.47, -0.00]
  Cubo rotação    : [+0.000, -0.000, -0.000]  (roll/pitch/yaw)
  Cubo vel.linear : [-0.000, +0.000, -0.000]
────────────────────────────────────────────
 Ep  1 | Step   3
────────────────────────────────────────────
  Task            : PICK_AND_PLACE
  Action          : [-0.969, -0.000, -0.247, +1.000]
  EE posição      : [-0.053, +0.000, +0.169]
  EE velocidade   : [-0.389, +0.000, -0.113]
  Garra           : 0.080 m  (ABERTA)
  Cubo posição    : [-0.250, +0.000, +0.020]
  Target (target): [+0.150, +0.000, +0.020]
  Dist EE→Cubo    : 0.2465 m
  Dist Cubo→target: 0.4000 m
  Reward          : -0.4000
  Sucesso         : False
  Obstáculo caminho: nao  (count: 0)
  Objeto [object_1]: tipo=box  massa=1.0 kg  tamanho=[0.04, 0.04, 0.04]
  Target goal     : {'type': 'goal_sequence', 'targets': [{'name': 'target', 'position': [0.15000000596046448, 0.0, 0.019999999552965164]}], 'mode': 'goal_sequence'}
  Mesa            : 1.1x0.7x0.4 m  offset_x=-0.3
  Robô config     : control=ee  block_gripper=False  base=[-0.6, 0.0, 0.05]
  Scripts         : ['script_1', 'reach_only', 'left_right']
  Juntas ângulos  : [-0.00, +0.22, +0.00, -2.23, -0.00, +2.45, +0.79]
  Juntas veloc.   : [-0.00, -0.68, +0.00, -1.33, -0.00, +0.49, -0.00]
  Cubo rotação    : [+0.000, -0.000, -0.000]  (roll/pitch/yaw)
  Cubo vel.linear : [-0.000, +0.000, -0.000]
────────────────────────────────────────────
 Ep  1 | Step   4
────────────────────────────────────────────
  Task            : PICK_AND_PLACE
  Action          : [-0.971, -0.000, -0.240, +1.000]
  EE posição      : [-0.087, +0.000, +0.159]
  EE velocidade   : [-0.389, +0.000, -0.106]
  Garra           : 0.080 m  (ABERTA)
  Cubo posição    : [-0.250, +0.000, +0.020]
  Target (target): [+0.150, +0.000, +0.020]
  Dist EE→Cubo    : 0.2140 m
  Dist Cubo→target: 0.4000 m
  Reward          : -0.4000
  Sucesso         : False
  Obstáculo caminho: nao  (count: 0)
  Objeto [object_1]: tipo=box  massa=1.0 kg  tamanho=[0.04, 0.04, 0.04]
  Target goal     : {'type': 'goal_sequence', 'targets': [{'name': 'target', 'position': [0.15000000596046448, 0.0, 0.019999999552965164]}], 'mode': 'goal_sequence'}
  Mesa            : 1.1x0.7x0.4 m  offset_x=-0.3
  Robô config     : control=ee  block_gripper=False  base=[-0.6, 0.0, 0.05]
  Scripts         : ['script_1', 'reach_only', 'left_right']
  Juntas ângulos  : [-0.00, +0.16, +0.00, -2.35, -0.00, +2.51, +0.79]
  Juntas veloc.   : [-0.00, -0.66, +0.00, -1.28, +0.00, +0.47, -0.00]
  Cubo rotação    : [+0.000, -0.000, -0.000]  (roll/pitch/yaw)
  Cubo vel.linear : [-0.000, +0.000, -0.000]
────────────────────────────────────────────
 Ep  1 | Step   5
────────────────────────────────────────────
  Task            : PICK_AND_PLACE
  Action          : [-0.973, -0.000, -0.231, +1.000]
  EE posição      : [-0.121, +0.000, +0.149]
  EE velocidade   : [-0.408, +0.001, -0.115]
  Garra           : 0.080 m  (ABERTA)
  Cubo posição    : [-0.250, +0.000, +0.020]
  Target (target): [+0.150, +0.000, +0.020]
  Dist EE→Cubo    : 0.1822 m
  Dist Cubo→target: 0.4000 m
  Reward          : -0.4000
  Sucesso         : False
  Obstáculo caminho: nao  (count: 0)
  Objeto [object_1]: tipo=box  massa=1.0 kg  tamanho=[0.04, 0.04, 0.04]
  Target goal     : {'type': 'goal_sequence', 'targets': [{'name': 'target', 'position': [0.15000000596046448, 0.0, 0.019999999552965164]}], 'mode': 'goal_sequence'}
  Mesa            : 1.1x0.7x0.4 m  offset_x=-0.3
  Robô config     : control=ee  block_gripper=False  base=[-0.6, 0.0, 0.05]
  Scripts         : ['script_1', 'reach_only', 'left_right']
  Juntas ângulos  : [-0.00, +0.10, +0.00, -2.47, -0.00, +2.57, +0.79]
  Juntas veloc.   : [-0.00, -0.65, +0.00, -1.28, +0.00, +0.47, -0.00]
  Cubo rotação    : [+0.000, -0.000, -0.000]  (roll/pitch/yaw)
  Cubo vel.linear : [-0.000, +0.000, -0.000]
────────────────────────────────────────────
 Ep  1 | Step   6
────────────────────────────────────────────
  Task            : PICK_AND_PLACE
  Action          : [-0.975, -0.000, -0.221, +1.000]
  EE posição      : [-0.157, +0.000, +0.139]
  EE velocidade   : [-0.435, +0.001, -0.128]
  Garra           : 0.080 m  (ABERTA)
  Cubo posição    : [-0.250, +0.000, +0.020]
  Target (target): [+0.150, +0.000, +0.020]
  Dist EE→Cubo    : 0.1515 m
  Dist Cubo→target: 0.4000 m
  Reward          : -0.4000
  Sucesso         : False
  Obstáculo caminho: nao  (count: 0)
  Objeto [object_1]: tipo=box  massa=1.0 kg  tamanho=[0.04, 0.04, 0.04]
  Target goal     : {'type': 'goal_sequence', 'targets': [{'name': 'target', 'position': [0.15000000596046448, 0.0, 0.019999999552965164]}], 'mode': 'goal_sequence'}
  Mesa            : 1.1x0.7x0.4 m  offset_x=-0.3
  Robô config     : control=ee  block_gripper=False  base=[-0.6, 0.0, 0.05]
  Scripts         : ['script_1', 'reach_only', 'left_right']
  Juntas ângulos  : [-0.00, +0.04, +0.00, -2.59, -0.00, +2.63, +0.79]
  Juntas veloc.   : [-0.00, -0.64, +0.00, -1.29, +0.00, +0.45, -0.00]
  Cubo rotação    : [+0.000, -0.000, -0.000]  (roll/pitch/yaw)
  Cubo vel.linear : [-0.000, +0.000, -0.000]
────────────────────────────────────────────
 Ep  1 | Step   7
────────────────────────────────────────────
  Task            : PICK_AND_PLACE
  Action          : [-0.979, -0.001, -0.204, +1.000]
  EE posição      : [-0.193, +0.000, +0.130]
  EE velocidade   : [-0.477, +0.001, -0.147]
  Garra           : 0.080 m  (ABERTA)
  Cubo posição    : [-0.250, +0.000, +0.020]
  Target (target): [+0.150, +0.000, +0.020]
  Dist EE→Cubo    : 0.1237 m
  Dist Cubo→target: 0.4000 m
  Reward          : -0.4000
  Sucesso         : False
  Obstáculo caminho: nao  (count: 0)
  Objeto [object_1]: tipo=box  massa=1.0 kg  tamanho=[0.04, 0.04, 0.04]
  Target goal     : {'type': 'goal_sequence', 'targets': [{'name': 'target', 'position': [0.15000000596046448, 0.0, 0.019999999552965164]}], 'mode': 'goal_sequence'}
  Mesa            : 1.1x0.7x0.4 m  offset_x=-0.3
  Robô config     : control=ee  block_gripper=False  base=[-0.6, 0.0, 0.05]
  Scripts         : ['script_1', 'reach_only', 'left_right']
  Juntas ângulos  : [-0.00, -0.02, +0.00, -2.71, +0.00, +2.69, +0.79]
  Juntas veloc.   : [-0.00, -0.64, +0.00, -1.34, +0.00, +0.44, -0.00]
  Cubo rotação    : [+0.000, -0.000, -0.000]  (roll/pitch/yaw)
  Cubo vel.linear : [-0.000, +0.000, -0.000]
────────────────────────────────────────────
 Ep  1 | Step   8
────────────────────────────────────────────
  Task            : PICK_AND_PLACE
  Action          : [-0.985, -0.001, -0.170, +1.000]
  EE posição      : [-0.230, +0.000, +0.121]
  EE velocidade   : [-0.498, +0.000, -0.144]
  Garra           : 0.080 m  (ABERTA)
  Cubo posição    : [-0.250, +0.000, +0.020]
  Target (target): [+0.150, +0.000, +0.020]
  Dist EE→Cubo    : 0.1027 m
  Dist Cubo→target: 0.4000 m
  Reward          : -0.4000
  Sucesso         : False
  Obstáculo caminho: nao  (count: 0)
  Objeto [object_1]: tipo=box  massa=1.0 kg  tamanho=[0.04, 0.04, 0.04]
  Target goal     : {'type': 'goal_sequence', 'targets': [{'name': 'target', 'position': [0.15000000596046448, 0.0, 0.019999999552965164]}], 'mode': 'goal_sequence'}
  Mesa            : 1.1x0.7x0.4 m  offset_x=-0.3
  Robô config     : control=ee  block_gripper=False  base=[-0.6, 0.0, 0.05]
  Scripts         : ['script_1', 'reach_only', 'left_right']
  Juntas ângulos  : [-0.00, -0.08, +0.00, -2.83, +0.00, +2.74, +0.79]
  Juntas veloc.   : [-0.00, -0.67, +0.00, -1.36, +0.00, +0.42, -0.00]
  Cubo rotação    : [+0.000, -0.000, -0.000]  (roll/pitch/yaw)
  Cubo vel.linear : [-0.000, +0.000, -0.000]
────────────────────────────────────────────
 Ep  1 | Step   9
────────────────────────────────────────────
  Task            : PICK_AND_PLACE
  Action          : [-0.999, -0.001, -0.039, +1.000]
  EE posição      : [-0.268, -0.000, +0.115]
  EE velocidade   : [-0.464, -0.000, -0.077]
  Garra           : 0.080 m  (ABERTA)
  Cubo posição    : [-0.250, +0.000, +0.020]
  Target (target): [+0.150, +0.000, +0.020]
  Dist EE→Cubo    : 0.0963 m
  Dist Cubo→target: 0.4000 m
  Reward          : -0.4000
  Sucesso         : False
  Obstáculo caminho: nao  (count: 0)
  Objeto [object_1]: tipo=box  massa=1.0 kg  tamanho=[0.04, 0.04, 0.04]
  Target goal     : {'type': 'goal_sequence', 'targets': [{'name': 'target', 'position': [0.15000000596046448, 0.0, 0.019999999552965164]}], 'mode': 'goal_sequence'}
  Mesa            : 1.1x0.7x0.4 m  offset_x=-0.3
  Robô config     : control=ee  block_gripper=False  base=[-0.6, 0.0, 0.05]
  Scripts         : ['script_1', 'reach_only', 'left_right']
  Juntas ângulos  : [-0.00, -0.16, +0.00, -2.94, +0.00, +2.78, +0.79]
  Juntas veloc.   : [+0.00, -0.88, -0.00, -1.33, +0.00, +0.31, -0.00]
  Cubo rotação    : [+0.000, -0.000, -0.000]  (roll/pitch/yaw)
  Cubo vel.linear : [-0.000, +0.000, -0.000]
────────────────────────────────────────────
 Ep  1 | Step  10
────────────────────────────────────────────
  Task            : PICK_AND_PLACE
  Action          : [+0.175, +0.000, -0.911, +1.000]
  EE posição      : [-0.260, -0.000, +0.098]
  EE velocidade   : [-0.294, +0.000, -0.822]
  Garra           : 0.080 m  (ABERTA)
  Cubo posição    : [-0.250, +0.000, +0.020]
  Target (target): [+0.150, +0.000, +0.020]
  Dist EE→Cubo    : 0.0787 m
  Dist Cubo→target: 0.4000 m
  Reward          : -0.4000
  Sucesso         : False
  Obstáculo caminho: nao  (count: 0)
  Objeto [object_1]: tipo=box  massa=1.0 kg  tamanho=[0.04, 0.04, 0.04]
  Target goal     : {'type': 'goal_sequence', 'targets': [{'name': 'target', 'position': [0.15000000596046448, 0.0, 0.019999999552965164]}], 'mode': 'goal_sequence'}
  Mesa            : 1.1x0.7x0.4 m  offset_x=-0.3
  Robô config     : control=ee  block_gripper=False  base=[-0.6, 0.0, 0.05]
  Scripts         : ['script_1', 'reach_only', 'left_right']
  Juntas ângulos  : [-0.00, -0.06, +0.00, -2.93, +0.00, +2.89, +0.79]
  Juntas veloc.   : [-0.00, +2.99, -0.00, +0.44, -0.00, +0.79, +0.00]
  Cubo rotação    : [+0.000, -0.000, -0.000]  (roll/pitch/yaw)
  Cubo vel.linear : [-0.000, +0.000, -0.000]
────────────────────────────────────────────
 Ep  1 | Step  11
────────────────────────────────────────────
  Task            : PICK_AND_PLACE
  Action          : [+0.081, +0.000, -0.614, +1.000]
  EE posição      : [-0.262, -0.000, +0.075]
  EE velocidade   : [+0.015, +0.000, -0.141]
  Garra           : 0.080 m  (ABERTA)
  Cubo posição    : [-0.250, +0.000, +0.020]
  Target (target): [+0.150, +0.000, +0.020]
  Dist EE→Cubo    : 0.0561 m
  Dist Cubo→target: 0.4000 m
  Reward          : -0.4000
  Sucesso         : False
  Obstáculo caminho: nao  (count: 0)
  Objeto [object_1]: tipo=box  massa=1.0 kg  tamanho=[0.04, 0.04, 0.04]
  Target goal     : {'type': 'goal_sequence', 'targets': [{'name': 'target', 'position': [0.15000000596046448, 0.0, 0.019999999552965164]}], 'mode': 'goal_sequence'}
  Mesa            : 1.1x0.7x0.4 m  offset_x=-0.3
  Robô config     : control=ee  block_gripper=False  base=[-0.6, 0.0, 0.05]
  Scripts         : ['script_1', 'reach_only', 'left_right']
  Juntas ângulos  : [-0.00, +0.03, +0.00, -2.90, +0.00, +2.93, +0.79]
  Juntas veloc.   : [-0.00, +0.64, -0.00, +0.21, -0.00, +0.30, +0.00]
  Cubo rotação    : [+0.000, -0.000, -0.000]  (roll/pitch/yaw)
  Cubo vel.linear : [+0.000, -0.000, +0.000]
────────────────────────────────────────────
 Ep  1 | Step  12
────────────────────────────────────────────
  Task            : PICK_AND_PLACE
  Action          : [+0.068, +0.000, -0.307, +1.000]
  EE posição      : [-0.260, -0.000, +0.066]
  EE velocidade   : [+0.004, +0.000, -0.081]
  Garra           : 0.080 m  (ABERTA)
  Cubo posição    : [-0.250, +0.000, +0.020]
  Target (target): [+0.150, +0.000, +0.020]
  Dist EE→Cubo    : 0.0474 m
  Dist Cubo→target: 0.4000 m
  Reward          : -0.4000
  Sucesso         : False
  Obstáculo caminho: nao  (count: 0)
  Objeto [object_1]: tipo=box  massa=1.0 kg  tamanho=[0.04, 0.04, 0.04]
  Target goal     : {'type': 'goal_sequence', 'targets': [{'name': 'target', 'position': [0.15000000596046448, 0.0, 0.019999999552965164]}], 'mode': 'goal_sequence'}
  Mesa            : 1.1x0.7x0.4 m  offset_x=-0.3
  Robô config     : control=ee  block_gripper=False  base=[-0.6, 0.0, 0.05]
  Scripts         : ['script_1', 'reach_only', 'left_right']
  Juntas ângulos  : [-0.00, +0.07, +0.00, -2.90, -0.00, +2.97, +0.79]
  Juntas veloc.   : [-0.00, +0.36, -0.00, +0.05, -0.00, +0.32, +0.00]
  Cubo rotação    : [-0.000, -0.000, -0.000]  (roll/pitch/yaw)
  Cubo vel.linear : [+0.000, +0.000, +0.000]
────────────────────────────────────────────
 Ep  1 | Step  13
────────────────────────────────────────────
  Task            : PICK_AND_PLACE
  Action          : [+0.047, +0.000, -0.220, +1.000]
  EE posição      : [-0.258, -0.000, +0.060]
  EE velocidade   : [+0.004, -0.000, -0.059]
  Garra           : 0.080 m  (ABERTA)
  Cubo posição    : [-0.250, +0.000, +0.020]
  Target (target): [+0.150, +0.000, +0.020]
  Dist EE→Cubo    : 0.0409 m
  Dist Cubo→target: 0.4000 m
  Reward          : -0.4000
  Sucesso         : False
  Obstáculo caminho: nao  (count: 0)
  Objeto [object_1]: tipo=box  massa=1.0 kg  tamanho=[0.04, 0.04, 0.04]
  Target goal     : {'type': 'goal_sequence', 'targets': [{'name': 'target', 'position': [0.15000000596046448, 0.0, 0.019999999552965164]}], 'mode': 'goal_sequence'}
  Mesa            : 1.1x0.7x0.4 m  offset_x=-0.3
  Robô config     : control=ee  block_gripper=False  base=[-0.6, 0.0, 0.05]
  Scripts         : ['script_1', 'reach_only', 'left_right']
  Juntas ângulos  : [-0.00, +0.10, +0.00, -2.89, -0.00, +2.99, +0.79]
  Juntas veloc.   : [-0.00, +0.26, -0.00, +0.07, -0.00, +0.17, +0.00]
  Cubo rotação    : [-0.000, -0.000, -0.000]  (roll/pitch/yaw)
  Cubo vel.linear : [+0.000, +0.000, +0.000]
────────────────────────────────────────────
 Ep  1 | Step  14
────────────────────────────────────────────
  Task            : PICK_AND_PLACE
  Action          : [+0.034, +0.000, -0.164, +1.000]
  EE posição      : [-0.257, -0.000, +0.055]
  EE velocidade   : [+0.004, -0.000, -0.043]
  Garra           : 0.080 m  (ABERTA)
  Cubo posição    : [-0.250, +0.000, +0.020]
  Target (target): [+0.150, +0.000, +0.020]
  Dist EE→Cubo    : 0.0359 m
  Dist Cubo→target: 0.4000 m
  Reward          : -0.4000
  Sucesso         : False
  Obstáculo caminho: nao  (count: 0)
  Objeto [object_1]: tipo=box  massa=1.0 kg  tamanho=[0.04, 0.04, 0.04]
  Target goal     : {'type': 'goal_sequence', 'targets': [{'name': 'target', 'position': [0.15000000596046448, 0.0, 0.019999999552965164]}], 'mode': 'goal_sequence'}
  Mesa            : 1.1x0.7x0.4 m  offset_x=-0.3
  Robô config     : control=ee  block_gripper=False  base=[-0.6, 0.0, 0.05]
  Scripts         : ['script_1', 'reach_only', 'left_right']
  Juntas ângulos  : [-0.00, +0.12, +0.00, -2.88, -0.00, +3.01, +0.79]
  Juntas veloc.   : [+0.00, +0.19, -0.00, +0.05, -0.00, +0.12, +0.00]
  Cubo rotação    : [-0.000, -0.000, -0.000]  (roll/pitch/yaw)
  Cubo vel.linear : [+0.000, +0.000, +0.000]
────────────────────────────────────────────
 Ep  1 | Step  15
────────────────────────────────────────────
  Task            : PICK_AND_PLACE
  Action          : [+0.026, +0.000, -0.126, +1.000]
  EE posição      : [-0.256, -0.000, +0.051]
  EE velocidade   : [+0.004, +0.000, -0.032]
  Garra           : 0.080 m  (ABERTA)
  Cubo posição    : [-0.250, +0.000, +0.020]
  Target (target): [+0.150, +0.000, +0.020]
  Dist EE→Cubo    : 0.0321 m
  Dist Cubo→target: 0.4000 m
  Reward          : -0.4000
  Sucesso         : False
  Obstáculo caminho: nao  (count: 0)
  Objeto [object_1]: tipo=box  massa=1.0 kg  tamanho=[0.04, 0.04, 0.04]
  Target goal     : {'type': 'goal_sequence', 'targets': [{'name': 'target', 'position': [0.15000000596046448, 0.0, 0.019999999552965164]}], 'mode': 'goal_sequence'}
  Mesa            : 1.1x0.7x0.4 m  offset_x=-0.3
  Robô config     : control=ee  block_gripper=False  base=[-0.6, 0.0, 0.05]
  Scripts         : ['script_1', 'reach_only', 'left_right']
  Juntas ângulos  : [-0.00, +0.14, +0.00, -2.88, -0.00, +3.02, +0.79]
  Juntas veloc.   : [+0.00, +0.14, -0.00, +0.04, -0.00, +0.09, +0.00]
  Cubo rotação    : [-0.000, -0.000, -0.000]  (roll/pitch/yaw)
  Cubo vel.linear : [+0.000, +0.000, -0.000]
────────────────────────────────────────────
 Ep  1 | Step  16
────────────────────────────────────────────
  Task            : PICK_AND_PLACE
  Action          : [+0.020, +0.000, -0.101, +1.000]
  EE posição      : [-0.256, -0.000, +0.048]
  EE velocidade   : [+0.003, +0.000, -0.025]
  Garra           : 0.080 m  (ABERTA)
  Cubo posição    : [-0.250, +0.000, +0.020]
  Target (target): [+0.150, +0.000, +0.020]
  Dist EE→Cubo    : 0.0290 m
  Dist Cubo→target: 0.4000 m
  Reward          : -0.4000
  Sucesso         : False
  Obstáculo caminho: nao  (count: 0)
  Objeto [object_1]: tipo=box  massa=1.0 kg  tamanho=[0.04, 0.04, 0.04]
  Target goal     : {'type': 'goal_sequence', 'targets': [{'name': 'target', 'position': [0.15000000596046448, 0.0, 0.019999999552965164]}], 'mode': 'goal_sequence'}
  Mesa            : 1.1x0.7x0.4 m  offset_x=-0.3
  Robô config     : control=ee  block_gripper=False  base=[-0.6, 0.0, 0.05]
  Scripts         : ['script_1', 'reach_only', 'left_right']
  Juntas ângulos  : [-0.00, +0.16, +0.00, -2.87, -0.00, +3.03, +0.79]
  Juntas veloc.   : [+0.00, +0.11, -0.00, +0.03, -0.00, +0.07, +0.00]
  Cubo rotação    : [-0.000, -0.000, -0.000]  (roll/pitch/yaw)
  Cubo vel.linear : [+0.000, +0.000, -0.000]
────────────────────────────────────────────
 Ep  1 | Step  17
────────────────────────────────────────────
  Task            : PICK_AND_PLACE
  Action          : [+0.016, +0.000, -0.082, +1.000]
  EE posição      : [-0.255, -0.000, +0.046]
  EE velocidade   : [+0.003, +0.000, -0.020]
  Garra           : 0.080 m  (ABERTA)
  Cubo posição    : [-0.250, +0.000, +0.020]
  Target (target): [+0.150, +0.000, +0.020]
  Dist EE→Cubo    : 0.0264 m
  Dist Cubo→target: 0.4000 m
  Reward          : -0.4000
  Sucesso         : False
  Obstáculo caminho: nao  (count: 0)
  Objeto [object_1]: tipo=box  massa=1.0 kg  tamanho=[0.04, 0.04, 0.04]
  Target goal     : {'type': 'goal_sequence', 'targets': [{'name': 'target', 'position': [0.15000000596046448, 0.0, 0.019999999552965164]}], 'mode': 'goal_sequence'}
  Mesa            : 1.1x0.7x0.4 m  offset_x=-0.3
  Robô config     : control=ee  block_gripper=False  base=[-0.6, 0.0, 0.05]
  Scripts         : ['script_1', 'reach_only', 'left_right']
  Juntas ângulos  : [-0.00, +0.17, +0.00, -2.87, -0.00, +3.03, +0.79]
  Juntas veloc.   : [+0.00, +0.09, -0.00, +0.03, -0.00, +0.06, +0.00]
  Cubo rotação    : [-0.000, -0.000, -0.000]  (roll/pitch/yaw)
  Cubo vel.linear : [+0.000, +0.000, -0.000]
────────────────────────────────────────────
 Ep  1 | Step  18
────────────────────────────────────────────
  Task            : PICK_AND_PLACE
  Action          : [+0.013, +0.000, -0.068, +1.000]
  EE posição      : [-0.255, -0.000, +0.044]
  EE velocidade   : [+0.003, +0.000, -0.017]
  Garra           : 0.080 m  (ABERTA)
  Cubo posição    : [-0.250, +0.000, +0.020]
  Target (target): [+0.150, +0.000, +0.020]
  Dist EE→Cubo    : 0.0243 m
  Dist Cubo→target: 0.4000 m
  Reward          : -0.4000
  Sucesso         : False
  Obstáculo caminho: nao  (count: 0)
  Objeto [object_1]: tipo=box  massa=1.0 kg  tamanho=[0.04, 0.04, 0.04]
  Target goal     : {'type': 'goal_sequence', 'targets': [{'name': 'target', 'position': [0.15000000596046448, 0.0, 0.019999999552965164]}], 'mode': 'goal_sequence'}
  Mesa            : 1.1x0.7x0.4 m  offset_x=-0.3
  Robô config     : control=ee  block_gripper=False  base=[-0.6, 0.0, 0.05]
  Scripts         : ['script_1', 'reach_only', 'left_right']
  Juntas ângulos  : [-0.00, +0.18, +0.00, -2.86, -0.00, +3.04, +0.79]
  Juntas veloc.   : [+0.00, +0.08, -0.00, +0.02, -0.00, +0.05, +0.00]
  Cubo rotação    : [-0.000, -0.000, -0.000]  (roll/pitch/yaw)
  Cubo vel.linear : [+0.000, +0.000, -0.000]
────────────────────────────────────────────
 Ep  1 | Step  19
────────────────────────────────────────────
  Task            : PICK_AND_PLACE
  Action          : [+0.011, +0.000, -0.059, +1.000]
  EE posição      : [-0.254, -0.000, +0.042]
  EE velocidade   : [+0.002, +0.000, -0.014]
  Garra           : 0.080 m  (ABERTA)
  Cubo posição    : [-0.250, +0.000, +0.020]
  Target (target): [+0.150, +0.000, +0.020]
  Dist EE→Cubo    : 0.0224 m
  Dist Cubo→target: 0.4000 m
  Reward          : -0.4000
  Sucesso         : False
  Obstáculo caminho: nao  (count: 0)
  Objeto [object_1]: tipo=box  massa=1.0 kg  tamanho=[0.04, 0.04, 0.04]
  Target goal     : {'type': 'goal_sequence', 'targets': [{'name': 'target', 'position': [0.15000000596046448, 0.0, 0.019999999552965164]}], 'mode': 'goal_sequence'}
  Mesa            : 1.1x0.7x0.4 m  offset_x=-0.3
  Robô config     : control=ee  block_gripper=False  base=[-0.6, 0.0, 0.05]
  Scripts         : ['script_1', 'reach_only', 'left_right']
  Juntas ângulos  : [-0.00, +0.18, +0.00, -2.86, -0.00, +3.05, +0.79]
  Juntas veloc.   : [+0.00, +0.06, -0.00, +0.02, -0.00, +0.04, +0.00]
  Cubo rotação    : [-0.000, -0.000, -0.000]  (roll/pitch/yaw)
  Cubo vel.linear : [+0.000, +0.000, -0.000]
────────────────────────────────────────────
 Ep  1 | Step  20
────────────────────────────────────────────
  Task            : PICK_AND_PLACE
  Action          : [+0.011, +0.000, -0.059, +1.000]
  EE posição      : [-0.254, -0.000, +0.040]
  EE velocidade   : [+0.002, +0.000, -0.014]
  Garra           : 0.080 m  (ABERTA)
  Cubo posição    : [-0.250, +0.000, +0.020]
  Target (target): [+0.150, +0.000, +0.020]
  Dist EE→Cubo    : 0.0206 m
  Dist Cubo→target: 0.4000 m
  Reward          : -0.4000
  Sucesso         : False
  Obstáculo caminho: nao  (count: 0)
  Objeto [object_1]: tipo=box  massa=1.0 kg  tamanho=[0.04, 0.04, 0.04]
  Target goal     : {'type': 'goal_sequence', 'targets': [{'name': 'target', 'position': [0.15000000596046448, 0.0, 0.019999999552965164]}], 'mode': 'goal_sequence'}
  Mesa            : 1.1x0.7x0.4 m  offset_x=-0.3
  Robô config     : control=ee  block_gripper=False  base=[-0.6, 0.0, 0.05]
  Scripts         : ['script_1', 'reach_only', 'left_right']
  Juntas ângulos  : [-0.00, +0.19, +0.00, -2.86, -0.00, +3.05, +0.79]
  Juntas veloc.   : [+0.00, +0.07, -0.00, +0.02, -0.00, +0.04, +0.00]
  Cubo rotação    : [-0.000, -0.000, -0.000]  (roll/pitch/yaw)
  Cubo vel.linear : [+0.000, +0.000, -0.000]
────────────────────────────────────────────
 Ep  1 | Step  21
────────────────────────────────────────────
  Task            : PICK_AND_PLACE
  Action          : [+0.011, +0.000, -0.059, +1.000]
  EE posição      : [-0.253, -0.000, +0.038]
  EE velocidade   : [+0.002, +0.000, -0.015]
  Garra           : 0.080 m  (ABERTA)
  Cubo posição    : [-0.250, +0.000, +0.020]
  Target (target): [+0.150, +0.000, +0.020]
  Dist EE→Cubo    : 0.0187 m
  Dist Cubo→target: 0.4000 m
  Reward          : -0.4000
  Sucesso         : False
  Obstáculo caminho: nao  (count: 0)
  Objeto [object_1]: tipo=box  massa=1.0 kg  tamanho=[0.04, 0.04, 0.04]
  Target goal     : {'type': 'goal_sequence', 'targets': [{'name': 'target', 'position': [0.15000000596046448, 0.0, 0.019999999552965164]}], 'mode': 'goal_sequence'}
  Mesa            : 1.1x0.7x0.4 m  offset_x=-0.3
  Robô config     : control=ee  block_gripper=False  base=[-0.6, 0.0, 0.05]
  Scripts         : ['script_1', 'reach_only', 'left_right']
  Juntas ângulos  : [-0.00, +0.20, +0.00, -2.86, -0.00, +3.06, +0.79]
  Juntas veloc.   : [+0.00, +0.07, -0.00, +0.02, -0.00, +0.04, +0.00]
  Cubo rotação    : [-0.000, -0.000, -0.000]  (roll/pitch/yaw)
  Cubo vel.linear : [-0.000, +0.000, +0.000]
────────────────────────────────────────────
 Ep  1 | Step  22
────────────────────────────────────────────
  Task            : PICK_AND_PLACE
  Action          : [+0.011, +0.000, -0.059, +1.000]
  EE posição      : [-0.253, -0.000, +0.037]
  EE velocidade   : [+0.002, +0.000, -0.015]
  Garra           : 0.080 m  (ABERTA)
  Cubo posição    : [-0.250, +0.000, +0.020]
  Target (target): [+0.150, +0.000, +0.020]
  Dist EE→Cubo    : 0.0169 m
  Dist Cubo→target: 0.4000 m
  Reward          : -0.4000
  Sucesso         : False
  Obstáculo caminho: nao  (count: 0)
  Objeto [object_1]: tipo=box  massa=1.0 kg  tamanho=[0.04, 0.04, 0.04]
  Target goal     : {'type': 'goal_sequence', 'targets': [{'name': 'target', 'position': [0.15000000596046448, 0.0, 0.019999999552965164]}], 'mode': 'goal_sequence'}
  Mesa            : 1.1x0.7x0.4 m  offset_x=-0.3
  Robô config     : control=ee  block_gripper=False  base=[-0.6, 0.0, 0.05]
  Scripts         : ['script_1', 'reach_only', 'left_right']
  Juntas ângulos  : [-0.00, +0.21, +0.00, -2.85, -0.00, +3.06, +0.79]
  Juntas veloc.   : [+0.00, +0.07, -0.00, +0.02, -0.00, +0.04, +0.00]
  Cubo rotação    : [-0.000, -0.000, -0.000]  (roll/pitch/yaw)
  Cubo vel.linear : [-0.000, +0.000, -0.000]
────────────────────────────────────────────
 Ep  1 | Step  23
────────────────────────────────────────────
  Task            : PICK_AND_PLACE
  Action          : [+0.011, +0.000, -0.059, +1.000]
  EE posição      : [-0.253, -0.000, +0.035]
  EE velocidade   : [+0.002, +0.000, -0.015]
  Garra           : 0.080 m  (ABERTA)
  Cubo posição    : [-0.250, +0.000, +0.020]
  Target (target): [+0.150, +0.000, +0.020]
  Dist EE→Cubo    : 0.0150 m
  Dist Cubo→target: 0.4000 m
  Reward          : -0.4000
  Sucesso         : False
  Obstáculo caminho: nao  (count: 0)
  Objeto [object_1]: tipo=box  massa=1.0 kg  tamanho=[0.04, 0.04, 0.04]
  Target goal     : {'type': 'goal_sequence', 'targets': [{'name': 'target', 'position': [0.15000000596046448, 0.0, 0.019999999552965164]}], 'mode': 'goal_sequence'}
  Mesa            : 1.1x0.7x0.4 m  offset_x=-0.3
  Robô config     : control=ee  block_gripper=False  base=[-0.6, 0.0, 0.05]
  Scripts         : ['script_1', 'reach_only', 'left_right']
  Juntas ângulos  : [-0.00, +0.22, +0.00, -2.85, -0.00, +3.07, +0.79]
  Juntas veloc.   : [+0.00, +0.07, -0.00, +0.02, -0.00, +0.04, +0.00]
  Cubo rotação    : [-0.000, -0.000, -0.000]  (roll/pitch/yaw)
  Cubo vel.linear : [-0.000, +0.000, -0.000]
────────────────────────────────────────────
 Ep  1 | Step  24
────────────────────────────────────────────
  Task            : PICK_AND_PLACE
  Action          : [+0.011, +0.000, -0.059, +1.000]
  EE posição      : [-0.252, -0.000, +0.033]
  EE velocidade   : [+0.002, +0.000, -0.015]
  Garra           : 0.080 m  (ABERTA)
  Cubo posição    : [-0.250, +0.000, +0.020]
  Target (target): [+0.150, +0.000, +0.020]
  Dist EE→Cubo    : 0.0131 m
  Dist Cubo→target: 0.4000 m
  Reward          : -0.4000
  Sucesso         : False
  Obstáculo caminho: nao  (count: 0)
  Objeto [object_1]: tipo=box  massa=1.0 kg  tamanho=[0.04, 0.04, 0.04]
  Target goal     : {'type': 'goal_sequence', 'targets': [{'name': 'target', 'position': [0.15000000596046448, 0.0, 0.019999999552965164]}], 'mode': 'goal_sequence'}
  Mesa            : 1.1x0.7x0.4 m  offset_x=-0.3
  Robô config     : control=ee  block_gripper=False  base=[-0.6, 0.0, 0.05]
  Scripts         : ['script_1', 'reach_only', 'left_right']
  Juntas ângulos  : [-0.00, +0.23, +0.00, -2.85, -0.00, +3.07, +0.79]
  Juntas veloc.   : [+0.00, +0.07, -0.00, +0.02, -0.00, +0.04, +0.00]
  Cubo rotação    : [-0.000, -0.000, -0.000]  (roll/pitch/yaw)
  Cubo vel.linear : [-0.000, +0.000, -0.000]
────────────────────────────────────────────
 Ep  1 | Step  25
────────────────────────────────────────────
  Task            : PICK_AND_PLACE
  Action          : [+0.011, +0.000, -0.059, +1.000]
  EE posição      : [-0.252, -0.000, +0.031]
  EE velocidade   : [+0.002, +0.000, -0.015]
  Garra           : 0.080 m  (ABERTA)
  Cubo posição    : [-0.250, +0.000, +0.020]
  Target (target): [+0.150, +0.000, +0.020]
  Dist EE→Cubo    : 0.0113 m
  Dist Cubo→target: 0.4000 m
  Reward          : -0.4000
  Sucesso         : False
  Obstáculo caminho: nao  (count: 0)
  Objeto [object_1]: tipo=box  massa=1.0 kg  tamanho=[0.04, 0.04, 0.04]
  Target goal     : {'type': 'goal_sequence', 'targets': [{'name': 'target', 'position': [0.15000000596046448, 0.0, 0.019999999552965164]}], 'mode': 'goal_sequence'}
  Mesa            : 1.1x0.7x0.4 m  offset_x=-0.3
  Robô config     : control=ee  block_gripper=False  base=[-0.6, 0.0, 0.05]
  Scripts         : ['script_1', 'reach_only', 'left_right']
  Juntas ângulos  : [-0.00, +0.23, +0.00, -2.84, -0.00, +3.08, +0.79]
  Juntas veloc.   : [+0.00, +0.07, -0.00, +0.02, -0.00, +0.04, +0.00]
  Cubo rotação    : [-0.000, -0.000, -0.000]  (roll/pitch/yaw)
  Cubo vel.linear : [-0.000, +0.000, -0.000]
────────────────────────────────────────────
 Ep  1 | Step  26
────────────────────────────────────────────
  Task            : PICK_AND_PLACE
  Action          : [+0.010, +0.000, -0.059, +1.000]
  EE posição      : [-0.252, -0.000, +0.029]
  EE velocidade   : [+0.002, +0.000, -0.015]
  Garra           : 0.080 m  (ABERTA)
  Cubo posição    : [-0.250, +0.000, +0.020]
  Target (target): [+0.150, +0.000, +0.020]
  Dist EE→Cubo    : 0.0094 m
  Dist Cubo→target: 0.4000 m
  Reward          : -0.4000
  Sucesso         : False
  Obstáculo caminho: nao  (count: 0)
  Objeto [object_1]: tipo=box  massa=1.0 kg  tamanho=[0.04, 0.04, 0.04]
  Target goal     : {'type': 'goal_sequence', 'targets': [{'name': 'target', 'position': [0.15000000596046448, 0.0, 0.019999999552965164]}], 'mode': 'goal_sequence'}
  Mesa            : 1.1x0.7x0.4 m  offset_x=-0.3
  Robô config     : control=ee  block_gripper=False  base=[-0.6, 0.0, 0.05]
  Scripts         : ['script_1', 'reach_only', 'left_right']
  Juntas ângulos  : [-0.00, +0.24, +0.00, -2.84, -0.00, +3.08, +0.79]
  Juntas veloc.   : [+0.00, +0.07, -0.00, +0.02, -0.00, +0.04, +0.00]
  Cubo rotação    : [-0.000, -0.000, -0.000]  (roll/pitch/yaw)
  Cubo vel.linear : [-0.000, +0.000, -0.000]
────────────────────────────────────────────
 Ep  1 | Step  27
────────────────────────────────────────────
  Task            : PICK_AND_PLACE
  Action          : [+0.010, +0.000, -0.059, +1.000]
  EE posição      : [-0.251, -0.000, +0.027]
  EE velocidade   : [+0.002, +0.000, -0.015]
  Garra           : 0.080 m  (ABERTA)
  Cubo posição    : [-0.250, +0.000, +0.020]
  Target (target): [+0.150, +0.000, +0.020]
  Dist EE→Cubo    : 0.0075 m
  Dist Cubo→target: 0.4000 m
  Reward          : -0.4000
  Sucesso         : False
  Obstáculo caminho: nao  (count: 0)
  Objeto [object_1]: tipo=box  massa=1.0 kg  tamanho=[0.04, 0.04, 0.04]
  Target goal     : {'type': 'goal_sequence', 'targets': [{'name': 'target', 'position': [0.15000000596046448, 0.0, 0.019999999552965164]}], 'mode': 'goal_sequence'}
  Mesa            : 1.1x0.7x0.4 m  offset_x=-0.3
  Robô config     : control=ee  block_gripper=False  base=[-0.6, 0.0, 0.05]
  Scripts         : ['script_1', 'reach_only', 'left_right']
  Juntas ângulos  : [-0.00, +0.25, +0.00, -2.84, -0.00, +3.09, +0.79]
  Juntas veloc.   : [+0.00, +0.07, -0.00, +0.02, -0.00, +0.04, +0.00]
  Cubo rotação    : [-0.000, -0.000, -0.000]  (roll/pitch/yaw)
  Cubo vel.linear : [-0.000, +0.000, -0.000]
────────────────────────────────────────────
 Ep  1 | Step  28
────────────────────────────────────────────
  Task            : PICK_AND_PLACE
  Action          : [+0.010, +0.000, -0.059, +1.000]
  EE posição      : [-0.251, -0.000, +0.026]
  EE velocidade   : [+0.002, +0.000, -0.015]
  Garra           : 0.080 m  (ABERTA)
  Cubo posição    : [-0.250, +0.000, +0.020]
  Target (target): [+0.150, +0.000, +0.020]
  Dist EE→Cubo    : 0.0056 m
  Dist Cubo→target: 0.4000 m
  Reward          : -0.4000
  Sucesso         : False
  Obstáculo caminho: nao  (count: 0)
  Objeto [object_1]: tipo=box  massa=1.0 kg  tamanho=[0.04, 0.04, 0.04]
  Target goal     : {'type': 'goal_sequence', 'targets': [{'name': 'target', 'position': [0.15000000596046448, 0.0, 0.019999999552965164]}], 'mode': 'goal_sequence'}
  Mesa            : 1.1x0.7x0.4 m  offset_x=-0.3
  Robô config     : control=ee  block_gripper=False  base=[-0.6, 0.0, 0.05]
  Scripts         : ['script_1', 'reach_only', 'left_right']
  Juntas ângulos  : [-0.00, +0.26, +0.00, -2.84, -0.00, +3.09, +0.79]
  Juntas veloc.   : [+0.00, +0.07, -0.00, +0.02, -0.00, +0.04, +0.00]
  Cubo rotação    : [-0.000, -0.000, -0.000]  (roll/pitch/yaw)
  Cubo vel.linear : [-0.000, +0.000, -0.000]
────────────────────────────────────────────
 Ep  1 | Step  29
────────────────────────────────────────────
  Task            : PICK_AND_PLACE
  Action          : [+0.009, +0.000, -0.059, +1.000]
  EE posição      : [-0.251, -0.000, +0.024]
  EE velocidade   : [+0.002, +0.000, -0.015]
  Garra           : 0.080 m  (ABERTA)
  Cubo posição    : [-0.250, +0.000, +0.020]
  Target (target): [+0.150, +0.000, +0.020]
  Dist EE→Cubo    : 0.0037 m
  Dist Cubo→target: 0.4000 m
  Reward          : -0.4000
  Sucesso         : False
  Obstáculo caminho: nao  (count: 0)
  Objeto [object_1]: tipo=box  massa=1.0 kg  tamanho=[0.04, 0.04, 0.04]
  Target goal     : {'type': 'goal_sequence', 'targets': [{'name': 'target', 'position': [0.15000000596046448, 0.0, 0.019999999552965164]}], 'mode': 'goal_sequence'}
  Mesa            : 1.1x0.7x0.4 m  offset_x=-0.3
  Robô config     : control=ee  block_gripper=False  base=[-0.6, 0.0, 0.05]
  Scripts         : ['script_1', 'reach_only', 'left_right']
  Juntas ângulos  : [-0.00, +0.27, +0.00, -2.83, -0.00, +3.10, +0.79]
  Juntas veloc.   : [+0.00, +0.07, -0.00, +0.02, -0.00, +0.04, +0.00]
  Cubo rotação    : [-0.000, -0.000, -0.000]  (roll/pitch/yaw)
  Cubo vel.linear : [-0.000, +0.000, -0.000]
────────────────────────────────────────────
 Ep  1 | Step  30
────────────────────────────────────────────
  Task            : PICK_AND_PLACE
  Action          : [+0.009, +0.000, -0.059, -1.000]
  EE posição      : [-0.250, -0.000, +0.022]
  EE velocidade   : [+0.002, -0.000, -0.015]
  Garra           : 0.038 m  (AGARRADA)
  Cubo posição    : [-0.250, +0.000, +0.020]
  Target (target): [+0.150, +0.000, +0.020]
  Dist EE→Cubo    : 0.0018 m
  Dist Cubo→target: 0.4001 m
  Reward          : -0.4001
  Sucesso         : False
  Obstáculo caminho: nao  (count: 0)
  Objeto [object_1]: tipo=box  massa=1.0 kg  tamanho=[0.04, 0.04, 0.04]
  Target goal     : {'type': 'goal_sequence', 'targets': [{'name': 'target', 'position': [0.15000000596046448, 0.0, 0.019999999552965164]}], 'mode': 'goal_sequence'}
  Mesa            : 1.1x0.7x0.4 m  offset_x=-0.3
  Robô config     : control=ee  block_gripper=False  base=[-0.6, 0.0, 0.05]
  Scripts         : ['script_1', 'reach_only', 'left_right']
  Juntas ângulos  : [-0.00, +0.28, +0.00, -2.83, -0.00, +3.11, +0.79]
  Juntas veloc.   : [+0.00, +0.07, -0.00, +0.02, +0.00, +0.04, +0.00]
  Cubo rotação    : [-0.000, +0.000, -0.014]  (roll/pitch/yaw)
  Cubo vel.linear : [+0.000, -0.000, -0.000]
────────────────────────────────────────────
 Ep  1 | Step  31
────────────────────────────────────────────
  Task            : PICK_AND_PLACE
  Action          : [-0.003, -0.000, +1.000, -1.000]
  EE posição      : [-0.264, +0.000, +0.034]
  EE velocidade   : [+0.449, +0.001, +0.785]
  Garra           : 0.029 m  (AGARRADA)
  Cubo posição    : [-0.263, +0.000, +0.029]
  Target (target): [+0.150, +0.000, +0.020]
  Dist EE→Cubo    : 0.0050 m
  Dist Cubo→target: 0.4132 m
  Reward          : -0.4132
  Sucesso         : False
  Obstáculo caminho: nao  (count: 0)
  Objeto [object_1]: tipo=box  massa=1.0 kg  tamanho=[0.04, 0.04, 0.04]
  Target goal     : {'type': 'goal_sequence', 'targets': [{'name': 'target', 'position': [0.15000000596046448, 0.0, 0.019999999552965164]}], 'mode': 'goal_sequence'}
  Mesa            : 1.1x0.7x0.4 m  offset_x=-0.3
  Robô config     : control=ee  block_gripper=False  base=[-0.6, 0.0, 0.05]
  Scripts         : ['script_1', 'reach_only', 'left_right']
  Juntas ângulos  : [-0.00, +0.20, +0.00, -2.85, -0.00, +3.00, +0.79]
  Juntas veloc.   : [-0.00, -2.69, +0.00, -0.31, +0.00, -0.80, -0.00]
  Cubo rotação    : [+0.022, +0.027, +0.037]  (roll/pitch/yaw)
  Cubo vel.linear : [+0.065, -0.001, +0.493]
────────────────────────────────────────────
 Ep  1 | Step  32
────────────────────────────────────────────
  Task            : PICK_AND_PLACE
  Action          : [+0.147, -0.000, +0.989, -1.000]
  EE posição      : [-0.255, +0.000, +0.066]
  EE velocidade   : [+0.127, +0.001, +0.359]
  Garra           : 0.025 m  (AGARRADA)
  Cubo posição    : [-0.256, +0.001, +0.057]
  Target (target): [+0.150, +0.000, +0.020]
  Dist EE→Cubo    : 0.0097 m
  Dist Cubo→target: 0.4079 m
  Reward          : -0.4079
  Sucesso         : False
  Obstáculo caminho: nao  (count: 0)
  Objeto [object_1]: tipo=box  massa=1.0 kg  tamanho=[0.04, 0.04, 0.04]
  Target goal     : {'type': 'goal_sequence', 'targets': [{'name': 'target', 'position': [0.15000000596046448, 0.0, 0.019999999552965164]}], 'mode': 'goal_sequence'}
  Mesa            : 1.1x0.7x0.4 m  offset_x=-0.3
  Robô config     : control=ee  block_gripper=False  base=[-0.6, 0.0, 0.05]
  Scripts         : ['script_1', 'reach_only', 'left_right']
  Juntas ângulos  : [-0.00, +0.08, +0.00, -2.88, -0.00, +2.95, +0.79]
  Juntas veloc.   : [-0.00, -1.30, +0.00, -0.23, +0.00, -0.40, -0.00]
  Cubo rotação    : [+0.010, +0.014, -0.027]  (roll/pitch/yaw)
  Cubo vel.linear : [+0.240, +0.007, +0.477]
────────────────────────────────────────────
 Ep  1 | Step  33
────────────────────────────────────────────
  Task            : PICK_AND_PLACE
  Action          : [+0.081, -0.001, +0.997, -1.000]
  EE posição      : [-0.252, +0.000, +0.092]
  EE velocidade   : [+0.263, -0.000, +0.568]
  Garra           : 0.026 m  (AGARRADA)
  Cubo posição    : [-0.253, +0.001, +0.079]
  Target (target): [+0.150, +0.000, +0.020]
  Dist EE→Cubo    : 0.0136 m
  Dist Cubo→target: 0.4072 m
  Reward          : -0.4072
  Sucesso         : False
  Obstáculo caminho: nao  (count: 0)
  Objeto [object_1]: tipo=box  massa=1.0 kg  tamanho=[0.04, 0.04, 0.04]
  Target goal     : {'type': 'goal_sequence', 'targets': [{'name': 'target', 'position': [0.15000000596046448, 0.0, 0.019999999552965164]}], 'mode': 'goal_sequence'}
  Mesa            : 1.1x0.7x0.4 m  offset_x=-0.3
  Robô config     : control=ee  block_gripper=False  base=[-0.6, 0.0, 0.05]
  Scripts         : ['script_1', 'reach_only', 'left_right']
  Juntas ângulos  : [-0.00, -0.03, +0.00, -2.88, -0.00, +2.84, +0.79]
  Juntas veloc.   : [+0.00, -1.84, +0.00, +0.01, +0.00, -0.86, -0.00]
  Cubo rotação    : [+0.017, +0.022, +0.009]  (roll/pitch/yaw)
  Cubo vel.linear : [+0.302, +0.003, +0.586]
────────────────────────────────────────────
 Ep  1 | Step  34
────────────────────────────────────────────
  Task            : PICK_AND_PLACE
  Action          : [+0.062, -0.001, +0.998, -1.000]
  EE posição      : [-0.247, -0.000, +0.122]
  EE velocidade   : [+0.153, -0.000, +0.447]
  Garra           : 0.031 m  (AGARRADA)
  Cubo posição    : [-0.246, +0.001, +0.104]
  Target (target): [+0.150, +0.000, +0.020]
  Dist EE→Cubo    : 0.0188 m
  Dist Cubo→target: 0.4052 m
  Reward          : -0.4052
  Sucesso         : False
  Obstáculo caminho: nao  (count: 0)
  Objeto [object_1]: tipo=box  massa=1.0 kg  tamanho=[0.04, 0.04, 0.04]
  Target goal     : {'type': 'goal_sequence', 'targets': [{'name': 'target', 'position': [0.15000000596046448, 0.0, 0.019999999552965164]}], 'mode': 'goal_sequence'}
  Mesa            : 1.1x0.7x0.4 m  offset_x=-0.3
  Robô config     : control=ee  block_gripper=False  base=[-0.6, 0.0, 0.05]
  Scripts         : ['script_1', 'reach_only', 'left_right']
  Juntas ângulos  : [-0.00, -0.13, +0.00, -2.87, +0.00, +2.73, +0.79]
  Juntas veloc.   : [+0.00, -1.42, -0.00, +0.05, +0.00, -0.81, -0.00]
  Cubo rotação    : [-0.044, -0.030, +0.005]  (roll/pitch/yaw)
  Cubo vel.linear : [+0.169, +0.008, +0.448]
────────────────────────────────────────────
 Ep  1 | Step  35
────────────────────────────────────────────
  Task            : PICK_AND_PLACE
  Action          : [-0.929, +0.002, +0.369, -1.000]
  EE posição      : [-0.271, +0.000, +0.135]
  EE velocidade   : [-0.630, +0.001, -0.065]
  Garra           : 0.034 m  (AGARRADA)
  Cubo posição    : [-0.266, +0.001, +0.117]
  Target (target): [+0.150, +0.000, +0.020]
  Dist EE→Cubo    : 0.0191 m
  Dist Cubo→target: 0.4269 m
  Reward          : -0.4269
  Sucesso         : False
  Obstáculo caminho: nao  (count: 0)
  Objeto [object_1]: tipo=box  massa=1.0 kg  tamanho=[0.04, 0.04, 0.04]
  Target goal     : {'type': 'goal_sequence', 'targets': [{'name': 'target', 'position': [0.15000000596046448, 0.0, 0.019999999552965164]}], 'mode': 'goal_sequence'}
  Mesa            : 1.1x0.7x0.4 m  offset_x=-0.3
  Robô config     : control=ee  block_gripper=False  base=[-0.6, 0.0, 0.05]
  Scripts         : ['script_1', 'reach_only', 'left_right']
  Juntas ângulos  : [-0.00, -0.25, +0.00, -2.96, +0.00, +2.73, +0.79]
  Juntas veloc.   : [+0.00, -1.60, +0.00, -1.78, +0.00, -0.05, +0.00]
  Cubo rotação    : [-0.009, -0.242, +0.010]  (roll/pitch/yaw)
  Cubo vel.linear : [-0.660, +0.004, -0.071]
────────────────────────────────────────────
 Ep  1 | Step  36
────────────────────────────────────────────
  Task            : PICK_AND_PLACE
  Action          : [+0.999, -0.000, -0.036, -1.000]
  EE posição      : [-0.271, +0.000, +0.122]
  EE velocidade   : [+0.801, +0.000, -0.262]
  Garra           : 0.036 m  (AGARRADA)
  Cubo posição    : [-0.269, +0.001, +0.103]
  Target (target): [+0.150, +0.000, +0.020]
  Dist EE→Cubo    : 0.0196 m
  Dist Cubo→target: 0.4270 m
  Reward          : -0.4270
  Sucesso         : False
  Obstáculo caminho: nao  (count: 0)
  Objeto [object_1]: tipo=box  massa=1.0 kg  tamanho=[0.04, 0.04, 0.04]
  Target goal     : {'type': 'goal_sequence', 'targets': [{'name': 'target', 'position': [0.15000000596046448, 0.0, 0.019999999552965164]}], 'mode': 'goal_sequence'}
  Mesa            : 1.1x0.7x0.4 m  offset_x=-0.3
  Robô config     : control=ee  block_gripper=False  base=[-0.6, 0.0, 0.05]
  Scripts         : ['script_1', 'reach_only', 'left_right']
  Juntas ângulos  : [-0.00, -0.18, +0.00, -2.91, +0.00, +2.69, +0.79]
  Juntas veloc.   : [-0.00, +3.47, -0.00, +2.98, -0.00, -0.30, +0.00]
  Cubo rotação    : [-0.005, +0.014, +0.005]  (roll/pitch/yaw)
  Cubo vel.linear : [+0.573, -0.001, -0.362]
────────────────────────────────────────────
 Ep  1 | Step  37
────────────────────────────────────────────
  Task            : PICK_AND_PLACE
  Action          : [+1.000, -0.000, -0.006, -1.000]
  EE posição      : [-0.236, +0.000, +0.121]
  EE velocidade   : [+0.452, -0.000, +0.235]
  Garra           : 0.036 m  (AGARRADA)
  Cubo posição    : [-0.238, +0.002, +0.101]
  Target (target): [+0.150, +0.000, +0.020]
  Dist EE→Cubo    : 0.0203 m
  Dist Cubo→target: 0.3961 m
  Reward          : -0.3961
  Sucesso         : False
  Obstáculo caminho: nao  (count: 0)
  Objeto [object_1]: tipo=box  massa=1.0 kg  tamanho=[0.04, 0.04, 0.04]
  Target goal     : {'type': 'goal_sequence', 'targets': [{'name': 'target', 'position': [0.15000000596046448, 0.0, 0.019999999552965164]}], 'mode': 'goal_sequence'}
  Mesa            : 1.1x0.7x0.4 m  offset_x=-0.3
  Robô config     : control=ee  block_gripper=False  base=[-0.6, 0.0, 0.05]
  Scripts         : ['script_1', 'reach_only', 'left_right']
  Juntas ângulos  : [-0.00, -0.09, +0.00, -2.83, +0.00, +2.71, +0.79]
  Juntas veloc.   : [-0.00, +0.08, -0.00, +0.80, -0.00, +0.20, -0.00]
  Cubo rotação    : [-0.006, +0.076, +0.002]  (roll/pitch/yaw)
  Cubo vel.linear : [+0.468, +0.005, +0.231]
────────────────────────────────────────────
 Ep  1 | Step  38
────────────────────────────────────────────
  Task            : PICK_AND_PLACE
  Action          : [+1.000, -0.000, -0.003, -1.000]
  EE posição      : [-0.202, +0.000, +0.123]
  EE velocidade   : [+0.542, -0.001, +0.097]
  Garra           : 0.038 m  (AGARRADA)
  Cubo posição    : [-0.204, +0.002, +0.102]
  Target (target): [+0.150, +0.000, +0.020]
  Dist EE→Cubo    : 0.0208 m
  Dist Cubo→target: 0.3631 m
  Reward          : -0.3631
  Sucesso         : False
  Obstáculo caminho: nao  (count: 0)
  Objeto [object_1]: tipo=box  massa=1.0 kg  tamanho=[0.04, 0.04, 0.04]
  Target goal     : {'type': 'goal_sequence', 'targets': [{'name': 'target', 'position': [0.15000000596046448, 0.0, 0.019999999552965164]}], 'mode': 'goal_sequence'}
  Mesa            : 1.1x0.7x0.4 m  offset_x=-0.3
  Robô config     : control=ee  block_gripper=False  base=[-0.6, 0.0, 0.05]
  Scripts         : ['script_1', 'reach_only', 'left_right']
  Juntas ângulos  : [-0.00, -0.02, +0.00, -2.73, +0.00, +2.70, +0.79]
  Juntas veloc.   : [-0.00, +0.87, -0.00, +1.40, -0.00, -0.07, +0.00]
  Cubo rotação    : [-0.002, +0.092, -0.001]  (roll/pitch/yaw)
  Cubo vel.linear : [+0.613, +0.005, +0.088]
────────────────────────────────────────────
 Ep  1 | Step  39
────────────────────────────────────────────
  Task            : PICK_AND_PLACE
  Action          : [+1.000, -0.000, -0.008, -1.000]
  EE posição      : [-0.168, -0.000, +0.121]
  EE velocidade   : [+0.491, -0.001, +0.096]
  Garra           : 0.038 m  (AGARRADA)
  Cubo posição    : [-0.170, +0.002, +0.100]
  Target (target): [+0.150, +0.000, +0.020]
  Dist EE→Cubo    : 0.0212 m
  Dist Cubo→target: 0.3298 m
  Reward          : -0.3298
  Sucesso         : False
  Obstáculo caminho: nao  (count: 0)
  Objeto [object_1]: tipo=box  massa=1.0 kg  tamanho=[0.04, 0.04, 0.04]
  Target goal     : {'type': 'goal_sequence', 'targets': [{'name': 'target', 'position': [0.15000000596046448, 0.0, 0.019999999552965164]}], 'mode': 'goal_sequence'}
  Mesa            : 1.1x0.7x0.4 m  offset_x=-0.3
  Robô config     : control=ee  block_gripper=False  base=[-0.6, 0.0, 0.05]
  Scripts         : ['script_1', 'reach_only', 'left_right']
  Juntas ângulos  : [-0.00, +0.07, +0.00, -2.62, -0.00, +2.68, +0.79]
  Juntas veloc.   : [-0.00, +0.75, -0.00, +1.33, -0.00, -0.21, -0.00]
  Cubo rotação    : [+0.005, +0.115, +0.013]  (roll/pitch/yaw)
  Cubo vel.linear : [+0.578, -0.006, +0.041]
────────────────────────────────────────────
 Ep  1 | Step  40
────────────────────────────────────────────
  Task            : PICK_AND_PLACE
  Action          : [+1.000, +0.000, -0.004, -1.000]
  EE posição      : [-0.134, -0.000, +0.119]
  EE velocidade   : [+0.477, -0.001, +0.064]
  Garra           : 0.038 m  (AGARRADA)
  Cubo posição    : [-0.137, +0.002, +0.098]
  Target (target): [+0.150, +0.000, +0.020]
  Dist EE→Cubo    : 0.0218 m
  Dist Cubo→target: 0.2971 m
  Reward          : -0.2971
  Sucesso         : False
  Obstáculo caminho: nao  (count: 0)
  Objeto [object_1]: tipo=box  massa=1.0 kg  tamanho=[0.04, 0.04, 0.04]
  Target goal     : {'type': 'goal_sequence', 'targets': [{'name': 'target', 'position': [0.15000000596046448, 0.0, 0.019999999552965164]}], 'mode': 'goal_sequence'}
  Mesa            : 1.1x0.7x0.4 m  offset_x=-0.3
  Robô config     : control=ee  block_gripper=False  base=[-0.6, 0.0, 0.05]
  Scripts         : ['script_1', 'reach_only', 'left_right']
  Juntas ângulos  : [-0.00, +0.15, +0.00, -2.51, -0.00, +2.65, +0.79]
  Juntas veloc.   : [+0.00, +0.80, -0.00, +1.36, -0.00, -0.23, +0.00]
  Cubo rotação    : [-0.000, +0.122, +0.009]  (roll/pitch/yaw)
  Cubo vel.linear : [+0.586, +0.006, +0.012]
────────────────────────────────────────────
 Ep  1 | Step  41
────────────────────────────────────────────
  Task            : PICK_AND_PLACE
  Action          : [+1.000, +0.000, +0.003, -1.000]
  EE posição      : [-0.101, -0.000, +0.115]
  EE velocidade   : [+0.434, -0.001, +0.002]
  Garra           : 0.038 m  (AGARRADA)
  Cubo posição    : [-0.105, +0.003, +0.094]
  Target (target): [+0.150, +0.000, +0.020]
  Dist EE→Cubo    : 0.0221 m
  Dist Cubo→target: 0.2651 m
  Reward          : -0.2651
  Sucesso         : False
  Obstáculo caminho: nao  (count: 0)
  Objeto [object_1]: tipo=box  massa=1.0 kg  tamanho=[0.04, 0.04, 0.04]
  Target goal     : {'type': 'goal_sequence', 'targets': [{'name': 'target', 'position': [0.15000000596046448, 0.0, 0.019999999552965164]}], 'mode': 'goal_sequence'}
  Mesa            : 1.1x0.7x0.4 m  offset_x=-0.3
  Robô config     : control=ee  block_gripper=False  base=[-0.6, 0.0, 0.05]
  Scripts         : ['script_1', 'reach_only', 'left_right']
  Juntas ângulos  : [-0.00, +0.23, +0.00, -2.39, -0.00, +2.61, +0.79]
  Juntas veloc.   : [+0.00, +0.89, -0.00, +1.35, -0.00, -0.26, -0.00]
  Cubo rotação    : [+0.003, +0.142, +0.004]  (roll/pitch/yaw)
  Cubo vel.linear : [+0.489, +0.007, -0.031]
────────────────────────────────────────────
 Ep  1 | Step  42
────────────────────────────────────────────
  Task            : PICK_AND_PLACE
  Action          : [+1.000, +0.000, +0.018, -1.000]
  EE posição      : [-0.068, -0.000, +0.111]
  EE velocidade   : [+0.425, +0.000, +0.000]
  Garra           : 0.036 m  (AGARRADA)
  Cubo posição    : [-0.073, +0.003, +0.089]
  Target (target): [+0.150, +0.000, +0.020]
  Dist EE→Cubo    : 0.0222 m
  Dist Cubo→target: 0.2333 m
  Reward          : -0.2333
  Sucesso         : False
  Obstáculo caminho: nao  (count: 0)
  Objeto [object_1]: tipo=box  massa=1.0 kg  tamanho=[0.04, 0.04, 0.04]
  Target goal     : {'type': 'goal_sequence', 'targets': [{'name': 'target', 'position': [0.15000000596046448, 0.0, 0.019999999552965164]}], 'mode': 'goal_sequence'}
  Mesa            : 1.1x0.7x0.4 m  offset_x=-0.3
  Robô config     : control=ee  block_gripper=False  base=[-0.6, 0.0, 0.05]
  Scripts         : ['script_1', 'reach_only', 'left_right']
  Juntas ângulos  : [-0.00, +0.31, +0.00, -2.28, -0.00, +2.58, +0.79]
  Juntas veloc.   : [+0.00, +0.87, +0.00, +1.36, +0.00, -0.27, +0.00]
  Cubo rotação    : [+0.008, +0.150, +0.008]  (roll/pitch/yaw)
  Cubo vel.linear : [+0.538, +0.009, -0.030]
────────────────────────────────────────────
 Ep  1 | Step  43
────────────────────────────────────────────
  Task            : PICK_AND_PLACE
  Action          : [+0.999, +0.000, +0.041, -1.000]
  EE posição      : [-0.037, -0.000, +0.106]
  EE velocidade   : [+0.385, -0.000, -0.027]
  Garra           : 0.035 m  (AGARRADA)
  Cubo posição    : [-0.043, +0.003, +0.085]
  Target (target): [+0.150, +0.000, +0.020]
  Dist EE→Cubo    : 0.0226 m
  Dist Cubo→target: 0.2031 m
  Reward          : -0.2031
  Sucesso         : False
  Obstáculo caminho: nao  (count: 0)
  Objeto [object_1]: tipo=box  massa=1.0 kg  tamanho=[0.04, 0.04, 0.04]
  Target goal     : {'type': 'goal_sequence', 'targets': [{'name': 'target', 'position': [0.15000000596046448, 0.0, 0.019999999552965164]}], 'mode': 'goal_sequence'}
  Mesa            : 1.1x0.7x0.4 m  offset_x=-0.3
  Robô config     : control=ee  block_gripper=False  base=[-0.6, 0.0, 0.05]
  Scripts         : ['script_1', 'reach_only', 'left_right']
  Juntas ângulos  : [-0.00, +0.39, +0.00, -2.16, -0.00, +2.54, +0.79]
  Juntas veloc.   : [+0.00, +0.86, -0.00, +1.32, -0.00, -0.29, +0.00]
  Cubo rotação    : [-0.004, +0.174, +0.004]  (roll/pitch/yaw)
  Cubo vel.linear : [+0.477, +0.006, -0.062]
────────────────────────────────────────────
 Ep  1 | Step  44
────────────────────────────────────────────
  Task            : PICK_AND_PLACE
  Action          : [+0.997, +0.000, +0.073, -1.000]
  EE posição      : [-0.007, -0.000, +0.102]
  EE velocidade   : [+0.372, -0.000, -0.016]
  Garra           : 0.037 m  (AGARRADA)
  Cubo posição    : [-0.014, +0.003, +0.080]
  Target (target): [+0.150, +0.000, +0.020]
  Dist EE→Cubo    : 0.0232 m
  Dist Cubo→target: 0.1749 m
  Reward          : -0.1749
  Sucesso         : False
  Obstáculo caminho: nao  (count: 0)
  Objeto [object_1]: tipo=box  massa=1.0 kg  tamanho=[0.04, 0.04, 0.04]
  Target goal     : {'type': 'goal_sequence', 'targets': [{'name': 'target', 'position': [0.15000000596046448, 0.0, 0.019999999552965164]}], 'mode': 'goal_sequence'}
  Mesa            : 1.1x0.7x0.4 m  offset_x=-0.3
  Robô config     : control=ee  block_gripper=False  base=[-0.6, 0.0, 0.05]
  Scripts         : ['script_1', 'reach_only', 'left_right']
  Juntas ângulos  : [-0.00, +0.47, +0.00, -2.04, -0.00, +2.50, +0.79]
  Juntas veloc.   : [+0.00, +0.82, -0.00, +1.32, +0.00, -0.32, -0.00]
  Cubo rotação    : [+0.000, +0.235, +0.003]  (roll/pitch/yaw)
  Cubo vel.linear : [+0.433, +0.007, -0.039]
────────────────────────────────────────────
 Ep  1 | Step  45
────────────────────────────────────────────
  Task            : PICK_AND_PLACE
  Action          : [+0.993, +0.000, +0.116, -1.000]
  EE posição      : [+0.022, -0.000, +0.098]
  EE velocidade   : [+0.342, +0.000, -0.010]
  Garra           : 0.036 m  (AGARRADA)
  Cubo posição    : [+0.013, +0.004, +0.076]
  Target (target): [+0.150, +0.000, +0.020]
  Dist EE→Cubo    : 0.0238 m
  Dist Cubo→target: 0.1482 m
  Reward          : -0.1482
  Sucesso         : False
  Obstáculo caminho: nao  (count: 0)
  Objeto [object_1]: tipo=box  massa=1.0 kg  tamanho=[0.04, 0.04, 0.04]
  Target goal     : {'type': 'goal_sequence', 'targets': [{'name': 'target', 'position': [0.15000000596046448, 0.0, 0.019999999552965164]}], 'mode': 'goal_sequence'}
  Mesa            : 1.1x0.7x0.4 m  offset_x=-0.3
  Robô config     : control=ee  block_gripper=False  base=[-0.6, 0.0, 0.05]
  Scripts         : ['script_1', 'reach_only', 'left_right']
  Juntas ângulos  : [-0.00, +0.55, +0.00, -1.92, -0.00, +2.45, +0.79]
  Juntas veloc.   : [+0.00, +0.77, +0.00, +1.29, -0.00, -0.34, +0.00]
  Cubo rotação    : [-0.003, +0.276, -0.003]  (roll/pitch/yaw)
  Cubo vel.linear : [+0.418, +0.015, -0.022]
────────────────────────────────────────────
 Ep  1 | Step  46
────────────────────────────────────────────
  Task            : PICK_AND_PLACE
  Action          : [+0.985, +0.000, +0.170, -1.000]
  EE posição      : [+0.049, -0.000, +0.096]
  EE velocidade   : [+0.327, +0.000, +0.039]
  Garra           : 0.036 m  (AGARRADA)
  Cubo posição    : [+0.039, +0.004, +0.074]
  Target (target): [+0.150, +0.000, +0.020]
  Dist EE→Cubo    : 0.0245 m
  Dist Cubo→target: 0.1237 m
  Reward          : -0.1237
  Sucesso         : False
  Obstáculo caminho: nao  (count: 0)
  Objeto [object_1]: tipo=box  massa=1.0 kg  tamanho=[0.04, 0.04, 0.04]
  Target goal     : {'type': 'goal_sequence', 'targets': [{'name': 'target', 'position': [0.15000000596046448, 0.0, 0.019999999552965164]}], 'mode': 'goal_sequence'}
  Mesa            : 1.1x0.7x0.4 m  offset_x=-0.3
  Robô config     : control=ee  block_gripper=False  base=[-0.6, 0.0, 0.05]
  Scripts         : ['script_1', 'reach_only', 'left_right']
  Juntas ângulos  : [-0.00, +0.61, +0.00, -1.81, -0.00, +2.40, +0.79]
  Juntas veloc.   : [+0.00, +0.67, +0.00, +1.26, +0.00, -0.37, +0.00]
  Cubo rotação    : [+0.012, +0.308, +0.000]  (roll/pitch/yaw)
  Cubo vel.linear : [+0.428, +0.013, +0.013]
────────────────────────────────────────────
 Ep  1 | Step  47
────────────────────────────────────────────
  Task            : PICK_AND_PLACE
  Action          : [+0.973, +0.001, +0.232, -1.000]
  EE posição      : [+0.074, -0.000, +0.096]
  EE velocidade   : [+0.301, +0.000, +0.090]
  Garra           : 0.036 m  (AGARRADA)
  Cubo posição    : [+0.063, +0.004, +0.074]
  Target (target): [+0.150, +0.000, +0.020]
  Dist EE→Cubo    : 0.0253 m
  Dist Cubo→target: 0.1021 m
  Reward          : -0.1021
  Sucesso         : False
  Obstáculo caminho: nao  (count: 0)
  Objeto [object_1]: tipo=box  massa=1.0 kg  tamanho=[0.04, 0.04, 0.04]
  Target goal     : {'type': 'goal_sequence', 'targets': [{'name': 'target', 'position': [0.15000000596046448, 0.0, 0.019999999552965164]}], 'mode': 'goal_sequence'}
  Mesa            : 1.1x0.7x0.4 m  offset_x=-0.3
  Robô config     : control=ee  block_gripper=False  base=[-0.6, 0.0, 0.05]
  Scripts         : ['script_1', 'reach_only', 'left_right']
  Juntas ângulos  : [-0.00, +0.68, +0.00, -1.69, -0.00, +2.35, +0.79]
  Juntas veloc.   : [+0.00, +0.55, +0.00, +1.20, +0.00, -0.40, -0.00]
  Cubo rotação    : [+0.006, +0.304, +0.008]  (roll/pitch/yaw)
  Cubo vel.linear : [+0.386, +0.003, +0.041]
────────────────────────────────────────────
 Ep  1 | Step  48
────────────────────────────────────────────
  Task            : PICK_AND_PLACE
  Action          : [+0.954, +0.001, +0.299, -1.000]
  EE posição      : [+0.098, -0.000, +0.102]
  EE velocidade   : [+0.321, +0.000, +0.269]
  Garra           : 0.009 m  (FECHADA)
  Cubo posição    : [+0.088, +0.011, +0.070]
  Target (target): [+0.150, +0.000, +0.020]
  Dist EE→Cubo    : 0.0352 m
  Dist Cubo→target: 0.0804 m
  Reward          : -0.0804
  Sucesso         : False
  Obstáculo caminho: nao  (count: 0)
  Objeto [object_1]: tipo=box  massa=1.0 kg  tamanho=[0.04, 0.04, 0.04]
  Target goal     : {'type': 'goal_sequence', 'targets': [{'name': 'target', 'position': [0.15000000596046448, 0.0, 0.019999999552965164]}], 'mode': 'goal_sequence'}
  Mesa            : 1.1x0.7x0.4 m  offset_x=-0.3
  Robô config     : control=ee  block_gripper=False  base=[-0.6, 0.0, 0.05]
  Scripts         : ['script_1', 'reach_only', 'left_right']
  Juntas ângulos  : [-0.00, +0.74, +0.00, -1.57, -0.00, +2.30, +0.79]
  Juntas veloc.   : [+0.00, +0.27, +0.00, +1.15, -0.00, -0.43, +0.00]
  Cubo rotação    : [-0.411, +0.446, +0.229]  (roll/pitch/yaw)
  Cubo vel.linear : [+0.606, +0.202, -0.403]
────────────────────────────────────────────
 Ep  1 | Step  49
────────────────────────────────────────────
  Task            : PICK_AND_PLACE
  Action          : [+0.942, +0.000, +0.335, -1.000]
  EE posição      : [+0.121, -0.000, +0.114]
  EE velocidade   : [+0.253, +0.000, +0.218]
  Garra           : 0.001 m  (FECHADA)
  Cubo posição    : [+0.111, +0.018, +0.044]
  Target (target): [+0.150, +0.000, +0.020]
  Dist EE→Cubo    : 0.0729 m
  Dist Cubo→target: 0.0490 m
  Reward          : -0.0490
  Sucesso         : False
  Obstáculo caminho: nao  (count: 0)
  Objeto [object_1]: tipo=box  massa=1.0 kg  tamanho=[0.04, 0.04, 0.04]
  Target goal     : {'type': 'goal_sequence', 'targets': [{'name': 'target', 'position': [0.15000000596046448, 0.0, 0.019999999552965164]}], 'mode': 'goal_sequence'}
  Mesa            : 1.1x0.7x0.4 m  offset_x=-0.3
  Robô config     : control=ee  block_gripper=False  base=[-0.6, 0.0, 0.05]
  Scripts         : ['script_1', 'reach_only', 'left_right']
  Juntas ângulos  : [-0.00, +0.78, +0.00, -1.46, -0.00, +2.24, +0.79]
  Juntas veloc.   : [+0.00, +0.30, +0.00, +1.08, +0.00, -0.46, -0.00]
  Cubo rotação    : [-0.774, +0.566, +0.496]  (roll/pitch/yaw)
  Cubo vel.linear : [+0.589, +0.179, -0.823]
────────────────────────────────────────────
 Ep  1 | Step  50
────────────────────────────────────────────
  Task            : PICK_AND_PLACE
  Action          : [+0.980, +0.000, +0.197, -1.000]
  EE posição      : [+0.141, +0.000, +0.122]
  EE velocidade   : [+0.200, -0.000, +0.096]
  Garra           : 0.000 m  (FECHADA)
  Cubo posição    : [+0.131, +0.027, +0.031]
  Target (target): [+0.150, +0.000, +0.020]
  Dist EE→Cubo    : 0.0955 m
  Dist Cubo→target: 0.0352 m
  Reward          : -0.0352
  Sucesso         : False
  Obstáculo caminho: nao  (count: 0)
  Objeto [object_1]: tipo=box  massa=1.0 kg  tamanho=[0.04, 0.04, 0.04]
  Target goal     : {'type': 'goal_sequence', 'targets': [{'name': 'target', 'position': [0.15000000596046448, 0.0, 0.019999999552965164]}], 'mode': 'goal_sequence'}
  Mesa            : 1.1x0.7x0.4 m  offset_x=-0.3
  Robô config     : control=ee  block_gripper=False  base=[-0.6, 0.0, 0.05]
  Scripts         : ['script_1', 'reach_only', 'left_right']
  Juntas ângulos  : [-0.00, +0.84, +0.00, -1.34, -0.00, +2.18, +0.79]
  Juntas veloc.   : [+0.00, +0.49, -0.00, +1.12, +0.00, -0.47, +0.00]
  Cubo rotação    : [-0.836, +1.040, +0.600]  (roll/pitch/yaw)
  Cubo vel.linear : [+0.441, +0.250, -0.196]
────────────────────────────────────────────
 Ep  1 | Step  51
────────────────────────────────────────────
  Task            : PICK_AND_PLACE
  Action          : [+0.967, -0.000, -0.253, -1.000]
  EE posição      : [+0.159, -0.000, +0.113]
  EE velocidade   : [+0.026, -0.000, -0.453]
  Garra           : 0.000 m  (FECHADA)
  Cubo posição    : [+0.147, +0.037, +0.020]
  Target (target): [+0.150, +0.000, +0.020]
  Dist EE→Cubo    : 0.1008 m
  Dist Cubo→target: 0.0373 m
  Reward          : -0.0373
  Sucesso         : False
  Obstáculo caminho: nao  (count: 0)
  Objeto [object_1]: tipo=box  massa=1.0 kg  tamanho=[0.04, 0.04, 0.04]
  Target goal     : {'type': 'goal_sequence', 'targets': [{'name': 'target', 'position': [0.15000000596046448, 0.0, 0.019999999552965164]}], 'mode': 'goal_sequence'}
  Mesa            : 1.1x0.7x0.4 m  offset_x=-0.3
  Robô config     : control=ee  block_gripper=False  base=[-0.6, 0.0, 0.05]
  Scripts         : ['script_1', 'reach_only', 'left_right']
  Juntas ângulos  : [-0.00, +0.92, +0.00, -1.22, -0.00, +2.14, +0.79]
  Juntas veloc.   : [+0.00, +1.14, -0.00, +0.95, -0.00, -0.25, -0.00]
  Cubo rotação    : [+2.295, +1.533, -2.561]  (roll/pitch/yaw)
  Cubo vel.linear : [+0.206, +0.208, +0.055]
────────────────────────────────────────────
 Ep  1 | Step  52
────────────────────────────────────────────
  Task            : PICK_AND_PLACE
  Action          : [-0.080, +0.000, -0.865, -1.000]
  EE posição      : [+0.155, -0.000, +0.074]
  EE velocidade   : [-0.313, -0.000, -1.093]
  Garra           : 0.000 m  (FECHADA)
  Cubo posição    : [+0.153, +0.043, +0.020]
  Target (target): [+0.150, +0.000, +0.020]
  Dist EE→Cubo    : 0.0691 m
  Dist Cubo→target: 0.0436 m
  Reward          : -0.0436
  Sucesso         : False
  Obstáculo caminho: nao  (count: 0)
  Objeto [object_1]: tipo=box  massa=1.0 kg  tamanho=[0.04, 0.04, 0.04]
  Target goal     : {'type': 'goal_sequence', 'targets': [{'name': 'target', 'position': [0.15000000596046448, 0.0, 0.019999999552965164]}], 'mode': 'goal_sequence'}
  Mesa            : 1.1x0.7x0.4 m  offset_x=-0.3
  Robô config     : control=ee  block_gripper=False  base=[-0.6, 0.0, 0.05]
  Scripts         : ['script_1', 'reach_only', 'left_right']
  Juntas ângulos  : [-0.00, +0.97, +0.00, -1.23, -0.00, +2.19, +0.79]
  Juntas veloc.   : [+0.00, +1.47, -0.00, -0.04, -0.00, +0.39, +0.00]
  Cubo rotação    : [+2.260, +1.564, -2.583]  (roll/pitch/yaw)
  Cubo vel.linear : [+0.101, +0.097, +0.001]
────────────────────────────────────────────
 Ep  1 | Step  53
────────────────────────────────────────────
  Task            : PICK_AND_PLACE
  Action          : [-0.026, +0.000, -0.289, -1.000]
  EE posição      : [+0.145, -0.000, +0.038]
  EE velocidade   : [-0.240, -0.000, -0.674]
  Garra           : 0.000 m  (FECHADA)
  Cubo posição    : [+0.155, +0.045, +0.020]
  Target (target): [+0.150, +0.000, +0.020]
  Dist EE→Cubo    : 0.0494 m
  Dist Cubo→target: 0.0451 m
  Reward          : -0.0451
  Sucesso         : False
  Obstáculo caminho: nao  (count: 0)
  Objeto [object_1]: tipo=box  massa=1.0 kg  tamanho=[0.04, 0.04, 0.04]
  Target goal     : {'type': 'goal_sequence', 'targets': [{'name': 'target', 'position': [0.15000000596046448, 0.0, 0.019999999552965164]}], 'mode': 'goal_sequence'}
  Mesa            : 1.1x0.7x0.4 m  offset_x=-0.3
  Robô config     : control=ee  block_gripper=False  base=[-0.6, 0.0, 0.05]
  Scripts         : ['script_1', 'reach_only', 'left_right']
  Juntas ângulos  : [-0.00, +1.02, +0.00, -1.23, -0.00, +2.21, +0.79]
  Juntas veloc.   : [+0.00, +0.92, -0.00, -0.01, -0.00, +0.15, -0.00]
  Cubo rotação    : [+0.000, +1.571, +1.439]  (roll/pitch/yaw)
  Cubo vel.linear : [-0.001, -0.001, +0.000]
────────────────────────────────────────────
 Ep  1 | Step  54
────────────────────────────────────────────
  Task            : PICK_AND_PLACE
  Action          : [+0.015, +0.000, -0.058, -1.000]
  EE posição      : [+0.143, -0.000, +0.020]
  EE velocidade   : [-0.070, -0.000, -0.260]
  Garra           : 0.000 m  (FECHADA)
  Cubo posição    : [+0.155, +0.045, +0.020]
  Target (target): [+0.150, +0.000, +0.020]
  Dist EE→Cubo    : 0.0464 m
  Dist Cubo→target: 0.0451 m
  Reward          : -0.0451
  Sucesso         : False
  Obstáculo caminho: nao  (count: 0)
  Objeto [object_1]: tipo=box  massa=1.0 kg  tamanho=[0.04, 0.04, 0.04]
  Target goal     : {'type': 'goal_sequence', 'targets': [{'name': 'target', 'position': [0.15000000596046448, 0.0, 0.019999999552965164]}], 'mode': 'goal_sequence'}
  Mesa            : 1.1x0.7x0.4 m  offset_x=-0.3
  Robô config     : control=ee  block_gripper=False  base=[-0.6, 0.0, 0.05]
  Scripts         : ['script_1', 'reach_only', 'left_right']
  Juntas ângulos  : [-0.00, +1.05, +0.00, -1.23, -0.00, +2.25, +0.79]
  Juntas veloc.   : [-0.00, +0.35, -0.00, -0.05, +0.00, +0.28, -0.00]
  Cubo rotação    : [+0.000, +1.571, +1.440]  (roll/pitch/yaw)
  Cubo vel.linear : [-0.000, -0.000, +0.000]
────────────────────────────────────────────
 Ep  1 | Step  55
────────────────────────────────────────────
  Task            : PICK_AND_PLACE
  Action          : [+0.070, +0.000, +0.998, +1.000]
  EE posição      : [+0.134, -0.001, +0.020]
  EE velocidade   : [+0.043, +0.027, +0.268]
  Garra           : 0.069 m  (ABERTA)
  Cubo posição    : [+0.156, +0.082, +0.027]
  Target (target): [+0.150, +0.000, +0.020]
  Dist EE→Cubo    : 0.0858 m
  Dist Cubo→target: 0.0826 m
  Reward          : -0.0826
  Sucesso         : False
  Obstáculo caminho: nao  (count: 0)
  Objeto [object_1]: tipo=box  massa=1.0 kg  tamanho=[0.04, 0.04, 0.04]
  Target goal     : {'type': 'goal_sequence', 'targets': [{'name': 'target', 'position': [0.15000000596046448, 0.0, 0.019999999552965164]}], 'mode': 'goal_sequence'}
  Mesa            : 1.1x0.7x0.4 m  offset_x=-0.3
  Robô config     : control=ee  block_gripper=False  base=[-0.6, 0.0, 0.05]
  Scripts         : ['script_1', 'reach_only', 'left_right']
  Juntas ângulos  : [-0.00, +1.03, +0.00, -1.24, -0.00, +2.22, +0.79]
  Juntas veloc.   : [+0.02, -0.44, -0.00, -0.09, +0.14, -0.28, -0.00]
  Cubo rotação    : [-3.141, +1.025, -1.833]  (roll/pitch/yaw)
  Cubo vel.linear : [+0.037, +1.041, +0.115]
────────────────────────────────────────────
 Ep  1 | Step  56
────────────────────────────────────────────
  Task            : PICK_AND_PLACE
  Action          : [+0.158, +0.006, +0.987, +1.000]
  EE posição      : [+0.139, -0.000, +0.038]
  EE velocidade   : [+0.257, +0.001, +0.694]
  Garra           : 0.079 m  (ABERTA)
  Cubo posição    : [+0.157, +0.123, +0.026]
  Target (target): [+0.150, +0.000, +0.020]
  Dist EE→Cubo    : 0.1252 m
  Dist Cubo→target: 0.1232 m
  Reward          : -0.1232
  Sucesso         : False
  Obstáculo caminho: nao  (count: 0)
  Objeto [object_1]: tipo=box  massa=1.0 kg  tamanho=[0.04, 0.04, 0.04]
  Target goal     : {'type': 'goal_sequence', 'targets': [{'name': 'target', 'position': [0.15000000596046448, 0.0, 0.019999999552965164]}], 'mode': 'goal_sequence'}
  Mesa            : 1.1x0.7x0.4 m  offset_x=-0.3
  Robô config     : control=ee  block_gripper=False  base=[-0.6, 0.0, 0.05]
  Scripts         : ['script_1', 'reach_only', 'left_right']
  Juntas ângulos  : [-0.00, +1.00, +0.00, -1.26, -0.00, +2.22, +0.79]
  Juntas veloc.   : [-0.01, -0.99, +0.01, -0.10, +0.01, +0.01, +0.00]
  Cubo rotação    : [-3.141, +0.348, -1.889]  (roll/pitch/yaw)
  Cubo vel.linear : [+0.043, +1.007, -0.208]
────────────────────────────────────────────
 Ep  1 | Step  57
────────────────────────────────────────────
  Task            : PICK_AND_PLACE
  Action          : [+0.135, +0.004, +0.991, +1.000]
  EE posição      : [+0.146, -0.000, +0.072]
  EE velocidade   : [+0.250, +0.002, +0.835]
  Garra           : 0.080 m  (ABERTA)
  Cubo posição    : [+0.159, +0.158, +0.020]
  Target (target): [+0.150, +0.000, +0.020]
  Dist EE→Cubo    : 0.1674 m
  Dist Cubo→target: 0.1585 m
  Reward          : -0.1585
  Sucesso         : False
  Obstáculo caminho: nao  (count: 0)
  Objeto [object_1]: tipo=box  massa=1.0 kg  tamanho=[0.04, 0.04, 0.04]
  Target goal     : {'type': 'goal_sequence', 'targets': [{'name': 'target', 'position': [0.15000000596046448, 0.0, 0.019999999552965164]}], 'mode': 'goal_sequence'}
  Mesa            : 1.1x0.7x0.4 m  offset_x=-0.3
  Robô config     : control=ee  block_gripper=False  base=[-0.6, 0.0, 0.05]
  Scripts         : ['script_1', 'reach_only', 'left_right']
  Juntas ângulos  : [-0.00, +0.95, +0.00, -1.26, -0.00, +2.19, +0.79]
  Juntas veloc.   : [+0.00, -1.17, +0.00, -0.05, +0.00, -0.17, +0.00]
  Cubo rotação    : [-3.141, -0.010, -1.896]  (roll/pitch/yaw)
  Cubo vel.linear : [+0.033, +0.731, +0.009]
────────────────────────────────────────────
 Ep  1 | Step  58
────────────────────────────────────────────
  Task            : PICK_AND_PLACE
  Action          : [+0.079, +0.003, +0.997, +1.000]
  EE posição      : [+0.150, -0.000, +0.110]
  EE velocidade   : [+0.152, +0.001, +0.743]
  Garra           : 0.080 m  (ABERTA)
  Cubo posição    : [+0.160, +0.184, +0.020]
  Target (target): [+0.150, +0.000, +0.020]
  Dist EE→Cubo    : 0.2050 m
  Dist Cubo→target: 0.1842 m
  Reward          : -0.1842
  Sucesso         : False
  Obstáculo caminho: nao  (count: 0)
  Objeto [object_1]: tipo=box  massa=1.0 kg  tamanho=[0.04, 0.04, 0.04]
  Target goal     : {'type': 'goal_sequence', 'targets': [{'name': 'target', 'position': [0.15000000596046448, 0.0, 0.019999999552965164]}], 'mode': 'goal_sequence'}
  Mesa            : 1.1x0.7x0.4 m  offset_x=-0.3
  Robô config     : control=ee  block_gripper=False  base=[-0.6, 0.0, 0.05]
  Scripts         : ['script_1', 'reach_only', 'left_right']
  Juntas ângulos  : [-0.00, +0.89, +0.00, -1.26, -0.00, +2.15, +0.79]
  Juntas veloc.   : [+0.00, -1.03, +0.00, +0.00, +0.00, -0.37, +0.00]
  Cubo rotação    : [-3.141, -0.002, -1.896]  (roll/pitch/yaw)
  Cubo vel.linear : [+0.027, +0.556, +0.002]
────────────────────────────────────────────
 Ep  1 | Step  59
────────────────────────────────────────────
  Task            : PICK_AND_PLACE
  Action          : [+0.045, +0.001, +0.999, +1.000]
  EE posição      : [+0.150, +0.000, +0.145]
  EE velocidade   : [+0.126, +0.001, +0.805]
  Garra           : 0.080 m  (ABERTA)
  Cubo posição    : [+0.161, +0.202, +0.020]
  Target (target): [+0.150, +0.000, +0.020]
  Dist EE→Cubo    : 0.2383 m
  Dist Cubo→target: 0.2027 m
  Reward          : -0.2027
  Sucesso         : True
  Obstáculo caminho: nao  (count: 0)
  Objeto [object_1]: tipo=box  massa=1.0 kg  tamanho=[0.04, 0.04, 0.04]
  Target goal     : {'type': 'goal_sequence', 'targets': [{'name': 'target', 'position': [0.15000000596046448, 0.0, 0.019999999552965164]}], 'mode': 'goal_sequence'}
  Mesa            : 1.1x0.7x0.4 m  offset_x=-0.3
  Robô config     : control=ee  block_gripper=False  base=[-0.6, 0.0, 0.05]
  Scripts         : ['script_1', 'reach_only', 'left_right']
  Juntas ângulos  : [-0.00, +0.84, +0.00, -1.26, -0.00, +2.09, +0.79]
  Juntas veloc.   : [+0.00, -1.10, +0.00, +0.04, +0.00, -0.44, +0.00]
  Cubo rotação    : [-3.142, -0.000, -1.896]  (roll/pitch/yaw)
  Cubo vel.linear : [+0.020, +0.379, +0.000]
