────────────────────────────────────────────
 Ep  1 | Step   1
────────────────────────────────────────────
  Task            : PICK_AND_PLACE
  Action          : [-0.108, +0.000, -0.994, +1.000]
  EE posição      : [+0.042, -0.000, +0.175]
  EE velocidade   : [+0.030, -0.002, -0.026]
  Garra           : 0.070 m  (ABERTA)
  Cubo posição    : [+0.030, +0.000, +0.020]
  Target (target): [+0.150, +0.000, +0.020]
  Dist EE→Cubo    : 0.1559 m
  Dist Cubo→target: 0.1200 m
  Reward          : -0.1200
  Sucesso         : False
  Obstáculo caminho: SIM  (count: 1)
  Obstáculo [obstacle_1]: tipo=box  massa=0.0 kg  tamanho=[0.02, 0.3, 0.5]
  Objeto [object_1]: tipo=box  massa=1.0 kg  tamanho=[0.04, 0.04, 0.04]
  Target goal     : {'type': 'goal_sequence', 'targets': [{'name': 'target', 'position': [0.15000000596046448, 0.0, 0.019999999552965164]}, {'name': 'target_1', 'position': [0.15000000596046448, 0.10000000149011612, 0.019999999552965164]}, {'name': 'target_2', 'position': [-0.10000000149011612, 0.0, 0.019999999552965164]}, {'name': 'target_3', 'position': [-0.10000000149011612, 0.10000000149011612, 0.019999999552965164]}], 'mode': 'goal_sequence'}
  Mesa            : 1.1x0.7x0.4 m  offset_x=-0.3
  Robô config     : control=ee  block_gripper=False  base=[-0.6, 0.0, 0.05]
  Scripts         : ['script_1', 'reach_only', 'left_right']
  Juntas ângulos  : [-0.00, +0.44, +0.00, -1.88, -0.00, +2.35, +0.79]
  Juntas veloc.   : [-0.00, -0.04, +0.00, -0.24, +0.00, +0.59, -0.03]
  Cubo rotação    : [+0.000, -0.000, -0.000]  (roll/pitch/yaw)
  Cubo vel.linear : [-0.000, +0.000, -0.000]
────────────────────────────────────────────
 Ep  1 | Step   2
────────────────────────────────────────────
  Task            : PICK_AND_PLACE
  Action          : [-0.208, +0.006, -0.978, +1.000]
  EE posição      : [+0.045, -0.000, +0.173]
  EE velocidade   : [+0.019, +0.002, -0.018]
  Garra           : 0.079 m  (ABERTA)
  Cubo posição    : [+0.030, +0.000, +0.020]
  Target (target): [+0.150, +0.000, +0.020]
  Dist EE→Cubo    : 0.1541 m
  Dist Cubo→target: 0.1200 m
  Reward          : -0.1200
  Sucesso         : False
  Obstáculo caminho: SIM  (count: 1)
  Obstáculo [obstacle_1]: tipo=box  massa=0.0 kg  tamanho=[0.02, 0.3, 0.5]
  Objeto [object_1]: tipo=box  massa=1.0 kg  tamanho=[0.04, 0.04, 0.04]
  Target goal     : {'type': 'goal_sequence', 'targets': [{'name': 'target', 'position': [0.15000000596046448, 0.0, 0.019999999552965164]}, {'name': 'target_1', 'position': [0.15000000596046448, 0.10000000149011612, 0.019999999552965164]}, {'name': 'target_2', 'position': [-0.10000000149011612, 0.0, 0.019999999552965164]}, {'name': 'target_3', 'position': [-0.10000000149011612, 0.10000000149011612, 0.019999999552965164]}], 'mode': 'goal_sequence'}
  Mesa            : 1.1x0.7x0.4 m  offset_x=-0.3
  Robô config     : control=ee  block_gripper=False  base=[-0.6, 0.0, 0.05]
  Scripts         : ['script_1', 'reach_only', 'left_right']
  Juntas ângulos  : [-0.00, +0.44, +0.00, -1.90, -0.00, +2.40, +0.79]
  Juntas veloc.   : [-0.01, -0.02, +0.01, -0.15, +0.02, +0.39, -0.00]
  Cubo rotação    : [+0.000, -0.000, -0.000]  (roll/pitch/yaw)
  Cubo vel.linear : [-0.000, +0.000, -0.000]
────────────────────────────────────────────
 Ep  1 | Step   3
────────────────────────────────────────────
  Task            : PICK_AND_PLACE
  Action          : [-0.265, +0.002, -0.964, +1.000]
  EE posição      : [+0.044, -0.000, +0.171]
  EE velocidade   : [-0.032, +0.001, -0.103]
  Garra           : 0.080 m  (ABERTA)
  Cubo posição    : [+0.030, +0.000, +0.020]
  Target (target): [+0.150, +0.000, +0.020]
  Dist EE→Cubo    : 0.1519 m
  Dist Cubo→target: 0.1200 m
  Reward          : -0.1200
  Sucesso         : False
  Obstáculo caminho: SIM  (count: 1)
  Obstáculo [obstacle_1]: tipo=box  massa=0.0 kg  tamanho=[0.02, 0.3, 0.5]
  Objeto [object_1]: tipo=box  massa=1.0 kg  tamanho=[0.04, 0.04, 0.04]
  Target goal     : {'type': 'goal_sequence', 'targets': [{'name': 'target', 'position': [0.15000000596046448, 0.0, 0.019999999552965164]}, {'name': 'target_1', 'position': [0.15000000596046448, 0.10000000149011612, 0.019999999552965164]}, {'name': 'target_2', 'position': [-0.10000000149011612, 0.0, 0.019999999552965164]}, {'name': 'target_3', 'position': [-0.10000000149011612, 0.10000000149011612, 0.019999999552965164]}], 'mode': 'goal_sequence'}
  Mesa            : 1.1x0.7x0.4 m  offset_x=-0.3
  Robô config     : control=ee  block_gripper=False  base=[-0.6, 0.0, 0.05]
  Scripts         : ['script_1', 'reach_only', 'left_right']
  Juntas ângulos  : [-0.00, +0.43, +0.00, -1.91, -0.00, +2.41, +0.79]
  Juntas veloc.   : [-0.00, +0.12, +0.00, -0.07, +0.00, +0.09, +0.00]
  Cubo rotação    : [+0.000, -0.000, -0.000]  (roll/pitch/yaw)
  Cubo vel.linear : [-0.000, +0.000, -0.000]
────────────────────────────────────────────
 Ep  1 | Step   4
────────────────────────────────────────────
  Task            : PICK_AND_PLACE
  Action          : [-0.255, +0.001, -0.967, +1.000]
  EE posição      : [+0.034, -0.000, +0.140]
  EE velocidade   : [-0.359, +0.000, -1.169]
  Garra           : 0.080 m  (ABERTA)
  Cubo posição    : [+0.030, +0.000, +0.020]
  Target (target): [+0.150, +0.000, +0.020]
  Dist EE→Cubo    : 0.1199 m
  Dist Cubo→target: 0.1200 m
  Reward          : -0.1200
  Sucesso         : False
  Obstáculo caminho: SIM  (count: 1)
  Obstáculo [obstacle_1]: tipo=box  massa=0.0 kg  tamanho=[0.02, 0.3, 0.5]
  Objeto [object_1]: tipo=box  massa=1.0 kg  tamanho=[0.04, 0.04, 0.04]
  Target goal     : {'type': 'goal_sequence', 'targets': [{'name': 'target', 'position': [0.15000000596046448, 0.0, 0.019999999552965164]}, {'name': 'target_1', 'position': [0.15000000596046448, 0.10000000149011612, 0.019999999552965164]}, {'name': 'target_2', 'position': [-0.10000000149011612, 0.0, 0.019999999552965164]}, {'name': 'target_3', 'position': [-0.10000000149011612, 0.10000000149011612, 0.019999999552965164]}], 'mode': 'goal_sequence'}
  Mesa            : 1.1x0.7x0.4 m  offset_x=-0.3
  Robô config     : control=ee  block_gripper=False  base=[-0.6, 0.0, 0.05]
  Scripts         : ['script_1', 'reach_only', 'left_right']
  Juntas ângulos  : [-0.00, +0.48, +0.00, -1.91, -0.00, +2.42, +0.79]
  Juntas veloc.   : [+0.00, +1.82, -0.00, -0.04, +0.00, +0.05, +0.00]
  Cubo rotação    : [+0.000, -0.000, -0.000]  (roll/pitch/yaw)
  Cubo vel.linear : [-0.000, +0.000, -0.000]
────────────────────────────────────────────
 Ep  1 | Step   5
────────────────────────────────────────────
  Task            : PICK_AND_PLACE
  Action          : [-0.217, +0.001, -0.976, +1.000]
  EE posição      : [+0.021, +0.000, +0.086]
  EE velocidade   : [-0.424, +0.001, -1.165]
  Garra           : 0.080 m  (ABERTA)
  Cubo posição    : [+0.030, +0.000, +0.020]
  Target (target): [+0.150, +0.000, +0.020]
  Dist EE→Cubo    : 0.0662 m
  Dist Cubo→target: 0.1200 m
  Reward          : -0.1200
  Sucesso         : False
  Obstáculo caminho: SIM  (count: 1)
  Obstáculo [obstacle_1]: tipo=box  massa=0.0 kg  tamanho=[0.02, 0.3, 0.5]
  Objeto [object_1]: tipo=box  massa=1.0 kg  tamanho=[0.04, 0.04, 0.04]
  Target goal     : {'type': 'goal_sequence', 'targets': [{'name': 'target', 'position': [0.15000000596046448, 0.0, 0.019999999552965164]}, {'name': 'target_1', 'position': [0.15000000596046448, 0.10000000149011612, 0.019999999552965164]}, {'name': 'target_2', 'position': [-0.10000000149011612, 0.0, 0.019999999552965164]}, {'name': 'target_3', 'position': [-0.10000000149011612, 0.10000000149011612, 0.019999999552965164]}], 'mode': 'goal_sequence'}
  Mesa            : 1.1x0.7x0.4 m  offset_x=-0.3
  Robô config     : control=ee  block_gripper=False  base=[-0.6, 0.0, 0.05]
  Scripts         : ['script_1', 'reach_only', 'left_right']
  Juntas ângulos  : [-0.00, +0.57, +0.00, -1.93, -0.00, +2.48, +0.79]
  Juntas veloc.   : [+0.00, +1.86, -0.00, -0.12, -0.00, +0.45, +0.00]
  Cubo rotação    : [+0.000, -0.000, -0.000]  (roll/pitch/yaw)
  Cubo vel.linear : [+0.000, +0.000, +0.000]
────────────────────────────────────────────
 Ep  1 | Step   6
────────────────────────────────────────────
  Task            : PICK_AND_PLACE
  Action          : [+0.258, -0.000, +0.966, +1.000]
  EE posição      : [+0.000, +0.000, +0.050]
  EE velocidade   : [-0.304, +0.001, -0.566]
  Garra           : 0.080 m  (ABERTA)
  Cubo posição    : [+0.030, +0.000, +0.020]
  Target (target): [+0.150, +0.000, +0.020]
  Dist EE→Cubo    : 0.0422 m
  Dist Cubo→target: 0.1200 m
  Reward          : -0.1200
  Sucesso         : False
  Obstáculo caminho: SIM  (count: 1)
  Obstáculo [obstacle_1]: tipo=box  massa=0.0 kg  tamanho=[0.02, 0.3, 0.5]
  Objeto [object_1]: tipo=box  massa=1.0 kg  tamanho=[0.04, 0.04, 0.04]
  Target goal     : {'type': 'goal_sequence', 'targets': [{'name': 'target', 'position': [0.15000000596046448, 0.0, 0.019999999552965164]}, {'name': 'target_1', 'position': [0.15000000596046448, 0.10000000149011612, 0.019999999552965164]}, {'name': 'target_2', 'position': [-0.10000000149011612, 0.0, 0.019999999552965164]}, {'name': 'target_3', 'position': [-0.10000000149011612, 0.10000000149011612, 0.019999999552965164]}], 'mode': 'goal_sequence'}
  Mesa            : 1.1x0.7x0.4 m  offset_x=-0.3
  Robô config     : control=ee  block_gripper=False  base=[-0.6, 0.0, 0.05]
  Scripts         : ['script_1', 'reach_only', 'left_right']
  Juntas ângulos  : [-0.00, +0.63, +0.00, -1.90, -0.00, +2.41, +0.79]
  Juntas veloc.   : [-0.00, +1.01, +0.00, +0.21, +0.00, -0.56, -0.00]
  Cubo rotação    : [-0.000, -0.000, -0.000]  (roll/pitch/yaw)
  Cubo vel.linear : [+0.000, -0.000, +0.000]
────────────────────────────────────────────
 Ep  1 | Step   7
────────────────────────────────────────────
  Task            : PICK_AND_PLACE
  Action          : [+0.391, -0.000, +0.920, +1.000]
  EE posição      : [-0.001, +0.000, +0.038]
  EE velocidade   : [+0.033, -0.000, -0.008]
  Garra           : 0.080 m  (ABERTA)
  Cubo posição    : [+0.030, +0.000, +0.020]
  Target (target): [+0.150, +0.000, +0.020]
  Dist EE→Cubo    : 0.0355 m
  Dist Cubo→target: 0.1200 m
  Reward          : -0.1200
  Sucesso         : False
  Obstáculo caminho: SIM  (count: 1)
  Obstáculo [obstacle_1]: tipo=box  massa=0.0 kg  tamanho=[0.02, 0.3, 0.5]
  Objeto [object_1]: tipo=box  massa=1.0 kg  tamanho=[0.04, 0.04, 0.04]
  Target goal     : {'type': 'goal_sequence', 'targets': [{'name': 'target', 'position': [0.15000000596046448, 0.0, 0.019999999552965164]}, {'name': 'target_1', 'position': [0.15000000596046448, 0.10000000149011612, 0.019999999552965164]}, {'name': 'target_2', 'position': [-0.10000000149011612, 0.0, 0.019999999552965164]}, {'name': 'target_3', 'position': [-0.10000000149011612, 0.10000000149011612, 0.019999999552965164]}], 'mode': 'goal_sequence'}
  Mesa            : 1.1x0.7x0.4 m  offset_x=-0.3
  Robô config     : control=ee  block_gripper=False  base=[-0.6, 0.0, 0.05]
  Scripts         : ['script_1', 'reach_only', 'left_right']
  Juntas ângulos  : [-0.00, +0.65, +0.00, -1.92, -0.00, +2.47, +0.79]
  Juntas veloc.   : [+0.00, -0.02, -0.00, -0.15, -0.00, +0.47, +0.00]
  Cubo rotação    : [-0.000, -0.000, -0.000]  (roll/pitch/yaw)
  Cubo vel.linear : [+0.000, -0.000, +0.000]
────────────────────────────────────────────
 Ep  1 | Step   8
────────────────────────────────────────────
  Task            : PICK_AND_PLACE
  Action          : [+0.349, -0.000, +0.937, +1.000]
  EE posição      : [+0.005, +0.000, +0.048]
  EE velocidade   : [+0.267, -0.000, +0.556]
  Garra           : 0.080 m  (ABERTA)
  Cubo posição    : [+0.030, +0.000, +0.020]
  Target (target): [+0.150, +0.000, +0.020]
  Dist EE→Cubo    : 0.0376 m
  Dist Cubo→target: 0.1200 m
  Reward          : -0.1200
  Sucesso         : False
  Obstáculo caminho: SIM  (count: 1)
  Obstáculo [obstacle_1]: tipo=box  massa=0.0 kg  tamanho=[0.02, 0.3, 0.5]
  Objeto [object_1]: tipo=box  massa=1.0 kg  tamanho=[0.04, 0.04, 0.04]
  Target goal     : {'type': 'goal_sequence', 'targets': [{'name': 'target', 'position': [0.15000000596046448, 0.0, 0.019999999552965164]}, {'name': 'target_1', 'position': [0.15000000596046448, 0.10000000149011612, 0.019999999552965164]}, {'name': 'target_2', 'position': [-0.10000000149011612, 0.0, 0.019999999552965164]}, {'name': 'target_3', 'position': [-0.10000000149011612, 0.10000000149011612, 0.019999999552965164]}], 'mode': 'goal_sequence'}
  Mesa            : 1.1x0.7x0.4 m  offset_x=-0.3
  Robô config     : control=ee  block_gripper=False  base=[-0.6, 0.0, 0.05]
  Scripts         : ['script_1', 'reach_only', 'left_right']
  Juntas ângulos  : [-0.00, +0.62, +0.00, -1.94, -0.00, +2.50, +0.79]
  Juntas veloc.   : [+0.00, -0.96, -0.00, -0.12, -0.00, +0.24, +0.00]
  Cubo rotação    : [-0.000, -0.000, -0.000]  (roll/pitch/yaw)
  Cubo vel.linear : [+0.000, -0.000, +0.000]
────────────────────────────────────────────
 Ep  1 | Step   9
────────────────────────────────────────────
  Task            : PICK_AND_PLACE
  Action          : [+0.326, -0.000, +0.945, +1.000]
  EE posição      : [+0.018, +0.000, +0.080]
  EE velocidade   : [+0.312, -0.000, +0.798]
  Garra           : 0.080 m  (ABERTA)
  Cubo posição    : [+0.030, +0.000, +0.020]
  Target (target): [+0.150, +0.000, +0.020]
  Dist EE→Cubo    : 0.0618 m
  Dist Cubo→target: 0.1200 m
  Reward          : -0.1200
  Sucesso         : False
  Obstáculo caminho: SIM  (count: 1)
  Obstáculo [obstacle_1]: tipo=box  massa=0.0 kg  tamanho=[0.02, 0.3, 0.5]
  Objeto [object_1]: tipo=box  massa=1.0 kg  tamanho=[0.04, 0.04, 0.04]
  Target goal     : {'type': 'goal_sequence', 'targets': [{'name': 'target', 'position': [0.15000000596046448, 0.0, 0.019999999552965164]}, {'name': 'target_1', 'position': [0.15000000596046448, 0.10000000149011612, 0.019999999552965164]}, {'name': 'target_2', 'position': [-0.10000000149011612, 0.0, 0.019999999552965164]}, {'name': 'target_3', 'position': [-0.10000000149011612, 0.10000000149011612, 0.019999999552965164]}], 'mode': 'goal_sequence'}
  Mesa            : 1.1x0.7x0.4 m  offset_x=-0.3
  Robô config     : control=ee  block_gripper=False  base=[-0.6, 0.0, 0.05]
  Scripts         : ['script_1', 'reach_only', 'left_right']
  Juntas ângulos  : [-0.00, +0.57, +0.00, -1.94, -0.00, +2.48, +0.79]
  Juntas veloc.   : [-0.00, -1.30, +0.00, +0.02, +0.00, -0.12, -0.00]
  Cubo rotação    : [-0.000, -0.000, -0.000]  (roll/pitch/yaw)
  Cubo vel.linear : [+0.000, -0.000, +0.000]
────────────────────────────────────────────
 Ep  1 | Step  10
────────────────────────────────────────────
  Task            : PICK_AND_PLACE
  Action          : [+0.300, -0.000, +0.954, +1.000]
  EE posição      : [+0.028, +0.000, +0.118]
  EE velocidade   : [+0.183, -0.000, +0.602]
  Garra           : 0.080 m  (ABERTA)
  Cubo posição    : [+0.030, +0.000, +0.020]
  Target (target): [+0.150, +0.000, +0.020]
  Dist EE→Cubo    : 0.0980 m
  Dist Cubo→target: 0.1200 m
  Reward          : -0.1200
  Sucesso         : False
  Obstáculo caminho: SIM  (count: 1)
  Obstáculo [obstacle_1]: tipo=box  massa=0.0 kg  tamanho=[0.02, 0.3, 0.5]
  Objeto [object_1]: tipo=box  massa=1.0 kg  tamanho=[0.04, 0.04, 0.04]
  Target goal     : {'type': 'goal_sequence', 'targets': [{'name': 'target', 'position': [0.15000000596046448, 0.0, 0.019999999552965164]}, {'name': 'target_1', 'position': [0.15000000596046448, 0.10000000149011612, 0.019999999552965164]}, {'name': 'target_2', 'position': [-0.10000000149011612, 0.0, 0.019999999552965164]}, {'name': 'target_3', 'position': [-0.10000000149011612, 0.10000000149011612, 0.019999999552965164]}], 'mode': 'goal_sequence'}
  Mesa            : 1.1x0.7x0.4 m  offset_x=-0.3
  Robô config     : control=ee  block_gripper=False  base=[-0.6, 0.0, 0.05]
  Scripts         : ['script_1', 'reach_only', 'left_right']
  Juntas ângulos  : [-0.00, +0.52, +0.00, -1.91, -0.00, +2.42, +0.79]
  Juntas veloc.   : [-0.00, -0.88, +0.00, +0.22, +0.00, -0.50, -0.00]
  Cubo rotação    : [+0.000, -0.000, -0.000]  (roll/pitch/yaw)
  Cubo vel.linear : [-0.000, +0.000, -0.000]
────────────────────────────────────────────
 Ep  1 | Step  11
────────────────────────────────────────────
  Task            : PICK_AND_PLACE
  Action          : [+0.677, -0.001, +0.736, +1.000]
  EE posição      : [+0.026, +0.000, +0.126]
  EE velocidade   : [-0.096, -0.000, -0.028]
  Garra           : 0.080 m  (ABERTA)
  Cubo posição    : [+0.030, +0.000, +0.020]
  Target (target): [+0.150, +0.000, +0.020]
  Dist EE→Cubo    : 0.1064 m
  Dist Cubo→target: 0.1200 m
  Reward          : -0.1200
  Sucesso         : False
  Obstáculo caminho: SIM  (count: 1)
  Obstáculo [obstacle_1]: tipo=box  massa=0.0 kg  tamanho=[0.02, 0.3, 0.5]
  Objeto [object_1]: tipo=box  massa=1.0 kg  tamanho=[0.04, 0.04, 0.04]
  Target goal     : {'type': 'goal_sequence', 'targets': [{'name': 'target', 'position': [0.15000000596046448, 0.0, 0.019999999552965164]}, {'name': 'target_1', 'position': [0.15000000596046448, 0.10000000149011612, 0.019999999552965164]}, {'name': 'target_2', 'position': [-0.10000000149011612, 0.0, 0.019999999552965164]}, {'name': 'target_3', 'position': [-0.10000000149011612, 0.10000000149011612, 0.019999999552965164]}], 'mode': 'goal_sequence'}
  Mesa            : 1.1x0.7x0.4 m  offset_x=-0.3
  Robô config     : control=ee  block_gripper=False  base=[-0.6, 0.0, 0.05]
  Scripts         : ['script_1', 'reach_only', 'left_right']
  Juntas ângulos  : [-0.00, +0.51, +0.00, -1.88, -0.00, +2.33, +0.79]
  Juntas veloc.   : [-0.00, +0.04, +0.00, +0.12, +0.00, -0.64, -0.00]
  Cubo rotação    : [+0.000, -0.000, -0.000]  (roll/pitch/yaw)
  Cubo vel.linear : [-0.000, +0.000, -0.000]
────────────────────────────────────────────
 Ep  1 | Step  12
────────────────────────────────────────────
  Task            : PICK_AND_PLACE
  Action          : [+0.042, -0.000, -0.929, +1.000]
  EE posição      : [+0.036, +0.000, +0.104]
  EE velocidade   : [-0.279, -0.000, -1.214]
  Garra           : 0.080 m  (ABERTA)
  Cubo posição    : [+0.030, +0.000, +0.020]
  Target (target): [+0.150, +0.000, +0.020]
  Dist EE→Cubo    : 0.0846 m
  Dist Cubo→target: 0.1200 m
  Reward          : -0.1200
  Sucesso         : False
  Obstáculo caminho: SIM  (count: 1)
  Obstáculo [obstacle_1]: tipo=box  massa=0.0 kg  tamanho=[0.02, 0.3, 0.5]
  Objeto [object_1]: tipo=box  massa=1.0 kg  tamanho=[0.04, 0.04, 0.04]
  Target goal     : {'type': 'goal_sequence', 'targets': [{'name': 'target', 'position': [0.15000000596046448, 0.0, 0.019999999552965164]}, {'name': 'target_1', 'position': [0.15000000596046448, 0.10000000149011612, 0.019999999552965164]}, {'name': 'target_2', 'position': [-0.10000000149011612, 0.0, 0.019999999552965164]}, {'name': 'target_3', 'position': [-0.10000000149011612, 0.10000000149011612, 0.019999999552965164]}], 'mode': 'goal_sequence'}
  Mesa            : 1.1x0.7x0.4 m  offset_x=-0.3
  Robô config     : control=ee  block_gripper=False  base=[-0.6, 0.0, 0.05]
  Scripts         : ['script_1', 'reach_only', 'left_right']
  Juntas ângulos  : [-0.00, +0.56, +0.00, -1.90, -0.00, +2.47, +0.79]
  Juntas veloc.   : [+0.00, +2.00, -0.00, -0.10, -0.01, +1.08, +0.00]
  Cubo rotação    : [+0.000, -0.000, -0.000]  (roll/pitch/yaw)
  Cubo vel.linear : [-0.000, +0.000, -0.000]
────────────────────────────────────────────
 Ep  1 | Step  13
────────────────────────────────────────────
  Task            : PICK_AND_PLACE
  Action          : [-0.048, -0.000, -0.555, +1.000]
  EE posição      : [+0.026, +0.000, +0.063]
  EE velocidade   : [-0.281, +0.000, -0.753]
  Garra           : 0.080 m  (ABERTA)
  Cubo posição    : [+0.030, +0.000, +0.020]
  Target (target): [+0.150, +0.000, +0.020]
  Dist EE→Cubo    : 0.0434 m
  Dist Cubo→target: 0.1200 m
  Reward          : -0.1200
  Sucesso         : False
  Obstáculo caminho: SIM  (count: 1)
  Obstáculo [obstacle_1]: tipo=box  massa=0.0 kg  tamanho=[0.02, 0.3, 0.5]
  Objeto [object_1]: tipo=box  massa=1.0 kg  tamanho=[0.04, 0.04, 0.04]
  Target goal     : {'type': 'goal_sequence', 'targets': [{'name': 'target', 'position': [0.15000000596046448, 0.0, 0.019999999552965164]}, {'name': 'target_1', 'position': [0.15000000596046448, 0.10000000149011612, 0.019999999552965164]}, {'name': 'target_2', 'position': [-0.10000000149011612, 0.0, 0.019999999552965164]}, {'name': 'target_3', 'position': [-0.10000000149011612, 0.10000000149011612, 0.019999999552965164]}], 'mode': 'goal_sequence'}
  Mesa            : 1.1x0.7x0.4 m  offset_x=-0.3
  Robô config     : control=ee  block_gripper=False  base=[-0.6, 0.0, 0.05]
  Scripts         : ['script_1', 'reach_only', 'left_right']
  Juntas ângulos  : [-0.00, +0.63, +0.00, -1.89, -0.00, +2.49, +0.79]
  Juntas veloc.   : [+0.00, +1.25, -0.00, +0.05, -0.00, +0.15, -0.00]
  Cubo rotação    : [-0.000, -0.000, -0.000]  (roll/pitch/yaw)
  Cubo vel.linear : [+0.000, -0.000, +0.000]
────────────────────────────────────────────
 Ep  1 | Step  14
────────────────────────────────────────────
  Task            : PICK_AND_PLACE
  Action          : [+0.013, -0.000, -0.111, +1.000]
  EE posição      : [+0.022, +0.000, +0.044]
  EE velocidade   : [-0.059, +0.000, -0.191]
  Garra           : 0.080 m  (ABERTA)
  Cubo posição    : [+0.030, +0.000, +0.020]
  Target (target): [+0.150, +0.000, +0.020]
  Dist EE→Cubo    : 0.0258 m
  Dist Cubo→target: 0.1200 m
  Reward          : -0.1200
  Sucesso         : False
  Obstáculo caminho: SIM  (count: 1)
  Obstáculo [obstacle_1]: tipo=box  massa=0.0 kg  tamanho=[0.02, 0.3, 0.5]
  Objeto [object_1]: tipo=box  massa=1.0 kg  tamanho=[0.04, 0.04, 0.04]
  Target goal     : {'type': 'goal_sequence', 'targets': [{'name': 'target', 'position': [0.15000000596046448, 0.0, 0.019999999552965164]}, {'name': 'target_1', 'position': [0.15000000596046448, 0.10000000149011612, 0.019999999552965164]}, {'name': 'target_2', 'position': [-0.10000000149011612, 0.0, 0.019999999552965164]}, {'name': 'target_3', 'position': [-0.10000000149011612, 0.10000000149011612, 0.019999999552965164]}], 'mode': 'goal_sequence'}
  Mesa            : 1.1x0.7x0.4 m  offset_x=-0.3
  Robô config     : control=ee  block_gripper=False  base=[-0.6, 0.0, 0.05]
  Scripts         : ['script_1', 'reach_only', 'left_right']
  Juntas ângulos  : [-0.00, +0.66, +0.00, -1.90, -0.00, +2.53, +0.79]
  Juntas veloc.   : [+0.00, +0.31, -0.00, -0.07, -0.00, +0.29, +0.00]
  Cubo rotação    : [-0.000, -0.000, -0.000]  (roll/pitch/yaw)
  Cubo vel.linear : [+0.000, -0.000, +0.000]
────────────────────────────────────────────
 Ep  1 | Step  15
────────────────────────────────────────────
  Task            : PICK_AND_PLACE
  Action          : [+0.030, -0.000, -0.052, +1.000]
  EE posição      : [+0.024, +0.000, +0.042]
  EE velocidade   : [+0.019, -0.000, -0.015]
  Garra           : 0.080 m  (ABERTA)
  Cubo posição    : [+0.030, +0.000, +0.020]
  Target (target): [+0.150, +0.000, +0.020]
  Dist EE→Cubo    : 0.0228 m
  Dist Cubo→target: 0.1200 m
  Reward          : -0.1200
  Sucesso         : False
  Obstáculo caminho: SIM  (count: 1)
  Obstáculo [obstacle_1]: tipo=box  massa=0.0 kg  tamanho=[0.02, 0.3, 0.5]
  Objeto [object_1]: tipo=box  massa=1.0 kg  tamanho=[0.04, 0.04, 0.04]
  Target goal     : {'type': 'goal_sequence', 'targets': [{'name': 'target', 'position': [0.15000000596046448, 0.0, 0.019999999552965164]}, {'name': 'target_1', 'position': [0.15000000596046448, 0.10000000149011612, 0.019999999552965164]}, {'name': 'target_2', 'position': [-0.10000000149011612, 0.0, 0.019999999552965164]}, {'name': 'target_3', 'position': [-0.10000000149011612, 0.10000000149011612, 0.019999999552965164]}], 'mode': 'goal_sequence'}
  Mesa            : 1.1x0.7x0.4 m  offset_x=-0.3
  Robô config     : control=ee  block_gripper=False  base=[-0.6, 0.0, 0.05]
  Scripts         : ['script_1', 'reach_only', 'left_right']
  Juntas ângulos  : [-0.00, +0.66, +0.00, -1.91, -0.00, +2.56, +0.79]
  Juntas veloc.   : [+0.00, +0.03, -0.00, -0.06, -0.00, +0.26, +0.00]
  Cubo rotação    : [-0.000, -0.000, -0.000]  (roll/pitch/yaw)
  Cubo vel.linear : [+0.000, +0.000, +0.000]
────────────────────────────────────────────
 Ep  1 | Step  16
────────────────────────────────────────────
  Task            : PICK_AND_PLACE
  Action          : [+0.027, -0.000, -0.054, +1.000]
  EE posição      : [+0.025, +0.000, +0.040]
  EE velocidade   : [+0.007, -0.000, -0.018]
  Garra           : 0.080 m  (ABERTA)
  Cubo posição    : [+0.030, +0.000, +0.020]
  Target (target): [+0.150, +0.000, +0.020]
  Dist EE→Cubo    : 0.0204 m
  Dist Cubo→target: 0.1200 m
  Reward          : -0.1200
  Sucesso         : False
  Obstáculo caminho: SIM  (count: 1)
  Obstáculo [obstacle_1]: tipo=box  massa=0.0 kg  tamanho=[0.02, 0.3, 0.5]
  Objeto [object_1]: tipo=box  massa=1.0 kg  tamanho=[0.04, 0.04, 0.04]
  Target goal     : {'type': 'goal_sequence', 'targets': [{'name': 'target', 'position': [0.15000000596046448, 0.0, 0.019999999552965164]}, {'name': 'target_1', 'position': [0.15000000596046448, 0.10000000149011612, 0.019999999552965164]}, {'name': 'target_2', 'position': [-0.10000000149011612, 0.0, 0.019999999552965164]}, {'name': 'target_3', 'position': [-0.10000000149011612, 0.10000000149011612, 0.019999999552965164]}], 'mode': 'goal_sequence'}
  Mesa            : 1.1x0.7x0.4 m  offset_x=-0.3
  Robô config     : control=ee  block_gripper=False  base=[-0.6, 0.0, 0.05]
  Scripts         : ['script_1', 'reach_only', 'left_right']
  Juntas ângulos  : [-0.00, +0.67, +0.00, -1.90, -0.00, +2.57, +0.79]
  Juntas veloc.   : [+0.00, +0.05, -0.00, +0.02, -0.00, +0.05, +0.00]
  Cubo rotação    : [-0.000, -0.000, -0.000]  (roll/pitch/yaw)
  Cubo vel.linear : [+0.000, +0.000, +0.000]
────────────────────────────────────────────
 Ep  1 | Step  17
────────────────────────────────────────────
  Task            : PICK_AND_PLACE
  Action          : [+0.027, -0.000, -0.053, +1.000]
  EE posição      : [+0.026, +0.000, +0.038]
  EE velocidade   : [+0.006, -0.000, -0.018]
  Garra           : 0.080 m  (ABERTA)
  Cubo posição    : [+0.030, +0.000, +0.020]
  Target (target): [+0.150, +0.000, +0.020]
  Dist EE→Cubo    : 0.0181 m
  Dist Cubo→target: 0.1200 m
  Reward          : -0.1200
  Sucesso         : False
  Obstáculo caminho: SIM  (count: 1)
  Obstáculo [obstacle_1]: tipo=box  massa=0.0 kg  tamanho=[0.02, 0.3, 0.5]
  Objeto [object_1]: tipo=box  massa=1.0 kg  tamanho=[0.04, 0.04, 0.04]
  Target goal     : {'type': 'goal_sequence', 'targets': [{'name': 'target', 'position': [0.15000000596046448, 0.0, 0.019999999552965164]}, {'name': 'target_1', 'position': [0.15000000596046448, 0.10000000149011612, 0.019999999552965164]}, {'name': 'target_2', 'position': [-0.10000000149011612, 0.0, 0.019999999552965164]}, {'name': 'target_3', 'position': [-0.10000000149011612, 0.10000000149011612, 0.019999999552965164]}], 'mode': 'goal_sequence'}
  Mesa            : 1.1x0.7x0.4 m  offset_x=-0.3
  Robô config     : control=ee  block_gripper=False  base=[-0.6, 0.0, 0.05]
  Scripts         : ['script_1', 'reach_only', 'left_right']
  Juntas ângulos  : [-0.00, +0.67, +0.00, -1.90, -0.00, +2.57, +0.79]
  Juntas veloc.   : [+0.00, +0.05, -0.00, +0.04, -0.00, +0.02, +0.00]
  Cubo rotação    : [-0.000, -0.000, -0.000]  (roll/pitch/yaw)
  Cubo vel.linear : [+0.000, +0.000, +0.000]
────────────────────────────────────────────
 Ep  1 | Step  18
────────────────────────────────────────────
  Task            : PICK_AND_PLACE
  Action          : [+0.029, +0.000, -0.052, +1.000]
  EE posição      : [+0.027, +0.000, +0.035]
  EE velocidade   : [+0.006, -0.000, -0.018]
  Garra           : 0.080 m  (ABERTA)
  Cubo posição    : [+0.030, +0.000, +0.020]
  Target (target): [+0.150, +0.000, +0.020]
  Dist EE→Cubo    : 0.0158 m
  Dist Cubo→target: 0.1200 m
  Reward          : -0.1200
  Sucesso         : False
  Obstáculo caminho: SIM  (count: 1)
  Obstáculo [obstacle_1]: tipo=box  massa=0.0 kg  tamanho=[0.02, 0.3, 0.5]
  Objeto [object_1]: tipo=box  massa=1.0 kg  tamanho=[0.04, 0.04, 0.04]
  Target goal     : {'type': 'goal_sequence', 'targets': [{'name': 'target', 'position': [0.15000000596046448, 0.0, 0.019999999552965164]}, {'name': 'target_1', 'position': [0.15000000596046448, 0.10000000149011612, 0.019999999552965164]}, {'name': 'target_2', 'position': [-0.10000000149011612, 0.0, 0.019999999552965164]}, {'name': 'target_3', 'position': [-0.10000000149011612, 0.10000000149011612, 0.019999999552965164]}], 'mode': 'goal_sequence'}
  Mesa            : 1.1x0.7x0.4 m  offset_x=-0.3
  Robô config     : control=ee  block_gripper=False  base=[-0.6, 0.0, 0.05]
  Scripts         : ['script_1', 'reach_only', 'left_right']
  Juntas ângulos  : [-0.00, +0.68, +0.00, -1.89, -0.00, +2.57, +0.79]
  Juntas veloc.   : [+0.00, +0.05, -0.00, +0.04, -0.00, +0.01, +0.00]
  Cubo rotação    : [-0.000, -0.000, -0.000]  (roll/pitch/yaw)
  Cubo vel.linear : [+0.000, -0.000, +0.000]
────────────────────────────────────────────
 Ep  1 | Step  19
────────────────────────────────────────────
  Task            : PICK_AND_PLACE
  Action          : [+0.032, +0.000, -0.051, +1.000]
  EE posição      : [+0.028, -0.000, +0.033]
  EE velocidade   : [+0.007, -0.000, -0.017]
  Garra           : 0.080 m  (ABERTA)
  Cubo posição    : [+0.030, +0.000, +0.020]
  Target (target): [+0.150, +0.000, +0.020]
  Dist EE→Cubo    : 0.0135 m
  Dist Cubo→target: 0.1200 m
  Reward          : -0.1200
  Sucesso         : False
  Obstáculo caminho: SIM  (count: 1)
  Obstáculo [obstacle_1]: tipo=box  massa=0.0 kg  tamanho=[0.02, 0.3, 0.5]
  Objeto [object_1]: tipo=box  massa=1.0 kg  tamanho=[0.04, 0.04, 0.04]
  Target goal     : {'type': 'goal_sequence', 'targets': [{'name': 'target', 'position': [0.15000000596046448, 0.0, 0.019999999552965164]}, {'name': 'target_1', 'position': [0.15000000596046448, 0.10000000149011612, 0.019999999552965164]}, {'name': 'target_2', 'position': [-0.10000000149011612, 0.0, 0.019999999552965164]}, {'name': 'target_3', 'position': [-0.10000000149011612, 0.10000000149011612, 0.019999999552965164]}], 'mode': 'goal_sequence'}
  Mesa            : 1.1x0.7x0.4 m  offset_x=-0.3
  Robô config     : control=ee  block_gripper=False  base=[-0.6, 0.0, 0.05]
  Scripts         : ['script_1', 'reach_only', 'left_right']
  Juntas ângulos  : [-0.00, +0.69, +0.00, -1.89, -0.00, +2.58, +0.79]
  Juntas veloc.   : [+0.00, +0.05, -0.00, +0.04, -0.00, +0.01, +0.00]
  Cubo rotação    : [-0.000, -0.000, -0.000]  (roll/pitch/yaw)
  Cubo vel.linear : [+0.000, -0.000, +0.000]
────────────────────────────────────────────
 Ep  1 | Step  20
────────────────────────────────────────────
  Task            : PICK_AND_PLACE
  Action          : [+0.035, +0.000, -0.048, -1.000]
  EE posição      : [+0.029, +0.000, +0.031]
  EE velocidade   : [+0.008, -0.000, -0.016]
  Garra           : 0.038 m  (AGARRADA)
  Cubo posição    : [+0.030, +0.000, +0.020]
  Target (target): [+0.150, +0.000, +0.020]
  Dist EE→Cubo    : 0.0114 m
  Dist Cubo→target: 0.1199 m
  Reward          : -0.1199
  Sucesso         : False
  Obstáculo caminho: SIM  (count: 1)
  Obstáculo [obstacle_1]: tipo=box  massa=0.0 kg  tamanho=[0.02, 0.3, 0.5]
  Objeto [object_1]: tipo=box  massa=1.0 kg  tamanho=[0.04, 0.04, 0.04]
  Target goal     : {'type': 'goal_sequence', 'targets': [{'name': 'target', 'position': [0.15000000596046448, 0.0, 0.019999999552965164]}, {'name': 'target_1', 'position': [0.15000000596046448, 0.10000000149011612, 0.019999999552965164]}, {'name': 'target_2', 'position': [-0.10000000149011612, 0.0, 0.019999999552965164]}, {'name': 'target_3', 'position': [-0.10000000149011612, 0.10000000149011612, 0.019999999552965164]}], 'mode': 'goal_sequence'}
  Mesa            : 1.1x0.7x0.4 m  offset_x=-0.3
  Robô config     : control=ee  block_gripper=False  base=[-0.6, 0.0, 0.05]
  Scripts         : ['script_1', 'reach_only', 'left_right']
  Juntas ângulos  : [-0.00, +0.69, +0.00, -1.88, -0.00, +2.58, +0.79]
  Juntas veloc.   : [+0.00, +0.05, -0.00, +0.04, +0.00, +0.01, +0.00]
  Cubo rotação    : [+0.000, +0.000, -0.002]  (roll/pitch/yaw)
  Cubo vel.linear : [+0.000, -0.000, -0.000]
────────────────────────────────────────────
 Ep  1 | Step  21
────────────────────────────────────────────
  Task            : PICK_AND_PLACE
  Action          : [-0.010, -0.000, +1.000, -1.000]
  EE posição      : [+0.014, +0.000, +0.038]
  EE velocidade   : [+0.047, -0.000, +0.416]
  Garra           : 0.036 m  (AGARRADA)
  Cubo posição    : [+0.019, +0.000, +0.027]
  Target (target): [+0.150, +0.000, +0.020]
  Dist EE→Cubo    : 0.0119 m
  Dist Cubo→target: 0.1308 m
  Reward          : -0.1308
  Sucesso         : False
  Obstáculo caminho: SIM  (count: 1)
  Obstáculo [obstacle_1]: tipo=box  massa=0.0 kg  tamanho=[0.02, 0.3, 0.5]
  Objeto [object_1]: tipo=box  massa=1.0 kg  tamanho=[0.04, 0.04, 0.04]
  Target goal     : {'type': 'goal_sequence', 'targets': [{'name': 'target', 'position': [0.15000000596046448, 0.0, 0.019999999552965164]}, {'name': 'target_1', 'position': [0.15000000596046448, 0.10000000149011612, 0.019999999552965164]}, {'name': 'target_2', 'position': [-0.10000000149011612, 0.0, 0.019999999552965164]}, {'name': 'target_3', 'position': [-0.10000000149011612, 0.10000000149011612, 0.019999999552965164]}], 'mode': 'goal_sequence'}
  Mesa            : 1.1x0.7x0.4 m  offset_x=-0.3
  Robô config     : control=ee  block_gripper=False  base=[-0.6, 0.0, 0.05]
  Scripts         : ['script_1', 'reach_only', 'left_right']
  Juntas ângulos  : [-0.00, +0.66, +0.00, -1.90, -0.00, +2.50, +0.79]
  Juntas veloc.   : [-0.00, -0.84, +0.00, -0.16, +0.00, -0.56, -0.00]
  Cubo rotação    : [-0.025, +0.052, -0.003]  (roll/pitch/yaw)
  Cubo vel.linear : [+0.050, -0.003, +0.418]
────────────────────────────────────────────
 Ep  1 | Step  22
────────────────────────────────────────────
  Task            : PICK_AND_PLACE
  Action          : [+0.139, -0.000, +0.990, -1.000]
  EE posição      : [+0.016, +0.000, +0.062]
  EE velocidade   : [+0.294, -0.000, +0.834]
  Garra           : 0.038 m  (AGARRADA)
  Cubo posição    : [+0.022, -0.000, +0.052]
  Target (target): [+0.150, +0.000, +0.020]
  Dist EE→Cubo    : 0.0115 m
  Dist Cubo→target: 0.1319 m
  Reward          : -0.1319
  Sucesso         : False
  Obstáculo caminho: SIM  (count: 1)
  Obstáculo [obstacle_1]: tipo=box  massa=0.0 kg  tamanho=[0.02, 0.3, 0.5]
  Objeto [object_1]: tipo=box  massa=1.0 kg  tamanho=[0.04, 0.04, 0.04]
  Target goal     : {'type': 'goal_sequence', 'targets': [{'name': 'target', 'position': [0.15000000596046448, 0.0, 0.019999999552965164]}, {'name': 'target_1', 'position': [0.15000000596046448, 0.10000000149011612, 0.019999999552965164]}, {'name': 'target_2', 'position': [-0.10000000149011612, 0.0, 0.019999999552965164]}, {'name': 'target_3', 'position': [-0.10000000149011612, 0.10000000149011612, 0.019999999552965164]}], 'mode': 'goal_sequence'}
  Mesa            : 1.1x0.7x0.4 m  offset_x=-0.3
  Robô config     : control=ee  block_gripper=False  base=[-0.6, 0.0, 0.05]
  Scripts         : ['script_1', 'reach_only', 'left_right']
  Juntas ângulos  : [-0.00, +0.61, +0.00, -1.92, -0.00, +2.49, +0.79]
  Juntas veloc.   : [-0.00, -1.47, +0.00, -0.18, +0.00, -0.08, -0.00]
  Cubo rotação    : [-0.022, +0.027, -0.005]  (roll/pitch/yaw)
  Cubo vel.linear : [+0.308, -0.003, +0.841]
────────────────────────────────────────────
 Ep  1 | Step  23
────────────────────────────────────────────
  Task            : PICK_AND_PLACE
  Action          : [+0.160, -0.000, +0.987, -1.000]
  EE posição      : [+0.023, +0.000, +0.100]
  EE velocidade   : [+0.209, -0.000, +0.736]
  Garra           : 0.038 m  (AGARRADA)
  Cubo posição    : [+0.030, -0.000, +0.090]
  Target (target): [+0.150, +0.000, +0.020]
  Dist EE→Cubo    : 0.0123 m
  Dist Cubo→target: 0.1391 m
  Reward          : -0.1391
  Sucesso         : False
  Obstáculo caminho: SIM  (count: 1)
  Obstáculo [obstacle_1]: tipo=box  massa=0.0 kg  tamanho=[0.02, 0.3, 0.5]
  Objeto [object_1]: tipo=box  massa=1.0 kg  tamanho=[0.04, 0.04, 0.04]
  Target goal     : {'type': 'goal_sequence', 'targets': [{'name': 'target', 'position': [0.15000000596046448, 0.0, 0.019999999552965164]}, {'name': 'target_1', 'position': [0.15000000596046448, 0.10000000149011612, 0.019999999552965164]}, {'name': 'target_2', 'position': [-0.10000000149011612, 0.0, 0.019999999552965164]}, {'name': 'target_3', 'position': [-0.10000000149011612, 0.10000000149011612, 0.019999999552965164]}], 'mode': 'goal_sequence'}
  Mesa            : 1.1x0.7x0.4 m  offset_x=-0.3
  Robô config     : control=ee  block_gripper=False  base=[-0.6, 0.0, 0.05]
  Scripts         : ['script_1', 'reach_only', 'left_right']
  Juntas ângulos  : [-0.00, +0.54, +0.00, -1.93, -0.00, +2.45, +0.79]
  Juntas veloc.   : [-0.00, -1.24, +0.00, -0.03, +0.00, -0.30, -0.00]
  Cubo rotação    : [+0.005, +0.002, -0.009]  (roll/pitch/yaw)
  Cubo vel.linear : [+0.222, -0.004, +0.747]
────────────────────────────────────────────
 Ep  1 | Step  24
────────────────────────────────────────────
  Task            : PICK_AND_PLACE
  Action          : [+0.136, -0.000, +0.991, -1.000]
  EE posição      : [+0.027, +0.000, +0.136]
  EE velocidade   : [+0.180, +0.000, +0.796]
  Garra           : 0.038 m  (AGARRADA)
  Cubo posição    : [+0.034, -0.000, +0.125]
  Target (target): [+0.150, +0.000, +0.020]
  Dist EE→Cubo    : 0.0128 m
  Dist Cubo→target: 0.1568 m
  Reward          : -0.1568
  Sucesso         : False
  Obstáculo caminho: SIM  (count: 1)
  Obstáculo [obstacle_1]: tipo=box  massa=0.0 kg  tamanho=[0.02, 0.3, 0.5]
  Objeto [object_1]: tipo=box  massa=1.0 kg  tamanho=[0.04, 0.04, 0.04]
  Target goal     : {'type': 'goal_sequence', 'targets': [{'name': 'target', 'position': [0.15000000596046448, 0.0, 0.019999999552965164]}, {'name': 'target_1', 'position': [0.15000000596046448, 0.10000000149011612, 0.019999999552965164]}, {'name': 'target_2', 'position': [-0.10000000149011612, 0.0, 0.019999999552965164]}, {'name': 'target_3', 'position': [-0.10000000149011612, 0.10000000149011612, 0.019999999552965164]}], 'mode': 'goal_sequence'}
  Mesa            : 1.1x0.7x0.4 m  offset_x=-0.3
  Robô config     : control=ee  block_gripper=False  base=[-0.6, 0.0, 0.05]
  Scripts         : ['script_1', 'reach_only', 'left_right']
  Juntas ângulos  : [-0.00, +0.48, +0.00, -1.91, -0.00, +2.38, +0.79]
  Juntas veloc.   : [-0.00, -1.27, +0.00, +0.11, +0.00, -0.56, -0.00]
  Cubo rotação    : [+0.004, -0.012, -0.005]  (roll/pitch/yaw)
  Cubo vel.linear : [+0.190, -0.005, +0.806]
────────────────────────────────────────────
 Ep  1 | Step  25
────────────────────────────────────────────
  Task            : PICK_AND_PLACE
  Action          : [+0.389, -0.001, -0.921, -1.000]
  EE posição      : [+0.041, +0.000, +0.141]
  EE velocidade   : [-0.028, -0.005, -0.442]
  Garra           : 0.029 m  (AGARRADA)
  Cubo posição    : [+0.051, -0.001, +0.135]
  Target (target): [+0.150, +0.000, +0.020]
  Dist EE→Cubo    : 0.0113 m
  Dist Cubo→target: 0.1518 m
  Reward          : -0.1518
  Sucesso         : False
  Obstáculo caminho: SIM  (count: 1)
  Obstáculo [obstacle_1]: tipo=box  massa=0.0 kg  tamanho=[0.02, 0.3, 0.5]
  Objeto [object_1]: tipo=box  massa=1.0 kg  tamanho=[0.04, 0.04, 0.04]
  Target goal     : {'type': 'goal_sequence', 'targets': [{'name': 'target', 'position': [0.15000000596046448, 0.0, 0.019999999552965164]}, {'name': 'target_1', 'position': [0.15000000596046448, 0.10000000149011612, 0.019999999552965164]}, {'name': 'target_2', 'position': [-0.10000000149011612, 0.0, 0.019999999552965164]}, {'name': 'target_3', 'position': [-0.10000000149011612, 0.10000000149011612, 0.019999999552965164]}], 'mode': 'goal_sequence'}
  Mesa            : 1.1x0.7x0.4 m  offset_x=-0.3
  Robô config     : control=ee  block_gripper=False  base=[-0.6, 0.0, 0.05]
  Scripts         : ['script_1', 'reach_only', 'left_right']
  Juntas ângulos  : [-0.00, +0.49, +0.00, -1.91, -0.00, +2.45, +0.79]
  Juntas veloc.   : [+0.00, +0.80, -0.00, +0.04, -0.06, +0.52, +0.00]
  Cubo rotação    : [+0.007, -0.081, -0.019]  (roll/pitch/yaw)
  Cubo vel.linear : [+0.023, +0.017, -0.355]
────────────────────────────────────────────
 Ep  1 | Step  26
────────────────────────────────────────────
  Task            : PICK_AND_PLACE
  Action          : [+0.995, -0.000, -0.101, -1.000]
  EE posição      : [+0.029, -0.000, +0.132]
  EE velocidade   : [-0.099, +0.001, +0.032]
  Garra           : 0.027 m  (AGARRADA)
  Cubo posição    : [+0.038, -0.001, +0.119]
  Target (target): [+0.150, +0.000, +0.020]
  Dist EE→Cubo    : 0.0159 m
  Dist Cubo→target: 0.1493 m
  Reward          : -0.1493
  Sucesso         : False
  Obstáculo caminho: SIM  (count: 1)
  Obstáculo [obstacle_1]: tipo=box  massa=0.0 kg  tamanho=[0.02, 0.3, 0.5]
  Objeto [object_1]: tipo=box  massa=1.0 kg  tamanho=[0.04, 0.04, 0.04]
  Target goal     : {'type': 'goal_sequence', 'targets': [{'name': 'target', 'position': [0.15000000596046448, 0.0, 0.019999999552965164]}, {'name': 'target_1', 'position': [0.15000000596046448, 0.10000000149011612, 0.019999999552965164]}, {'name': 'target_2', 'position': [-0.10000000149011612, 0.0, 0.019999999552965164]}, {'name': 'target_3', 'position': [-0.10000000149011612, 0.10000000149011612, 0.019999999552965164]}], 'mode': 'goal_sequence'}
  Mesa            : 1.1x0.7x0.4 m  offset_x=-0.3
  Robô config     : control=ee  block_gripper=False  base=[-0.6, 0.0, 0.05]
  Scripts         : ['script_1', 'reach_only', 'left_right']
  Juntas ângulos  : [-0.00, +0.51, +0.00, -1.88, -0.00, +2.34, +0.79]
  Juntas veloc.   : [+0.00, -0.05, -0.00, +0.16, +0.01, -0.84, +0.00]
  Cubo rotação    : [-0.005, +0.081, -0.029]  (roll/pitch/yaw)
  Cubo vel.linear : [-0.230, -0.002, -0.161]
────────────────────────────────────────────
 Ep  1 | Step  27
────────────────────────────────────────────
  Task            : PICK_AND_PLACE
  Action          : [+1.000, +0.000, -0.013, -1.000]
  EE posição      : [+0.028, +0.000, +0.132]
  EE velocidade   : [-0.000, +0.000, +0.000]
  Garra           : 0.032 m  (AGARRADA)
  Cubo posição    : [+0.037, -0.001, +0.117]
  Target (target): [+0.150, +0.000, +0.020]
  Dist EE→Cubo    : 0.0167 m
  Dist Cubo→target: 0.1494 m
  Reward          : -0.1494
  Sucesso         : False
  Obstáculo caminho: SIM  (count: 1)
  Obstáculo [obstacle_1]: tipo=box  massa=0.0 kg  tamanho=[0.02, 0.3, 0.5]
  Objeto [object_1]: tipo=box  massa=1.0 kg  tamanho=[0.04, 0.04, 0.04]
  Target goal     : {'type': 'goal_sequence', 'targets': [{'name': 'target', 'position': [0.15000000596046448, 0.0, 0.019999999552965164]}, {'name': 'target_1', 'position': [0.15000000596046448, 0.10000000149011612, 0.019999999552965164]}, {'name': 'target_2', 'position': [-0.10000000149011612, 0.0, 0.019999999552965164]}, {'name': 'target_3', 'position': [-0.10000000149011612, 0.10000000149011612, 0.019999999552965164]}], 'mode': 'goal_sequence'}
  Mesa            : 1.1x0.7x0.4 m  offset_x=-0.3
  Robô config     : control=ee  block_gripper=False  base=[-0.6, 0.0, 0.05]
  Scripts         : ['script_1', 'reach_only', 'left_right']
  Juntas ângulos  : [-0.00, +0.51, +0.00, -1.88, -0.00, +2.34, +0.79]
  Juntas veloc.   : [-0.00, -0.00, +0.00, +0.00, +0.00, -0.00, +0.00]
  Cubo rotação    : [+0.017, +0.140, -0.003]  (roll/pitch/yaw)
  Cubo vel.linear : [-0.003, +0.002, +0.000]
────────────────────────────────────────────
 Ep  1 | Step  28
────────────────────────────────────────────
  Task            : PICK_AND_PLACE
  Action          : [+1.000, -0.000, -0.013, -1.000]
  EE posição      : [+0.028, +0.000, +0.132]
  EE velocidade   : [+0.000, +0.000, +0.000]
  Garra           : 0.035 m  (AGARRADA)
  Cubo posição    : [+0.037, -0.001, +0.117]
  Target (target): [+0.150, +0.000, +0.020]
  Dist EE→Cubo    : 0.0167 m
  Dist Cubo→target: 0.1494 m
  Reward          : -0.1494
  Sucesso         : False
  Obstáculo caminho: SIM  (count: 1)
  Obstáculo [obstacle_1]: tipo=box  massa=0.0 kg  tamanho=[0.02, 0.3, 0.5]
  Objeto [object_1]: tipo=box  massa=1.0 kg  tamanho=[0.04, 0.04, 0.04]
  Target goal     : {'type': 'goal_sequence', 'targets': [{'name': 'target', 'position': [0.15000000596046448, 0.0, 0.019999999552965164]}, {'name': 'target_1', 'position': [0.15000000596046448, 0.10000000149011612, 0.019999999552965164]}, {'name': 'target_2', 'position': [-0.10000000149011612, 0.0, 0.019999999552965164]}, {'name': 'target_3', 'position': [-0.10000000149011612, 0.10000000149011612, 0.019999999552965164]}], 'mode': 'goal_sequence'}
  Mesa            : 1.1x0.7x0.4 m  offset_x=-0.3
  Robô config     : control=ee  block_gripper=False  base=[-0.6, 0.0, 0.05]
  Scripts         : ['script_1', 'reach_only', 'left_right']
  Juntas ângulos  : [-0.00, +0.51, +0.00, -1.88, -0.00, +2.34, +0.79]
  Juntas veloc.   : [+0.00, -0.00, -0.00, -0.00, +0.00, +0.00, -0.00]
  Cubo rotação    : [+0.015, +0.139, -0.002]  (roll/pitch/yaw)
  Cubo vel.linear : [-0.000, +0.000, -0.000]
────────────────────────────────────────────
 Ep  1 | Step  29
────────────────────────────────────────────
  Task            : PICK_AND_PLACE
  Action          : [+1.000, -0.000, -0.013, -1.000]
  EE posição      : [+0.028, +0.000, +0.132]
  EE velocidade   : [+0.000, +0.000, +0.000]
  Garra           : 0.036 m  (AGARRADA)
  Cubo posição    : [+0.037, -0.001, +0.117]
  Target (target): [+0.150, +0.000, +0.020]
  Dist EE→Cubo    : 0.0167 m
  Dist Cubo→target: 0.1494 m
  Reward          : -0.1494
  Sucesso         : False
  Obstáculo caminho: SIM  (count: 1)
  Obstáculo [obstacle_1]: tipo=box  massa=0.0 kg  tamanho=[0.02, 0.3, 0.5]
  Objeto [object_1]: tipo=box  massa=1.0 kg  tamanho=[0.04, 0.04, 0.04]
  Target goal     : {'type': 'goal_sequence', 'targets': [{'name': 'target', 'position': [0.15000000596046448, 0.0, 0.019999999552965164]}, {'name': 'target_1', 'position': [0.15000000596046448, 0.10000000149011612, 0.019999999552965164]}, {'name': 'target_2', 'position': [-0.10000000149011612, 0.0, 0.019999999552965164]}, {'name': 'target_3', 'position': [-0.10000000149011612, 0.10000000149011612, 0.019999999552965164]}], 'mode': 'goal_sequence'}
  Mesa            : 1.1x0.7x0.4 m  offset_x=-0.3
  Robô config     : control=ee  block_gripper=False  base=[-0.6, 0.0, 0.05]
  Scripts         : ['script_1', 'reach_only', 'left_right']
  Juntas ângulos  : [-0.00, +0.51, +0.00, -1.88, -0.00, +2.34, +0.79]
  Juntas veloc.   : [+0.00, -0.00, -0.00, -0.00, +0.00, +0.00, +0.00]
  Cubo rotação    : [+0.015, +0.139, -0.001]  (roll/pitch/yaw)
  Cubo vel.linear : [+0.000, -0.000, +0.000]
────────────────────────────────────────────
 Ep  1 | Step  30
────────────────────────────────────────────
  Task            : PICK_AND_PLACE
  Action          : [+1.000, -0.000, -0.013, -1.000]
  EE posição      : [+0.028, +0.000, +0.132]
  EE velocidade   : [+0.000, +0.000, +0.000]
  Garra           : 0.037 m  (AGARRADA)
  Cubo posição    : [+0.037, -0.001, +0.117]
  Target (target): [+0.150, +0.000, +0.020]
  Dist EE→Cubo    : 0.0167 m
  Dist Cubo→target: 0.1494 m
  Reward          : -0.1494
  Sucesso         : False
  Obstáculo caminho: SIM  (count: 1)
  Obstáculo [obstacle_1]: tipo=box  massa=0.0 kg  tamanho=[0.02, 0.3, 0.5]
  Objeto [object_1]: tipo=box  massa=1.0 kg  tamanho=[0.04, 0.04, 0.04]
  Target goal     : {'type': 'goal_sequence', 'targets': [{'name': 'target', 'position': [0.15000000596046448, 0.0, 0.019999999552965164]}, {'name': 'target_1', 'position': [0.15000000596046448, 0.10000000149011612, 0.019999999552965164]}, {'name': 'target_2', 'position': [-0.10000000149011612, 0.0, 0.019999999552965164]}, {'name': 'target_3', 'position': [-0.10000000149011612, 0.10000000149011612, 0.019999999552965164]}], 'mode': 'goal_sequence'}
  Mesa            : 1.1x0.7x0.4 m  offset_x=-0.3
  Robô config     : control=ee  block_gripper=False  base=[-0.6, 0.0, 0.05]
  Scripts         : ['script_1', 'reach_only', 'left_right']
  Juntas ângulos  : [-0.00, +0.51, +0.00, -1.88, -0.00, +2.34, +0.79]
  Juntas veloc.   : [+0.00, -0.00, -0.00, -0.00, +0.00, +0.00, +0.00]
  Cubo rotação    : [+0.015, +0.139, -0.002]  (roll/pitch/yaw)
  Cubo vel.linear : [+0.000, -0.000, +0.000]
────────────────────────────────────────────
 Ep  1 | Step  31
────────────────────────────────────────────
  Task            : PICK_AND_PLACE
  Action          : [+1.000, -0.000, -0.013, -1.000]
  EE posição      : [+0.028, +0.000, +0.132]
  EE velocidade   : [+0.000, +0.000, +0.000]
  Garra           : 0.037 m  (AGARRADA)
  Cubo posição    : [+0.037, -0.001, +0.117]
  Target (target): [+0.150, +0.000, +0.020]
  Dist EE→Cubo    : 0.0167 m
  Dist Cubo→target: 0.1494 m
  Reward          : -0.1494
  Sucesso         : False
  Obstáculo caminho: SIM  (count: 1)
  Obstáculo [obstacle_1]: tipo=box  massa=0.0 kg  tamanho=[0.02, 0.3, 0.5]
  Objeto [object_1]: tipo=box  massa=1.0 kg  tamanho=[0.04, 0.04, 0.04]
  Target goal     : {'type': 'goal_sequence', 'targets': [{'name': 'target', 'position': [0.15000000596046448, 0.0, 0.019999999552965164]}, {'name': 'target_1', 'position': [0.15000000596046448, 0.10000000149011612, 0.019999999552965164]}, {'name': 'target_2', 'position': [-0.10000000149011612, 0.0, 0.019999999552965164]}, {'name': 'target_3', 'position': [-0.10000000149011612, 0.10000000149011612, 0.019999999552965164]}], 'mode': 'goal_sequence'}
  Mesa            : 1.1x0.7x0.4 m  offset_x=-0.3
  Robô config     : control=ee  block_gripper=False  base=[-0.6, 0.0, 0.05]
  Scripts         : ['script_1', 'reach_only', 'left_right']
  Juntas ângulos  : [-0.00, +0.51, +0.00, -1.88, -0.00, +2.34, +0.79]
  Juntas veloc.   : [+0.00, -0.00, -0.00, +0.00, +0.00, +0.00, +0.00]
  Cubo rotação    : [+0.015, +0.139, -0.001]  (roll/pitch/yaw)
  Cubo vel.linear : [-0.000, -0.000, -0.000]
────────────────────────────────────────────
 Ep  1 | Step  32
────────────────────────────────────────────
  Task            : PICK_AND_PLACE
  Action          : [+1.000, -0.000, -0.013, -1.000]
  EE posição      : [+0.028, +0.000, +0.132]
  EE velocidade   : [+0.000, +0.000, +0.000]
  Garra           : 0.037 m  (AGARRADA)
  Cubo posição    : [+0.037, -0.001, +0.117]
  Target (target): [+0.150, +0.000, +0.020]
  Dist EE→Cubo    : 0.0167 m
  Dist Cubo→target: 0.1494 m
  Reward          : -0.1494
  Sucesso         : False
  Obstáculo caminho: SIM  (count: 1)
  Obstáculo [obstacle_1]: tipo=box  massa=0.0 kg  tamanho=[0.02, 0.3, 0.5]
  Objeto [object_1]: tipo=box  massa=1.0 kg  tamanho=[0.04, 0.04, 0.04]
  Target goal     : {'type': 'goal_sequence', 'targets': [{'name': 'target', 'position': [0.15000000596046448, 0.0, 0.019999999552965164]}, {'name': 'target_1', 'position': [0.15000000596046448, 0.10000000149011612, 0.019999999552965164]}, {'name': 'target_2', 'position': [-0.10000000149011612, 0.0, 0.019999999552965164]}, {'name': 'target_3', 'position': [-0.10000000149011612, 0.10000000149011612, 0.019999999552965164]}], 'mode': 'goal_sequence'}
  Mesa            : 1.1x0.7x0.4 m  offset_x=-0.3
  Robô config     : control=ee  block_gripper=False  base=[-0.6, 0.0, 0.05]
  Scripts         : ['script_1', 'reach_only', 'left_right']
  Juntas ângulos  : [-0.00, +0.51, +0.00, -1.88, -0.00, +2.34, +0.79]
  Juntas veloc.   : [+0.00, -0.00, -0.00, -0.00, +0.00, +0.00, +0.00]
  Cubo rotação    : [+0.015, +0.139, -0.001]  (roll/pitch/yaw)
  Cubo vel.linear : [+0.000, -0.000, +0.000]
────────────────────────────────────────────
 Ep  1 | Step  33
────────────────────────────────────────────
  Task            : PICK_AND_PLACE
  Action          : [+1.000, -0.000, -0.013, -1.000]
  EE posição      : [+0.028, +0.000, +0.132]
  EE velocidade   : [+0.000, +0.000, +0.000]
  Garra           : 0.037 m  (AGARRADA)
  Cubo posição    : [+0.037, -0.001, +0.117]
  Target (target): [+0.150, +0.000, +0.020]
  Dist EE→Cubo    : 0.0167 m
  Dist Cubo→target: 0.1494 m
  Reward          : -0.1494
  Sucesso         : False
  Obstáculo caminho: SIM  (count: 1)
  Obstáculo [obstacle_1]: tipo=box  massa=0.0 kg  tamanho=[0.02, 0.3, 0.5]
  Objeto [object_1]: tipo=box  massa=1.0 kg  tamanho=[0.04, 0.04, 0.04]
  Target goal     : {'type': 'goal_sequence', 'targets': [{'name': 'target', 'position': [0.15000000596046448, 0.0, 0.019999999552965164]}, {'name': 'target_1', 'position': [0.15000000596046448, 0.10000000149011612, 0.019999999552965164]}, {'name': 'target_2', 'position': [-0.10000000149011612, 0.0, 0.019999999552965164]}, {'name': 'target_3', 'position': [-0.10000000149011612, 0.10000000149011612, 0.019999999552965164]}], 'mode': 'goal_sequence'}
  Mesa            : 1.1x0.7x0.4 m  offset_x=-0.3
  Robô config     : control=ee  block_gripper=False  base=[-0.6, 0.0, 0.05]
  Scripts         : ['script_1', 'reach_only', 'left_right']
  Juntas ângulos  : [-0.00, +0.51, +0.00, -1.88, -0.00, +2.34, +0.79]
  Juntas veloc.   : [+0.00, +0.00, -0.00, +0.00, +0.00, +0.00, +0.00]
  Cubo rotação    : [+0.015, +0.139, -0.001]  (roll/pitch/yaw)
  Cubo vel.linear : [-0.000, -0.000, -0.000]
────────────────────────────────────────────
 Ep  1 | Step  34
────────────────────────────────────────────
  Task            : PICK_AND_PLACE
  Action          : [+1.000, -0.000, -0.013, -1.000]
  EE posição      : [+0.028, +0.000, +0.132]
  EE velocidade   : [+0.000, +0.000, +0.000]
  Garra           : 0.037 m  (AGARRADA)
  Cubo posição    : [+0.037, -0.001, +0.117]
  Target (target): [+0.150, +0.000, +0.020]
  Dist EE→Cubo    : 0.0167 m
  Dist Cubo→target: 0.1494 m
  Reward          : -0.1494
  Sucesso         : False
  Obstáculo caminho: SIM  (count: 1)
  Obstáculo [obstacle_1]: tipo=box  massa=0.0 kg  tamanho=[0.02, 0.3, 0.5]
  Objeto [object_1]: tipo=box  massa=1.0 kg  tamanho=[0.04, 0.04, 0.04]
  Target goal     : {'type': 'goal_sequence', 'targets': [{'name': 'target', 'position': [0.15000000596046448, 0.0, 0.019999999552965164]}, {'name': 'target_1', 'position': [0.15000000596046448, 0.10000000149011612, 0.019999999552965164]}, {'name': 'target_2', 'position': [-0.10000000149011612, 0.0, 0.019999999552965164]}, {'name': 'target_3', 'position': [-0.10000000149011612, 0.10000000149011612, 0.019999999552965164]}], 'mode': 'goal_sequence'}
  Mesa            : 1.1x0.7x0.4 m  offset_x=-0.3
  Robô config     : control=ee  block_gripper=False  base=[-0.6, 0.0, 0.05]
  Scripts         : ['script_1', 'reach_only', 'left_right']
  Juntas ângulos  : [-0.00, +0.51, +0.00, -1.88, -0.00, +2.34, +0.79]
  Juntas veloc.   : [+0.00, -0.00, -0.00, -0.00, +0.00, +0.00, -0.00]
  Cubo rotação    : [+0.015, +0.139, -0.001]  (roll/pitch/yaw)
  Cubo vel.linear : [-0.000, -0.000, -0.000]
────────────────────────────────────────────
 Ep  1 | Step  35
────────────────────────────────────────────
  Task            : PICK_AND_PLACE
  Action          : [+1.000, -0.000, -0.013, -1.000]
  EE posição      : [+0.028, +0.000, +0.132]
  EE velocidade   : [+0.000, +0.000, +0.000]
  Garra           : 0.037 m  (AGARRADA)
  Cubo posição    : [+0.037, -0.001, +0.117]
  Target (target): [+0.150, +0.000, +0.020]
  Dist EE→Cubo    : 0.0167 m
  Dist Cubo→target: 0.1494 m
  Reward          : -0.1494
  Sucesso         : False
  Obstáculo caminho: SIM  (count: 1)
  Obstáculo [obstacle_1]: tipo=box  massa=0.0 kg  tamanho=[0.02, 0.3, 0.5]
  Objeto [object_1]: tipo=box  massa=1.0 kg  tamanho=[0.04, 0.04, 0.04]
  Target goal     : {'type': 'goal_sequence', 'targets': [{'name': 'target', 'position': [0.15000000596046448, 0.0, 0.019999999552965164]}, {'name': 'target_1', 'position': [0.15000000596046448, 0.10000000149011612, 0.019999999552965164]}, {'name': 'target_2', 'position': [-0.10000000149011612, 0.0, 0.019999999552965164]}, {'name': 'target_3', 'position': [-0.10000000149011612, 0.10000000149011612, 0.019999999552965164]}], 'mode': 'goal_sequence'}
  Mesa            : 1.1x0.7x0.4 m  offset_x=-0.3
  Robô config     : control=ee  block_gripper=False  base=[-0.6, 0.0, 0.05]
  Scripts         : ['script_1', 'reach_only', 'left_right']
  Juntas ângulos  : [-0.00, +0.51, +0.00, -1.88, -0.00, +2.34, +0.79]
  Juntas veloc.   : [+0.00, -0.00, -0.00, -0.00, +0.00, +0.00, +0.00]
  Cubo rotação    : [+0.015, +0.139, -0.001]  (roll/pitch/yaw)
  Cubo vel.linear : [+0.000, -0.000, +0.000]
────────────────────────────────────────────
 Ep  1 | Step  36
────────────────────────────────────────────
  Task            : PICK_AND_PLACE
  Action          : [+1.000, -0.000, -0.013, -1.000]
  EE posição      : [+0.028, +0.000, +0.132]
  EE velocidade   : [+0.000, +0.000, +0.000]
  Garra           : 0.037 m  (AGARRADA)
  Cubo posição    : [+0.037, -0.001, +0.117]
  Target (target): [+0.150, +0.000, +0.020]
  Dist EE→Cubo    : 0.0167 m
  Dist Cubo→target: 0.1494 m
  Reward          : -0.1494
  Sucesso         : False
  Obstáculo caminho: SIM  (count: 1)
  Obstáculo [obstacle_1]: tipo=box  massa=0.0 kg  tamanho=[0.02, 0.3, 0.5]
  Objeto [object_1]: tipo=box  massa=1.0 kg  tamanho=[0.04, 0.04, 0.04]
  Target goal     : {'type': 'goal_sequence', 'targets': [{'name': 'target', 'position': [0.15000000596046448, 0.0, 0.019999999552965164]}, {'name': 'target_1', 'position': [0.15000000596046448, 0.10000000149011612, 0.019999999552965164]}, {'name': 'target_2', 'position': [-0.10000000149011612, 0.0, 0.019999999552965164]}, {'name': 'target_3', 'position': [-0.10000000149011612, 0.10000000149011612, 0.019999999552965164]}], 'mode': 'goal_sequence'}
  Mesa            : 1.1x0.7x0.4 m  offset_x=-0.3
  Robô config     : control=ee  block_gripper=False  base=[-0.6, 0.0, 0.05]
  Scripts         : ['script_1', 'reach_only', 'left_right']
  Juntas ângulos  : [-0.00, +0.51, +0.00, -1.88, -0.00, +2.34, +0.79]
  Juntas veloc.   : [+0.00, -0.00, -0.00, -0.00, +0.00, +0.00, -0.00]
  Cubo rotação    : [+0.015, +0.139, -0.002]  (roll/pitch/yaw)
  Cubo vel.linear : [-0.000, -0.000, -0.000]
────────────────────────────────────────────
 Ep  1 | Step  37
────────────────────────────────────────────
  Task            : PICK_AND_PLACE
  Action          : [+1.000, -0.000, -0.013, -1.000]
  EE posição      : [+0.028, +0.000, +0.132]
  EE velocidade   : [+0.000, +0.000, +0.000]
  Garra           : 0.037 m  (AGARRADA)
  Cubo posição    : [+0.037, -0.001, +0.117]
  Target (target): [+0.150, +0.000, +0.020]
  Dist EE→Cubo    : 0.0167 m
  Dist Cubo→target: 0.1494 m
  Reward          : -0.1494
  Sucesso         : False
  Obstáculo caminho: SIM  (count: 1)
  Obstáculo [obstacle_1]: tipo=box  massa=0.0 kg  tamanho=[0.02, 0.3, 0.5]
  Objeto [object_1]: tipo=box  massa=1.0 kg  tamanho=[0.04, 0.04, 0.04]
  Target goal     : {'type': 'goal_sequence', 'targets': [{'name': 'target', 'position': [0.15000000596046448, 0.0, 0.019999999552965164]}, {'name': 'target_1', 'position': [0.15000000596046448, 0.10000000149011612, 0.019999999552965164]}, {'name': 'target_2', 'position': [-0.10000000149011612, 0.0, 0.019999999552965164]}, {'name': 'target_3', 'position': [-0.10000000149011612, 0.10000000149011612, 0.019999999552965164]}], 'mode': 'goal_sequence'}
  Mesa            : 1.1x0.7x0.4 m  offset_x=-0.3
  Robô config     : control=ee  block_gripper=False  base=[-0.6, 0.0, 0.05]
  Scripts         : ['script_1', 'reach_only', 'left_right']
  Juntas ângulos  : [-0.00, +0.51, +0.00, -1.88, -0.00, +2.34, +0.79]
  Juntas veloc.   : [+0.00, -0.00, -0.00, +0.00, +0.00, +0.00, +0.00]
  Cubo rotação    : [+0.015, +0.139, -0.001]  (roll/pitch/yaw)
  Cubo vel.linear : [-0.000, -0.000, -0.000]
────────────────────────────────────────────
 Ep  1 | Step  38
────────────────────────────────────────────
  Task            : PICK_AND_PLACE
  Action          : [+1.000, -0.000, -0.013, -1.000]
  EE posição      : [+0.028, +0.000, +0.132]
  EE velocidade   : [+0.000, +0.000, +0.000]
  Garra           : 0.037 m  (AGARRADA)
  Cubo posição    : [+0.037, -0.001, +0.117]
  Target (target): [+0.150, +0.000, +0.020]
  Dist EE→Cubo    : 0.0167 m
  Dist Cubo→target: 0.1494 m
  Reward          : -0.1494
  Sucesso         : False
  Obstáculo caminho: SIM  (count: 1)
  Obstáculo [obstacle_1]: tipo=box  massa=0.0 kg  tamanho=[0.02, 0.3, 0.5]
  Objeto [object_1]: tipo=box  massa=1.0 kg  tamanho=[0.04, 0.04, 0.04]
  Target goal     : {'type': 'goal_sequence', 'targets': [{'name': 'target', 'position': [0.15000000596046448, 0.0, 0.019999999552965164]}, {'name': 'target_1', 'position': [0.15000000596046448, 0.10000000149011612, 0.019999999552965164]}, {'name': 'target_2', 'position': [-0.10000000149011612, 0.0, 0.019999999552965164]}, {'name': 'target_3', 'position': [-0.10000000149011612, 0.10000000149011612, 0.019999999552965164]}], 'mode': 'goal_sequence'}
  Mesa            : 1.1x0.7x0.4 m  offset_x=-0.3
  Robô config     : control=ee  block_gripper=False  base=[-0.6, 0.0, 0.05]
  Scripts         : ['script_1', 'reach_only', 'left_right']
  Juntas ângulos  : [-0.00, +0.51, +0.00, -1.88, -0.00, +2.34, +0.79]
  Juntas veloc.   : [+0.00, -0.00, -0.00, -0.00, +0.00, +0.00, +0.00]
  Cubo rotação    : [+0.015, +0.139, -0.001]  (roll/pitch/yaw)
  Cubo vel.linear : [+0.000, -0.000, +0.000]
────────────────────────────────────────────
 Ep  1 | Step  39
────────────────────────────────────────────
  Task            : PICK_AND_PLACE
  Action          : [+1.000, -0.000, -0.013, -1.000]
  EE posição      : [+0.028, +0.000, +0.132]
  EE velocidade   : [+0.000, +0.000, +0.000]
  Garra           : 0.037 m  (AGARRADA)
  Cubo posição    : [+0.037, -0.001, +0.117]
  Target (target): [+0.150, +0.000, +0.020]
  Dist EE→Cubo    : 0.0167 m
  Dist Cubo→target: 0.1494 m
  Reward          : -0.1494
  Sucesso         : False
  Obstáculo caminho: SIM  (count: 1)
  Obstáculo [obstacle_1]: tipo=box  massa=0.0 kg  tamanho=[0.02, 0.3, 0.5]
  Objeto [object_1]: tipo=box  massa=1.0 kg  tamanho=[0.04, 0.04, 0.04]
  Target goal     : {'type': 'goal_sequence', 'targets': [{'name': 'target', 'position': [0.15000000596046448, 0.0, 0.019999999552965164]}, {'name': 'target_1', 'position': [0.15000000596046448, 0.10000000149011612, 0.019999999552965164]}, {'name': 'target_2', 'position': [-0.10000000149011612, 0.0, 0.019999999552965164]}, {'name': 'target_3', 'position': [-0.10000000149011612, 0.10000000149011612, 0.019999999552965164]}], 'mode': 'goal_sequence'}
  Mesa            : 1.1x0.7x0.4 m  offset_x=-0.3
  Robô config     : control=ee  block_gripper=False  base=[-0.6, 0.0, 0.05]
  Scripts         : ['script_1', 'reach_only', 'left_right']
  Juntas ângulos  : [-0.00, +0.51, +0.00, -1.88, -0.00, +2.34, +0.79]
  Juntas veloc.   : [+0.00, -0.00, -0.00, +0.00, +0.00, +0.00, +0.00]
  Cubo rotação    : [+0.015, +0.139, -0.001]  (roll/pitch/yaw)
  Cubo vel.linear : [+0.000, -0.000, +0.000]
────────────────────────────────────────────
 Ep  1 | Step  40
────────────────────────────────────────────
  Task            : PICK_AND_PLACE
  Action          : [+1.000, -0.000, -0.013, -1.000]
  EE posição      : [+0.028, +0.000, +0.132]
  EE velocidade   : [+0.000, +0.000, +0.000]
  Garra           : 0.037 m  (AGARRADA)
  Cubo posição    : [+0.037, -0.001, +0.117]
  Target (target): [+0.150, +0.000, +0.020]
  Dist EE→Cubo    : 0.0167 m
  Dist Cubo→target: 0.1494 m
  Reward          : -0.1494
  Sucesso         : False
  Obstáculo caminho: SIM  (count: 1)
  Obstáculo [obstacle_1]: tipo=box  massa=0.0 kg  tamanho=[0.02, 0.3, 0.5]
  Objeto [object_1]: tipo=box  massa=1.0 kg  tamanho=[0.04, 0.04, 0.04]
  Target goal     : {'type': 'goal_sequence', 'targets': [{'name': 'target', 'position': [0.15000000596046448, 0.0, 0.019999999552965164]}, {'name': 'target_1', 'position': [0.15000000596046448, 0.10000000149011612, 0.019999999552965164]}, {'name': 'target_2', 'position': [-0.10000000149011612, 0.0, 0.019999999552965164]}, {'name': 'target_3', 'position': [-0.10000000149011612, 0.10000000149011612, 0.019999999552965164]}], 'mode': 'goal_sequence'}
  Mesa            : 1.1x0.7x0.4 m  offset_x=-0.3
  Robô config     : control=ee  block_gripper=False  base=[-0.6, 0.0, 0.05]
  Scripts         : ['script_1', 'reach_only', 'left_right']
  Juntas ângulos  : [-0.00, +0.51, +0.00, -1.88, -0.00, +2.34, +0.79]
  Juntas veloc.   : [+0.00, -0.00, -0.00, -0.00, +0.00, +0.00, +0.00]
  Cubo rotação    : [+0.015, +0.139, -0.001]  (roll/pitch/yaw)
  Cubo vel.linear : [+0.001, -0.000, +0.000]
────────────────────────────────────────────
 Ep  1 | Step  41
────────────────────────────────────────────
  Task            : PICK_AND_PLACE
  Action          : [+1.000, -0.000, -0.013, -1.000]
  EE posição      : [+0.028, +0.000, +0.132]
  EE velocidade   : [+0.000, +0.000, +0.000]
  Garra           : 0.037 m  (AGARRADA)
  Cubo posição    : [+0.037, -0.001, +0.117]
  Target (target): [+0.150, +0.000, +0.020]
  Dist EE→Cubo    : 0.0167 m
  Dist Cubo→target: 0.1494 m
  Reward          : -0.1494
  Sucesso         : False
  Obstáculo caminho: SIM  (count: 1)
  Obstáculo [obstacle_1]: tipo=box  massa=0.0 kg  tamanho=[0.02, 0.3, 0.5]
  Objeto [object_1]: tipo=box  massa=1.0 kg  tamanho=[0.04, 0.04, 0.04]
  Target goal     : {'type': 'goal_sequence', 'targets': [{'name': 'target', 'position': [0.15000000596046448, 0.0, 0.019999999552965164]}, {'name': 'target_1', 'position': [0.15000000596046448, 0.10000000149011612, 0.019999999552965164]}, {'name': 'target_2', 'position': [-0.10000000149011612, 0.0, 0.019999999552965164]}, {'name': 'target_3', 'position': [-0.10000000149011612, 0.10000000149011612, 0.019999999552965164]}], 'mode': 'goal_sequence'}
  Mesa            : 1.1x0.7x0.4 m  offset_x=-0.3
  Robô config     : control=ee  block_gripper=False  base=[-0.6, 0.0, 0.05]
  Scripts         : ['script_1', 'reach_only', 'left_right']
  Juntas ângulos  : [-0.00, +0.51, +0.00, -1.88, -0.00, +2.34, +0.79]
  Juntas veloc.   : [+0.00, -0.00, -0.00, +0.00, +0.00, +0.00, -0.00]
  Cubo rotação    : [+0.015, +0.139, -0.001]  (roll/pitch/yaw)
  Cubo vel.linear : [-0.000, -0.000, -0.000]
────────────────────────────────────────────
 Ep  1 | Step  42
────────────────────────────────────────────
  Task            : PICK_AND_PLACE
  Action          : [+1.000, -0.000, -0.013, -1.000]
  EE posição      : [+0.028, +0.000, +0.132]
  EE velocidade   : [-0.002, +0.000, -0.001]
  Garra           : 0.037 m  (AGARRADA)
  Cubo posição    : [+0.037, -0.001, +0.117]
  Target (target): [+0.150, +0.000, +0.020]
  Dist EE→Cubo    : 0.0167 m
  Dist Cubo→target: 0.1494 m
  Reward          : -0.1494
  Sucesso         : False
  Obstáculo caminho: SIM  (count: 1)
  Obstáculo [obstacle_1]: tipo=box  massa=0.0 kg  tamanho=[0.02, 0.3, 0.5]
  Objeto [object_1]: tipo=box  massa=1.0 kg  tamanho=[0.04, 0.04, 0.04]
  Target goal     : {'type': 'goal_sequence', 'targets': [{'name': 'target', 'position': [0.15000000596046448, 0.0, 0.019999999552965164]}, {'name': 'target_1', 'position': [0.15000000596046448, 0.10000000149011612, 0.019999999552965164]}, {'name': 'target_2', 'position': [-0.10000000149011612, 0.0, 0.019999999552965164]}, {'name': 'target_3', 'position': [-0.10000000149011612, 0.10000000149011612, 0.019999999552965164]}], 'mode': 'goal_sequence'}
  Mesa            : 1.1x0.7x0.4 m  offset_x=-0.3
  Robô config     : control=ee  block_gripper=False  base=[-0.6, 0.0, 0.05]
  Scripts         : ['script_1', 'reach_only', 'left_right']
  Juntas ângulos  : [-0.00, +0.51, +0.00, -1.88, -0.00, +2.34, +0.79]
  Juntas veloc.   : [+0.00, +0.00, -0.00, +0.00, -0.00, -0.01, -0.00]
  Cubo rotação    : [+0.015, +0.139, -0.001]  (roll/pitch/yaw)
  Cubo vel.linear : [-0.001, -0.000, -0.000]
────────────────────────────────────────────
 Ep  1 | Step  43
────────────────────────────────────────────
  Task            : PICK_AND_PLACE
  Action          : [+1.000, -0.000, -0.013, -1.000]
  EE posição      : [+0.028, +0.000, +0.132]
  EE velocidade   : [+0.000, +0.000, +0.000]
  Garra           : 0.037 m  (AGARRADA)
  Cubo posição    : [+0.037, -0.001, +0.117]
  Target (target): [+0.150, +0.000, +0.020]
  Dist EE→Cubo    : 0.0167 m
  Dist Cubo→target: 0.1494 m
  Reward          : -0.1494
  Sucesso         : False
  Obstáculo caminho: SIM  (count: 1)
  Obstáculo [obstacle_1]: tipo=box  massa=0.0 kg  tamanho=[0.02, 0.3, 0.5]
  Objeto [object_1]: tipo=box  massa=1.0 kg  tamanho=[0.04, 0.04, 0.04]
  Target goal     : {'type': 'goal_sequence', 'targets': [{'name': 'target', 'position': [0.15000000596046448, 0.0, 0.019999999552965164]}, {'name': 'target_1', 'position': [0.15000000596046448, 0.10000000149011612, 0.019999999552965164]}, {'name': 'target_2', 'position': [-0.10000000149011612, 0.0, 0.019999999552965164]}, {'name': 'target_3', 'position': [-0.10000000149011612, 0.10000000149011612, 0.019999999552965164]}], 'mode': 'goal_sequence'}
  Mesa            : 1.1x0.7x0.4 m  offset_x=-0.3
  Robô config     : control=ee  block_gripper=False  base=[-0.6, 0.0, 0.05]
  Scripts         : ['script_1', 'reach_only', 'left_right']
  Juntas ângulos  : [-0.00, +0.51, +0.00, -1.88, -0.00, +2.34, +0.79]
  Juntas veloc.   : [+0.00, -0.00, -0.00, +0.00, +0.00, +0.00, -0.00]
  Cubo rotação    : [+0.015, +0.139, -0.001]  (roll/pitch/yaw)
  Cubo vel.linear : [-0.000, -0.000, -0.000]
────────────────────────────────────────────
 Ep  1 | Step  44
────────────────────────────────────────────
  Task            : PICK_AND_PLACE
  Action          : [+1.000, -0.000, -0.013, -1.000]
  EE posição      : [+0.028, +0.000, +0.132]
  EE velocidade   : [-0.000, +0.000, -0.000]
  Garra           : 0.037 m  (AGARRADA)
  Cubo posição    : [+0.037, -0.001, +0.117]
  Target (target): [+0.150, +0.000, +0.020]
  Dist EE→Cubo    : 0.0167 m
  Dist Cubo→target: 0.1494 m
  Reward          : -0.1494
  Sucesso         : False
  Obstáculo caminho: SIM  (count: 1)
  Obstáculo [obstacle_1]: tipo=box  massa=0.0 kg  tamanho=[0.02, 0.3, 0.5]
  Objeto [object_1]: tipo=box  massa=1.0 kg  tamanho=[0.04, 0.04, 0.04]
  Target goal     : {'type': 'goal_sequence', 'targets': [{'name': 'target', 'position': [0.15000000596046448, 0.0, 0.019999999552965164]}, {'name': 'target_1', 'position': [0.15000000596046448, 0.10000000149011612, 0.019999999552965164]}, {'name': 'target_2', 'position': [-0.10000000149011612, 0.0, 0.019999999552965164]}, {'name': 'target_3', 'position': [-0.10000000149011612, 0.10000000149011612, 0.019999999552965164]}], 'mode': 'goal_sequence'}
  Mesa            : 1.1x0.7x0.4 m  offset_x=-0.3
  Robô config     : control=ee  block_gripper=False  base=[-0.6, 0.0, 0.05]
  Scripts         : ['script_1', 'reach_only', 'left_right']
  Juntas ângulos  : [-0.00, +0.51, +0.00, -1.88, -0.00, +2.34, +0.79]
  Juntas veloc.   : [+0.00, +0.00, -0.00, +0.00, +0.00, -0.00, -0.00]
  Cubo rotação    : [+0.015, +0.139, -0.001]  (roll/pitch/yaw)
  Cubo vel.linear : [-0.000, -0.000, -0.000]
────────────────────────────────────────────
 Ep  1 | Step  45
────────────────────────────────────────────
  Task            : PICK_AND_PLACE
  Action          : [+1.000, -0.000, -0.013, -1.000]
  EE posição      : [+0.028, +0.000, +0.132]
  EE velocidade   : [+0.000, +0.000, +0.000]
  Garra           : 0.037 m  (AGARRADA)
  Cubo posição    : [+0.037, -0.001, +0.117]
  Target (target): [+0.150, +0.000, +0.020]
  Dist EE→Cubo    : 0.0167 m
  Dist Cubo→target: 0.1494 m
  Reward          : -0.1494
  Sucesso         : False
  Obstáculo caminho: SIM  (count: 1)
  Obstáculo [obstacle_1]: tipo=box  massa=0.0 kg  tamanho=[0.02, 0.3, 0.5]
  Objeto [object_1]: tipo=box  massa=1.0 kg  tamanho=[0.04, 0.04, 0.04]
  Target goal     : {'type': 'goal_sequence', 'targets': [{'name': 'target', 'position': [0.15000000596046448, 0.0, 0.019999999552965164]}, {'name': 'target_1', 'position': [0.15000000596046448, 0.10000000149011612, 0.019999999552965164]}, {'name': 'target_2', 'position': [-0.10000000149011612, 0.0, 0.019999999552965164]}, {'name': 'target_3', 'position': [-0.10000000149011612, 0.10000000149011612, 0.019999999552965164]}], 'mode': 'goal_sequence'}
  Mesa            : 1.1x0.7x0.4 m  offset_x=-0.3
  Robô config     : control=ee  block_gripper=False  base=[-0.6, 0.0, 0.05]
  Scripts         : ['script_1', 'reach_only', 'left_right']
  Juntas ângulos  : [-0.00, +0.51, +0.00, -1.88, -0.00, +2.34, +0.79]
  Juntas veloc.   : [+0.00, +0.00, -0.00, +0.00, +0.00, +0.00, +0.00]
  Cubo rotação    : [+0.015, +0.139, -0.001]  (roll/pitch/yaw)
  Cubo vel.linear : [-0.000, -0.000, -0.000]
────────────────────────────────────────────
 Ep  1 | Step  46
────────────────────────────────────────────
  Task            : PICK_AND_PLACE
  Action          : [+1.000, -0.000, -0.013, -1.000]
  EE posição      : [+0.028, +0.000, +0.132]
  EE velocidade   : [+0.000, +0.000, +0.000]
  Garra           : 0.037 m  (AGARRADA)
  Cubo posição    : [+0.037, -0.001, +0.117]
  Target (target): [+0.150, +0.000, +0.020]
  Dist EE→Cubo    : 0.0167 m
  Dist Cubo→target: 0.1494 m
  Reward          : -0.1494
  Sucesso         : False
  Obstáculo caminho: SIM  (count: 1)
  Obstáculo [obstacle_1]: tipo=box  massa=0.0 kg  tamanho=[0.02, 0.3, 0.5]
  Objeto [object_1]: tipo=box  massa=1.0 kg  tamanho=[0.04, 0.04, 0.04]
  Target goal     : {'type': 'goal_sequence', 'targets': [{'name': 'target', 'position': [0.15000000596046448, 0.0, 0.019999999552965164]}, {'name': 'target_1', 'position': [0.15000000596046448, 0.10000000149011612, 0.019999999552965164]}, {'name': 'target_2', 'position': [-0.10000000149011612, 0.0, 0.019999999552965164]}, {'name': 'target_3', 'position': [-0.10000000149011612, 0.10000000149011612, 0.019999999552965164]}], 'mode': 'goal_sequence'}
  Mesa            : 1.1x0.7x0.4 m  offset_x=-0.3
  Robô config     : control=ee  block_gripper=False  base=[-0.6, 0.0, 0.05]
  Scripts         : ['script_1', 'reach_only', 'left_right']
  Juntas ângulos  : [-0.00, +0.51, +0.00, -1.88, -0.00, +2.34, +0.79]
  Juntas veloc.   : [+0.00, +0.00, -0.00, +0.00, +0.00, +0.00, +0.00]
  Cubo rotação    : [+0.015, +0.139, -0.001]  (roll/pitch/yaw)
  Cubo vel.linear : [-0.000, -0.000, -0.000]
────────────────────────────────────────────
 Ep  1 | Step  47
────────────────────────────────────────────
  Task            : PICK_AND_PLACE
  Action          : [+1.000, -0.000, -0.013, -1.000]
  EE posição      : [+0.028, +0.000, +0.132]
  EE velocidade   : [+0.000, +0.000, +0.000]
  Garra           : 0.037 m  (AGARRADA)
  Cubo posição    : [+0.037, -0.001, +0.117]
  Target (target): [+0.150, +0.000, +0.020]
  Dist EE→Cubo    : 0.0167 m
  Dist Cubo→target: 0.1494 m
  Reward          : -0.1494
  Sucesso         : False
  Obstáculo caminho: SIM  (count: 1)
  Obstáculo [obstacle_1]: tipo=box  massa=0.0 kg  tamanho=[0.02, 0.3, 0.5]
  Objeto [object_1]: tipo=box  massa=1.0 kg  tamanho=[0.04, 0.04, 0.04]
  Target goal     : {'type': 'goal_sequence', 'targets': [{'name': 'target', 'position': [0.15000000596046448, 0.0, 0.019999999552965164]}, {'name': 'target_1', 'position': [0.15000000596046448, 0.10000000149011612, 0.019999999552965164]}, {'name': 'target_2', 'position': [-0.10000000149011612, 0.0, 0.019999999552965164]}, {'name': 'target_3', 'position': [-0.10000000149011612, 0.10000000149011612, 0.019999999552965164]}], 'mode': 'goal_sequence'}
  Mesa            : 1.1x0.7x0.4 m  offset_x=-0.3
  Robô config     : control=ee  block_gripper=False  base=[-0.6, 0.0, 0.05]
  Scripts         : ['script_1', 'reach_only', 'left_right']
  Juntas ângulos  : [-0.00, +0.51, +0.00, -1.88, -0.00, +2.34, +0.79]
  Juntas veloc.   : [+0.00, -0.00, -0.00, +0.00, +0.00, +0.00, +0.00]
  Cubo rotação    : [+0.015, +0.139, -0.001]  (roll/pitch/yaw)
  Cubo vel.linear : [+0.000, -0.000, +0.000]
────────────────────────────────────────────
 Ep  1 | Step  48
────────────────────────────────────────────
  Task            : PICK_AND_PLACE
  Action          : [+1.000, -0.000, -0.013, -1.000]
  EE posição      : [+0.028, +0.000, +0.132]
  EE velocidade   : [+0.000, +0.000, +0.000]
  Garra           : 0.037 m  (AGARRADA)
  Cubo posição    : [+0.037, -0.001, +0.117]
  Target (target): [+0.150, +0.000, +0.020]
  Dist EE→Cubo    : 0.0167 m
  Dist Cubo→target: 0.1494 m
  Reward          : -0.1494
  Sucesso         : False
  Obstáculo caminho: SIM  (count: 1)
  Obstáculo [obstacle_1]: tipo=box  massa=0.0 kg  tamanho=[0.02, 0.3, 0.5]
  Objeto [object_1]: tipo=box  massa=1.0 kg  tamanho=[0.04, 0.04, 0.04]
  Target goal     : {'type': 'goal_sequence', 'targets': [{'name': 'target', 'position': [0.15000000596046448, 0.0, 0.019999999552965164]}, {'name': 'target_1', 'position': [0.15000000596046448, 0.10000000149011612, 0.019999999552965164]}, {'name': 'target_2', 'position': [-0.10000000149011612, 0.0, 0.019999999552965164]}, {'name': 'target_3', 'position': [-0.10000000149011612, 0.10000000149011612, 0.019999999552965164]}], 'mode': 'goal_sequence'}
  Mesa            : 1.1x0.7x0.4 m  offset_x=-0.3
  Robô config     : control=ee  block_gripper=False  base=[-0.6, 0.0, 0.05]
  Scripts         : ['script_1', 'reach_only', 'left_right']
  Juntas ângulos  : [-0.00, +0.51, +0.00, -1.88, -0.00, +2.34, +0.79]
  Juntas veloc.   : [+0.00, -0.00, -0.00, -0.00, +0.00, +0.00, -0.00]
  Cubo rotação    : [+0.015, +0.139, -0.001]  (roll/pitch/yaw)
  Cubo vel.linear : [+0.000, -0.000, +0.000]
────────────────────────────────────────────
 Ep  1 | Step  49
────────────────────────────────────────────
  Task            : PICK_AND_PLACE
  Action          : [+1.000, -0.000, -0.013, -1.000]
  EE posição      : [+0.028, +0.000, +0.132]
  EE velocidade   : [+0.000, +0.000, +0.000]
  Garra           : 0.037 m  (AGARRADA)
  Cubo posição    : [+0.037, -0.001, +0.117]
  Target (target): [+0.150, +0.000, +0.020]
  Dist EE→Cubo    : 0.0167 m
  Dist Cubo→target: 0.1494 m
  Reward          : -0.1494
  Sucesso         : False
  Obstáculo caminho: SIM  (count: 1)
  Obstáculo [obstacle_1]: tipo=box  massa=0.0 kg  tamanho=[0.02, 0.3, 0.5]
  Objeto [object_1]: tipo=box  massa=1.0 kg  tamanho=[0.04, 0.04, 0.04]
  Target goal     : {'type': 'goal_sequence', 'targets': [{'name': 'target', 'position': [0.15000000596046448, 0.0, 0.019999999552965164]}, {'name': 'target_1', 'position': [0.15000000596046448, 0.10000000149011612, 0.019999999552965164]}, {'name': 'target_2', 'position': [-0.10000000149011612, 0.0, 0.019999999552965164]}, {'name': 'target_3', 'position': [-0.10000000149011612, 0.10000000149011612, 0.019999999552965164]}], 'mode': 'goal_sequence'}
  Mesa            : 1.1x0.7x0.4 m  offset_x=-0.3
  Robô config     : control=ee  block_gripper=False  base=[-0.6, 0.0, 0.05]
  Scripts         : ['script_1', 'reach_only', 'left_right']
  Juntas ângulos  : [-0.00, +0.51, +0.00, -1.88, -0.00, +2.34, +0.79]
  Juntas veloc.   : [+0.00, -0.00, -0.00, +0.00, +0.00, +0.00, +0.00]
  Cubo rotação    : [+0.015, +0.139, -0.001]  (roll/pitch/yaw)
  Cubo vel.linear : [-0.000, -0.000, +0.000]
────────────────────────────────────────────
 Ep  1 | Step  50
────────────────────────────────────────────
  Task            : PICK_AND_PLACE
  Action          : [+1.000, -0.000, -0.013, -1.000]
  EE posição      : [+0.028, +0.000, +0.132]
  EE velocidade   : [+0.000, +0.000, +0.000]
  Garra           : 0.037 m  (AGARRADA)
  Cubo posição    : [+0.037, -0.001, +0.117]
  Target (target): [+0.150, +0.000, +0.020]
  Dist EE→Cubo    : 0.0167 m
  Dist Cubo→target: 0.1494 m
  Reward          : -0.1494
  Sucesso         : False
  Obstáculo caminho: SIM  (count: 1)
  Obstáculo [obstacle_1]: tipo=box  massa=0.0 kg  tamanho=[0.02, 0.3, 0.5]
  Objeto [object_1]: tipo=box  massa=1.0 kg  tamanho=[0.04, 0.04, 0.04]
  Target goal     : {'type': 'goal_sequence', 'targets': [{'name': 'target', 'position': [0.15000000596046448, 0.0, 0.019999999552965164]}, {'name': 'target_1', 'position': [0.15000000596046448, 0.10000000149011612, 0.019999999552965164]}, {'name': 'target_2', 'position': [-0.10000000149011612, 0.0, 0.019999999552965164]}, {'name': 'target_3', 'position': [-0.10000000149011612, 0.10000000149011612, 0.019999999552965164]}], 'mode': 'goal_sequence'}
  Mesa            : 1.1x0.7x0.4 m  offset_x=-0.3
  Robô config     : control=ee  block_gripper=False  base=[-0.6, 0.0, 0.05]
  Scripts         : ['script_1', 'reach_only', 'left_right']
  Juntas ângulos  : [+0.00, +0.51, +0.00, -1.88, -0.00, +2.34, +0.79]
  Juntas veloc.   : [+0.00, -0.00, -0.00, +0.00, +0.00, +0.00, +0.00]
  Cubo rotação    : [+0.015, +0.139, -0.001]  (roll/pitch/yaw)
  Cubo vel.linear : [-0.000, -0.000, -0.000]
────────────────────────────────────────────
 Ep  1 | Step  51
────────────────────────────────────────────
  Task            : PICK_AND_PLACE
  Action          : [+1.000, -0.000, -0.013, -1.000]
  EE posição      : [+0.028, +0.000, +0.132]
  EE velocidade   : [+0.000, +0.000, +0.000]
  Garra           : 0.037 m  (AGARRADA)
  Cubo posição    : [+0.037, -0.001, +0.117]
  Target (target): [+0.150, +0.000, +0.020]
  Dist EE→Cubo    : 0.0167 m
  Dist Cubo→target: 0.1494 m
  Reward          : -0.1494
  Sucesso         : False
  Obstáculo caminho: SIM  (count: 1)
  Obstáculo [obstacle_1]: tipo=box  massa=0.0 kg  tamanho=[0.02, 0.3, 0.5]
  Objeto [object_1]: tipo=box  massa=1.0 kg  tamanho=[0.04, 0.04, 0.04]
  Target goal     : {'type': 'goal_sequence', 'targets': [{'name': 'target', 'position': [0.15000000596046448, 0.0, 0.019999999552965164]}, {'name': 'target_1', 'position': [0.15000000596046448, 0.10000000149011612, 0.019999999552965164]}, {'name': 'target_2', 'position': [-0.10000000149011612, 0.0, 0.019999999552965164]}, {'name': 'target_3', 'position': [-0.10000000149011612, 0.10000000149011612, 0.019999999552965164]}], 'mode': 'goal_sequence'}
  Mesa            : 1.1x0.7x0.4 m  offset_x=-0.3
  Robô config     : control=ee  block_gripper=False  base=[-0.6, 0.0, 0.05]
  Scripts         : ['script_1', 'reach_only', 'left_right']
  Juntas ângulos  : [+0.00, +0.51, +0.00, -1.88, +0.00, +2.34, +0.79]
  Juntas veloc.   : [+0.00, -0.00, -0.00, -0.00, +0.00, +0.00, +0.00]
  Cubo rotação    : [+0.015, +0.139, -0.001]  (roll/pitch/yaw)
  Cubo vel.linear : [+0.000, -0.000, +0.000]
