────────────────────────────────────────────
 Ep  1 | Step   1
────────────────────────────────────────────
  Task            : PICK_AND_PLACE
  Action          : [-0.108, +0.000, -0.994, +1.000]
  EE posição      : [+0.040, +0.000, +0.171]
  EE velocidade   : [-0.265, -0.001, -1.261]
  Garra           : 0.070 m  (ABERTA)
  Cubo posição    : [+0.030, +0.000, +0.020]
  Target (target): [+0.150, +0.000, +0.020]
  Dist EE→Cubo    : 0.1510 m
  Dist Cubo→target: 0.1200 m
  Reward          : -0.1200
  Sucesso         : False
  Obstáculo caminho: nao  (count: 0)
  Objeto [object_1]: tipo=box  massa=1.0 kg  tamanho=[0.04, 0.04, 0.04]
  Target goal     : {'type': 'goal_sequence', 'targets': [{'name': 'target', 'position': [0.15000000596046448, 0.0, 0.019999999552965164]}], 'mode': 'goal_sequence'}
  Mesa            : 1.1x0.7x0.4 m  offset_x=-0.3
  Robô config     : control=ee  block_gripper=False  base=[-0.6, 0.0, 0.05]
  Scripts         : ['script_1', 'reach_only', 'left_right']
  Juntas ângulos  : [-0.00, +0.45, +0.00, -1.88, -0.00, +2.35, +0.79]
  Juntas veloc.   : [-0.00, +1.91, +0.00, -0.24, -0.01, +0.69, -0.03]
  Cubo rotação    : [+0.000, -0.000, -0.000]  (roll/pitch/yaw)
  Cubo vel.linear : [-0.000, +0.000, -0.000]
────────────────────────────────────────────
 Ep  1 | Step   2
────────────────────────────────────────────
  Task            : PICK_AND_PLACE
  Action          : [-0.198, -0.000, -0.980, +1.000]
  EE posição      : [+0.028, +0.000, +0.114]
  EE velocidade   : [-0.377, +0.000, -1.176]
  Garra           : 0.079 m  (ABERTA)
  Cubo posição    : [+0.030, +0.000, +0.020]
  Target (target): [+0.150, +0.000, +0.020]
  Dist EE→Cubo    : 0.0944 m
  Dist Cubo→target: 0.1200 m
  Reward          : -0.1200
  Sucesso         : False
  Obstáculo caminho: nao  (count: 0)
  Objeto [object_1]: tipo=box  massa=1.0 kg  tamanho=[0.04, 0.04, 0.04]
  Target goal     : {'type': 'goal_sequence', 'targets': [{'name': 'target', 'position': [0.15000000596046448, 0.0, 0.019999999552965164]}], 'mode': 'goal_sequence'}
  Mesa            : 1.1x0.7x0.4 m  offset_x=-0.3
  Robô config     : control=ee  block_gripper=False  base=[-0.6, 0.0, 0.05]
  Scripts         : ['script_1', 'reach_only', 'left_right']
  Juntas ângulos  : [-0.00, +0.53, +0.00, -1.90, -0.00, +2.41, +0.79]
  Juntas veloc.   : [-0.00, +1.83, +0.00, -0.17, -0.00, +0.47, -0.00]
  Cubo rotação    : [+0.000, -0.000, -0.000]  (roll/pitch/yaw)
  Cubo vel.linear : [-0.000, +0.000, -0.000]
────────────────────────────────────────────
 Ep  1 | Step   3
────────────────────────────────────────────
  Task            : PICK_AND_PLACE
  Action          : [+0.336, -0.000, +0.942, +1.000]
  EE posição      : [+0.014, +0.000, +0.080]
  EE velocidade   : [-0.211, +0.000, -0.558]
  Garra           : 0.080 m  (ABERTA)
  Cubo posição    : [+0.030, +0.000, +0.020]
  Target (target): [+0.150, +0.000, +0.020]
  Dist EE→Cubo    : 0.0620 m
  Dist Cubo→target: 0.1200 m
  Reward          : -0.1200
  Sucesso         : False
  Obstáculo caminho: nao  (count: 0)
  Objeto [object_1]: tipo=box  massa=1.0 kg  tamanho=[0.04, 0.04, 0.04]
  Target goal     : {'type': 'goal_sequence', 'targets': [{'name': 'target', 'position': [0.15000000596046448, 0.0, 0.019999999552965164]}], 'mode': 'goal_sequence'}
  Mesa            : 1.1x0.7x0.4 m  offset_x=-0.3
  Robô config     : control=ee  block_gripper=False  base=[-0.6, 0.0, 0.05]
  Scripts         : ['script_1', 'reach_only', 'left_right']
  Juntas ângulos  : [-0.00, +0.60, +0.00, -1.86, -0.00, +2.34, +0.79]
  Juntas veloc.   : [-0.00, +1.09, +0.00, +0.40, +0.00, -0.55, -0.00]
  Cubo rotação    : [+0.000, -0.000, -0.000]  (roll/pitch/yaw)
  Cubo vel.linear : [+0.000, -0.000, +0.000]
────────────────────────────────────────────
 Ep  1 | Step   4
────────────────────────────────────────────
  Task            : PICK_AND_PLACE
  Action          : [+0.100, -0.000, -0.371, +1.000]
  EE posição      : [+0.022, +0.000, +0.057]
  EE velocidade   : [-0.049, -0.001, -0.365]
  Garra           : 0.080 m  (ABERTA)
  Cubo posição    : [+0.030, +0.000, +0.020]
  Target (target): [+0.150, +0.000, +0.020]
  Dist EE→Cubo    : 0.0378 m
  Dist Cubo→target: 0.1200 m
  Reward          : -0.1200
  Sucesso         : False
  Obstáculo caminho: nao  (count: 0)
  Objeto [object_1]: tipo=box  massa=1.0 kg  tamanho=[0.04, 0.04, 0.04]
  Target goal     : {'type': 'goal_sequence', 'targets': [{'name': 'target', 'position': [0.15000000596046448, 0.0, 0.019999999552965164]}], 'mode': 'goal_sequence'}
  Mesa            : 1.1x0.7x0.4 m  offset_x=-0.3
  Robô config     : control=ee  block_gripper=False  base=[-0.6, 0.0, 0.05]
  Scripts         : ['script_1', 'reach_only', 'left_right']
  Juntas ângulos  : [-0.00, +0.63, +0.00, -1.90, -0.00, +2.51, +0.79]
  Juntas veloc.   : [+0.00, +0.54, -0.00, -0.37, -0.03, +1.31, +0.00]
  Cubo rotação    : [-0.000, -0.000, -0.000]  (roll/pitch/yaw)
  Cubo vel.linear : [+0.000, -0.000, +0.000]
────────────────────────────────────────────
 Ep  1 | Step   5
────────────────────────────────────────────
  Task            : PICK_AND_PLACE
  Action          : [+0.031, -0.000, -0.139, +1.000]
  EE posição      : [+0.024, +0.000, +0.051]
  EE velocidade   : [+0.020, +0.000, -0.038]
  Garra           : 0.080 m  (ABERTA)
  Cubo posição    : [+0.030, +0.000, +0.020]
  Target (target): [+0.150, +0.000, +0.020]
  Dist EE→Cubo    : 0.0312 m
  Dist Cubo→target: 0.1200 m
  Reward          : -0.1200
  Sucesso         : False
  Obstáculo caminho: nao  (count: 0)
  Objeto [object_1]: tipo=box  massa=1.0 kg  tamanho=[0.04, 0.04, 0.04]
  Target goal     : {'type': 'goal_sequence', 'targets': [{'name': 'target', 'position': [0.15000000596046448, 0.0, 0.019999999552965164]}], 'mode': 'goal_sequence'}
  Mesa            : 1.1x0.7x0.4 m  offset_x=-0.3
  Robô config     : control=ee  block_gripper=False  base=[-0.6, 0.0, 0.05]
  Scripts         : ['script_1', 'reach_only', 'left_right']
  Juntas ângulos  : [-0.00, +0.64, +0.00, -1.91, -0.00, +2.55, +0.79]
  Juntas veloc.   : [+0.00, +0.07, -0.00, -0.05, -0.00, +0.32, -0.00]
  Cubo rotação    : [-0.000, -0.000, -0.000]  (roll/pitch/yaw)
  Cubo vel.linear : [+0.000, +0.000, +0.000]
────────────────────────────────────────────
 Ep  1 | Step   6
────────────────────────────────────────────
  Task            : PICK_AND_PLACE
  Action          : [+0.018, -0.000, -0.095, +1.000]
  EE posição      : [+0.025, +0.000, +0.047]
  EE velocidade   : [+0.003, -0.000, -0.034]
  Garra           : 0.080 m  (ABERTA)
  Cubo posição    : [+0.030, +0.000, +0.020]
  Target (target): [+0.150, +0.000, +0.020]
  Dist EE→Cubo    : 0.0271 m
  Dist Cubo→target: 0.1200 m
  Reward          : -0.1200
  Sucesso         : False
  Obstáculo caminho: nao  (count: 0)
  Objeto [object_1]: tipo=box  massa=1.0 kg  tamanho=[0.04, 0.04, 0.04]
  Target goal     : {'type': 'goal_sequence', 'targets': [{'name': 'target', 'position': [0.15000000596046448, 0.0, 0.019999999552965164]}], 'mode': 'goal_sequence'}
  Mesa            : 1.1x0.7x0.4 m  offset_x=-0.3
  Robô config     : control=ee  block_gripper=False  base=[-0.6, 0.0, 0.05]
  Scripts         : ['script_1', 'reach_only', 'left_right']
  Juntas ângulos  : [-0.00, +0.65, +0.00, -1.91, -0.00, +2.56, +0.79]
  Juntas veloc.   : [+0.00, +0.08, -0.00, +0.02, -0.00, +0.08, +0.00]
  Cubo rotação    : [-0.000, -0.000, -0.000]  (roll/pitch/yaw)
  Cubo vel.linear : [+0.000, -0.000, +0.000]
────────────────────────────────────────────
 Ep  1 | Step   7
────────────────────────────────────────────
  Task            : PICK_AND_PLACE
  Action          : [+0.014, -0.000, -0.072, +1.000]
  EE posição      : [+0.025, +0.000, +0.044]
  EE velocidade   : [+0.002, -0.000, -0.025]
  Garra           : 0.080 m  (ABERTA)
  Cubo posição    : [+0.030, +0.000, +0.020]
  Target (target): [+0.150, +0.000, +0.020]
  Dist EE→Cubo    : 0.0241 m
  Dist Cubo→target: 0.1200 m
  Reward          : -0.1200
  Sucesso         : False
  Obstáculo caminho: nao  (count: 0)
  Objeto [object_1]: tipo=box  massa=1.0 kg  tamanho=[0.04, 0.04, 0.04]
  Target goal     : {'type': 'goal_sequence', 'targets': [{'name': 'target', 'position': [0.15000000596046448, 0.0, 0.019999999552965164]}], 'mode': 'goal_sequence'}
  Mesa            : 1.1x0.7x0.4 m  offset_x=-0.3
  Robô config     : control=ee  block_gripper=False  base=[-0.6, 0.0, 0.05]
  Scripts         : ['script_1', 'reach_only', 'left_right']
  Juntas ângulos  : [-0.00, +0.66, +0.00, -1.91, -0.00, +2.56, +0.79]
  Juntas veloc.   : [-0.00, +0.06, -0.00, +0.02, -0.00, +0.04, -0.00]
  Cubo rotação    : [-0.000, -0.000, -0.000]  (roll/pitch/yaw)
  Cubo vel.linear : [+0.000, +0.000, +0.000]
────────────────────────────────────────────
 Ep  1 | Step   8
────────────────────────────────────────────
  Task            : PICK_AND_PLACE
  Action          : [+0.012, -0.000, -0.059, +1.000]
  EE posição      : [+0.026, +0.000, +0.041]
  EE velocidade   : [+0.002, -0.000, -0.020]
  Garra           : 0.080 m  (ABERTA)
  Cubo posição    : [+0.030, +0.000, +0.020]
  Target (target): [+0.150, +0.000, +0.020]
  Dist EE→Cubo    : 0.0216 m
  Dist Cubo→target: 0.1200 m
  Reward          : -0.1200
  Sucesso         : False
  Obstáculo caminho: nao  (count: 0)
  Objeto [object_1]: tipo=box  massa=1.0 kg  tamanho=[0.04, 0.04, 0.04]
  Target goal     : {'type': 'goal_sequence', 'targets': [{'name': 'target', 'position': [0.15000000596046448, 0.0, 0.019999999552965164]}], 'mode': 'goal_sequence'}
  Mesa            : 1.1x0.7x0.4 m  offset_x=-0.3
  Robô config     : control=ee  block_gripper=False  base=[-0.6, 0.0, 0.05]
  Scripts         : ['script_1', 'reach_only', 'left_right']
  Juntas ângulos  : [-0.00, +0.66, +0.00, -1.90, -0.00, +2.57, +0.79]
  Juntas veloc.   : [-0.00, +0.05, -0.00, +0.02, -0.00, +0.03, -0.00]
  Cubo rotação    : [-0.000, -0.000, -0.000]  (roll/pitch/yaw)
  Cubo vel.linear : [+0.000, +0.000, +0.000]
────────────────────────────────────────────
 Ep  1 | Step   9
────────────────────────────────────────────
  Task            : PICK_AND_PLACE
  Action          : [+0.013, -0.000, -0.059, +1.000]
  EE posição      : [+0.026, +0.000, +0.039]
  EE velocidade   : [+0.002, -0.000, -0.020]
  Garra           : 0.080 m  (ABERTA)
  Cubo posição    : [+0.030, +0.000, +0.020]
  Target (target): [+0.150, +0.000, +0.020]
  Dist EE→Cubo    : 0.0191 m
  Dist Cubo→target: 0.1200 m
  Reward          : -0.1200
  Sucesso         : False
  Obstáculo caminho: nao  (count: 0)
  Objeto [object_1]: tipo=box  massa=1.0 kg  tamanho=[0.04, 0.04, 0.04]
  Target goal     : {'type': 'goal_sequence', 'targets': [{'name': 'target', 'position': [0.15000000596046448, 0.0, 0.019999999552965164]}], 'mode': 'goal_sequence'}
  Mesa            : 1.1x0.7x0.4 m  offset_x=-0.3
  Robô config     : control=ee  block_gripper=False  base=[-0.6, 0.0, 0.05]
  Scripts         : ['script_1', 'reach_only', 'left_right']
  Juntas ângulos  : [-0.00, +0.67, +0.00, -1.90, -0.00, +2.57, +0.79]
  Juntas veloc.   : [-0.00, +0.05, -0.00, +0.02, -0.00, +0.02, -0.00]
  Cubo rotação    : [-0.000, -0.000, -0.000]  (roll/pitch/yaw)
  Cubo vel.linear : [+0.000, +0.000, +0.000]
────────────────────────────────────────────
 Ep  1 | Step  10
────────────────────────────────────────────
  Task            : PICK_AND_PLACE
  Action          : [+0.013, -0.000, -0.059, +1.000]
  EE posição      : [+0.026, +0.000, +0.036]
  EE velocidade   : [+0.002, -0.000, -0.020]
  Garra           : 0.080 m  (ABERTA)
  Cubo posição    : [+0.030, +0.000, +0.020]
  Target (target): [+0.150, +0.000, +0.020]
  Dist EE→Cubo    : 0.0167 m
  Dist Cubo→target: 0.1200 m
  Reward          : -0.1200
  Sucesso         : False
  Obstáculo caminho: nao  (count: 0)
  Objeto [object_1]: tipo=box  massa=1.0 kg  tamanho=[0.04, 0.04, 0.04]
  Target goal     : {'type': 'goal_sequence', 'targets': [{'name': 'target', 'position': [0.15000000596046448, 0.0, 0.019999999552965164]}], 'mode': 'goal_sequence'}
  Mesa            : 1.1x0.7x0.4 m  offset_x=-0.3
  Robô config     : control=ee  block_gripper=False  base=[-0.6, 0.0, 0.05]
  Scripts         : ['script_1', 'reach_only', 'left_right']
  Juntas ângulos  : [-0.00, +0.68, +0.00, -1.90, -0.00, +2.57, +0.79]
  Juntas veloc.   : [-0.00, +0.05, -0.00, +0.02, -0.00, +0.02, +0.00]
  Cubo rotação    : [-0.000, -0.000, -0.000]  (roll/pitch/yaw)
  Cubo vel.linear : [+0.000, +0.000, +0.000]
────────────────────────────────────────────
 Ep  1 | Step  11
────────────────────────────────────────────
  Task            : PICK_AND_PLACE
  Action          : [+0.014, +0.000, -0.058, +1.000]
  EE posição      : [+0.026, -0.000, +0.034]
  EE velocidade   : [+0.002, -0.000, -0.020]
  Garra           : 0.080 m  (ABERTA)
  Cubo posição    : [+0.030, +0.000, +0.020]
  Target (target): [+0.150, +0.000, +0.020]
  Dist EE→Cubo    : 0.0142 m
  Dist Cubo→target: 0.1200 m
  Reward          : -0.1200
  Sucesso         : False
  Obstáculo caminho: nao  (count: 0)
  Objeto [object_1]: tipo=box  massa=1.0 kg  tamanho=[0.04, 0.04, 0.04]
  Target goal     : {'type': 'goal_sequence', 'targets': [{'name': 'target', 'position': [0.15000000596046448, 0.0, 0.019999999552965164]}], 'mode': 'goal_sequence'}
  Mesa            : 1.1x0.7x0.4 m  offset_x=-0.3
  Robô config     : control=ee  block_gripper=False  base=[-0.6, 0.0, 0.05]
  Scripts         : ['script_1', 'reach_only', 'left_right']
  Juntas ângulos  : [-0.00, +0.68, +0.00, -1.89, -0.00, +2.58, +0.79]
  Juntas veloc.   : [-0.00, +0.05, -0.00, +0.02, -0.00, +0.02, +0.00]
  Cubo rotação    : [-0.000, +0.000, -0.000]  (roll/pitch/yaw)
  Cubo vel.linear : [+0.000, -0.000, -0.000]
────────────────────────────────────────────
 Ep  1 | Step  12
────────────────────────────────────────────
  Task            : PICK_AND_PLACE
  Action          : [+0.015, +0.000, -0.058, +1.000]
  EE posição      : [+0.027, -0.000, +0.031]
  EE velocidade   : [+0.002, -0.000, -0.020]
  Garra           : 0.080 m  (ABERTA)
  Cubo posição    : [+0.030, +0.000, +0.020]
  Target (target): [+0.150, +0.000, +0.020]
  Dist EE→Cubo    : 0.0118 m
  Dist Cubo→target: 0.1200 m
  Reward          : -0.1200
  Sucesso         : False
  Obstáculo caminho: nao  (count: 0)
  Objeto [object_1]: tipo=box  massa=1.0 kg  tamanho=[0.04, 0.04, 0.04]
  Target goal     : {'type': 'goal_sequence', 'targets': [{'name': 'target', 'position': [0.15000000596046448, 0.0, 0.019999999552965164]}], 'mode': 'goal_sequence'}
  Mesa            : 1.1x0.7x0.4 m  offset_x=-0.3
  Robô config     : control=ee  block_gripper=False  base=[-0.6, 0.0, 0.05]
  Scripts         : ['script_1', 'reach_only', 'left_right']
  Juntas ângulos  : [-0.00, +0.69, +0.00, -1.89, -0.00, +2.58, +0.79]
  Juntas veloc.   : [-0.00, +0.05, -0.00, +0.03, -0.00, +0.02, +0.00]
  Cubo rotação    : [-0.000, +0.000, -0.000]  (roll/pitch/yaw)
  Cubo vel.linear : [+0.000, -0.000, -0.000]
────────────────────────────────────────────
 Ep  1 | Step  13
────────────────────────────────────────────
  Task            : PICK_AND_PLACE
  Action          : [+0.016, +0.000, -0.058, +1.000]
  EE posição      : [+0.027, -0.000, +0.029]
  EE velocidade   : [+0.003, -0.000, -0.020]
  Garra           : 0.080 m  (ABERTA)
  Cubo posição    : [+0.030, +0.000, +0.020]
  Target (target): [+0.150, +0.000, +0.020]
  Dist EE→Cubo    : 0.0093 m
  Dist Cubo→target: 0.1200 m
  Reward          : -0.1200
  Sucesso         : False
  Obstáculo caminho: nao  (count: 0)
  Objeto [object_1]: tipo=box  massa=1.0 kg  tamanho=[0.04, 0.04, 0.04]
  Target goal     : {'type': 'goal_sequence', 'targets': [{'name': 'target', 'position': [0.15000000596046448, 0.0, 0.019999999552965164]}], 'mode': 'goal_sequence'}
  Mesa            : 1.1x0.7x0.4 m  offset_x=-0.3
  Robô config     : control=ee  block_gripper=False  base=[-0.6, 0.0, 0.05]
  Scripts         : ['script_1', 'reach_only', 'left_right']
  Juntas ângulos  : [-0.00, +0.70, +0.00, -1.89, -0.00, +2.58, +0.79]
  Juntas veloc.   : [-0.00, +0.05, -0.00, +0.03, -0.00, +0.02, +0.00]
  Cubo rotação    : [-0.000, +0.000, -0.000]  (roll/pitch/yaw)
  Cubo vel.linear : [+0.000, -0.000, -0.000]
────────────────────────────────────────────
 Ep  1 | Step  14
────────────────────────────────────────────
  Task            : PICK_AND_PLACE
  Action          : [+0.018, +0.000, -0.057, +1.000]
  EE posição      : [+0.028, -0.000, +0.027]
  EE velocidade   : [+0.003, -0.000, -0.019]
  Garra           : 0.080 m  (ABERTA)
  Cubo posição    : [+0.030, +0.000, +0.020]
  Target (target): [+0.150, +0.000, +0.020]
  Dist EE→Cubo    : 0.0069 m
  Dist Cubo→target: 0.1200 m
  Reward          : -0.1200
  Sucesso         : False
  Obstáculo caminho: nao  (count: 0)
  Objeto [object_1]: tipo=box  massa=1.0 kg  tamanho=[0.04, 0.04, 0.04]
  Target goal     : {'type': 'goal_sequence', 'targets': [{'name': 'target', 'position': [0.15000000596046448, 0.0, 0.019999999552965164]}], 'mode': 'goal_sequence'}
  Mesa            : 1.1x0.7x0.4 m  offset_x=-0.3
  Robô config     : control=ee  block_gripper=False  base=[-0.6, 0.0, 0.05]
  Scripts         : ['script_1', 'reach_only', 'left_right']
  Juntas ângulos  : [-0.00, +0.70, +0.00, -1.88, -0.00, +2.59, +0.79]
  Juntas veloc.   : [+0.00, +0.05, -0.00, +0.03, -0.00, +0.02, +0.00]
  Cubo rotação    : [-0.000, +0.000, -0.000]  (roll/pitch/yaw)
  Cubo vel.linear : [+0.000, -0.000, -0.000]
────────────────────────────────────────────
 Ep  1 | Step  15
────────────────────────────────────────────
  Task            : PICK_AND_PLACE
  Action          : [+0.020, +0.000, -0.057, +1.000]
  EE posição      : [+0.028, -0.000, +0.024]
  EE velocidade   : [+0.003, +0.000, -0.019]
  Garra           : 0.080 m  (ABERTA)
  Cubo posição    : [+0.030, +0.000, +0.020]
  Target (target): [+0.150, +0.000, +0.020]
  Dist EE→Cubo    : 0.0046 m
  Dist Cubo→target: 0.1200 m
  Reward          : -0.1200
  Sucesso         : False
  Obstáculo caminho: nao  (count: 0)
  Objeto [object_1]: tipo=box  massa=1.0 kg  tamanho=[0.04, 0.04, 0.04]
  Target goal     : {'type': 'goal_sequence', 'targets': [{'name': 'target', 'position': [0.15000000596046448, 0.0, 0.019999999552965164]}], 'mode': 'goal_sequence'}
  Mesa            : 1.1x0.7x0.4 m  offset_x=-0.3
  Robô config     : control=ee  block_gripper=False  base=[-0.6, 0.0, 0.05]
  Scripts         : ['script_1', 'reach_only', 'left_right']
  Juntas ângulos  : [-0.00, +0.71, +0.00, -1.88, -0.00, +2.59, +0.79]
  Juntas veloc.   : [+0.00, +0.05, -0.00, +0.03, -0.00, +0.02, +0.00]
  Cubo rotação    : [-0.000, +0.000, -0.000]  (roll/pitch/yaw)
  Cubo vel.linear : [+0.000, -0.000, -0.000]
────────────────────────────────────────────
 Ep  1 | Step  16
────────────────────────────────────────────
  Task            : PICK_AND_PLACE
  Action          : [+0.023, +0.000, -0.055, -1.000]
  EE posição      : [+0.029, -0.000, +0.022]
  EE velocidade   : [+0.007, -0.000, -0.007]
  Garra           : 0.036 m  (AGARRADA)
  Cubo posição    : [+0.030, -0.000, +0.020]
  Target (target): [+0.150, +0.000, +0.020]
  Dist EE→Cubo    : 0.0024 m
  Dist Cubo→target: 0.1200 m
  Reward          : -0.1200
  Sucesso         : False
  Obstáculo caminho: nao  (count: 0)
  Objeto [object_1]: tipo=box  massa=1.0 kg  tamanho=[0.04, 0.04, 0.04]
  Target goal     : {'type': 'goal_sequence', 'targets': [{'name': 'target', 'position': [0.15000000596046448, 0.0, 0.019999999552965164]}], 'mode': 'goal_sequence'}
  Mesa            : 1.1x0.7x0.4 m  offset_x=-0.3
  Robô config     : control=ee  block_gripper=False  base=[-0.6, 0.0, 0.05]
  Scripts         : ['script_1', 'reach_only', 'left_right']
  Juntas ângulos  : [-0.00, +0.71, +0.00, -1.88, -0.00, +2.59, +0.79]
  Juntas veloc.   : [+0.00, +0.03, -0.00, +0.03, +0.00, +0.00, +0.01]
  Cubo rotação    : [-0.000, +0.001, -0.000]  (roll/pitch/yaw)
  Cubo vel.linear : [+0.002, -0.003, -0.000]
────────────────────────────────────────────
 Ep  1 | Step  17
────────────────────────────────────────────
  Task            : PICK_AND_PLACE
  Action          : [-0.007, +0.000, +1.000, -1.000]
  EE posição      : [+0.015, +0.000, +0.030]
  EE velocidade   : [+0.056, -0.000, +0.451]
  Garra           : 0.035 m  (AGARRADA)
  Cubo posição    : [+0.017, +0.000, +0.029]
  Target (target): [+0.150, +0.000, +0.020]
  Dist EE→Cubo    : 0.0020 m
  Dist Cubo→target: 0.1335 m
  Reward          : -0.1335
  Sucesso         : False
  Obstáculo caminho: nao  (count: 0)
  Objeto [object_1]: tipo=box  massa=1.0 kg  tamanho=[0.04, 0.04, 0.04]
  Target goal     : {'type': 'goal_sequence', 'targets': [{'name': 'target', 'position': [0.15000000596046448, 0.0, 0.019999999552965164]}], 'mode': 'goal_sequence'}
  Mesa            : 1.1x0.7x0.4 m  offset_x=-0.3
  Robô config     : control=ee  block_gripper=False  base=[-0.6, 0.0, 0.05]
  Scripts         : ['script_1', 'reach_only', 'left_right']
  Juntas ângulos  : [-0.00, +0.68, +0.00, -1.89, -0.00, +2.52, +0.79]
  Juntas veloc.   : [-0.00, -0.92, +0.00, -0.20, -0.00, -0.55, -0.00]
  Cubo rotação    : [-0.001, +0.043, +0.015]  (roll/pitch/yaw)
  Cubo vel.linear : [+0.057, +0.014, +0.451]
────────────────────────────────────────────
 Ep  1 | Step  18
────────────────────────────────────────────
  Task            : PICK_AND_PLACE
  Action          : [+0.137, -0.000, +0.991, -1.000]
  EE posição      : [+0.017, -0.000, +0.056]
  EE velocidade   : [+0.312, -0.000, +0.869]
  Garra           : 0.035 m  (AGARRADA)
  Cubo posição    : [+0.020, +0.001, +0.056]
  Target (target): [+0.150, +0.000, +0.020]
  Dist EE→Cubo    : 0.0024 m
  Dist Cubo→target: 0.1352 m
  Reward          : -0.1352
  Sucesso         : False
  Obstáculo caminho: nao  (count: 0)
  Objeto [object_1]: tipo=box  massa=1.0 kg  tamanho=[0.04, 0.04, 0.04]
  Target goal     : {'type': 'goal_sequence', 'targets': [{'name': 'target', 'position': [0.15000000596046448, 0.0, 0.019999999552965164]}], 'mode': 'goal_sequence'}
  Mesa            : 1.1x0.7x0.4 m  offset_x=-0.3
  Robô config     : control=ee  block_gripper=False  base=[-0.6, 0.0, 0.05]
  Scripts         : ['script_1', 'reach_only', 'left_right']
  Juntas ângulos  : [-0.00, +0.62, +0.00, -1.92, -0.00, +2.51, +0.79]
  Juntas veloc.   : [-0.00, -1.53, +0.00, -0.19, +0.00, -0.10, -0.00]
  Cubo rotação    : [-0.001, +0.022, +0.015]  (roll/pitch/yaw)
  Cubo vel.linear : [+0.314, +0.015, +0.871]
────────────────────────────────────────────
 Ep  1 | Step  19
────────────────────────────────────────────
  Task            : PICK_AND_PLACE
  Action          : [+0.156, -0.000, +0.988, -1.000]
  EE posição      : [+0.024, -0.000, +0.094]
  EE velocidade   : [+0.199, -0.000, +0.706]
  Garra           : 0.037 m  (AGARRADA)
  Cubo posição    : [+0.026, +0.002, +0.094]
  Target (target): [+0.150, +0.000, +0.020]
  Dist EE→Cubo    : 0.0028 m
  Dist Cubo→target: 0.1441 m
  Reward          : -0.1441
  Sucesso         : False
  Obstáculo caminho: nao  (count: 0)
  Objeto [object_1]: tipo=box  massa=1.0 kg  tamanho=[0.04, 0.04, 0.04]
  Target goal     : {'type': 'goal_sequence', 'targets': [{'name': 'target', 'position': [0.15000000596046448, 0.0, 0.019999999552965164]}], 'mode': 'goal_sequence'}
  Mesa            : 1.1x0.7x0.4 m  offset_x=-0.3
  Robô config     : control=ee  block_gripper=False  base=[-0.6, 0.0, 0.05]
  Scripts         : ['script_1', 'reach_only', 'left_right']
  Juntas ângulos  : [-0.00, +0.55, +0.00, -1.92, -0.00, +2.46, +0.79]
  Juntas veloc.   : [-0.00, -1.20, +0.00, -0.04, +0.00, -0.32, -0.00]
  Cubo rotação    : [-0.002, -0.003, +0.014]  (roll/pitch/yaw)
  Cubo vel.linear : [+0.199, +0.019, +0.708]
────────────────────────────────────────────
 Ep  1 | Step  20
────────────────────────────────────────────
  Task            : PICK_AND_PLACE
  Action          : [+0.127, +0.000, +0.992, -1.000]
  EE posição      : [+0.027, -0.000, +0.129]
  EE velocidade   : [+0.190, +0.000, +0.816]
  Garra           : 0.038 m  (AGARRADA)
  Cubo posição    : [+0.029, +0.003, +0.129]
  Target (target): [+0.150, +0.000, +0.020]
  Dist EE→Cubo    : 0.0033 m
  Dist Cubo→target: 0.1626 m
  Reward          : -0.1626
  Sucesso         : False
  Obstáculo caminho: nao  (count: 0)
  Objeto [object_1]: tipo=box  massa=1.0 kg  tamanho=[0.04, 0.04, 0.04]
  Target goal     : {'type': 'goal_sequence', 'targets': [{'name': 'target', 'position': [0.15000000596046448, 0.0, 0.019999999552965164]}], 'mode': 'goal_sequence'}
  Mesa            : 1.1x0.7x0.4 m  offset_x=-0.3
  Robô config     : control=ee  block_gripper=False  base=[-0.6, 0.0, 0.05]
  Scripts         : ['script_1', 'reach_only', 'left_right']
  Juntas ângulos  : [-0.00, +0.49, +0.00, -1.91, -0.00, +2.39, +0.79]
  Juntas veloc.   : [-0.00, -1.32, +0.00, +0.10, +0.00, -0.56, -0.00]
  Cubo rotação    : [-0.002, -0.001, +0.009]  (roll/pitch/yaw)
  Cubo vel.linear : [+0.191, +0.018, +0.817]
────────────────────────────────────────────
 Ep  1 | Step  21
────────────────────────────────────────────
  Task            : PICK_AND_PLACE
  Action          : [+0.194, +0.001, -0.981, -1.000]
  EE posição      : [+0.052, +0.000, +0.142]
  EE velocidade   : [+0.051, +0.000, -0.426]
  Garra           : 0.036 m  (AGARRADA)
  Cubo posição    : [+0.054, +0.003, +0.140]
  Target (target): [+0.150, +0.000, +0.020]
  Dist EE→Cubo    : 0.0045 m
  Dist Cubo→target: 0.1536 m
  Reward          : -0.1536
  Sucesso         : False
  Obstáculo caminho: nao  (count: 0)
  Objeto [object_1]: tipo=box  massa=1.0 kg  tamanho=[0.04, 0.04, 0.04]
  Target goal     : {'type': 'goal_sequence', 'targets': [{'name': 'target', 'position': [0.15000000596046448, 0.0, 0.019999999552965164]}], 'mode': 'goal_sequence'}
  Mesa            : 1.1x0.7x0.4 m  offset_x=-0.3
  Robô config     : control=ee  block_gripper=False  base=[-0.6, 0.0, 0.05]
  Scripts         : ['script_1', 'reach_only', 'left_right']
  Juntas ângulos  : [-0.00, +0.50, +0.00, -1.89, -0.00, +2.47, +0.79]
  Juntas veloc.   : [+0.00, +0.90, -0.00, +0.21, -0.00, +0.65, +0.00]
  Cubo rotação    : [+0.002, -0.099, -0.008]  (roll/pitch/yaw)
  Cubo vel.linear : [+0.052, +0.015, -0.425]
────────────────────────────────────────────
 Ep  1 | Step  22
────────────────────────────────────────────
  Task            : PICK_AND_PLACE
  Action          : [+0.975, -0.000, -0.224, -1.000]
  EE posição      : [+0.067, -0.000, +0.118]
  EE velocidade   : [+0.217, +0.003, -0.577]
  Garra           : 0.037 m  (AGARRADA)
  Cubo posição    : [+0.069, +0.004, +0.115]
  Target (target): [+0.150, +0.000, +0.020]
  Dist EE→Cubo    : 0.0056 m
  Dist Cubo→target: 0.1247 m
  Reward          : -0.1247
  Sucesso         : False
  Obstáculo caminho: nao  (count: 0)
  Objeto [object_1]: tipo=box  massa=1.0 kg  tamanho=[0.04, 0.04, 0.04]
  Target goal     : {'type': 'goal_sequence', 'targets': [{'name': 'target', 'position': [0.15000000596046448, 0.0, 0.019999999552965164]}], 'mode': 'goal_sequence'}
  Mesa            : 1.1x0.7x0.4 m  offset_x=-0.3
  Robô config     : control=ee  block_gripper=False  base=[-0.6, 0.0, 0.05]
  Scripts         : ['script_1', 'reach_only', 'left_right']
  Juntas ângulos  : [-0.00, +0.62, +0.00, -1.73, -0.00, +2.34, +0.79]
  Juntas veloc.   : [+0.00, +2.02, -0.00, +2.06, +0.03, -1.05, -0.00]
  Cubo rotação    : [-0.000, -0.004, +0.004]  (roll/pitch/yaw)
  Cubo vel.linear : [+0.214, +0.023, -0.579]
────────────────────────────────────────────
 Ep  1 | Step  23
────────────────────────────────────────────
  Task            : PICK_AND_PLACE
  Action          : [+1.000, +0.001, +0.021, -1.000]
  EE posição      : [+0.087, -0.000, +0.096]
  EE velocidade   : [+0.117, +0.000, -0.479]
  Garra           : 0.038 m  (AGARRADA)
  Cubo posição    : [+0.089, +0.005, +0.093]
  Target (target): [+0.150, +0.000, +0.020]
  Dist EE→Cubo    : 0.0061 m
  Dist Cubo→target: 0.0953 m
  Reward          : -0.0953
  Sucesso         : False
  Obstáculo caminho: nao  (count: 0)
  Objeto [object_1]: tipo=box  massa=1.0 kg  tamanho=[0.04, 0.04, 0.04]
  Target goal     : {'type': 'goal_sequence', 'targets': [{'name': 'target', 'position': [0.15000000596046448, 0.0, 0.019999999552965164]}], 'mode': 'goal_sequence'}
  Mesa            : 1.1x0.7x0.4 m  offset_x=-0.3
  Robô config     : control=ee  block_gripper=False  base=[-0.6, 0.0, 0.05]
  Scripts         : ['script_1', 'reach_only', 'left_right']
  Juntas ângulos  : [-0.00, +0.73, +0.00, -1.60, -0.00, +2.30, +0.79]
  Juntas veloc.   : [-0.00, +1.41, +0.00, +1.25, +0.00, -0.33, +0.00]
  Cubo rotação    : [+0.000, +0.017, +0.004]  (roll/pitch/yaw)
  Cubo vel.linear : [+0.116, +0.021, -0.479]
────────────────────────────────────────────
 Ep  1 | Step  24
────────────────────────────────────────────
  Task            : PICK_AND_PLACE
  Action          : [+0.935, +0.001, +0.355, -1.000]
  EE posição      : [+0.103, -0.000, +0.083]
  EE velocidade   : [+0.170, +0.000, -0.222]
  Garra           : 0.038 m  (AGARRADA)
  Cubo posição    : [+0.105, +0.006, +0.080]
  Target (target): [+0.150, +0.000, +0.020]
  Dist EE→Cubo    : 0.0066 m
  Dist Cubo→target: 0.0754 m
  Reward          : -0.0754
  Sucesso         : False
  Obstáculo caminho: nao  (count: 0)
  Objeto [object_1]: tipo=box  massa=1.0 kg  tamanho=[0.04, 0.04, 0.04]
  Target goal     : {'type': 'goal_sequence', 'targets': [{'name': 'target', 'position': [0.15000000596046448, 0.0, 0.019999999552965164]}], 'mode': 'goal_sequence'}
  Mesa            : 1.1x0.7x0.4 m  offset_x=-0.3
  Robô config     : control=ee  block_gripper=False  base=[-0.6, 0.0, 0.05]
  Scripts         : ['script_1', 'reach_only', 'left_right']
  Juntas ângulos  : [-0.00, +0.80, +0.00, -1.50, -0.00, +2.26, +0.79]
  Juntas veloc.   : [+0.00, +0.97, -0.00, +1.16, +0.00, -0.29, +0.00]
  Cubo rotação    : [+0.000, +0.027, +0.005]  (roll/pitch/yaw)
  Cubo vel.linear : [+0.170, +0.021, -0.222]
────────────────────────────────────────────
 Ep  1 | Step  25
────────────────────────────────────────────
  Task            : PICK_AND_PLACE
  Action          : [+0.783, +0.000, +0.622, -1.000]
  EE posição      : [+0.117, -0.000, +0.081]
  EE velocidade   : [+0.179, -0.000, +0.076]
  Garra           : 0.038 m  (AGARRADA)
  Cubo posição    : [+0.119, +0.007, +0.079]
  Target (target): [+0.150, +0.000, +0.020]
  Dist EE→Cubo    : 0.0072 m
  Dist Cubo→target: 0.0676 m
  Reward          : -0.0676
  Sucesso         : False
  Obstáculo caminho: nao  (count: 0)
  Objeto [object_1]: tipo=box  massa=1.0 kg  tamanho=[0.04, 0.04, 0.04]
  Target goal     : {'type': 'goal_sequence', 'targets': [{'name': 'target', 'position': [0.15000000596046448, 0.0, 0.019999999552965164]}], 'mode': 'goal_sequence'}
  Mesa            : 1.1x0.7x0.4 m  offset_x=-0.3
  Robô config     : control=ee  block_gripper=False  base=[-0.6, 0.0, 0.05]
  Scripts         : ['script_1', 'reach_only', 'left_right']
  Juntas ângulos  : [-0.00, +0.85, +0.00, -1.42, -0.00, +2.23, +0.79]
  Juntas veloc.   : [+0.00, +0.34, -0.00, +0.80, -0.00, -0.26, -0.01]
  Cubo rotação    : [+0.000, +0.027, +0.005]  (roll/pitch/yaw)
  Cubo vel.linear : [+0.179, +0.021, +0.077]
────────────────────────────────────────────
 Ep  1 | Step  26
────────────────────────────────────────────
  Task            : PICK_AND_PLACE
  Action          : [+0.653, +0.000, +0.757, -1.000]
  EE posição      : [+0.129, -0.000, +0.091]
  EE velocidade   : [+0.215, -0.000, +0.369]
  Garra           : 0.038 m  (AGARRADA)
  Cubo posição    : [+0.131, +0.007, +0.090]
  Target (target): [+0.150, +0.000, +0.020]
  Dist EE→Cubo    : 0.0078 m
  Dist Cubo→target: 0.0730 m
  Reward          : -0.0730
  Sucesso         : False
  Obstáculo caminho: nao  (count: 0)
  Objeto [object_1]: tipo=box  massa=1.0 kg  tamanho=[0.04, 0.04, 0.04]
  Target goal     : {'type': 'goal_sequence', 'targets': [{'name': 'target', 'position': [0.15000000596046448, 0.0, 0.019999999552965164]}], 'mode': 'goal_sequence'}
  Mesa            : 1.1x0.7x0.4 m  offset_x=-0.3
  Robô config     : control=ee  block_gripper=False  base=[-0.6, 0.0, 0.05]
  Scripts         : ['script_1', 'reach_only', 'left_right']
  Juntas ângulos  : [-0.00, +0.86, +0.00, -1.36, -0.00, +2.19, +0.79]
  Juntas veloc.   : [+0.00, -0.18, -0.00, +0.59, +0.00, -0.26, +0.00]
  Cubo rotação    : [-0.000, +0.017, +0.006]  (roll/pitch/yaw)
  Cubo vel.linear : [+0.215, +0.020, +0.369]
────────────────────────────────────────────
 Ep  1 | Step  27
────────────────────────────────────────────
  Task            : PICK_AND_PLACE
  Action          : [+0.593, +0.000, +0.805, -1.000]
  EE posição      : [+0.141, -0.000, +0.113]
  EE velocidade   : [+0.259, -0.000, +0.662]
  Garra           : 0.038 m  (AGARRADA)
  Cubo posição    : [+0.143, +0.008, +0.112]
  Target (target): [+0.150, +0.000, +0.020]
  Dist EE→Cubo    : 0.0085 m
  Dist Cubo→target: 0.0929 m
  Reward          : -0.0929
  Sucesso         : False
  Obstáculo caminho: nao  (count: 0)
  Objeto [object_1]: tipo=box  massa=1.0 kg  tamanho=[0.04, 0.04, 0.04]
  Target goal     : {'type': 'goal_sequence', 'targets': [{'name': 'target', 'position': [0.15000000596046448, 0.0, 0.019999999552965164]}], 'mode': 'goal_sequence'}
  Mesa            : 1.1x0.7x0.4 m  offset_x=-0.3
  Robô config     : control=ee  block_gripper=False  base=[-0.6, 0.0, 0.05]
  Scripts         : ['script_1', 'reach_only', 'left_right']
  Juntas ângulos  : [-0.00, +0.86, +0.00, -1.30, -0.00, +2.15, +0.79]
  Juntas veloc.   : [+0.00, -0.60, -0.00, +0.54, +0.00, -0.33, +0.00]
  Cubo rotação    : [-0.000, +0.002, +0.006]  (roll/pitch/yaw)
  Cubo vel.linear : [+0.260, +0.020, +0.663]
────────────────────────────────────────────
 Ep  1 | Step  28
────────────────────────────────────────────
  Task            : PICK_AND_PLACE
  Action          : [+0.779, +0.001, +0.626, -1.000]
  EE posição      : [+0.157, +0.000, +0.138]
  EE velocidade   : [+0.160, +0.000, +0.288]
  Garra           : 0.038 m  (AGARRADA)
  Cubo posição    : [+0.159, +0.009, +0.137]
  Target (target): [+0.150, +0.000, +0.020]
  Dist EE→Cubo    : 0.0094 m
  Dist Cubo→target: 0.1174 m
  Reward          : -0.1174
  Sucesso         : False
  Obstáculo caminho: nao  (count: 0)
  Objeto [object_1]: tipo=box  massa=1.0 kg  tamanho=[0.04, 0.04, 0.04]
  Target goal     : {'type': 'goal_sequence', 'targets': [{'name': 'target', 'position': [0.15000000596046448, 0.0, 0.019999999552965164]}], 'mode': 'goal_sequence'}
  Mesa            : 1.1x0.7x0.4 m  offset_x=-0.3
  Robô config     : control=ee  block_gripper=False  base=[-0.6, 0.0, 0.05]
  Scripts         : ['script_1', 'reach_only', 'left_right']
  Juntas ângulos  : [-0.00, +0.88, +0.00, -1.22, -0.00, +2.09, +0.79]
  Juntas veloc.   : [+0.00, +0.04, -0.00, +0.77, +0.00, -0.42, +0.00]
  Cubo rotação    : [-0.000, -0.016, +0.005]  (roll/pitch/yaw)
  Cubo vel.linear : [+0.160, +0.020, +0.289]
────────────────────────────────────────────
 Ep  1 | Step  29
────────────────────────────────────────────
  Task            : PICK_AND_PLACE
  Action          : [-0.061, -0.000, -0.998, -1.000]
  EE posição      : [+0.165, -0.000, +0.126]
  EE velocidade   : [-0.180, -0.000, -0.973]
  Garra           : 0.038 m  (AGARRADA)
  Cubo posição    : [+0.167, +0.010, +0.123]
  Target (target): [+0.150, +0.000, +0.020]
  Dist EE→Cubo    : 0.0107 m
  Dist Cubo→target: 0.1043 m
  Reward          : -0.1043
  Sucesso         : False
  Obstáculo caminho: nao  (count: 0)
  Objeto [object_1]: tipo=box  massa=1.0 kg  tamanho=[0.04, 0.04, 0.04]
  Target goal     : {'type': 'goal_sequence', 'targets': [{'name': 'target', 'position': [0.15000000596046448, 0.0, 0.019999999552965164]}], 'mode': 'goal_sequence'}
  Mesa            : 1.1x0.7x0.4 m  offset_x=-0.3
  Robô config     : control=ee  block_gripper=False  base=[-0.6, 0.0, 0.05]
  Scripts         : ['script_1', 'reach_only', 'left_right']
  Juntas ângulos  : [-0.00, +0.90, +0.00, -1.23, -0.00, +2.16, +0.79]
  Juntas veloc.   : [-0.00, +1.30, -0.00, -0.07, -0.00, +0.54, -0.00]
  Cubo rotação    : [-0.001, -0.056, +0.005]  (roll/pitch/yaw)
  Cubo vel.linear : [-0.181, +0.020, -0.974]
────────────────────────────────────────────
 Ep  1 | Step  30
────────────────────────────────────────────
  Task            : PICK_AND_PLACE
  Action          : [-0.142, +0.000, -0.990, -1.000]
  EE posição      : [+0.154, -0.000, +0.075]
  EE velocidade   : [-0.407, -0.000, -1.280]
  Garra           : 0.038 m  (AGARRADA)
  Cubo posição    : [+0.154, +0.011, +0.070]
  Target (target): [+0.150, +0.000, +0.020]
  Dist EE→Cubo    : 0.0117 m
  Dist Cubo→target: 0.0514 m
  Reward          : -0.0514
  Sucesso         : False
  Obstáculo caminho: nao  (count: 0)
  Objeto [object_1]: tipo=box  massa=1.0 kg  tamanho=[0.04, 0.04, 0.04]
  Target goal     : {'type': 'goal_sequence', 'targets': [{'name': 'target', 'position': [0.15000000596046448, 0.0, 0.019999999552965164]}], 'mode': 'goal_sequence'}
  Mesa            : 1.1x0.7x0.4 m  offset_x=-0.3
  Robô config     : control=ee  block_gripper=False  base=[-0.6, 0.0, 0.05]
  Scripts         : ['script_1', 'reach_only', 'left_right']
  Juntas ângulos  : [-0.00, +0.97, +0.00, -1.23, -0.00, +2.19, +0.79]
  Juntas veloc.   : [-0.00, +1.71, -0.00, -0.01, +0.00, +0.19, -0.00]
  Cubo rotação    : [-0.001, -0.008, +0.006]  (roll/pitch/yaw)
  Cubo vel.linear : [-0.413, +0.020, -1.281]
────────────────────────────────────────────
 Ep  1 | Step  31
────────────────────────────────────────────
  Task            : PICK_AND_PLACE
  Action          : [-0.020, +0.000, -0.301, -1.000]
  EE posição      : [+0.141, -0.000, +0.030]
  EE velocidade   : [-0.367, +0.000, -0.980]
  Garra           : 0.038 m  (AGARRADA)
  Cubo posição    : [+0.142, +0.011, +0.026]
  Target (target): [+0.150, +0.000, +0.020]
  Dist EE→Cubo    : 0.0123 m
  Dist Cubo→target: 0.0152 m
  Reward          : -0.0152
  Sucesso         : False
  Obstáculo caminho: nao  (count: 0)
  Objeto [object_1]: tipo=box  massa=1.0 kg  tamanho=[0.04, 0.04, 0.04]
  Target goal     : {'type': 'goal_sequence', 'targets': [{'name': 'target', 'position': [0.15000000596046448, 0.0, 0.019999999552965164]}], 'mode': 'goal_sequence'}
  Mesa            : 1.1x0.7x0.4 m  offset_x=-0.3
  Robô config     : control=ee  block_gripper=False  base=[-0.6, 0.0, 0.05]
  Scripts         : ['script_1', 'reach_only', 'left_right']
  Juntas ângulos  : [-0.00, +1.03, +0.00, -1.23, -0.00, +2.21, +0.79]
  Juntas veloc.   : [-0.00, +1.34, -0.00, -0.01, +0.00, +0.20, -0.00]
  Cubo rotação    : [-0.001, +0.029, +0.006]  (roll/pitch/yaw)
  Cubo vel.linear : [-0.371, +0.020, -0.981]
────────────────────────────────────────────
 Ep  1 | Step  32
────────────────────────────────────────────
  Task            : PICK_AND_PLACE
  Action          : [+0.040, +0.000, -0.044, -1.000]
  EE posição      : [+0.143, -0.000, +0.016]
  EE velocidade   : [+0.105, +0.000, +0.117]
  Garra           : 0.034 m  (AGARRADA)
  Cubo posição    : [+0.143, +0.012, +0.021]
  Target (target): [+0.150, +0.000, +0.020]
  Dist EE→Cubo    : 0.0124 m
  Dist Cubo→target: 0.0135 m
  Reward          : -0.0135
  Sucesso         : False
  Obstáculo caminho: nao  (count: 0)
  Objeto [object_1]: tipo=box  massa=1.0 kg  tamanho=[0.04, 0.04, 0.04]
  Target goal     : {'type': 'goal_sequence', 'targets': [{'name': 'target', 'position': [0.15000000596046448, 0.0, 0.019999999552965164]}], 'mode': 'goal_sequence'}
  Mesa            : 1.1x0.7x0.4 m  offset_x=-0.3
  Robô config     : control=ee  block_gripper=False  base=[-0.6, 0.0, 0.05]
  Scripts         : ['script_1', 'reach_only', 'left_right']
  Juntas ângulos  : [-0.00, +1.05, +0.00, -1.24, -0.00, +2.26, +0.79]
  Juntas veloc.   : [-0.00, -0.15, +0.00, -0.05, -0.00, +0.38, +0.00]
  Cubo rotação    : [+0.004, -0.013, +0.008]  (roll/pitch/yaw)
  Cubo vel.linear : [+0.103, -0.001, +0.117]
────────────────────────────────────────────
 Ep  1 | Step  33
────────────────────────────────────────────
  Task            : PICK_AND_PLACE
  Action          : [+0.071, +0.000, +0.997, +1.000]
  EE posição      : [+0.137, -0.000, +0.026]
  EE velocidade   : [+0.130, +0.000, +0.496]
  Garra           : 0.074 m  (ABERTA)
  Cubo posição    : [+0.146, +0.012, +0.020]
  Target (target): [+0.150, +0.000, +0.020]
  Dist EE→Cubo    : 0.0157 m
  Dist Cubo→target: 0.0121 m
  Reward          : -0.0121
  Sucesso         : False
  Obstáculo caminho: nao  (count: 0)
  Objeto [object_1]: tipo=box  massa=1.0 kg  tamanho=[0.04, 0.04, 0.04]
  Target goal     : {'type': 'goal_sequence', 'targets': [{'name': 'target', 'position': [0.15000000596046448, 0.0, 0.019999999552965164]}], 'mode': 'goal_sequence'}
  Mesa            : 1.1x0.7x0.4 m  offset_x=-0.3
  Robô config     : control=ee  block_gripper=False  base=[-0.6, 0.0, 0.05]
  Scripts         : ['script_1', 'reach_only', 'left_right']
  Juntas ângulos  : [-0.00, +1.02, +0.00, -1.25, -0.00, +2.22, +0.79]
  Juntas veloc.   : [-0.00, -0.76, +0.00, -0.09, +0.00, -0.31, -0.00]
  Cubo rotação    : [-0.001, +0.006, +0.003]  (roll/pitch/yaw)
  Cubo vel.linear : [-0.010, -0.001, -0.005]
────────────────────────────────────────────
 Ep  1 | Step  34
────────────────────────────────────────────
  Task            : PICK_AND_PLACE
  Action          : [+0.135, +0.000, +0.991, +1.000]
  EE posição      : [+0.143, -0.000, +0.053]
  EE velocidade   : [+0.311, -0.000, +0.924]
  Garra           : 0.079 m  (ABERTA)
  Cubo posição    : [+0.146, +0.011, +0.020]
  Target (target): [+0.150, +0.000, +0.020]
  Dist EE→Cubo    : 0.0352 m
  Dist Cubo→target: 0.0122 m
  Reward          : -0.0122
  Sucesso         : False
  Obstáculo caminho: nao  (count: 0)
  Objeto [object_1]: tipo=box  massa=1.0 kg  tamanho=[0.04, 0.04, 0.04]
  Target goal     : {'type': 'goal_sequence', 'targets': [{'name': 'target', 'position': [0.15000000596046448, 0.0, 0.019999999552965164]}], 'mode': 'goal_sequence'}
  Mesa            : 1.1x0.7x0.4 m  offset_x=-0.3
  Robô config     : control=ee  block_gripper=False  base=[-0.6, 0.0, 0.05]
  Scripts         : ['script_1', 'reach_only', 'left_right']
  Juntas ângulos  : [-0.00, +0.98, +0.00, -1.26, -0.00, +2.21, +0.79]
  Juntas veloc.   : [+0.00, -1.30, +0.00, -0.08, +0.00, -0.11, +0.00]
  Cubo rotação    : [-0.000, +0.000, +0.003]  (roll/pitch/yaw)
  Cubo vel.linear : [-0.000, -0.000, +0.000]
────────────────────────────────────────────
 Ep  1 | Step  35
────────────────────────────────────────────
  Task            : PICK_AND_PLACE
  Action          : [+0.102, +0.000, +0.995, +1.000]
  EE posição      : [+0.149, -0.000, +0.093]
  EE velocidade   : [+0.164, +0.000, +0.693]
  Garra           : 0.080 m  (ABERTA)
  Cubo posição    : [+0.146, +0.011, +0.020]
  Target (target): [+0.150, +0.000, +0.020]
  Dist EE→Cubo    : 0.0738 m
  Dist Cubo→target: 0.0122 m
  Reward          : -0.0122
  Sucesso         : False
  Obstáculo caminho: nao  (count: 0)
  Objeto [object_1]: tipo=box  massa=1.0 kg  tamanho=[0.04, 0.04, 0.04]
  Target goal     : {'type': 'goal_sequence', 'targets': [{'name': 'target', 'position': [0.15000000596046448, 0.0, 0.019999999552965164]}], 'mode': 'goal_sequence'}
  Mesa            : 1.1x0.7x0.4 m  offset_x=-0.3
  Robô config     : control=ee  block_gripper=False  base=[-0.6, 0.0, 0.05]
  Scripts         : ['script_1', 'reach_only', 'left_right']
  Juntas ângulos  : [-0.00, +0.92, +0.00, -1.26, -0.00, +2.17, +0.79]
  Juntas veloc.   : [-0.00, -0.97, +0.00, -0.03, +0.00, -0.28, +0.00]
  Cubo rotação    : [+0.000, +0.000, +0.003]  (roll/pitch/yaw)
  Cubo vel.linear : [-0.000, -0.000, +0.000]
────────────────────────────────────────────
 Ep  1 | Step  36
────────────────────────────────────────────
  Task            : PICK_AND_PLACE
  Action          : [+0.019, +0.000, +1.000, +1.000]
  EE posição      : [+0.149, +0.000, +0.126]
  EE velocidade   : [+0.159, +0.001, +0.881]
  Garra           : 0.080 m  (ABERTA)
  Cubo posição    : [+0.146, +0.011, +0.020]
  Target (target): [+0.150, +0.000, +0.020]
  Dist EE→Cubo    : 0.1070 m
  Dist Cubo→target: 0.0122 m
  Reward          : -0.0122
  Sucesso         : False
  Obstáculo caminho: nao  (count: 0)
  Objeto [object_1]: tipo=box  massa=1.0 kg  tamanho=[0.04, 0.04, 0.04]
  Target goal     : {'type': 'goal_sequence', 'targets': [{'name': 'target', 'position': [0.15000000596046448, 0.0, 0.019999999552965164]}], 'mode': 'goal_sequence'}
  Mesa            : 1.1x0.7x0.4 m  offset_x=-0.3
  Robô config     : control=ee  block_gripper=False  base=[-0.6, 0.0, 0.05]
  Scripts         : ['script_1', 'reach_only', 'left_right']
  Juntas ângulos  : [-0.00, +0.87, +0.00, -1.26, -0.00, +2.12, +0.79]
  Juntas veloc.   : [-0.00, -1.23, +0.00, +0.00, +0.00, -0.44, +0.00]
  Cubo rotação    : [+0.000, -0.000, +0.003]  (roll/pitch/yaw)
  Cubo vel.linear : [-0.000, +0.000, +0.000]
────────────────────────────────────────────
 Ep  1 | Step  37
────────────────────────────────────────────
  Task            : PICK_AND_PLACE
  Action          : [+0.183, -0.000, -0.983, +1.000]
  EE posição      : [+0.169, -0.000, +0.141]
  EE velocidade   : [+0.014, -0.000, -0.473]
  Garra           : 0.080 m  (ABERTA)
  Cubo posição    : [+0.146, +0.011, +0.020]
  Target (target): [+0.150, +0.000, +0.020]
  Dist EE→Cubo    : 0.1239 m
  Dist Cubo→target: 0.0122 m
  Reward          : -0.0122
  Sucesso         : True
  Obstáculo caminho: nao  (count: 0)
  Objeto [object_1]: tipo=box  massa=1.0 kg  tamanho=[0.04, 0.04, 0.04]
  Target goal     : {'type': 'goal_sequence', 'targets': [{'name': 'target', 'position': [0.15000000596046448, 0.0, 0.019999999552965164]}], 'mode': 'goal_sequence'}
  Mesa            : 1.1x0.7x0.4 m  offset_x=-0.3
  Robô config     : control=ee  block_gripper=False  base=[-0.6, 0.0, 0.05]
  Scripts         : ['script_1', 'reach_only', 'left_right']
  Juntas ângulos  : [-0.00, +0.87, +0.00, -1.24, -0.00, +2.19, +0.79]
  Juntas veloc.   : [+0.00, +0.78, -0.00, +0.15, -0.00, +0.56, +0.00]
  Cubo rotação    : [+0.000, -0.000, +0.003]  (roll/pitch/yaw)
  Cubo vel.linear : [-0.000, +0.000, -0.000]
