────────────────────────────────────────────
 Ep  1 | Step   1
────────────────────────────────────────────
  Task            : PICK_AND_PLACE
  Action          : [-0.966, +0.000, -0.259, +1.000]
  EE posição      : [+0.011, +0.000, +0.188]
  EE velocidade   : [-0.435, +0.000, -0.140]
  Garra           : 0.070 m  (ABERTA)
  Cubo posição    : [-0.250, +0.000, +0.020]
  Target (target): [+0.150, +0.000, +0.020]
  Dist EE→Cubo    : 0.3103 m
  Dist Cubo→target: 0.4000 m
  Reward          : -0.4000
  Sucesso         : False
  Obstáculo caminho: nao  (count: 0)
  Objeto [object_1]: tipo=box  massa=1.0 kg  tamanho=[0.04, 0.04, 0.04]
  Target goal     : {'type': 'goal_sequence', 'targets': [{'name': 'target', 'position': [0.15000000596046448, 0.0, 0.019999999552965164]}], 'mode': 'goal_sequence'}
  Mesa            : 1.1x0.7x0.4 m  offset_x=-0.3
  Robô config     : control=ee  block_gripper=False  base=[-0.6, 0.0, 0.05]
  Scripts         : ['script_1', 'reach_only', 'left_right']
  Juntas ângulos  : [-0.00, +0.35, +0.00, -1.98, -0.00, +2.33, +0.79]
  Juntas veloc.   : [-0.00, -0.81, +0.01, -1.59, -0.00, +0.50, -0.03]
  Cubo rotação    : [+0.000, -0.000, -0.000]  (roll/pitch/yaw)
  Cubo vel.linear : [-0.000, +0.000, -0.000]
────────────────────────────────────────────
 Ep  1 | Step   2
────────────────────────────────────────────
  Task            : PICK_AND_PLACE
  Action          : [-0.967, -0.000, -0.254, +1.000]
  EE posição      : [-0.021, +0.000, +0.178]
  EE velocidade   : [-0.354, +0.000, -0.105]
  Garra           : 0.079 m  (ABERTA)
  Cubo posição    : [-0.250, +0.000, +0.020]
  Target (target): [+0.150, +0.000, +0.020]
  Dist EE→Cubo    : 0.2785 m
  Dist Cubo→target: 0.4000 m
  Reward          : -0.4000
  Sucesso         : False
  Obstáculo caminho: nao  (count: 0)
  Objeto [object_1]: tipo=box  massa=1.0 kg  tamanho=[0.04, 0.04, 0.04]
  Target goal     : {'type': 'goal_sequence', 'targets': [{'name': 'target', 'position': [0.15000000596046448, 0.0, 0.019999999552965164]}], 'mode': 'goal_sequence'}
  Mesa            : 1.1x0.7x0.4 m  offset_x=-0.3
  Robô config     : control=ee  block_gripper=False  base=[-0.6, 0.0, 0.05]
  Scripts         : ['script_1', 'reach_only', 'left_right']
  Juntas ângulos  : [-0.00, +0.28, +0.00, -2.10, -0.00, +2.39, +0.79]
  Juntas veloc.   : [-0.00, -0.65, +0.00, -1.28, -0.00, +0.47, -0.00]
  Cubo rotação    : [+0.000, -0.000, -0.000]  (roll/pitch/yaw)
  Cubo vel.linear : [-0.000, +0.000, -0.000]
────────────────────────────────────────────
 Ep  1 | Step   3
────────────────────────────────────────────
  Task            : PICK_AND_PLACE
  Action          : [-0.969, -0.000, -0.247, +1.000]
  EE posição      : [-0.053, +0.000, +0.169]
  EE velocidade   : [-0.389, +0.000, -0.113]
  Garra           : 0.080 m  (ABERTA)
  Cubo posição    : [-0.250, +0.000, +0.020]
  Target (target): [+0.150, +0.000, +0.020]
  Dist EE→Cubo    : 0.2465 m
  Dist Cubo→target: 0.4000 m
  Reward          : -0.4000
  Sucesso         : False
  Obstáculo caminho: nao  (count: 0)
  Objeto [object_1]: tipo=box  massa=1.0 kg  tamanho=[0.04, 0.04, 0.04]
  Target goal     : {'type': 'goal_sequence', 'targets': [{'name': 'target', 'position': [0.15000000596046448, 0.0, 0.019999999552965164]}], 'mode': 'goal_sequence'}
  Mesa            : 1.1x0.7x0.4 m  offset_x=-0.3
  Robô config     : control=ee  block_gripper=False  base=[-0.6, 0.0, 0.05]
  Scripts         : ['script_1', 'reach_only', 'left_right']
  Juntas ângulos  : [-0.00, +0.22, +0.00, -2.23, -0.00, +2.45, +0.79]
  Juntas veloc.   : [-0.00, -0.68, +0.00, -1.33, -0.00, +0.49, -0.00]
  Cubo rotação    : [+0.000, -0.000, -0.000]  (roll/pitch/yaw)
  Cubo vel.linear : [-0.000, +0.000, -0.000]
────────────────────────────────────────────
 Ep  1 | Step   4
────────────────────────────────────────────
  Task            : PICK_AND_PLACE
  Action          : [-0.971, -0.000, -0.240, +1.000]
  EE posição      : [-0.087, +0.000, +0.159]
  EE velocidade   : [-0.389, +0.000, -0.106]
  Garra           : 0.080 m  (ABERTA)
  Cubo posição    : [-0.250, +0.000, +0.020]
  Target (target): [+0.150, +0.000, +0.020]
  Dist EE→Cubo    : 0.2140 m
  Dist Cubo→target: 0.4000 m
  Reward          : -0.4000
  Sucesso         : False
  Obstáculo caminho: nao  (count: 0)
  Objeto [object_1]: tipo=box  massa=1.0 kg  tamanho=[0.04, 0.04, 0.04]
  Target goal     : {'type': 'goal_sequence', 'targets': [{'name': 'target', 'position': [0.15000000596046448, 0.0, 0.019999999552965164]}], 'mode': 'goal_sequence'}
  Mesa            : 1.1x0.7x0.4 m  offset_x=-0.3
  Robô config     : control=ee  block_gripper=False  base=[-0.6, 0.0, 0.05]
  Scripts         : ['script_1', 'reach_only', 'left_right']
  Juntas ângulos  : [-0.00, +0.16, +0.00, -2.35, -0.00, +2.51, +0.79]
  Juntas veloc.   : [-0.00, -0.66, +0.00, -1.28, +0.00, +0.47, -0.00]
  Cubo rotação    : [+0.000, -0.000, -0.000]  (roll/pitch/yaw)
  Cubo vel.linear : [-0.000, +0.000, -0.000]
────────────────────────────────────────────
 Ep  1 | Step   5
────────────────────────────────────────────
  Task            : PICK_AND_PLACE
  Action          : [-0.973, -0.000, -0.231, +1.000]
  EE posição      : [-0.121, +0.000, +0.149]
  EE velocidade   : [-0.408, +0.001, -0.115]
  Garra           : 0.080 m  (ABERTA)
  Cubo posição    : [-0.250, +0.000, +0.020]
  Target (target): [+0.150, +0.000, +0.020]
  Dist EE→Cubo    : 0.1822 m
  Dist Cubo→target: 0.4000 m
  Reward          : -0.4000
  Sucesso         : False
  Obstáculo caminho: nao  (count: 0)
  Objeto [object_1]: tipo=box  massa=1.0 kg  tamanho=[0.04, 0.04, 0.04]
  Target goal     : {'type': 'goal_sequence', 'targets': [{'name': 'target', 'position': [0.15000000596046448, 0.0, 0.019999999552965164]}], 'mode': 'goal_sequence'}
  Mesa            : 1.1x0.7x0.4 m  offset_x=-0.3
  Robô config     : control=ee  block_gripper=False  base=[-0.6, 0.0, 0.05]
  Scripts         : ['script_1', 'reach_only', 'left_right']
  Juntas ângulos  : [-0.00, +0.10, +0.00, -2.47, -0.00, +2.57, +0.79]
  Juntas veloc.   : [-0.00, -0.65, +0.00, -1.28, +0.00, +0.47, -0.00]
  Cubo rotação    : [+0.000, -0.000, -0.000]  (roll/pitch/yaw)
  Cubo vel.linear : [-0.000, +0.000, -0.000]
────────────────────────────────────────────
 Ep  1 | Step   6
────────────────────────────────────────────
  Task            : PICK_AND_PLACE
  Action          : [-0.975, -0.000, -0.221, +1.000]
  EE posição      : [-0.157, +0.000, +0.139]
  EE velocidade   : [-0.435, +0.001, -0.128]
  Garra           : 0.080 m  (ABERTA)
  Cubo posição    : [-0.250, +0.000, +0.020]
  Target (target): [+0.150, +0.000, +0.020]
  Dist EE→Cubo    : 0.1515 m
  Dist Cubo→target: 0.4000 m
  Reward          : -0.4000
  Sucesso         : False
  Obstáculo caminho: nao  (count: 0)
  Objeto [object_1]: tipo=box  massa=1.0 kg  tamanho=[0.04, 0.04, 0.04]
  Target goal     : {'type': 'goal_sequence', 'targets': [{'name': 'target', 'position': [0.15000000596046448, 0.0, 0.019999999552965164]}], 'mode': 'goal_sequence'}
  Mesa            : 1.1x0.7x0.4 m  offset_x=-0.3
  Robô config     : control=ee  block_gripper=False  base=[-0.6, 0.0, 0.05]
  Scripts         : ['script_1', 'reach_only', 'left_right']
  Juntas ângulos  : [-0.00, +0.04, +0.00, -2.59, -0.00, +2.63, +0.79]
  Juntas veloc.   : [-0.00, -0.64, +0.00, -1.29, +0.00, +0.45, -0.00]
  Cubo rotação    : [+0.000, -0.000, -0.000]  (roll/pitch/yaw)
  Cubo vel.linear : [-0.000, +0.000, -0.000]
────────────────────────────────────────────
 Ep  1 | Step   7
────────────────────────────────────────────
  Task            : PICK_AND_PLACE
  Action          : [-0.979, -0.001, -0.204, +1.000]
  EE posição      : [-0.193, +0.000, +0.130]
  EE velocidade   : [-0.477, +0.001, -0.147]
  Garra           : 0.080 m  (ABERTA)
  Cubo posição    : [-0.250, +0.000, +0.020]
  Target (target): [+0.150, +0.000, +0.020]
  Dist EE→Cubo    : 0.1237 m
  Dist Cubo→target: 0.4000 m
  Reward          : -0.4000
  Sucesso         : False
  Obstáculo caminho: nao  (count: 0)
  Objeto [object_1]: tipo=box  massa=1.0 kg  tamanho=[0.04, 0.04, 0.04]
  Target goal     : {'type': 'goal_sequence', 'targets': [{'name': 'target', 'position': [0.15000000596046448, 0.0, 0.019999999552965164]}], 'mode': 'goal_sequence'}
  Mesa            : 1.1x0.7x0.4 m  offset_x=-0.3
  Robô config     : control=ee  block_gripper=False  base=[-0.6, 0.0, 0.05]
  Scripts         : ['script_1', 'reach_only', 'left_right']
  Juntas ângulos  : [-0.00, -0.02, +0.00, -2.71, +0.00, +2.69, +0.79]
  Juntas veloc.   : [-0.00, -0.64, +0.00, -1.34, +0.00, +0.44, -0.00]
  Cubo rotação    : [+0.000, -0.000, -0.000]  (roll/pitch/yaw)
  Cubo vel.linear : [-0.000, +0.000, -0.000]
────────────────────────────────────────────
 Ep  1 | Step   8
────────────────────────────────────────────
  Task            : PICK_AND_PLACE
  Action          : [-0.985, -0.001, -0.170, +1.000]
  EE posição      : [-0.230, +0.000, +0.121]
  EE velocidade   : [-0.498, +0.000, -0.144]
  Garra           : 0.080 m  (ABERTA)
  Cubo posição    : [-0.250, +0.000, +0.020]
  Target (target): [+0.150, +0.000, +0.020]
  Dist EE→Cubo    : 0.1027 m
  Dist Cubo→target: 0.4000 m
  Reward          : -0.4000
  Sucesso         : False
  Obstáculo caminho: nao  (count: 0)
  Objeto [object_1]: tipo=box  massa=1.0 kg  tamanho=[0.04, 0.04, 0.04]
  Target goal     : {'type': 'goal_sequence', 'targets': [{'name': 'target', 'position': [0.15000000596046448, 0.0, 0.019999999552965164]}], 'mode': 'goal_sequence'}
  Mesa            : 1.1x0.7x0.4 m  offset_x=-0.3
  Robô config     : control=ee  block_gripper=False  base=[-0.6, 0.0, 0.05]
  Scripts         : ['script_1', 'reach_only', 'left_right']
  Juntas ângulos  : [-0.00, -0.08, +0.00, -2.83, +0.00, +2.74, +0.79]
  Juntas veloc.   : [-0.00, -0.67, +0.00, -1.36, +0.00, +0.42, -0.00]
  Cubo rotação    : [+0.000, -0.000, -0.000]  (roll/pitch/yaw)
  Cubo vel.linear : [-0.000, +0.000, -0.000]
────────────────────────────────────────────
 Ep  1 | Step   9
────────────────────────────────────────────
  Task            : PICK_AND_PLACE
  Action          : [-0.999, -0.001, -0.039, +1.000]
  EE posição      : [-0.268, -0.000, +0.115]
  EE velocidade   : [-0.464, -0.000, -0.077]
  Garra           : 0.080 m  (ABERTA)
  Cubo posição    : [-0.250, +0.000, +0.020]
  Target (target): [+0.150, +0.000, +0.020]
  Dist EE→Cubo    : 0.0963 m
  Dist Cubo→target: 0.4000 m
  Reward          : -0.4000
  Sucesso         : False
  Obstáculo caminho: nao  (count: 0)
  Objeto [object_1]: tipo=box  massa=1.0 kg  tamanho=[0.04, 0.04, 0.04]
  Target goal     : {'type': 'goal_sequence', 'targets': [{'name': 'target', 'position': [0.15000000596046448, 0.0, 0.019999999552965164]}], 'mode': 'goal_sequence'}
  Mesa            : 1.1x0.7x0.4 m  offset_x=-0.3
  Robô config     : control=ee  block_gripper=False  base=[-0.6, 0.0, 0.05]
  Scripts         : ['script_1', 'reach_only', 'left_right']
  Juntas ângulos  : [-0.00, -0.16, +0.00, -2.94, +0.00, +2.78, +0.79]
  Juntas veloc.   : [+0.00, -0.88, -0.00, -1.33, +0.00, +0.31, -0.00]
  Cubo rotação    : [+0.000, -0.000, -0.000]  (roll/pitch/yaw)
  Cubo vel.linear : [-0.000, +0.000, -0.000]
────────────────────────────────────────────
 Ep  1 | Step  10
────────────────────────────────────────────
  Task            : PICK_AND_PLACE
  Action          : [+0.175, +0.000, -0.911, +1.000]
  EE posição      : [-0.260, -0.000, +0.098]
  EE velocidade   : [-0.294, +0.000, -0.822]
  Garra           : 0.080 m  (ABERTA)
  Cubo posição    : [-0.250, +0.000, +0.020]
  Target (target): [+0.150, +0.000, +0.020]
  Dist EE→Cubo    : 0.0787 m
  Dist Cubo→target: 0.4000 m
  Reward          : -0.4000
  Sucesso         : False
  Obstáculo caminho: nao  (count: 0)
  Objeto [object_1]: tipo=box  massa=1.0 kg  tamanho=[0.04, 0.04, 0.04]
  Target goal     : {'type': 'goal_sequence', 'targets': [{'name': 'target', 'position': [0.15000000596046448, 0.0, 0.019999999552965164]}], 'mode': 'goal_sequence'}
  Mesa            : 1.1x0.7x0.4 m  offset_x=-0.3
  Robô config     : control=ee  block_gripper=False  base=[-0.6, 0.0, 0.05]
  Scripts         : ['script_1', 'reach_only', 'left_right']
  Juntas ângulos  : [-0.00, -0.06, +0.00, -2.93, +0.00, +2.89, +0.79]
  Juntas veloc.   : [-0.00, +2.99, -0.00, +0.44, -0.00, +0.79, +0.00]
  Cubo rotação    : [+0.000, -0.000, -0.000]  (roll/pitch/yaw)
  Cubo vel.linear : [-0.000, +0.000, -0.000]
────────────────────────────────────────────
 Ep  1 | Step  11
────────────────────────────────────────────
  Task            : PICK_AND_PLACE
  Action          : [+0.081, +0.000, -0.614, +1.000]
  EE posição      : [-0.262, -0.000, +0.075]
  EE velocidade   : [+0.015, +0.000, -0.141]
  Garra           : 0.080 m  (ABERTA)
  Cubo posição    : [-0.250, +0.000, +0.020]
  Target (target): [+0.150, +0.000, +0.020]
  Dist EE→Cubo    : 0.0561 m
  Dist Cubo→target: 0.4000 m
  Reward          : -0.4000
  Sucesso         : False
  Obstáculo caminho: nao  (count: 0)
  Objeto [object_1]: tipo=box  massa=1.0 kg  tamanho=[0.04, 0.04, 0.04]
  Target goal     : {'type': 'goal_sequence', 'targets': [{'name': 'target', 'position': [0.15000000596046448, 0.0, 0.019999999552965164]}], 'mode': 'goal_sequence'}
  Mesa            : 1.1x0.7x0.4 m  offset_x=-0.3
  Robô config     : control=ee  block_gripper=False  base=[-0.6, 0.0, 0.05]
  Scripts         : ['script_1', 'reach_only', 'left_right']
  Juntas ângulos  : [-0.00, +0.03, +0.00, -2.90, +0.00, +2.93, +0.79]
  Juntas veloc.   : [-0.00, +0.64, -0.00, +0.21, -0.00, +0.30, +0.00]
  Cubo rotação    : [+0.000, -0.000, -0.000]  (roll/pitch/yaw)
  Cubo vel.linear : [+0.000, -0.000, +0.000]
────────────────────────────────────────────
 Ep  1 | Step  12
────────────────────────────────────────────
  Task            : PICK_AND_PLACE
  Action          : [+0.068, +0.000, -0.307, +1.000]
  EE posição      : [-0.260, -0.000, +0.066]
  EE velocidade   : [+0.004, +0.000, -0.081]
  Garra           : 0.080 m  (ABERTA)
  Cubo posição    : [-0.250, +0.000, +0.020]
  Target (target): [+0.150, +0.000, +0.020]
  Dist EE→Cubo    : 0.0474 m
  Dist Cubo→target: 0.4000 m
  Reward          : -0.4000
  Sucesso         : False
  Obstáculo caminho: nao  (count: 0)
  Objeto [object_1]: tipo=box  massa=1.0 kg  tamanho=[0.04, 0.04, 0.04]
  Target goal     : {'type': 'goal_sequence', 'targets': [{'name': 'target', 'position': [0.15000000596046448, 0.0, 0.019999999552965164]}], 'mode': 'goal_sequence'}
  Mesa            : 1.1x0.7x0.4 m  offset_x=-0.3
  Robô config     : control=ee  block_gripper=False  base=[-0.6, 0.0, 0.05]
  Scripts         : ['script_1', 'reach_only', 'left_right']
  Juntas ângulos  : [-0.00, +0.07, +0.00, -2.90, -0.00, +2.97, +0.79]
  Juntas veloc.   : [-0.00, +0.36, -0.00, +0.05, -0.00, +0.32, +0.00]
  Cubo rotação    : [-0.000, -0.000, -0.000]  (roll/pitch/yaw)
  Cubo vel.linear : [+0.000, +0.000, +0.000]
────────────────────────────────────────────
 Ep  1 | Step  13
────────────────────────────────────────────
  Task            : PICK_AND_PLACE
  Action          : [+0.047, +0.000, -0.220, +1.000]
  EE posição      : [-0.258, -0.000, +0.060]
  EE velocidade   : [+0.004, -0.000, -0.059]
  Garra           : 0.080 m  (ABERTA)
  Cubo posição    : [-0.250, +0.000, +0.020]
  Target (target): [+0.150, +0.000, +0.020]
  Dist EE→Cubo    : 0.0409 m
  Dist Cubo→target: 0.4000 m
  Reward          : -0.4000
  Sucesso         : False
  Obstáculo caminho: nao  (count: 0)
  Objeto [object_1]: tipo=box  massa=1.0 kg  tamanho=[0.04, 0.04, 0.04]
  Target goal     : {'type': 'goal_sequence', 'targets': [{'name': 'target', 'position': [0.15000000596046448, 0.0, 0.019999999552965164]}], 'mode': 'goal_sequence'}
  Mesa            : 1.1x0.7x0.4 m  offset_x=-0.3
  Robô config     : control=ee  block_gripper=False  base=[-0.6, 0.0, 0.05]
  Scripts         : ['script_1', 'reach_only', 'left_right']
  Juntas ângulos  : [-0.00, +0.10, +0.00, -2.89, -0.00, +2.99, +0.79]
  Juntas veloc.   : [-0.00, +0.26, -0.00, +0.07, -0.00, +0.17, +0.00]
  Cubo rotação    : [-0.000, -0.000, -0.000]  (roll/pitch/yaw)
  Cubo vel.linear : [+0.000, +0.000, +0.000]
────────────────────────────────────────────
 Ep  1 | Step  14
────────────────────────────────────────────
  Task            : PICK_AND_PLACE
  Action          : [+0.034, +0.000, -0.164, +1.000]
  EE posição      : [-0.257, -0.000, +0.055]
  EE velocidade   : [+0.004, -0.000, -0.043]
  Garra           : 0.080 m  (ABERTA)
  Cubo posição    : [-0.250, +0.000, +0.020]
  Target (target): [+0.150, +0.000, +0.020]
  Dist EE→Cubo    : 0.0359 m
  Dist Cubo→target: 0.4000 m
  Reward          : -0.4000
  Sucesso         : False
  Obstáculo caminho: nao  (count: 0)
  Objeto [object_1]: tipo=box  massa=1.0 kg  tamanho=[0.04, 0.04, 0.04]
  Target goal     : {'type': 'goal_sequence', 'targets': [{'name': 'target', 'position': [0.15000000596046448, 0.0, 0.019999999552965164]}], 'mode': 'goal_sequence'}
  Mesa            : 1.1x0.7x0.4 m  offset_x=-0.3
  Robô config     : control=ee  block_gripper=False  base=[-0.6, 0.0, 0.05]
  Scripts         : ['script_1', 'reach_only', 'left_right']
  Juntas ângulos  : [-0.00, +0.12, +0.00, -2.88, -0.00, +3.01, +0.79]
  Juntas veloc.   : [+0.00, +0.19, -0.00, +0.05, -0.00, +0.12, +0.00]
  Cubo rotação    : [-0.000, -0.000, -0.000]  (roll/pitch/yaw)
  Cubo vel.linear : [+0.000, +0.000, +0.000]
────────────────────────────────────────────
 Ep  1 | Step  15
────────────────────────────────────────────
  Task            : PICK_AND_PLACE
  Action          : [+0.026, +0.000, -0.126, +1.000]
  EE posição      : [-0.256, -0.000, +0.051]
  EE velocidade   : [+0.004, +0.000, -0.032]
  Garra           : 0.080 m  (ABERTA)
  Cubo posição    : [-0.250, +0.000, +0.020]
  Target (target): [+0.150, +0.000, +0.020]
  Dist EE→Cubo    : 0.0321 m
  Dist Cubo→target: 0.4000 m
  Reward          : -0.4000
  Sucesso         : False
  Obstáculo caminho: nao  (count: 0)
  Objeto [object_1]: tipo=box  massa=1.0 kg  tamanho=[0.04, 0.04, 0.04]
  Target goal     : {'type': 'goal_sequence', 'targets': [{'name': 'target', 'position': [0.15000000596046448, 0.0, 0.019999999552965164]}], 'mode': 'goal_sequence'}
  Mesa            : 1.1x0.7x0.4 m  offset_x=-0.3
  Robô config     : control=ee  block_gripper=False  base=[-0.6, 0.0, 0.05]
  Scripts         : ['script_1', 'reach_only', 'left_right']
  Juntas ângulos  : [-0.00, +0.14, +0.00, -2.88, -0.00, +3.02, +0.79]
  Juntas veloc.   : [+0.00, +0.14, -0.00, +0.04, -0.00, +0.09, +0.00]
  Cubo rotação    : [-0.000, -0.000, -0.000]  (roll/pitch/yaw)
  Cubo vel.linear : [+0.000, +0.000, -0.000]
────────────────────────────────────────────
 Ep  1 | Step  16
────────────────────────────────────────────
  Task            : PICK_AND_PLACE
  Action          : [+0.020, +0.000, -0.101, +1.000]
  EE posição      : [-0.256, -0.000, +0.048]
  EE velocidade   : [+0.003, +0.000, -0.025]
  Garra           : 0.080 m  (ABERTA)
  Cubo posição    : [-0.250, +0.000, +0.020]
  Target (target): [+0.150, +0.000, +0.020]
  Dist EE→Cubo    : 0.0290 m
  Dist Cubo→target: 0.4000 m
  Reward          : -0.4000
  Sucesso         : False
  Obstáculo caminho: nao  (count: 0)
  Objeto [object_1]: tipo=box  massa=1.0 kg  tamanho=[0.04, 0.04, 0.04]
  Target goal     : {'type': 'goal_sequence', 'targets': [{'name': 'target', 'position': [0.15000000596046448, 0.0, 0.019999999552965164]}], 'mode': 'goal_sequence'}
  Mesa            : 1.1x0.7x0.4 m  offset_x=-0.3
  Robô config     : control=ee  block_gripper=False  base=[-0.6, 0.0, 0.05]
  Scripts         : ['script_1', 'reach_only', 'left_right']
  Juntas ângulos  : [-0.00, +0.16, +0.00, -2.87, -0.00, +3.03, +0.79]
  Juntas veloc.   : [+0.00, +0.11, -0.00, +0.03, -0.00, +0.07, +0.00]
  Cubo rotação    : [-0.000, -0.000, -0.000]  (roll/pitch/yaw)
  Cubo vel.linear : [+0.000, +0.000, -0.000]
────────────────────────────────────────────
 Ep  1 | Step  17
────────────────────────────────────────────
  Task            : PICK_AND_PLACE
  Action          : [+0.016, +0.000, -0.082, +1.000]
  EE posição      : [-0.255, -0.000, +0.046]
  EE velocidade   : [+0.003, +0.000, -0.020]
  Garra           : 0.080 m  (ABERTA)
  Cubo posição    : [-0.250, +0.000, +0.020]
  Target (target): [+0.150, +0.000, +0.020]
  Dist EE→Cubo    : 0.0264 m
  Dist Cubo→target: 0.4000 m
  Reward          : -0.4000
  Sucesso         : False
  Obstáculo caminho: nao  (count: 0)
  Objeto [object_1]: tipo=box  massa=1.0 kg  tamanho=[0.04, 0.04, 0.04]
  Target goal     : {'type': 'goal_sequence', 'targets': [{'name': 'target', 'position': [0.15000000596046448, 0.0, 0.019999999552965164]}], 'mode': 'goal_sequence'}
  Mesa            : 1.1x0.7x0.4 m  offset_x=-0.3
  Robô config     : control=ee  block_gripper=False  base=[-0.6, 0.0, 0.05]
  Scripts         : ['script_1', 'reach_only', 'left_right']
  Juntas ângulos  : [-0.00, +0.17, +0.00, -2.87, -0.00, +3.03, +0.79]
  Juntas veloc.   : [+0.00, +0.09, -0.00, +0.03, -0.00, +0.06, +0.00]
  Cubo rotação    : [-0.000, -0.000, -0.000]  (roll/pitch/yaw)
  Cubo vel.linear : [+0.000, +0.000, -0.000]
────────────────────────────────────────────
 Ep  1 | Step  18
────────────────────────────────────────────
  Task            : PICK_AND_PLACE
  Action          : [+0.013, +0.000, -0.068, +1.000]
  EE posição      : [-0.255, -0.000, +0.044]
  EE velocidade   : [+0.003, +0.000, -0.017]
  Garra           : 0.080 m  (ABERTA)
  Cubo posição    : [-0.250, +0.000, +0.020]
  Target (target): [+0.150, +0.000, +0.020]
  Dist EE→Cubo    : 0.0243 m
  Dist Cubo→target: 0.4000 m
  Reward          : -0.4000
  Sucesso         : False
  Obstáculo caminho: nao  (count: 0)
  Objeto [object_1]: tipo=box  massa=1.0 kg  tamanho=[0.04, 0.04, 0.04]
  Target goal     : {'type': 'goal_sequence', 'targets': [{'name': 'target', 'position': [0.15000000596046448, 0.0, 0.019999999552965164]}], 'mode': 'goal_sequence'}
  Mesa            : 1.1x0.7x0.4 m  offset_x=-0.3
  Robô config     : control=ee  block_gripper=False  base=[-0.6, 0.0, 0.05]
  Scripts         : ['script_1', 'reach_only', 'left_right']
  Juntas ângulos  : [-0.00, +0.18, +0.00, -2.86, -0.00, +3.04, +0.79]
  Juntas veloc.   : [+0.00, +0.08, -0.00, +0.02, -0.00, +0.05, +0.00]
  Cubo rotação    : [-0.000, -0.000, -0.000]  (roll/pitch/yaw)
  Cubo vel.linear : [+0.000, +0.000, -0.000]
────────────────────────────────────────────
 Ep  1 | Step  19
────────────────────────────────────────────
  Task            : PICK_AND_PLACE
  Action          : [+0.011, +0.000, -0.059, +1.000]
  EE posição      : [-0.254, -0.000, +0.042]
  EE velocidade   : [+0.002, +0.000, -0.014]
  Garra           : 0.080 m  (ABERTA)
  Cubo posição    : [-0.250, +0.000, +0.020]
  Target (target): [+0.150, +0.000, +0.020]
  Dist EE→Cubo    : 0.0224 m
  Dist Cubo→target: 0.4000 m
  Reward          : -0.4000
  Sucesso         : False
  Obstáculo caminho: nao  (count: 0)
  Objeto [object_1]: tipo=box  massa=1.0 kg  tamanho=[0.04, 0.04, 0.04]
  Target goal     : {'type': 'goal_sequence', 'targets': [{'name': 'target', 'position': [0.15000000596046448, 0.0, 0.019999999552965164]}], 'mode': 'goal_sequence'}
  Mesa            : 1.1x0.7x0.4 m  offset_x=-0.3
  Robô config     : control=ee  block_gripper=False  base=[-0.6, 0.0, 0.05]
  Scripts         : ['script_1', 'reach_only', 'left_right']
  Juntas ângulos  : [-0.00, +0.18, +0.00, -2.86, -0.00, +3.05, +0.79]
  Juntas veloc.   : [+0.00, +0.06, -0.00, +0.02, -0.00, +0.04, +0.00]
  Cubo rotação    : [-0.000, -0.000, -0.000]  (roll/pitch/yaw)
  Cubo vel.linear : [+0.000, +0.000, -0.000]
────────────────────────────────────────────
 Ep  1 | Step  20
────────────────────────────────────────────
  Task            : PICK_AND_PLACE
  Action          : [+0.011, +0.000, -0.059, +1.000]
  EE posição      : [-0.254, -0.000, +0.040]
  EE velocidade   : [+0.002, +0.000, -0.014]
  Garra           : 0.080 m  (ABERTA)
  Cubo posição    : [-0.250, +0.000, +0.020]
  Target (target): [+0.150, +0.000, +0.020]
  Dist EE→Cubo    : 0.0206 m
  Dist Cubo→target: 0.4000 m
  Reward          : -0.4000
  Sucesso         : False
  Obstáculo caminho: nao  (count: 0)
  Objeto [object_1]: tipo=box  massa=1.0 kg  tamanho=[0.04, 0.04, 0.04]
  Target goal     : {'type': 'goal_sequence', 'targets': [{'name': 'target', 'position': [0.15000000596046448, 0.0, 0.019999999552965164]}], 'mode': 'goal_sequence'}
  Mesa            : 1.1x0.7x0.4 m  offset_x=-0.3
  Robô config     : control=ee  block_gripper=False  base=[-0.6, 0.0, 0.05]
  Scripts         : ['script_1', 'reach_only', 'left_right']
  Juntas ângulos  : [-0.00, +0.19, +0.00, -2.86, -0.00, +3.05, +0.79]
  Juntas veloc.   : [+0.00, +0.07, -0.00, +0.02, -0.00, +0.04, +0.00]
  Cubo rotação    : [-0.000, -0.000, -0.000]  (roll/pitch/yaw)
  Cubo vel.linear : [+0.000, +0.000, -0.000]
────────────────────────────────────────────
 Ep  1 | Step  21
────────────────────────────────────────────
  Task            : PICK_AND_PLACE
  Action          : [+0.011, +0.000, -0.059, +1.000]
  EE posição      : [-0.253, -0.000, +0.038]
  EE velocidade   : [+0.002, +0.000, -0.015]
  Garra           : 0.080 m  (ABERTA)
  Cubo posição    : [-0.250, +0.000, +0.020]
  Target (target): [+0.150, +0.000, +0.020]
  Dist EE→Cubo    : 0.0187 m
  Dist Cubo→target: 0.4000 m
  Reward          : -0.4000
  Sucesso         : False
  Obstáculo caminho: nao  (count: 0)
  Objeto [object_1]: tipo=box  massa=1.0 kg  tamanho=[0.04, 0.04, 0.04]
  Target goal     : {'type': 'goal_sequence', 'targets': [{'name': 'target', 'position': [0.15000000596046448, 0.0, 0.019999999552965164]}], 'mode': 'goal_sequence'}
  Mesa            : 1.1x0.7x0.4 m  offset_x=-0.3
  Robô config     : control=ee  block_gripper=False  base=[-0.6, 0.0, 0.05]
  Scripts         : ['script_1', 'reach_only', 'left_right']
  Juntas ângulos  : [-0.00, +0.20, +0.00, -2.86, -0.00, +3.06, +0.79]
  Juntas veloc.   : [+0.00, +0.07, -0.00, +0.02, -0.00, +0.04, +0.00]
  Cubo rotação    : [-0.000, -0.000, -0.000]  (roll/pitch/yaw)
  Cubo vel.linear : [-0.000, +0.000, +0.000]
────────────────────────────────────────────
 Ep  1 | Step  22
────────────────────────────────────────────
  Task            : PICK_AND_PLACE
  Action          : [+0.011, +0.000, -0.059, +1.000]
  EE posição      : [-0.253, -0.000, +0.037]
  EE velocidade   : [+0.002, +0.000, -0.015]
  Garra           : 0.080 m  (ABERTA)
  Cubo posição    : [-0.250, +0.000, +0.020]
  Target (target): [+0.150, +0.000, +0.020]
  Dist EE→Cubo    : 0.0169 m
  Dist Cubo→target: 0.4000 m
  Reward          : -0.4000
  Sucesso         : False
  Obstáculo caminho: nao  (count: 0)
  Objeto [object_1]: tipo=box  massa=1.0 kg  tamanho=[0.04, 0.04, 0.04]
  Target goal     : {'type': 'goal_sequence', 'targets': [{'name': 'target', 'position': [0.15000000596046448, 0.0, 0.019999999552965164]}], 'mode': 'goal_sequence'}
  Mesa            : 1.1x0.7x0.4 m  offset_x=-0.3
  Robô config     : control=ee  block_gripper=False  base=[-0.6, 0.0, 0.05]
  Scripts         : ['script_1', 'reach_only', 'left_right']
  Juntas ângulos  : [-0.00, +0.21, +0.00, -2.85, -0.00, +3.06, +0.79]
  Juntas veloc.   : [+0.00, +0.07, -0.00, +0.02, -0.00, +0.04, +0.00]
  Cubo rotação    : [-0.000, -0.000, -0.000]  (roll/pitch/yaw)
  Cubo vel.linear : [-0.000, +0.000, -0.000]
────────────────────────────────────────────
 Ep  1 | Step  23
────────────────────────────────────────────
  Task            : PICK_AND_PLACE
  Action          : [+0.011, +0.000, -0.059, +1.000]
  EE posição      : [-0.253, -0.000, +0.035]
  EE velocidade   : [+0.002, +0.000, -0.015]
  Garra           : 0.080 m  (ABERTA)
  Cubo posição    : [-0.250, +0.000, +0.020]
  Target (target): [+0.150, +0.000, +0.020]
  Dist EE→Cubo    : 0.0150 m
  Dist Cubo→target: 0.4000 m
  Reward          : -0.4000
  Sucesso         : False
  Obstáculo caminho: nao  (count: 0)
  Objeto [object_1]: tipo=box  massa=1.0 kg  tamanho=[0.04, 0.04, 0.04]
  Target goal     : {'type': 'goal_sequence', 'targets': [{'name': 'target', 'position': [0.15000000596046448, 0.0, 0.019999999552965164]}], 'mode': 'goal_sequence'}
  Mesa            : 1.1x0.7x0.4 m  offset_x=-0.3
  Robô config     : control=ee  block_gripper=False  base=[-0.6, 0.0, 0.05]
  Scripts         : ['script_1', 'reach_only', 'left_right']
  Juntas ângulos  : [-0.00, +0.22, +0.00, -2.85, -0.00, +3.07, +0.79]
  Juntas veloc.   : [+0.00, +0.07, -0.00, +0.02, -0.00, +0.04, +0.00]
  Cubo rotação    : [-0.000, -0.000, -0.000]  (roll/pitch/yaw)
  Cubo vel.linear : [-0.000, +0.000, -0.000]
────────────────────────────────────────────
 Ep  1 | Step  24
────────────────────────────────────────────
  Task            : PICK_AND_PLACE
  Action          : [+0.011, +0.000, -0.059, +1.000]
  EE posição      : [-0.252, -0.000, +0.033]
  EE velocidade   : [+0.002, +0.000, -0.015]
  Garra           : 0.080 m  (ABERTA)
  Cubo posição    : [-0.250, +0.000, +0.020]
  Target (target): [+0.150, +0.000, +0.020]
  Dist EE→Cubo    : 0.0131 m
  Dist Cubo→target: 0.4000 m
  Reward          : -0.4000
  Sucesso         : False
  Obstáculo caminho: nao  (count: 0)
  Objeto [object_1]: tipo=box  massa=1.0 kg  tamanho=[0.04, 0.04, 0.04]
  Target goal     : {'type': 'goal_sequence', 'targets': [{'name': 'target', 'position': [0.15000000596046448, 0.0, 0.019999999552965164]}], 'mode': 'goal_sequence'}
  Mesa            : 1.1x0.7x0.4 m  offset_x=-0.3
  Robô config     : control=ee  block_gripper=False  base=[-0.6, 0.0, 0.05]
  Scripts         : ['script_1', 'reach_only', 'left_right']
  Juntas ângulos  : [-0.00, +0.23, +0.00, -2.85, -0.00, +3.07, +0.79]
  Juntas veloc.   : [+0.00, +0.07, -0.00, +0.02, -0.00, +0.04, +0.00]
  Cubo rotação    : [-0.000, -0.000, -0.000]  (roll/pitch/yaw)
  Cubo vel.linear : [-0.000, +0.000, -0.000]
────────────────────────────────────────────
 Ep  1 | Step  25
────────────────────────────────────────────
  Task            : PICK_AND_PLACE
  Action          : [+0.011, +0.000, -0.059, +1.000]
  EE posição      : [-0.252, -0.000, +0.031]
  EE velocidade   : [+0.002, +0.000, -0.015]
  Garra           : 0.080 m  (ABERTA)
  Cubo posição    : [-0.250, +0.000, +0.020]
  Target (target): [+0.150, +0.000, +0.020]
  Dist EE→Cubo    : 0.0113 m
  Dist Cubo→target: 0.4000 m
  Reward          : -0.4000
  Sucesso         : False
  Obstáculo caminho: nao  (count: 0)
  Objeto [object_1]: tipo=box  massa=1.0 kg  tamanho=[0.04, 0.04, 0.04]
  Target goal     : {'type': 'goal_sequence', 'targets': [{'name': 'target', 'position': [0.15000000596046448, 0.0, 0.019999999552965164]}], 'mode': 'goal_sequence'}
  Mesa            : 1.1x0.7x0.4 m  offset_x=-0.3
  Robô config     : control=ee  block_gripper=False  base=[-0.6, 0.0, 0.05]
  Scripts         : ['script_1', 'reach_only', 'left_right']
  Juntas ângulos  : [-0.00, +0.23, +0.00, -2.84, -0.00, +3.08, +0.79]
  Juntas veloc.   : [+0.00, +0.07, -0.00, +0.02, -0.00, +0.04, +0.00]
  Cubo rotação    : [-0.000, -0.000, -0.000]  (roll/pitch/yaw)
  Cubo vel.linear : [-0.000, +0.000, -0.000]
────────────────────────────────────────────
 Ep  1 | Step  26
────────────────────────────────────────────
  Task            : PICK_AND_PLACE
  Action          : [+0.010, +0.000, -0.059, +1.000]
  EE posição      : [-0.252, -0.000, +0.029]
  EE velocidade   : [+0.002, +0.000, -0.015]
  Garra           : 0.080 m  (ABERTA)
  Cubo posição    : [-0.250, +0.000, +0.020]
  Target (target): [+0.150, +0.000, +0.020]
  Dist EE→Cubo    : 0.0094 m
  Dist Cubo→target: 0.4000 m
  Reward          : -0.4000
  Sucesso         : False
  Obstáculo caminho: nao  (count: 0)
  Objeto [object_1]: tipo=box  massa=1.0 kg  tamanho=[0.04, 0.04, 0.04]
  Target goal     : {'type': 'goal_sequence', 'targets': [{'name': 'target', 'position': [0.15000000596046448, 0.0, 0.019999999552965164]}], 'mode': 'goal_sequence'}
  Mesa            : 1.1x0.7x0.4 m  offset_x=-0.3
  Robô config     : control=ee  block_gripper=False  base=[-0.6, 0.0, 0.05]
  Scripts         : ['script_1', 'reach_only', 'left_right']
  Juntas ângulos  : [-0.00, +0.24, +0.00, -2.84, -0.00, +3.08, +0.79]
  Juntas veloc.   : [+0.00, +0.07, -0.00, +0.02, -0.00, +0.04, +0.00]
  Cubo rotação    : [-0.000, -0.000, -0.000]  (roll/pitch/yaw)
  Cubo vel.linear : [-0.000, +0.000, -0.000]
────────────────────────────────────────────
 Ep  1 | Step  27
────────────────────────────────────────────
  Task            : PICK_AND_PLACE
  Action          : [+0.010, +0.000, -0.059, +1.000]
  EE posição      : [-0.251, -0.000, +0.027]
  EE velocidade   : [+0.002, +0.000, -0.015]
  Garra           : 0.080 m  (ABERTA)
  Cubo posição    : [-0.250, +0.000, +0.020]
  Target (target): [+0.150, +0.000, +0.020]
  Dist EE→Cubo    : 0.0075 m
  Dist Cubo→target: 0.4000 m
  Reward          : -0.4000
  Sucesso         : False
  Obstáculo caminho: nao  (count: 0)
  Objeto [object_1]: tipo=box  massa=1.0 kg  tamanho=[0.04, 0.04, 0.04]
  Target goal     : {'type': 'goal_sequence', 'targets': [{'name': 'target', 'position': [0.15000000596046448, 0.0, 0.019999999552965164]}], 'mode': 'goal_sequence'}
  Mesa            : 1.1x0.7x0.4 m  offset_x=-0.3
  Robô config     : control=ee  block_gripper=False  base=[-0.6, 0.0, 0.05]
  Scripts         : ['script_1', 'reach_only', 'left_right']
  Juntas ângulos  : [-0.00, +0.25, +0.00, -2.84, -0.00, +3.09, +0.79]
  Juntas veloc.   : [+0.00, +0.07, -0.00, +0.02, -0.00, +0.04, +0.00]
  Cubo rotação    : [-0.000, -0.000, -0.000]  (roll/pitch/yaw)
  Cubo vel.linear : [-0.000, +0.000, -0.000]
────────────────────────────────────────────
 Ep  1 | Step  28
────────────────────────────────────────────
  Task            : PICK_AND_PLACE
  Action          : [+0.010, +0.000, -0.059, +1.000]
  EE posição      : [-0.251, -0.000, +0.026]
  EE velocidade   : [+0.002, +0.000, -0.015]
  Garra           : 0.080 m  (ABERTA)
  Cubo posição    : [-0.250, +0.000, +0.020]
  Target (target): [+0.150, +0.000, +0.020]
  Dist EE→Cubo    : 0.0056 m
  Dist Cubo→target: 0.4000 m
  Reward          : -0.4000
  Sucesso         : False
  Obstáculo caminho: nao  (count: 0)
  Objeto [object_1]: tipo=box  massa=1.0 kg  tamanho=[0.04, 0.04, 0.04]
  Target goal     : {'type': 'goal_sequence', 'targets': [{'name': 'target', 'position': [0.15000000596046448, 0.0, 0.019999999552965164]}], 'mode': 'goal_sequence'}
  Mesa            : 1.1x0.7x0.4 m  offset_x=-0.3
  Robô config     : control=ee  block_gripper=False  base=[-0.6, 0.0, 0.05]
  Scripts         : ['script_1', 'reach_only', 'left_right']
  Juntas ângulos  : [-0.00, +0.26, +0.00, -2.84, -0.00, +3.09, +0.79]
  Juntas veloc.   : [+0.00, +0.07, -0.00, +0.02, -0.00, +0.04, +0.00]
  Cubo rotação    : [-0.000, -0.000, -0.000]  (roll/pitch/yaw)
  Cubo vel.linear : [-0.000, +0.000, -0.000]
────────────────────────────────────────────
 Ep  1 | Step  29
────────────────────────────────────────────
  Task            : PICK_AND_PLACE
  Action          : [+0.009, +0.000, -0.059, +1.000]
  EE posição      : [-0.251, -0.000, +0.024]
  EE velocidade   : [+0.002, +0.000, -0.015]
  Garra           : 0.080 m  (ABERTA)
  Cubo posição    : [-0.250, +0.000, +0.020]
  Target (target): [+0.150, +0.000, +0.020]
  Dist EE→Cubo    : 0.0037 m
  Dist Cubo→target: 0.4000 m
  Reward          : -0.4000
  Sucesso         : False
  Obstáculo caminho: nao  (count: 0)
  Objeto [object_1]: tipo=box  massa=1.0 kg  tamanho=[0.04, 0.04, 0.04]
  Target goal     : {'type': 'goal_sequence', 'targets': [{'name': 'target', 'position': [0.15000000596046448, 0.0, 0.019999999552965164]}], 'mode': 'goal_sequence'}
  Mesa            : 1.1x0.7x0.4 m  offset_x=-0.3
  Robô config     : control=ee  block_gripper=False  base=[-0.6, 0.0, 0.05]
  Scripts         : ['script_1', 'reach_only', 'left_right']
  Juntas ângulos  : [-0.00, +0.27, +0.00, -2.83, -0.00, +3.10, +0.79]
  Juntas veloc.   : [+0.00, +0.07, -0.00, +0.02, -0.00, +0.04, +0.00]
  Cubo rotação    : [-0.000, -0.000, -0.000]  (roll/pitch/yaw)
  Cubo vel.linear : [-0.000, +0.000, -0.000]
────────────────────────────────────────────
 Ep  1 | Step  30
────────────────────────────────────────────
  Task            : PICK_AND_PLACE
  Action          : [+0.009, +0.000, -0.059, -1.000]
  EE posição      : [-0.250, -0.000, +0.022]
  EE velocidade   : [+0.002, +0.000, -0.015]
  Garra           : 0.031 m  (AGARRADA)
  Cubo posição    : [-0.250, -0.000, +0.020]
  Target (target): [+0.150, +0.000, +0.020]
  Dist EE→Cubo    : 0.0018 m
  Dist Cubo→target: 0.3999 m
  Reward          : -0.3999
  Sucesso         : False
  Obstáculo caminho: nao  (count: 0)
  Objeto [object_1]: tipo=box  massa=1.0 kg  tamanho=[0.04, 0.04, 0.04]
  Target goal     : {'type': 'goal_sequence', 'targets': [{'name': 'target', 'position': [0.15000000596046448, 0.0, 0.019999999552965164]}], 'mode': 'goal_sequence'}
  Mesa            : 1.1x0.7x0.4 m  offset_x=-0.3
  Robô config     : control=ee  block_gripper=False  base=[-0.6, 0.0, 0.05]
  Scripts         : ['script_1', 'reach_only', 'left_right']
  Juntas ângulos  : [-0.00, +0.28, +0.00, -2.83, -0.00, +3.11, +0.79]
  Juntas veloc.   : [+0.00, +0.07, +0.00, +0.02, -0.00, +0.04, +0.00]
  Cubo rotação    : [+0.000, +0.000, +0.053]  (roll/pitch/yaw)
  Cubo vel.linear : [-0.000, -0.000, -0.000]
────────────────────────────────────────────
 Ep  1 | Step  31
────────────────────────────────────────────
  Task            : PICK_AND_PLACE
  Action          : [-0.003, -0.000, +1.000, -1.000]
  EE posição      : [-0.264, +0.000, +0.034]
  EE velocidade   : [+0.451, +0.001, +0.785]
  Garra           : 0.026 m  (AGARRADA)
  Cubo posição    : [-0.262, +0.000, +0.028]
  Target (target): [+0.150, +0.000, +0.020]
  Dist EE→Cubo    : 0.0061 m
  Dist Cubo→target: 0.4119 m
  Reward          : -0.4119
  Sucesso         : False
  Obstáculo caminho: nao  (count: 0)
  Objeto [object_1]: tipo=box  massa=1.0 kg  tamanho=[0.04, 0.04, 0.04]
  Target goal     : {'type': 'goal_sequence', 'targets': [{'name': 'target', 'position': [0.15000000596046448, 0.0, 0.019999999552965164]}], 'mode': 'goal_sequence'}
  Mesa            : 1.1x0.7x0.4 m  offset_x=-0.3
  Robô config     : control=ee  block_gripper=False  base=[-0.6, 0.0, 0.05]
  Scripts         : ['script_1', 'reach_only', 'left_right']
  Juntas ângulos  : [-0.00, +0.20, +0.00, -2.85, -0.00, +3.00, +0.79]
  Juntas veloc.   : [-0.00, -2.69, +0.00, -0.30, +0.00, -0.80, -0.00]
  Cubo rotação    : [-0.002, +0.035, +0.037]  (roll/pitch/yaw)
  Cubo vel.linear : [+0.011, -0.015, +0.509]
────────────────────────────────────────────
 Ep  1 | Step  32
────────────────────────────────────────────
  Task            : PICK_AND_PLACE
  Action          : [+0.149, -0.000, +0.989, -1.000]
  EE posição      : [-0.255, +0.000, +0.066]
  EE velocidade   : [+0.137, +0.000, +0.371]
  Garra           : 0.029 m  (AGARRADA)
  Cubo posição    : [-0.257, +0.000, +0.056]
  Target (target): [+0.150, +0.000, +0.020]
  Dist EE→Cubo    : 0.0108 m
  Dist Cubo→target: 0.4089 m
  Reward          : -0.4089
  Sucesso         : False
  Obstáculo caminho: nao  (count: 0)
  Objeto [object_1]: tipo=box  massa=1.0 kg  tamanho=[0.04, 0.04, 0.04]
  Target goal     : {'type': 'goal_sequence', 'targets': [{'name': 'target', 'position': [0.15000000596046448, 0.0, 0.019999999552965164]}], 'mode': 'goal_sequence'}
  Mesa            : 1.1x0.7x0.4 m  offset_x=-0.3
  Robô config     : control=ee  block_gripper=False  base=[-0.6, 0.0, 0.05]
  Scripts         : ['script_1', 'reach_only', 'left_right']
  Juntas ângulos  : [-0.00, +0.08, +0.00, -2.88, -0.00, +2.95, +0.79]
  Juntas veloc.   : [-0.00, -1.34, +0.00, -0.23, +0.00, -0.40, -0.00]
  Cubo rotação    : [+0.017, -0.002, +0.009]  (roll/pitch/yaw)
  Cubo vel.linear : [+0.179, -0.003, +0.398]
────────────────────────────────────────────
 Ep  1 | Step  33
────────────────────────────────────────────
  Task            : PICK_AND_PLACE
  Action          : [+0.082, -0.001, +0.997, -1.000]
  EE posição      : [-0.252, +0.000, +0.092]
  EE velocidade   : [+0.251, +0.000, +0.550]
  Garra           : 0.028 m  (AGARRADA)
  Cubo posição    : [-0.255, +0.000, +0.077]
  Target (target): [+0.150, +0.000, +0.020]
  Dist EE→Cubo    : 0.0159 m
  Dist Cubo→target: 0.4090 m
  Reward          : -0.4090
  Sucesso         : False
  Obstáculo caminho: nao  (count: 0)
  Objeto [object_1]: tipo=box  massa=1.0 kg  tamanho=[0.04, 0.04, 0.04]
  Target goal     : {'type': 'goal_sequence', 'targets': [{'name': 'target', 'position': [0.15000000596046448, 0.0, 0.019999999552965164]}], 'mode': 'goal_sequence'}
  Mesa            : 1.1x0.7x0.4 m  offset_x=-0.3
  Robô config     : control=ee  block_gripper=False  base=[-0.6, 0.0, 0.05]
  Scripts         : ['script_1', 'reach_only', 'left_right']
  Juntas ângulos  : [-0.00, -0.03, +0.00, -2.88, -0.00, +2.84, +0.79]
  Juntas veloc.   : [+0.00, -1.78, +0.00, +0.01, +0.00, -0.86, -0.00]
  Cubo rotação    : [-0.003, -0.007, +0.035]  (roll/pitch/yaw)
  Cubo vel.linear : [+0.325, +0.025, +0.647]
────────────────────────────────────────────
 Ep  1 | Step  34
────────────────────────────────────────────
  Task            : PICK_AND_PLACE
  Action          : [+0.061, -0.001, +0.998, -1.000]
  EE posição      : [-0.248, -0.000, +0.122]
  EE velocidade   : [+0.159, -0.000, +0.458]
  Garra           : 0.027 m  (AGARRADA)
  Cubo posição    : [-0.249, +0.000, +0.104]
  Target (target): [+0.150, +0.000, +0.020]
  Dist EE→Cubo    : 0.0180 m
  Dist Cubo→target: 0.4073 m
  Reward          : -0.4073
  Sucesso         : False
  Obstáculo caminho: nao  (count: 0)
  Objeto [object_1]: tipo=box  massa=1.0 kg  tamanho=[0.04, 0.04, 0.04]
  Target goal     : {'type': 'goal_sequence', 'targets': [{'name': 'target', 'position': [0.15000000596046448, 0.0, 0.019999999552965164]}], 'mode': 'goal_sequence'}
  Mesa            : 1.1x0.7x0.4 m  offset_x=-0.3
  Robô config     : control=ee  block_gripper=False  base=[-0.6, 0.0, 0.05]
  Scripts         : ['script_1', 'reach_only', 'left_right']
  Juntas ângulos  : [-0.00, -0.13, +0.00, -2.87, +0.00, +2.73, +0.79]
  Juntas veloc.   : [+0.00, -1.45, +0.00, +0.05, +0.00, -0.81, -0.00]
  Cubo rotação    : [+0.004, -0.052, -0.001]  (roll/pitch/yaw)
  Cubo vel.linear : [+0.233, -0.005, +0.501]
────────────────────────────────────────────
 Ep  1 | Step  35
────────────────────────────────────────────
  Task            : PICK_AND_PLACE
  Action          : [-0.907, +0.001, +0.421, -1.000]
  EE posição      : [-0.270, +0.000, +0.136]
  EE velocidade   : [-0.580, +0.000, -0.011]
  Garra           : 0.033 m  (AGARRADA)
  Cubo posição    : [-0.266, +0.000, +0.118]
  Target (target): [+0.150, +0.000, +0.020]
  Dist EE→Cubo    : 0.0185 m
  Dist Cubo→target: 0.4272 m
  Reward          : -0.4272
  Sucesso         : False
  Obstáculo caminho: nao  (count: 0)
  Objeto [object_1]: tipo=box  massa=1.0 kg  tamanho=[0.04, 0.04, 0.04]
  Target goal     : {'type': 'goal_sequence', 'targets': [{'name': 'target', 'position': [0.15000000596046448, 0.0, 0.019999999552965164]}], 'mode': 'goal_sequence'}
  Mesa            : 1.1x0.7x0.4 m  offset_x=-0.3
  Robô config     : control=ee  block_gripper=False  base=[-0.6, 0.0, 0.05]
  Scripts         : ['script_1', 'reach_only', 'left_right']
  Juntas ângulos  : [-0.00, -0.26, +0.00, -2.96, +0.00, +2.72, +0.79]
  Juntas veloc.   : [+0.00, -1.71, +0.00, -1.71, +0.00, -0.10, +0.00]
  Cubo rotação    : [-0.003, -0.270, -0.001]  (roll/pitch/yaw)
  Cubo vel.linear : [-0.588, +0.000, -0.011]
────────────────────────────────────────────
 Ep  1 | Step  36
────────────────────────────────────────────
  Task            : PICK_AND_PLACE
  Action          : [+0.999, -0.000, -0.039, -1.000]
  EE posição      : [-0.268, +0.000, +0.126]
  EE velocidade   : [+0.883, +0.000, -0.257]
  Garra           : 0.035 m  (AGARRADA)
  Cubo posição    : [-0.266, +0.000, +0.106]
  Target (target): [+0.150, +0.000, +0.020]
  Dist EE→Cubo    : 0.0199 m
  Dist Cubo→target: 0.4244 m
  Reward          : -0.4244
  Sucesso         : False
  Obstáculo caminho: nao  (count: 0)
  Objeto [object_1]: tipo=box  massa=1.0 kg  tamanho=[0.04, 0.04, 0.04]
  Target goal     : {'type': 'goal_sequence', 'targets': [{'name': 'target', 'position': [0.15000000596046448, 0.0, 0.019999999552965164]}], 'mode': 'goal_sequence'}
  Mesa            : 1.1x0.7x0.4 m  offset_x=-0.3
  Robô config     : control=ee  block_gripper=False  base=[-0.6, 0.0, 0.05]
  Scripts         : ['script_1', 'reach_only', 'left_right']
  Juntas ângulos  : [-0.00, -0.18, +0.00, -2.91, +0.00, +2.68, +0.79]
  Juntas veloc.   : [-0.00, +3.67, +0.00, +3.20, -0.00, -0.28, -0.00]
  Cubo rotação    : [-0.013, -0.134, +0.009]  (roll/pitch/yaw)
  Cubo vel.linear : [+0.651, -0.003, -0.368]
────────────────────────────────────────────
 Ep  1 | Step  37
────────────────────────────────────────────
  Task            : PICK_AND_PLACE
  Action          : [+1.000, -0.000, -0.014, -1.000]
  EE posição      : [-0.233, +0.000, +0.124]
  EE velocidade   : [+0.439, -0.010, +0.226]
  Garra           : 0.029 m  (AGARRADA)
  Cubo posição    : [-0.232, +0.000, +0.101]
  Target (target): [+0.150, +0.000, +0.020]
  Dist EE→Cubo    : 0.0233 m
  Dist Cubo→target: 0.3908 m
  Reward          : -0.3908
  Sucesso         : False
  Obstáculo caminho: nao  (count: 0)
  Objeto [object_1]: tipo=box  massa=1.0 kg  tamanho=[0.04, 0.04, 0.04]
  Target goal     : {'type': 'goal_sequence', 'targets': [{'name': 'target', 'position': [0.15000000596046448, 0.0, 0.019999999552965164]}], 'mode': 'goal_sequence'}
  Mesa            : 1.1x0.7x0.4 m  offset_x=-0.3
  Robô config     : control=ee  block_gripper=False  base=[-0.6, 0.0, 0.05]
  Scripts         : ['script_1', 'reach_only', 'left_right']
  Juntas ângulos  : [-0.00, -0.09, +0.00, -2.82, +0.00, +2.70, +0.79]
  Juntas veloc.   : [-0.00, +0.11, -0.03, +0.81, -0.00, +0.16, -0.00]
  Cubo rotação    : [-0.069, -0.142, +0.003]  (roll/pitch/yaw)
  Cubo vel.linear : [+0.539, +0.275, +0.014]
────────────────────────────────────────────
 Ep  1 | Step  38
────────────────────────────────────────────
  Task            : PICK_AND_PLACE
  Action          : [+1.000, -0.000, -0.010, -1.000]
  EE posição      : [-0.197, -0.000, +0.127]
  EE velocidade   : [+0.475, -0.000, +0.011]
  Garra           : 0.003 m  (FECHADA)
  Cubo posição    : [-0.209, +0.011, +0.084]
  Target (target): [+0.150, +0.000, +0.020]
  Dist EE→Cubo    : 0.0458 m
  Dist Cubo→target: 0.3647 m
  Reward          : -0.3647
  Sucesso         : False
  Obstáculo caminho: nao  (count: 0)
  Objeto [object_1]: tipo=box  massa=1.0 kg  tamanho=[0.04, 0.04, 0.04]
  Target goal     : {'type': 'goal_sequence', 'targets': [{'name': 'target', 'position': [0.15000000596046448, 0.0, 0.019999999552965164]}], 'mode': 'goal_sequence'}
  Mesa            : 1.1x0.7x0.4 m  offset_x=-0.3
  Robô config     : control=ee  block_gripper=False  base=[-0.6, 0.0, 0.05]
  Scripts         : ['script_1', 'reach_only', 'left_right']
  Juntas ângulos  : [-0.00, -0.02, +0.00, -2.72, +0.00, +2.69, +0.79]
  Juntas veloc.   : [+0.00, +1.05, -0.00, +1.35, -0.00, -0.07, +0.00]
  Cubo rotação    : [-0.922, +0.269, +0.020]  (roll/pitch/yaw)
  Cubo vel.linear : [+0.606, +0.236, -0.682]
────────────────────────────────────────────
 Ep  1 | Step  39
────────────────────────────────────────────
  Task            : PICK_AND_PLACE
  Action          : [+1.000, +0.000, -0.019, -1.000]
  EE posição      : [-0.164, -0.000, +0.124]
  EE velocidade   : [+0.485, -0.000, +0.081]
  Garra           : 0.000 m  (FECHADA)
  Cubo posição    : [-0.185, +0.021, +0.048]
  Target (target): [+0.150, +0.000, +0.020]
  Dist EE→Cubo    : 0.0811 m
  Dist Cubo→target: 0.3365 m
  Reward          : -0.3365
  Sucesso         : False
  Obstáculo caminho: nao  (count: 0)
  Objeto [object_1]: tipo=box  massa=1.0 kg  tamanho=[0.04, 0.04, 0.04]
  Target goal     : {'type': 'goal_sequence', 'targets': [{'name': 'target', 'position': [0.15000000596046448, 0.0, 0.019999999552965164]}], 'mode': 'goal_sequence'}
  Mesa            : 1.1x0.7x0.4 m  offset_x=-0.3
  Robô config     : control=ee  block_gripper=False  base=[-0.6, 0.0, 0.05]
  Scripts         : ['script_1', 'reach_only', 'left_right']
  Juntas ângulos  : [-0.00, +0.07, +0.00, -2.60, -0.00, +2.66, +0.79]
  Juntas veloc.   : [+0.00, +0.80, -0.00, +1.35, -0.00, -0.23, +0.00]
  Cubo rotação    : [-1.863, +0.598, -0.471]  (roll/pitch/yaw)
  Cubo vel.linear : [+0.604, +0.235, -1.071]
────────────────────────────────────────────
 Ep  1 | Step  40
────────────────────────────────────────────
  Task            : PICK_AND_PLACE
  Action          : [+1.000, +0.000, -0.012, -1.000]
  EE posição      : [-0.129, -0.000, +0.123]
  EE velocidade   : [+0.475, -0.000, +0.096]
  Garra           : 0.000 m  (FECHADA)
  Cubo posição    : [-0.164, +0.031, +0.033]
  Target (target): [+0.150, +0.000, +0.020]
  Dist EE→Cubo    : 0.1014 m
  Dist Cubo→target: 0.3157 m
  Reward          : -0.3157
  Sucesso         : False
  Obstáculo caminho: nao  (count: 0)
  Objeto [object_1]: tipo=box  massa=1.0 kg  tamanho=[0.04, 0.04, 0.04]
  Target goal     : {'type': 'goal_sequence', 'targets': [{'name': 'target', 'position': [0.15000000596046448, 0.0, 0.019999999552965164]}], 'mode': 'goal_sequence'}
  Mesa            : 1.1x0.7x0.4 m  offset_x=-0.3
  Robô config     : control=ee  block_gripper=False  base=[-0.6, 0.0, 0.05]
  Scripts         : ['script_1', 'reach_only', 'left_right']
  Juntas ângulos  : [-0.00, +0.15, +0.00, -2.49, -0.00, +2.64, +0.79]
  Juntas veloc.   : [+0.00, +0.71, -0.00, +1.31, -0.00, -0.21, -0.00]
  Cubo rotação    : [-2.719, +0.690, -0.995]  (roll/pitch/yaw)
  Cubo vel.linear : [+0.472, +0.244, -0.099]
────────────────────────────────────────────
 Ep  1 | Step  41
────────────────────────────────────────────
  Task            : PICK_AND_PLACE
  Action          : [+1.000, +0.000, -0.010, -1.000]
  EE posição      : [-0.094, -0.000, +0.122]
  EE velocidade   : [+0.460, -0.000, +0.072]
  Garra           : 0.000 m  (FECHADA)
  Cubo posição    : [-0.148, +0.040, +0.028]
  Target (target): [+0.150, +0.000, +0.020]
  Dist EE→Cubo    : 0.1152 m
  Dist Cubo→target: 0.3009 m
  Reward          : -0.3009
  Sucesso         : False
  Obstáculo caminho: nao  (count: 0)
  Objeto [object_1]: tipo=box  massa=1.0 kg  tamanho=[0.04, 0.04, 0.04]
  Target goal     : {'type': 'goal_sequence', 'targets': [{'name': 'target', 'position': [0.15000000596046448, 0.0, 0.019999999552965164]}], 'mode': 'goal_sequence'}
  Mesa            : 1.1x0.7x0.4 m  offset_x=-0.3
  Robô config     : control=ee  block_gripper=False  base=[-0.6, 0.0, 0.05]
  Scripts         : ['script_1', 'reach_only', 'left_right']
  Juntas ângulos  : [-0.00, +0.23, +0.00, -2.38, -0.00, +2.60, +0.79]
  Juntas veloc.   : [+0.00, +0.76, -0.00, +1.36, -0.00, -0.28, -0.00]
  Cubo rotação    : [+3.107, +0.585, -1.286]  (roll/pitch/yaw)
  Cubo vel.linear : [+0.286, +0.212, -0.027]
────────────────────────────────────────────
 Ep  1 | Step  42
────────────────────────────────────────────
  Task            : PICK_AND_PLACE
  Action          : [+1.000, +0.000, -0.008, -1.000]
  EE posição      : [-0.061, -0.000, +0.119]
  EE velocidade   : [+0.422, -0.000, +0.022]
  Garra           : 0.000 m  (FECHADA)
  Cubo posição    : [-0.139, +0.048, +0.024]
  Target (target): [+0.150, +0.000, +0.020]
  Dist EE→Cubo    : 0.1320 m
  Dist Cubo→target: 0.2929 m
  Reward          : -0.2929
  Sucesso         : False
  Obstáculo caminho: nao  (count: 0)
  Objeto [object_1]: tipo=box  massa=1.0 kg  tamanho=[0.04, 0.04, 0.04]
  Target goal     : {'type': 'goal_sequence', 'targets': [{'name': 'target', 'position': [0.15000000596046448, 0.0, 0.019999999552965164]}], 'mode': 'goal_sequence'}
  Mesa            : 1.1x0.7x0.4 m  offset_x=-0.3
  Robô config     : control=ee  block_gripper=False  base=[-0.6, 0.0, 0.05]
  Scripts         : ['script_1', 'reach_only', 'left_right']
  Juntas ângulos  : [-0.00, +0.31, +0.00, -2.26, -0.00, +2.56, +0.79]
  Juntas veloc.   : [+0.00, +0.83, -0.00, +1.36, -0.00, -0.32, +0.00]
  Cubo rotação    : [-3.140, +0.257, -1.269]  (roll/pitch/yaw)
  Cubo vel.linear : [+0.179, +0.213, -0.155]
────────────────────────────────────────────
 Ep  1 | Step  43
────────────────────────────────────────────
  Task            : PICK_AND_PLACE
  Action          : [+1.000, +0.000, +0.002, -1.000]
  EE posição      : [-0.028, -0.000, +0.117]
  EE velocidade   : [+0.410, -0.000, +0.038]
  Garra           : 0.000 m  (FECHADA)
  Cubo posição    : [-0.134, +0.054, +0.020]
  Target (target): [+0.150, +0.000, +0.020]
  Dist EE→Cubo    : 0.1536 m
  Dist Cubo→target: 0.2895 m
  Reward          : -0.2895
  Sucesso         : False
  Obstáculo caminho: nao  (count: 0)
  Objeto [object_1]: tipo=box  massa=1.0 kg  tamanho=[0.04, 0.04, 0.04]
  Target goal     : {'type': 'goal_sequence', 'targets': [{'name': 'target', 'position': [0.15000000596046448, 0.0, 0.019999999552965164]}], 'mode': 'goal_sequence'}
  Mesa            : 1.1x0.7x0.4 m  offset_x=-0.3
  Robô config     : control=ee  block_gripper=False  base=[-0.6, 0.0, 0.05]
  Scripts         : ['script_1', 'reach_only', 'left_right']
  Juntas ângulos  : [-0.00, +0.39, +0.00, -2.14, -0.00, +2.52, +0.79]
  Juntas veloc.   : [+0.00, +0.78, -0.00, +1.35, -0.00, -0.33, +0.00]
  Cubo rotação    : [-3.142, -0.001, -1.274]  (roll/pitch/yaw)
  Cubo vel.linear : [+0.042, +0.063, +0.000]
────────────────────────────────────────────
 Ep  1 | Step  44
────────────────────────────────────────────
  Task            : PICK_AND_PLACE
  Action          : [+1.000, +0.000, +0.017, -1.000]
  EE posição      : [+0.003, -0.000, +0.115]
  EE velocidade   : [+0.385, -0.000, +0.038]
  Garra           : 0.000 m  (FECHADA)
  Cubo posição    : [-0.134, +0.055, +0.020]
  Target (target): [+0.150, +0.000, +0.020]
  Dist EE→Cubo    : 0.1758 m
  Dist Cubo→target: 0.2893 m
  Reward          : -0.2893
  Sucesso         : False
  Obstáculo caminho: nao  (count: 0)
  Objeto [object_1]: tipo=box  massa=1.0 kg  tamanho=[0.04, 0.04, 0.04]
  Target goal     : {'type': 'goal_sequence', 'targets': [{'name': 'target', 'position': [0.15000000596046448, 0.0, 0.019999999552965164]}], 'mode': 'goal_sequence'}
  Mesa            : 1.1x0.7x0.4 m  offset_x=-0.3
  Robô config     : control=ee  block_gripper=False  base=[-0.6, 0.0, 0.05]
  Scripts         : ['script_1', 'reach_only', 'left_right']
  Juntas ângulos  : [-0.00, +0.46, +0.00, -2.01, -0.00, +2.47, +0.79]
  Juntas veloc.   : [+0.00, +0.75, -0.00, +1.35, -0.00, -0.35, +0.00]
  Cubo rotação    : [-3.142, -0.000, -1.274]  (roll/pitch/yaw)
  Cubo vel.linear : [+0.000, -0.000, +0.000]
────────────────────────────────────────────
 Ep  1 | Step  45
────────────────────────────────────────────
  Task            : PICK_AND_PLACE
  Action          : [+0.999, +0.000, +0.033, -1.000]
  EE posição      : [+0.033, -0.000, +0.113]
  EE velocidade   : [+0.346, -0.000, +0.010]
  Garra           : -0.000 m  (FECHADA)
  Cubo posição    : [-0.134, +0.055, +0.020]
  Target (target): [+0.150, +0.000, +0.020]
  Dist EE→Cubo    : 0.1991 m
  Dist Cubo→target: 0.2893 m
  Reward          : -0.2893
  Sucesso         : False
  Obstáculo caminho: nao  (count: 0)
  Objeto [object_1]: tipo=box  massa=1.0 kg  tamanho=[0.04, 0.04, 0.04]
  Target goal     : {'type': 'goal_sequence', 'targets': [{'name': 'target', 'position': [0.15000000596046448, 0.0, 0.019999999552965164]}], 'mode': 'goal_sequence'}
  Mesa            : 1.1x0.7x0.4 m  offset_x=-0.3
  Robô config     : control=ee  block_gripper=False  base=[-0.6, 0.0, 0.05]
  Scripts         : ['script_1', 'reach_only', 'left_right']
  Juntas ângulos  : [-0.00, +0.54, +0.00, -1.89, -0.00, +2.42, +0.79]
  Juntas veloc.   : [+0.00, +0.77, -0.00, +1.33, -0.00, -0.38, +0.00]
  Cubo rotação    : [-3.142, -0.000, -1.274]  (roll/pitch/yaw)
  Cubo vel.linear : [-0.000, -0.000, +0.000]
────────────────────────────────────────────
 Ep  1 | Step  46
────────────────────────────────────────────
  Task            : PICK_AND_PLACE
  Action          : [+0.998, +0.000, +0.059, -1.000]
  EE posição      : [+0.062, -0.000, +0.112]
  EE velocidade   : [+0.332, +0.000, +0.059]
  Garra           : -0.000 m  (FECHADA)
  Cubo posição    : [-0.134, +0.055, +0.020]
  Target (target): [+0.150, +0.000, +0.020]
  Dist EE→Cubo    : 0.2232 m
  Dist Cubo→target: 0.2893 m
  Reward          : -0.2893
  Sucesso         : False
  Obstáculo caminho: nao  (count: 0)
  Objeto [object_1]: tipo=box  massa=1.0 kg  tamanho=[0.04, 0.04, 0.04]
  Target goal     : {'type': 'goal_sequence', 'targets': [{'name': 'target', 'position': [0.15000000596046448, 0.0, 0.019999999552965164]}], 'mode': 'goal_sequence'}
  Mesa            : 1.1x0.7x0.4 m  offset_x=-0.3
  Robô config     : control=ee  block_gripper=False  base=[-0.6, 0.0, 0.05]
  Scripts         : ['script_1', 'reach_only', 'left_right']
  Juntas ângulos  : [-0.00, +0.61, +0.00, -1.76, -0.00, +2.37, +0.79]
  Juntas veloc.   : [+0.00, +0.68, -0.00, +1.31, -0.00, -0.40, +0.00]
  Cubo rotação    : [-3.142, +0.000, -1.274]  (roll/pitch/yaw)
  Cubo vel.linear : [-0.000, -0.000, +0.000]
────────────────────────────────────────────
 Ep  1 | Step  47
────────────────────────────────────────────
  Task            : PICK_AND_PLACE
  Action          : [+0.996, +0.000, +0.087, -1.000]
  EE posição      : [+0.088, -0.000, +0.113]
  EE velocidade   : [+0.299, +0.000, +0.082]
  Garra           : 0.000 m  (FECHADA)
  Cubo posição    : [-0.134, +0.055, +0.020]
  Target (target): [+0.150, +0.000, +0.020]
  Dist EE→Cubo    : 0.2471 m
  Dist Cubo→target: 0.2893 m
  Reward          : -0.2893
  Sucesso         : False
  Obstáculo caminho: nao  (count: 0)
  Objeto [object_1]: tipo=box  massa=1.0 kg  tamanho=[0.04, 0.04, 0.04]
  Target goal     : {'type': 'goal_sequence', 'targets': [{'name': 'target', 'position': [0.15000000596046448, 0.0, 0.019999999552965164]}], 'mode': 'goal_sequence'}
  Mesa            : 1.1x0.7x0.4 m  offset_x=-0.3
  Robô config     : control=ee  block_gripper=False  base=[-0.6, 0.0, 0.05]
  Scripts         : ['script_1', 'reach_only', 'left_right']
  Juntas ângulos  : [-0.00, +0.68, +0.00, -1.63, -0.00, +2.31, +0.79]
  Juntas veloc.   : [+0.00, +0.61, -0.00, +1.27, -0.00, -0.42, +0.00]
  Cubo rotação    : [-3.142, +0.000, -1.274]  (roll/pitch/yaw)
  Cubo vel.linear : [-0.000, -0.000, +0.000]
────────────────────────────────────────────
 Ep  1 | Step  48
────────────────────────────────────────────
  Task            : PICK_AND_PLACE
  Action          : [+0.994, +0.000, +0.110, -1.000]
  EE posição      : [+0.113, -0.000, +0.116]
  EE velocidade   : [+0.276, -0.000, +0.134]
  Garra           : -0.000 m  (FECHADA)
  Cubo posição    : [-0.134, +0.055, +0.020]
  Target (target): [+0.150, +0.000, +0.020]
  Dist EE→Cubo    : 0.2703 m
  Dist Cubo→target: 0.2893 m
  Reward          : -0.2893
  Sucesso         : False
  Obstáculo caminho: nao  (count: 0)
  Objeto [object_1]: tipo=box  massa=1.0 kg  tamanho=[0.04, 0.04, 0.04]
  Target goal     : {'type': 'goal_sequence', 'targets': [{'name': 'target', 'position': [0.15000000596046448, 0.0, 0.019999999552965164]}], 'mode': 'goal_sequence'}
  Mesa            : 1.1x0.7x0.4 m  offset_x=-0.3
  Robô config     : control=ee  block_gripper=False  base=[-0.6, 0.0, 0.05]
  Scripts         : ['script_1', 'reach_only', 'left_right']
  Juntas ângulos  : [-0.00, +0.75, +0.00, -1.51, -0.00, +2.26, +0.79]
  Juntas veloc.   : [+0.00, +0.51, -0.00, +1.23, -0.00, -0.44, +0.00]
  Cubo rotação    : [-3.142, +0.000, -1.274]  (roll/pitch/yaw)
  Cubo vel.linear : [-0.000, -0.000, +0.000]
────────────────────────────────────────────
 Ep  1 | Step  49
────────────────────────────────────────────
  Task            : PICK_AND_PLACE
  Action          : [+0.995, +0.000, +0.102, -1.000]
  EE posição      : [+0.134, -0.000, +0.121]
  EE velocidade   : [+0.210, -0.000, +0.043]
  Garra           : 0.000 m  (FECHADA)
  Cubo posição    : [-0.134, +0.055, +0.020]
  Target (target): [+0.150, +0.000, +0.020]
  Dist EE→Cubo    : 0.2918 m
  Dist Cubo→target: 0.2893 m
  Reward          : -0.2893
  Sucesso         : False
  Obstáculo caminho: nao  (count: 0)
  Objeto [object_1]: tipo=box  massa=1.0 kg  tamanho=[0.04, 0.04, 0.04]
  Target goal     : {'type': 'goal_sequence', 'targets': [{'name': 'target', 'position': [0.15000000596046448, 0.0, 0.019999999552965164]}], 'mode': 'goal_sequence'}
  Mesa            : 1.1x0.7x0.4 m  offset_x=-0.3
  Robô config     : control=ee  block_gripper=False  base=[-0.6, 0.0, 0.05]
  Scripts         : ['script_1', 'reach_only', 'left_right']
  Juntas ângulos  : [-0.00, +0.81, +0.00, -1.38, -0.00, +2.20, +0.79]
  Juntas veloc.   : [+0.00, +0.60, -0.00, +1.17, +0.00, -0.44, +0.00]
  Cubo rotação    : [-3.142, +0.000, -1.274]  (roll/pitch/yaw)
  Cubo vel.linear : [-0.000, -0.000, +0.000]
────────────────────────────────────────────
 Ep  1 | Step  50
────────────────────────────────────────────
  Task            : PICK_AND_PLACE
  Action          : [+0.999, +0.000, -0.042, -1.000]
  EE posição      : [+0.152, +0.000, +0.118]
  EE velocidade   : [+0.150, -0.000, -0.075]
  Garra           : 0.000 m  (FECHADA)
  Cubo posição    : [-0.134, +0.055, +0.020]
  Target (target): [+0.150, +0.000, +0.020]
  Dist EE→Cubo    : 0.3077 m
  Dist Cubo→target: 0.2893 m
  Reward          : -0.2893
  Sucesso         : False
  Obstáculo caminho: nao  (count: 0)
  Objeto [object_1]: tipo=box  massa=1.0 kg  tamanho=[0.04, 0.04, 0.04]
  Target goal     : {'type': 'goal_sequence', 'targets': [{'name': 'target', 'position': [0.15000000596046448, 0.0, 0.019999999552965164]}], 'mode': 'goal_sequence'}
  Mesa            : 1.1x0.7x0.4 m  offset_x=-0.3
  Robô config     : control=ee  block_gripper=False  base=[-0.6, 0.0, 0.05]
  Scripts         : ['script_1', 'reach_only', 'left_right']
  Juntas ângulos  : [-0.00, +0.88, +0.00, -1.26, -0.00, +2.15, +0.79]
  Juntas veloc.   : [+0.00, +0.72, -0.00, +1.10, +0.00, -0.38, -0.00]
  Cubo rotação    : [-3.142, +0.000, -1.274]  (roll/pitch/yaw)
  Cubo vel.linear : [-0.000, -0.000, +0.000]
────────────────────────────────────────────
 Ep  1 | Step  51
────────────────────────────────────────────
  Task            : PICK_AND_PLACE
  Action          : [-0.023, -0.000, -0.962, -1.000]
  EE posição      : [+0.155, +0.000, +0.089]
  EE velocidade   : [-0.324, -0.000, -1.253]
  Garra           : 0.000 m  (FECHADA)
  Cubo posição    : [-0.134, +0.055, +0.020]
  Target (target): [+0.150, +0.000, +0.020]
  Dist EE→Cubo    : 0.3017 m
  Dist Cubo→target: 0.2893 m
  Reward          : -0.2893
  Sucesso         : False
  Obstáculo caminho: nao  (count: 0)
  Objeto [object_1]: tipo=box  massa=1.0 kg  tamanho=[0.04, 0.04, 0.04]
  Target goal     : {'type': 'goal_sequence', 'targets': [{'name': 'target', 'position': [0.15000000596046448, 0.0, 0.019999999552965164]}], 'mode': 'goal_sequence'}
  Mesa            : 1.1x0.7x0.4 m  offset_x=-0.3
  Robô config     : control=ee  block_gripper=False  base=[-0.6, 0.0, 0.05]
  Scripts         : ['script_1', 'reach_only', 'left_right']
  Juntas ângulos  : [-0.00, +0.93, +0.00, -1.26, -0.00, +2.21, +0.79]
  Juntas veloc.   : [+0.00, +1.72, -0.00, +0.00, -0.00, +0.46, -0.00]
  Cubo rotação    : [-3.142, +0.000, -1.274]  (roll/pitch/yaw)
  Cubo vel.linear : [-0.000, -0.000, +0.000]
────────────────────────────────────────────
 Ep  1 | Step  52
────────────────────────────────────────────
  Task            : PICK_AND_PLACE
  Action          : [-0.031, -0.000, -0.471, -1.000]
  EE posição      : [+0.143, -0.000, +0.047]
  EE velocidade   : [-0.293, -0.000, -0.826]
  Garra           : -0.000 m  (FECHADA)
  Cubo posição    : [-0.134, +0.055, +0.020]
  Target (target): [+0.150, +0.000, +0.020]
  Dist EE→Cubo    : 0.2839 m
  Dist Cubo→target: 0.2893 m
  Reward          : -0.2893
  Sucesso         : False
  Obstáculo caminho: nao  (count: 0)
  Objeto [object_1]: tipo=box  massa=1.0 kg  tamanho=[0.04, 0.04, 0.04]
  Target goal     : {'type': 'goal_sequence', 'targets': [{'name': 'target', 'position': [0.15000000596046448, 0.0, 0.019999999552965164]}], 'mode': 'goal_sequence'}
  Mesa            : 1.1x0.7x0.4 m  offset_x=-0.3
  Robô config     : control=ee  block_gripper=False  base=[-0.6, 0.0, 0.05]
  Scripts         : ['script_1', 'reach_only', 'left_right']
  Juntas ângulos  : [-0.00, +0.99, +0.00, -1.26, -0.00, +2.22, +0.79]
  Juntas veloc.   : [+0.00, +1.14, -0.00, +0.04, -0.00, +0.09, +0.00]
  Cubo rotação    : [-3.142, +0.000, -1.274]  (roll/pitch/yaw)
  Cubo vel.linear : [-0.000, -0.000, +0.000]
────────────────────────────────────────────
 Ep  1 | Step  53
────────────────────────────────────────────
  Task            : PICK_AND_PLACE
  Action          : [+0.019, +0.000, -0.075, -1.000]
  EE posição      : [+0.138, -0.000, +0.023]
  EE velocidade   : [-0.134, -0.000, -0.406]
  Garra           : -0.000 m  (FECHADA)
  Cubo posição    : [-0.134, +0.055, +0.020]
  Target (target): [+0.150, +0.000, +0.020]
  Dist EE→Cubo    : 0.2777 m
  Dist Cubo→target: 0.2893 m
  Reward          : -0.2893
  Sucesso         : False
  Obstáculo caminho: nao  (count: 0)
  Objeto [object_1]: tipo=box  massa=1.0 kg  tamanho=[0.04, 0.04, 0.04]
  Target goal     : {'type': 'goal_sequence', 'targets': [{'name': 'target', 'position': [0.15000000596046448, 0.0, 0.019999999552965164]}], 'mode': 'goal_sequence'}
  Mesa            : 1.1x0.7x0.4 m  offset_x=-0.3
  Robô config     : control=ee  block_gripper=False  base=[-0.6, 0.0, 0.05]
  Scripts         : ['script_1', 'reach_only', 'left_right']
  Juntas ângulos  : [-0.00, +1.03, +0.00, -1.26, -0.00, +2.25, +0.79]
  Juntas veloc.   : [-0.00, +0.56, -0.00, -0.04, -0.00, +0.25, -0.00]
  Cubo rotação    : [-3.142, +0.000, -1.274]  (roll/pitch/yaw)
  Cubo vel.linear : [-0.000, -0.000, +0.000]
────────────────────────────────────────────
 Ep  1 | Step  54
────────────────────────────────────────────
  Task            : PICK_AND_PLACE
  Action          : [+0.120, +0.000, +0.993, +1.000]
  EE posição      : [+0.127, -0.000, +0.013]
  EE velocidade   : [-0.063, -0.000, -0.010]
  Garra           : 0.070 m  (ABERTA)
  Cubo posição    : [-0.134, +0.055, +0.020]
  Target (target): [+0.150, +0.000, +0.020]
  Dist EE→Cubo    : 0.2664 m
  Dist Cubo→target: 0.2893 m
  Reward          : -0.2893
  Sucesso         : False
  Obstáculo caminho: nao  (count: 0)
  Objeto [object_1]: tipo=box  massa=1.0 kg  tamanho=[0.04, 0.04, 0.04]
  Target goal     : {'type': 'goal_sequence', 'targets': [{'name': 'target', 'position': [0.15000000596046448, 0.0, 0.019999999552965164]}], 'mode': 'goal_sequence'}
  Mesa            : 1.1x0.7x0.4 m  offset_x=-0.3
  Robô config     : control=ee  block_gripper=False  base=[-0.6, 0.0, 0.05]
  Scripts         : ['script_1', 'reach_only', 'left_right']
  Juntas ângulos  : [-0.00, +1.03, +0.00, -1.27, -0.00, +2.22, +0.79]
  Juntas veloc.   : [-0.00, -0.04, -0.00, -0.06, +0.00, -0.25, -0.00]
  Cubo rotação    : [-3.142, +0.000, -1.274]  (roll/pitch/yaw)
  Cubo vel.linear : [-0.000, -0.000, -0.000]
────────────────────────────────────────────
 Ep  1 | Step  55
────────────────────────────────────────────
  Task            : PICK_AND_PLACE
  Action          : [+0.213, +0.000, +0.977, +1.000]
  EE posição      : [+0.130, -0.000, +0.020]
  EE velocidade   : [+0.177, -0.000, +0.411]
  Garra           : 0.079 m  (ABERTA)
  Cubo posição    : [-0.134, +0.055, +0.020]
  Target (target): [+0.150, +0.000, +0.020]
  Dist EE→Cubo    : 0.2694 m
  Dist Cubo→target: 0.2893 m
  Reward          : -0.2893
  Sucesso         : False
  Obstáculo caminho: nao  (count: 0)
  Objeto [object_1]: tipo=box  massa=1.0 kg  tamanho=[0.04, 0.04, 0.04]
  Target goal     : {'type': 'goal_sequence', 'targets': [{'name': 'target', 'position': [0.15000000596046448, 0.0, 0.019999999552965164]}], 'mode': 'goal_sequence'}
  Mesa            : 1.1x0.7x0.4 m  offset_x=-0.3
  Robô config     : control=ee  block_gripper=False  base=[-0.6, 0.0, 0.05]
  Scripts         : ['script_1', 'reach_only', 'left_right']
  Juntas ângulos  : [-0.00, +1.01, +0.00, -1.28, -0.00, +2.24, +0.79]
  Juntas veloc.   : [-0.00, -0.60, -0.00, -0.09, +0.00, +0.12, -0.00]
  Cubo rotação    : [-3.142, +0.000, -1.274]  (roll/pitch/yaw)
  Cubo vel.linear : [-0.000, -0.000, -0.000]
────────────────────────────────────────────
 Ep  1 | Step  56
────────────────────────────────────────────
  Task            : PICK_AND_PLACE
  Action          : [+0.198, +0.000, +0.980, +1.000]
  EE posição      : [+0.137, -0.000, +0.044]
  EE velocidade   : [+0.305, -0.000, +0.830]
  Garra           : 0.080 m  (ABERTA)
  Cubo posição    : [-0.134, +0.055, +0.020]
  Target (target): [+0.150, +0.000, +0.020]
  Dist EE→Cubo    : 0.2774 m
  Dist Cubo→target: 0.2893 m
  Reward          : -0.2893
  Sucesso         : False
  Obstáculo caminho: nao  (count: 0)
  Objeto [object_1]: tipo=box  massa=1.0 kg  tamanho=[0.04, 0.04, 0.04]
  Target goal     : {'type': 'goal_sequence', 'targets': [{'name': 'target', 'position': [0.15000000596046448, 0.0, 0.019999999552965164]}], 'mode': 'goal_sequence'}
  Mesa            : 1.1x0.7x0.4 m  offset_x=-0.3
  Robô config     : control=ee  block_gripper=False  base=[-0.6, 0.0, 0.05]
  Scripts         : ['script_1', 'reach_only', 'left_right']
  Juntas ângulos  : [-0.00, +0.98, +0.00, -1.29, -0.00, +2.23, +0.79]
  Juntas veloc.   : [+0.00, -1.16, -0.00, -0.06, +0.00, -0.04, -0.00]
  Cubo rotação    : [-3.142, +0.000, -1.274]  (roll/pitch/yaw)
  Cubo vel.linear : [-0.000, -0.000, -0.000]
────────────────────────────────────────────
 Ep  1 | Step  57
────────────────────────────────────────────
  Task            : PICK_AND_PLACE
  Action          : [+0.170, +0.000, +0.985, +1.000]
  EE posição      : [+0.145, -0.000, +0.081]
  EE velocidade   : [+0.193, +0.000, +0.707]
  Garra           : 0.080 m  (ABERTA)
  Cubo posição    : [-0.134, +0.055, +0.020]
  Target (target): [+0.150, +0.000, +0.020]
  Dist EE→Cubo    : 0.2908 m
  Dist Cubo→target: 0.2893 m
  Reward          : -0.2893
  Sucesso         : False
  Obstáculo caminho: nao  (count: 0)
  Objeto [object_1]: tipo=box  massa=1.0 kg  tamanho=[0.04, 0.04, 0.04]
  Target goal     : {'type': 'goal_sequence', 'targets': [{'name': 'target', 'position': [0.15000000596046448, 0.0, 0.019999999552965164]}], 'mode': 'goal_sequence'}
  Mesa            : 1.1x0.7x0.4 m  offset_x=-0.3
  Robô config     : control=ee  block_gripper=False  base=[-0.6, 0.0, 0.05]
  Scripts         : ['script_1', 'reach_only', 'left_right']
  Juntas ângulos  : [-0.00, +0.92, +0.00, -1.29, -0.00, +2.20, +0.79]
  Juntas veloc.   : [+0.00, -0.97, +0.00, +0.01, +0.00, -0.26, -0.00]
  Cubo rotação    : [-3.142, +0.000, -1.274]  (roll/pitch/yaw)
  Cubo vel.linear : [-0.000, -0.000, -0.000]
────────────────────────────────────────────
 Ep  1 | Step  58
────────────────────────────────────────────
  Task            : PICK_AND_PLACE
  Action          : [+0.134, +0.000, +0.991, +1.000]
  EE posição      : [+0.147, -0.000, +0.116]
  EE velocidade   : [+0.175, +0.000, +0.830]
  Garra           : 0.080 m  (ABERTA)
  Cubo posição    : [-0.134, +0.055, +0.020]
  Target (target): [+0.150, +0.000, +0.020]
  Dist EE→Cubo    : 0.3022 m
  Dist Cubo→target: 0.2893 m
  Reward          : -0.2893
  Sucesso         : False
  Obstáculo caminho: nao  (count: 0)
  Objeto [object_1]: tipo=box  massa=1.0 kg  tamanho=[0.04, 0.04, 0.04]
  Target goal     : {'type': 'goal_sequence', 'targets': [{'name': 'target', 'position': [0.15000000596046448, 0.0, 0.019999999552965164]}], 'mode': 'goal_sequence'}
  Mesa            : 1.1x0.7x0.4 m  offset_x=-0.3
  Robô config     : control=ee  block_gripper=False  base=[-0.6, 0.0, 0.05]
  Scripts         : ['script_1', 'reach_only', 'left_right']
  Juntas ângulos  : [-0.00, +0.88, +0.00, -1.28, -0.00, +2.14, +0.79]
  Juntas veloc.   : [+0.00, -1.11, +0.00, +0.08, +0.00, -0.45, +0.00]
  Cubo rotação    : [-3.142, +0.000, -1.274]  (roll/pitch/yaw)
  Cubo vel.linear : [-0.000, -0.000, -0.000]
────────────────────────────────────────────
 Ep  1 | Step  59
────────────────────────────────────────────
  Task            : PICK_AND_PLACE
  Action          : [+0.560, +0.000, +0.829, +1.000]
  EE posição      : [+0.158, +0.000, +0.150]
  EE velocidade   : [+0.116, +0.000, +0.329]
  Garra           : 0.080 m  (ABERTA)
  Cubo posição    : [-0.134, +0.055, +0.020]
  Target (target): [+0.150, +0.000, +0.020]
  Dist EE→Cubo    : 0.3240 m
  Dist Cubo→target: 0.2893 m
  Reward          : -0.2893
  Sucesso         : True
  Obstáculo caminho: nao  (count: 0)
  Objeto [object_1]: tipo=box  massa=1.0 kg  tamanho=[0.04, 0.04, 0.04]
  Target goal     : {'type': 'goal_sequence', 'targets': [{'name': 'target', 'position': [0.15000000596046448, 0.0, 0.019999999552965164]}], 'mode': 'goal_sequence'}
  Mesa            : 1.1x0.7x0.4 m  offset_x=-0.3
  Robô config     : control=ee  block_gripper=False  base=[-0.6, 0.0, 0.05]
  Scripts         : ['script_1', 'reach_only', 'left_right']
  Juntas ângulos  : [-0.00, +0.86, +0.00, -1.21, -0.00, +2.07, +0.79]
  Juntas veloc.   : [+0.00, -0.11, +0.00, +0.62, -0.00, -0.51, +0.00]
  Cubo rotação    : [-3.142, +0.000, -1.274]  (roll/pitch/yaw)
  Cubo vel.linear : [-0.000, -0.000, -0.000]
