────────────────────────────────────────────
 Ep  1 | Step   1
────────────────────────────────────────────
  Task            : OBJECT_DELIVERY_SEQUENCE
  Action          : [-0.984, +0.000, -0.179, +1.000]
  EE posição      : [+0.009, +0.000, +0.191]
  EE velocidade   : [-0.416, +0.000, -0.050]
  Garra           : 0.070 m  (ABERTA)
  Cubo posição    : [-0.250, +0.000, +0.012]
  Target (target): [+0.150, +0.000, +0.020]
  Dist EE→Cubo    : 0.3152 m
  Dist Cubo→target: 0.4001 m
  Reward          : -0.4001
  Sucesso         : False
  Obstáculo caminho: nao  (count: 0)
  Objeto [object_1]: tipo=box  massa=1.0 kg  tamanho=[0.045, 0.03, 0.02]
  Target goal     : {'type': 'goal_sequence', 'targets': [{'name': 'target', 'position': [0.15000000596046448, 0.0, 0.019999999552965164]}], 'mode': 'goal_sequence'}
  Mesa            : 1.1x0.7x0.4 m  offset_x=-0.3
  Robô config     : control=ee  block_gripper=False  base=[-0.6, 0.0, 0.05]
  Scripts         : ['script_1', 'reach_only', 'left_right']
  Juntas ângulos  : [-0.00, +0.34, +0.00, -1.98, -0.00, +2.32, +0.79]
  Juntas veloc.   : [-0.00, -0.95, +0.01, -1.57, -0.00, +0.45, -0.03]
  Cubo rotação    : [+0.000, -0.000, +0.000]  (roll/pitch/yaw)
  Cubo vel.linear : [+0.000, +0.000, -0.392]
────────────────────────────────────────────
 Ep  1 | Step   2
────────────────────────────────────────────
  Task            : OBJECT_DELIVERY_SEQUENCE
  Action          : [-0.979, -0.000, -0.203, +1.000]
  EE posição      : [-0.022, +0.000, +0.183]
  EE velocidade   : [-0.365, +0.000, -0.091]
  Garra           : 0.079 m  (ABERTA)
  Cubo posição    : [-0.250, -0.000, +0.010]
  Target (target): [+0.150, +0.000, +0.020]
  Dist EE→Cubo    : 0.2861 m
  Dist Cubo→target: 0.4001 m
  Reward          : -0.4001
  Sucesso         : False
  Obstáculo caminho: nao  (count: 0)
  Objeto [object_1]: tipo=box  massa=1.0 kg  tamanho=[0.045, 0.03, 0.02]
  Target goal     : {'type': 'goal_sequence', 'targets': [{'name': 'target', 'position': [0.15000000596046448, 0.0, 0.019999999552965164]}], 'mode': 'goal_sequence'}
  Mesa            : 1.1x0.7x0.4 m  offset_x=-0.3
  Robô config     : control=ee  block_gripper=False  base=[-0.6, 0.0, 0.05]
  Scripts         : ['script_1', 'reach_only', 'left_right']
  Juntas ângulos  : [-0.00, +0.27, +0.00, -2.11, -0.00, +2.38, +0.79]
  Juntas veloc.   : [-0.00, -0.72, +0.00, -1.32, +0.00, +0.46, -0.00]
  Cubo rotação    : [+0.000, -0.000, +0.000]  (roll/pitch/yaw)
  Cubo vel.linear : [-0.000, +0.000, +0.009]
────────────────────────────────────────────
 Ep  1 | Step   3
────────────────────────────────────────────
  Task            : OBJECT_DELIVERY_SEQUENCE
  Action          : [-0.978, -0.000, -0.207, +1.000]
  EE posição      : [-0.055, +0.000, +0.175]
  EE velocidade   : [-0.392, +0.000, -0.091]
  Garra           : 0.080 m  (ABERTA)
  Cubo posição    : [-0.250, +0.000, +0.010]
  Target (target): [+0.150, +0.000, +0.020]
  Dist EE→Cubo    : 0.2553 m
  Dist Cubo→target: 0.4001 m
  Reward          : -0.4001
  Sucesso         : False
  Obstáculo caminho: nao  (count: 0)
  Objeto [object_1]: tipo=box  massa=1.0 kg  tamanho=[0.045, 0.03, 0.02]
  Target goal     : {'type': 'goal_sequence', 'targets': [{'name': 'target', 'position': [0.15000000596046448, 0.0, 0.019999999552965164]}], 'mode': 'goal_sequence'}
  Mesa            : 1.1x0.7x0.4 m  offset_x=-0.3
  Robô config     : control=ee  block_gripper=False  base=[-0.6, 0.0, 0.05]
  Scripts         : ['script_1', 'reach_only', 'left_right']
  Juntas ângulos  : [-0.00, +0.20, +0.00, -2.23, -0.00, +2.44, +0.79]
  Juntas veloc.   : [-0.00, -0.75, +0.00, -1.34, +0.00, +0.45, -0.00]
  Cubo rotação    : [+0.000, -0.000, +0.000]  (roll/pitch/yaw)
  Cubo vel.linear : [-0.000, +0.000, +0.002]
────────────────────────────────────────────
 Ep  1 | Step   4
────────────────────────────────────────────
  Task            : OBJECT_DELIVERY_SEQUENCE
  Action          : [-0.980, -0.000, -0.200, +1.000]
  EE posição      : [-0.089, +0.000, +0.167]
  EE velocidade   : [-0.397, +0.000, -0.088]
  Garra           : 0.080 m  (ABERTA)
  Cubo posição    : [-0.250, +0.000, +0.010]
  Target (target): [+0.150, +0.000, +0.020]
  Dist EE→Cubo    : 0.2246 m
  Dist Cubo→target: 0.4001 m
  Reward          : -0.4001
  Sucesso         : False
  Obstáculo caminho: nao  (count: 0)
  Objeto [object_1]: tipo=box  massa=1.0 kg  tamanho=[0.045, 0.03, 0.02]
  Target goal     : {'type': 'goal_sequence', 'targets': [{'name': 'target', 'position': [0.15000000596046448, 0.0, 0.019999999552965164]}], 'mode': 'goal_sequence'}
  Mesa            : 1.1x0.7x0.4 m  offset_x=-0.3
  Robô config     : control=ee  block_gripper=False  base=[-0.6, 0.0, 0.05]
  Scripts         : ['script_1', 'reach_only', 'left_right']
  Juntas ângulos  : [-0.00, +0.14, +0.00, -2.36, -0.00, +2.49, +0.79]
  Juntas veloc.   : [-0.00, -0.74, +0.00, -1.31, +0.00, +0.44, -0.00]
  Cubo rotação    : [+0.000, -0.000, +0.000]  (roll/pitch/yaw)
  Cubo vel.linear : [-0.000, +0.000, +0.000]
────────────────────────────────────────────
 Ep  1 | Step   5
────────────────────────────────────────────
  Task            : OBJECT_DELIVERY_SEQUENCE
  Action          : [-0.981, -0.000, -0.192, +1.000]
  EE posição      : [-0.124, +0.000, +0.158]
  EE velocidade   : [-0.392, +0.001, -0.079]
  Garra           : 0.080 m  (ABERTA)
  Cubo posição    : [-0.250, +0.000, +0.010]
  Target (target): [+0.150, +0.000, +0.020]
  Dist EE→Cubo    : 0.1945 m
  Dist Cubo→target: 0.4001 m
  Reward          : -0.4001
  Sucesso         : False
  Obstáculo caminho: nao  (count: 0)
  Objeto [object_1]: tipo=box  massa=1.0 kg  tamanho=[0.045, 0.03, 0.02]
  Target goal     : {'type': 'goal_sequence', 'targets': [{'name': 'target', 'position': [0.15000000596046448, 0.0, 0.019999999552965164]}], 'mode': 'goal_sequence'}
  Mesa            : 1.1x0.7x0.4 m  offset_x=-0.3
  Robô config     : control=ee  block_gripper=False  base=[-0.6, 0.0, 0.05]
  Scripts         : ['script_1', 'reach_only', 'left_right']
  Juntas ângulos  : [-0.00, +0.07, +0.00, -2.48, -0.00, +2.55, +0.79]
  Juntas veloc.   : [-0.00, -0.74, +0.00, -1.26, +0.00, +0.42, -0.00]
  Cubo rotação    : [+0.000, -0.000, +0.000]  (roll/pitch/yaw)
  Cubo vel.linear : [+0.000, +0.000, +0.000]
────────────────────────────────────────────
 Ep  1 | Step   6
────────────────────────────────────────────
  Task            : OBJECT_DELIVERY_SEQUENCE
  Action          : [-0.984, -0.000, -0.180, +1.000]
  EE posição      : [-0.160, +0.000, +0.150]
  EE velocidade   : [-0.425, +0.001, -0.099]
  Garra           : 0.080 m  (ABERTA)
  Cubo posição    : [-0.250, +0.000, +0.010]
  Target (target): [+0.150, +0.000, +0.020]
  Dist EE→Cubo    : 0.1665 m
  Dist Cubo→target: 0.4001 m
  Reward          : -0.4001
  Sucesso         : False
  Obstáculo caminho: nao  (count: 0)
  Objeto [object_1]: tipo=box  massa=1.0 kg  tamanho=[0.045, 0.03, 0.02]
  Target goal     : {'type': 'goal_sequence', 'targets': [{'name': 'target', 'position': [0.15000000596046448, 0.0, 0.019999999552965164]}], 'mode': 'goal_sequence'}
  Mesa            : 1.1x0.7x0.4 m  offset_x=-0.3
  Robô config     : control=ee  block_gripper=False  base=[-0.6, 0.0, 0.05]
  Scripts         : ['script_1', 'reach_only', 'left_right']
  Juntas ângulos  : [-0.00, +0.00, +0.00, -2.60, -0.00, +2.60, +0.79]
  Juntas veloc.   : [-0.00, -0.75, +0.00, -1.30, +0.00, +0.41, -0.00]
  Cubo rotação    : [+0.000, -0.000, +0.000]  (roll/pitch/yaw)
  Cubo vel.linear : [-0.000, +0.000, +0.000]
────────────────────────────────────────────
 Ep  1 | Step   7
────────────────────────────────────────────
  Task            : OBJECT_DELIVERY_SEQUENCE
  Action          : [-0.987, -0.001, -0.162, +1.000]
  EE posição      : [-0.196, +0.000, +0.141]
  EE velocidade   : [-0.465, +0.000, -0.120]
  Garra           : 0.080 m  (ABERTA)
  Cubo posição    : [-0.250, +0.000, +0.010]
  Target (target): [+0.150, +0.000, +0.020]
  Dist EE→Cubo    : 0.1419 m
  Dist Cubo→target: 0.4001 m
  Reward          : -0.4001
  Sucesso         : False
  Obstáculo caminho: nao  (count: 0)
  Objeto [object_1]: tipo=box  massa=1.0 kg  tamanho=[0.045, 0.03, 0.02]
  Target goal     : {'type': 'goal_sequence', 'targets': [{'name': 'target', 'position': [0.15000000596046448, 0.0, 0.019999999552965164]}], 'mode': 'goal_sequence'}
  Mesa            : 1.1x0.7x0.4 m  offset_x=-0.3
  Robô config     : control=ee  block_gripper=False  base=[-0.6, 0.0, 0.05]
  Scripts         : ['script_1', 'reach_only', 'left_right']
  Juntas ângulos  : [-0.00, -0.06, +0.00, -2.72, +0.00, +2.65, +0.79]
  Juntas veloc.   : [-0.00, -0.76, +0.00, -1.35, +0.00, +0.38, -0.00]
  Cubo rotação    : [+0.000, -0.000, +0.000]  (roll/pitch/yaw)
  Cubo vel.linear : [-0.000, +0.000, -0.000]
────────────────────────────────────────────
 Ep  1 | Step   8
────────────────────────────────────────────
  Task            : OBJECT_DELIVERY_SEQUENCE
  Action          : [-0.993, -0.001, -0.117, +1.000]
  EE posição      : [-0.234, +0.000, +0.133]
  EE velocidade   : [-0.472, -0.000, -0.110]
  Garra           : 0.080 m  (ABERTA)
  Cubo posição    : [-0.250, +0.000, +0.010]
  Target (target): [+0.150, +0.000, +0.020]
  Dist EE→Cubo    : 0.1246 m
  Dist Cubo→target: 0.4001 m
  Reward          : -0.4001
  Sucesso         : False
  Obstáculo caminho: nao  (count: 0)
  Objeto [object_1]: tipo=box  massa=1.0 kg  tamanho=[0.045, 0.03, 0.02]
  Target goal     : {'type': 'goal_sequence', 'targets': [{'name': 'target', 'position': [0.15000000596046448, 0.0, 0.019999999552965164]}], 'mode': 'goal_sequence'}
  Mesa            : 1.1x0.7x0.4 m  offset_x=-0.3
  Robô config     : control=ee  block_gripper=False  base=[-0.6, 0.0, 0.05]
  Scripts         : ['script_1', 'reach_only', 'left_right']
  Juntas ângulos  : [-0.00, -0.14, +0.00, -2.83, +0.00, +2.70, +0.79]
  Juntas veloc.   : [+0.00, -0.83, +0.00, -1.36, +0.00, +0.35, -0.00]
  Cubo rotação    : [+0.000, -0.000, +0.000]  (roll/pitch/yaw)
  Cubo vel.linear : [-0.000, +0.000, -0.000]
────────────────────────────────────────────
 Ep  1 | Step   9
────────────────────────────────────────────
  Task            : OBJECT_DELIVERY_SEQUENCE
  Action          : [-0.996, -0.001, +0.092, +1.000]
  EE posição      : [-0.272, -0.000, +0.129]
  EE velocidade   : [-0.406, -0.000, -0.003]
  Garra           : 0.080 m  (ABERTA)
  Cubo posição    : [-0.250, +0.000, +0.010]
  Target (target): [+0.150, +0.000, +0.020]
  Dist EE→Cubo    : 0.1214 m
  Dist Cubo→target: 0.4001 m
  Reward          : -0.4001
  Sucesso         : False
  Obstáculo caminho: nao  (count: 0)
  Objeto [object_1]: tipo=box  massa=1.0 kg  tamanho=[0.045, 0.03, 0.02]
  Target goal     : {'type': 'goal_sequence', 'targets': [{'name': 'target', 'position': [0.15000000596046448, 0.0, 0.019999999552965164]}], 'mode': 'goal_sequence'}
  Mesa            : 1.1x0.7x0.4 m  offset_x=-0.3
  Robô config     : control=ee  block_gripper=False  base=[-0.6, 0.0, 0.05]
  Scripts         : ['script_1', 'reach_only', 'left_right']
  Juntas ângulos  : [-0.00, -0.23, +0.00, -2.95, +0.00, +2.72, +0.79]
  Juntas veloc.   : [+0.00, -1.20, -0.00, -1.28, +0.00, +0.14, -0.00]
  Cubo rotação    : [+0.000, -0.000, +0.000]  (roll/pitch/yaw)
  Cubo vel.linear : [-0.000, +0.000, -0.000]
────────────────────────────────────────────
 Ep  1 | Step  10
────────────────────────────────────────────
  Task            : OBJECT_DELIVERY_SEQUENCE
  Action          : [+0.224, +0.000, -0.975, +1.000]
  EE posição      : [-0.260, -0.000, +0.116]
  EE velocidade   : [-0.362, +0.000, -0.985]
  Garra           : 0.080 m  (ABERTA)
  Cubo posição    : [-0.250, +0.000, +0.010]
  Target (target): [+0.150, +0.000, +0.020]
  Dist EE→Cubo    : 0.1068 m
  Dist Cubo→target: 0.4001 m
  Reward          : -0.4001
  Sucesso         : False
  Obstáculo caminho: nao  (count: 0)
  Objeto [object_1]: tipo=box  massa=1.0 kg  tamanho=[0.045, 0.03, 0.02]
  Target goal     : {'type': 'goal_sequence', 'targets': [{'name': 'target', 'position': [0.15000000596046448, 0.0, 0.019999999552965164]}], 'mode': 'goal_sequence'}
  Mesa            : 1.1x0.7x0.4 m  offset_x=-0.3
  Robô config     : control=ee  block_gripper=False  base=[-0.6, 0.0, 0.05]
  Scripts         : ['script_1', 'reach_only', 'left_right']
  Juntas ângulos  : [-0.00, -0.14, +0.00, -2.94, +0.00, +2.83, +0.79]
  Juntas veloc.   : [-0.00, +3.49, -0.00, +0.38, -0.00, +0.90, +0.00]
  Cubo rotação    : [+0.000, -0.000, +0.000]  (roll/pitch/yaw)
  Cubo vel.linear : [-0.000, +0.000, -0.000]
────────────────────────────────────────────
 Ep  1 | Step  11
────────────────────────────────────────────
  Task            : OBJECT_DELIVERY_SEQUENCE
  Action          : [+0.118, +0.000, -0.993, +1.000]
  EE posição      : [-0.264, -0.000, +0.078]
  EE velocidade   : [-0.278, +0.000, -0.625]
  Garra           : 0.080 m  (ABERTA)
  Cubo posição    : [-0.250, +0.000, +0.010]
  Target (target): [+0.150, +0.000, +0.020]
  Dist EE→Cubo    : 0.0697 m
  Dist Cubo→target: 0.4001 m
  Reward          : -0.4001
  Sucesso         : False
  Obstáculo caminho: nao  (count: 0)
  Objeto [object_1]: tipo=box  massa=1.0 kg  tamanho=[0.045, 0.03, 0.02]
  Target goal     : {'type': 'goal_sequence', 'targets': [{'name': 'target', 'position': [0.15000000596046448, 0.0, 0.019999999552965164]}], 'mode': 'goal_sequence'}
  Mesa            : 1.1x0.7x0.4 m  offset_x=-0.3
  Robô config     : control=ee  block_gripper=False  base=[-0.6, 0.0, 0.05]
  Scripts         : ['script_1', 'reach_only', 'left_right']
  Juntas ângulos  : [-0.00, +0.02, +0.00, -2.91, +0.00, +2.90, +0.79]
  Juntas veloc.   : [-0.00, +2.22, +0.00, +0.31, -0.00, +0.52, +0.00]
  Cubo rotação    : [+0.000, -0.000, +0.000]  (roll/pitch/yaw)
  Cubo vel.linear : [-0.000, +0.000, -0.000]
────────────────────────────────────────────
 Ep  1 | Step  12
────────────────────────────────────────────
  Task            : OBJECT_DELIVERY_SEQUENCE
  Action          : [+0.317, +0.000, -0.948, +1.000]
  EE posição      : [-0.257, -0.000, +0.048]
  EE velocidade   : [-0.191, +0.000, -0.605]
  Garra           : 0.080 m  (ABERTA)
  Cubo posição    : [-0.250, +0.000, +0.010]
  Target (target): [+0.150, +0.000, +0.020]
  Dist EE→Cubo    : 0.0382 m
  Dist Cubo→target: 0.4001 m
  Reward          : -0.4001
  Sucesso         : False
  Obstáculo caminho: nao  (count: 0)
  Objeto [object_1]: tipo=box  massa=1.0 kg  tamanho=[0.045, 0.03, 0.02]
  Target goal     : {'type': 'goal_sequence', 'targets': [{'name': 'target', 'position': [0.15000000596046448, 0.0, 0.019999999552965164]}], 'mode': 'goal_sequence'}
  Mesa            : 1.1x0.7x0.4 m  offset_x=-0.3
  Robô config     : control=ee  block_gripper=False  base=[-0.6, 0.0, 0.05]
  Scripts         : ['script_1', 'reach_only', 'left_right']
  Juntas ângulos  : [-0.00, +0.16, +0.00, -2.86, -0.00, +3.01, +0.79]
  Juntas veloc.   : [+0.00, +2.26, -0.00, +0.47, -0.00, +0.83, +0.00]
  Cubo rotação    : [+0.000, -0.000, +0.000]  (roll/pitch/yaw)
  Cubo vel.linear : [+0.000, +0.000, +0.000]
────────────────────────────────────────────
 Ep  1 | Step  13
────────────────────────────────────────────
  Task            : OBJECT_DELIVERY_SEQUENCE
  Action          : [+0.462, +0.002, -0.887, +1.000]
  EE posição      : [-0.244, +0.000, +0.016]
  EE velocidade   : [-0.083, +0.000, -0.603]
  Garra           : 0.080 m  (ABERTA)
  Cubo posição    : [-0.250, +0.000, +0.010]
  Target (target): [+0.150, +0.000, +0.020]
  Dist EE→Cubo    : 0.0085 m
  Dist Cubo→target: 0.4001 m
  Reward          : -0.4001
  Sucesso         : False
  Obstáculo caminho: nao  (count: 0)
  Objeto [object_1]: tipo=box  massa=1.0 kg  tamanho=[0.045, 0.03, 0.02]
  Target goal     : {'type': 'goal_sequence', 'targets': [{'name': 'target', 'position': [0.15000000596046448, 0.0, 0.019999999552965164]}], 'mode': 'goal_sequence'}
  Mesa            : 1.1x0.7x0.4 m  offset_x=-0.3
  Robô config     : control=ee  block_gripper=False  base=[-0.6, 0.0, 0.05]
  Scripts         : ['script_1', 'reach_only', 'left_right']
  Juntas ângulos  : [-0.00, +0.31, +0.00, -2.80, -0.00, +3.09, +0.79]
  Juntas veloc.   : [+0.00, +2.27, -0.00, +0.87, -0.00, +0.58, +0.00]
  Cubo rotação    : [+0.000, -0.000, +0.000]  (roll/pitch/yaw)
  Cubo vel.linear : [+0.000, +0.000, +0.000]
────────────────────────────────────────────
 Ep  1 | Step  14
────────────────────────────────────────────
  Task            : OBJECT_DELIVERY_SEQUENCE
  Action          : [+0.000, +0.000, +0.000, -1.000]
  EE posição      : [-0.248, +0.000, +0.011]
  EE velocidade   : [+0.233, -0.000, +0.277]
  Garra           : 0.029 m  (AGARRADA)
  Cubo posição    : [-0.248, +0.001, +0.013]
  Target (target): [+0.150, +0.000, +0.020]
  Dist EE→Cubo    : 0.0026 m
  Dist Cubo→target: 0.3976 m
  Reward          : -0.3976
  Sucesso         : False
  Obstáculo caminho: nao  (count: 0)
  Objeto [object_1]: tipo=box  massa=1.0 kg  tamanho=[0.045, 0.03, 0.02]
  Target goal     : {'type': 'goal_sequence', 'targets': [{'name': 'target', 'position': [0.15000000596046448, 0.0, 0.019999999552965164]}], 'mode': 'goal_sequence'}
  Mesa            : 1.1x0.7x0.4 m  offset_x=-0.3
  Robô config     : control=ee  block_gripper=False  base=[-0.6, 0.0, 0.05]
  Scripts         : ['script_1', 'reach_only', 'left_right']
  Juntas ângulos  : [-0.00, +0.32, +0.00, -2.80, -0.00, +3.11, +0.79]
  Juntas veloc.   : [+0.00, -0.80, -0.00, -0.10, -0.00, +0.16, -0.00]
  Cubo rotação    : [-0.001, -0.012, +0.004]  (roll/pitch/yaw)
  Cubo vel.linear : [+0.232, +0.040, +0.278]
────────────────────────────────────────────
 Ep  1 | Step  15
────────────────────────────────────────────
  Task            : RETRY_GRASP
  Action          : [+0.000, +0.000, +0.000, +1.000]
  EE posição      : [-0.248, +0.000, +0.012]
  EE velocidade   : [-0.010, -0.000, -0.007]
  Garra           : 0.074 m  (ABERTA)
  Cubo posição    : [-0.250, +0.000, +0.012]
  Target (target): [+0.150, +0.000, +0.020]
  Dist EE→Cubo    : 0.0022 m
  Dist Cubo→target: 0.4001 m
  Reward          : -0.4001
  Sucesso         : False
  Obstáculo caminho: nao  (count: 0)
  Objeto [object_1]: tipo=box  massa=1.0 kg  tamanho=[0.045, 0.03, 0.02]
  Target goal     : {'type': 'goal_sequence', 'targets': [{'name': 'target', 'position': [0.15000000596046448, 0.0, 0.019999999552965164]}], 'mode': 'goal_sequence'}
  Mesa            : 1.1x0.7x0.4 m  offset_x=-0.3
  Robô config     : control=ee  block_gripper=False  base=[-0.6, 0.0, 0.05]
  Scripts         : ['script_1', 'reach_only', 'left_right']
  Juntas ângulos  : [-0.00, +0.32, +0.00, -2.81, -0.00, +3.13, +0.79]
  Juntas veloc.   : [+0.00, +0.03, -0.00, -0.06, -0.00, +0.17, +0.00]
  Cubo rotação    : [+0.000, -0.000, +0.000]  (roll/pitch/yaw)
  Cubo vel.linear : [+0.000, +0.000, -0.392]
────────────────────────────────────────────
 Ep  1 | Step  16
────────────────────────────────────────────
  Task            : RETRY_GRASP
  Action          : [-0.015, -0.000, +1.000, +1.000]
  EE posição      : [-0.264, +0.000, +0.024]
  EE velocidade   : [+0.514, -0.000, +0.841]
  Garra           : 0.079 m  (ABERTA)
  Cubo posição    : [-0.250, -0.000, +0.010]
  Target (target): [+0.150, +0.000, +0.020]
  Dist EE→Cubo    : 0.0196 m
  Dist Cubo→target: 0.4001 m
  Reward          : -0.4001
  Sucesso         : False
  Obstáculo caminho: nao  (count: 0)
  Objeto [object_1]: tipo=box  massa=1.0 kg  tamanho=[0.045, 0.03, 0.02]
  Target goal     : {'type': 'goal_sequence', 'targets': [{'name': 'target', 'position': [0.15000000596046448, 0.0, 0.019999999552965164]}], 'mode': 'goal_sequence'}
  Mesa            : 1.1x0.7x0.4 m  offset_x=-0.3
  Robô config     : control=ee  block_gripper=False  base=[-0.6, 0.0, 0.05]
  Scripts         : ['script_1', 'reach_only', 'left_right']
  Juntas ângulos  : [-0.00, +0.24, +0.00, -2.84, -0.00, +3.03, +0.79]
  Juntas veloc.   : [-0.00, -2.86, +0.00, -0.34, +0.00, -0.76, -0.00]
  Cubo rotação    : [+0.000, +0.000, -0.000]  (roll/pitch/yaw)
  Cubo vel.linear : [+0.000, -0.000, +0.009]
────────────────────────────────────────────
 Ep  1 | Step  17
────────────────────────────────────────────
  Task            : RETRY_GRASP
  Action          : [+0.105, -0.000, +0.994, +1.000]
  EE posição      : [-0.256, +0.000, +0.058]
  EE velocidade   : [+0.095, -0.000, +0.351]
  Garra           : 0.080 m  (ABERTA)
  Cubo posição    : [-0.250, -0.000, +0.010]
  Target (target): [+0.150, +0.000, +0.020]
  Dist EE→Cubo    : 0.0483 m
  Dist Cubo→target: 0.4001 m
  Reward          : -0.4001
  Sucesso         : False
  Obstáculo caminho: nao  (count: 0)
  Objeto [object_1]: tipo=box  massa=1.0 kg  tamanho=[0.045, 0.03, 0.02]
  Target goal     : {'type': 'goal_sequence', 'targets': [{'name': 'target', 'position': [0.15000000596046448, 0.0, 0.019999999552965164]}], 'mode': 'goal_sequence'}
  Mesa            : 1.1x0.7x0.4 m  offset_x=-0.3
  Robô config     : control=ee  block_gripper=False  base=[-0.6, 0.0, 0.05]
  Scripts         : ['script_1', 'reach_only', 'left_right']
  Juntas ângulos  : [-0.00, +0.11, +0.00, -2.88, -0.00, +2.99, +0.79]
  Juntas veloc.   : [-0.00, -1.33, +0.00, -0.35, +0.00, -0.33, -0.00]
  Cubo rotação    : [+0.000, +0.000, +0.000]  (roll/pitch/yaw)
  Cubo vel.linear : [-0.000, -0.000, +0.002]
────────────────────────────────────────────
 Ep  1 | Step  18
────────────────────────────────────────────
  Task            : RETRY_GRASP
  Action          : [+0.058, -0.000, +0.998, +1.000]
  EE posição      : [-0.254, +0.000, +0.083]
  EE velocidade   : [+0.289, -0.000, +0.599]
  Garra           : 0.080 m  (ABERTA)
  Cubo posição    : [-0.250, -0.000, +0.010]
  Target (target): [+0.150, +0.000, +0.020]
  Dist EE→Cubo    : 0.0733 m
  Dist Cubo→target: 0.4001 m
  Reward          : -0.4001
  Sucesso         : False
  Obstáculo caminho: nao  (count: 0)
  Objeto [object_1]: tipo=box  massa=1.0 kg  tamanho=[0.045, 0.03, 0.02]
  Target goal     : {'type': 'goal_sequence', 'targets': [{'name': 'target', 'position': [0.15000000596046448, 0.0, 0.019999999552965164]}], 'mode': 'goal_sequence'}
  Mesa            : 1.1x0.7x0.4 m  offset_x=-0.3
  Robô config     : control=ee  block_gripper=False  base=[-0.6, 0.0, 0.05]
  Scripts         : ['script_1', 'reach_only', 'left_right']
  Juntas ângulos  : [-0.00, +0.01, +0.00, -2.88, -0.00, +2.87, +0.79]
  Juntas veloc.   : [-0.00, -1.97, +0.00, -0.03, +0.00, -0.87, -0.00]
  Cubo rotação    : [+0.000, -0.000, +0.000]  (roll/pitch/yaw)
  Cubo vel.linear : [-0.000, -0.000, +0.000]
────────────────────────────────────────────
 Ep  1 | Step  19
────────────────────────────────────────────
  Task            : RETRY_GRASP
  Action          : [+0.062, -0.000, +0.998, +1.000]
  EE posição      : [-0.249, +0.000, +0.114]
  EE velocidade   : [+0.145, +0.000, +0.425]
  Garra           : 0.080 m  (ABERTA)
  Cubo posição    : [-0.250, +0.000, +0.010]
  Target (target): [+0.150, +0.000, +0.020]
  Dist EE→Cubo    : 0.1036 m
  Dist Cubo→target: 0.4001 m
  Reward          : -0.4001
  Sucesso         : False
  Obstáculo caminho: nao  (count: 0)
  Objeto [object_1]: tipo=box  massa=1.0 kg  tamanho=[0.045, 0.03, 0.02]
  Target goal     : {'type': 'goal_sequence', 'targets': [{'name': 'target', 'position': [0.15000000596046448, 0.0, 0.019999999552965164]}], 'mode': 'goal_sequence'}
  Mesa            : 1.1x0.7x0.4 m  offset_x=-0.3
  Robô config     : control=ee  block_gripper=False  base=[-0.6, 0.0, 0.05]
  Scripts         : ['script_1', 'reach_only', 'left_right']
  Juntas ângulos  : [-0.00, -0.10, +0.00, -2.88, +0.00, +2.77, +0.79]
  Juntas veloc.   : [+0.00, -1.39, +0.00, +0.02, +0.00, -0.80, -0.00]
  Cubo rotação    : [+0.000, -0.000, +0.000]  (roll/pitch/yaw)
  Cubo vel.linear : [+0.000, +0.000, +0.000]
────────────────────────────────────────────
 Ep  1 | Step  20
────────────────────────────────────────────
  Task            : RETRY_GRASP
  Action          : [-0.019, -0.000, +1.000, +1.000]
  EE posição      : [-0.248, +0.000, +0.142]
  EE velocidade   : [+0.182, +0.000, +0.561]
  Garra           : 0.080 m  (ABERTA)
  Cubo posição    : [-0.250, +0.000, +0.010]
  Target (target): [+0.150, +0.000, +0.020]
  Dist EE→Cubo    : 0.1325 m
  Dist Cubo→target: 0.4001 m
  Reward          : -0.4001
  Sucesso         : False
  Obstáculo caminho: nao  (count: 0)
  Objeto [object_1]: tipo=box  massa=1.0 kg  tamanho=[0.045, 0.03, 0.02]
  Target goal     : {'type': 'goal_sequence', 'targets': [{'name': 'target', 'position': [0.15000000596046448, 0.0, 0.019999999552965164]}], 'mode': 'goal_sequence'}
  Mesa            : 1.1x0.7x0.4 m  offset_x=-0.3
  Robô config     : control=ee  block_gripper=False  base=[-0.6, 0.0, 0.05]
  Scripts         : ['script_1', 'reach_only', 'left_right']
  Juntas ângulos  : [-0.00, -0.20, +0.00, -2.87, +0.00, +2.65, +0.79]
  Juntas veloc.   : [+0.00, -1.73, -0.00, +0.09, +0.00, -0.90, -0.00]
  Cubo rotação    : [+0.000, -0.000, +0.000]  (roll/pitch/yaw)
  Cubo vel.linear : [-0.000, +0.000, +0.000]
────────────────────────────────────────────
 Ep  1 | Step  21
────────────────────────────────────────────
  Task            : RETRY_GRASP
  Action          : [-0.191, +0.000, +0.982, +1.000]
  EE posição      : [-0.251, +0.000, +0.173]
  EE velocidade   : [+0.083, +0.000, +0.502]
  Garra           : 0.080 m  (ABERTA)
  Cubo posição    : [-0.250, +0.000, +0.010]
  Target (target): [+0.150, +0.000, +0.020]
  Dist EE→Cubo    : 0.1626 m
  Dist Cubo→target: 0.4001 m
  Reward          : -0.4001
  Sucesso         : False
  Obstáculo caminho: nao  (count: 0)
  Objeto [object_1]: tipo=box  massa=1.0 kg  tamanho=[0.045, 0.03, 0.02]
  Target goal     : {'type': 'goal_sequence', 'targets': [{'name': 'target', 'position': [0.15000000596046448, 0.0, 0.019999999552965164]}], 'mode': 'goal_sequence'}
  Mesa            : 1.1x0.7x0.4 m  offset_x=-0.3
  Robô config     : control=ee  block_gripper=False  base=[-0.6, 0.0, 0.05]
  Scripts         : ['script_1', 'reach_only', 'left_right']
  Juntas ângulos  : [-0.00, -0.32, +0.00, -2.87, +0.00, +2.54, +0.79]
  Juntas veloc.   : [+0.00, -1.65, -0.00, -0.00, +0.00, -0.84, -0.00]
  Cubo rotação    : [+0.000, -0.000, +0.000]  (roll/pitch/yaw)
  Cubo vel.linear : [-0.000, +0.000, -0.000]
────────────────────────────────────────────
 Ep  1 | Step  22
────────────────────────────────────────────
  Task            : RETRY_GRASP
  Action          : [+0.006, -0.000, -1.000, +1.000]
  EE posição      : [-0.241, +0.000, +0.167]
  EE velocidade   : [-0.380, -0.000, -0.999]
  Garra           : 0.080 m  (ABERTA)
  Cubo posição    : [-0.250, +0.000, +0.010]
  Target (target): [+0.150, +0.000, +0.020]
  Dist EE→Cubo    : 0.1575 m
  Dist Cubo→target: 0.4001 m
  Reward          : -0.4001
  Sucesso         : False
  Obstáculo caminho: nao  (count: 0)
  Objeto [object_1]: tipo=box  massa=1.0 kg  tamanho=[0.045, 0.03, 0.02]
  Target goal     : {'type': 'goal_sequence', 'targets': [{'name': 'target', 'position': [0.15000000596046448, 0.0, 0.019999999552965164]}], 'mode': 'goal_sequence'}
  Mesa            : 1.1x0.7x0.4 m  offset_x=-0.3
  Robô config     : control=ee  block_gripper=False  base=[-0.6, 0.0, 0.05]
  Scripts         : ['script_1', 'reach_only', 'left_right']
  Juntas ângulos  : [-0.00, -0.29, +0.00, -2.90, +0.00, +2.68, +0.79]
  Juntas veloc.   : [-0.00, +2.83, +0.00, -0.25, -0.01, +1.04, +0.00]
  Cubo rotação    : [+0.000, -0.000, +0.000]  (roll/pitch/yaw)
  Cubo vel.linear : [-0.000, +0.000, -0.000]
────────────────────────────────────────────
 Ep  1 | Step  23
────────────────────────────────────────────
  Task            : RETRY_GRASP
  Action          : [-0.065, -0.000, -0.998, +1.000]
  EE posição      : [-0.252, +0.000, +0.127]
  EE velocidade   : [-0.274, +0.000, -0.615]
  Garra           : 0.080 m  (ABERTA)
  Cubo posição    : [-0.250, +0.000, +0.010]
  Target (target): [+0.150, +0.000, +0.020]
  Dist EE→Cubo    : 0.1170 m
  Dist Cubo→target: 0.4001 m
  Reward          : -0.4001
  Sucesso         : False
  Obstáculo caminho: nao  (count: 0)
  Objeto [object_1]: tipo=box  massa=1.0 kg  tamanho=[0.045, 0.03, 0.02]
  Target goal     : {'type': 'goal_sequence', 'targets': [{'name': 'target', 'position': [0.15000000596046448, 0.0, 0.019999999552965164]}], 'mode': 'goal_sequence'}
  Mesa            : 1.1x0.7x0.4 m  offset_x=-0.3
  Robô config     : control=ee  block_gripper=False  base=[-0.6, 0.0, 0.05]
  Scripts         : ['script_1', 'reach_only', 'left_right']
  Juntas ângulos  : [-0.00, -0.15, +0.00, -2.89, +0.00, +2.72, +0.79]
  Juntas veloc.   : [-0.00, +1.94, +0.00, +0.10, -0.00, +0.34, +0.00]
  Cubo rotação    : [+0.000, -0.000, +0.000]  (roll/pitch/yaw)
  Cubo vel.linear : [-0.000, +0.000, -0.000]
────────────────────────────────────────────
 Ep  1 | Step  24
────────────────────────────────────────────
  Task            : RETRY_GRASP
  Action          : [+0.021, -0.000, -1.000, +1.000]
  EE posição      : [-0.256, +0.000, +0.094]
  EE velocidade   : [-0.291, +0.000, -0.604]
  Garra           : 0.080 m  (ABERTA)
  Cubo posição    : [-0.250, +0.000, +0.010]
  Target (target): [+0.150, +0.000, +0.020]
  Dist EE→Cubo    : 0.0842 m
  Dist Cubo→target: 0.4001 m
  Reward          : -0.4001
  Sucesso         : False
  Obstáculo caminho: nao  (count: 0)
  Objeto [object_1]: tipo=box  massa=1.0 kg  tamanho=[0.045, 0.03, 0.02]
  Target goal     : {'type': 'goal_sequence', 'targets': [{'name': 'target', 'position': [0.15000000596046448, 0.0, 0.019999999552965164]}], 'mode': 'goal_sequence'}
  Mesa            : 1.1x0.7x0.4 m  offset_x=-0.3
  Robô config     : control=ee  block_gripper=False  base=[-0.6, 0.0, 0.05]
  Scripts         : ['script_1', 'reach_only', 'left_right']
  Juntas ângulos  : [-0.00, -0.03, +0.00, -2.89, +0.00, +2.85, +0.79]
  Juntas veloc.   : [+0.00, +1.96, +0.00, -0.05, -0.00, +0.97, +0.00]
  Cubo rotação    : [+0.000, -0.000, +0.000]  (roll/pitch/yaw)
  Cubo vel.linear : [-0.000, +0.000, -0.000]
────────────────────────────────────────────
 Ep  1 | Step  25
────────────────────────────────────────────
  Task            : RETRY_GRASP
  Action          : [+0.098, +0.000, -0.995, +1.000]
  EE posição      : [-0.256, -0.000, +0.061]
  EE velocidade   : [-0.331, +0.000, -0.675]
  Garra           : 0.080 m  (ABERTA)
  Cubo posição    : [-0.250, +0.000, +0.010]
  Target (target): [+0.150, +0.000, +0.020]
  Dist EE→Cubo    : 0.0518 m
  Dist Cubo→target: 0.4001 m
  Reward          : -0.4001
  Sucesso         : False
  Obstáculo caminho: nao  (count: 0)
  Objeto [object_1]: tipo=box  massa=1.0 kg  tamanho=[0.045, 0.03, 0.02]
  Target goal     : {'type': 'goal_sequence', 'targets': [{'name': 'target', 'position': [0.15000000596046448, 0.0, 0.019999999552965164]}], 'mode': 'goal_sequence'}
  Mesa            : 1.1x0.7x0.4 m  offset_x=-0.3
  Robô config     : control=ee  block_gripper=False  base=[-0.6, 0.0, 0.05]
  Scripts         : ['script_1', 'reach_only', 'left_right']
  Juntas ângulos  : [-0.00, +0.10, +0.00, -2.88, -0.00, +2.97, +0.79]
  Juntas veloc.   : [-0.00, +2.31, -0.00, +0.18, -0.00, +0.90, +0.00]
  Cubo rotação    : [+0.000, -0.000, +0.000]  (roll/pitch/yaw)
  Cubo vel.linear : [+0.000, +0.000, +0.000]
────────────────────────────────────────────
 Ep  1 | Step  26
────────────────────────────────────────────
  Task            : RETRY_GRASP
  Action          : [+0.239, +0.000, -0.971, +1.000]
  EE posição      : [-0.253, -0.000, +0.027]
  EE velocidade   : [-0.272, +0.000, -0.682]
  Garra           : 0.080 m  (ABERTA)
  Cubo posição    : [-0.250, +0.000, +0.010]
  Target (target): [+0.150, +0.000, +0.020]
  Dist EE→Cubo    : 0.0177 m
  Dist Cubo→target: 0.4001 m
  Reward          : -0.4001
  Sucesso         : False
  Obstáculo caminho: nao  (count: 0)
  Objeto [object_1]: tipo=box  massa=1.0 kg  tamanho=[0.045, 0.03, 0.02]
  Target goal     : {'type': 'goal_sequence', 'targets': [{'name': 'target', 'position': [0.15000000596046448, 0.0, 0.019999999552965164]}], 'mode': 'goal_sequence'}
  Mesa            : 1.1x0.7x0.4 m  offset_x=-0.3
  Robô config     : control=ee  block_gripper=False  base=[-0.6, 0.0, 0.05]
  Scripts         : ['script_1', 'reach_only', 'left_right']
  Juntas ângulos  : [-0.00, +0.25, +0.00, -2.83, -0.00, +3.07, +0.79]
  Juntas veloc.   : [+0.00, +2.43, -0.00, +0.52, -0.00, +0.77, +0.00]
  Cubo rotação    : [+0.000, -0.000, +0.000]  (roll/pitch/yaw)
  Cubo vel.linear : [+0.000, +0.000, +0.000]
────────────────────────────────────────────
 Ep  1 | Step  27
────────────────────────────────────────────
  Task            : RETRY_GRASP
  Action          : [+0.322, +0.001, +0.947, +1.000]
  EE posição      : [-0.278, +0.000, +0.012]
  EE velocidade   : [+0.046, +0.000, +0.153]
  Garra           : 0.080 m  (ABERTA)
  Cubo posição    : [-0.250, +0.000, +0.010]
  Target (target): [+0.150, +0.000, +0.020]
  Dist EE→Cubo    : 0.0276 m
  Dist Cubo→target: 0.4001 m
  Reward          : -0.4001
  Sucesso         : False
  Obstáculo caminho: nao  (count: 0)
  Objeto [object_1]: tipo=box  massa=1.0 kg  tamanho=[0.045, 0.03, 0.02]
  Target goal     : {'type': 'goal_sequence', 'targets': [{'name': 'target', 'position': [0.15000000596046448, 0.0, 0.019999999552965164]}], 'mode': 'goal_sequence'}
  Mesa            : 1.1x0.7x0.4 m  offset_x=-0.3
  Robô config     : control=ee  block_gripper=False  base=[-0.6, 0.0, 0.05]
  Scripts         : ['script_1', 'reach_only', 'left_right']
  Juntas ângulos  : [-0.00, +0.27, +0.00, -2.82, -0.00, +2.96, +0.79]
  Juntas veloc.   : [+0.00, -0.59, +0.00, +0.06, +0.00, -0.79, +0.00]
  Cubo rotação    : [+0.000, -0.000, +0.000]  (roll/pitch/yaw)
  Cubo vel.linear : [+0.000, +0.000, +0.000]
────────────────────────────────────────────
 Ep  1 | Step  28
────────────────────────────────────────────
  Task            : RETRY_GRASP
  Action          : [+0.000, +0.000, +0.000, -1.000]
  EE posição      : [-0.273, -0.000, +0.019]
  EE velocidade   : [-0.071, +0.002, +0.035]
  Garra           : 0.029 m  (AGARRADA)
  Cubo posição    : [-0.252, +0.000, +0.012]
  Target (target): [+0.150, +0.000, +0.020]
  Dist EE→Cubo    : 0.0217 m
  Dist Cubo→target: 0.4026 m
  Reward          : -0.4026
  Sucesso         : False
  Obstáculo caminho: nao  (count: 0)
  Objeto [object_1]: tipo=box  massa=1.0 kg  tamanho=[0.045, 0.03, 0.02]
  Target goal     : {'type': 'goal_sequence', 'targets': [{'name': 'target', 'position': [0.15000000596046448, 0.0, 0.019999999552965164]}], 'mode': 'goal_sequence'}
  Mesa            : 1.1x0.7x0.4 m  offset_x=-0.3
  Robô config     : control=ee  block_gripper=False  base=[-0.6, 0.0, 0.05]
  Scripts         : ['script_1', 'reach_only', 'left_right']
  Juntas ângulos  : [-0.00, +0.26, +0.00, -2.88, +0.00, +3.13, +0.79]
  Juntas veloc.   : [+0.00, -0.09, -0.00, -0.63, -0.02, +1.29, +0.00]
  Cubo rotação    : [-0.000, -0.026, +0.003]  (roll/pitch/yaw)
  Cubo vel.linear : [-0.066, +0.002, +0.051]
────────────────────────────────────────────
 Ep  1 | Step  29
────────────────────────────────────────────
  Task            : OBJECT_DELIVERY_SEQUENCE
  Action          : [+0.000, +0.000, +1.000, -1.000]
  EE posição      : [-0.291, -0.000, +0.031]
  EE velocidade   : [+0.295, +0.000, +0.700]
  Garra           : 0.028 m  (AGARRADA)
  Cubo posição    : [-0.269, -0.000, +0.024]
  Target (target): [+0.150, +0.000, +0.020]
  Dist EE→Cubo    : 0.0228 m
  Dist Cubo→target: 0.4189 m
  Reward          : -0.4189
  Sucesso         : False
  Obstáculo caminho: nao  (count: 0)
  Objeto [object_1]: tipo=box  massa=1.0 kg  tamanho=[0.045, 0.03, 0.02]
  Target goal     : {'type': 'goal_sequence', 'targets': [{'name': 'target', 'position': [0.15000000596046448, 0.0, 0.019999999552965164]}], 'mode': 'goal_sequence'}
  Mesa            : 1.1x0.7x0.4 m  offset_x=-0.3
  Robô config     : control=ee  block_gripper=False  base=[-0.6, 0.0, 0.05]
  Scripts         : ['script_1', 'reach_only', 'left_right']
  Juntas ângulos  : [+0.00, +0.18, -0.00, -2.93, +0.00, +3.05, +0.79]
  Juntas veloc.   : [+0.00, -2.80, -0.00, -0.69, -0.00, -0.64, -0.00]
  Cubo rotação    : [-0.002, +0.007, +0.003]  (roll/pitch/yaw)
  Cubo vel.linear : [+0.307, -0.002, +0.732]
────────────────────────────────────────────
 Ep  1 | Step  30
────────────────────────────────────────────
  Task            : OBJECT_DELIVERY_SEQUENCE
  Action          : [+0.000, +0.000, +1.000, -1.000]
  EE posição      : [-0.288, -0.000, +0.061]
  EE velocidade   : [+0.068, +0.000, +0.324]
  Garra           : 0.028 m  (AGARRADA)
  Cubo posição    : [-0.266, -0.000, +0.055]
  Target (target): [+0.150, +0.000, +0.020]
  Dist EE→Cubo    : 0.0226 m
  Dist Cubo→target: 0.4172 m
  Reward          : -0.4172
  Sucesso         : False
  Obstáculo caminho: nao  (count: 0)
  Objeto [object_1]: tipo=box  massa=1.0 kg  tamanho=[0.045, 0.03, 0.02]
  Target goal     : {'type': 'goal_sequence', 'targets': [{'name': 'target', 'position': [0.15000000596046448, 0.0, 0.019999999552965164]}], 'mode': 'goal_sequence'}
  Mesa            : 1.1x0.7x0.4 m  offset_x=-0.3
  Robô config     : control=ee  block_gripper=False  base=[-0.6, 0.0, 0.05]
  Scripts         : ['script_1', 'reach_only', 'left_right']
  Juntas ângulos  : [+0.00, +0.05, -0.00, -2.97, +0.00, +3.01, +0.79]
  Juntas veloc.   : [+0.00, -1.42, +0.00, -0.45, -0.00, -0.28, -0.00]
  Cubo rotação    : [-0.002, -0.048, +0.003]  (roll/pitch/yaw)
  Cubo vel.linear : [+0.072, -0.000, +0.340]
────────────────────────────────────────────
 Ep  1 | Step  31
────────────────────────────────────────────
  Task            : OBJECT_DELIVERY_SEQUENCE
  Action          : [+0.000, +0.000, +1.000, -1.000]
  EE posição      : [-0.288, -0.000, +0.084]
  EE velocidade   : [+0.248, -0.000, +0.481]
  Garra           : 0.027 m  (AGARRADA)
  Cubo posição    : [-0.265, +0.000, +0.077]
  Target (target): [+0.150, +0.000, +0.020]
  Dist EE→Cubo    : 0.0237 m
  Dist Cubo→target: 0.4186 m
  Reward          : -0.4186
  Sucesso         : False
  Obstáculo caminho: nao  (count: 0)
  Objeto [object_1]: tipo=box  massa=1.0 kg  tamanho=[0.045, 0.03, 0.02]
  Target goal     : {'type': 'goal_sequence', 'targets': [{'name': 'target', 'position': [0.15000000596046448, 0.0, 0.019999999552965164]}], 'mode': 'goal_sequence'}
  Mesa            : 1.1x0.7x0.4 m  offset_x=-0.3
  Robô config     : control=ee  block_gripper=False  base=[-0.6, 0.0, 0.05]
  Scripts         : ['script_1', 'reach_only', 'left_right']
  Juntas ângulos  : [+0.00, -0.06, -0.00, -2.98, +0.00, +2.91, +0.79]
  Juntas veloc.   : [-0.00, -1.80, -0.00, -0.05, -0.00, -0.81, -0.00]
  Cubo rotação    : [+0.004, -0.003, -0.005]  (roll/pitch/yaw)
  Cubo vel.linear : [+0.266, +0.005, +0.569]
────────────────────────────────────────────
 Ep  1 | Step  32
────────────────────────────────────────────
  Task            : OBJECT_DELIVERY_SEQUENCE
  Action          : [+0.000, +0.000, +1.000, -1.000]
  EE posição      : [-0.284, +0.000, +0.110]
  EE velocidade   : [+0.138, -0.000, +0.377]
  Garra           : 0.027 m  (AGARRADA)
  Cubo posição    : [-0.260, +0.000, +0.103]
  Target (target): [+0.150, +0.000, +0.020]
  Dist EE→Cubo    : 0.0242 m
  Dist Cubo→target: 0.4188 m
  Reward          : -0.4188
  Sucesso         : False
  Obstáculo caminho: nao  (count: 0)
  Objeto [object_1]: tipo=box  massa=1.0 kg  tamanho=[0.045, 0.03, 0.02]
  Target goal     : {'type': 'goal_sequence', 'targets': [{'name': 'target', 'position': [0.15000000596046448, 0.0, 0.019999999552965164]}], 'mode': 'goal_sequence'}
  Mesa            : 1.1x0.7x0.4 m  offset_x=-0.3
  Robô config     : control=ee  block_gripper=False  base=[-0.6, 0.0, 0.05]
  Scripts         : ['script_1', 'reach_only', 'left_right']
  Juntas ângulos  : [+0.00, -0.18, +0.00, -2.98, +0.00, +2.80, +0.79]
  Juntas veloc.   : [-0.00, -1.43, -0.00, -0.02, -0.00, -0.80, +0.00]
  Cubo rotação    : [-0.009, +0.009, +0.005]  (roll/pitch/yaw)
  Cubo vel.linear : [+0.154, -0.002, +0.436]
────────────────────────────────────────────
 Ep  1 | Step  33
────────────────────────────────────────────
  Task            : OBJECT_DELIVERY_SEQUENCE
  Action          : [+0.000, +0.000, +1.000, -1.000]
  EE posição      : [-0.280, +0.000, +0.136]
  EE velocidade   : [+0.176, +0.000, +0.460]
  Garra           : 0.027 m  (AGARRADA)
  Cubo posição    : [-0.255, +0.000, +0.130]
  Target (target): [+0.150, +0.000, +0.020]
  Dist EE→Cubo    : 0.0249 m
  Dist Cubo→target: 0.4200 m
  Reward          : -0.4200
  Sucesso         : False
  Obstáculo caminho: nao  (count: 0)
  Objeto [object_1]: tipo=box  massa=1.0 kg  tamanho=[0.045, 0.03, 0.02]
  Target goal     : {'type': 'goal_sequence', 'targets': [{'name': 'target', 'position': [0.15000000596046448, 0.0, 0.019999999552965164]}], 'mode': 'goal_sequence'}
  Mesa            : 1.1x0.7x0.4 m  offset_x=-0.3
  Robô config     : control=ee  block_gripper=False  base=[-0.6, 0.0, 0.05]
  Scripts         : ['script_1', 'reach_only', 'left_right']
  Juntas ângulos  : [+0.00, -0.28, +0.00, -2.97, -0.00, +2.68, +0.79]
  Juntas veloc.   : [-0.00, -1.55, -0.00, +0.12, +0.00, -0.91, +0.00]
  Cubo rotação    : [+0.001, -0.010, +0.001]  (roll/pitch/yaw)
  Cubo vel.linear : [+0.185, +0.003, +0.511]
────────────────────────────────────────────
 Ep  1 | Step  34
────────────────────────────────────────────
  Task            : OBJECT_DELIVERY_SEQUENCE
  Action          : [+0.000, +0.000, +1.000, -1.000]
  EE posição      : [-0.274, -0.000, +0.165]
  EE velocidade   : [+0.123, +0.000, +0.415]
  Garra           : 0.027 m  (AGARRADA)
  Cubo posição    : [-0.251, +0.000, +0.157]
  Target (target): [+0.150, +0.000, +0.020]
  Dist EE→Cubo    : 0.0252 m
  Dist Cubo→target: 0.4233 m
  Reward          : -0.4233
  Sucesso         : False
  Obstáculo caminho: nao  (count: 0)
  Objeto [object_1]: tipo=box  massa=1.0 kg  tamanho=[0.045, 0.03, 0.02]
  Target goal     : {'type': 'goal_sequence', 'targets': [{'name': 'target', 'position': [0.15000000596046448, 0.0, 0.019999999552965164]}], 'mode': 'goal_sequence'}
  Mesa            : 1.1x0.7x0.4 m  offset_x=-0.3
  Robô config     : control=ee  block_gripper=False  base=[-0.6, 0.0, 0.05]
  Scripts         : ['script_1', 'reach_only', 'left_right']
  Juntas ângulos  : [+0.00, -0.37, -0.00, -2.94, -0.00, +2.56, +0.79]
  Juntas veloc.   : [+0.00, -1.29, -0.00, +0.20, +0.01, -0.91, -0.00]
  Cubo rotação    : [+0.000, +0.085, +0.005]  (roll/pitch/yaw)
  Cubo vel.linear : [+0.131, +0.001, +0.447]
────────────────────────────────────────────
 Ep  1 | Step  35
────────────────────────────────────────────
  Task            : OBJECT_DELIVERY_SEQUENCE
  Action          : [+0.000, +0.000, -1.000, -1.000]
  EE posição      : [-0.268, +0.000, +0.156]
  EE velocidade   : [-0.424, -0.000, -0.932]
  Garra           : 0.026 m  (AGARRADA)
  Cubo posição    : [-0.246, +0.000, +0.147]
  Target (target): [+0.150, +0.000, +0.020]
  Dist EE→Cubo    : 0.0239 m
  Dist Cubo→target: 0.4159 m
  Reward          : -0.4159
  Sucesso         : False
  Obstáculo caminho: nao  (count: 0)
  Objeto [object_1]: tipo=box  massa=1.0 kg  tamanho=[0.045, 0.03, 0.02]
  Target goal     : {'type': 'goal_sequence', 'targets': [{'name': 'target', 'position': [0.15000000596046448, 0.0, 0.019999999552965164]}], 'mode': 'goal_sequence'}
  Mesa            : 1.1x0.7x0.4 m  offset_x=-0.3
  Robô config     : control=ee  block_gripper=False  base=[-0.6, 0.0, 0.05]
  Scripts         : ['script_1', 'reach_only', 'left_right']
  Juntas ângulos  : [+0.00, -0.33, -0.00, -2.97, +0.00, +2.70, +0.79]
  Juntas veloc.   : [+0.00, +2.83, -0.00, -0.27, -0.02, +1.03, +0.00]
  Cubo rotação    : [-0.003, -0.003, -0.001]  (roll/pitch/yaw)
  Cubo vel.linear : [-0.439, +0.002, -0.978]
────────────────────────────────────────────
 Ep  1 | Step  36
────────────────────────────────────────────
  Task            : OBJECT_DELIVERY_SEQUENCE
  Action          : [+1.000, -0.000, +0.000, -1.000]
  EE posição      : [-0.272, -0.000, +0.125]
  EE velocidade   : [+0.639, +0.001, -0.324]
  Garra           : 0.028 m  (AGARRADA)
  Cubo posição    : [-0.250, +0.000, +0.112]
  Target (target): [+0.150, +0.000, +0.020]
  Dist EE→Cubo    : 0.0256 m
  Dist Cubo→target: 0.4102 m
  Reward          : -0.4102
  Sucesso         : False
  Obstáculo caminho: nao  (count: 0)
  Objeto [object_1]: tipo=box  massa=1.0 kg  tamanho=[0.045, 0.03, 0.02]
  Target goal     : {'type': 'goal_sequence', 'targets': [{'name': 'target', 'position': [0.15000000596046448, 0.0, 0.019999999552965164]}], 'mode': 'goal_sequence'}
  Mesa            : 1.1x0.7x0.4 m  offset_x=-0.3
  Robô config     : control=ee  block_gripper=False  base=[-0.6, 0.0, 0.05]
  Scripts         : ['script_1', 'reach_only', 'left_right']
  Juntas ângulos  : [-0.00, -0.17, +0.00, -2.88, -0.00, +2.62, +0.79]
  Juntas veloc.   : [-0.00, +3.42, +0.00, +2.79, +0.01, -0.63, -0.00]
  Cubo rotação    : [+0.001, +0.226, +0.008]  (roll/pitch/yaw)
  Cubo vel.linear : [+0.623, +0.003, -0.345]
────────────────────────────────────────────
 Ep  1 | Step  37
────────────────────────────────────────────
  Task            : OBJECT_DELIVERY_SEQUENCE
  Action          : [+0.997, +0.000, +0.075, -1.000]
  EE posição      : [-0.237, -0.000, +0.125]
  EE velocidade   : [+0.468, +0.000, +0.300]
  Garra           : 0.028 m  (AGARRADA)
  Cubo posição    : [-0.215, +0.001, +0.113]
  Target (target): [+0.150, +0.000, +0.020]
  Dist EE→Cubo    : 0.0248 m
  Dist Cubo→target: 0.3770 m
  Reward          : -0.3770
  Sucesso         : False
  Obstáculo caminho: nao  (count: 0)
  Objeto [object_1]: tipo=box  massa=1.0 kg  tamanho=[0.045, 0.03, 0.02]
  Target goal     : {'type': 'goal_sequence', 'targets': [{'name': 'target', 'position': [0.15000000596046448, 0.0, 0.019999999552965164]}], 'mode': 'goal_sequence'}
  Mesa            : 1.1x0.7x0.4 m  offset_x=-0.3
  Robô config     : control=ee  block_gripper=False  base=[-0.6, 0.0, 0.05]
  Scripts         : ['script_1', 'reach_only', 'left_right']
  Juntas ângulos  : [+0.00, -0.10, -0.00, -2.82, -0.00, +2.68, +0.79]
  Juntas veloc.   : [+0.00, -0.20, -0.00, +0.60, +0.00, +0.51, -0.00]
  Cubo rotação    : [+0.004, +0.263, -0.016]  (roll/pitch/yaw)
  Cubo vel.linear : [+0.484, +0.005, +0.327]
────────────────────────────────────────────
 Ep  1 | Step  38
────────────────────────────────────────────
  Task            : OBJECT_DELIVERY_SEQUENCE
  Action          : [+0.997, +0.000, +0.081, -1.000]
  EE posição      : [-0.203, -0.000, +0.130]
  EE velocidade   : [+0.540, -0.001, +0.123]
  Garra           : 0.028 m  (AGARRADA)
  Cubo posição    : [-0.180, +0.001, +0.118]
  Target (target): [+0.150, +0.000, +0.020]
  Dist EE→Cubo    : 0.0251 m
  Dist Cubo→target: 0.3446 m
  Reward          : -0.3446
  Sucesso         : False
  Obstáculo caminho: nao  (count: 0)
  Objeto [object_1]: tipo=box  massa=1.0 kg  tamanho=[0.045, 0.03, 0.02]
  Target goal     : {'type': 'goal_sequence', 'targets': [{'name': 'target', 'position': [0.15000000596046448, 0.0, 0.019999999552965164]}], 'mode': 'goal_sequence'}
  Mesa            : 1.1x0.7x0.4 m  offset_x=-0.3
  Robô config     : control=ee  block_gripper=False  base=[-0.6, 0.0, 0.05]
  Scripts         : ['script_1', 'reach_only', 'left_right']
  Juntas ângulos  : [+0.00, -0.04, -0.00, -2.73, -0.00, +2.68, +0.79]
  Juntas veloc.   : [+0.00, +0.80, -0.00, +1.36, +0.00, -0.03, -0.00]
  Cubo rotação    : [+0.007, +0.232, -0.016]  (roll/pitch/yaw)
  Cubo vel.linear : [+0.551, +0.005, +0.145]
────────────────────────────────────────────
 Ep  1 | Step  39
────────────────────────────────────────────
  Task            : OBJECT_DELIVERY_SEQUENCE
  Action          : [+0.997, +0.000, +0.076, -1.000]
  EE posição      : [-0.169, -0.000, +0.130]
  EE velocidade   : [+0.506, -0.001, +0.146]
  Garra           : 0.028 m  (AGARRADA)
  Cubo posição    : [-0.147, +0.001, +0.118]
  Target (target): [+0.150, +0.000, +0.020]
  Dist EE→Cubo    : 0.0250 m
  Dist Cubo→target: 0.3128 m
  Reward          : -0.3128
  Sucesso         : False
  Obstáculo caminho: nao  (count: 0)
  Objeto [object_1]: tipo=box  massa=1.0 kg  tamanho=[0.045, 0.03, 0.02]
  Target goal     : {'type': 'goal_sequence', 'targets': [{'name': 'target', 'position': [0.15000000596046448, 0.0, 0.019999999552965164]}], 'mode': 'goal_sequence'}
  Mesa            : 1.1x0.7x0.4 m  offset_x=-0.3
  Robô config     : control=ee  block_gripper=False  base=[-0.6, 0.0, 0.05]
  Scripts         : ['script_1', 'reach_only', 'left_right']
  Juntas ângulos  : [+0.00, +0.04, -0.00, -2.62, +0.00, +2.65, +0.79]
  Juntas veloc.   : [+0.00, +0.66, -0.00, +1.34, +0.00, -0.25, -0.00]
  Cubo rotação    : [+0.009, +0.229, -0.016]  (roll/pitch/yaw)
  Cubo vel.linear : [+0.511, +0.004, +0.155]
────────────────────────────────────────────
 Ep  1 | Step  40
────────────────────────────────────────────
  Task            : OBJECT_DELIVERY_SEQUENCE
  Action          : [+0.997, +0.000, +0.082, -1.000]
  EE posição      : [-0.136, -0.000, +0.130]
  EE velocidade   : [+0.488, -0.001, +0.119]
  Garra           : 0.028 m  (AGARRADA)
  Cubo posição    : [-0.113, +0.001, +0.119]
  Target (target): [+0.150, +0.000, +0.020]
  Dist EE→Cubo    : 0.0250 m
  Dist Cubo→target: 0.2814 m
  Reward          : -0.2814
  Sucesso         : False
  Obstáculo caminho: nao  (count: 0)
  Objeto [object_1]: tipo=box  massa=1.0 kg  tamanho=[0.045, 0.03, 0.02]
  Target goal     : {'type': 'goal_sequence', 'targets': [{'name': 'target', 'position': [0.15000000596046448, 0.0, 0.019999999552965164]}], 'mode': 'goal_sequence'}
  Mesa            : 1.1x0.7x0.4 m  offset_x=-0.3
  Robô config     : control=ee  block_gripper=False  base=[-0.6, 0.0, 0.05]
  Scripts         : ['script_1', 'reach_only', 'left_right']
  Juntas ângulos  : [+0.00, +0.12, -0.00, -2.51, +0.00, +2.62, +0.79]
  Juntas veloc.   : [+0.00, +0.70, -0.00, +1.35, +0.00, -0.25, -0.00]
  Cubo rotação    : [+0.011, +0.225, -0.017]  (roll/pitch/yaw)
  Cubo vel.linear : [+0.492, +0.004, +0.127]
────────────────────────────────────────────
 Ep  1 | Step  41
────────────────────────────────────────────
  Task            : OBJECT_DELIVERY_SEQUENCE
  Action          : [+0.996, +0.000, +0.091, -1.000]
  EE posição      : [-0.103, -0.000, +0.130]
  EE velocidade   : [+0.463, -0.000, +0.085]
  Garra           : 0.028 m  (AGARRADA)
  Cubo posição    : [-0.081, +0.001, +0.118]
  Target (target): [+0.150, +0.000, +0.020]
  Dist EE→Cubo    : 0.0250 m
  Dist Cubo→target: 0.2506 m
  Reward          : -0.2506
  Sucesso         : False
  Obstáculo caminho: nao  (count: 0)
  Objeto [object_1]: tipo=box  massa=1.0 kg  tamanho=[0.045, 0.03, 0.02]
  Target goal     : {'type': 'goal_sequence', 'targets': [{'name': 'target', 'position': [0.15000000596046448, 0.0, 0.019999999552965164]}], 'mode': 'goal_sequence'}
  Mesa            : 1.1x0.7x0.4 m  offset_x=-0.3
  Robô config     : control=ee  block_gripper=False  base=[-0.6, 0.0, 0.05]
  Scripts         : ['script_1', 'reach_only', 'left_right']
  Juntas ângulos  : [+0.00, +0.19, -0.00, -2.40, +0.00, +2.58, +0.79]
  Juntas veloc.   : [+0.00, +0.75, -0.00, +1.36, +0.00, -0.28, -0.00]
  Cubo rotação    : [+0.011, +0.223, -0.016]  (roll/pitch/yaw)
  Cubo vel.linear : [+0.467, +0.004, +0.091]
────────────────────────────────────────────
 Ep  1 | Step  42
────────────────────────────────────────────
  Task            : OBJECT_DELIVERY_SEQUENCE
  Action          : [+0.994, +0.000, +0.105, -1.000]
  EE posição      : [-0.070, -0.000, +0.129]
  EE velocidade   : [+0.450, -0.000, +0.087]
  Garra           : 0.028 m  (AGARRADA)
  Cubo posição    : [-0.048, +0.001, +0.117]
  Target (target): [+0.150, +0.000, +0.020]
  Dist EE→Cubo    : 0.0250 m
  Dist Cubo→target: 0.2210 m
  Reward          : -0.2210
  Sucesso         : False
  Obstáculo caminho: nao  (count: 0)
  Objeto [object_1]: tipo=box  massa=1.0 kg  tamanho=[0.045, 0.03, 0.02]
  Target goal     : {'type': 'goal_sequence', 'targets': [{'name': 'target', 'position': [0.15000000596046448, 0.0, 0.019999999552965164]}], 'mode': 'goal_sequence'}
  Mesa            : 1.1x0.7x0.4 m  offset_x=-0.3
  Robô config     : control=ee  block_gripper=False  base=[-0.6, 0.0, 0.05]
  Scripts         : ['script_1', 'reach_only', 'left_right']
  Juntas ângulos  : [+0.00, +0.27, -0.00, -2.28, +0.00, +2.54, +0.79]
  Juntas veloc.   : [+0.00, +0.73, -0.00, +1.36, +0.00, -0.30, -0.00]
  Cubo rotação    : [+0.011, +0.222, -0.016]  (roll/pitch/yaw)
  Cubo vel.linear : [+0.454, +0.004, +0.093]
────────────────────────────────────────────
 Ep  1 | Step  43
────────────────────────────────────────────
  Task            : OBJECT_DELIVERY_SEQUENCE
  Action          : [+0.992, +0.000, +0.123, -1.000]
  EE posição      : [-0.039, -0.000, +0.128]
  EE velocidade   : [+0.418, -0.000, +0.063]
  Garra           : 0.028 m  (AGARRADA)
  Cubo posição    : [-0.017, +0.002, +0.116]
  Target (target): [+0.150, +0.000, +0.020]
  Dist EE→Cubo    : 0.0249 m
  Dist Cubo→target: 0.1928 m
  Reward          : -0.1928
  Sucesso         : False
  Obstáculo caminho: nao  (count: 0)
  Objeto [object_1]: tipo=box  massa=1.0 kg  tamanho=[0.045, 0.03, 0.02]
  Target goal     : {'type': 'goal_sequence', 'targets': [{'name': 'target', 'position': [0.15000000596046448, 0.0, 0.019999999552965164]}], 'mode': 'goal_sequence'}
  Mesa            : 1.1x0.7x0.4 m  offset_x=-0.3
  Robô config     : control=ee  block_gripper=False  base=[-0.6, 0.0, 0.05]
  Scripts         : ['script_1', 'reach_only', 'left_right']
  Juntas ângulos  : [+0.00, +0.34, -0.00, -2.17, +0.00, +2.50, +0.79]
  Juntas veloc.   : [+0.00, +0.75, -0.00, +1.35, +0.00, -0.32, -0.00]
  Cubo rotação    : [+0.012, +0.223, -0.016]  (roll/pitch/yaw)
  Cubo vel.linear : [+0.421, +0.004, +0.068]
────────────────────────────────────────────
 Ep  1 | Step  44
────────────────────────────────────────────
  Task            : OBJECT_DELIVERY_SEQUENCE
  Action          : [+0.989, +0.000, +0.148, -1.000]
  EE posição      : [-0.009, -0.000, +0.126]
  EE velocidade   : [+0.385, -0.000, +0.034]
  Garra           : 0.028 m  (AGARRADA)
  Cubo posição    : [+0.013, +0.002, +0.115]
  Target (target): [+0.150, +0.000, +0.020]
  Dist EE→Cubo    : 0.0249 m
  Dist Cubo→target: 0.1665 m
  Reward          : -0.1665
  Sucesso         : False
  Obstáculo caminho: nao  (count: 0)
  Objeto [object_1]: tipo=box  massa=1.0 kg  tamanho=[0.045, 0.03, 0.02]
  Target goal     : {'type': 'goal_sequence', 'targets': [{'name': 'target', 'position': [0.15000000596046448, 0.0, 0.019999999552965164]}], 'mode': 'goal_sequence'}
  Mesa            : 1.1x0.7x0.4 m  offset_x=-0.3
  Robô config     : control=ee  block_gripper=False  base=[-0.6, 0.0, 0.05]
  Scripts         : ['script_1', 'reach_only', 'left_right']
  Juntas ângulos  : [+0.00, +0.42, -0.00, -2.05, +0.00, +2.45, +0.79]
  Juntas veloc.   : [+0.00, +0.77, -0.00, +1.34, +0.00, -0.35, -0.00]
  Cubo rotação    : [+0.012, +0.224, -0.016]  (roll/pitch/yaw)
  Cubo vel.linear : [+0.387, +0.004, +0.038]
────────────────────────────────────────────
 Ep  1 | Step  45
────────────────────────────────────────────
  Task            : OBJECT_DELIVERY_SEQUENCE
  Action          : [+0.983, +0.000, +0.185, -1.000]
  EE posição      : [+0.020, -0.000, +0.125]
  EE velocidade   : [+0.363, -0.000, +0.047]
  Garra           : 0.028 m  (AGARRADA)
  Cubo posição    : [+0.042, +0.002, +0.114]
  Target (target): [+0.150, +0.000, +0.020]
  Dist EE→Cubo    : 0.0249 m
  Dist Cubo→target: 0.1431 m
  Reward          : -0.1431
  Sucesso         : False
  Obstáculo caminho: nao  (count: 0)
  Objeto [object_1]: tipo=box  massa=1.0 kg  tamanho=[0.045, 0.03, 0.02]
  Target goal     : {'type': 'goal_sequence', 'targets': [{'name': 'target', 'position': [0.15000000596046448, 0.0, 0.019999999552965164]}], 'mode': 'goal_sequence'}
  Mesa            : 1.1x0.7x0.4 m  offset_x=-0.3
  Robô config     : control=ee  block_gripper=False  base=[-0.6, 0.0, 0.05]
  Scripts         : ['script_1', 'reach_only', 'left_right']
  Juntas ângulos  : [+0.00, +0.49, -0.00, -1.93, +0.00, +2.41, +0.79]
  Juntas veloc.   : [+0.00, +0.72, -0.00, +1.32, +0.00, -0.36, -0.00]
  Cubo rotação    : [+0.011, +0.225, -0.016]  (roll/pitch/yaw)
  Cubo vel.linear : [+0.366, +0.004, +0.052]
────────────────────────────────────────────
 Ep  1 | Step  46
────────────────────────────────────────────
  Task            : OBJECT_DELIVERY_SEQUENCE
  Action          : [+0.973, +0.000, +0.233, -1.000]
  EE posição      : [+0.047, -0.000, +0.125]
  EE velocidade   : [+0.334, +0.000, +0.068]
  Garra           : 0.028 m  (AGARRADA)
  Cubo posição    : [+0.069, +0.002, +0.114]
  Target (target): [+0.150, +0.000, +0.020]
  Dist EE→Cubo    : 0.0248 m
  Dist Cubo→target: 0.1239 m
  Reward          : -0.1239
  Sucesso         : False
  Obstáculo caminho: nao  (count: 0)
  Objeto [object_1]: tipo=box  massa=1.0 kg  tamanho=[0.045, 0.03, 0.02]
  Target goal     : {'type': 'goal_sequence', 'targets': [{'name': 'target', 'position': [0.15000000596046448, 0.0, 0.019999999552965164]}], 'mode': 'goal_sequence'}
  Mesa            : 1.1x0.7x0.4 m  offset_x=-0.3
  Robô config     : control=ee  block_gripper=False  base=[-0.6, 0.0, 0.05]
  Scripts         : ['script_1', 'reach_only', 'left_right']
  Juntas ângulos  : [+0.00, +0.56, -0.00, -1.82, +0.00, +2.36, +0.79]
  Juntas veloc.   : [+0.00, +0.65, -0.00, +1.27, +0.00, -0.38, +0.00]
  Cubo rotação    : [+0.011, +0.224, -0.016]  (roll/pitch/yaw)
  Cubo vel.linear : [+0.336, +0.004, +0.072]
────────────────────────────────────────────
 Ep  1 | Step  47
────────────────────────────────────────────
  Task            : OBJECT_DELIVERY_SEQUENCE
  Action          : [+0.957, +0.001, +0.290, -1.000]
  EE posição      : [+0.072, -0.000, +0.127]
  EE velocidade   : [+0.312, +0.000, +0.118]
  Garra           : 0.028 m  (AGARRADA)
  Cubo posição    : [+0.094, +0.002, +0.116]
  Target (target): [+0.150, +0.000, +0.020]
  Dist EE→Cubo    : 0.0248 m
  Dist Cubo→target: 0.1109 m
  Reward          : -0.1109
  Sucesso         : False
  Obstáculo caminho: nao  (count: 0)
  Objeto [object_1]: tipo=box  massa=1.0 kg  tamanho=[0.045, 0.03, 0.02]
  Target goal     : {'type': 'goal_sequence', 'targets': [{'name': 'target', 'position': [0.15000000596046448, 0.0, 0.019999999552965164]}], 'mode': 'goal_sequence'}
  Mesa            : 1.1x0.7x0.4 m  offset_x=-0.3
  Robô config     : control=ee  block_gripper=False  base=[-0.6, 0.0, 0.05]
  Scripts         : ['script_1', 'reach_only', 'left_right']
  Juntas ângulos  : [+0.00, +0.62, -0.00, -1.70, +0.00, +2.30, +0.79]
  Juntas veloc.   : [+0.00, +0.54, -0.00, +1.23, +0.00, -0.40, +0.00]
  Cubo rotação    : [+0.011, +0.221, -0.015]  (roll/pitch/yaw)
  Cubo vel.linear : [+0.315, +0.004, +0.124]
────────────────────────────────────────────
 Ep  1 | Step  48
────────────────────────────────────────────
  Task            : OBJECT_DELIVERY_SEQUENCE
  Action          : [+0.936, +0.001, +0.351, -1.000]
  EE posição      : [+0.095, -0.000, +0.132]
  EE velocidade   : [+0.289, +0.000, +0.190]
  Garra           : 0.028 m  (AGARRADA)
  Cubo posição    : [+0.117, +0.002, +0.121]
  Target (target): [+0.150, +0.000, +0.020]
  Dist EE→Cubo    : 0.0247 m
  Dist Cubo→target: 0.1062 m
  Reward          : -0.1062
  Sucesso         : False
  Obstáculo caminho: nao  (count: 0)
  Objeto [object_1]: tipo=box  massa=1.0 kg  tamanho=[0.045, 0.03, 0.02]
  Target goal     : {'type': 'goal_sequence', 'targets': [{'name': 'target', 'position': [0.15000000596046448, 0.0, 0.019999999552965164]}], 'mode': 'goal_sequence'}
  Mesa            : 1.1x0.7x0.4 m  offset_x=-0.3
  Robô config     : control=ee  block_gripper=False  base=[-0.6, 0.0, 0.05]
  Scripts         : ['script_1', 'reach_only', 'left_right']
  Juntas ângulos  : [+0.00, +0.68, -0.00, -1.59, +0.00, +2.25, +0.79]
  Juntas veloc.   : [+0.00, +0.40, -0.00, +1.17, +0.00, -0.42, +0.00]
  Cubo rotação    : [+0.011, +0.218, -0.016]  (roll/pitch/yaw)
  Cubo vel.linear : [+0.293, +0.004, +0.197]
────────────────────────────────────────────
 Ep  1 | Step  49
────────────────────────────────────────────
  Task            : OBJECT_DELIVERY_SEQUENCE
  Action          : [+0.915, +0.001, +0.403, -1.000]
  EE posição      : [+0.116, -0.000, +0.141]
  EE velocidade   : [+0.270, +0.000, +0.281]
  Garra           : 0.028 m  (AGARRADA)
  Cubo posição    : [+0.138, +0.003, +0.130]
  Target (target): [+0.150, +0.000, +0.020]
  Dist EE→Cubo    : 0.0246 m
  Dist Cubo→target: 0.1107 m
  Reward          : -0.1107
  Sucesso         : False
  Obstáculo caminho: nao  (count: 0)
  Objeto [object_1]: tipo=box  massa=1.0 kg  tamanho=[0.045, 0.03, 0.02]
  Target goal     : {'type': 'goal_sequence', 'targets': [{'name': 'target', 'position': [0.15000000596046448, 0.0, 0.019999999552965164]}], 'mode': 'goal_sequence'}
  Mesa            : 1.1x0.7x0.4 m  offset_x=-0.3
  Robô config     : control=ee  block_gripper=False  base=[-0.6, 0.0, 0.05]
  Scripts         : ['script_1', 'reach_only', 'left_right']
  Juntas ângulos  : [+0.00, +0.73, -0.00, -1.47, +0.00, +2.19, +0.79]
  Juntas veloc.   : [+0.00, +0.24, -0.00, +1.10, +0.00, -0.45, +0.00]
  Cubo rotação    : [+0.010, +0.214, -0.015]  (roll/pitch/yaw)
  Cubo vel.linear : [+0.275, +0.004, +0.290]
────────────────────────────────────────────
 Ep  1 | Step  50
────────────────────────────────────────────
  Task            : OBJECT_DELIVERY_SEQUENCE
  Action          : [+0.912, +0.001, +0.411, -1.000]
  EE posição      : [+0.135, -0.000, +0.154]
  EE velocidade   : [+0.244, +0.000, +0.343]
  Garra           : 0.028 m  (AGARRADA)
  Cubo posição    : [+0.157, +0.003, +0.143]
  Target (target): [+0.150, +0.000, +0.020]
  Dist EE→Cubo    : 0.0245 m
  Dist Cubo→target: 0.1231 m
  Reward          : -0.1231
  Sucesso         : False
  Obstáculo caminho: nao  (count: 0)
  Objeto [object_1]: tipo=box  massa=1.0 kg  tamanho=[0.045, 0.03, 0.02]
  Target goal     : {'type': 'goal_sequence', 'targets': [{'name': 'target', 'position': [0.15000000596046448, 0.0, 0.019999999552965164]}], 'mode': 'goal_sequence'}
  Mesa            : 1.1x0.7x0.4 m  offset_x=-0.3
  Robô config     : control=ee  block_gripper=False  base=[-0.6, 0.0, 0.05]
  Scripts         : ['script_1', 'reach_only', 'left_right']
  Juntas ângulos  : [+0.00, +0.77, -0.00, -1.36, +0.00, +2.13, +0.79]
  Juntas veloc.   : [+0.00, +0.13, -0.00, +1.05, +0.00, -0.46, +0.00]
  Cubo rotação    : [+0.010, +0.209, -0.016]  (roll/pitch/yaw)
  Cubo vel.linear : [+0.249, +0.004, +0.354]
────────────────────────────────────────────
 Ep  1 | Step  51
────────────────────────────────────────────
  Task            : OBJECT_DELIVERY_SEQUENCE
  Action          : [+0.983, +0.001, +0.182, -1.000]
  EE posição      : [+0.154, +0.000, +0.161]
  EE velocidade   : [+0.167, -0.000, +0.039]
  Garra           : 0.028 m  (AGARRADA)
  Cubo posição    : [+0.175, +0.003, +0.149]
  Target (target): [+0.150, +0.000, +0.020]
  Dist EE→Cubo    : 0.0246 m
  Dist Cubo→target: 0.1318 m
  Reward          : -0.1318
  Sucesso         : False
  Obstáculo caminho: nao  (count: 0)
  Objeto [object_1]: tipo=box  massa=1.0 kg  tamanho=[0.045, 0.03, 0.02]
  Target goal     : {'type': 'goal_sequence', 'targets': [{'name': 'target', 'position': [0.15000000596046448, 0.0, 0.019999999552965164]}], 'mode': 'goal_sequence'}
  Mesa            : 1.1x0.7x0.4 m  offset_x=-0.3
  Robô config     : control=ee  block_gripper=False  base=[-0.6, 0.0, 0.05]
  Scripts         : ['script_1', 'reach_only', 'left_right']
  Juntas ângulos  : [+0.00, +0.83, -0.00, -1.25, +0.00, +2.08, +0.79]
  Juntas veloc.   : [+0.00, +0.56, -0.00, +1.07, +0.00, -0.40, +0.00]
  Cubo rotação    : [+0.010, +0.202, -0.015]  (roll/pitch/yaw)
  Cubo vel.linear : [+0.168, +0.004, +0.042]
────────────────────────────────────────────
 Ep  1 | Step  52
────────────────────────────────────────────
  Task            : OBJECT_DELIVERY_SEQUENCE
  Action          : [+0.000, +0.000, +0.000, -1.000]
  EE posição      : [+0.153, -0.000, +0.161]
  EE velocidade   : [-0.006, -0.000, -0.001]
  Garra           : 0.028 m  (AGARRADA)
  Cubo posição    : [+0.175, +0.003, +0.149]
  Target (target): [+0.150, +0.000, +0.020]
  Dist EE→Cubo    : 0.0244 m
  Dist Cubo→target: 0.1315 m
  Reward          : -0.1315
  Sucesso         : False
  Obstáculo caminho: nao  (count: 0)
  Objeto [object_1]: tipo=box  massa=1.0 kg  tamanho=[0.045, 0.03, 0.02]
  Target goal     : {'type': 'goal_sequence', 'targets': [{'name': 'target', 'position': [0.15000000596046448, 0.0, 0.019999999552965164]}], 'mode': 'goal_sequence'}
  Mesa            : 1.1x0.7x0.4 m  offset_x=-0.3
  Robô config     : control=ee  block_gripper=False  base=[-0.6, 0.0, 0.05]
  Scripts         : ['script_1', 'reach_only', 'left_right']
  Juntas ângulos  : [+0.00, +0.83, -0.00, -1.24, +0.00, +2.07, +0.79]
  Juntas veloc.   : [-0.00, -0.00, -0.00, +0.01, +0.00, -0.04, -0.00]
  Cubo rotação    : [+0.010, +0.204, -0.014]  (roll/pitch/yaw)
  Cubo vel.linear : [-0.007, +0.004, -0.002]
────────────────────────────────────────────
 Ep  1 | Step  53
────────────────────────────────────────────
  Task            : OBJECT_DELIVERY_SEQUENCE
  Action          : [+0.000, +0.000, -0.150, -1.000]
  EE posição      : [+0.153, -0.000, +0.153]
  EE velocidade   : [-0.009, -0.000, -0.090]
  Garra           : 0.028 m  (AGARRADA)
  Cubo posição    : [+0.174, +0.003, +0.142]
  Target (target): [+0.150, +0.000, +0.020]
  Dist EE→Cubo    : 0.0245 m
  Dist Cubo→target: 0.1242 m
  Reward          : -0.1242
  Sucesso         : False
  Obstáculo caminho: nao  (count: 0)
  Objeto [object_1]: tipo=box  massa=1.0 kg  tamanho=[0.045, 0.03, 0.02]
  Target goal     : {'type': 'goal_sequence', 'targets': [{'name': 'target', 'position': [0.15000000596046448, 0.0, 0.019999999552965164]}], 'mode': 'goal_sequence'}
  Mesa            : 1.1x0.7x0.4 m  offset_x=-0.3
  Robô config     : control=ee  block_gripper=False  base=[-0.6, 0.0, 0.05]
  Scripts         : ['script_1', 'reach_only', 'left_right']
  Juntas ângulos  : [+0.00, +0.84, -0.00, -1.25, +0.00, +2.08, +0.79]
  Juntas veloc.   : [-0.00, +0.12, -0.00, -0.01, +0.00, +0.07, -0.00]
  Cubo rotação    : [+0.010, +0.206, -0.014]  (roll/pitch/yaw)
  Cubo vel.linear : [-0.010, +0.004, -0.092]
────────────────────────────────────────────
 Ep  1 | Step  54
────────────────────────────────────────────
  Task            : OBJECT_DELIVERY_SEQUENCE
  Action          : [+0.000, +0.000, -0.150, -1.000]
  EE posição      : [+0.153, -0.000, +0.146]
  EE velocidade   : [-0.006, -0.000, -0.079]
  Garra           : 0.028 m  (AGARRADA)
  Cubo posição    : [+0.174, +0.003, +0.134]
  Target (target): [+0.150, +0.000, +0.020]
  Dist EE→Cubo    : 0.0245 m
  Dist Cubo→target: 0.1165 m
  Reward          : -0.1165
  Sucesso         : False
  Obstáculo caminho: nao  (count: 0)
  Objeto [object_1]: tipo=box  massa=1.0 kg  tamanho=[0.045, 0.03, 0.02]
  Target goal     : {'type': 'goal_sequence', 'targets': [{'name': 'target', 'position': [0.15000000596046448, 0.0, 0.019999999552965164]}], 'mode': 'goal_sequence'}
  Mesa            : 1.1x0.7x0.4 m  offset_x=-0.3
  Robô config     : control=ee  block_gripper=False  base=[-0.6, 0.0, 0.05]
  Scripts         : ['script_1', 'reach_only', 'left_right']
  Juntas ângulos  : [+0.00, +0.85, -0.00, -1.25, +0.00, +2.10, +0.79]
  Juntas veloc.   : [-0.00, +0.11, -0.00, -0.01, +0.00, +0.09, -0.00]
  Cubo rotação    : [+0.010, +0.207, -0.015]  (roll/pitch/yaw)
  Cubo vel.linear : [-0.006, +0.004, -0.081]
────────────────────────────────────────────
 Ep  1 | Step  55
────────────────────────────────────────────
  Task            : OBJECT_DELIVERY_SEQUENCE
  Action          : [+0.000, +0.000, -0.150, -1.000]
  EE posição      : [+0.153, -0.000, +0.138]
  EE velocidade   : [-0.007, -0.000, -0.085]
  Garra           : 0.028 m  (AGARRADA)
  Cubo posição    : [+0.174, +0.004, +0.126]
  Target (target): [+0.150, +0.000, +0.020]
  Dist EE→Cubo    : 0.0245 m
  Dist Cubo→target: 0.1089 m
  Reward          : -0.1089
  Sucesso         : False
  Obstáculo caminho: nao  (count: 0)
  Objeto [object_1]: tipo=box  massa=1.0 kg  tamanho=[0.045, 0.03, 0.02]
  Target goal     : {'type': 'goal_sequence', 'targets': [{'name': 'target', 'position': [0.15000000596046448, 0.0, 0.019999999552965164]}], 'mode': 'goal_sequence'}
  Mesa            : 1.1x0.7x0.4 m  offset_x=-0.3
  Robô config     : control=ee  block_gripper=False  base=[-0.6, 0.0, 0.05]
  Scripts         : ['script_1', 'reach_only', 'left_right']
  Juntas ângulos  : [+0.00, +0.86, -0.00, -1.25, +0.00, +2.11, +0.79]
  Juntas veloc.   : [-0.00, +0.12, -0.00, -0.01, +0.00, +0.09, -0.00]
  Cubo rotação    : [+0.010, +0.208, -0.015]  (roll/pitch/yaw)
  Cubo vel.linear : [-0.007, +0.004, -0.086]
────────────────────────────────────────────
 Ep  1 | Step  56
────────────────────────────────────────────
  Task            : OBJECT_DELIVERY_SEQUENCE
  Action          : [+0.000, +0.000, -0.150, -1.000]
  EE posição      : [+0.153, -0.000, +0.130]
  EE velocidade   : [-0.007, -0.000, -0.085]
  Garra           : 0.028 m  (AGARRADA)
  Cubo posição    : [+0.174, +0.004, +0.118]
  Target (target): [+0.150, +0.000, +0.020]
  Dist EE→Cubo    : 0.0246 m
  Dist Cubo→target: 0.1012 m
  Reward          : -0.1012
  Sucesso         : False
  Obstáculo caminho: nao  (count: 0)
  Objeto [object_1]: tipo=box  massa=1.0 kg  tamanho=[0.045, 0.03, 0.02]
  Target goal     : {'type': 'goal_sequence', 'targets': [{'name': 'target', 'position': [0.15000000596046448, 0.0, 0.019999999552965164]}], 'mode': 'goal_sequence'}
  Mesa            : 1.1x0.7x0.4 m  offset_x=-0.3
  Robô config     : control=ee  block_gripper=False  base=[-0.6, 0.0, 0.05]
  Scripts         : ['script_1', 'reach_only', 'left_right']
  Juntas ângulos  : [+0.00, +0.87, -0.00, -1.25, +0.00, +2.12, +0.79]
  Juntas veloc.   : [-0.00, +0.12, -0.00, -0.01, +0.00, +0.09, -0.00]
  Cubo rotação    : [+0.010, +0.209, -0.015]  (roll/pitch/yaw)
  Cubo vel.linear : [-0.008, +0.004, -0.086]
────────────────────────────────────────────
 Ep  1 | Step  57
────────────────────────────────────────────
  Task            : OBJECT_DELIVERY_SEQUENCE
  Action          : [+0.000, +0.000, -0.150, -1.000]
  EE posição      : [+0.153, -0.000, +0.122]
  EE velocidade   : [-0.008, -0.000, -0.086]
  Garra           : 0.028 m  (AGARRADA)
  Cubo posição    : [+0.174, +0.004, +0.110]
  Target (target): [+0.150, +0.000, +0.020]
  Dist EE→Cubo    : 0.0246 m
  Dist Cubo→target: 0.0936 m
  Reward          : -0.0936
  Sucesso         : False
  Obstáculo caminho: nao  (count: 0)
  Objeto [object_1]: tipo=box  massa=1.0 kg  tamanho=[0.045, 0.03, 0.02]
  Target goal     : {'type': 'goal_sequence', 'targets': [{'name': 'target', 'position': [0.15000000596046448, 0.0, 0.019999999552965164]}], 'mode': 'goal_sequence'}
  Mesa            : 1.1x0.7x0.4 m  offset_x=-0.3
  Robô config     : control=ee  block_gripper=False  base=[-0.6, 0.0, 0.05]
  Scripts         : ['script_1', 'reach_only', 'left_right']
  Juntas ângulos  : [+0.00, +0.88, -0.00, -1.25, +0.00, +2.13, +0.79]
  Juntas veloc.   : [-0.00, +0.12, -0.00, -0.01, +0.00, +0.09, -0.00]
  Cubo rotação    : [+0.010, +0.209, -0.015]  (roll/pitch/yaw)
  Cubo vel.linear : [-0.009, +0.004, -0.087]
────────────────────────────────────────────
 Ep  1 | Step  58
────────────────────────────────────────────
  Task            : OBJECT_DELIVERY_SEQUENCE
  Action          : [+0.000, +0.000, -0.150, -1.000]
  EE posição      : [+0.153, -0.000, +0.114]
  EE velocidade   : [-0.009, -0.000, -0.087]
  Garra           : 0.028 m  (AGARRADA)
  Cubo posição    : [+0.174, +0.004, +0.102]
  Target (target): [+0.150, +0.000, +0.020]
  Dist EE→Cubo    : 0.0246 m
  Dist Cubo→target: 0.0860 m
  Reward          : -0.0860
  Sucesso         : False
  Obstáculo caminho: nao  (count: 0)
  Objeto [object_1]: tipo=box  massa=1.0 kg  tamanho=[0.045, 0.03, 0.02]
  Target goal     : {'type': 'goal_sequence', 'targets': [{'name': 'target', 'position': [0.15000000596046448, 0.0, 0.019999999552965164]}], 'mode': 'goal_sequence'}
  Mesa            : 1.1x0.7x0.4 m  offset_x=-0.3
  Robô config     : control=ee  block_gripper=False  base=[-0.6, 0.0, 0.05]
  Scripts         : ['script_1', 'reach_only', 'left_right']
  Juntas ângulos  : [+0.00, +0.90, -0.00, -1.25, +0.00, +2.14, +0.79]
  Juntas veloc.   : [-0.00, +0.12, -0.00, -0.01, +0.00, +0.09, -0.00]
  Cubo rotação    : [+0.009, +0.210, -0.015]  (roll/pitch/yaw)
  Cubo vel.linear : [-0.010, +0.004, -0.088]
────────────────────────────────────────────
 Ep  1 | Step  59
────────────────────────────────────────────
  Task            : OBJECT_DELIVERY_SEQUENCE
  Action          : [+0.000, +0.000, -0.150, -1.000]
  EE posição      : [+0.152, -0.000, +0.106]
  EE velocidade   : [-0.010, -0.000, -0.088]
  Garra           : 0.028 m  (AGARRADA)
  Cubo posição    : [+0.174, +0.004, +0.095]
  Target (target): [+0.150, +0.000, +0.020]
  Dist EE→Cubo    : 0.0247 m
  Dist Cubo→target: 0.0783 m
  Reward          : -0.0783
  Sucesso         : False
  Obstáculo caminho: nao  (count: 0)
  Objeto [object_1]: tipo=box  massa=1.0 kg  tamanho=[0.045, 0.03, 0.02]
  Target goal     : {'type': 'goal_sequence', 'targets': [{'name': 'target', 'position': [0.15000000596046448, 0.0, 0.019999999552965164]}], 'mode': 'goal_sequence'}
  Mesa            : 1.1x0.7x0.4 m  offset_x=-0.3
  Robô config     : control=ee  block_gripper=False  base=[-0.6, 0.0, 0.05]
  Scripts         : ['script_1', 'reach_only', 'left_right']
  Juntas ângulos  : [+0.00, +0.91, -0.00, -1.25, +0.00, +2.16, +0.79]
  Juntas veloc.   : [-0.00, +0.12, -0.00, -0.01, +0.00, +0.09, -0.00]
  Cubo rotação    : [+0.009, +0.210, -0.015]  (roll/pitch/yaw)
  Cubo vel.linear : [-0.011, +0.004, -0.089]
────────────────────────────────────────────
 Ep  1 | Step  60
────────────────────────────────────────────
  Task            : OBJECT_DELIVERY_SEQUENCE
  Action          : [+0.000, +0.000, -0.150, -1.000]
  EE posição      : [+0.152, -0.000, +0.098]
  EE velocidade   : [-0.011, -0.000, -0.089]
  Garra           : 0.028 m  (AGARRADA)
  Cubo posição    : [+0.173, +0.004, +0.087]
  Target (target): [+0.150, +0.000, +0.020]
  Dist EE→Cubo    : 0.0247 m
  Dist Cubo→target: 0.0707 m
  Reward          : -0.0707
  Sucesso         : False
  Obstáculo caminho: nao  (count: 0)
  Objeto [object_1]: tipo=box  massa=1.0 kg  tamanho=[0.045, 0.03, 0.02]
  Target goal     : {'type': 'goal_sequence', 'targets': [{'name': 'target', 'position': [0.15000000596046448, 0.0, 0.019999999552965164]}], 'mode': 'goal_sequence'}
  Mesa            : 1.1x0.7x0.4 m  offset_x=-0.3
  Robô config     : control=ee  block_gripper=False  base=[-0.6, 0.0, 0.05]
  Scripts         : ['script_1', 'reach_only', 'left_right']
  Juntas ângulos  : [+0.00, +0.92, -0.00, -1.25, +0.00, +2.17, +0.79]
  Juntas veloc.   : [-0.00, +0.13, -0.00, -0.00, +0.00, +0.09, -0.00]
  Cubo rotação    : [+0.009, +0.211, -0.015]  (roll/pitch/yaw)
  Cubo vel.linear : [-0.012, +0.004, -0.090]
────────────────────────────────────────────
 Ep  1 | Step  61
────────────────────────────────────────────
  Task            : OBJECT_DELIVERY_SEQUENCE
  Action          : [+0.000, +0.000, -0.150, -1.000]
  EE posição      : [+0.152, -0.000, +0.090]
  EE velocidade   : [-0.012, -0.000, -0.090]
  Garra           : 0.028 m  (AGARRADA)
  Cubo posição    : [+0.173, +0.005, +0.079]
  Target (target): [+0.150, +0.000, +0.020]
  Dist EE→Cubo    : 0.0247 m
  Dist Cubo→target: 0.0632 m
  Reward          : -0.0632
  Sucesso         : False
  Obstáculo caminho: nao  (count: 0)
  Objeto [object_1]: tipo=box  massa=1.0 kg  tamanho=[0.045, 0.03, 0.02]
  Target goal     : {'type': 'goal_sequence', 'targets': [{'name': 'target', 'position': [0.15000000596046448, 0.0, 0.019999999552965164]}], 'mode': 'goal_sequence'}
  Mesa            : 1.1x0.7x0.4 m  offset_x=-0.3
  Robô config     : control=ee  block_gripper=False  base=[-0.6, 0.0, 0.05]
  Scripts         : ['script_1', 'reach_only', 'left_right']
  Juntas ângulos  : [+0.00, +0.93, -0.00, -1.25, +0.00, +2.18, +0.79]
  Juntas veloc.   : [-0.00, +0.13, -0.00, -0.00, +0.00, +0.09, -0.00]
  Cubo rotação    : [+0.009, +0.211, -0.015]  (roll/pitch/yaw)
  Cubo vel.linear : [-0.013, +0.004, -0.091]
────────────────────────────────────────────
 Ep  1 | Step  62
────────────────────────────────────────────
  Task            : OBJECT_DELIVERY_SEQUENCE
  Action          : [+0.000, +0.000, -0.150, -1.000]
  EE posição      : [+0.151, -0.000, +0.082]
  EE velocidade   : [-0.013, -0.000, -0.089]
  Garra           : 0.028 m  (AGARRADA)
  Cubo posição    : [+0.173, +0.005, +0.071]
  Target (target): [+0.150, +0.000, +0.020]
  Dist EE→Cubo    : 0.0248 m
  Dist Cubo→target: 0.0558 m
  Reward          : -0.0558
  Sucesso         : False
  Obstáculo caminho: nao  (count: 0)
  Objeto [object_1]: tipo=box  massa=1.0 kg  tamanho=[0.045, 0.03, 0.02]
  Target goal     : {'type': 'goal_sequence', 'targets': [{'name': 'target', 'position': [0.15000000596046448, 0.0, 0.019999999552965164]}], 'mode': 'goal_sequence'}
  Mesa            : 1.1x0.7x0.4 m  offset_x=-0.3
  Robô config     : control=ee  block_gripper=False  base=[-0.6, 0.0, 0.05]
  Scripts         : ['script_1', 'reach_only', 'left_right']
  Juntas ângulos  : [+0.00, +0.94, -0.00, -1.25, +0.00, +2.19, +0.79]
  Juntas veloc.   : [-0.00, +0.13, -0.00, -0.00, +0.00, +0.09, -0.00]
  Cubo rotação    : [+0.009, +0.211, -0.015]  (roll/pitch/yaw)
  Cubo vel.linear : [-0.014, +0.004, -0.090]
────────────────────────────────────────────
 Ep  1 | Step  63
────────────────────────────────────────────
  Task            : OBJECT_DELIVERY_SEQUENCE
  Action          : [+0.000, +0.000, -0.150, -1.000]
  EE posição      : [+0.151, -0.000, +0.075]
  EE velocidade   : [-0.014, -0.000, -0.090]
  Garra           : 0.028 m  (AGARRADA)
  Cubo posição    : [+0.172, +0.005, +0.063]
  Target (target): [+0.150, +0.000, +0.020]
  Dist EE→Cubo    : 0.0248 m
  Dist Cubo→target: 0.0485 m
  Reward          : -0.0485
  Sucesso         : False
  Obstáculo caminho: nao  (count: 0)
  Objeto [object_1]: tipo=box  massa=1.0 kg  tamanho=[0.045, 0.03, 0.02]
  Target goal     : {'type': 'goal_sequence', 'targets': [{'name': 'target', 'position': [0.15000000596046448, 0.0, 0.019999999552965164]}], 'mode': 'goal_sequence'}
  Mesa            : 1.1x0.7x0.4 m  offset_x=-0.3
  Robô config     : control=ee  block_gripper=False  base=[-0.6, 0.0, 0.05]
  Scripts         : ['script_1', 'reach_only', 'left_right']
  Juntas ângulos  : [-0.00, +0.95, -0.00, -1.25, +0.00, +2.20, +0.79]
  Juntas veloc.   : [-0.00, +0.13, -0.00, +0.00, +0.00, +0.09, -0.00]
  Cubo rotação    : [+0.009, +0.211, -0.015]  (roll/pitch/yaw)
  Cubo vel.linear : [-0.015, +0.004, -0.091]
────────────────────────────────────────────
 Ep  1 | Step  64
────────────────────────────────────────────
  Task            : OBJECT_DELIVERY_SEQUENCE
  Action          : [+0.000, +0.000, -0.150, -1.000]
  EE posição      : [+0.150, -0.000, +0.067]
  EE velocidade   : [-0.015, -0.000, -0.091]
  Garra           : 0.028 m  (AGARRADA)
  Cubo posição    : [+0.172, +0.005, +0.055]
  Target (target): [+0.150, +0.000, +0.020]
  Dist EE→Cubo    : 0.0248 m
  Dist Cubo→target: 0.0414 m
  Reward          : -0.0414
  Sucesso         : False
  Obstáculo caminho: nao  (count: 0)
  Objeto [object_1]: tipo=box  massa=1.0 kg  tamanho=[0.045, 0.03, 0.02]
  Target goal     : {'type': 'goal_sequence', 'targets': [{'name': 'target', 'position': [0.15000000596046448, 0.0, 0.019999999552965164]}], 'mode': 'goal_sequence'}
  Mesa            : 1.1x0.7x0.4 m  offset_x=-0.3
  Robô config     : control=ee  block_gripper=False  base=[-0.6, 0.0, 0.05]
  Scripts         : ['script_1', 'reach_only', 'left_right']
  Juntas ângulos  : [-0.00, +0.97, -0.00, -1.25, +0.00, +2.22, +0.79]
  Juntas veloc.   : [-0.00, +0.13, -0.00, +0.00, +0.00, +0.09, -0.00]
  Cubo rotação    : [+0.009, +0.212, -0.016]  (roll/pitch/yaw)
  Cubo vel.linear : [-0.016, +0.004, -0.092]
────────────────────────────────────────────
 Ep  1 | Step  65
────────────────────────────────────────────
  Task            : OBJECT_DELIVERY_SEQUENCE
  Action          : [+0.000, +0.000, -0.150, -1.000]
  EE posição      : [+0.150, -0.000, +0.059]
  EE velocidade   : [-0.017, -0.000, -0.093]
  Garra           : 0.028 m  (AGARRADA)
  Cubo posição    : [+0.171, +0.005, +0.047]
  Target (target): [+0.150, +0.000, +0.020]
  Dist EE→Cubo    : 0.0249 m
  Dist Cubo→target: 0.0346 m
  Reward          : -0.0346
  Sucesso         : False
  Obstáculo caminho: nao  (count: 0)
  Objeto [object_1]: tipo=box  massa=1.0 kg  tamanho=[0.045, 0.03, 0.02]
  Target goal     : {'type': 'goal_sequence', 'targets': [{'name': 'target', 'position': [0.15000000596046448, 0.0, 0.019999999552965164]}], 'mode': 'goal_sequence'}
  Mesa            : 1.1x0.7x0.4 m  offset_x=-0.3
  Robô config     : control=ee  block_gripper=False  base=[-0.6, 0.0, 0.05]
  Scripts         : ['script_1', 'reach_only', 'left_right']
  Juntas ângulos  : [-0.00, +0.98, -0.00, -1.25, +0.00, +2.23, +0.79]
  Juntas veloc.   : [-0.00, +0.14, -0.00, +0.00, +0.00, +0.09, -0.00]
  Cubo rotação    : [+0.009, +0.212, -0.016]  (roll/pitch/yaw)
  Cubo vel.linear : [-0.018, +0.004, -0.094]
────────────────────────────────────────────
 Ep  1 | Step  66
────────────────────────────────────────────
  Task            : OBJECT_DELIVERY_SEQUENCE
  Action          : [+0.000, +0.000, -0.150, -1.000]
  EE posição      : [+0.149, -0.000, +0.051]
  EE velocidade   : [-0.018, -0.000, -0.093]
  Garra           : 0.028 m  (AGARRADA)
  Cubo posição    : [+0.170, +0.005, +0.039]
  Target (target): [+0.150, +0.000, +0.020]
  Dist EE→Cubo    : 0.0249 m
  Dist Cubo→target: 0.0283 m
  Reward          : -0.0283
  Sucesso         : False
  Obstáculo caminho: nao  (count: 0)
  Objeto [object_1]: tipo=box  massa=1.0 kg  tamanho=[0.045, 0.03, 0.02]
  Target goal     : {'type': 'goal_sequence', 'targets': [{'name': 'target', 'position': [0.15000000596046448, 0.0, 0.019999999552965164]}], 'mode': 'goal_sequence'}
  Mesa            : 1.1x0.7x0.4 m  offset_x=-0.3
  Robô config     : control=ee  block_gripper=False  base=[-0.6, 0.0, 0.05]
  Scripts         : ['script_1', 'reach_only', 'left_right']
  Juntas ângulos  : [-0.00, +0.99, -0.00, -1.25, +0.00, +2.24, +0.78]
  Juntas veloc.   : [-0.00, +0.14, -0.00, +0.01, +0.00, +0.09, -0.00]
  Cubo rotação    : [+0.009, +0.212, -0.016]  (roll/pitch/yaw)
  Cubo vel.linear : [-0.018, +0.004, -0.094]
────────────────────────────────────────────
 Ep  1 | Step  67
────────────────────────────────────────────
  Task            : OBJECT_DELIVERY_SEQUENCE
  Action          : [+0.000, +0.000, -0.150, -1.000]
  EE posição      : [+0.148, -0.000, +0.043]
  EE velocidade   : [-0.019, -0.000, -0.094]
  Garra           : 0.028 m  (AGARRADA)
  Cubo posição    : [+0.170, +0.006, +0.031]
  Target (target): [+0.150, +0.000, +0.020]
  Dist EE→Cubo    : 0.0250 m
  Dist Cubo→target: 0.0231 m
  Reward          : -0.0231
  Sucesso         : False
  Obstáculo caminho: nao  (count: 0)
  Objeto [object_1]: tipo=box  massa=1.0 kg  tamanho=[0.045, 0.03, 0.02]
  Target goal     : {'type': 'goal_sequence', 'targets': [{'name': 'target', 'position': [0.15000000596046448, 0.0, 0.019999999552965164]}], 'mode': 'goal_sequence'}
  Mesa            : 1.1x0.7x0.4 m  offset_x=-0.3
  Robô config     : control=ee  block_gripper=False  base=[-0.6, 0.0, 0.05]
  Scripts         : ['script_1', 'reach_only', 'left_right']
  Juntas ângulos  : [-0.00, +1.00, -0.00, -1.25, +0.00, +2.25, +0.78]
  Juntas veloc.   : [-0.00, +0.14, -0.00, +0.01, +0.00, +0.09, -0.00]
  Cubo rotação    : [+0.009, +0.212, -0.016]  (roll/pitch/yaw)
  Cubo vel.linear : [-0.020, +0.004, -0.095]
────────────────────────────────────────────
 Ep  1 | Step  68
────────────────────────────────────────────
  Task            : OBJECT_DELIVERY_SEQUENCE
  Action          : [+0.000, +0.000, -0.114, -1.000]
  EE posição      : [+0.148, -0.000, +0.037]
  EE velocidade   : [+0.008, -0.000, -0.016]
  Garra           : 0.028 m  (AGARRADA)
  Cubo posição    : [+0.169, +0.006, +0.026]
  Target (target): [+0.150, +0.000, +0.020]
  Dist EE→Cubo    : 0.0250 m
  Dist Cubo→target: 0.0209 m
  Reward          : -0.0209
  Sucesso         : False
  Obstáculo caminho: nao  (count: 0)
  Objeto [object_1]: tipo=box  massa=1.0 kg  tamanho=[0.045, 0.03, 0.02]
  Target goal     : {'type': 'goal_sequence', 'targets': [{'name': 'target', 'position': [0.15000000596046448, 0.0, 0.019999999552965164]}], 'mode': 'goal_sequence'}
  Mesa            : 1.1x0.7x0.4 m  offset_x=-0.3
  Robô config     : control=ee  block_gripper=False  base=[-0.6, 0.0, 0.05]
  Scripts         : ['script_1', 'reach_only', 'left_right']
  Juntas ângulos  : [-0.00, +1.01, -0.00, -1.25, +0.00, +2.26, +0.78]
  Juntas veloc.   : [-0.00, +0.03, -0.00, +0.01, +0.00, +0.07, -0.00]
  Cubo rotação    : [+0.009, +0.211, -0.016]  (roll/pitch/yaw)
  Cubo vel.linear : [+0.008, +0.004, -0.015]
────────────────────────────────────────────
 Ep  1 | Step  69
────────────────────────────────────────────
  Task            : OBJECT_DELIVERY_SEQUENCE
  Action          : [+0.000, +0.000, -0.086, -1.000]
  EE posição      : [+0.148, -0.000, +0.034]
  EE velocidade   : [-0.003, -0.000, -0.031]
  Garra           : 0.028 m  (AGARRADA)
  Cubo posição    : [+0.169, +0.006, +0.022]
  Target (target): [+0.150, +0.000, +0.020]
  Dist EE→Cubo    : 0.0250 m
  Dist Cubo→target: 0.0201 m
  Reward          : -0.0201
  Sucesso         : False
  Obstáculo caminho: nao  (count: 0)
  Objeto [object_1]: tipo=box  massa=1.0 kg  tamanho=[0.045, 0.03, 0.02]
  Target goal     : {'type': 'goal_sequence', 'targets': [{'name': 'target', 'position': [0.15000000596046448, 0.0, 0.019999999552965164]}], 'mode': 'goal_sequence'}
  Mesa            : 1.1x0.7x0.4 m  offset_x=-0.3
  Robô config     : control=ee  block_gripper=False  base=[-0.6, 0.0, 0.05]
  Scripts         : ['script_1', 'reach_only', 'left_right']
  Juntas ângulos  : [-0.00, +1.02, -0.00, -1.25, +0.00, +2.27, +0.78]
  Juntas veloc.   : [-0.00, +0.05, -0.00, +0.01, +0.00, +0.05, -0.00]
  Cubo rotação    : [+0.009, +0.211, -0.016]  (roll/pitch/yaw)
  Cubo vel.linear : [-0.003, +0.004, -0.031]
────────────────────────────────────────────
 Ep  1 | Step  70
────────────────────────────────────────────
  Task            : OBJECT_DELIVERY_SEQUENCE
  Action          : [+0.000, +0.000, -0.068, -1.000]
  EE posição      : [+0.148, -0.000, +0.031]
  EE velocidade   : [-0.002, -0.000, -0.024]
  Garra           : 0.028 m  (AGARRADA)
  Cubo posição    : [+0.169, +0.006, +0.019]
  Target (target): [+0.150, +0.000, +0.020]
  Dist EE→Cubo    : 0.0250 m
  Dist Cubo→target: 0.0198 m
  Reward          : -0.0198
  Sucesso         : False
  Obstáculo caminho: nao  (count: 0)
  Objeto [object_1]: tipo=box  massa=1.0 kg  tamanho=[0.045, 0.03, 0.02]
  Target goal     : {'type': 'goal_sequence', 'targets': [{'name': 'target', 'position': [0.15000000596046448, 0.0, 0.019999999552965164]}], 'mode': 'goal_sequence'}
  Mesa            : 1.1x0.7x0.4 m  offset_x=-0.3
  Robô config     : control=ee  block_gripper=False  base=[-0.6, 0.0, 0.05]
  Scripts         : ['script_1', 'reach_only', 'left_right']
  Juntas ângulos  : [-0.00, +1.02, -0.00, -1.25, +0.00, +2.27, +0.78]
  Juntas veloc.   : [-0.00, +0.04, -0.00, +0.01, +0.00, +0.03, -0.00]
  Cubo rotação    : [+0.009, +0.211, -0.016]  (roll/pitch/yaw)
  Cubo vel.linear : [-0.003, +0.004, -0.024]
────────────────────────────────────────────
 Ep  1 | Step  71
────────────────────────────────────────────
  Task            : OBJECT_DELIVERY_SEQUENCE
  Action          : [+0.000, +0.000, -0.053, -1.000]
  EE posição      : [+0.147, -0.000, +0.028]
  EE velocidade   : [-0.002, -0.000, -0.018]
  Garra           : 0.028 m  (AGARRADA)
  Cubo posição    : [+0.169, +0.006, +0.017]
  Target (target): [+0.150, +0.000, +0.020]
  Dist EE→Cubo    : 0.0251 m
  Dist Cubo→target: 0.0199 m
  Reward          : -0.0199
  Sucesso         : False
  Obstáculo caminho: nao  (count: 0)
  Objeto [object_1]: tipo=box  massa=1.0 kg  tamanho=[0.045, 0.03, 0.02]
  Target goal     : {'type': 'goal_sequence', 'targets': [{'name': 'target', 'position': [0.15000000596046448, 0.0, 0.019999999552965164]}], 'mode': 'goal_sequence'}
  Mesa            : 1.1x0.7x0.4 m  offset_x=-0.3
  Robô config     : control=ee  block_gripper=False  base=[-0.6, 0.0, 0.05]
  Scripts         : ['script_1', 'reach_only', 'left_right']
  Juntas ângulos  : [-0.00, +1.03, -0.00, -1.25, +0.00, +2.27, +0.78]
  Juntas veloc.   : [-0.00, +0.03, -0.00, +0.01, +0.00, +0.02, -0.00]
  Cubo rotação    : [+0.009, +0.212, -0.016]  (roll/pitch/yaw)
  Cubo vel.linear : [-0.002, +0.004, -0.019]
────────────────────────────────────────────
 Ep  1 | Step  72
────────────────────────────────────────────
  Task            : OBJECT_DELIVERY_SEQUENCE
  Action          : [+0.000, +0.000, -0.042, -1.000]
  EE posição      : [+0.147, -0.000, +0.027]
  EE velocidade   : [-0.002, -0.000, -0.014]
  Garra           : 0.028 m  (AGARRADA)
  Cubo posição    : [+0.168, +0.006, +0.015]
  Target (target): [+0.150, +0.000, +0.020]
  Dist EE→Cubo    : 0.0251 m
  Dist Cubo→target: 0.0201 m
  Reward          : -0.0201
  Sucesso         : False
  Obstáculo caminho: nao  (count: 0)
  Objeto [object_1]: tipo=box  massa=1.0 kg  tamanho=[0.045, 0.03, 0.02]
  Target goal     : {'type': 'goal_sequence', 'targets': [{'name': 'target', 'position': [0.15000000596046448, 0.0, 0.019999999552965164]}], 'mode': 'goal_sequence'}
  Mesa            : 1.1x0.7x0.4 m  offset_x=-0.3
  Robô config     : control=ee  block_gripper=False  base=[-0.6, 0.0, 0.05]
  Scripts         : ['script_1', 'reach_only', 'left_right']
  Juntas ângulos  : [-0.00, +1.03, -0.00, -1.25, +0.00, +2.28, +0.78]
  Juntas veloc.   : [-0.00, +0.02, -0.00, +0.00, +0.00, +0.02, -0.00]
  Cubo rotação    : [+0.009, +0.212, -0.016]  (roll/pitch/yaw)
  Cubo vel.linear : [-0.002, +0.004, -0.014]
────────────────────────────────────────────
 Ep  1 | Step  73
────────────────────────────────────────────
  Task            : OBJECT_DELIVERY_SEQUENCE
  Action          : [+0.000, +0.000, -0.033, -1.000]
  EE posição      : [+0.147, -0.000, +0.025]
  EE velocidade   : [-0.003, -0.000, -0.012]
  Garra           : 0.028 m  (AGARRADA)
  Cubo posição    : [+0.168, +0.007, +0.014]
  Target (target): [+0.150, +0.000, +0.020]
  Dist EE→Cubo    : 0.0250 m
  Dist Cubo→target: 0.0203 m
  Reward          : -0.0203
  Sucesso         : False
  Obstáculo caminho: nao  (count: 0)
  Objeto [object_1]: tipo=box  massa=1.0 kg  tamanho=[0.045, 0.03, 0.02]
  Target goal     : {'type': 'goal_sequence', 'targets': [{'name': 'target', 'position': [0.15000000596046448, 0.0, 0.019999999552965164]}], 'mode': 'goal_sequence'}
  Mesa            : 1.1x0.7x0.4 m  offset_x=-0.3
  Robô config     : control=ee  block_gripper=False  base=[-0.6, 0.0, 0.05]
  Scripts         : ['script_1', 'reach_only', 'left_right']
  Juntas ângulos  : [-0.00, +1.03, -0.00, -1.25, +0.00, +2.28, +0.78]
  Juntas veloc.   : [+0.00, +0.02, -0.00, +0.00, +0.00, +0.01, +0.00]
  Cubo rotação    : [-0.002, +0.196, -0.023]  (roll/pitch/yaw)
  Cubo vel.linear : [-0.001, +0.002, -0.007]
────────────────────────────────────────────
 Ep  1 | Step  74
────────────────────────────────────────────
  Task            : OBJECT_DELIVERY_SEQUENCE
  Action          : [+0.000, +0.000, -0.026, -1.000]
  EE posição      : [+0.147, -0.000, +0.024]
  EE velocidade   : [-0.000, -0.000, -0.008]
  Garra           : 0.027 m  (AGARRADA)
  Cubo posição    : [+0.168, +0.007, +0.013]
  Target (target): [+0.150, +0.000, +0.020]
  Dist EE→Cubo    : 0.0249 m
  Dist Cubo→target: 0.0204 m
  Reward          : -0.0204
  Sucesso         : False
  Obstáculo caminho: nao  (count: 0)
  Objeto [object_1]: tipo=box  massa=1.0 kg  tamanho=[0.045, 0.03, 0.02]
  Target goal     : {'type': 'goal_sequence', 'targets': [{'name': 'target', 'position': [0.15000000596046448, 0.0, 0.019999999552965164]}], 'mode': 'goal_sequence'}
  Mesa            : 1.1x0.7x0.4 m  offset_x=-0.3
  Robô config     : control=ee  block_gripper=False  base=[-0.6, 0.0, 0.05]
  Scripts         : ['script_1', 'reach_only', 'left_right']
  Juntas ângulos  : [-0.00, +1.03, -0.00, -1.25, +0.00, +2.28, +0.78]
  Juntas veloc.   : [-0.00, +0.01, -0.00, +0.00, +0.00, +0.01, +0.00]
  Cubo rotação    : [+0.001, +0.170, -0.023]  (roll/pitch/yaw)
  Cubo vel.linear : [+0.001, +0.002, -0.004]
────────────────────────────────────────────
 Ep  1 | Step  75
────────────────────────────────────────────
  Task            : OBJECT_DELIVERY_SEQUENCE
  Action          : [+0.000, +0.000, +0.000, +1.000]
  EE posição      : [+0.147, -0.000, +0.024]
  EE velocidade   : [+0.001, +0.000, +0.001]
  Garra           : 0.073 m  (ABERTA)
  Cubo posição    : [+0.166, +0.007, +0.010]
  Target (target): [+0.150, +0.000, +0.020]
  Dist EE→Cubo    : 0.0250 m
  Dist Cubo→target: 0.0202 m
  Reward          : -0.0202
  Sucesso         : False
  Obstáculo caminho: nao  (count: 0)
  Objeto [object_1]: tipo=box  massa=1.0 kg  tamanho=[0.045, 0.03, 0.02]
  Target goal     : {'type': 'goal_sequence', 'targets': [{'name': 'target', 'position': [0.15000000596046448, 0.0, 0.019999999552965164]}], 'mode': 'goal_sequence'}
  Mesa            : 1.1x0.7x0.4 m  offset_x=-0.3
  Robô config     : control=ee  block_gripper=False  base=[-0.6, 0.0, 0.05]
  Scripts         : ['script_1', 'reach_only', 'left_right']
  Juntas ângulos  : [-0.00, +1.03, -0.00, -1.25, +0.00, +2.28, +0.78]
  Juntas veloc.   : [+0.00, -0.00, +0.00, +0.00, -0.00, +0.00, -0.00]
  Cubo rotação    : [+0.000, -0.010, -0.023]  (roll/pitch/yaw)
  Cubo vel.linear : [+0.004, +0.000, +0.011]
────────────────────────────────────────────
 Ep  1 | Step  76
────────────────────────────────────────────
  Task            : OBJECT_DELIVERY_SEQUENCE
  Action          : [+0.000, +0.000, +0.000, +1.000]
  EE posição      : [+0.147, -0.000, +0.024]
  EE velocidade   : [+0.000, +0.000, +0.000]
  Garra           : 0.079 m  (ABERTA)
  Cubo posição    : [+0.166, +0.007, +0.010]
  Target (target): [+0.150, +0.000, +0.020]
  Dist EE→Cubo    : 0.0249 m
  Dist Cubo→target: 0.0201 m
  Reward          : -0.0201
  Sucesso         : False
  Obstáculo caminho: nao  (count: 0)
  Objeto [object_1]: tipo=box  massa=1.0 kg  tamanho=[0.045, 0.03, 0.02]
  Target goal     : {'type': 'goal_sequence', 'targets': [{'name': 'target', 'position': [0.15000000596046448, 0.0, 0.019999999552965164]}], 'mode': 'goal_sequence'}
  Mesa            : 1.1x0.7x0.4 m  offset_x=-0.3
  Robô config     : control=ee  block_gripper=False  base=[-0.6, 0.0, 0.05]
  Scripts         : ['script_1', 'reach_only', 'left_right']
  Juntas ângulos  : [-0.00, +1.03, -0.00, -1.25, +0.00, +2.28, +0.78]
  Juntas veloc.   : [+0.00, -0.00, +0.00, +0.00, +0.00, +0.00, -0.00]
  Cubo rotação    : [+0.000, -0.002, -0.023]  (roll/pitch/yaw)
  Cubo vel.linear : [+0.001, -0.000, +0.002]
────────────────────────────────────────────
 Ep  1 | Step  77
────────────────────────────────────────────
  Task            : OBJECT_DELIVERY_SEQUENCE
  Action          : [+0.000, +0.000, +0.000, +1.000]
  EE posição      : [+0.147, -0.000, +0.024]
  EE velocidade   : [+0.000, +0.000, +0.000]
  Garra           : 0.080 m  (ABERTA)
  Cubo posição    : [+0.166, +0.007, +0.010]
  Target (target): [+0.150, +0.000, +0.020]
  Dist EE→Cubo    : 0.0249 m
  Dist Cubo→target: 0.0201 m
  Reward          : -0.0201
  Sucesso         : False
  Obstáculo caminho: nao  (count: 0)
  Objeto [object_1]: tipo=box  massa=1.0 kg  tamanho=[0.045, 0.03, 0.02]
  Target goal     : {'type': 'goal_sequence', 'targets': [{'name': 'target', 'position': [0.15000000596046448, 0.0, 0.019999999552965164]}], 'mode': 'goal_sequence'}
  Mesa            : 1.1x0.7x0.4 m  offset_x=-0.3
  Robô config     : control=ee  block_gripper=False  base=[-0.6, 0.0, 0.05]
  Scripts         : ['script_1', 'reach_only', 'left_right']
  Juntas ângulos  : [-0.00, +1.03, -0.00, -1.25, +0.00, +2.28, +0.78]
  Juntas veloc.   : [+0.00, -0.00, +0.00, +0.00, +0.00, +0.00, -0.00]
  Cubo rotação    : [+0.000, -0.000, -0.023]  (roll/pitch/yaw)
  Cubo vel.linear : [+0.000, -0.000, +0.000]
────────────────────────────────────────────
 Ep  1 | Step  78
────────────────────────────────────────────
  Task            : OBJECT_DELIVERY_SEQUENCE
  Action          : [+0.000, +0.000, +0.000, +1.000]
  EE posição      : [+0.147, -0.000, +0.024]
  EE velocidade   : [+0.000, +0.000, +0.000]
  Garra           : 0.080 m  (ABERTA)
  Cubo posição    : [+0.166, +0.007, +0.010]
  Target (target): [+0.150, +0.000, +0.020]
  Dist EE→Cubo    : 0.0249 m
  Dist Cubo→target: 0.0201 m
  Reward          : -0.0201
  Sucesso         : False
  Obstáculo caminho: nao  (count: 0)
  Objeto [object_1]: tipo=box  massa=1.0 kg  tamanho=[0.045, 0.03, 0.02]
  Target goal     : {'type': 'goal_sequence', 'targets': [{'name': 'target', 'position': [0.15000000596046448, 0.0, 0.019999999552965164]}], 'mode': 'goal_sequence'}
  Mesa            : 1.1x0.7x0.4 m  offset_x=-0.3
  Robô config     : control=ee  block_gripper=False  base=[-0.6, 0.0, 0.05]
  Scripts         : ['script_1', 'reach_only', 'left_right']
  Juntas ângulos  : [-0.00, +1.03, -0.00, -1.25, +0.00, +2.28, +0.78]
  Juntas veloc.   : [+0.00, -0.00, -0.00, -0.00, +0.00, +0.00, -0.00]
  Cubo rotação    : [+0.000, -0.000, -0.023]  (roll/pitch/yaw)
  Cubo vel.linear : [+0.000, -0.000, +0.000]
────────────────────────────────────────────
 Ep  1 | Step  79
────────────────────────────────────────────
  Task            : OBJECT_DELIVERY_SEQUENCE
  Action          : [+0.000, +0.000, +0.000, +1.000]
  EE posição      : [+0.147, -0.000, +0.024]
  EE velocidade   : [-0.000, -0.000, -0.000]
  Garra           : 0.080 m  (ABERTA)
  Cubo posição    : [+0.166, +0.007, +0.010]
  Target (target): [+0.150, +0.000, +0.020]
  Dist EE→Cubo    : 0.0249 m
  Dist Cubo→target: 0.0201 m
  Reward          : -0.0201
  Sucesso         : True
  Obstáculo caminho: nao  (count: 0)
  Objeto [object_1]: tipo=box  massa=1.0 kg  tamanho=[0.045, 0.03, 0.02]
  Target goal     : {'type': 'goal_sequence', 'targets': [{'name': 'target', 'position': [0.15000000596046448, 0.0, 0.019999999552965164]}], 'mode': 'goal_sequence'}
  Mesa            : 1.1x0.7x0.4 m  offset_x=-0.3
  Robô config     : control=ee  block_gripper=False  base=[-0.6, 0.0, 0.05]
  Scripts         : ['script_1', 'reach_only', 'left_right']
  Juntas ângulos  : [-0.00, +1.03, -0.00, -1.25, +0.00, +2.28, +0.78]
  Juntas veloc.   : [+0.00, -0.00, -0.00, -0.00, +0.00, +0.00, -0.00]
  Cubo rotação    : [+0.000, -0.000, -0.023]  (roll/pitch/yaw)
  Cubo vel.linear : [+0.000, -0.000, +0.000]
