────────────────────────────────────────────
 Ep  1 | Step   1
────────────────────────────────────────────
  Task            : OBJECT_DELIVERY_SEQUENCE
  Action          : [-0.984, +0.000, -0.179, +1.000]
  EE posição      : [+0.009, +0.000, +0.191]
  EE velocidade   : [-0.416, +0.000, -0.050]
  Garra           : 0.070 m  (ABERTA)
  Cubo posição    : [-0.250, +0.000, +0.020]
  Target (target): [+0.150, +0.000, +0.020]
  Dist EE→Cubo    : 0.3106 m
  Dist Cubo→target: 0.4000 m
  Reward          : -0.4000
  Sucesso         : False
  Obstáculo caminho: nao  (count: 0)
  Objeto [object_1]: tipo=box  massa=1.0 kg  tamanho=[0.04, 0.04, 0.04]
  Target goal     : {'type': 'goal_sequence', 'targets': [{'name': 'target', 'position': [0.15000000596046448, 0.0, 0.019999999552965164]}], 'mode': 'goal_sequence'}
  Mesa            : 1.1x0.7x0.4 m  offset_x=-0.3
  Robô config     : control=ee  block_gripper=False  base=[-0.6, 0.0, 0.05]
  Scripts         : ['script_1', 'reach_only', 'left_right']
  Juntas ângulos  : [-0.00, +0.34, +0.00, -1.98, -0.00, +2.32, +0.79]
  Juntas veloc.   : [-0.00, -0.95, +0.01, -1.57, -0.00, +0.45, -0.03]
  Cubo rotação    : [+0.000, -0.000, -0.000]  (roll/pitch/yaw)
  Cubo vel.linear : [-0.000, +0.000, -0.000]
────────────────────────────────────────────
 Ep  1 | Step   2
────────────────────────────────────────────
  Task            : OBJECT_DELIVERY_SEQUENCE
  Action          : [-0.985, -0.000, -0.173, +1.000]
  EE posição      : [-0.022, +0.000, +0.184]
  EE velocidade   : [-0.369, +0.000, -0.076]
  Garra           : 0.079 m  (ABERTA)
  Cubo posição    : [-0.250, +0.000, +0.020]
  Target (target): [+0.150, +0.000, +0.020]
  Dist EE→Cubo    : 0.2806 m
  Dist Cubo→target: 0.4000 m
  Reward          : -0.4000
  Sucesso         : False
  Obstáculo caminho: nao  (count: 0)
  Objeto [object_1]: tipo=box  massa=1.0 kg  tamanho=[0.04, 0.04, 0.04]
  Target goal     : {'type': 'goal_sequence', 'targets': [{'name': 'target', 'position': [0.15000000596046448, 0.0, 0.019999999552965164]}], 'mode': 'goal_sequence'}
  Mesa            : 1.1x0.7x0.4 m  offset_x=-0.3
  Robô config     : control=ee  block_gripper=False  base=[-0.6, 0.0, 0.05]
  Scripts         : ['script_1', 'reach_only', 'left_right']
  Juntas ângulos  : [-0.00, +0.27, +0.00, -2.11, -0.00, +2.38, +0.79]
  Juntas veloc.   : [-0.00, -0.76, +0.00, -1.33, +0.00, +0.44, -0.00]
  Cubo rotação    : [+0.000, -0.000, -0.000]  (roll/pitch/yaw)
  Cubo vel.linear : [-0.000, +0.000, -0.000]
────────────────────────────────────────────
 Ep  1 | Step   3
────────────────────────────────────────────
  Task            : OBJECT_DELIVERY_SEQUENCE
  Action          : [-0.985, -0.000, -0.170, +1.000]
  EE posição      : [-0.056, +0.000, +0.177]
  EE velocidade   : [-0.389, +0.000, -0.065]
  Garra           : 0.080 m  (ABERTA)
  Cubo posição    : [-0.250, +0.000, +0.020]
  Target (target): [+0.150, +0.000, +0.020]
  Dist EE→Cubo    : 0.2501 m
  Dist Cubo→target: 0.4000 m
  Reward          : -0.4000
  Sucesso         : False
  Obstáculo caminho: nao  (count: 0)
  Objeto [object_1]: tipo=box  massa=1.0 kg  tamanho=[0.04, 0.04, 0.04]
  Target goal     : {'type': 'goal_sequence', 'targets': [{'name': 'target', 'position': [0.15000000596046448, 0.0, 0.019999999552965164]}], 'mode': 'goal_sequence'}
  Mesa            : 1.1x0.7x0.4 m  offset_x=-0.3
  Robô config     : control=ee  block_gripper=False  base=[-0.6, 0.0, 0.05]
  Scripts         : ['script_1', 'reach_only', 'left_right']
  Juntas ângulos  : [-0.00, +0.20, +0.00, -2.23, -0.00, +2.43, +0.79]
  Juntas veloc.   : [-0.00, -0.80, +0.00, -1.35, +0.00, +0.43, -0.00]
  Cubo rotação    : [+0.000, -0.000, -0.000]  (roll/pitch/yaw)
  Cubo vel.linear : [-0.000, +0.000, -0.000]
────────────────────────────────────────────
 Ep  1 | Step   4
────────────────────────────────────────────
  Task            : OBJECT_DELIVERY_SEQUENCE
  Action          : [-0.986, -0.000, -0.164, +1.000]
  EE posição      : [-0.090, +0.000, +0.171]
  EE velocidade   : [-0.401, +0.000, -0.070]
  Garra           : 0.080 m  (ABERTA)
  Cubo posição    : [-0.250, +0.000, +0.020]
  Target (target): [+0.150, +0.000, +0.020]
  Dist EE→Cubo    : 0.2199 m
  Dist Cubo→target: 0.4000 m
  Reward          : -0.4000
  Sucesso         : False
  Obstáculo caminho: nao  (count: 0)
  Objeto [object_1]: tipo=box  massa=1.0 kg  tamanho=[0.04, 0.04, 0.04]
  Target goal     : {'type': 'goal_sequence', 'targets': [{'name': 'target', 'position': [0.15000000596046448, 0.0, 0.019999999552965164]}], 'mode': 'goal_sequence'}
  Mesa            : 1.1x0.7x0.4 m  offset_x=-0.3
  Robô config     : control=ee  block_gripper=False  base=[-0.6, 0.0, 0.05]
  Scripts         : ['script_1', 'reach_only', 'left_right']
  Juntas ângulos  : [-0.00, +0.13, +0.00, -2.36, -0.00, +2.48, +0.79]
  Juntas veloc.   : [-0.00, -0.80, +0.00, -1.33, +0.00, +0.41, -0.00]
  Cubo rotação    : [+0.000, -0.000, -0.000]  (roll/pitch/yaw)
  Cubo vel.linear : [-0.000, +0.000, -0.000]
────────────────────────────────────────────
 Ep  1 | Step   5
────────────────────────────────────────────
  Task            : OBJECT_DELIVERY_SEQUENCE
  Action          : [-0.988, -0.000, -0.158, +1.000]
  EE posição      : [-0.125, +0.000, +0.163]
  EE velocidade   : [-0.381, +0.001, -0.049]
  Garra           : 0.080 m  (ABERTA)
  Cubo posição    : [-0.250, +0.000, +0.020]
  Target (target): [+0.150, +0.000, +0.020]
  Dist EE→Cubo    : 0.1900 m
  Dist Cubo→target: 0.4000 m
  Reward          : -0.4000
  Sucesso         : False
  Obstáculo caminho: nao  (count: 0)
  Objeto [object_1]: tipo=box  massa=1.0 kg  tamanho=[0.04, 0.04, 0.04]
  Target goal     : {'type': 'goal_sequence', 'targets': [{'name': 'target', 'position': [0.15000000596046448, 0.0, 0.019999999552965164]}], 'mode': 'goal_sequence'}
  Mesa            : 1.1x0.7x0.4 m  offset_x=-0.3
  Robô config     : control=ee  block_gripper=False  base=[-0.6, 0.0, 0.05]
  Scripts         : ['script_1', 'reach_only', 'left_right']
  Juntas ângulos  : [-0.00, +0.06, +0.00, -2.48, -0.00, +2.54, +0.79]
  Juntas veloc.   : [-0.00, -0.81, +0.00, -1.25, +0.00, +0.39, -0.00]
  Cubo rotação    : [+0.000, -0.000, -0.000]  (roll/pitch/yaw)
  Cubo vel.linear : [-0.000, +0.000, -0.000]
────────────────────────────────────────────
 Ep  1 | Step   6
────────────────────────────────────────────
  Task            : OBJECT_DELIVERY_SEQUENCE
  Action          : [-0.990, -0.001, -0.144, +1.000]
  EE posição      : [-0.161, +0.000, +0.156]
  EE velocidade   : [-0.408, +0.001, -0.067]
  Garra           : 0.080 m  (ABERTA)
  Cubo posição    : [-0.250, +0.000, +0.020]
  Target (target): [+0.150, +0.000, +0.020]
  Dist EE→Cubo    : 0.1629 m
  Dist Cubo→target: 0.4000 m
  Reward          : -0.4000
  Sucesso         : False
  Obstáculo caminho: nao  (count: 0)
  Objeto [object_1]: tipo=box  massa=1.0 kg  tamanho=[0.04, 0.04, 0.04]
  Target goal     : {'type': 'goal_sequence', 'targets': [{'name': 'target', 'position': [0.15000000596046448, 0.0, 0.019999999552965164]}], 'mode': 'goal_sequence'}
  Mesa            : 1.1x0.7x0.4 m  offset_x=-0.3
  Robô config     : control=ee  block_gripper=False  base=[-0.6, 0.0, 0.05]
  Scripts         : ['script_1', 'reach_only', 'left_right']
  Juntas ângulos  : [-0.00, -0.02, +0.00, -2.60, +0.00, +2.58, +0.79]
  Juntas veloc.   : [-0.00, -0.83, +0.00, -1.28, +0.00, +0.37, -0.00]
  Cubo rotação    : [+0.000, -0.000, -0.000]  (roll/pitch/yaw)
  Cubo vel.linear : [-0.000, +0.000, -0.000]
────────────────────────────────────────────
 Ep  1 | Step   7
────────────────────────────────────────────
  Task            : OBJECT_DELIVERY_SEQUENCE
  Action          : [-0.992, -0.001, -0.125, +1.000]
  EE posição      : [-0.197, +0.000, +0.149]
  EE velocidade   : [-0.431, +0.000, -0.082]
  Garra           : 0.080 m  (ABERTA)
  Cubo posição    : [-0.250, +0.000, +0.020]
  Target (target): [+0.150, +0.000, +0.020]
  Dist EE→Cubo    : 0.1396 m
  Dist Cubo→target: 0.4000 m
  Reward          : -0.4000
  Sucesso         : False
  Obstáculo caminho: nao  (count: 0)
  Objeto [object_1]: tipo=box  massa=1.0 kg  tamanho=[0.04, 0.04, 0.04]
  Target goal     : {'type': 'goal_sequence', 'targets': [{'name': 'target', 'position': [0.15000000596046448, 0.0, 0.019999999552965164]}], 'mode': 'goal_sequence'}
  Mesa            : 1.1x0.7x0.4 m  offset_x=-0.3
  Robô config     : control=ee  block_gripper=False  base=[-0.6, 0.0, 0.05]
  Scripts         : ['script_1', 'reach_only', 'left_right']
  Juntas ângulos  : [-0.00, -0.09, +0.00, -2.72, +0.00, +2.63, +0.79]
  Juntas veloc.   : [-0.00, -0.85, +0.00, -1.30, +0.00, +0.34, -0.00]
  Cubo rotação    : [+0.000, -0.000, -0.000]  (roll/pitch/yaw)
  Cubo vel.linear : [-0.000, +0.000, -0.000]
────────────────────────────────────────────
 Ep  1 | Step   8
────────────────────────────────────────────
  Task            : OBJECT_DELIVERY_SEQUENCE
  Action          : [-0.997, -0.001, -0.079, +1.000]
  EE posição      : [-0.234, +0.000, +0.143]
  EE velocidade   : [-0.430, -0.000, -0.072]
  Garra           : 0.080 m  (ABERTA)
  Cubo posição    : [-0.250, +0.000, +0.020]
  Target (target): [+0.150, +0.000, +0.020]
  Dist EE→Cubo    : 0.1238 m
  Dist Cubo→target: 0.4000 m
  Reward          : -0.4000
  Sucesso         : False
  Obstáculo caminho: nao  (count: 0)
  Objeto [object_1]: tipo=box  massa=1.0 kg  tamanho=[0.04, 0.04, 0.04]
  Target goal     : {'type': 'goal_sequence', 'targets': [{'name': 'target', 'position': [0.15000000596046448, 0.0, 0.019999999552965164]}], 'mode': 'goal_sequence'}
  Mesa            : 1.1x0.7x0.4 m  offset_x=-0.3
  Robô config     : control=ee  block_gripper=False  base=[-0.6, 0.0, 0.05]
  Scripts         : ['script_1', 'reach_only', 'left_right']
  Juntas ângulos  : [-0.00, -0.17, +0.00, -2.83, +0.00, +2.66, +0.79]
  Juntas veloc.   : [+0.00, -0.93, +0.00, -1.29, +0.00, +0.28, -0.00]
  Cubo rotação    : [+0.000, -0.000, -0.000]  (roll/pitch/yaw)
  Cubo vel.linear : [-0.000, +0.000, -0.000]
────────────────────────────────────────────
 Ep  1 | Step   9
────────────────────────────────────────────
  Task            : OBJECT_DELIVERY_SEQUENCE
  Action          : [-0.991, -0.001, +0.136, +1.000]
  EE posição      : [-0.271, -0.000, +0.139]
  EE velocidade   : [-0.374, -0.000, +0.026]
  Garra           : 0.080 m  (ABERTA)
  Cubo posição    : [-0.250, +0.000, +0.020]
  Target (target): [+0.150, +0.000, +0.020]
  Dist EE→Cubo    : 0.1214 m
  Dist Cubo→target: 0.4000 m
  Reward          : -0.4000
  Sucesso         : False
  Obstáculo caminho: nao  (count: 0)
  Objeto [object_1]: tipo=box  massa=1.0 kg  tamanho=[0.04, 0.04, 0.04]
  Target goal     : {'type': 'goal_sequence', 'targets': [{'name': 'target', 'position': [0.15000000596046448, 0.0, 0.019999999552965164]}], 'mode': 'goal_sequence'}
  Mesa            : 1.1x0.7x0.4 m  offset_x=-0.3
  Robô config     : control=ee  block_gripper=False  base=[-0.6, 0.0, 0.05]
  Scripts         : ['script_1', 'reach_only', 'left_right']
  Juntas ângulos  : [-0.00, -0.26, +0.00, -2.95, +0.00, +2.67, +0.79]
  Juntas veloc.   : [+0.00, -1.30, -0.00, -1.23, +0.00, +0.06, -0.00]
  Cubo rotação    : [+0.000, -0.000, -0.000]  (roll/pitch/yaw)
  Cubo vel.linear : [-0.000, +0.000, -0.000]
────────────────────────────────────────────
 Ep  1 | Step  10
────────────────────────────────────────────
  Task            : OBJECT_DELIVERY_SEQUENCE
  Action          : [+0.221, +0.000, -0.975, +1.000]
  EE posição      : [-0.259, -0.000, +0.128]
  EE velocidade   : [-0.410, +0.000, -1.063]
  Garra           : 0.080 m  (ABERTA)
  Cubo posição    : [-0.250, +0.000, +0.020]
  Target (target): [+0.150, +0.000, +0.020]
  Dist EE→Cubo    : 0.1080 m
  Dist Cubo→target: 0.4000 m
  Reward          : -0.4000
  Sucesso         : False
  Obstáculo caminho: nao  (count: 0)
  Objeto [object_1]: tipo=box  massa=1.0 kg  tamanho=[0.04, 0.04, 0.04]
  Target goal     : {'type': 'goal_sequence', 'targets': [{'name': 'target', 'position': [0.15000000596046448, 0.0, 0.019999999552965164]}], 'mode': 'goal_sequence'}
  Mesa            : 1.1x0.7x0.4 m  offset_x=-0.3
  Robô config     : control=ee  block_gripper=False  base=[-0.6, 0.0, 0.05]
  Scripts         : ['script_1', 'reach_only', 'left_right']
  Juntas ângulos  : [-0.00, -0.18, +0.00, -2.94, +0.00, +2.79, +0.79]
  Juntas veloc.   : [-0.00, +3.63, +0.00, +0.27, -0.00, +0.94, +0.00]
  Cubo rotação    : [+0.000, -0.000, -0.000]  (roll/pitch/yaw)
  Cubo vel.linear : [-0.000, +0.000, -0.000]
────────────────────────────────────────────
 Ep  1 | Step  11
────────────────────────────────────────────
  Task            : OBJECT_DELIVERY_SEQUENCE
  Action          : [+0.109, +0.000, -0.994, +1.000]
  EE posição      : [-0.265, -0.000, +0.088]
  EE velocidade   : [-0.271, +0.000, -0.620]
  Garra           : 0.080 m  (ABERTA)
  Cubo posição    : [-0.250, +0.000, +0.020]
  Target (target): [+0.150, +0.000, +0.020]
  Dist EE→Cubo    : 0.0700 m
  Dist Cubo→target: 0.4000 m
  Reward          : -0.4000
  Sucesso         : False
  Obstáculo caminho: nao  (count: 0)
  Objeto [object_1]: tipo=box  massa=1.0 kg  tamanho=[0.04, 0.04, 0.04]
  Target goal     : {'type': 'goal_sequence', 'targets': [{'name': 'target', 'position': [0.15000000596046448, 0.0, 0.019999999552965164]}], 'mode': 'goal_sequence'}
  Mesa            : 1.1x0.7x0.4 m  offset_x=-0.3
  Robô config     : control=ee  block_gripper=False  base=[-0.6, 0.0, 0.05]
  Scripts         : ['script_1', 'reach_only', 'left_right']
  Juntas ângulos  : [-0.00, -0.03, +0.00, -2.91, +0.00, +2.86, +0.79]
  Juntas veloc.   : [-0.00, +2.19, +0.00, +0.28, -0.00, +0.51, +0.00]
  Cubo rotação    : [+0.000, -0.000, -0.000]  (roll/pitch/yaw)
  Cubo vel.linear : [+0.000, +0.000, +0.000]
────────────────────────────────────────────
 Ep  1 | Step  12
────────────────────────────────────────────
  Task            : OBJECT_DELIVERY_SEQUENCE
  Action          : [+0.322, +0.000, -0.947, +1.000]
  EE posição      : [-0.257, -0.000, +0.059]
  EE velocidade   : [-0.178, +0.000, -0.588]
  Garra           : 0.080 m  (ABERTA)
  Cubo posição    : [-0.250, +0.000, +0.020]
  Target (target): [+0.150, +0.000, +0.020]
  Dist EE→Cubo    : 0.0391 m
  Dist Cubo→target: 0.4000 m
  Reward          : -0.4000
  Sucesso         : False
  Obstáculo caminho: nao  (count: 0)
  Objeto [object_1]: tipo=box  massa=1.0 kg  tamanho=[0.04, 0.04, 0.04]
  Target goal     : {'type': 'goal_sequence', 'targets': [{'name': 'target', 'position': [0.15000000596046448, 0.0, 0.019999999552965164]}], 'mode': 'goal_sequence'}
  Mesa            : 1.1x0.7x0.4 m  offset_x=-0.3
  Robô config     : control=ee  block_gripper=False  base=[-0.6, 0.0, 0.05]
  Scripts         : ['script_1', 'reach_only', 'left_right']
  Juntas ângulos  : [-0.00, +0.11, +0.00, -2.87, -0.00, +2.97, +0.79]
  Juntas veloc.   : [+0.00, +2.20, -0.00, +0.42, -0.00, +0.87, +0.00]
  Cubo rotação    : [+0.000, -0.000, -0.000]  (roll/pitch/yaw)
  Cubo vel.linear : [+0.000, -0.000, +0.000]
────────────────────────────────────────────
 Ep  1 | Step  13
────────────────────────────────────────────
  Task            : OBJECT_DELIVERY_SEQUENCE
  Action          : [+0.444, +0.001, -0.896, +1.000]
  EE posição      : [-0.245, +0.000, +0.027]
  EE velocidade   : [-0.104, +0.000, -0.615]
  Garra           : 0.080 m  (ABERTA)
  Cubo posição    : [-0.250, +0.000, +0.020]
  Target (target): [+0.150, +0.000, +0.020]
  Dist EE→Cubo    : 0.0092 m
  Dist Cubo→target: 0.4000 m
  Reward          : -0.4000
  Sucesso         : False
  Obstáculo caminho: nao  (count: 0)
  Objeto [object_1]: tipo=box  massa=1.0 kg  tamanho=[0.04, 0.04, 0.04]
  Target goal     : {'type': 'goal_sequence', 'targets': [{'name': 'target', 'position': [0.15000000596046448, 0.0, 0.019999999552965164]}], 'mode': 'goal_sequence'}
  Mesa            : 1.1x0.7x0.4 m  offset_x=-0.3
  Robô config     : control=ee  block_gripper=False  base=[-0.6, 0.0, 0.05]
  Scripts         : ['script_1', 'reach_only', 'left_right']
  Juntas ângulos  : [-0.00, +0.26, +0.00, -2.81, -0.00, +3.05, +0.79]
  Juntas veloc.   : [+0.00, +2.32, -0.00, +0.80, -0.00, +0.62, +0.00]
  Cubo rotação    : [-0.000, -0.000, -0.000]  (roll/pitch/yaw)
  Cubo vel.linear : [+0.000, -0.000, +0.000]
────────────────────────────────────────────
 Ep  1 | Step  14
────────────────────────────────────────────
  Task            : OBJECT_DELIVERY_SEQUENCE
  Action          : [+0.000, +0.000, +0.000, -1.000]
  EE posição      : [-0.249, +0.000, +0.023]
  EE velocidade   : [+0.212, -0.000, +0.259]
  Garra           : 0.039 m  (AGARRADA)
  Cubo posição    : [-0.247, +0.000, +0.024]
  Target (target): [+0.150, +0.000, +0.020]
  Dist EE→Cubo    : 0.0015 m
  Dist Cubo→target: 0.3975 m
  Reward          : -0.3975
  Sucesso         : False
  Obstáculo caminho: nao  (count: 0)
  Objeto [object_1]: tipo=box  massa=1.0 kg  tamanho=[0.04, 0.04, 0.04]
  Target goal     : {'type': 'goal_sequence', 'targets': [{'name': 'target', 'position': [0.15000000596046448, 0.0, 0.019999999552965164]}], 'mode': 'goal_sequence'}
  Mesa            : 1.1x0.7x0.4 m  offset_x=-0.3
  Robô config     : control=ee  block_gripper=False  base=[-0.6, 0.0, 0.05]
  Scripts         : ['script_1', 'reach_only', 'left_right']
  Juntas ângulos  : [-0.00, +0.27, +0.00, -2.82, -0.00, +3.07, +0.79]
  Juntas veloc.   : [+0.00, -0.75, -0.00, -0.09, -0.00, +0.14, +0.00]
  Cubo rotação    : [-0.002, -0.013, +0.006]  (roll/pitch/yaw)
  Cubo vel.linear : [+0.211, +0.020, +0.259]
────────────────────────────────────────────
 Ep  1 | Step  15
────────────────────────────────────────────
  Task            : OBJECT_DELIVERY_SEQUENCE
  Action          : [+0.000, +0.000, +0.000, -1.000]
  EE posição      : [-0.248, -0.000, +0.024]
  EE velocidade   : [-0.009, -0.000, -0.007]
  Garra           : 0.038 m  (AGARRADA)
  Cubo posição    : [-0.247, +0.001, +0.024]
  Target (target): [+0.150, +0.000, +0.020]
  Dist EE→Cubo    : 0.0015 m
  Dist Cubo→target: 0.3974 m
  Reward          : -0.3974
  Sucesso         : False
  Obstáculo caminho: nao  (count: 0)
  Objeto [object_1]: tipo=box  massa=1.0 kg  tamanho=[0.04, 0.04, 0.04]
  Target goal     : {'type': 'goal_sequence', 'targets': [{'name': 'target', 'position': [0.15000000596046448, 0.0, 0.019999999552965164]}], 'mode': 'goal_sequence'}
  Mesa            : 1.1x0.7x0.4 m  offset_x=-0.3
  Robô config     : control=ee  block_gripper=False  base=[-0.6, 0.0, 0.05]
  Scripts         : ['script_1', 'reach_only', 'left_right']
  Juntas ângulos  : [-0.00, +0.27, +0.00, -2.82, -0.00, +3.09, +0.79]
  Juntas veloc.   : [+0.00, +0.03, -0.00, -0.06, -0.00, +0.16, +0.00]
  Cubo rotação    : [-0.001, -0.026, +0.005]  (roll/pitch/yaw)
  Cubo vel.linear : [-0.009, +0.021, -0.007]
────────────────────────────────────────────
 Ep  1 | Step  16
────────────────────────────────────────────
  Task            : OBJECT_DELIVERY_SEQUENCE
  Action          : [+0.000, +0.000, +1.000, -1.000]
  EE posição      : [-0.265, +0.000, +0.034]
  EE velocidade   : [+0.321, +0.000, +0.691]
  Garra           : 0.037 m  (AGARRADA)
  Cubo posição    : [-0.262, +0.002, +0.036]
  Target (target): [+0.150, +0.000, +0.020]
  Dist EE→Cubo    : 0.0036 m
  Dist Cubo→target: 0.4127 m
  Reward          : -0.4127
  Sucesso         : False
  Obstáculo caminho: nao  (count: 0)
  Objeto [object_1]: tipo=box  massa=1.0 kg  tamanho=[0.04, 0.04, 0.04]
  Target goal     : {'type': 'goal_sequence', 'targets': [{'name': 'target', 'position': [0.15000000596046448, 0.0, 0.019999999552965164]}], 'mode': 'goal_sequence'}
  Mesa            : 1.1x0.7x0.4 m  offset_x=-0.3
  Robô config     : control=ee  block_gripper=False  base=[-0.6, 0.0, 0.05]
  Scripts         : ['script_1', 'reach_only', 'left_right']
  Juntas ângulos  : [-0.00, +0.19, +0.00, -2.85, -0.00, +2.99, +0.79]
  Juntas veloc.   : [-0.00, -2.48, +0.00, -0.41, +0.00, -0.79, -0.00]
  Cubo rotação    : [+0.001, +0.040, +0.002]  (roll/pitch/yaw)
  Cubo vel.linear : [+0.320, +0.020, +0.693]
────────────────────────────────────────────
 Ep  1 | Step  17
────────────────────────────────────────────
  Task            : OBJECT_DELIVERY_SEQUENCE
  Action          : [+0.000, +0.000, +1.000, -1.000]
  EE posição      : [-0.262, +0.000, +0.066]
  EE velocidade   : [+0.109, -0.000, +0.405]
  Garra           : 0.038 m  (AGARRADA)
  Cubo posição    : [-0.260, +0.003, +0.067]
  Target (target): [+0.150, +0.000, +0.020]
  Dist EE→Cubo    : 0.0037 m
  Dist Cubo→target: 0.4129 m
  Reward          : -0.4129
  Sucesso         : False
  Obstáculo caminho: nao  (count: 0)
  Objeto [object_1]: tipo=box  massa=1.0 kg  tamanho=[0.04, 0.04, 0.04]
  Target goal     : {'type': 'goal_sequence', 'targets': [{'name': 'target', 'position': [0.15000000596046448, 0.0, 0.019999999552965164]}], 'mode': 'goal_sequence'}
  Mesa            : 1.1x0.7x0.4 m  offset_x=-0.3
  Robô config     : control=ee  block_gripper=False  base=[-0.6, 0.0, 0.05]
  Scripts         : ['script_1', 'reach_only', 'left_right']
  Juntas ângulos  : [-0.00, +0.06, +0.00, -2.90, -0.00, +2.95, +0.79]
  Juntas veloc.   : [-0.00, -1.57, -0.00, -0.43, +0.00, -0.28, -0.00]
  Cubo rotação    : [+0.001, -0.009, +0.002]  (roll/pitch/yaw)
  Cubo vel.linear : [+0.107, +0.020, +0.406]
────────────────────────────────────────────
 Ep  1 | Step  18
────────────────────────────────────────────
  Task            : OBJECT_DELIVERY_SEQUENCE
  Action          : [+0.000, +0.000, +1.000, -1.000]
  EE posição      : [-0.262, +0.000, +0.092]
  EE velocidade   : [+0.269, -0.000, +0.579]
  Garra           : 0.038 m  (AGARRADA)
  Cubo posição    : [-0.259, +0.004, +0.094]
  Target (target): [+0.150, +0.000, +0.020]
  Dist EE→Cubo    : 0.0052 m
  Dist Cubo→target: 0.4154 m
  Reward          : -0.4154
  Sucesso         : False
  Obstáculo caminho: nao  (count: 0)
  Objeto [object_1]: tipo=box  massa=1.0 kg  tamanho=[0.04, 0.04, 0.04]
  Target goal     : {'type': 'goal_sequence', 'targets': [{'name': 'target', 'position': [0.15000000596046448, 0.0, 0.019999999552965164]}], 'mode': 'goal_sequence'}
  Mesa            : 1.1x0.7x0.4 m  offset_x=-0.3
  Robô config     : control=ee  block_gripper=False  base=[-0.6, 0.0, 0.05]
  Scripts         : ['script_1', 'reach_only', 'left_right']
  Juntas ângulos  : [-0.00, -0.05, +0.00, -2.91, -0.00, +2.85, +0.79]
  Juntas veloc.   : [+0.00, -1.96, -0.00, -0.06, +0.00, -0.80, -0.00]
  Cubo rotação    : [+0.002, +0.001, +0.002]  (roll/pitch/yaw)
  Cubo vel.linear : [+0.267, +0.021, +0.582]
────────────────────────────────────────────
 Ep  1 | Step  19
────────────────────────────────────────────
  Task            : OBJECT_DELIVERY_SEQUENCE
  Action          : [+0.000, +0.000, +1.000, -1.000]
  EE posição      : [-0.258, +0.000, +0.122]
  EE velocidade   : [+0.155, -0.000, +0.463]
  Garra           : 0.038 m  (AGARRADA)
  Cubo posição    : [-0.255, +0.005, +0.123]
  Target (target): [+0.150, +0.000, +0.020]
  Dist EE→Cubo    : 0.0061 m
  Dist Cubo→target: 0.4176 m
  Reward          : -0.4176
  Sucesso         : False
  Obstáculo caminho: nao  (count: 0)
  Objeto [object_1]: tipo=box  massa=1.0 kg  tamanho=[0.04, 0.04, 0.04]
  Target goal     : {'type': 'goal_sequence', 'targets': [{'name': 'target', 'position': [0.15000000596046448, 0.0, 0.019999999552965164]}], 'mode': 'goal_sequence'}
  Mesa            : 1.1x0.7x0.4 m  offset_x=-0.3
  Robô config     : control=ee  block_gripper=False  base=[-0.6, 0.0, 0.05]
  Scripts         : ['script_1', 'reach_only', 'left_right']
  Juntas ângulos  : [-0.00, -0.16, +0.00, -2.91, +0.00, +2.74, +0.79]
  Juntas veloc.   : [+0.00, -1.56, -0.00, -0.00, +0.00, -0.82, -0.00]
  Cubo rotação    : [+0.002, -0.000, +0.001]  (roll/pitch/yaw)
  Cubo vel.linear : [+0.154, +0.020, +0.465]
────────────────────────────────────────────
 Ep  1 | Step  20
────────────────────────────────────────────
  Task            : OBJECT_DELIVERY_SEQUENCE
  Action          : [+0.000, +0.000, +1.000, -1.000]
  EE posição      : [-0.255, -0.000, +0.151]
  EE velocidade   : [+0.166, +0.000, +0.522]
  Garra           : 0.038 m  (AGARRADA)
  Cubo posição    : [-0.251, +0.005, +0.153]
  Target (target): [+0.150, +0.000, +0.020]
  Dist EE→Cubo    : 0.0068 m
  Dist Cubo→target: 0.4227 m
  Reward          : -0.4227
  Sucesso         : False
  Obstáculo caminho: nao  (count: 0)
  Objeto [object_1]: tipo=box  massa=1.0 kg  tamanho=[0.04, 0.04, 0.04]
  Target goal     : {'type': 'goal_sequence', 'targets': [{'name': 'target', 'position': [0.15000000596046448, 0.0, 0.019999999552965164]}], 'mode': 'goal_sequence'}
  Mesa            : 1.1x0.7x0.4 m  offset_x=-0.3
  Robô config     : control=ee  block_gripper=False  base=[-0.6, 0.0, 0.05]
  Scripts         : ['script_1', 'reach_only', 'left_right']
  Juntas ângulos  : [-0.00, -0.26, +0.00, -2.89, +0.00, +2.62, +0.79]
  Juntas veloc.   : [+0.00, -1.60, -0.00, +0.14, +0.00, -0.92, -0.00]
  Cubo rotação    : [+0.002, +0.004, +0.002]  (roll/pitch/yaw)
  Cubo vel.linear : [+0.164, +0.021, +0.525]
────────────────────────────────────────────
 Ep  1 | Step  21
────────────────────────────────────────────
  Task            : OBJECT_DELIVERY_SEQUENCE
  Action          : [+0.000, +0.000, +1.000, -1.000]
  EE posição      : [-0.251, -0.000, +0.183]
  EE velocidade   : [+0.133, +0.000, +0.516]
  Garra           : 0.038 m  (AGARRADA)
  Cubo posição    : [-0.247, +0.006, +0.185]
  Target (target): [+0.150, +0.000, +0.020]
  Dist EE→Cubo    : 0.0074 m
  Dist Cubo→target: 0.4301 m
  Reward          : -0.4301
  Sucesso         : False
  Obstáculo caminho: nao  (count: 0)
  Objeto [object_1]: tipo=box  massa=1.0 kg  tamanho=[0.04, 0.04, 0.04]
  Target goal     : {'type': 'goal_sequence', 'targets': [{'name': 'target', 'position': [0.15000000596046448, 0.0, 0.019999999552965164]}], 'mode': 'goal_sequence'}
  Mesa            : 1.1x0.7x0.4 m  offset_x=-0.3
  Robô config     : control=ee  block_gripper=False  base=[-0.6, 0.0, 0.05]
  Scripts         : ['script_1', 'reach_only', 'left_right']
  Juntas ângulos  : [-0.00, -0.35, +0.00, -2.86, -0.00, +2.50, +0.79]
  Juntas veloc.   : [+0.00, -1.45, -0.00, +0.23, +0.01, -0.91, -0.00]
  Cubo rotação    : [+0.002, +0.002, +0.002]  (roll/pitch/yaw)
  Cubo vel.linear : [+0.130, +0.021, +0.519]
────────────────────────────────────────────
 Ep  1 | Step  22
────────────────────────────────────────────
  Task            : OBJECT_DELIVERY_SEQUENCE
  Action          : [+0.000, +0.000, -1.000, -1.000]
  EE posição      : [-0.242, -0.000, +0.178]
  EE velocidade   : [-0.306, -0.000, -0.868]
  Garra           : 0.037 m  (AGARRADA)
  Cubo posição    : [-0.241, +0.007, +0.177]
  Target (target): [+0.150, +0.000, +0.020]
  Dist EE→Cubo    : 0.0075 m
  Dist Cubo→target: 0.4211 m
  Reward          : -0.4211
  Sucesso         : False
  Obstáculo caminho: nao  (count: 0)
  Objeto [object_1]: tipo=box  massa=1.0 kg  tamanho=[0.04, 0.04, 0.04]
  Target goal     : {'type': 'goal_sequence', 'targets': [{'name': 'target', 'position': [0.15000000596046448, 0.0, 0.019999999552965164]}], 'mode': 'goal_sequence'}
  Mesa            : 1.1x0.7x0.4 m  offset_x=-0.3
  Robô config     : control=ee  block_gripper=False  base=[-0.6, 0.0, 0.05]
  Scripts         : ['script_1', 'reach_only', 'left_right']
  Juntas ângulos  : [-0.00, -0.33, +0.00, -2.90, +0.00, +2.64, +0.79]
  Juntas veloc.   : [+0.00, +2.41, -0.00, -0.30, -0.01, +1.04, -0.00]
  Cubo rotação    : [-0.001, -0.087, +0.004]  (roll/pitch/yaw)
  Cubo vel.linear : [-0.304, +0.024, -0.871]
────────────────────────────────────────────
 Ep  1 | Step  23
────────────────────────────────────────────
  Task            : OBJECT_DELIVERY_SEQUENCE
  Action          : [+1.000, +0.000, +0.000, -1.000]
  EE posição      : [-0.243, -0.000, +0.146]
  EE velocidade   : [+0.755, +0.001, -0.315]
  Garra           : 0.036 m  (AGARRADA)
  Cubo posição    : [-0.238, +0.008, +0.146]
  Target (target): [+0.150, +0.000, +0.020]
  Dist EE→Cubo    : 0.0090 m
  Dist Cubo→target: 0.4085 m
  Reward          : -0.4085
  Sucesso         : False
  Obstáculo caminho: nao  (count: 0)
  Objeto [object_1]: tipo=box  massa=1.0 kg  tamanho=[0.04, 0.04, 0.04]
  Target goal     : {'type': 'goal_sequence', 'targets': [{'name': 'target', 'position': [0.15000000596046448, 0.0, 0.019999999552965164]}], 'mode': 'goal_sequence'}
  Mesa            : 1.1x0.7x0.4 m  offset_x=-0.3
  Robô config     : control=ee  block_gripper=False  base=[-0.6, 0.0, 0.05]
  Scripts         : ['script_1', 'reach_only', 'left_right']
  Juntas ângulos  : [-0.00, -0.17, +0.00, -2.80, -0.00, +2.55, +0.79]
  Juntas veloc.   : [-0.00, +3.59, -0.00, +3.09, +0.02, -0.72, -0.00]
  Cubo rotação    : [-0.001, +0.070, +0.012]  (roll/pitch/yaw)
  Cubo vel.linear : [+0.755, +0.020, -0.316]
────────────────────────────────────────────
 Ep  1 | Step  24
────────────────────────────────────────────
  Task            : OBJECT_DELIVERY_SEQUENCE
  Action          : [+1.000, +0.000, +0.000, -1.000]
  EE posição      : [-0.206, -0.000, +0.144]
  EE velocidade   : [+0.403, -0.000, +0.191]
  Garra           : 0.035 m  (AGARRADA)
  Cubo posição    : [-0.204, +0.009, +0.145]
  Target (target): [+0.150, +0.000, +0.020]
  Dist EE→Cubo    : 0.0094 m
  Dist Cubo→target: 0.3751 m
  Reward          : -0.3751
  Sucesso         : False
  Obstáculo caminho: nao  (count: 0)
  Objeto [object_1]: tipo=box  massa=1.0 kg  tamanho=[0.04, 0.04, 0.04]
  Target goal     : {'type': 'goal_sequence', 'targets': [{'name': 'target', 'position': [0.15000000596046448, 0.0, 0.019999999552965164]}], 'mode': 'goal_sequence'}
  Mesa            : 1.1x0.7x0.4 m  offset_x=-0.3
  Robô config     : control=ee  block_gripper=False  base=[-0.6, 0.0, 0.05]
  Scripts         : ['script_1', 'reach_only', 'left_right']
  Juntas ângulos  : [-0.00, -0.09, -0.00, -2.73, -0.00, +2.61, +0.79]
  Juntas veloc.   : [+0.00, +0.17, -0.00, +0.64, +0.00, +0.51, -0.00]
  Cubo rotação    : [+0.002, +0.013, +0.001]  (roll/pitch/yaw)
  Cubo vel.linear : [+0.402, +0.023, +0.193]
────────────────────────────────────────────
 Ep  1 | Step  25
────────────────────────────────────────────
  Task            : OBJECT_DELIVERY_SEQUENCE
  Action          : [+1.000, +0.000, +0.000, -1.000]
  EE posição      : [-0.172, -0.000, +0.145]
  EE velocidade   : [+0.537, -0.002, +0.072]
  Garra           : 0.035 m  (AGARRADA)
  Cubo posição    : [-0.170, +0.010, +0.145]
  Target (target): [+0.150, +0.000, +0.020]
  Dist EE→Cubo    : 0.0104 m
  Dist Cubo→target: 0.3433 m
  Reward          : -0.3433
  Sucesso         : False
  Obstáculo caminho: nao  (count: 0)
  Objeto [object_1]: tipo=box  massa=1.0 kg  tamanho=[0.04, 0.04, 0.04]
  Target goal     : {'type': 'goal_sequence', 'targets': [{'name': 'target', 'position': [0.15000000596046448, 0.0, 0.019999999552965164]}], 'mode': 'goal_sequence'}
  Mesa            : 1.1x0.7x0.4 m  offset_x=-0.3
  Robô config     : control=ee  block_gripper=False  base=[-0.6, 0.0, 0.05]
  Scripts         : ['script_1', 'reach_only', 'left_right']
  Juntas ângulos  : [-0.00, -0.01, -0.00, -2.63, -0.00, +2.61, +0.79]
  Juntas veloc.   : [+0.00, +1.00, -0.00, +1.43, +0.00, +0.01, -0.00]
  Cubo rotação    : [+0.002, -0.004, +0.001]  (roll/pitch/yaw)
  Cubo vel.linear : [+0.537, +0.024, +0.073]
────────────────────────────────────────────
 Ep  1 | Step  26
────────────────────────────────────────────
  Task            : OBJECT_DELIVERY_SEQUENCE
  Action          : [+1.000, +0.000, +0.000, -1.000]
  EE posição      : [-0.139, -0.000, +0.142]
  EE velocidade   : [+0.459, -0.001, +0.040]
  Garra           : 0.035 m  (AGARRADA)
  Cubo posição    : [-0.136, +0.011, +0.143]
  Target (target): [+0.150, +0.000, +0.020]
  Dist EE→Cubo    : 0.0113 m
  Dist Cubo→target: 0.3113 m
  Reward          : -0.3113
  Sucesso         : False
  Obstáculo caminho: nao  (count: 0)
  Objeto [object_1]: tipo=box  massa=1.0 kg  tamanho=[0.04, 0.04, 0.04]
  Target goal     : {'type': 'goal_sequence', 'targets': [{'name': 'target', 'position': [0.15000000596046448, 0.0, 0.019999999552965164]}], 'mode': 'goal_sequence'}
  Mesa            : 1.1x0.7x0.4 m  offset_x=-0.3
  Robô config     : control=ee  block_gripper=False  base=[-0.6, 0.0, 0.05]
  Scripts         : ['script_1', 'reach_only', 'left_right']
  Juntas ângulos  : [-0.00, +0.08, -0.00, -2.52, +0.00, +2.59, +0.79]
  Juntas veloc.   : [+0.00, +0.91, -0.00, +1.35, +0.00, -0.18, -0.00]
  Cubo rotação    : [+0.002, -0.002, +0.001]  (roll/pitch/yaw)
  Cubo vel.linear : [+0.459, +0.024, +0.040]
────────────────────────────────────────────
 Ep  1 | Step  27
────────────────────────────────────────────
  Task            : OBJECT_DELIVERY_SEQUENCE
  Action          : [+1.000, +0.001, +0.000, -1.000]
  EE posição      : [-0.106, -0.000, +0.139]
  EE velocidade   : [+0.447, -0.001, -0.008]
  Garra           : 0.035 m  (AGARRADA)
  Cubo posição    : [-0.103, +0.012, +0.139]
  Target (target): [+0.150, +0.000, +0.020]
  Dist EE→Cubo    : 0.0123 m
  Dist Cubo→target: 0.2797 m
  Reward          : -0.2797
  Sucesso         : False
  Obstáculo caminho: nao  (count: 0)
  Objeto [object_1]: tipo=box  massa=1.0 kg  tamanho=[0.04, 0.04, 0.04]
  Target goal     : {'type': 'goal_sequence', 'targets': [{'name': 'target', 'position': [0.15000000596046448, 0.0, 0.019999999552965164]}], 'mode': 'goal_sequence'}
  Mesa            : 1.1x0.7x0.4 m  offset_x=-0.3
  Robô config     : control=ee  block_gripper=False  base=[-0.6, 0.0, 0.05]
  Scripts         : ['script_1', 'reach_only', 'left_right']
  Juntas ângulos  : [-0.00, +0.17, -0.00, -2.41, +0.00, +2.56, +0.79]
  Juntas veloc.   : [+0.00, +1.00, -0.00, +1.39, +0.00, -0.21, -0.00]
  Cubo rotação    : [+0.002, +0.001, +0.001]  (roll/pitch/yaw)
  Cubo vel.linear : [+0.447, +0.024, -0.008]
────────────────────────────────────────────
 Ep  1 | Step  28
────────────────────────────────────────────
  Task            : OBJECT_DELIVERY_SEQUENCE
  Action          : [+1.000, +0.001, +0.000, -1.000]
  EE posição      : [-0.073, -0.000, +0.133]
  EE velocidade   : [+0.400, -0.001, -0.085]
  Garra           : 0.035 m  (AGARRADA)
  Cubo posição    : [-0.071, +0.013, +0.133]
  Target (target): [+0.150, +0.000, +0.020]
  Dist EE→Cubo    : 0.0133 m
  Dist Cubo→target: 0.2483 m
  Reward          : -0.2483
  Sucesso         : False
  Obstáculo caminho: nao  (count: 0)
  Objeto [object_1]: tipo=box  massa=1.0 kg  tamanho=[0.04, 0.04, 0.04]
  Target goal     : {'type': 'goal_sequence', 'targets': [{'name': 'target', 'position': [0.15000000596046448, 0.0, 0.019999999552965164]}], 'mode': 'goal_sequence'}
  Mesa            : 1.1x0.7x0.4 m  offset_x=-0.3
  Robô config     : control=ee  block_gripper=False  base=[-0.6, 0.0, 0.05]
  Scripts         : ['script_1', 'reach_only', 'left_right']
  Juntas ângulos  : [-0.00, +0.25, -0.00, -2.29, +0.00, +2.53, +0.78]
  Juntas veloc.   : [+0.00, +1.08, -0.00, +1.37, +0.00, -0.22, +0.00]
  Cubo rotação    : [+0.001, +0.005, +0.001]  (roll/pitch/yaw)
  Cubo vel.linear : [+0.399, +0.024, -0.086]
────────────────────────────────────────────
 Ep  1 | Step  29
────────────────────────────────────────────
  Task            : OBJECT_DELIVERY_SEQUENCE
  Action          : [+1.000, +0.001, +0.000, -1.000]
  EE posição      : [-0.042, -0.000, +0.125]
  EE velocidade   : [+0.385, -0.001, -0.102]
  Garra           : 0.035 m  (AGARRADA)
  Cubo posição    : [-0.040, +0.014, +0.125]
  Target (target): [+0.150, +0.000, +0.020]
  Dist EE→Cubo    : 0.0142 m
  Dist Cubo→target: 0.2174 m
  Reward          : -0.2174
  Sucesso         : False
  Obstáculo caminho: nao  (count: 0)
  Objeto [object_1]: tipo=box  massa=1.0 kg  tamanho=[0.04, 0.04, 0.04]
  Target goal     : {'type': 'goal_sequence', 'targets': [{'name': 'target', 'position': [0.15000000596046448, 0.0, 0.019999999552965164]}], 'mode': 'goal_sequence'}
  Mesa            : 1.1x0.7x0.4 m  offset_x=-0.3
  Robô config     : control=ee  block_gripper=False  base=[-0.6, 0.0, 0.05]
  Scripts         : ['script_1', 'reach_only', 'left_right']
  Juntas ângulos  : [-0.00, +0.34, -0.00, -2.18, +0.00, +2.50, +0.78]
  Juntas veloc.   : [+0.00, +1.07, -0.00, +1.37, +0.00, -0.22, -0.00]
  Cubo rotação    : [+0.001, +0.008, +0.001]  (roll/pitch/yaw)
  Cubo vel.linear : [+0.385, +0.024, -0.102]
────────────────────────────────────────────
 Ep  1 | Step  30
────────────────────────────────────────────
  Task            : OBJECT_DELIVERY_SEQUENCE
  Action          : [+1.000, +0.002, +0.000, -1.000]
  EE posição      : [-0.012, -0.000, +0.116]
  EE velocidade   : [+0.346, -0.002, -0.148]
  Garra           : 0.035 m  (AGARRADA)
  Cubo posição    : [-0.010, +0.015, +0.117]
  Target (target): [+0.150, +0.000, +0.020]
  Dist EE→Cubo    : 0.0152 m
  Dist Cubo→target: 0.1872 m
  Reward          : -0.1872
  Sucesso         : False
  Obstáculo caminho: nao  (count: 0)
  Objeto [object_1]: tipo=box  massa=1.0 kg  tamanho=[0.04, 0.04, 0.04]
  Target goal     : {'type': 'goal_sequence', 'targets': [{'name': 'target', 'position': [0.15000000596046448, 0.0, 0.019999999552965164]}], 'mode': 'goal_sequence'}
  Mesa            : 1.1x0.7x0.4 m  offset_x=-0.3
  Robô config     : control=ee  block_gripper=False  base=[-0.6, 0.0, 0.05]
  Scripts         : ['script_1', 'reach_only', 'left_right']
  Juntas ângulos  : [+0.00, +0.43, -0.00, -2.06, +0.00, +2.47, +0.78]
  Juntas veloc.   : [+0.00, +1.09, -0.00, +1.34, -0.00, -0.23, -0.00]
  Cubo rotação    : [+0.001, +0.010, +0.001]  (roll/pitch/yaw)
  Cubo vel.linear : [+0.346, +0.023, -0.148]
────────────────────────────────────────────
 Ep  1 | Step  31
────────────────────────────────────────────
  Task            : OBJECT_DELIVERY_SEQUENCE
  Action          : [+1.000, +0.003, +0.000, -1.000]
  EE posição      : [+0.016, -0.000, +0.106]
  EE velocidade   : [+0.312, -0.000, -0.186]
  Garra           : 0.035 m  (AGARRADA)
  Cubo posição    : [+0.019, +0.015, +0.106]
  Target (target): [+0.150, +0.000, +0.020]
  Dist EE→Cubo    : 0.0156 m
  Dist Cubo→target: 0.1577 m
  Reward          : -0.1577
  Sucesso         : False
  Obstáculo caminho: nao  (count: 0)
  Objeto [object_1]: tipo=box  massa=1.0 kg  tamanho=[0.04, 0.04, 0.04]
  Target goal     : {'type': 'goal_sequence', 'targets': [{'name': 'target', 'position': [0.15000000596046448, 0.0, 0.019999999552965164]}], 'mode': 'goal_sequence'}
  Mesa            : 1.1x0.7x0.4 m  offset_x=-0.3
  Robô config     : control=ee  block_gripper=False  base=[-0.6, 0.0, 0.05]
  Scripts         : ['script_1', 'reach_only', 'left_right']
  Juntas ângulos  : [+0.00, +0.52, -0.00, -1.95, +0.00, +2.44, +0.78]
  Juntas veloc.   : [+0.00, +1.11, -0.00, +1.34, +0.00, -0.24, -0.00]
  Cubo rotação    : [+0.001, +0.012, +0.001]  (roll/pitch/yaw)
  Cubo vel.linear : [+0.312, +0.002, -0.186]
────────────────────────────────────────────
 Ep  1 | Step  32
────────────────────────────────────────────
  Task            : OBJECT_DELIVERY_SEQUENCE
  Action          : [+1.000, +0.003, +0.000, -1.000]
  EE posição      : [+0.044, -0.000, +0.096]
  EE velocidade   : [+0.285, +0.000, -0.193]
  Garra           : 0.035 m  (AGARRADA)
  Cubo posição    : [+0.046, +0.015, +0.096]
  Target (target): [+0.150, +0.000, +0.020]
  Dist EE→Cubo    : 0.0156 m
  Dist Cubo→target: 0.1296 m
  Reward          : -0.1296
  Sucesso         : False
  Obstáculo caminho: nao  (count: 0)
  Objeto [object_1]: tipo=box  massa=1.0 kg  tamanho=[0.04, 0.04, 0.04]
  Target goal     : {'type': 'goal_sequence', 'targets': [{'name': 'target', 'position': [0.15000000596046448, 0.0, 0.019999999552965164]}], 'mode': 'goal_sequence'}
  Mesa            : 1.1x0.7x0.4 m  offset_x=-0.3
  Robô config     : control=ee  block_gripper=False  base=[-0.6, 0.0, 0.05]
  Scripts         : ['script_1', 'reach_only', 'left_right']
  Juntas ângulos  : [+0.00, +0.60, -0.00, -1.83, +0.00, +2.41, +0.78]
  Juntas veloc.   : [+0.00, +1.08, -0.00, +1.32, +0.00, -0.25, -0.00]
  Cubo rotação    : [+0.001, +0.013, +0.001]  (roll/pitch/yaw)
  Cubo vel.linear : [+0.285, +0.000, -0.193]
────────────────────────────────────────────
 Ep  1 | Step  33
────────────────────────────────────────────
  Task            : OBJECT_DELIVERY_SEQUENCE
  Action          : [+1.000, +0.004, +0.000, -1.000]
  EE posição      : [+0.069, -0.000, +0.084]
  EE velocidade   : [+0.242, +0.002, -0.221]
  Garra           : 0.037 m  (AGARRADA)
  Cubo posição    : [+0.071, +0.015, +0.085]
  Target (target): [+0.150, +0.000, +0.020]
  Dist EE→Cubo    : 0.0156 m
  Dist Cubo→target: 0.1029 m
  Reward          : -0.1029
  Sucesso         : False
  Obstáculo caminho: nao  (count: 0)
  Objeto [object_1]: tipo=box  massa=1.0 kg  tamanho=[0.04, 0.04, 0.04]
  Target goal     : {'type': 'goal_sequence', 'targets': [{'name': 'target', 'position': [0.15000000596046448, 0.0, 0.019999999552965164]}], 'mode': 'goal_sequence'}
  Mesa            : 1.1x0.7x0.4 m  offset_x=-0.3
  Robô config     : control=ee  block_gripper=False  base=[-0.6, 0.0, 0.05]
  Scripts         : ['script_1', 'reach_only', 'left_right']
  Juntas ângulos  : [+0.00, +0.69, -0.00, -1.71, +0.00, +2.38, +0.78]
  Juntas veloc.   : [+0.00, +1.07, +0.00, +1.28, +0.00, -0.26, +0.00]
  Cubo rotação    : [+0.001, +0.014, +0.001]  (roll/pitch/yaw)
  Cubo vel.linear : [+0.242, +0.003, -0.222]
────────────────────────────────────────────
 Ep  1 | Step  34
────────────────────────────────────────────
  Task            : OBJECT_DELIVERY_SEQUENCE
  Action          : [+1.000, +0.004, +0.000, -1.000]
  EE posição      : [+0.092, -0.000, +0.073]
  EE velocidade   : [+0.209, +0.001, -0.223]
  Garra           : 0.038 m  (AGARRADA)
  Cubo posição    : [+0.094, +0.015, +0.073]
  Target (target): [+0.150, +0.000, +0.020]
  Dist EE→Cubo    : 0.0155 m
  Dist Cubo→target: 0.0784 m
  Reward          : -0.0784
  Sucesso         : False
  Obstáculo caminho: nao  (count: 0)
  Objeto [object_1]: tipo=box  massa=1.0 kg  tamanho=[0.04, 0.04, 0.04]
  Target goal     : {'type': 'goal_sequence', 'targets': [{'name': 'target', 'position': [0.15000000596046448, 0.0, 0.019999999552965164]}], 'mode': 'goal_sequence'}
  Mesa            : 1.1x0.7x0.4 m  offset_x=-0.3
  Robô config     : control=ee  block_gripper=False  base=[-0.6, 0.0, 0.05]
  Scripts         : ['script_1', 'reach_only', 'left_right']
  Juntas ângulos  : [+0.00, +0.77, -0.00, -1.59, +0.00, +2.34, +0.78]
  Juntas veloc.   : [+0.00, +1.03, +0.00, +1.25, +0.00, -0.27, +0.00]
  Cubo rotação    : [+0.001, +0.014, +0.000]  (roll/pitch/yaw)
  Cubo vel.linear : [+0.209, +0.001, -0.223]
────────────────────────────────────────────
 Ep  1 | Step  35
────────────────────────────────────────────
  Task            : OBJECT_DELIVERY_SEQUENCE
  Action          : [+1.000, +0.004, +0.000, -1.000]
  EE posição      : [+0.113, -0.000, +0.062]
  EE velocidade   : [+0.178, +0.001, -0.208]
  Garra           : 0.038 m  (AGARRADA)
  Cubo posição    : [+0.115, +0.015, +0.063]
  Target (target): [+0.150, +0.000, +0.020]
  Dist EE→Cubo    : 0.0155 m
  Dist Cubo→target: 0.0569 m
  Reward          : -0.0569
  Sucesso         : False
  Obstáculo caminho: nao  (count: 0)
  Objeto [object_1]: tipo=box  massa=1.0 kg  tamanho=[0.04, 0.04, 0.04]
  Target goal     : {'type': 'goal_sequence', 'targets': [{'name': 'target', 'position': [0.15000000596046448, 0.0, 0.019999999552965164]}], 'mode': 'goal_sequence'}
  Mesa            : 1.1x0.7x0.4 m  offset_x=-0.3
  Robô config     : control=ee  block_gripper=False  base=[-0.6, 0.0, 0.05]
  Scripts         : ['script_1', 'reach_only', 'left_right']
  Juntas ângulos  : [+0.00, +0.86, -0.00, -1.47, +0.00, +2.31, +0.78]
  Juntas veloc.   : [+0.00, +0.97, +0.00, +1.20, +0.00, -0.28, +0.00]
  Cubo rotação    : [+0.001, +0.013, +0.000]  (roll/pitch/yaw)
  Cubo vel.linear : [+0.178, +0.001, -0.209]
────────────────────────────────────────────
 Ep  1 | Step  36
────────────────────────────────────────────
  Task            : OBJECT_DELIVERY_SEQUENCE
  Action          : [+1.000, +0.003, +0.000, -1.000]
  EE posição      : [+0.132, -0.000, +0.052]
  EE velocidade   : [+0.140, +0.001, -0.200]
  Garra           : 0.038 m  (AGARRADA)
  Cubo posição    : [+0.134, +0.015, +0.053]
  Target (target): [+0.150, +0.000, +0.020]
  Dist EE→Cubo    : 0.0154 m
  Dist Cubo→target: 0.0394 m
  Reward          : -0.0394
  Sucesso         : False
  Obstáculo caminho: nao  (count: 0)
  Objeto [object_1]: tipo=box  massa=1.0 kg  tamanho=[0.04, 0.04, 0.04]
  Target goal     : {'type': 'goal_sequence', 'targets': [{'name': 'target', 'position': [0.15000000596046448, 0.0, 0.019999999552965164]}], 'mode': 'goal_sequence'}
  Mesa            : 1.1x0.7x0.4 m  offset_x=-0.3
  Robô config     : control=ee  block_gripper=False  base=[-0.6, 0.0, 0.05]
  Scripts         : ['script_1', 'reach_only', 'left_right']
  Juntas ângulos  : [+0.00, +0.93, -0.00, -1.35, +0.00, +2.27, +0.79]
  Juntas veloc.   : [+0.00, +0.90, +0.00, +1.13, +0.00, -0.28, +0.00]
  Cubo rotação    : [+0.001, +0.011, +0.000]  (roll/pitch/yaw)
  Cubo vel.linear : [+0.140, +0.000, -0.200]
────────────────────────────────────────────
 Ep  1 | Step  37
────────────────────────────────────────────
  Task            : OBJECT_DELIVERY_SEQUENCE
  Action          : [+0.000, +0.000, +0.000, -1.000]
  EE posição      : [+0.132, -0.000, +0.048]
  EE velocidade   : [+0.029, -0.000, +0.044]
  Garra           : 0.038 m  (AGARRADA)
  Cubo posição    : [+0.134, +0.015, +0.049]
  Target (target): [+0.150, +0.000, +0.020]
  Dist EE→Cubo    : 0.0154 m
  Dist Cubo→target: 0.0363 m
  Reward          : -0.0363
  Sucesso         : False
  Obstáculo caminho: nao  (count: 0)
  Objeto [object_1]: tipo=box  massa=1.0 kg  tamanho=[0.04, 0.04, 0.04]
  Target goal     : {'type': 'goal_sequence', 'targets': [{'name': 'target', 'position': [0.15000000596046448, 0.0, 0.019999999552965164]}], 'mode': 'goal_sequence'}
  Mesa            : 1.1x0.7x0.4 m  offset_x=-0.3
  Robô config     : control=ee  block_gripper=False  base=[-0.6, 0.0, 0.05]
  Scripts         : ['script_1', 'reach_only', 'left_right']
  Juntas ângulos  : [+0.00, +0.94, -0.00, -1.36, +0.00, +2.29, +0.79]
  Juntas veloc.   : [-0.00, -0.08, -0.00, -0.05, +0.00, +0.13, -0.00]
  Cubo rotação    : [+0.001, +0.004, +0.000]  (roll/pitch/yaw)
  Cubo vel.linear : [+0.029, +0.000, +0.045]
────────────────────────────────────────────
 Ep  1 | Step  38
────────────────────────────────────────────
  Task            : OBJECT_DELIVERY_SEQUENCE
  Action          : [+0.000, +0.000, +0.000, -1.000]
  EE posição      : [+0.133, -0.000, +0.048]
  EE velocidade   : [+0.006, -0.000, -0.002]
  Garra           : 0.038 m  (AGARRADA)
  Cubo posição    : [+0.135, +0.015, +0.049]
  Target (target): [+0.150, +0.000, +0.020]
  Dist EE→Cubo    : 0.0155 m
  Dist Cubo→target: 0.0358 m
  Reward          : -0.0358
  Sucesso         : False
  Obstáculo caminho: nao  (count: 0)
  Objeto [object_1]: tipo=box  massa=1.0 kg  tamanho=[0.04, 0.04, 0.04]
  Target goal     : {'type': 'goal_sequence', 'targets': [{'name': 'target', 'position': [0.15000000596046448, 0.0, 0.019999999552965164]}], 'mode': 'goal_sequence'}
  Mesa            : 1.1x0.7x0.4 m  offset_x=-0.3
  Robô config     : control=ee  block_gripper=False  base=[-0.6, 0.0, 0.05]
  Scripts         : ['script_1', 'reach_only', 'left_right']
  Juntas ângulos  : [+0.00, +0.94, -0.00, -1.36, +0.00, +2.30, +0.78]
  Juntas veloc.   : [-0.00, -0.00, -0.00, -0.02, +0.00, +0.07, -0.00]
  Cubo rotação    : [+0.001, -0.002, +0.000]  (roll/pitch/yaw)
  Cubo vel.linear : [+0.006, +0.000, -0.001]
────────────────────────────────────────────
 Ep  1 | Step  39
────────────────────────────────────────────
  Task            : OBJECT_DELIVERY_SEQUENCE
  Action          : [+0.000, +0.000, +0.000, -1.000]
  EE posição      : [+0.133, -0.000, +0.048]
  EE velocidade   : [+0.001, -0.000, +0.002]
  Garra           : 0.038 m  (AGARRADA)
  Cubo posição    : [+0.135, +0.015, +0.049]
  Target (target): [+0.150, +0.000, +0.020]
  Dist EE→Cubo    : 0.0155 m
  Dist Cubo→target: 0.0359 m
  Reward          : -0.0359
  Sucesso         : False
  Obstáculo caminho: nao  (count: 0)
  Objeto [object_1]: tipo=box  massa=1.0 kg  tamanho=[0.04, 0.04, 0.04]
  Target goal     : {'type': 'goal_sequence', 'targets': [{'name': 'target', 'position': [0.15000000596046448, 0.0, 0.019999999552965164]}], 'mode': 'goal_sequence'}
  Mesa            : 1.1x0.7x0.4 m  offset_x=-0.3
  Robô config     : control=ee  block_gripper=False  base=[-0.6, 0.0, 0.05]
  Scripts         : ['script_1', 'reach_only', 'left_right']
  Juntas ângulos  : [+0.00, +0.94, -0.00, -1.36, +0.00, +2.30, +0.78]
  Juntas veloc.   : [-0.00, -0.00, -0.00, +0.00, +0.00, +0.00, -0.00]
  Cubo rotação    : [+0.002, -0.003, +0.000]  (roll/pitch/yaw)
  Cubo vel.linear : [+0.001, +0.000, +0.002]
