────────────────────────────────────────────
 Ep  1 | Step   1
────────────────────────────────────────────
  Task            : OBJECT_DELIVERY_SEQUENCE
  Action          : [-0.984, +0.000, -0.179, +1.000]
  EE posição      : [+0.009, +0.000, +0.191]
  EE velocidade   : [-0.416, +0.000, -0.050]
  Garra           : 0.070 m  (ABERTA)  contatos=0
  Cubo posição    : [-0.250, +0.000, +0.020]
  Target (target): [+0.150, +0.000, +0.020]
  Dist EE→Cubo    : 0.3106 m
  Dist Cubo→target: 0.4000 m
  Reward          : -0.4000
  Sucesso         : False
  Obstáculo caminho: nao  (count: 0)
  Objeto [object_1]: tipo=box  massa=1.0 kg  tamanho=[0.04, 0.04, 0.04]
  Target goal     : {'type': 'goal_sequence', 'targets': [{'name': 'target', 'position': [0.15000000596046448, 0.0, 0.019999999552965164]}], 'mode': 'goal_sequence'}
  Mesa            : 1.1x0.7x0.4 m  offset_x=-0.3
  Robô config     : control=ee  block_gripper=False  base=[-0.6, 0.0, 0.05]
  Scripts         : ['script_1', 'reach_only', 'left_right']
  Juntas ângulos  : [-0.00, +0.34, +0.00, -1.98, -0.00, +2.32, +0.79]
  Juntas veloc.   : [-0.00, -0.95, +0.01, -1.57, -0.00, +0.45, -0.03]
  Cubo rotação    : [+0.000, -0.000, -0.000]  (roll/pitch/yaw)
  Cubo vel.linear : [-0.000, +0.000, -0.000]
────────────────────────────────────────────
 Ep  1 | Step   2
────────────────────────────────────────────
  Task            : OBJECT_DELIVERY_SEQUENCE
  Action          : [-0.985, -0.000, -0.173, +1.000]
  EE posição      : [-0.022, +0.000, +0.184]
  EE velocidade   : [-0.369, +0.000, -0.076]
  Garra           : 0.079 m  (ABERTA)  contatos=0
  Cubo posição    : [-0.250, +0.000, +0.020]
  Target (target): [+0.150, +0.000, +0.020]
  Dist EE→Cubo    : 0.2806 m
  Dist Cubo→target: 0.4000 m
  Reward          : -0.4000
  Sucesso         : False
  Obstáculo caminho: nao  (count: 0)
  Objeto [object_1]: tipo=box  massa=1.0 kg  tamanho=[0.04, 0.04, 0.04]
  Target goal     : {'type': 'goal_sequence', 'targets': [{'name': 'target', 'position': [0.15000000596046448, 0.0, 0.019999999552965164]}], 'mode': 'goal_sequence'}
  Mesa            : 1.1x0.7x0.4 m  offset_x=-0.3
  Robô config     : control=ee  block_gripper=False  base=[-0.6, 0.0, 0.05]
  Scripts         : ['script_1', 'reach_only', 'left_right']
  Juntas ângulos  : [-0.00, +0.27, +0.00, -2.11, -0.00, +2.38, +0.79]
  Juntas veloc.   : [-0.00, -0.76, +0.00, -1.33, +0.00, +0.44, -0.00]
  Cubo rotação    : [+0.000, -0.000, -0.000]  (roll/pitch/yaw)
  Cubo vel.linear : [-0.000, +0.000, -0.000]
────────────────────────────────────────────
 Ep  1 | Step   3
────────────────────────────────────────────
  Task            : OBJECT_DELIVERY_SEQUENCE
  Action          : [-0.985, -0.000, -0.170, +1.000]
  EE posição      : [-0.056, +0.000, +0.177]
  EE velocidade   : [-0.389, +0.000, -0.065]
  Garra           : 0.080 m  (ABERTA)  contatos=0
  Cubo posição    : [-0.250, +0.000, +0.020]
  Target (target): [+0.150, +0.000, +0.020]
  Dist EE→Cubo    : 0.2501 m
  Dist Cubo→target: 0.4000 m
  Reward          : -0.4000
  Sucesso         : False
  Obstáculo caminho: nao  (count: 0)
  Objeto [object_1]: tipo=box  massa=1.0 kg  tamanho=[0.04, 0.04, 0.04]
  Target goal     : {'type': 'goal_sequence', 'targets': [{'name': 'target', 'position': [0.15000000596046448, 0.0, 0.019999999552965164]}], 'mode': 'goal_sequence'}
  Mesa            : 1.1x0.7x0.4 m  offset_x=-0.3
  Robô config     : control=ee  block_gripper=False  base=[-0.6, 0.0, 0.05]
  Scripts         : ['script_1', 'reach_only', 'left_right']
  Juntas ângulos  : [-0.00, +0.20, +0.00, -2.23, -0.00, +2.43, +0.79]
  Juntas veloc.   : [-0.00, -0.80, +0.00, -1.35, +0.00, +0.43, -0.00]
  Cubo rotação    : [+0.000, -0.000, -0.000]  (roll/pitch/yaw)
  Cubo vel.linear : [-0.000, +0.000, -0.000]
────────────────────────────────────────────
 Ep  1 | Step   4
────────────────────────────────────────────
  Task            : OBJECT_DELIVERY_SEQUENCE
  Action          : [-0.986, -0.000, -0.164, +1.000]
  EE posição      : [-0.090, +0.000, +0.171]
  EE velocidade   : [-0.401, +0.000, -0.070]
  Garra           : 0.080 m  (ABERTA)  contatos=0
  Cubo posição    : [-0.250, +0.000, +0.020]
  Target (target): [+0.150, +0.000, +0.020]
  Dist EE→Cubo    : 0.2199 m
  Dist Cubo→target: 0.4000 m
  Reward          : -0.4000
  Sucesso         : False
  Obstáculo caminho: nao  (count: 0)
  Objeto [object_1]: tipo=box  massa=1.0 kg  tamanho=[0.04, 0.04, 0.04]
  Target goal     : {'type': 'goal_sequence', 'targets': [{'name': 'target', 'position': [0.15000000596046448, 0.0, 0.019999999552965164]}], 'mode': 'goal_sequence'}
  Mesa            : 1.1x0.7x0.4 m  offset_x=-0.3
  Robô config     : control=ee  block_gripper=False  base=[-0.6, 0.0, 0.05]
  Scripts         : ['script_1', 'reach_only', 'left_right']
  Juntas ângulos  : [-0.00, +0.13, +0.00, -2.36, -0.00, +2.48, +0.79]
  Juntas veloc.   : [-0.00, -0.80, +0.00, -1.33, +0.00, +0.41, -0.00]
  Cubo rotação    : [+0.000, -0.000, -0.000]  (roll/pitch/yaw)
  Cubo vel.linear : [-0.000, +0.000, -0.000]
────────────────────────────────────────────
 Ep  1 | Step   5
────────────────────────────────────────────
  Task            : OBJECT_DELIVERY_SEQUENCE
  Action          : [-0.988, -0.000, -0.158, +1.000]
  EE posição      : [-0.125, +0.000, +0.163]
  EE velocidade   : [-0.381, +0.001, -0.049]
  Garra           : 0.080 m  (ABERTA)  contatos=0
  Cubo posição    : [-0.250, +0.000, +0.020]
  Target (target): [+0.150, +0.000, +0.020]
  Dist EE→Cubo    : 0.1900 m
  Dist Cubo→target: 0.4000 m
  Reward          : -0.4000
  Sucesso         : False
  Obstáculo caminho: nao  (count: 0)
  Objeto [object_1]: tipo=box  massa=1.0 kg  tamanho=[0.04, 0.04, 0.04]
  Target goal     : {'type': 'goal_sequence', 'targets': [{'name': 'target', 'position': [0.15000000596046448, 0.0, 0.019999999552965164]}], 'mode': 'goal_sequence'}
  Mesa            : 1.1x0.7x0.4 m  offset_x=-0.3
  Robô config     : control=ee  block_gripper=False  base=[-0.6, 0.0, 0.05]
  Scripts         : ['script_1', 'reach_only', 'left_right']
  Juntas ângulos  : [-0.00, +0.06, +0.00, -2.48, -0.00, +2.54, +0.79]
  Juntas veloc.   : [-0.00, -0.81, +0.00, -1.25, +0.00, +0.39, -0.00]
  Cubo rotação    : [+0.000, -0.000, -0.000]  (roll/pitch/yaw)
  Cubo vel.linear : [-0.000, +0.000, -0.000]
────────────────────────────────────────────
 Ep  1 | Step   6
────────────────────────────────────────────
  Task            : OBJECT_DELIVERY_SEQUENCE
  Action          : [-0.990, -0.001, -0.144, +1.000]
  EE posição      : [-0.161, +0.000, +0.156]
  EE velocidade   : [-0.408, +0.001, -0.067]
  Garra           : 0.080 m  (ABERTA)  contatos=0
  Cubo posição    : [-0.250, +0.000, +0.020]
  Target (target): [+0.150, +0.000, +0.020]
  Dist EE→Cubo    : 0.1629 m
  Dist Cubo→target: 0.4000 m
  Reward          : -0.4000
  Sucesso         : False
  Obstáculo caminho: nao  (count: 0)
  Objeto [object_1]: tipo=box  massa=1.0 kg  tamanho=[0.04, 0.04, 0.04]
  Target goal     : {'type': 'goal_sequence', 'targets': [{'name': 'target', 'position': [0.15000000596046448, 0.0, 0.019999999552965164]}], 'mode': 'goal_sequence'}
  Mesa            : 1.1x0.7x0.4 m  offset_x=-0.3
  Robô config     : control=ee  block_gripper=False  base=[-0.6, 0.0, 0.05]
  Scripts         : ['script_1', 'reach_only', 'left_right']
  Juntas ângulos  : [-0.00, -0.02, +0.00, -2.60, +0.00, +2.58, +0.79]
  Juntas veloc.   : [-0.00, -0.83, +0.00, -1.28, +0.00, +0.37, -0.00]
  Cubo rotação    : [+0.000, -0.000, -0.000]  (roll/pitch/yaw)
  Cubo vel.linear : [-0.000, +0.000, -0.000]
────────────────────────────────────────────
 Ep  1 | Step   7
────────────────────────────────────────────
  Task            : OBJECT_DELIVERY_SEQUENCE
  Action          : [-0.992, -0.001, -0.125, +1.000]
  EE posição      : [-0.197, +0.000, +0.149]
  EE velocidade   : [-0.431, +0.000, -0.082]
  Garra           : 0.080 m  (ABERTA)  contatos=0
  Cubo posição    : [-0.250, +0.000, +0.020]
  Target (target): [+0.150, +0.000, +0.020]
  Dist EE→Cubo    : 0.1396 m
  Dist Cubo→target: 0.4000 m
  Reward          : -0.4000
  Sucesso         : False
  Obstáculo caminho: nao  (count: 0)
  Objeto [object_1]: tipo=box  massa=1.0 kg  tamanho=[0.04, 0.04, 0.04]
  Target goal     : {'type': 'goal_sequence', 'targets': [{'name': 'target', 'position': [0.15000000596046448, 0.0, 0.019999999552965164]}], 'mode': 'goal_sequence'}
  Mesa            : 1.1x0.7x0.4 m  offset_x=-0.3
  Robô config     : control=ee  block_gripper=False  base=[-0.6, 0.0, 0.05]
  Scripts         : ['script_1', 'reach_only', 'left_right']
  Juntas ângulos  : [-0.00, -0.09, +0.00, -2.72, +0.00, +2.63, +0.79]
  Juntas veloc.   : [-0.00, -0.85, +0.00, -1.30, +0.00, +0.34, -0.00]
  Cubo rotação    : [+0.000, -0.000, -0.000]  (roll/pitch/yaw)
  Cubo vel.linear : [-0.000, +0.000, -0.000]
────────────────────────────────────────────
 Ep  1 | Step   8
────────────────────────────────────────────
  Task            : OBJECT_DELIVERY_SEQUENCE
  Action          : [-0.997, -0.001, -0.079, +1.000]
  EE posição      : [-0.234, +0.000, +0.143]
  EE velocidade   : [-0.430, -0.000, -0.072]
  Garra           : 0.080 m  (ABERTA)  contatos=0
  Cubo posição    : [-0.250, +0.000, +0.020]
  Target (target): [+0.150, +0.000, +0.020]
  Dist EE→Cubo    : 0.1238 m
  Dist Cubo→target: 0.4000 m
  Reward          : -0.4000
  Sucesso         : False
  Obstáculo caminho: nao  (count: 0)
  Objeto [object_1]: tipo=box  massa=1.0 kg  tamanho=[0.04, 0.04, 0.04]
  Target goal     : {'type': 'goal_sequence', 'targets': [{'name': 'target', 'position': [0.15000000596046448, 0.0, 0.019999999552965164]}], 'mode': 'goal_sequence'}
  Mesa            : 1.1x0.7x0.4 m  offset_x=-0.3
  Robô config     : control=ee  block_gripper=False  base=[-0.6, 0.0, 0.05]
  Scripts         : ['script_1', 'reach_only', 'left_right']
  Juntas ângulos  : [-0.00, -0.17, +0.00, -2.83, +0.00, +2.66, +0.79]
  Juntas veloc.   : [+0.00, -0.93, +0.00, -1.29, +0.00, +0.28, -0.00]
  Cubo rotação    : [+0.000, -0.000, -0.000]  (roll/pitch/yaw)
  Cubo vel.linear : [-0.000, +0.000, -0.000]
────────────────────────────────────────────
 Ep  1 | Step   9
────────────────────────────────────────────
  Task            : OBJECT_DELIVERY_SEQUENCE
  Action          : [-0.991, -0.001, +0.136, +1.000]
  EE posição      : [-0.271, -0.000, +0.139]
  EE velocidade   : [-0.374, -0.000, +0.026]
  Garra           : 0.080 m  (ABERTA)  contatos=0
  Cubo posição    : [-0.250, +0.000, +0.020]
  Target (target): [+0.150, +0.000, +0.020]
  Dist EE→Cubo    : 0.1214 m
  Dist Cubo→target: 0.4000 m
  Reward          : -0.4000
  Sucesso         : False
  Obstáculo caminho: nao  (count: 0)
  Objeto [object_1]: tipo=box  massa=1.0 kg  tamanho=[0.04, 0.04, 0.04]
  Target goal     : {'type': 'goal_sequence', 'targets': [{'name': 'target', 'position': [0.15000000596046448, 0.0, 0.019999999552965164]}], 'mode': 'goal_sequence'}
  Mesa            : 1.1x0.7x0.4 m  offset_x=-0.3
  Robô config     : control=ee  block_gripper=False  base=[-0.6, 0.0, 0.05]
  Scripts         : ['script_1', 'reach_only', 'left_right']
  Juntas ângulos  : [-0.00, -0.26, +0.00, -2.95, +0.00, +2.67, +0.79]
  Juntas veloc.   : [+0.00, -1.30, -0.00, -1.23, +0.00, +0.06, -0.00]
  Cubo rotação    : [+0.000, -0.000, -0.000]  (roll/pitch/yaw)
  Cubo vel.linear : [-0.000, +0.000, -0.000]
────────────────────────────────────────────
 Ep  1 | Step  10
────────────────────────────────────────────
  Task            : OBJECT_DELIVERY_SEQUENCE
  Action          : [+0.221, +0.000, -0.975, +1.000]
  EE posição      : [-0.259, -0.000, +0.128]
  EE velocidade   : [-0.410, +0.000, -1.063]
  Garra           : 0.080 m  (ABERTA)  contatos=0
  Cubo posição    : [-0.250, +0.000, +0.020]
  Target (target): [+0.150, +0.000, +0.020]
  Dist EE→Cubo    : 0.1080 m
  Dist Cubo→target: 0.4000 m
  Reward          : -0.4000
  Sucesso         : False
  Obstáculo caminho: nao  (count: 0)
  Objeto [object_1]: tipo=box  massa=1.0 kg  tamanho=[0.04, 0.04, 0.04]
  Target goal     : {'type': 'goal_sequence', 'targets': [{'name': 'target', 'position': [0.15000000596046448, 0.0, 0.019999999552965164]}], 'mode': 'goal_sequence'}
  Mesa            : 1.1x0.7x0.4 m  offset_x=-0.3
  Robô config     : control=ee  block_gripper=False  base=[-0.6, 0.0, 0.05]
  Scripts         : ['script_1', 'reach_only', 'left_right']
  Juntas ângulos  : [-0.00, -0.18, +0.00, -2.94, +0.00, +2.79, +0.79]
  Juntas veloc.   : [-0.00, +3.63, +0.00, +0.27, -0.00, +0.94, +0.00]
  Cubo rotação    : [+0.000, -0.000, -0.000]  (roll/pitch/yaw)
  Cubo vel.linear : [-0.000, +0.000, -0.000]
────────────────────────────────────────────
 Ep  1 | Step  11
────────────────────────────────────────────
  Task            : OBJECT_DELIVERY_SEQUENCE
  Action          : [+0.109, +0.000, -0.994, +1.000]
  EE posição      : [-0.265, -0.000, +0.088]
  EE velocidade   : [-0.271, +0.000, -0.620]
  Garra           : 0.080 m  (ABERTA)  contatos=0
  Cubo posição    : [-0.250, +0.000, +0.020]
  Target (target): [+0.150, +0.000, +0.020]
  Dist EE→Cubo    : 0.0700 m
  Dist Cubo→target: 0.4000 m
  Reward          : -0.4000
  Sucesso         : False
  Obstáculo caminho: nao  (count: 0)
  Objeto [object_1]: tipo=box  massa=1.0 kg  tamanho=[0.04, 0.04, 0.04]
  Target goal     : {'type': 'goal_sequence', 'targets': [{'name': 'target', 'position': [0.15000000596046448, 0.0, 0.019999999552965164]}], 'mode': 'goal_sequence'}
  Mesa            : 1.1x0.7x0.4 m  offset_x=-0.3
  Robô config     : control=ee  block_gripper=False  base=[-0.6, 0.0, 0.05]
  Scripts         : ['script_1', 'reach_only', 'left_right']
  Juntas ângulos  : [-0.00, -0.03, +0.00, -2.91, +0.00, +2.86, +0.79]
  Juntas veloc.   : [-0.00, +2.19, +0.00, +0.28, -0.00, +0.51, +0.00]
  Cubo rotação    : [+0.000, -0.000, -0.000]  (roll/pitch/yaw)
  Cubo vel.linear : [+0.000, +0.000, +0.000]
────────────────────────────────────────────
 Ep  1 | Step  12
────────────────────────────────────────────
  Task            : OBJECT_DELIVERY_SEQUENCE
  Action          : [+0.322, +0.000, -0.947, +1.000]
  EE posição      : [-0.257, -0.000, +0.059]
  EE velocidade   : [-0.178, +0.000, -0.588]
  Garra           : 0.080 m  (ABERTA)  contatos=0
  Cubo posição    : [-0.250, +0.000, +0.020]
  Target (target): [+0.150, +0.000, +0.020]
  Dist EE→Cubo    : 0.0391 m
  Dist Cubo→target: 0.4000 m
  Reward          : -0.4000
  Sucesso         : False
  Obstáculo caminho: nao  (count: 0)
  Objeto [object_1]: tipo=box  massa=1.0 kg  tamanho=[0.04, 0.04, 0.04]
  Target goal     : {'type': 'goal_sequence', 'targets': [{'name': 'target', 'position': [0.15000000596046448, 0.0, 0.019999999552965164]}], 'mode': 'goal_sequence'}
  Mesa            : 1.1x0.7x0.4 m  offset_x=-0.3
  Robô config     : control=ee  block_gripper=False  base=[-0.6, 0.0, 0.05]
  Scripts         : ['script_1', 'reach_only', 'left_right']
  Juntas ângulos  : [-0.00, +0.11, +0.00, -2.87, -0.00, +2.97, +0.79]
  Juntas veloc.   : [+0.00, +2.20, -0.00, +0.42, -0.00, +0.87, +0.00]
  Cubo rotação    : [+0.000, -0.000, -0.000]  (roll/pitch/yaw)
  Cubo vel.linear : [+0.000, -0.000, +0.000]
────────────────────────────────────────────
 Ep  1 | Step  13
────────────────────────────────────────────
  Task            : OBJECT_DELIVERY_SEQUENCE
  Action          : [+0.444, +0.001, -0.896, +1.000]
  EE posição      : [-0.245, +0.000, +0.027]
  EE velocidade   : [-0.104, +0.000, -0.615]
  Garra           : 0.080 m  (ABERTA)  contatos=0
  Cubo posição    : [-0.250, +0.000, +0.020]
  Target (target): [+0.150, +0.000, +0.020]
  Dist EE→Cubo    : 0.0092 m
  Dist Cubo→target: 0.4000 m
  Reward          : -0.4000
  Sucesso         : False
  Obstáculo caminho: nao  (count: 0)
  Objeto [object_1]: tipo=box  massa=1.0 kg  tamanho=[0.04, 0.04, 0.04]
  Target goal     : {'type': 'goal_sequence', 'targets': [{'name': 'target', 'position': [0.15000000596046448, 0.0, 0.019999999552965164]}], 'mode': 'goal_sequence'}
  Mesa            : 1.1x0.7x0.4 m  offset_x=-0.3
  Robô config     : control=ee  block_gripper=False  base=[-0.6, 0.0, 0.05]
  Scripts         : ['script_1', 'reach_only', 'left_right']
  Juntas ângulos  : [-0.00, +0.26, +0.00, -2.81, -0.00, +3.05, +0.79]
  Juntas veloc.   : [+0.00, +2.32, -0.00, +0.80, -0.00, +0.62, +0.00]
  Cubo rotação    : [-0.000, -0.000, -0.000]  (roll/pitch/yaw)
  Cubo vel.linear : [+0.000, -0.000, +0.000]
────────────────────────────────────────────
 Ep  1 | Step  14
────────────────────────────────────────────
  Task            : OBJECT_DELIVERY_SEQUENCE
  Action          : [+0.000, +0.000, +0.000, -1.000]
  EE posição      : [-0.251, +0.000, +0.020]
  EE velocidade   : [+0.235, -0.000, +0.280]
  Garra           : 0.032 m  (AGARRADA)  contatos=2
  Cubo posição    : [-0.251, -0.001, +0.021]
  Target (target): [+0.150, +0.000, +0.020]
  Dist EE→Cubo    : 0.0012 m
  Dist Cubo→target: 0.4010 m
  Reward          : -0.4010
  Sucesso         : False
  Obstáculo caminho: nao  (count: 0)
  Objeto [object_1]: tipo=box  massa=1.0 kg  tamanho=[0.04, 0.04, 0.04]
  Target goal     : {'type': 'goal_sequence', 'targets': [{'name': 'target', 'position': [0.15000000596046448, 0.0, 0.019999999552965164]}], 'mode': 'goal_sequence'}
  Mesa            : 1.1x0.7x0.4 m  offset_x=-0.3
  Robô config     : control=ee  block_gripper=False  base=[-0.6, 0.0, 0.05]
  Scripts         : ['script_1', 'reach_only', 'left_right']
  Juntas ângulos  : [-0.00, +0.28, +0.00, -2.82, -0.00, +3.07, +0.79]
  Juntas veloc.   : [+0.00, -0.81, -0.00, -0.09, -0.00, +0.14, +0.00]
  Cubo rotação    : [-0.066, +0.008, -0.031]  (roll/pitch/yaw)
  Cubo vel.linear : [+0.074, -0.012, +0.080]
────────────────────────────────────────────
 Ep  1 | Step  15
────────────────────────────────────────────
  Task            : OBJECT_DELIVERY_SEQUENCE
  Action          : [+0.000, +0.000, +0.000, -1.000]
  EE posição      : [-0.250, +0.000, +0.021]
  EE velocidade   : [-0.009, -0.000, -0.005]
  Garra           : 0.025 m  (AGARRADA)  contatos=2
  Cubo posição    : [-0.251, -0.002, +0.021]
  Target (target): [+0.150, +0.000, +0.020]
  Dist EE→Cubo    : 0.0018 m
  Dist Cubo→target: 0.4007 m
  Reward          : -0.4007
  Sucesso         : False
  Obstáculo caminho: nao  (count: 0)
  Objeto [object_1]: tipo=box  massa=1.0 kg  tamanho=[0.04, 0.04, 0.04]
  Target goal     : {'type': 'goal_sequence', 'targets': [{'name': 'target', 'position': [0.15000000596046448, 0.0, 0.019999999552965164]}], 'mode': 'goal_sequence'}
  Mesa            : 1.1x0.7x0.4 m  offset_x=-0.3
  Robô config     : control=ee  block_gripper=False  base=[-0.6, 0.0, 0.05]
  Scripts         : ['script_1', 'reach_only', 'left_right']
  Juntas ângulos  : [-0.00, +0.28, +0.00, -2.83, -0.00, +3.10, +0.79]
  Juntas veloc.   : [+0.00, +0.03, -0.00, -0.08, -0.00, +0.23, +0.00]
  Cubo rotação    : [+0.000, -0.011, -0.016]  (roll/pitch/yaw)
  Cubo vel.linear : [-0.024, -0.026, -0.024]
────────────────────────────────────────────
 Ep  1 | Step  16
────────────────────────────────────────────
  Task            : OBJECT_DELIVERY_SEQUENCE
  Action          : [+0.000, +0.000, +1.000, -1.000]
  EE posição      : [-0.264, +0.000, +0.033]
  EE velocidade   : [+0.456, -0.000, +0.783]
  Garra           : 0.024 m  (AGARRADA)  contatos=2
  Cubo posição    : [-0.263, -0.002, +0.027]
  Target (target): [+0.150, +0.000, +0.020]
  Dist EE→Cubo    : 0.0065 m
  Dist Cubo→target: 0.4131 m
  Reward          : -0.4131
  Sucesso         : False
  Obstáculo caminho: nao  (count: 0)
  Objeto [object_1]: tipo=box  massa=1.0 kg  tamanho=[0.04, 0.04, 0.04]
  Target goal     : {'type': 'goal_sequence', 'targets': [{'name': 'target', 'position': [0.15000000596046448, 0.0, 0.019999999552965164]}], 'mode': 'goal_sequence'}
  Mesa            : 1.1x0.7x0.4 m  offset_x=-0.3
  Robô config     : control=ee  block_gripper=False  base=[-0.6, 0.0, 0.05]
  Scripts         : ['script_1', 'reach_only', 'left_right']
  Juntas ângulos  : [-0.00, +0.20, +0.00, -2.85, -0.00, +3.00, +0.79]
  Juntas veloc.   : [-0.00, -2.68, -0.00, -0.30, +0.00, -0.78, +0.00]
  Cubo rotação    : [+0.046, +0.028, -0.015]  (roll/pitch/yaw)
  Cubo vel.linear : [-0.010, +0.018, +0.455]
────────────────────────────────────────────
 Ep  1 | Step  17
────────────────────────────────────────────
  Task            : OBJECT_DELIVERY_SEQUENCE
  Action          : [+0.000, +0.000, +1.000, -1.000]
  EE posição      : [-0.261, +0.000, +0.066]
  EE velocidade   : [+0.063, -0.001, +0.357]
  Garra           : 0.027 m  (AGARRADA)  contatos=2
  Cubo posição    : [-0.261, -0.001, +0.050]
  Target (target): [+0.150, +0.000, +0.020]
  Dist EE→Cubo    : 0.0152 m
  Dist Cubo→target: 0.4126 m
  Reward          : -0.4126
  Sucesso         : False
  Obstáculo caminho: nao  (count: 0)
  Objeto [object_1]: tipo=box  massa=1.0 kg  tamanho=[0.04, 0.04, 0.04]
  Target goal     : {'type': 'goal_sequence', 'targets': [{'name': 'target', 'position': [0.15000000596046448, 0.0, 0.019999999552965164]}], 'mode': 'goal_sequence'}
  Mesa            : 1.1x0.7x0.4 m  offset_x=-0.3
  Robô config     : control=ee  block_gripper=False  base=[-0.6, 0.0, 0.05]
  Scripts         : ['script_1', 'reach_only', 'left_right']
  Juntas ângulos  : [-0.00, +0.07, +0.00, -2.90, -0.00, +2.96, +0.79]
  Juntas veloc.   : [-0.00, -1.44, -0.00, -0.44, +0.00, -0.32, +0.00]
  Cubo rotação    : [+0.008, -0.018, -0.020]  (roll/pitch/yaw)
  Cubo vel.linear : [+0.111, +0.013, +0.393]
────────────────────────────────────────────
 Ep  1 | Step  18
────────────────────────────────────────────
  Task            : OBJECT_DELIVERY_SEQUENCE
  Action          : [+0.000, +0.000, +1.000, -1.000]
  EE posição      : [-0.261, +0.000, +0.091]
  EE velocidade   : [+0.252, +0.003, +0.566]
  Garra           : 0.018 m  (AGARRADA)  contatos=2
  Cubo posição    : [-0.262, +0.002, +0.071]
  Target (target): [+0.150, +0.000, +0.020]
  Dist EE→Cubo    : 0.0199 m
  Dist Cubo→target: 0.4155 m
  Reward          : -0.4155
  Sucesso         : False
  Obstáculo caminho: nao  (count: 0)
  Objeto [object_1]: tipo=box  massa=1.0 kg  tamanho=[0.04, 0.04, 0.04]
  Target goal     : {'type': 'goal_sequence', 'targets': [{'name': 'target', 'position': [0.15000000596046448, 0.0, 0.019999999552965164]}], 'mode': 'goal_sequence'}
  Mesa            : 1.1x0.7x0.4 m  offset_x=-0.3
  Robô config     : control=ee  block_gripper=False  base=[-0.6, 0.0, 0.05]
  Scripts         : ['script_1', 'reach_only', 'left_right']
  Juntas ângulos  : [-0.00, -0.04, +0.00, -2.90, -0.00, +2.85, +0.79]
  Juntas veloc.   : [+0.00, -1.93, +0.01, -0.07, +0.00, -0.83, -0.00]
  Cubo rotação    : [-0.224, -0.004, +0.030]  (roll/pitch/yaw)
  Cubo vel.linear : [+0.188, +0.444, +0.444]
────────────────────────────────────────────
 Ep  1 | Step  19
────────────────────────────────────────────
  Task            : OBJECT_DELIVERY_SEQUENCE
  Action          : [+0.000, +0.000, +1.000, -1.000]
  EE posição      : [-0.258, +0.000, +0.121]
  EE velocidade   : [+0.114, -0.000, +0.394]
  Garra           : 0.002 m  (FECHADA)  contatos=0
  Cubo posição    : [-0.256, +0.015, +0.067]
  Target (target): [+0.150, +0.000, +0.020]
  Dist EE→Cubo    : 0.0552 m
  Dist Cubo→target: 0.4094 m
  Reward          : -0.4094
  Sucesso         : False
  Obstáculo caminho: nao  (count: 0)
  Objeto [object_1]: tipo=box  massa=1.0 kg  tamanho=[0.04, 0.04, 0.04]
  Target goal     : {'type': 'goal_sequence', 'targets': [{'name': 'target', 'position': [0.15000000596046448, 0.0, 0.019999999552965164]}], 'mode': 'goal_sequence'}
  Mesa            : 1.1x0.7x0.4 m  offset_x=-0.3
  Robô config     : control=ee  block_gripper=False  base=[-0.6, 0.0, 0.05]
  Scripts         : ['script_1', 'reach_only', 'left_right']
  Juntas ângulos  : [-0.00, -0.15, +0.00, -2.90, +0.00, +2.75, +0.79]
  Juntas veloc.   : [+0.00, -1.36, -0.00, -0.01, +0.00, -0.80, -0.00]
  Cubo rotação    : [-1.206, +0.167, -0.087]  (roll/pitch/yaw)
  Cubo vel.linear : [+0.145, +0.299, -0.303]
────────────────────────────────────────────
 Ep  1 | Step  20
────────────────────────────────────────────
  Task            : OBJECT_DELIVERY_SEQUENCE
  Action          : [+0.000, +0.000, +1.000, -1.000]
  EE posição      : [-0.255, +0.000, +0.149]
  EE velocidade   : [+0.168, +0.000, +0.520]
  Garra           : 0.000 m  (FECHADA)  contatos=0
  Cubo posição    : [-0.251, +0.027, +0.047]
  Target (target): [+0.150, +0.000, +0.020]
  Dist EE→Cubo    : 0.1057 m
  Dist Cubo→target: 0.4024 m
  Reward          : -0.4024
  Sucesso         : False
  Obstáculo caminho: nao  (count: 0)
  Objeto [object_1]: tipo=box  massa=1.0 kg  tamanho=[0.04, 0.04, 0.04]
  Target goal     : {'type': 'goal_sequence', 'targets': [{'name': 'target', 'position': [0.15000000596046448, 0.0, 0.019999999552965164]}], 'mode': 'goal_sequence'}
  Mesa            : 1.1x0.7x0.4 m  offset_x=-0.3
  Robô config     : control=ee  block_gripper=False  base=[-0.6, 0.0, 0.05]
  Scripts         : ['script_1', 'reach_only', 'left_right']
  Juntas ângulos  : [-0.00, -0.25, +0.00, -2.89, +0.00, +2.63, +0.79]
  Juntas veloc.   : [+0.00, -1.60, -0.00, +0.14, +0.00, -0.92, -0.00]
  Cubo rotação    : [-2.123, +0.165, -0.260]  (roll/pitch/yaw)
  Cubo vel.linear : [+0.144, +0.298, -0.694]
────────────────────────────────────────────
 Ep  1 | Step  21
────────────────────────────────────────────
  Task            : OBJECT_DELIVERY_SEQUENCE
  Action          : [+0.000, +0.000, +1.000, -1.000]
  EE posição      : [-0.251, +0.000, +0.181]
  EE velocidade   : [+0.113, +0.000, +0.461]
  Garra           : 0.000 m  (FECHADA)  contatos=0
  Cubo posição    : [-0.246, +0.042, +0.023]
  Target (target): [+0.150, +0.000, +0.020]
  Dist EE→Cubo    : 0.1644 m
  Dist Cubo→target: 0.3984 m
  Reward          : -0.3984
  Sucesso         : False
  Obstáculo caminho: nao  (count: 0)
  Objeto [object_1]: tipo=box  massa=1.0 kg  tamanho=[0.04, 0.04, 0.04]
  Target goal     : {'type': 'goal_sequence', 'targets': [{'name': 'target', 'position': [0.15000000596046448, 0.0, 0.019999999552965164]}], 'mode': 'goal_sequence'}
  Mesa            : 1.1x0.7x0.4 m  offset_x=-0.3
  Robô config     : control=ee  block_gripper=False  base=[-0.6, 0.0, 0.05]
  Scripts         : ['script_1', 'reach_only', 'left_right']
  Juntas ângulos  : [-0.00, -0.34, +0.00, -2.86, +0.00, +2.51, +0.79]
  Juntas veloc.   : [-0.00, -1.30, -0.00, +0.23, +0.00, -0.90, -0.00]
  Cubo rotação    : [-3.045, -0.048, -0.340]  (roll/pitch/yaw)
  Cubo vel.linear : [+0.108, +0.518, -0.318]
────────────────────────────────────────────
 Ep  1 | Step  22
────────────────────────────────────────────
  Task            : OBJECT_DELIVERY_SEQUENCE
  Action          : [+0.000, +0.000, -1.000, -1.000]
  EE posição      : [-0.244, +0.000, +0.172]
  EE velocidade   : [-0.430, -0.000, -1.095]
  Garra           : 0.000 m  (FECHADA)  contatos=0
  Cubo posição    : [-0.241, +0.056, +0.021]
  Target (target): [+0.150, +0.000, +0.020]
  Dist EE→Cubo    : 0.1608 m
  Dist Cubo→target: 0.3954 m
  Reward          : -0.3954
  Sucesso         : False
  Obstáculo caminho: nao  (count: 0)
  Objeto [object_1]: tipo=box  massa=1.0 kg  tamanho=[0.04, 0.04, 0.04]
  Target goal     : {'type': 'goal_sequence', 'targets': [{'name': 'target', 'position': [0.15000000596046448, 0.0, 0.019999999552965164]}], 'mode': 'goal_sequence'}
  Mesa            : 1.1x0.7x0.4 m  offset_x=-0.3
  Robô config     : control=ee  block_gripper=False  base=[-0.6, 0.0, 0.05]
  Scripts         : ['script_1', 'reach_only', 'left_right']
  Juntas ângulos  : [-0.00, -0.31, +0.00, -2.89, +0.00, +2.65, +0.79]
  Juntas veloc.   : [-0.00, +3.04, +0.00, -0.31, -0.01, +1.03, +0.00]
  Cubo rotação    : [+3.077, -0.004, -0.403]  (roll/pitch/yaw)
  Cubo vel.linear : [+0.103, +0.289, -0.050]
────────────────────────────────────────────
 Ep  1 | Step  23
────────────────────────────────────────────
  Task            : OBJECT_DELIVERY_SEQUENCE
  Action          : [+1.000, -0.000, +0.000, -1.000]
  EE posição      : [-0.243, +0.000, +0.139]
  EE velocidade   : [+1.111, +0.001, -0.057]
  Garra           : 0.000 m  (FECHADA)  contatos=0
  Cubo posição    : [-0.239, +0.064, +0.020]
  Target (target): [+0.150, +0.000, +0.020]
  Dist EE→Cubo    : 0.1358 m
  Dist Cubo→target: 0.3940 m
  Reward          : -0.3940
  Sucesso         : False
  Obstáculo caminho: nao  (count: 0)
  Objeto [object_1]: tipo=box  massa=1.0 kg  tamanho=[0.04, 0.04, 0.04]
  Target goal     : {'type': 'goal_sequence', 'targets': [{'name': 'target', 'position': [0.15000000596046448, 0.0, 0.019999999552965164]}], 'mode': 'goal_sequence'}
  Mesa            : 1.1x0.7x0.4 m  offset_x=-0.3
  Robô config     : control=ee  block_gripper=False  base=[-0.6, 0.0, 0.05]
  Scripts         : ['script_1', 'reach_only', 'left_right']
  Juntas ângulos  : [-0.00, -0.14, +0.00, -2.79, -0.00, +2.56, +0.79]
  Juntas veloc.   : [-0.00, +3.32, +0.00, +3.65, +0.01, -0.64, +0.00]
  Cubo rotação    : [-3.140, -0.000, -0.412]  (roll/pitch/yaw)
  Cubo vel.linear : [+0.035, +0.130, +0.002]
────────────────────────────────────────────
 Ep  1 | Step  24
────────────────────────────────────────────
  Task            : VACUUM_ASSIST
  Action          : [+0.000, +0.000, +0.000, +1.000]
  EE posição      : [-0.232, -0.000, +0.137]
  EE velocidade   : [-0.698, +0.001, +0.054]
  Garra           : 0.070 m  (ABERTA)  contatos=0
  Cubo posição    : [-0.238, +0.067, +0.020]
  Target (target): [+0.150, +0.000, +0.020]
  Dist EE→Cubo    : 0.1344 m
  Dist Cubo→target: 0.3939 m
  Reward          : -0.3939
  Sucesso         : False
  Obstáculo caminho: nao  (count: 0)
  Objeto [object_1]: tipo=box  massa=1.0 kg  tamanho=[0.04, 0.04, 0.04]
  Target goal     : {'type': 'goal_sequence', 'targets': [{'name': 'target', 'position': [0.15000000596046448, 0.0, 0.019999999552965164]}], 'mode': 'goal_sequence'}
  Mesa            : 1.1x0.7x0.4 m  offset_x=-0.3
  Robô config     : control=ee  block_gripper=False  base=[-0.6, 0.0, 0.05]
  Scripts         : ['script_1', 'reach_only', 'left_right']
  Juntas ângulos  : [-0.00, -0.14, +0.00, -2.82, +0.00, +2.66, +0.79]
  Juntas veloc.   : [+0.00, -2.19, +0.00, -2.46, -0.01, +0.73, -0.00]
  Cubo rotação    : [-3.141, -0.000, -0.412]  (roll/pitch/yaw)
  Cubo vel.linear : [+0.000, +0.000, +0.000]
────────────────────────────────────────────
 Ep  1 | Step  25
────────────────────────────────────────────
  Task            : VACUUM_ASSIST
  Action          : [-0.053, +0.587, -0.808, +1.000]
  EE posição      : [-0.229, +0.022, +0.125]
  EE velocidade   : [-0.424, +0.285, -0.983]
  Garra           : 0.079 m  (ABERTA)  contatos=0
  Cubo posição    : [-0.238, +0.067, +0.020]
  Target (target): [+0.150, +0.000, +0.020]
  Dist EE→Cubo    : 0.1148 m
  Dist Cubo→target: 0.3939 m
  Reward          : -0.3939
  Sucesso         : False
  Obstáculo caminho: nao  (count: 0)
  Objeto [object_1]: tipo=box  massa=1.0 kg  tamanho=[0.04, 0.04, 0.04]
  Target goal     : {'type': 'goal_sequence', 'targets': [{'name': 'target', 'position': [0.15000000596046448, 0.0, 0.019999999552965164]}], 'mode': 'goal_sequence'}
  Mesa            : 1.1x0.7x0.4 m  offset_x=-0.3
  Robô config     : control=ee  block_gripper=False  base=[-0.6, 0.0, 0.05]
  Scripts         : ['script_1', 'reach_only', 'left_right']
  Juntas ângulos  : [+0.03, -0.09, +0.03, -2.84, +0.01, +2.78, +0.84]
  Juntas veloc.   : [+0.38, +2.88, +0.43, -0.00, +0.08, +0.94, +0.45]
  Cubo rotação    : [-3.142, +0.000, -0.412]  (roll/pitch/yaw)
  Cubo vel.linear : [+0.000, +0.000, +0.000]
────────────────────────────────────────────
 Ep  1 | Step  26
────────────────────────────────────────────
  Task            : VACUUM_ASSIST
  Action          : [-0.100, +0.481, -0.871, +1.000]
  EE posição      : [-0.241, +0.041, +0.088]
  EE velocidade   : [-0.284, +0.157, -0.538]
  Garra           : 0.080 m  (ABERTA)  contatos=0
  Cubo posição    : [-0.238, +0.067, +0.020]
  Target (target): [+0.150, +0.000, +0.020]
  Dist EE→Cubo    : 0.0729 m
  Dist Cubo→target: 0.3939 m
  Reward          : -0.3939
  Sucesso         : False
  Obstáculo caminho: nao  (count: 0)
  Objeto [object_1]: tipo=box  massa=1.0 kg  tamanho=[0.04, 0.04, 0.04]
  Target goal     : {'type': 'goal_sequence', 'targets': [{'name': 'target', 'position': [0.15000000596046448, 0.0, 0.019999999552965164]}], 'mode': 'goal_sequence'}
  Mesa            : 1.1x0.7x0.4 m  offset_x=-0.3
  Robô config     : control=ee  block_gripper=False  base=[-0.6, 0.0, 0.05]
  Scripts         : ['script_1', 'reach_only', 'left_right']
  Juntas ângulos  : [+0.05, +0.03, +0.06, -2.83, +0.01, +2.84, +0.89]
  Juntas veloc.   : [+0.23, +1.66, +0.22, +0.07, -0.02, +0.47, +0.37]
  Cubo rotação    : [+3.142, +0.000, -0.412]  (roll/pitch/yaw)
  Cubo vel.linear : [-0.000, -0.000, +0.000]
────────────────────────────────────────────
 Ep  1 | Step  27
────────────────────────────────────────────
  Task            : VACUUM_ASSIST
  Action          : [+0.057, +0.517, -0.854, +1.000]
  EE posição      : [-0.243, +0.059, +0.059]
  EE velocidade   : [-0.250, +0.157, -0.523]
  Garra           : 0.080 m  (ABERTA)  contatos=0
  Cubo posição    : [-0.238, +0.067, +0.020]
  Target (target): [+0.150, +0.000, +0.020]
  Dist EE→Cubo    : 0.0405 m
  Dist Cubo→target: 0.3939 m
  Reward          : -0.3939
  Sucesso         : False
  Obstáculo caminho: nao  (count: 0)
  Objeto [object_1]: tipo=box  massa=1.0 kg  tamanho=[0.04, 0.04, 0.04]
  Target goal     : {'type': 'goal_sequence', 'targets': [{'name': 'target', 'position': [0.15000000596046448, 0.0, 0.019999999552965164]}], 'mode': 'goal_sequence'}
  Mesa            : 1.1x0.7x0.4 m  offset_x=-0.3
  Robô config     : control=ee  block_gripper=False  base=[-0.6, 0.0, 0.05]
  Scripts         : ['script_1', 'reach_only', 'left_right']
  Juntas ângulos  : [+0.09, +0.14, +0.07, -2.82, -0.01, +2.95, +0.95]
  Juntas veloc.   : [+0.35, +1.73, +0.07, +0.14, -0.15, +0.81, +0.46]
  Cubo rotação    : [+3.142, +0.000, -0.412]  (roll/pitch/yaw)
  Cubo vel.linear : [-0.000, -0.000, +0.000]
────────────────────────────────────────────
 Ep  1 | Step  28
────────────────────────────────────────────
  Task            : VACUUM_ASSIST
  Action          : [+0.277, +0.468, -0.839, +1.000]
  EE posição      : [-0.236, +0.073, +0.031]
  EE velocidade   : [-0.119, +0.109, -0.528]
  Garra           : 0.080 m  (ABERTA)  contatos=0
  Cubo posição    : [-0.238, +0.067, +0.020]
  Target (target): [+0.150, +0.000, +0.020]
  Dist EE→Cubo    : 0.0131 m
  Dist Cubo→target: 0.3939 m
  Reward          : -0.3939
  Sucesso         : False
  Obstáculo caminho: nao  (count: 0)
  Objeto [object_1]: tipo=box  massa=1.0 kg  tamanho=[0.04, 0.04, 0.04]
  Target goal     : {'type': 'goal_sequence', 'targets': [{'name': 'target', 'position': [0.15000000596046448, 0.0, 0.019999999552965164]}], 'mode': 'goal_sequence'}
  Mesa            : 1.1x0.7x0.4 m  offset_x=-0.3
  Robô config     : control=ee  block_gripper=False  base=[-0.6, 0.0, 0.05]
  Scripts         : ['script_1', 'reach_only', 'left_right']
  Juntas ângulos  : [+0.14, +0.27, +0.05, -2.77, -0.03, +3.02, +1.00]
  Juntas veloc.   : [+0.43, +1.90, -0.16, +0.61, -0.17, +0.57, +0.38]
  Cubo rotação    : [+3.142, +0.000, -0.412]  (roll/pitch/yaw)
  Cubo vel.linear : [-0.000, -0.000, +0.000]
────────────────────────────────────────────
 Ep  1 | Step  29
────────────────────────────────────────────
  Task            : VACUUM_ASSIST
  Action          : [+0.000, +0.000, +0.000, -1.000]
  EE posição      : [-0.239, +0.072, +0.027]
  EE velocidade   : [+0.197, +0.018, +0.252]
  Garra           : 0.034 m  (AGARRADA)  contatos=2
  Cubo posição    : [-0.236, +0.078, +0.023]
  Target (target): [+0.150, +0.000, +0.020]
  Dist EE→Cubo    : 0.0081 m
  Dist Cubo→target: 0.3936 m
  Reward          : -0.3936
  Sucesso         : False
  Obstáculo caminho: nao  (count: 0)
  Objeto [object_1]: tipo=box  massa=1.0 kg  tamanho=[0.04, 0.04, 0.04]
  Target goal     : {'type': 'goal_sequence', 'targets': [{'name': 'target', 'position': [0.15000000596046448, 0.0, 0.019999999552965164]}], 'mode': 'goal_sequence'}
  Mesa            : 1.1x0.7x0.4 m  offset_x=-0.3
  Robô config     : control=ee  block_gripper=False  base=[-0.6, 0.0, 0.05]
  Scripts         : ['script_1', 'reach_only', 'left_right']
  Juntas ângulos  : [+0.15, +0.27, +0.03, -2.77, -0.04, +3.03, +1.01]
  Juntas veloc.   : [+0.12, -0.70, -0.14, -0.06, -0.10, +0.10, +0.07]
  Cubo rotação    : [-3.139, -0.016, -0.018]  (roll/pitch/yaw)
  Cubo vel.linear : [+0.187, +0.194, +0.259]
────────────────────────────────────────────
 Ep  1 | Step  30
────────────────────────────────────────────
  Task            : VACUUM_ASSIST
  Action          : [+0.000, +0.000, +1.000, -1.000]
  EE posição      : [-0.247, +0.071, +0.048]
  EE velocidade   : [+0.498, +0.084, +0.855]
  Garra           : 0.035 m  (AGARRADA)  contatos=2
  Cubo posição    : [-0.242, +0.086, +0.045]
  Target (target): [+0.150, +0.000, +0.020]
  Dist EE→Cubo    : 0.0160 m
  Dist Cubo→target: 0.4020 m
  Reward          : -0.4020
  Sucesso         : False
  Obstáculo caminho: nao  (count: 0)
  Objeto [object_1]: tipo=box  massa=1.0 kg  tamanho=[0.04, 0.04, 0.04]
  Target goal     : {'type': 'goal_sequence', 'targets': [{'name': 'target', 'position': [0.15000000596046448, 0.0, 0.019999999552965164]}], 'mode': 'goal_sequence'}
  Mesa            : 1.1x0.7x0.4 m  offset_x=-0.3
  Robô config     : control=ee  block_gripper=False  base=[-0.6, 0.0, 0.05]
  Scripts         : ['script_1', 'reach_only', 'left_right']
  Juntas ângulos  : [+0.15, +0.17, +0.04, -2.81, -0.04, +2.95, +1.01]
  Juntas veloc.   : [+0.00, -2.64, +0.05, -0.17, +0.06, -0.67, -0.00]
  Cubo rotação    : [+3.137, +0.001, +0.024]  (roll/pitch/yaw)
  Cubo vel.linear : [+0.496, +0.206, +0.870]
────────────────────────────────────────────
 Ep  1 | Step  31
────────────────────────────────────────────
  Task            : VACUUM_ASSIST
  Action          : [+0.000, +0.000, +1.000, -1.000]
  EE posição      : [-0.243, +0.073, +0.083]
  EE velocidade   : [+0.095, +0.018, +0.422]
  Garra           : 0.037 m  (AGARRADA)  contatos=2
  Cubo posição    : [-0.238, +0.091, +0.079]
  Target (target): [+0.150, +0.000, +0.020]
  Dist EE→Cubo    : 0.0195 m
  Dist Cubo→target: 0.4026 m
  Reward          : -0.4026
  Sucesso         : False
  Obstáculo caminho: nao  (count: 0)
  Objeto [object_1]: tipo=box  massa=1.0 kg  tamanho=[0.04, 0.04, 0.04]
  Target goal     : {'type': 'goal_sequence', 'targets': [{'name': 'target', 'position': [0.15000000596046448, 0.0, 0.019999999552965164]}], 'mode': 'goal_sequence'}
  Mesa            : 1.1x0.7x0.4 m  offset_x=-0.3
  Robô config     : control=ee  block_gripper=False  base=[-0.6, 0.0, 0.05]
  Scripts         : ['script_1', 'reach_only', 'left_right']
  Juntas ângulos  : [+0.15, +0.05, +0.05, -2.83, -0.02, +2.88, +1.00]
  Juntas veloc.   : [+0.00, -1.51, +0.06, -0.30, +0.13, -0.52, -0.06]
  Cubo rotação    : [+3.136, -0.032, -0.010]  (roll/pitch/yaw)
  Cubo vel.linear : [+0.098, +0.087, +0.428]
────────────────────────────────────────────
 Ep  1 | Step  32
────────────────────────────────────────────
  Task            : VACUUM_ASSIST
  Action          : [+0.000, +0.000, +1.000, -1.000]
  EE posição      : [-0.243, +0.073, +0.110]
  EE velocidade   : [+0.238, +0.047, +0.625]
  Garra           : 0.035 m  (AGARRADA)  contatos=2
  Cubo posição    : [-0.235, +0.085, +0.107]
  Target (target): [+0.150, +0.000, +0.020]
  Dist EE→Cubo    : 0.0145 m
  Dist Cubo→target: 0.4041 m
  Reward          : -0.4041
  Sucesso         : False
  Obstáculo caminho: nao  (count: 0)
  Objeto [object_1]: tipo=box  massa=1.0 kg  tamanho=[0.04, 0.04, 0.04]
  Target goal     : {'type': 'goal_sequence', 'targets': [{'name': 'target', 'position': [0.15000000596046448, 0.0, 0.019999999552965164]}], 'mode': 'goal_sequence'}
  Mesa            : 1.1x0.7x0.4 m  offset_x=-0.3
  Robô config     : control=ee  block_gripper=False  base=[-0.6, 0.0, 0.05]
  Scripts         : ['script_1', 'reach_only', 'left_right']
  Juntas ângulos  : [+0.16, -0.06, +0.05, -2.83, +0.00, +2.76, +0.99]
  Juntas veloc.   : [+0.04, -1.91, +0.01, +0.02, +0.17, -0.90, -0.11]
  Cubo rotação    : [+3.139, -0.029, +0.027]  (roll/pitch/yaw)
  Cubo vel.linear : [+0.242, -0.147, +0.636]
────────────────────────────────────────────
 Ep  1 | Step  33
────────────────────────────────────────────
  Task            : VACUUM_ASSIST
  Action          : [+0.000, +0.000, +1.000, -1.000]
  EE posição      : [-0.240, +0.074, +0.142]
  EE velocidade   : [+0.148, +0.029, +0.524]
  Garra           : 0.035 m  (AGARRADA)  contatos=2
  Cubo posição    : [-0.231, +0.079, +0.139]
  Target (target): [+0.150, +0.000, +0.020]
  Dist EE→Cubo    : 0.0112 m
  Dist Cubo→target: 0.4070 m
  Reward          : -0.4070
  Sucesso         : False
  Obstáculo caminho: nao  (count: 0)
  Objeto [object_1]: tipo=box  massa=1.0 kg  tamanho=[0.04, 0.04, 0.04]
  Target goal     : {'type': 'goal_sequence', 'targets': [{'name': 'target', 'position': [0.15000000596046448, 0.0, 0.019999999552965164]}], 'mode': 'goal_sequence'}
  Mesa            : 1.1x0.7x0.4 m  offset_x=-0.3
  Robô config     : control=ee  block_gripper=False  base=[-0.6, 0.0, 0.05]
  Scripts         : ['script_1', 'reach_only', 'left_right']
  Juntas ângulos  : [+0.16, -0.16, +0.05, -2.82, +0.01, +2.66, +0.98]
  Juntas veloc.   : [+0.03, -1.57, -0.01, +0.05, +0.09, -0.82, -0.06]
  Cubo rotação    : [+3.124, -0.035, -0.011]  (roll/pitch/yaw)
  Cubo vel.linear : [+0.152, -0.140, +0.534]
────────────────────────────────────────────
 Ep  1 | Step  34
────────────────────────────────────────────
  Task            : VACUUM_ASSIST
  Action          : [+0.000, +0.000, +1.000, -1.000]
  EE posição      : [-0.238, +0.075, +0.174]
  EE velocidade   : [+0.148, +0.028, +0.587]
  Garra           : 0.036 m  (AGARRADA)  contatos=2
  Cubo posição    : [-0.227, +0.074, +0.171]
  Target (target): [+0.150, +0.000, +0.020]
  Dist EE→Cubo    : 0.0108 m
  Dist Cubo→target: 0.4132 m
  Reward          : -0.4132
  Sucesso         : False
  Obstáculo caminho: nao  (count: 0)
  Objeto [object_1]: tipo=box  massa=1.0 kg  tamanho=[0.04, 0.04, 0.04]
  Target goal     : {'type': 'goal_sequence', 'targets': [{'name': 'target', 'position': [0.15000000596046448, 0.0, 0.019999999552965164]}], 'mode': 'goal_sequence'}
  Mesa            : 1.1x0.7x0.4 m  offset_x=-0.3
  Robô config     : control=ee  block_gripper=False  base=[-0.6, 0.0, 0.05]
  Scripts         : ['script_1', 'reach_only', 'left_right']
  Juntas ângulos  : [+0.16, -0.26, +0.04, -2.80, +0.02, +2.54, +0.98]
  Juntas veloc.   : [+0.02, -1.62, -0.02, +0.18, +0.04, -0.91, -0.03]
  Cubo rotação    : [+3.140, -0.039, +0.002]  (roll/pitch/yaw)
  Cubo vel.linear : [+0.151, -0.136, +0.596]
────────────────────────────────────────────
 Ep  1 | Step  35
────────────────────────────────────────────
  Task            : OBJECT_DELIVERY_SEQUENCE
  Action          : [+0.982, -0.189, +0.000, -1.000]
  EE posição      : [-0.201, +0.067, +0.187]
  EE velocidade   : [+0.801, -0.036, -0.084]
  Garra           : 0.036 m  (AGARRADA)  contatos=2
  Cubo posição    : [-0.189, +0.069, +0.183]
  Target (target): [+0.150, +0.000, +0.020]
  Dist EE→Cubo    : 0.0126 m
  Dist Cubo→target: 0.3825 m
  Reward          : -0.3825
  Sucesso         : False
  Obstáculo caminho: nao  (count: 0)
  Objeto [object_1]: tipo=box  massa=1.0 kg  tamanho=[0.04, 0.04, 0.04]
  Target goal     : {'type': 'goal_sequence', 'targets': [{'name': 'target', 'position': [0.15000000596046448, 0.0, 0.019999999552965164]}], 'mode': 'goal_sequence'}
  Mesa            : 1.1x0.7x0.4 m  offset_x=-0.3
  Robô config     : control=ee  block_gripper=False  base=[-0.6, 0.0, 0.05]
  Scripts         : ['script_1', 'reach_only', 'left_right']
  Juntas ângulos  : [+0.14, -0.19, +0.02, -2.70, +0.01, +2.54, +0.94]
  Juntas veloc.   : [-0.24, +2.53, -0.21, +2.45, -0.10, -0.01, -0.24]
  Cubo rotação    : [-3.139, -0.070, +0.005]  (roll/pitch/yaw)
  Cubo vel.linear : [+0.802, -0.133, -0.082]
────────────────────────────────────────────
 Ep  1 | Step  36
────────────────────────────────────────────
  Task            : OBJECT_DELIVERY_SEQUENCE
  Action          : [+0.982, -0.188, -0.036, -1.000]
  EE posição      : [-0.167, +0.058, +0.182]
  EE velocidade   : [+0.344, -0.086, -0.054]
  Garra           : 0.037 m  (AGARRADA)  contatos=2
  Cubo posição    : [-0.156, +0.064, +0.177]
  Target (target): [+0.150, +0.000, +0.020]
  Dist EE→Cubo    : 0.0127 m
  Dist Cubo→target: 0.3503 m
  Reward          : -0.3503
  Sucesso         : False
  Obstáculo caminho: nao  (count: 0)
  Objeto [object_1]: tipo=box  massa=1.0 kg  tamanho=[0.04, 0.04, 0.04]
  Target goal     : {'type': 'goal_sequence', 'targets': [{'name': 'target', 'position': [0.15000000596046448, 0.0, 0.019999999552965164]}], 'mode': 'goal_sequence'}
  Mesa            : 1.1x0.7x0.4 m  offset_x=-0.3
  Robô config     : control=ee  block_gripper=False  base=[-0.6, 0.0, 0.05]
  Scripts         : ['script_1', 'reach_only', 'left_right']
  Juntas ângulos  : [+0.13, -0.08, +0.00, -2.59, +0.00, +2.50, +0.92]
  Juntas veloc.   : [-0.14, +1.09, -0.16, +1.18, -0.04, -0.29, -0.21]
  Cubo rotação    : [+3.141, -0.038, +0.003]  (roll/pitch/yaw)
  Cubo vel.linear : [+0.344, -0.130, -0.057]
────────────────────────────────────────────
 Ep  1 | Step  37
────────────────────────────────────────────
  Task            : OBJECT_DELIVERY_SEQUENCE
  Action          : [+0.983, -0.181, -0.024, -1.000]
  EE posição      : [-0.135, +0.050, +0.176]
  EE velocidade   : [+0.431, -0.073, -0.093]
  Garra           : 0.038 m  (AGARRADA)  contatos=2
  Cubo posição    : [-0.124, +0.058, +0.171]
  Target (target): [+0.150, +0.000, +0.020]
  Dist EE→Cubo    : 0.0145 m
  Dist Cubo→target: 0.3185 m
  Reward          : -0.3185
  Sucesso         : False
  Obstáculo caminho: nao  (count: 0)
  Objeto [object_1]: tipo=box  massa=1.0 kg  tamanho=[0.04, 0.04, 0.04]
  Target goal     : {'type': 'goal_sequence', 'targets': [{'name': 'target', 'position': [0.15000000596046448, 0.0, 0.019999999552965164]}], 'mode': 'goal_sequence'}
  Mesa            : 1.1x0.7x0.4 m  offset_x=-0.3
  Robô config     : control=ee  block_gripper=False  base=[-0.6, 0.0, 0.05]
  Scripts         : ['script_1', 'reach_only', 'left_right']
  Juntas ângulos  : [+0.12, +0.02, -0.01, -2.48, +0.00, +2.49, +0.89]
  Juntas veloc.   : [-0.13, +1.29, -0.12, +1.36, -0.00, -0.09, -0.20]
  Cubo rotação    : [+3.141, -0.031, +0.003]  (roll/pitch/yaw)
  Cubo vel.linear : [+0.432, -0.128, -0.093]
────────────────────────────────────────────
 Ep  1 | Step  38
────────────────────────────────────────────
  Task            : OBJECT_DELIVERY_SEQUENCE
  Action          : [+0.985, -0.173, -0.005, -1.000]
  EE posição      : [-0.103, +0.042, +0.169]
  EE velocidade   : [+0.395, -0.071, -0.103]
  Garra           : 0.038 m  (AGARRADA)  contatos=2
  Cubo posição    : [-0.092, +0.053, +0.164]
  Target (target): [+0.150, +0.000, +0.020]
  Dist EE→Cubo    : 0.0163 m
  Dist Cubo→target: 0.2866 m
  Reward          : -0.2866
  Sucesso         : False
  Obstáculo caminho: nao  (count: 0)
  Objeto [object_1]: tipo=box  massa=1.0 kg  tamanho=[0.04, 0.04, 0.04]
  Target goal     : {'type': 'goal_sequence', 'targets': [{'name': 'target', 'position': [0.15000000596046448, 0.0, 0.019999999552965164]}], 'mode': 'goal_sequence'}
  Mesa            : 1.1x0.7x0.4 m  offset_x=-0.3
  Robô config     : control=ee  block_gripper=False  base=[-0.6, 0.0, 0.05]
  Scripts         : ['script_1', 'reach_only', 'left_right']
  Juntas ângulos  : [+0.10, +0.11, -0.02, -2.38, +0.00, +2.47, +0.87]
  Juntas veloc.   : [-0.13, +1.17, -0.08, +1.28, +0.02, -0.09, -0.19]
  Cubo rotação    : [+3.141, -0.029, +0.002]  (roll/pitch/yaw)
  Cubo vel.linear : [+0.395, -0.124, -0.103]
────────────────────────────────────────────
 Ep  1 | Step  39
────────────────────────────────────────────
  Task            : OBJECT_DELIVERY_SEQUENCE
  Action          : [+0.986, -0.164, +0.021, -1.000]
  EE posição      : [-0.071, +0.035, +0.162]
  EE velocidade   : [+0.396, -0.066, -0.097]
  Garra           : 0.038 m  (AGARRADA)  contatos=2
  Cubo posição    : [-0.060, +0.049, +0.157]
  Target (target): [+0.150, +0.000, +0.020]
  Dist EE→Cubo    : 0.0183 m
  Dist Cubo→target: 0.2558 m
  Reward          : -0.2558
  Sucesso         : False
  Obstáculo caminho: nao  (count: 0)
  Objeto [object_1]: tipo=box  massa=1.0 kg  tamanho=[0.04, 0.04, 0.04]
  Target goal     : {'type': 'goal_sequence', 'targets': [{'name': 'target', 'position': [0.15000000596046448, 0.0, 0.019999999552965164]}], 'mode': 'goal_sequence'}
  Mesa            : 1.1x0.7x0.4 m  offset_x=-0.3
  Robô config     : control=ee  block_gripper=False  base=[-0.6, 0.0, 0.05]
  Scripts         : ['script_1', 'reach_only', 'left_right']
  Juntas ângulos  : [+0.09, +0.20, -0.03, -2.27, +0.01, +2.46, +0.84]
  Juntas veloc.   : [-0.12, +1.12, -0.05, +1.32, +0.04, -0.14, -0.17]
  Cubo rotação    : [+3.141, -0.028, +0.002]  (roll/pitch/yaw)
  Cubo vel.linear : [+0.396, -0.122, -0.097]
────────────────────────────────────────────
 Ep  1 | Step  40
────────────────────────────────────────────
  Task            : OBJECT_DELIVERY_SEQUENCE
  Action          : [+0.987, -0.154, +0.055, -1.000]
  EE posição      : [-0.040, +0.027, +0.155]
  EE velocidade   : [+0.369, -0.062, -0.111]
  Garra           : 0.038 m  (AGARRADA)  contatos=2
  Cubo posição    : [-0.029, +0.043, +0.150]
  Target (target): [+0.150, +0.000, +0.020]
  Dist EE→Cubo    : 0.0193 m
  Dist Cubo→target: 0.2259 m
  Reward          : -0.2259
  Sucesso         : False
  Obstáculo caminho: nao  (count: 0)
  Objeto [object_1]: tipo=box  massa=1.0 kg  tamanho=[0.04, 0.04, 0.04]
  Target goal     : {'type': 'goal_sequence', 'targets': [{'name': 'target', 'position': [0.15000000596046448, 0.0, 0.019999999552965164]}], 'mode': 'goal_sequence'}
  Mesa            : 1.1x0.7x0.4 m  offset_x=-0.3
  Robô config     : control=ee  block_gripper=False  base=[-0.6, 0.0, 0.05]
  Scripts         : ['script_1', 'reach_only', 'left_right']
  Juntas ângulos  : [+0.08, +0.29, -0.03, -2.16, +0.01, +2.43, +0.83]
  Juntas veloc.   : [-0.12, +1.08, -0.03, +1.31, +0.04, -0.18, -0.15]
  Cubo rotação    : [+3.141, -0.027, +0.002]  (roll/pitch/yaw)
  Cubo vel.linear : [+0.369, -0.146, -0.111]
────────────────────────────────────────────
 Ep  1 | Step  41
────────────────────────────────────────────
  Task            : OBJECT_DELIVERY_SEQUENCE
  Action          : [+0.985, -0.142, +0.100, -1.000]
  EE posição      : [-0.011, +0.021, +0.149]
  EE velocidade   : [+0.357, -0.057, -0.091]
  Garra           : 0.038 m  (AGARRADA)  contatos=2
  Cubo posição    : [+0.000, +0.036, +0.144]
  Target (target): [+0.150, +0.000, +0.020]
  Dist EE→Cubo    : 0.0191 m
  Dist Cubo→target: 0.1977 m
  Reward          : -0.1977
  Sucesso         : False
  Obstáculo caminho: nao  (count: 0)
  Objeto [object_1]: tipo=box  massa=1.0 kg  tamanho=[0.04, 0.04, 0.04]
  Target goal     : {'type': 'goal_sequence', 'targets': [{'name': 'target', 'position': [0.15000000596046448, 0.0, 0.019999999552965164]}], 'mode': 'goal_sequence'}
  Mesa            : 1.1x0.7x0.4 m  offset_x=-0.3
  Robô config     : control=ee  block_gripper=False  base=[-0.6, 0.0, 0.05]
  Scripts         : ['script_1', 'reach_only', 'left_right']
  Juntas ângulos  : [+0.07, +0.37, -0.04, -2.05, +0.02, +2.40, +0.81]
  Juntas veloc.   : [-0.11, +1.01, -0.02, +1.31, +0.04, -0.23, -0.13]
  Cubo rotação    : [+3.141, -0.025, +0.003]  (roll/pitch/yaw)
  Cubo vel.linear : [+0.358, -0.173, -0.090]
────────────────────────────────────────────
 Ep  1 | Step  42
────────────────────────────────────────────
  Task            : OBJECT_DELIVERY_SEQUENCE
  Action          : [+0.979, -0.128, +0.158, -1.000]
  EE posição      : [+0.018, +0.015, +0.143]
  EE velocidade   : [+0.332, -0.051, -0.071]
  Garra           : 0.038 m  (AGARRADA)  contatos=2
  Cubo posição    : [+0.028, +0.029, +0.138]
  Target (target): [+0.150, +0.000, +0.020]
  Dist EE→Cubo    : 0.0183 m
  Dist Cubo→target: 0.1723 m
  Reward          : -0.1723
  Sucesso         : False
  Obstáculo caminho: nao  (count: 0)
  Objeto [object_1]: tipo=box  massa=1.0 kg  tamanho=[0.04, 0.04, 0.04]
  Target goal     : {'type': 'goal_sequence', 'targets': [{'name': 'target', 'position': [0.15000000596046448, 0.0, 0.019999999552965164]}], 'mode': 'goal_sequence'}
  Mesa            : 1.1x0.7x0.4 m  offset_x=-0.3
  Robô config     : control=ee  block_gripper=False  base=[-0.6, 0.0, 0.05]
  Scripts         : ['script_1', 'reach_only', 'left_right']
  Juntas ângulos  : [+0.06, +0.45, -0.04, -1.94, +0.02, +2.37, +0.80]
  Juntas veloc.   : [-0.10, +0.92, -0.01, +1.29, +0.03, -0.27, -0.10]
  Cubo rotação    : [+3.141, -0.024, +0.003]  (roll/pitch/yaw)
  Cubo vel.linear : [+0.332, -0.171, -0.070]
────────────────────────────────────────────
 Ep  1 | Step  43
────────────────────────────────────────────
  Task            : OBJECT_DELIVERY_SEQUENCE
  Action          : [+0.967, -0.111, +0.229, -1.000]
  EE posição      : [+0.044, +0.010, +0.140]
  EE velocidade   : [+0.327, -0.043, +0.009]
  Garra           : 0.038 m  (AGARRADA)  contatos=2
  Cubo posição    : [+0.055, +0.022, +0.136]
  Target (target): [+0.150, +0.000, +0.020]
  Dist EE→Cubo    : 0.0169 m
  Dist Cubo→target: 0.1515 m
  Reward          : -0.1515
  Sucesso         : False
  Obstáculo caminho: nao  (count: 0)
  Objeto [object_1]: tipo=box  massa=1.0 kg  tamanho=[0.04, 0.04, 0.04]
  Target goal     : {'type': 'goal_sequence', 'targets': [{'name': 'target', 'position': [0.15000000596046448, 0.0, 0.019999999552965164]}], 'mode': 'goal_sequence'}
  Mesa            : 1.1x0.7x0.4 m  offset_x=-0.3
  Robô config     : control=ee  block_gripper=False  base=[-0.6, 0.0, 0.05]
  Scripts         : ['script_1', 'reach_only', 'left_right']
  Juntas ângulos  : [+0.05, +0.53, -0.04, -1.82, +0.03, +2.33, +0.79]
  Juntas veloc.   : [-0.08, +0.76, -0.00, +1.27, +0.02, -0.31, -0.08]
  Cubo rotação    : [+3.141, -0.025, +0.003]  (roll/pitch/yaw)
  Cubo vel.linear : [+0.328, -0.169, +0.012]
────────────────────────────────────────────
 Ep  1 | Step  44
────────────────────────────────────────────
  Task            : OBJECT_DELIVERY_SEQUENCE
  Action          : [+0.948, -0.091, +0.306, -1.000]
  EE posição      : [+0.069, +0.006, +0.140]
  EE velocidade   : [+0.295, -0.034, +0.067]
  Garra           : 0.038 m  (AGARRADA)  contatos=2
  Cubo posição    : [+0.080, +0.016, +0.136]
  Target (target): [+0.150, +0.000, +0.020]
  Dist EE→Cubo    : 0.0150 m
  Dist Cubo→target: 0.1365 m
  Reward          : -0.1365
  Sucesso         : False
  Obstáculo caminho: nao  (count: 0)
  Objeto [object_1]: tipo=box  massa=1.0 kg  tamanho=[0.04, 0.04, 0.04]
  Target goal     : {'type': 'goal_sequence', 'targets': [{'name': 'target', 'position': [0.15000000596046448, 0.0, 0.019999999552965164]}], 'mode': 'goal_sequence'}
  Mesa            : 1.1x0.7x0.4 m  offset_x=-0.3
  Robô config     : control=ee  block_gripper=False  base=[-0.6, 0.0, 0.05]
  Scripts         : ['script_1', 'reach_only', 'left_right']
  Juntas ângulos  : [+0.04, +0.59, -0.04, -1.71, +0.03, +2.28, +0.78]
  Juntas veloc.   : [-0.07, +0.62, -0.00, +1.20, +0.02, -0.36, -0.06]
  Cubo rotação    : [-3.142, -0.026, +0.003]  (roll/pitch/yaw)
  Cubo vel.linear : [+0.296, -0.168, +0.070]
────────────────────────────────────────────
 Ep  1 | Step  45
────────────────────────────────────────────
  Task            : OBJECT_DELIVERY_SEQUENCE
  Action          : [+0.920, -0.069, +0.387, -1.000]
  EE posição      : [+0.092, +0.003, +0.145]
  EE velocidade   : [+0.289, -0.023, +0.183]
  Garra           : 0.038 m  (AGARRADA)  contatos=2
  Cubo posição    : [+0.102, +0.009, +0.141]
  Target (target): [+0.150, +0.000, +0.020]
  Dist EE→Cubo    : 0.0129 m
  Dist Cubo→target: 0.1302 m
  Reward          : -0.1302
  Sucesso         : False
  Obstáculo caminho: nao  (count: 0)
  Objeto [object_1]: tipo=box  massa=1.0 kg  tamanho=[0.04, 0.04, 0.04]
  Target goal     : {'type': 'goal_sequence', 'targets': [{'name': 'target', 'position': [0.15000000596046448, 0.0, 0.019999999552965164]}], 'mode': 'goal_sequence'}
  Mesa            : 1.1x0.7x0.4 m  offset_x=-0.3
  Robô config     : control=ee  block_gripper=False  base=[-0.6, 0.0, 0.05]
  Scripts         : ['script_1', 'reach_only', 'left_right']
  Juntas ângulos  : [+0.04, +0.65, -0.04, -1.60, +0.03, +2.23, +0.77]
  Juntas veloc.   : [-0.05, +0.41, -0.00, +1.16, +0.01, -0.39, -0.04]
  Cubo rotação    : [-3.141, -0.029, +0.002]  (roll/pitch/yaw)
  Cubo vel.linear : [+0.290, -0.167, +0.187]
────────────────────────────────────────────
 Ep  1 | Step  46
────────────────────────────────────────────
  Task            : OBJECT_DELIVERY_SEQUENCE
  Action          : [+0.891, -0.045, +0.451, -1.000]
  EE posição      : [+0.112, +0.001, +0.154]
  EE velocidade   : [+0.262, -0.013, +0.281]
  Garra           : 0.038 m  (AGARRADA)  contatos=2
  Cubo posição    : [+0.123, +0.002, +0.150]
  Target (target): [+0.150, +0.000, +0.020]
  Dist EE→Cubo    : 0.0113 m
  Dist Cubo→target: 0.1328 m
  Reward          : -0.1328
  Sucesso         : False
  Obstáculo caminho: nao  (count: 0)
  Objeto [object_1]: tipo=box  massa=1.0 kg  tamanho=[0.04, 0.04, 0.04]
  Target goal     : {'type': 'goal_sequence', 'targets': [{'name': 'target', 'position': [0.15000000596046448, 0.0, 0.019999999552965164]}], 'mode': 'goal_sequence'}
  Mesa            : 1.1x0.7x0.4 m  offset_x=-0.3
  Robô config     : control=ee  block_gripper=False  base=[-0.6, 0.0, 0.05]
  Scripts         : ['script_1', 'reach_only', 'left_right']
  Juntas ângulos  : [+0.03, +0.70, -0.04, -1.49, +0.03, +2.17, +0.77]
  Juntas veloc.   : [-0.04, +0.22, +0.00, +1.07, +0.01, -0.43, -0.02]
  Cubo rotação    : [-3.141, -0.034, +0.002]  (roll/pitch/yaw)
  Cubo vel.linear : [+0.263, -0.167, +0.286]
────────────────────────────────────────────
 Ep  1 | Step  47
────────────────────────────────────────────
  Task            : OBJECT_DELIVERY_SEQUENCE
  Action          : [+0.878, -0.022, +0.479, -1.000]
  EE posição      : [+0.131, -0.000, +0.167]
  EE velocidade   : [+0.241, -0.004, +0.375]
  Garra           : 0.038 m  (AGARRADA)  contatos=2
  Cubo posição    : [+0.142, -0.004, +0.163]
  Target (target): [+0.150, +0.000, +0.020]
  Dist EE→Cubo    : 0.0119 m
  Dist Cubo→target: 0.1437 m
  Reward          : -0.1437
  Sucesso         : False
  Obstáculo caminho: nao  (count: 0)
  Objeto [object_1]: tipo=box  massa=1.0 kg  tamanho=[0.04, 0.04, 0.04]
  Target goal     : {'type': 'goal_sequence', 'targets': [{'name': 'target', 'position': [0.15000000596046448, 0.0, 0.019999999552965164]}], 'mode': 'goal_sequence'}
  Mesa            : 1.1x0.7x0.4 m  offset_x=-0.3
  Robô config     : control=ee  block_gripper=False  base=[-0.6, 0.0, 0.05]
  Scripts         : ['script_1', 'reach_only', 'left_right']
  Juntas ângulos  : [+0.03, +0.74, -0.04, -1.38, +0.03, +2.11, +0.77]
  Juntas veloc.   : [-0.03, +0.07, +0.00, +1.02, +0.00, -0.46, -0.01]
  Cubo rotação    : [-3.141, -0.041, +0.002]  (roll/pitch/yaw)
  Cubo vel.linear : [+0.243, -0.166, +0.380]
────────────────────────────────────────────
 Ep  1 | Step  48
────────────────────────────────────────────
  Task            : OBJECT_DELIVERY_SEQUENCE
  Action          : [+0.932, +0.001, +0.363, -1.000]
  EE posição      : [+0.149, +0.000, +0.180]
  EE velocidade   : [+0.173, +0.003, +0.149]
  Garra           : 0.038 m  (AGARRADA)  contatos=2
  Cubo posição    : [+0.159, -0.011, +0.176]
  Target (target): [+0.150, +0.000, +0.020]
  Dist EE→Cubo    : 0.0157 m
  Dist Cubo→target: 0.1567 m
  Reward          : -0.1567
  Sucesso         : False
  Obstáculo caminho: nao  (count: 0)
  Objeto [object_1]: tipo=box  massa=1.0 kg  tamanho=[0.04, 0.04, 0.04]
  Target goal     : {'type': 'goal_sequence', 'targets': [{'name': 'target', 'position': [0.15000000596046448, 0.0, 0.019999999552965164]}], 'mode': 'goal_sequence'}
  Mesa            : 1.1x0.7x0.4 m  offset_x=-0.3
  Robô config     : control=ee  block_gripper=False  base=[-0.6, 0.0, 0.05]
  Scripts         : ['script_1', 'reach_only', 'left_right']
  Juntas ângulos  : [+0.03, +0.79, -0.04, -1.27, +0.03, +2.06, +0.77]
  Juntas veloc.   : [-0.02, +0.39, +0.00, +1.03, +0.00, -0.44, +0.01]
  Cubo rotação    : [-3.141, -0.049, +0.003]  (roll/pitch/yaw)
  Cubo vel.linear : [+0.174, -0.166, +0.151]
────────────────────────────────────────────
 Ep  1 | Step  49
────────────────────────────────────────────
  Task            : OBJECT_DELIVERY_SEQUENCE
  Action          : [+0.000, +0.000, +0.000, -1.000]
  EE posição      : [+0.149, +0.000, +0.180]
  EE velocidade   : [-0.005, +0.003, -0.004]
  Garra           : 0.038 m  (AGARRADA)  contatos=2
  Cubo posição    : [+0.159, -0.017, +0.176]
  Target (target): [+0.150, +0.000, +0.020]
  Dist EE→Cubo    : 0.0208 m
  Dist Cubo→target: 0.1570 m
  Reward          : -0.1570
  Sucesso         : False
  Obstáculo caminho: nao  (count: 0)
  Objeto [object_1]: tipo=box  massa=1.0 kg  tamanho=[0.04, 0.04, 0.04]
  Target goal     : {'type': 'goal_sequence', 'targets': [{'name': 'target', 'position': [0.15000000596046448, 0.0, 0.019999999552965164]}], 'mode': 'goal_sequence'}
  Mesa            : 1.1x0.7x0.4 m  offset_x=-0.3
  Robô config     : control=ee  block_gripper=False  base=[-0.6, 0.0, 0.05]
  Scripts         : ['script_1', 'reach_only', 'left_right']
  Juntas ângulos  : [+0.03, +0.79, -0.04, -1.27, +0.03, +2.05, +0.77]
  Juntas veloc.   : [-0.00, +0.00, +0.00, -0.00, -0.00, -0.02, -0.00]
  Cubo rotação    : [-3.141, -0.047, +0.003]  (roll/pitch/yaw)
  Cubo vel.linear : [-0.005, -0.137, -0.005]
────────────────────────────────────────────
 Ep  1 | Step  50
────────────────────────────────────────────
  Task            : OBJECT_DELIVERY_SEQUENCE
  Action          : [+0.000, +0.000, -0.150, -1.000]
  EE posição      : [+0.149, +0.000, +0.173]
  EE velocidade   : [-0.006, +0.001, -0.084]
  Garra           : 0.038 m  (AGARRADA)  contatos=2
  Cubo posição    : [+0.159, -0.020, +0.168]
  Target (target): [+0.150, +0.000, +0.020]
  Dist EE→Cubo    : 0.0227 m
  Dist Cubo→target: 0.1499 m
  Reward          : -0.1499
  Sucesso         : False
  Obstáculo caminho: nao  (count: 0)
  Objeto [object_1]: tipo=box  massa=1.0 kg  tamanho=[0.04, 0.04, 0.04]
  Target goal     : {'type': 'goal_sequence', 'targets': [{'name': 'target', 'position': [0.15000000596046448, 0.0, 0.019999999552965164]}], 'mode': 'goal_sequence'}
  Mesa            : 1.1x0.7x0.4 m  offset_x=-0.3
  Robô config     : control=ee  block_gripper=False  base=[-0.6, 0.0, 0.05]
  Scripts         : ['script_1', 'reach_only', 'left_right']
  Juntas ângulos  : [+0.03, +0.80, -0.04, -1.27, +0.03, +2.06, +0.77]
  Juntas veloc.   : [-0.00, +0.11, +0.00, -0.01, +0.00, +0.08, -0.00]
  Cubo rotação    : [-3.141, -0.045, +0.003]  (roll/pitch/yaw)
  Cubo vel.linear : [-0.006, -0.016, -0.085]
────────────────────────────────────────────
 Ep  1 | Step  51
────────────────────────────────────────────
  Task            : OBJECT_DELIVERY_SEQUENCE
  Action          : [+0.000, +0.000, -0.150, -1.000]
  EE posição      : [+0.149, +0.000, +0.165]
  EE velocidade   : [-0.003, +0.001, -0.073]
  Garra           : 0.038 m  (AGARRADA)  contatos=2
  Cubo posição    : [+0.159, -0.020, +0.161]
  Target (target): [+0.150, +0.000, +0.020]
  Dist EE→Cubo    : 0.0229 m
  Dist Cubo→target: 0.1424 m
  Reward          : -0.1424
  Sucesso         : False
  Obstáculo caminho: nao  (count: 0)
  Objeto [object_1]: tipo=box  massa=1.0 kg  tamanho=[0.04, 0.04, 0.04]
  Target goal     : {'type': 'goal_sequence', 'targets': [{'name': 'target', 'position': [0.15000000596046448, 0.0, 0.019999999552965164]}], 'mode': 'goal_sequence'}
  Mesa            : 1.1x0.7x0.4 m  offset_x=-0.3
  Robô config     : control=ee  block_gripper=False  base=[-0.6, 0.0, 0.05]
  Scripts         : ['script_1', 'reach_only', 'left_right']
  Juntas ângulos  : [+0.03, +0.81, -0.04, -1.27, +0.03, +2.08, +0.77]
  Juntas veloc.   : [-0.00, +0.10, +0.00, -0.02, +0.00, +0.09, +0.00]
  Cubo rotação    : [-3.141, -0.044, +0.003]  (roll/pitch/yaw)
  Cubo vel.linear : [-0.003, -0.001, -0.073]
────────────────────────────────────────────
 Ep  1 | Step  52
────────────────────────────────────────────
  Task            : OBJECT_DELIVERY_SEQUENCE
  Action          : [+0.000, +0.000, -0.150, -1.000]
  EE posição      : [+0.149, +0.001, +0.158]
  EE velocidade   : [-0.004, +0.000, -0.079]
  Garra           : 0.038 m  (AGARRADA)  contatos=2
  Cubo posição    : [+0.159, -0.019, +0.153]
  Target (target): [+0.150, +0.000, +0.020]
  Dist EE→Cubo    : 0.0228 m
  Dist Cubo→target: 0.1347 m
  Reward          : -0.1347
  Sucesso         : False
  Obstáculo caminho: nao  (count: 0)
  Objeto [object_1]: tipo=box  massa=1.0 kg  tamanho=[0.04, 0.04, 0.04]
  Target goal     : {'type': 'goal_sequence', 'targets': [{'name': 'target', 'position': [0.15000000596046448, 0.0, 0.019999999552965164]}], 'mode': 'goal_sequence'}
  Mesa            : 1.1x0.7x0.4 m  offset_x=-0.3
  Robô config     : control=ee  block_gripper=False  base=[-0.6, 0.0, 0.05]
  Scripts         : ['script_1', 'reach_only', 'left_right']
  Juntas ângulos  : [+0.03, +0.82, -0.04, -1.27, +0.03, +2.09, +0.77]
  Juntas veloc.   : [-0.00, +0.11, +0.00, -0.02, +0.00, +0.09, +0.00]
  Cubo rotação    : [-3.141, -0.044, +0.003]  (roll/pitch/yaw)
  Cubo vel.linear : [-0.004, +0.007, -0.079]
────────────────────────────────────────────
 Ep  1 | Step  53
────────────────────────────────────────────
  Task            : OBJECT_DELIVERY_SEQUENCE
  Action          : [+0.000, +0.000, -0.150, -1.000]
  EE posição      : [+0.149, +0.001, +0.150]
  EE velocidade   : [-0.004, +0.000, -0.079]
  Garra           : 0.038 m  (AGARRADA)  contatos=2
  Cubo posição    : [+0.159, -0.019, +0.145]
  Target (target): [+0.150, +0.000, +0.020]
  Dist EE→Cubo    : 0.0226 m
  Dist Cubo→target: 0.1271 m
  Reward          : -0.1271
  Sucesso         : False
  Obstáculo caminho: nao  (count: 0)
  Objeto [object_1]: tipo=box  massa=1.0 kg  tamanho=[0.04, 0.04, 0.04]
  Target goal     : {'type': 'goal_sequence', 'targets': [{'name': 'target', 'position': [0.15000000596046448, 0.0, 0.019999999552965164]}], 'mode': 'goal_sequence'}
  Mesa            : 1.1x0.7x0.4 m  offset_x=-0.3
  Robô config     : control=ee  block_gripper=False  base=[-0.6, 0.0, 0.05]
  Scripts         : ['script_1', 'reach_only', 'left_right']
  Juntas ângulos  : [+0.03, +0.83, -0.04, -1.27, +0.03, +2.10, +0.77]
  Juntas veloc.   : [-0.00, +0.11, +0.00, -0.01, +0.00, +0.10, +0.00]
  Cubo rotação    : [-3.141, -0.044, +0.003]  (roll/pitch/yaw)
  Cubo vel.linear : [-0.004, +0.007, -0.079]
────────────────────────────────────────────
 Ep  1 | Step  54
────────────────────────────────────────────
  Task            : OBJECT_DELIVERY_SEQUENCE
  Action          : [+0.000, +0.000, -0.150, -1.000]
  EE posição      : [+0.149, +0.001, +0.142]
  EE velocidade   : [-0.005, +0.000, -0.080]
  Garra           : 0.038 m  (AGARRADA)  contatos=2
  Cubo posição    : [+0.159, -0.019, +0.138]
  Target (target): [+0.150, +0.000, +0.020]
  Dist EE→Cubo    : 0.0224 m
  Dist Cubo→target: 0.1194 m
  Reward          : -0.1194
  Sucesso         : False
  Obstáculo caminho: nao  (count: 0)
  Objeto [object_1]: tipo=box  massa=1.0 kg  tamanho=[0.04, 0.04, 0.04]
  Target goal     : {'type': 'goal_sequence', 'targets': [{'name': 'target', 'position': [0.15000000596046448, 0.0, 0.019999999552965164]}], 'mode': 'goal_sequence'}
  Mesa            : 1.1x0.7x0.4 m  offset_x=-0.3
  Robô config     : control=ee  block_gripper=False  base=[-0.6, 0.0, 0.05]
  Scripts         : ['script_1', 'reach_only', 'left_right']
  Juntas ângulos  : [+0.03, +0.84, -0.04, -1.28, +0.03, +2.11, +0.77]
  Juntas veloc.   : [-0.00, +0.11, +0.00, -0.01, +0.00, +0.10, +0.00]
  Cubo rotação    : [-3.141, -0.044, +0.003]  (roll/pitch/yaw)
  Cubo vel.linear : [-0.005, +0.007, -0.081]
────────────────────────────────────────────
 Ep  1 | Step  55
────────────────────────────────────────────
  Task            : OBJECT_DELIVERY_SEQUENCE
  Action          : [+0.000, +0.000, -0.150, -1.000]
  EE posição      : [+0.149, +0.001, +0.134]
  EE velocidade   : [-0.006, +0.000, -0.081]
  Garra           : 0.038 m  (AGARRADA)  contatos=2
  Cubo posição    : [+0.159, -0.019, +0.130]
  Target (target): [+0.150, +0.000, +0.020]
  Dist EE→Cubo    : 0.0222 m
  Dist Cubo→target: 0.1117 m
  Reward          : -0.1117
  Sucesso         : False
  Obstáculo caminho: nao  (count: 0)
  Objeto [object_1]: tipo=box  massa=1.0 kg  tamanho=[0.04, 0.04, 0.04]
  Target goal     : {'type': 'goal_sequence', 'targets': [{'name': 'target', 'position': [0.15000000596046448, 0.0, 0.019999999552965164]}], 'mode': 'goal_sequence'}
  Mesa            : 1.1x0.7x0.4 m  offset_x=-0.3
  Robô config     : control=ee  block_gripper=False  base=[-0.6, 0.0, 0.05]
  Scripts         : ['script_1', 'reach_only', 'left_right']
  Juntas ângulos  : [+0.03, +0.85, -0.04, -1.28, +0.03, +2.13, +0.77]
  Juntas veloc.   : [-0.00, +0.11, +0.00, -0.01, +0.00, +0.10, -0.00]
  Cubo rotação    : [-3.141, -0.044, +0.003]  (roll/pitch/yaw)
  Cubo vel.linear : [-0.006, +0.007, -0.082]
────────────────────────────────────────────
 Ep  1 | Step  56
────────────────────────────────────────────
  Task            : OBJECT_DELIVERY_SEQUENCE
  Action          : [+0.000, +0.000, -0.150, -1.000]
  EE posição      : [+0.149, +0.001, +0.126]
  EE velocidade   : [-0.007, +0.000, -0.083]
  Garra           : 0.038 m  (AGARRADA)  contatos=2
  Cubo posição    : [+0.159, -0.018, +0.122]
  Target (target): [+0.150, +0.000, +0.020]
  Dist EE→Cubo    : 0.0220 m
  Dist Cubo→target: 0.1039 m
  Reward          : -0.1039
  Sucesso         : False
  Obstáculo caminho: nao  (count: 0)
  Objeto [object_1]: tipo=box  massa=1.0 kg  tamanho=[0.04, 0.04, 0.04]
  Target goal     : {'type': 'goal_sequence', 'targets': [{'name': 'target', 'position': [0.15000000596046448, 0.0, 0.019999999552965164]}], 'mode': 'goal_sequence'}
  Mesa            : 1.1x0.7x0.4 m  offset_x=-0.3
  Robô config     : control=ee  block_gripper=False  base=[-0.6, 0.0, 0.05]
  Scripts         : ['script_1', 'reach_only', 'left_right']
  Juntas ângulos  : [+0.03, +0.86, -0.04, -1.28, +0.03, +2.14, +0.77]
  Juntas veloc.   : [-0.00, +0.12, +0.00, -0.01, +0.00, +0.09, -0.00]
  Cubo rotação    : [-3.141, -0.044, +0.003]  (roll/pitch/yaw)
  Cubo vel.linear : [-0.007, +0.007, -0.083]
────────────────────────────────────────────
 Ep  1 | Step  57
────────────────────────────────────────────
  Task            : OBJECT_DELIVERY_SEQUENCE
  Action          : [+0.000, +0.000, -0.150, -1.000]
  EE posição      : [+0.149, +0.001, +0.119]
  EE velocidade   : [-0.008, +0.000, -0.084]
  Garra           : 0.038 m  (AGARRADA)  contatos=2
  Cubo posição    : [+0.159, -0.018, +0.114]
  Target (target): [+0.150, +0.000, +0.020]
  Dist EE→Cubo    : 0.0219 m
  Dist Cubo→target: 0.0962 m
  Reward          : -0.0962
  Sucesso         : False
  Obstáculo caminho: nao  (count: 0)
  Objeto [object_1]: tipo=box  massa=1.0 kg  tamanho=[0.04, 0.04, 0.04]
  Target goal     : {'type': 'goal_sequence', 'targets': [{'name': 'target', 'position': [0.15000000596046448, 0.0, 0.019999999552965164]}], 'mode': 'goal_sequence'}
  Mesa            : 1.1x0.7x0.4 m  offset_x=-0.3
  Robô config     : control=ee  block_gripper=False  base=[-0.6, 0.0, 0.05]
  Scripts         : ['script_1', 'reach_only', 'left_right']
  Juntas ângulos  : [+0.03, +0.87, -0.04, -1.28, +0.03, +2.15, +0.77]
  Juntas veloc.   : [-0.00, +0.12, +0.00, -0.01, +0.00, +0.09, -0.00]
  Cubo rotação    : [-3.141, -0.044, +0.003]  (roll/pitch/yaw)
  Cubo vel.linear : [-0.008, +0.007, -0.084]
────────────────────────────────────────────
 Ep  1 | Step  58
────────────────────────────────────────────
  Task            : OBJECT_DELIVERY_SEQUENCE
  Action          : [+0.000, +0.000, -0.150, -1.000]
  EE posição      : [+0.149, +0.001, +0.111]
  EE velocidade   : [-0.009, +0.000, -0.085]
  Garra           : 0.038 m  (AGARRADA)  contatos=2
  Cubo posição    : [+0.159, -0.018, +0.106]
  Target (target): [+0.150, +0.000, +0.020]
  Dist EE→Cubo    : 0.0217 m
  Dist Cubo→target: 0.0885 m
  Reward          : -0.0885
  Sucesso         : False
  Obstáculo caminho: nao  (count: 0)
  Objeto [object_1]: tipo=box  massa=1.0 kg  tamanho=[0.04, 0.04, 0.04]
  Target goal     : {'type': 'goal_sequence', 'targets': [{'name': 'target', 'position': [0.15000000596046448, 0.0, 0.019999999552965164]}], 'mode': 'goal_sequence'}
  Mesa            : 1.1x0.7x0.4 m  offset_x=-0.3
  Robô config     : control=ee  block_gripper=False  base=[-0.6, 0.0, 0.05]
  Scripts         : ['script_1', 'reach_only', 'left_right']
  Juntas ângulos  : [+0.03, +0.89, -0.04, -1.28, +0.03, +2.16, +0.77]
  Juntas veloc.   : [-0.00, +0.12, +0.00, -0.01, +0.00, +0.09, -0.00]
  Cubo rotação    : [-3.141, -0.044, +0.003]  (roll/pitch/yaw)
  Cubo vel.linear : [-0.009, +0.007, -0.085]
────────────────────────────────────────────
 Ep  1 | Step  59
────────────────────────────────────────────
  Task            : OBJECT_DELIVERY_SEQUENCE
  Action          : [+0.000, +0.000, -0.150, -1.000]
  EE posição      : [+0.148, +0.001, +0.103]
  EE velocidade   : [-0.010, +0.000, -0.086]
  Garra           : 0.038 m  (AGARRADA)  contatos=2
  Cubo posição    : [+0.158, -0.017, +0.098]
  Target (target): [+0.150, +0.000, +0.020]
  Dist EE→Cubo    : 0.0215 m
  Dist Cubo→target: 0.0807 m
  Reward          : -0.0807
  Sucesso         : False
  Obstáculo caminho: nao  (count: 0)
  Objeto [object_1]: tipo=box  massa=1.0 kg  tamanho=[0.04, 0.04, 0.04]
  Target goal     : {'type': 'goal_sequence', 'targets': [{'name': 'target', 'position': [0.15000000596046448, 0.0, 0.019999999552965164]}], 'mode': 'goal_sequence'}
  Mesa            : 1.1x0.7x0.4 m  offset_x=-0.3
  Robô config     : control=ee  block_gripper=False  base=[-0.6, 0.0, 0.05]
  Scripts         : ['script_1', 'reach_only', 'left_right']
  Juntas ângulos  : [+0.03, +0.90, -0.04, -1.28, +0.03, +2.17, +0.77]
  Juntas veloc.   : [-0.00, +0.12, +0.00, -0.00, +0.00, +0.09, -0.00]
  Cubo rotação    : [-3.141, -0.044, +0.003]  (roll/pitch/yaw)
  Cubo vel.linear : [-0.010, +0.007, -0.086]
────────────────────────────────────────────
 Ep  1 | Step  60
────────────────────────────────────────────
  Task            : OBJECT_DELIVERY_SEQUENCE
  Action          : [+0.000, +0.000, -0.150, -1.000]
  EE posição      : [+0.148, +0.001, +0.095]
  EE velocidade   : [-0.011, -0.000, -0.087]
  Garra           : 0.038 m  (AGARRADA)  contatos=2
  Cubo posição    : [+0.158, -0.017, +0.090]
  Target (target): [+0.150, +0.000, +0.020]
  Dist EE→Cubo    : 0.0213 m
  Dist Cubo→target: 0.0730 m
  Reward          : -0.0730
  Sucesso         : False
  Obstáculo caminho: nao  (count: 0)
  Objeto [object_1]: tipo=box  massa=1.0 kg  tamanho=[0.04, 0.04, 0.04]
  Target goal     : {'type': 'goal_sequence', 'targets': [{'name': 'target', 'position': [0.15000000596046448, 0.0, 0.019999999552965164]}], 'mode': 'goal_sequence'}
  Mesa            : 1.1x0.7x0.4 m  offset_x=-0.3
  Robô config     : control=ee  block_gripper=False  base=[-0.6, 0.0, 0.05]
  Scripts         : ['script_1', 'reach_only', 'left_right']
  Juntas ângulos  : [+0.03, +0.91, -0.03, -1.28, +0.03, +2.19, +0.77]
  Juntas veloc.   : [-0.00, +0.13, +0.00, -0.00, +0.00, +0.09, -0.00]
  Cubo rotação    : [-3.141, -0.044, +0.003]  (roll/pitch/yaw)
  Cubo vel.linear : [-0.011, +0.007, -0.087]
────────────────────────────────────────────
 Ep  1 | Step  61
────────────────────────────────────────────
  Task            : OBJECT_DELIVERY_SEQUENCE
  Action          : [+0.000, +0.000, -0.150, -1.000]
  EE posição      : [+0.148, +0.001, +0.087]
  EE velocidade   : [-0.012, -0.000, -0.087]
  Garra           : 0.038 m  (AGARRADA)  contatos=2
  Cubo posição    : [+0.158, -0.017, +0.083]
  Target (target): [+0.150, +0.000, +0.020]
  Dist EE→Cubo    : 0.0211 m
  Dist Cubo→target: 0.0653 m
  Reward          : -0.0653
  Sucesso         : False
  Obstáculo caminho: nao  (count: 0)
  Objeto [object_1]: tipo=box  massa=1.0 kg  tamanho=[0.04, 0.04, 0.04]
  Target goal     : {'type': 'goal_sequence', 'targets': [{'name': 'target', 'position': [0.15000000596046448, 0.0, 0.019999999552965164]}], 'mode': 'goal_sequence'}
  Mesa            : 1.1x0.7x0.4 m  offset_x=-0.3
  Robô config     : control=ee  block_gripper=False  base=[-0.6, 0.0, 0.05]
  Scripts         : ['script_1', 'reach_only', 'left_right']
  Juntas ângulos  : [+0.03, +0.92, -0.03, -1.28, +0.03, +2.20, +0.77]
  Juntas veloc.   : [-0.00, +0.13, +0.00, -0.00, +0.00, +0.09, -0.00]
  Cubo rotação    : [-3.141, -0.044, +0.003]  (roll/pitch/yaw)
  Cubo vel.linear : [-0.012, +0.007, -0.087]
────────────────────────────────────────────
 Ep  1 | Step  62
────────────────────────────────────────────
  Task            : OBJECT_DELIVERY_SEQUENCE
  Action          : [+0.000, +0.000, -0.150, -1.000]
  EE posição      : [+0.147, +0.001, +0.079]
  EE velocidade   : [-0.013, -0.000, -0.086]
  Garra           : 0.038 m  (AGARRADA)  contatos=2
  Cubo posição    : [+0.157, -0.017, +0.075]
  Target (target): [+0.150, +0.000, +0.020]
  Dist EE→Cubo    : 0.0208 m
  Dist Cubo→target: 0.0577 m
  Reward          : -0.0577
  Sucesso         : False
  Obstáculo caminho: nao  (count: 0)
  Objeto [object_1]: tipo=box  massa=1.0 kg  tamanho=[0.04, 0.04, 0.04]
  Target goal     : {'type': 'goal_sequence', 'targets': [{'name': 'target', 'position': [0.15000000596046448, 0.0, 0.019999999552965164]}], 'mode': 'goal_sequence'}
  Mesa            : 1.1x0.7x0.4 m  offset_x=-0.3
  Robô config     : control=ee  block_gripper=False  base=[-0.6, 0.0, 0.05]
  Scripts         : ['script_1', 'reach_only', 'left_right']
  Juntas ângulos  : [+0.03, +0.93, -0.03, -1.28, +0.03, +2.21, +0.77]
  Juntas veloc.   : [-0.00, +0.13, +0.00, +0.00, +0.00, +0.09, -0.00]
  Cubo rotação    : [-3.141, -0.044, +0.003]  (roll/pitch/yaw)
  Cubo vel.linear : [-0.013, +0.007, -0.087]
────────────────────────────────────────────
 Ep  1 | Step  63
────────────────────────────────────────────
  Task            : OBJECT_DELIVERY_SEQUENCE
  Action          : [+0.000, +0.000, -0.150, -1.000]
  EE posição      : [+0.147, +0.001, +0.071]
  EE velocidade   : [-0.014, -0.000, -0.087]
  Garra           : 0.038 m  (AGARRADA)  contatos=2
  Cubo posição    : [+0.157, -0.016, +0.067]
  Target (target): [+0.150, +0.000, +0.020]
  Dist EE→Cubo    : 0.0206 m
  Dist Cubo→target: 0.0501 m
  Reward          : -0.0501
  Sucesso         : False
  Obstáculo caminho: nao  (count: 0)
  Objeto [object_1]: tipo=box  massa=1.0 kg  tamanho=[0.04, 0.04, 0.04]
  Target goal     : {'type': 'goal_sequence', 'targets': [{'name': 'target', 'position': [0.15000000596046448, 0.0, 0.019999999552965164]}], 'mode': 'goal_sequence'}
  Mesa            : 1.1x0.7x0.4 m  offset_x=-0.3
  Robô config     : control=ee  block_gripper=False  base=[-0.6, 0.0, 0.05]
  Scripts         : ['script_1', 'reach_only', 'left_right']
  Juntas ângulos  : [+0.03, +0.94, -0.03, -1.28, +0.03, +2.22, +0.77]
  Juntas veloc.   : [-0.00, +0.13, +0.00, +0.00, +0.00, +0.09, -0.00]
  Cubo rotação    : [-3.141, -0.044, +0.003]  (roll/pitch/yaw)
  Cubo vel.linear : [-0.014, +0.007, -0.088]
────────────────────────────────────────────
 Ep  1 | Step  64
────────────────────────────────────────────
  Task            : OBJECT_DELIVERY_SEQUENCE
  Action          : [+0.000, +0.000, -0.150, -1.000]
  EE posição      : [+0.146, +0.001, +0.063]
  EE velocidade   : [-0.015, -0.000, -0.090]
  Garra           : 0.038 m  (AGARRADA)  contatos=2
  Cubo posição    : [+0.156, -0.016, +0.059]
  Target (target): [+0.150, +0.000, +0.020]
  Dist EE→Cubo    : 0.0204 m
  Dist Cubo→target: 0.0426 m
  Reward          : -0.0426
  Sucesso         : False
  Obstáculo caminho: nao  (count: 0)
  Objeto [object_1]: tipo=box  massa=1.0 kg  tamanho=[0.04, 0.04, 0.04]
  Target goal     : {'type': 'goal_sequence', 'targets': [{'name': 'target', 'position': [0.15000000596046448, 0.0, 0.019999999552965164]}], 'mode': 'goal_sequence'}
  Mesa            : 1.1x0.7x0.4 m  offset_x=-0.3
  Robô config     : control=ee  block_gripper=False  base=[-0.6, 0.0, 0.05]
  Scripts         : ['script_1', 'reach_only', 'left_right']
  Juntas ângulos  : [+0.03, +0.96, -0.03, -1.28, +0.03, +2.23, +0.77]
  Juntas veloc.   : [-0.00, +0.13, +0.00, +0.00, +0.00, +0.09, -0.00]
  Cubo rotação    : [-3.141, -0.044, +0.003]  (roll/pitch/yaw)
  Cubo vel.linear : [-0.016, +0.007, -0.090]
────────────────────────────────────────────
 Ep  1 | Step  65
────────────────────────────────────────────
  Task            : OBJECT_DELIVERY_SEQUENCE
  Action          : [+0.000, +0.000, -0.150, -1.000]
  EE posição      : [+0.146, +0.001, +0.056]
  EE velocidade   : [-0.016, -0.000, -0.091]
  Garra           : 0.038 m  (AGARRADA)  contatos=2
  Cubo posição    : [+0.156, -0.016, +0.051]
  Target (target): [+0.150, +0.000, +0.020]
  Dist EE→Cubo    : 0.0202 m
  Dist Cubo→target: 0.0352 m
  Reward          : -0.0352
  Sucesso         : False
  Obstáculo caminho: nao  (count: 0)
  Objeto [object_1]: tipo=box  massa=1.0 kg  tamanho=[0.04, 0.04, 0.04]
  Target goal     : {'type': 'goal_sequence', 'targets': [{'name': 'target', 'position': [0.15000000596046448, 0.0, 0.019999999552965164]}], 'mode': 'goal_sequence'}
  Mesa            : 1.1x0.7x0.4 m  offset_x=-0.3
  Robô config     : control=ee  block_gripper=False  base=[-0.6, 0.0, 0.05]
  Scripts         : ['script_1', 'reach_only', 'left_right']
  Juntas ângulos  : [+0.03, +0.97, -0.03, -1.28, +0.03, +2.25, +0.77]
  Juntas veloc.   : [-0.00, +0.14, +0.00, +0.01, +0.00, +0.09, -0.00]
  Cubo rotação    : [-3.141, -0.044, +0.003]  (roll/pitch/yaw)
  Cubo vel.linear : [-0.017, +0.007, -0.091]
────────────────────────────────────────────
 Ep  1 | Step  66
────────────────────────────────────────────
  Task            : OBJECT_DELIVERY_SEQUENCE
  Action          : [+0.000, +0.000, -0.150, -1.000]
  EE posição      : [+0.145, +0.001, +0.048]
  EE velocidade   : [-0.017, -0.000, -0.091]
  Garra           : 0.038 m  (AGARRADA)  contatos=2
  Cubo posição    : [+0.155, -0.015, +0.043]
  Target (target): [+0.150, +0.000, +0.020]
  Dist EE→Cubo    : 0.0200 m
  Dist Cubo→target: 0.0282 m
  Reward          : -0.0282
  Sucesso         : False
  Obstáculo caminho: nao  (count: 0)
  Objeto [object_1]: tipo=box  massa=1.0 kg  tamanho=[0.04, 0.04, 0.04]
  Target goal     : {'type': 'goal_sequence', 'targets': [{'name': 'target', 'position': [0.15000000596046448, 0.0, 0.019999999552965164]}], 'mode': 'goal_sequence'}
  Mesa            : 1.1x0.7x0.4 m  offset_x=-0.3
  Robô config     : control=ee  block_gripper=False  base=[-0.6, 0.0, 0.05]
  Scripts         : ['script_1', 'reach_only', 'left_right']
  Juntas ângulos  : [+0.03, +0.98, -0.03, -1.28, +0.04, +2.26, +0.77]
  Juntas veloc.   : [-0.00, +0.14, +0.00, +0.01, +0.00, +0.09, -0.00]
  Cubo rotação    : [-3.141, -0.044, +0.003]  (roll/pitch/yaw)
  Cubo vel.linear : [-0.018, +0.007, -0.092]
────────────────────────────────────────────
 Ep  1 | Step  67
────────────────────────────────────────────
  Task            : OBJECT_DELIVERY_SEQUENCE
  Action          : [+0.000, +0.000, -0.138, -1.000]
  EE posição      : [+0.144, +0.001, +0.041]
  EE velocidade   : [-0.008, +0.000, -0.062]
  Garra           : 0.038 m  (AGARRADA)  contatos=2
  Cubo posição    : [+0.154, -0.015, +0.036]
  Target (target): [+0.150, +0.000, +0.020]
  Dist EE→Cubo    : 0.0198 m
  Dist Cubo→target: 0.0226 m
  Reward          : -0.0226
  Sucesso         : False
  Obstáculo caminho: nao  (count: 0)
  Objeto [object_1]: tipo=box  massa=1.0 kg  tamanho=[0.04, 0.04, 0.04]
  Target goal     : {'type': 'goal_sequence', 'targets': [{'name': 'target', 'position': [0.15000000596046448, 0.0, 0.019999999552965164]}], 'mode': 'goal_sequence'}
  Mesa            : 1.1x0.7x0.4 m  offset_x=-0.3
  Robô config     : control=ee  block_gripper=False  base=[-0.6, 0.0, 0.05]
  Scripts         : ['script_1', 'reach_only', 'left_right']
  Juntas ângulos  : [+0.03, +0.99, -0.03, -1.28, +0.04, +2.27, +0.77]
  Juntas veloc.   : [-0.00, +0.10, +0.00, +0.01, +0.00, +0.08, -0.00]
  Cubo rotação    : [-3.141, -0.044, +0.003]  (roll/pitch/yaw)
  Cubo vel.linear : [-0.008, +0.007, -0.063]
────────────────────────────────────────────
 Ep  1 | Step  68
────────────────────────────────────────────
  Task            : OBJECT_DELIVERY_SEQUENCE
  Action          : [+0.000, +0.000, -0.103, -1.000]
  EE posição      : [+0.144, +0.001, +0.036]
  EE velocidade   : [+0.002, +0.000, -0.025]
  Garra           : 0.038 m  (AGARRADA)  contatos=2
  Cubo posição    : [+0.154, -0.015, +0.032]
  Target (target): [+0.150, +0.000, +0.020]
  Dist EE→Cubo    : 0.0196 m
  Dist Cubo→target: 0.0193 m
  Reward          : -0.0193
  Sucesso         : False
  Obstáculo caminho: nao  (count: 0)
  Objeto [object_1]: tipo=box  massa=1.0 kg  tamanho=[0.04, 0.04, 0.04]
  Target goal     : {'type': 'goal_sequence', 'targets': [{'name': 'target', 'position': [0.15000000596046448, 0.0, 0.019999999552965164]}], 'mode': 'goal_sequence'}
  Mesa            : 1.1x0.7x0.4 m  offset_x=-0.3
  Robô config     : control=ee  block_gripper=False  base=[-0.6, 0.0, 0.05]
  Scripts         : ['script_1', 'reach_only', 'left_right']
  Juntas ângulos  : [+0.03, +1.00, -0.03, -1.28, +0.04, +2.28, +0.77]
  Juntas veloc.   : [-0.00, +0.04, +0.00, +0.00, +0.00, +0.06, -0.00]
  Cubo rotação    : [-3.141, -0.046, +0.003]  (roll/pitch/yaw)
  Cubo vel.linear : [+0.002, +0.007, -0.025]
────────────────────────────────────────────
 Ep  1 | Step  69
────────────────────────────────────────────
  Task            : OBJECT_DELIVERY_SEQUENCE
  Action          : [+0.000, +0.000, -0.080, -1.000]
  EE posição      : [+0.144, +0.001, +0.033]
  EE velocidade   : [-0.003, +0.000, -0.028]
  Garra           : 0.038 m  (AGARRADA)  contatos=2
  Cubo posição    : [+0.154, -0.015, +0.028]
  Target (target): [+0.150, +0.000, +0.020]
  Dist EE→Cubo    : 0.0194 m
  Dist Cubo→target: 0.0172 m
  Reward          : -0.0172
  Sucesso         : False
  Obstáculo caminho: nao  (count: 0)
  Objeto [object_1]: tipo=box  massa=1.0 kg  tamanho=[0.04, 0.04, 0.04]
  Target goal     : {'type': 'goal_sequence', 'targets': [{'name': 'target', 'position': [0.15000000596046448, 0.0, 0.019999999552965164]}], 'mode': 'goal_sequence'}
  Mesa            : 1.1x0.7x0.4 m  offset_x=-0.3
  Robô config     : control=ee  block_gripper=False  base=[-0.6, 0.0, 0.05]
  Scripts         : ['script_1', 'reach_only', 'left_right']
  Juntas ângulos  : [+0.02, +1.01, -0.03, -1.28, +0.04, +2.28, +0.77]
  Juntas veloc.   : [-0.00, +0.05, +0.00, +0.01, +0.00, +0.04, -0.00]
  Cubo rotação    : [-3.141, -0.046, +0.003]  (roll/pitch/yaw)
  Cubo vel.linear : [-0.003, +0.007, -0.028]
────────────────────────────────────────────
 Ep  1 | Step  70
────────────────────────────────────────────
  Task            : OBJECT_DELIVERY_SEQUENCE
  Action          : [+0.000, +0.000, -0.063, -1.000]
  EE posição      : [+0.144, +0.001, +0.030]
  EE velocidade   : [-0.002, +0.000, -0.022]
  Garra           : 0.038 m  (AGARRADA)  contatos=2
  Cubo posição    : [+0.154, -0.014, +0.026]
  Target (target): [+0.150, +0.000, +0.020]
  Dist EE→Cubo    : 0.0192 m
  Dist Cubo→target: 0.0158 m
  Reward          : -0.0158
  Sucesso         : False
  Obstáculo caminho: nao  (count: 0)
  Objeto [object_1]: tipo=box  massa=1.0 kg  tamanho=[0.04, 0.04, 0.04]
  Target goal     : {'type': 'goal_sequence', 'targets': [{'name': 'target', 'position': [0.15000000596046448, 0.0, 0.019999999552965164]}], 'mode': 'goal_sequence'}
  Mesa            : 1.1x0.7x0.4 m  offset_x=-0.3
  Robô config     : control=ee  block_gripper=False  base=[-0.6, 0.0, 0.05]
  Scripts         : ['script_1', 'reach_only', 'left_right']
  Juntas ângulos  : [+0.02, +1.01, -0.03, -1.28, +0.04, +2.29, +0.77]
  Juntas veloc.   : [-0.00, +0.04, +0.00, +0.01, +0.00, +0.03, -0.00]
  Cubo rotação    : [-3.141, -0.046, +0.003]  (roll/pitch/yaw)
  Cubo vel.linear : [-0.002, +0.007, -0.022]
────────────────────────────────────────────
 Ep  1 | Step  71
────────────────────────────────────────────
  Task            : OBJECT_DELIVERY_SEQUENCE
  Action          : [+0.000, +0.000, -0.049, -1.000]
  EE posição      : [+0.143, +0.001, +0.028]
  EE velocidade   : [-0.002, +0.000, -0.017]
  Garra           : 0.038 m  (AGARRADA)  contatos=2
  Cubo posição    : [+0.153, -0.014, +0.023]
  Target (target): [+0.150, +0.000, +0.020]
  Dist EE→Cubo    : 0.0190 m
  Dist Cubo→target: 0.0149 m
  Reward          : -0.0149
  Sucesso         : False
  Obstáculo caminho: nao  (count: 0)
  Objeto [object_1]: tipo=box  massa=1.0 kg  tamanho=[0.04, 0.04, 0.04]
  Target goal     : {'type': 'goal_sequence', 'targets': [{'name': 'target', 'position': [0.15000000596046448, 0.0, 0.019999999552965164]}], 'mode': 'goal_sequence'}
  Mesa            : 1.1x0.7x0.4 m  offset_x=-0.3
  Robô config     : control=ee  block_gripper=False  base=[-0.6, 0.0, 0.05]
  Scripts         : ['script_1', 'reach_only', 'left_right']
  Juntas ângulos  : [+0.02, +1.01, -0.03, -1.27, +0.04, +2.29, +0.77]
  Juntas veloc.   : [-0.00, +0.03, +0.00, +0.01, +0.00, +0.02, +0.00]
  Cubo rotação    : [-3.141, -0.046, +0.003]  (roll/pitch/yaw)
  Cubo vel.linear : [-0.002, +0.007, -0.017]
────────────────────────────────────────────
 Ep  1 | Step  72
────────────────────────────────────────────
  Task            : OBJECT_DELIVERY_SEQUENCE
  Action          : [+0.000, +0.000, -0.039, -1.000]
  EE posição      : [+0.143, +0.001, +0.026]
  EE velocidade   : [-0.001, +0.000, -0.013]
  Garra           : 0.038 m  (AGARRADA)  contatos=2
  Cubo posição    : [+0.153, -0.014, +0.022]
  Target (target): [+0.150, +0.000, +0.020]
  Dist EE→Cubo    : 0.0188 m
  Dist Cubo→target: 0.0144 m
  Reward          : -0.0144
  Sucesso         : False
  Obstáculo caminho: nao  (count: 0)
  Objeto [object_1]: tipo=box  massa=1.0 kg  tamanho=[0.04, 0.04, 0.04]
  Target goal     : {'type': 'goal_sequence', 'targets': [{'name': 'target', 'position': [0.15000000596046448, 0.0, 0.019999999552965164]}], 'mode': 'goal_sequence'}
  Mesa            : 1.1x0.7x0.4 m  offset_x=-0.3
  Robô config     : control=ee  block_gripper=False  base=[-0.6, 0.0, 0.05]
  Scripts         : ['script_1', 'reach_only', 'left_right']
  Juntas ângulos  : [+0.02, +1.02, -0.03, -1.27, +0.04, +2.29, +0.77]
  Juntas veloc.   : [-0.00, +0.02, +0.00, +0.00, +0.00, +0.02, +0.00]
  Cubo rotação    : [-3.141, -0.046, +0.003]  (roll/pitch/yaw)
  Cubo vel.linear : [-0.001, +0.007, -0.013]
────────────────────────────────────────────
 Ep  1 | Step  73
────────────────────────────────────────────
  Task            : OBJECT_DELIVERY_SEQUENCE
  Action          : [+0.000, +0.000, -0.030, -1.000]
  EE posição      : [+0.143, +0.001, +0.025]
  EE velocidade   : [+0.003, -0.000, -0.007]
  Garra           : 0.038 m  (AGARRADA)  contatos=2
  Cubo posição    : [+0.153, -0.014, +0.021]
  Target (target): [+0.150, +0.000, +0.020]
  Dist EE→Cubo    : 0.0186 m
  Dist Cubo→target: 0.0141 m
  Reward          : -0.0141
  Sucesso         : False
  Obstáculo caminho: nao  (count: 0)
  Objeto [object_1]: tipo=box  massa=1.0 kg  tamanho=[0.04, 0.04, 0.04]
  Target goal     : {'type': 'goal_sequence', 'targets': [{'name': 'target', 'position': [0.15000000596046448, 0.0, 0.019999999552965164]}], 'mode': 'goal_sequence'}
  Mesa            : 1.1x0.7x0.4 m  offset_x=-0.3
  Robô config     : control=ee  block_gripper=False  base=[-0.6, 0.0, 0.05]
  Scripts         : ['script_1', 'reach_only', 'left_right']
  Juntas ângulos  : [+0.02, +1.02, -0.03, -1.27, +0.04, +2.29, +0.77]
  Juntas veloc.   : [-0.00, +0.02, +0.00, +0.01, -0.00, +0.02, -0.00]
  Cubo rotação    : [-3.141, -0.038, +0.003]  (roll/pitch/yaw)
  Cubo vel.linear : [+0.003, +0.004, -0.006]
────────────────────────────────────────────
 Ep  1 | Step  74
────────────────────────────────────────────
  Task            : OBJECT_DELIVERY_SEQUENCE
  Action          : [+0.000, +0.000, +0.000, +1.000]
  EE posição      : [+0.143, +0.001, +0.025]
  EE velocidade   : [-0.001, -0.000, -0.001]
  Garra           : 0.075 m  (ABERTA)  contatos=0
  Cubo posição    : [+0.154, -0.014, +0.020]
  Target (target): [+0.150, +0.000, +0.020]
  Dist EE→Cubo    : 0.0189 m
  Dist Cubo→target: 0.0141 m
  Reward          : -0.0141
  Sucesso         : False
  Obstáculo caminho: nao  (count: 0)
  Objeto [object_1]: tipo=box  massa=1.0 kg  tamanho=[0.04, 0.04, 0.04]
  Target goal     : {'type': 'goal_sequence', 'targets': [{'name': 'target', 'position': [0.15000000596046448, 0.0, 0.019999999552965164]}], 'mode': 'goal_sequence'}
  Mesa            : 1.1x0.7x0.4 m  offset_x=-0.3
  Robô config     : control=ee  block_gripper=False  base=[-0.6, 0.0, 0.05]
  Scripts         : ['script_1', 'reach_only', 'left_right']
  Juntas ângulos  : [+0.02, +1.02, -0.03, -1.27, +0.04, +2.29, +0.77]
  Juntas veloc.   : [-0.00, +0.00, -0.00, -0.00, +0.00, -0.00, +0.00]
  Cubo rotação    : [-3.142, -0.000, +0.003]  (roll/pitch/yaw)
  Cubo vel.linear : [+0.000, +0.000, +0.000]
────────────────────────────────────────────
 Ep  1 | Step  75
────────────────────────────────────────────
  Task            : OBJECT_DELIVERY_SEQUENCE
  Action          : [+0.000, +0.000, +0.000, +1.000]
  EE posição      : [+0.143, +0.001, +0.025]
  EE velocidade   : [-0.000, -0.000, -0.000]
  Garra           : 0.079 m  (ABERTA)  contatos=0
  Cubo posição    : [+0.154, -0.014, +0.020]
  Target (target): [+0.150, +0.000, +0.020]
  Dist EE→Cubo    : 0.0190 m
  Dist Cubo→target: 0.0141 m
  Reward          : -0.0141
  Sucesso         : False
  Obstáculo caminho: nao  (count: 0)
  Objeto [object_1]: tipo=box  massa=1.0 kg  tamanho=[0.04, 0.04, 0.04]
  Target goal     : {'type': 'goal_sequence', 'targets': [{'name': 'target', 'position': [0.15000000596046448, 0.0, 0.019999999552965164]}], 'mode': 'goal_sequence'}
  Mesa            : 1.1x0.7x0.4 m  offset_x=-0.3
  Robô config     : control=ee  block_gripper=False  base=[-0.6, 0.0, 0.05]
  Scripts         : ['script_1', 'reach_only', 'left_right']
  Juntas ângulos  : [+0.02, +1.02, -0.03, -1.27, +0.04, +2.29, +0.77]
  Juntas veloc.   : [-0.00, +0.00, -0.00, -0.00, +0.00, -0.00, +0.00]
  Cubo rotação    : [-3.142, -0.000, +0.003]  (roll/pitch/yaw)
  Cubo vel.linear : [+0.000, +0.000, +0.000]
────────────────────────────────────────────
 Ep  1 | Step  76
────────────────────────────────────────────
  Task            : OBJECT_DELIVERY_SEQUENCE
  Action          : [+0.000, +0.000, +0.000, +1.000]
  EE posição      : [+0.143, +0.001, +0.025]
  EE velocidade   : [-0.000, -0.000, -0.000]
  Garra           : 0.080 m  (ABERTA)  contatos=0
  Cubo posição    : [+0.154, -0.014, +0.020]
  Target (target): [+0.150, +0.000, +0.020]
  Dist EE→Cubo    : 0.0190 m
  Dist Cubo→target: 0.0141 m
  Reward          : -0.0141
  Sucesso         : False
  Obstáculo caminho: nao  (count: 0)
  Objeto [object_1]: tipo=box  massa=1.0 kg  tamanho=[0.04, 0.04, 0.04]
  Target goal     : {'type': 'goal_sequence', 'targets': [{'name': 'target', 'position': [0.15000000596046448, 0.0, 0.019999999552965164]}], 'mode': 'goal_sequence'}
  Mesa            : 1.1x0.7x0.4 m  offset_x=-0.3
  Robô config     : control=ee  block_gripper=False  base=[-0.6, 0.0, 0.05]
  Scripts         : ['script_1', 'reach_only', 'left_right']
  Juntas ângulos  : [+0.02, +1.02, -0.03, -1.27, +0.04, +2.29, +0.77]
  Juntas veloc.   : [-0.00, +0.00, -0.00, -0.00, +0.00, -0.00, +0.00]
  Cubo rotação    : [-3.142, -0.000, +0.003]  (roll/pitch/yaw)
  Cubo vel.linear : [+0.000, +0.000, +0.000]
────────────────────────────────────────────
 Ep  1 | Step  77
────────────────────────────────────────────
  Task            : OBJECT_DELIVERY_SEQUENCE
  Action          : [+0.000, +0.000, +0.000, +1.000]
  EE posição      : [+0.143, +0.001, +0.025]
  EE velocidade   : [-0.000, -0.000, -0.000]
  Garra           : 0.080 m  (ABERTA)  contatos=0
  Cubo posição    : [+0.154, -0.014, +0.020]
  Target (target): [+0.150, +0.000, +0.020]
  Dist EE→Cubo    : 0.0190 m
  Dist Cubo→target: 0.0141 m
  Reward          : -0.0141
  Sucesso         : False
  Obstáculo caminho: nao  (count: 0)
  Objeto [object_1]: tipo=box  massa=1.0 kg  tamanho=[0.04, 0.04, 0.04]
  Target goal     : {'type': 'goal_sequence', 'targets': [{'name': 'target', 'position': [0.15000000596046448, 0.0, 0.019999999552965164]}], 'mode': 'goal_sequence'}
  Mesa            : 1.1x0.7x0.4 m  offset_x=-0.3
  Robô config     : control=ee  block_gripper=False  base=[-0.6, 0.0, 0.05]
  Scripts         : ['script_1', 'reach_only', 'left_right']
  Juntas ângulos  : [+0.02, +1.02, -0.03, -1.27, +0.04, +2.29, +0.77]
  Juntas veloc.   : [+0.00, +0.00, -0.00, -0.00, +0.00, -0.00, +0.00]
  Cubo rotação    : [-3.142, -0.000, +0.003]  (roll/pitch/yaw)
  Cubo vel.linear : [+0.000, +0.000, +0.000]
────────────────────────────────────────────
 Ep  1 | Step  78
────────────────────────────────────────────
  Task            : OBJECT_DELIVERY_SEQUENCE
  Action          : [+0.000, +0.000, +0.000, +1.000]
  EE posição      : [+0.143, +0.001, +0.025]
  EE velocidade   : [-0.000, -0.000, -0.000]
  Garra           : 0.080 m  (ABERTA)  contatos=0
  Cubo posição    : [+0.154, -0.014, +0.020]
  Target (target): [+0.150, +0.000, +0.020]
  Dist EE→Cubo    : 0.0190 m
  Dist Cubo→target: 0.0141 m
  Reward          : -0.0141
  Sucesso         : False
  Obstáculo caminho: nao  (count: 0)
  Objeto [object_1]: tipo=box  massa=1.0 kg  tamanho=[0.04, 0.04, 0.04]
  Target goal     : {'type': 'goal_sequence', 'targets': [{'name': 'target', 'position': [0.15000000596046448, 0.0, 0.019999999552965164]}], 'mode': 'goal_sequence'}
  Mesa            : 1.1x0.7x0.4 m  offset_x=-0.3
  Robô config     : control=ee  block_gripper=False  base=[-0.6, 0.0, 0.05]
  Scripts         : ['script_1', 'reach_only', 'left_right']
  Juntas ângulos  : [+0.02, +1.02, -0.03, -1.27, +0.04, +2.29, +0.77]
  Juntas veloc.   : [+0.00, -0.00, -0.00, -0.00, +0.00, +0.00, -0.00]
  Cubo rotação    : [-3.142, -0.000, +0.003]  (roll/pitch/yaw)
  Cubo vel.linear : [+0.000, +0.000, +0.000]
────────────────────────────────────────────
 Ep  1 | Step  79
────────────────────────────────────────────
  Task            : OBJECT_DELIVERY_SEQUENCE
  Action          : [+0.000, +0.000, +0.000, +0.000]
  EE posição      : [+0.143, +0.001, +0.025]
  EE velocidade   : [-0.000, -0.000, -0.000]
  Garra           : 0.080 m  (ABERTA)  contatos=0
  Cubo posição    : [+0.154, -0.014, +0.020]
  Target (target): [+0.150, +0.000, +0.020]
  Dist EE→Cubo    : 0.0190 m
  Dist Cubo→target: 0.0141 m
  Reward          : -0.0141
  Sucesso         : True
  Obstáculo caminho: nao  (count: 0)
  Objeto [object_1]: tipo=box  massa=1.0 kg  tamanho=[0.04, 0.04, 0.04]
  Target goal     : {'type': 'goal_sequence', 'targets': [{'name': 'target', 'position': [0.15000000596046448, 0.0, 0.019999999552965164]}], 'mode': 'goal_sequence'}
  Mesa            : 1.1x0.7x0.4 m  offset_x=-0.3
  Robô config     : control=ee  block_gripper=False  base=[-0.6, 0.0, 0.05]
  Scripts         : ['script_1', 'reach_only', 'left_right']
  Juntas ângulos  : [+0.02, +1.02, -0.03, -1.27, +0.04, +2.29, +0.77]
  Juntas veloc.   : [+0.00, -0.00, -0.00, -0.00, +0.00, +0.00, -0.00]
  Cubo rotação    : [-3.142, -0.000, +0.003]  (roll/pitch/yaw)
  Cubo vel.linear : [+0.000, +0.000, +0.000]
