────────────────────────────────────────────
 Ep  1 | Step   1
────────────────────────────────────────────
  Task            : PICK_AND_PLACE
  Action          : [-0.108, +0.000, -0.994, +1.000]
  EE posição      : [+0.042, -0.000, +0.175]
  EE velocidade   : [+0.030, -0.002, -0.026]
  Garra           : 0.070 m  (ABERTA)
  Cubo posição    : [+0.030, +0.000, +0.020]
  Target (target): [+0.150, +0.000, +0.020]
  Dist EE→Cubo    : 0.1559 m
  Dist Cubo→target: 0.1200 m
  Reward          : -0.1200
  Sucesso         : False
  Obstáculo caminho: SIM  (count: 1)
  Obstáculo [obstacle_1]: tipo=box  massa=0.0 kg  tamanho=[0.02, 0.3, 0.5]
  Objeto [object_1]: tipo=box  massa=1.0 kg  tamanho=[0.04, 0.04, 0.04]
  Target goal     : {'type': 'goal_sequence', 'targets': [{'name': 'target', 'position': [0.15000000596046448, 0.0, 0.019999999552965164]}, {'name': 'target_1', 'position': [0.15000000596046448, 0.10000000149011612, 0.019999999552965164]}, {'name': 'target_2', 'position': [-0.10000000149011612, 0.0, 0.019999999552965164]}, {'name': 'target_3', 'position': [-0.10000000149011612, 0.10000000149011612, 0.019999999552965164]}], 'mode': 'goal_sequence'}
  Mesa            : 1.1x0.7x0.4 m  offset_x=-0.3
  Robô config     : control=ee  block_gripper=False  base=[-0.6, 0.0, 0.05]
  Scripts         : ['script_1', 'reach_only', 'left_right']
  Juntas ângulos  : [-0.00, +0.44, +0.00, -1.88, -0.00, +2.35, +0.79]
  Juntas veloc.   : [-0.00, -0.04, +0.00, -0.24, +0.00, +0.59, -0.03]
  Cubo rotação    : [+0.000, -0.000, -0.000]  (roll/pitch/yaw)
  Cubo vel.linear : [-0.000, +0.000, -0.000]
────────────────────────────────────────────
 Ep  1 | Step   2
────────────────────────────────────────────
  Task            : PICK_AND_PLACE
  Action          : [-0.208, +0.006, -0.978, +1.000]
  EE posição      : [+0.045, -0.000, +0.173]
  EE velocidade   : [+0.019, +0.002, -0.018]
  Garra           : 0.079 m  (ABERTA)
  Cubo posição    : [+0.030, +0.000, +0.020]
  Target (target): [+0.150, +0.000, +0.020]
  Dist EE→Cubo    : 0.1541 m
  Dist Cubo→target: 0.1200 m
  Reward          : -0.1200
  Sucesso         : False
  Obstáculo caminho: SIM  (count: 1)
  Obstáculo [obstacle_1]: tipo=box  massa=0.0 kg  tamanho=[0.02, 0.3, 0.5]
  Objeto [object_1]: tipo=box  massa=1.0 kg  tamanho=[0.04, 0.04, 0.04]
  Target goal     : {'type': 'goal_sequence', 'targets': [{'name': 'target', 'position': [0.15000000596046448, 0.0, 0.019999999552965164]}, {'name': 'target_1', 'position': [0.15000000596046448, 0.10000000149011612, 0.019999999552965164]}, {'name': 'target_2', 'position': [-0.10000000149011612, 0.0, 0.019999999552965164]}, {'name': 'target_3', 'position': [-0.10000000149011612, 0.10000000149011612, 0.019999999552965164]}], 'mode': 'goal_sequence'}
  Mesa            : 1.1x0.7x0.4 m  offset_x=-0.3
  Robô config     : control=ee  block_gripper=False  base=[-0.6, 0.0, 0.05]
  Scripts         : ['script_1', 'reach_only', 'left_right']
  Juntas ângulos  : [-0.00, +0.44, +0.00, -1.90, -0.00, +2.40, +0.79]
  Juntas veloc.   : [-0.01, -0.02, +0.01, -0.15, +0.02, +0.39, -0.00]
  Cubo rotação    : [+0.000, -0.000, -0.000]  (roll/pitch/yaw)
  Cubo vel.linear : [-0.000, +0.000, -0.000]
