────────────────────────────────────────────
 Ep  1 | Step   1
────────────────────────────────────────────
  Task            : PICK_AND_PLACE
  Action          : [-0.966, +0.000, -0.259, +1.000]
  EE posição      : [+0.011, +0.000, +0.188]
  EE velocidade   : [-0.435, +0.000, -0.140]
  Garra           : 0.070 m  (ABERTA)
  Cubo posição    : [-0.250, +0.000, +0.020]
  Target (target): [+0.150, +0.000, +0.020]
  Dist EE→Cubo    : 0.3103 m
  Dist Cubo→target: 0.4000 m
  Reward          : -0.4000
  Sucesso         : False
  Obstáculo caminho: nao  (count: 0)
  Objeto [object_1]: tipo=box  massa=1.0 kg  tamanho=[0.04, 0.04, 0.04]
  Target goal     : {'type': 'goal_sequence', 'targets': [{'name': 'target', 'position': [0.15000000596046448, 0.0, 0.019999999552965164]}], 'mode': 'goal_sequence'}
  Mesa            : 1.1x0.7x0.4 m  offset_x=-0.3
  Robô config     : control=ee  block_gripper=False  base=[-0.6, 0.0, 0.05]
  Scripts         : ['script_1', 'reach_only', 'left_right']
  Juntas ângulos  : [-0.00, +0.35, +0.00, -1.98, -0.00, +2.33, +0.79]
  Juntas veloc.   : [-0.00, -0.81, +0.01, -1.59, -0.00, +0.50, -0.03]
  Cubo rotação    : [+0.000, -0.000, -0.000]  (roll/pitch/yaw)
  Cubo vel.linear : [-0.000, +0.000, -0.000]
────────────────────────────────────────────
 Ep  1 | Step   2
────────────────────────────────────────────
  Task            : PICK_AND_PLACE
  Action          : [-0.967, -0.000, -0.254, +1.000]
  EE posição      : [-0.021, +0.000, +0.178]
  EE velocidade   : [-0.354, +0.000, -0.105]
  Garra           : 0.079 m  (ABERTA)
  Cubo posição    : [-0.250, +0.000, +0.020]
  Target (target): [+0.150, +0.000, +0.020]
  Dist EE→Cubo    : 0.2785 m
  Dist Cubo→target: 0.4000 m
  Reward          : -0.4000
  Sucesso         : False
  Obstáculo caminho: nao  (count: 0)
  Objeto [object_1]: tipo=box  massa=1.0 kg  tamanho=[0.04, 0.04, 0.04]
  Target goal     : {'type': 'goal_sequence', 'targets': [{'name': 'target', 'position': [0.15000000596046448, 0.0, 0.019999999552965164]}], 'mode': 'goal_sequence'}
  Mesa            : 1.1x0.7x0.4 m  offset_x=-0.3
  Robô config     : control=ee  block_gripper=False  base=[-0.6, 0.0, 0.05]
  Scripts         : ['script_1', 'reach_only', 'left_right']
  Juntas ângulos  : [-0.00, +0.28, +0.00, -2.10, -0.00, +2.39, +0.79]
  Juntas veloc.   : [-0.00, -0.65, +0.00, -1.28, -0.00, +0.47, -0.00]
  Cubo rotação    : [+0.000, -0.000, -0.000]  (roll/pitch/yaw)
  Cubo vel.linear : [-0.000, +0.000, -0.000]
────────────────────────────────────────────
 Ep  1 | Step   3
────────────────────────────────────────────
  Task            : PICK_AND_PLACE
  Action          : [-0.969, -0.000, -0.247, +1.000]
  EE posição      : [-0.053, +0.000, +0.169]
  EE velocidade   : [-0.389, +0.000, -0.113]
  Garra           : 0.080 m  (ABERTA)
  Cubo posição    : [-0.250, +0.000, +0.020]
  Target (target): [+0.150, +0.000, +0.020]
  Dist EE→Cubo    : 0.2465 m
  Dist Cubo→target: 0.4000 m
  Reward          : -0.4000
  Sucesso         : False
  Obstáculo caminho: nao  (count: 0)
  Objeto [object_1]: tipo=box  massa=1.0 kg  tamanho=[0.04, 0.04, 0.04]
  Target goal     : {'type': 'goal_sequence', 'targets': [{'name': 'target', 'position': [0.15000000596046448, 0.0, 0.019999999552965164]}], 'mode': 'goal_sequence'}
  Mesa            : 1.1x0.7x0.4 m  offset_x=-0.3
  Robô config     : control=ee  block_gripper=False  base=[-0.6, 0.0, 0.05]
  Scripts         : ['script_1', 'reach_only', 'left_right']
  Juntas ângulos  : [-0.00, +0.22, +0.00, -2.23, -0.00, +2.45, +0.79]
  Juntas veloc.   : [-0.00, -0.68, +0.00, -1.33, -0.00, +0.49, -0.00]
  Cubo rotação    : [+0.000, -0.000, -0.000]  (roll/pitch/yaw)
  Cubo vel.linear : [-0.000, +0.000, -0.000]
────────────────────────────────────────────
 Ep  1 | Step   4
────────────────────────────────────────────
  Task            : PICK_AND_PLACE
  Action          : [-0.971, -0.000, -0.240, +1.000]
  EE posição      : [-0.087, +0.000, +0.159]
  EE velocidade   : [-0.389, +0.000, -0.106]
  Garra           : 0.080 m  (ABERTA)
  Cubo posição    : [-0.250, +0.000, +0.020]
  Target (target): [+0.150, +0.000, +0.020]
  Dist EE→Cubo    : 0.2140 m
  Dist Cubo→target: 0.4000 m
  Reward          : -0.4000
  Sucesso         : False
  Obstáculo caminho: nao  (count: 0)
  Objeto [object_1]: tipo=box  massa=1.0 kg  tamanho=[0.04, 0.04, 0.04]
  Target goal     : {'type': 'goal_sequence', 'targets': [{'name': 'target', 'position': [0.15000000596046448, 0.0, 0.019999999552965164]}], 'mode': 'goal_sequence'}
  Mesa            : 1.1x0.7x0.4 m  offset_x=-0.3
  Robô config     : control=ee  block_gripper=False  base=[-0.6, 0.0, 0.05]
  Scripts         : ['script_1', 'reach_only', 'left_right']
  Juntas ângulos  : [-0.00, +0.16, +0.00, -2.35, -0.00, +2.51, +0.79]
  Juntas veloc.   : [-0.00, -0.66, +0.00, -1.28, +0.00, +0.47, -0.00]
  Cubo rotação    : [+0.000, -0.000, -0.000]  (roll/pitch/yaw)
  Cubo vel.linear : [-0.000, +0.000, -0.000]
────────────────────────────────────────────
 Ep  1 | Step   5
────────────────────────────────────────────
  Task            : PICK_AND_PLACE
  Action          : [-0.973, -0.000, -0.231, +1.000]
  EE posição      : [-0.121, +0.000, +0.149]
  EE velocidade   : [-0.408, +0.001, -0.115]
  Garra           : 0.080 m  (ABERTA)
  Cubo posição    : [-0.250, +0.000, +0.020]
  Target (target): [+0.150, +0.000, +0.020]
  Dist EE→Cubo    : 0.1822 m
  Dist Cubo→target: 0.4000 m
  Reward          : -0.4000
  Sucesso         : False
  Obstáculo caminho: nao  (count: 0)
  Objeto [object_1]: tipo=box  massa=1.0 kg  tamanho=[0.04, 0.04, 0.04]
  Target goal     : {'type': 'goal_sequence', 'targets': [{'name': 'target', 'position': [0.15000000596046448, 0.0, 0.019999999552965164]}], 'mode': 'goal_sequence'}
  Mesa            : 1.1x0.7x0.4 m  offset_x=-0.3
  Robô config     : control=ee  block_gripper=False  base=[-0.6, 0.0, 0.05]
  Scripts         : ['script_1', 'reach_only', 'left_right']
  Juntas ângulos  : [-0.00, +0.10, +0.00, -2.47, -0.00, +2.57, +0.79]
  Juntas veloc.   : [-0.00, -0.65, +0.00, -1.28, +0.00, +0.47, -0.00]
  Cubo rotação    : [+0.000, -0.000, -0.000]  (roll/pitch/yaw)
  Cubo vel.linear : [-0.000, +0.000, -0.000]
────────────────────────────────────────────
 Ep  1 | Step   6
────────────────────────────────────────────
  Task            : PICK_AND_PLACE
  Action          : [-0.975, -0.000, -0.221, +1.000]
  EE posição      : [-0.157, +0.000, +0.139]
  EE velocidade   : [-0.435, +0.001, -0.128]
  Garra           : 0.080 m  (ABERTA)
  Cubo posição    : [-0.250, +0.000, +0.020]
  Target (target): [+0.150, +0.000, +0.020]
  Dist EE→Cubo    : 0.1515 m
  Dist Cubo→target: 0.4000 m
  Reward          : -0.4000
  Sucesso         : False
  Obstáculo caminho: nao  (count: 0)
  Objeto [object_1]: tipo=box  massa=1.0 kg  tamanho=[0.04, 0.04, 0.04]
  Target goal     : {'type': 'goal_sequence', 'targets': [{'name': 'target', 'position': [0.15000000596046448, 0.0, 0.019999999552965164]}], 'mode': 'goal_sequence'}
  Mesa            : 1.1x0.7x0.4 m  offset_x=-0.3
  Robô config     : control=ee  block_gripper=False  base=[-0.6, 0.0, 0.05]
  Scripts         : ['script_1', 'reach_only', 'left_right']
  Juntas ângulos  : [-0.00, +0.04, +0.00, -2.59, -0.00, +2.63, +0.79]
  Juntas veloc.   : [-0.00, -0.64, +0.00, -1.29, +0.00, +0.45, -0.00]
  Cubo rotação    : [+0.000, -0.000, -0.000]  (roll/pitch/yaw)
  Cubo vel.linear : [-0.000, +0.000, -0.000]
────────────────────────────────────────────
 Ep  1 | Step   7
────────────────────────────────────────────
  Task            : PICK_AND_PLACE
  Action          : [-0.979, -0.001, -0.204, +1.000]
  EE posição      : [-0.193, +0.000, +0.130]
  EE velocidade   : [-0.477, +0.001, -0.147]
  Garra           : 0.080 m  (ABERTA)
  Cubo posição    : [-0.250, +0.000, +0.020]
  Target (target): [+0.150, +0.000, +0.020]
  Dist EE→Cubo    : 0.1237 m
  Dist Cubo→target: 0.4000 m
  Reward          : -0.4000
  Sucesso         : False
  Obstáculo caminho: nao  (count: 0)
  Objeto [object_1]: tipo=box  massa=1.0 kg  tamanho=[0.04, 0.04, 0.04]
  Target goal     : {'type': 'goal_sequence', 'targets': [{'name': 'target', 'position': [0.15000000596046448, 0.0, 0.019999999552965164]}], 'mode': 'goal_sequence'}
  Mesa            : 1.1x0.7x0.4 m  offset_x=-0.3
  Robô config     : control=ee  block_gripper=False  base=[-0.6, 0.0, 0.05]
  Scripts         : ['script_1', 'reach_only', 'left_right']
  Juntas ângulos  : [-0.00, -0.02, +0.00, -2.71, +0.00, +2.69, +0.79]
  Juntas veloc.   : [-0.00, -0.64, +0.00, -1.34, +0.00, +0.44, -0.00]
  Cubo rotação    : [+0.000, -0.000, -0.000]  (roll/pitch/yaw)
  Cubo vel.linear : [-0.000, +0.000, -0.000]
────────────────────────────────────────────
 Ep  1 | Step   8
────────────────────────────────────────────
  Task            : PICK_AND_PLACE
  Action          : [-0.985, -0.001, -0.170, +1.000]
  EE posição      : [-0.230, +0.000, +0.121]
  EE velocidade   : [-0.498, +0.000, -0.144]
  Garra           : 0.080 m  (ABERTA)
  Cubo posição    : [-0.250, +0.000, +0.020]
  Target (target): [+0.150, +0.000, +0.020]
  Dist EE→Cubo    : 0.1027 m
  Dist Cubo→target: 0.4000 m
  Reward          : -0.4000
  Sucesso         : False
  Obstáculo caminho: nao  (count: 0)
  Objeto [object_1]: tipo=box  massa=1.0 kg  tamanho=[0.04, 0.04, 0.04]
  Target goal     : {'type': 'goal_sequence', 'targets': [{'name': 'target', 'position': [0.15000000596046448, 0.0, 0.019999999552965164]}], 'mode': 'goal_sequence'}
  Mesa            : 1.1x0.7x0.4 m  offset_x=-0.3
  Robô config     : control=ee  block_gripper=False  base=[-0.6, 0.0, 0.05]
  Scripts         : ['script_1', 'reach_only', 'left_right']
  Juntas ângulos  : [-0.00, -0.08, +0.00, -2.83, +0.00, +2.74, +0.79]
  Juntas veloc.   : [-0.00, -0.67, +0.00, -1.36, +0.00, +0.42, -0.00]
  Cubo rotação    : [+0.000, -0.000, -0.000]  (roll/pitch/yaw)
  Cubo vel.linear : [-0.000, +0.000, -0.000]
────────────────────────────────────────────
 Ep  1 | Step   9
────────────────────────────────────────────
  Task            : PICK_AND_PLACE
  Action          : [-0.999, -0.001, -0.039, +1.000]
  EE posição      : [-0.268, -0.000, +0.115]
  EE velocidade   : [-0.464, -0.000, -0.077]
  Garra           : 0.080 m  (ABERTA)
  Cubo posição    : [-0.250, +0.000, +0.020]
  Target (target): [+0.150, +0.000, +0.020]
  Dist EE→Cubo    : 0.0963 m
  Dist Cubo→target: 0.4000 m
  Reward          : -0.4000
  Sucesso         : False
  Obstáculo caminho: nao  (count: 0)
  Objeto [object_1]: tipo=box  massa=1.0 kg  tamanho=[0.04, 0.04, 0.04]
  Target goal     : {'type': 'goal_sequence', 'targets': [{'name': 'target', 'position': [0.15000000596046448, 0.0, 0.019999999552965164]}], 'mode': 'goal_sequence'}
  Mesa            : 1.1x0.7x0.4 m  offset_x=-0.3
  Robô config     : control=ee  block_gripper=False  base=[-0.6, 0.0, 0.05]
  Scripts         : ['script_1', 'reach_only', 'left_right']
  Juntas ângulos  : [-0.00, -0.16, +0.00, -2.94, +0.00, +2.78, +0.79]
  Juntas veloc.   : [+0.00, -0.88, -0.00, -1.33, +0.00, +0.31, -0.00]
  Cubo rotação    : [+0.000, -0.000, -0.000]  (roll/pitch/yaw)
  Cubo vel.linear : [-0.000, +0.000, -0.000]
────────────────────────────────────────────
 Ep  1 | Step  10
────────────────────────────────────────────
  Task            : PICK_AND_PLACE
  Action          : [+0.175, +0.000, -0.911, +1.000]
  EE posição      : [-0.260, -0.000, +0.098]
  EE velocidade   : [-0.294, +0.000, -0.822]
  Garra           : 0.080 m  (ABERTA)
  Cubo posição    : [-0.250, +0.000, +0.020]
  Target (target): [+0.150, +0.000, +0.020]
  Dist EE→Cubo    : 0.0787 m
  Dist Cubo→target: 0.4000 m
  Reward          : -0.4000
  Sucesso         : False
  Obstáculo caminho: nao  (count: 0)
  Objeto [object_1]: tipo=box  massa=1.0 kg  tamanho=[0.04, 0.04, 0.04]
  Target goal     : {'type': 'goal_sequence', 'targets': [{'name': 'target', 'position': [0.15000000596046448, 0.0, 0.019999999552965164]}], 'mode': 'goal_sequence'}
  Mesa            : 1.1x0.7x0.4 m  offset_x=-0.3
  Robô config     : control=ee  block_gripper=False  base=[-0.6, 0.0, 0.05]
  Scripts         : ['script_1', 'reach_only', 'left_right']
  Juntas ângulos  : [-0.00, -0.06, +0.00, -2.93, +0.00, +2.89, +0.79]
  Juntas veloc.   : [-0.00, +2.99, -0.00, +0.44, -0.00, +0.79, +0.00]
  Cubo rotação    : [+0.000, -0.000, -0.000]  (roll/pitch/yaw)
  Cubo vel.linear : [-0.000, +0.000, -0.000]
────────────────────────────────────────────
 Ep  1 | Step  11
────────────────────────────────────────────
  Task            : PICK_AND_PLACE
  Action          : [+0.081, +0.000, -0.614, +1.000]
  EE posição      : [-0.262, -0.000, +0.075]
  EE velocidade   : [+0.015, +0.000, -0.141]
  Garra           : 0.080 m  (ABERTA)
  Cubo posição    : [-0.250, +0.000, +0.020]
  Target (target): [+0.150, +0.000, +0.020]
  Dist EE→Cubo    : 0.0561 m
  Dist Cubo→target: 0.4000 m
  Reward          : -0.4000
  Sucesso         : False
  Obstáculo caminho: nao  (count: 0)
  Objeto [object_1]: tipo=box  massa=1.0 kg  tamanho=[0.04, 0.04, 0.04]
  Target goal     : {'type': 'goal_sequence', 'targets': [{'name': 'target', 'position': [0.15000000596046448, 0.0, 0.019999999552965164]}], 'mode': 'goal_sequence'}
  Mesa            : 1.1x0.7x0.4 m  offset_x=-0.3
  Robô config     : control=ee  block_gripper=False  base=[-0.6, 0.0, 0.05]
  Scripts         : ['script_1', 'reach_only', 'left_right']
  Juntas ângulos  : [-0.00, +0.03, +0.00, -2.90, +0.00, +2.93, +0.79]
  Juntas veloc.   : [-0.00, +0.64, -0.00, +0.21, -0.00, +0.30, +0.00]
  Cubo rotação    : [+0.000, -0.000, -0.000]  (roll/pitch/yaw)
  Cubo vel.linear : [+0.000, -0.000, +0.000]
────────────────────────────────────────────
 Ep  1 | Step  12
────────────────────────────────────────────
  Task            : PICK_AND_PLACE
  Action          : [+0.068, +0.000, -0.307, +1.000]
  EE posição      : [-0.260, -0.000, +0.066]
  EE velocidade   : [+0.004, +0.000, -0.081]
  Garra           : 0.080 m  (ABERTA)
  Cubo posição    : [-0.250, +0.000, +0.020]
  Target (target): [+0.150, +0.000, +0.020]
  Dist EE→Cubo    : 0.0474 m
  Dist Cubo→target: 0.4000 m
  Reward          : -0.4000
  Sucesso         : False
  Obstáculo caminho: nao  (count: 0)
  Objeto [object_1]: tipo=box  massa=1.0 kg  tamanho=[0.04, 0.04, 0.04]
  Target goal     : {'type': 'goal_sequence', 'targets': [{'name': 'target', 'position': [0.15000000596046448, 0.0, 0.019999999552965164]}], 'mode': 'goal_sequence'}
  Mesa            : 1.1x0.7x0.4 m  offset_x=-0.3
  Robô config     : control=ee  block_gripper=False  base=[-0.6, 0.0, 0.05]
  Scripts         : ['script_1', 'reach_only', 'left_right']
  Juntas ângulos  : [-0.00, +0.07, +0.00, -2.90, -0.00, +2.97, +0.79]
  Juntas veloc.   : [-0.00, +0.36, -0.00, +0.05, -0.00, +0.32, +0.00]
  Cubo rotação    : [-0.000, -0.000, -0.000]  (roll/pitch/yaw)
  Cubo vel.linear : [+0.000, +0.000, +0.000]
────────────────────────────────────────────
 Ep  1 | Step  13
────────────────────────────────────────────
  Task            : PICK_AND_PLACE
  Action          : [+0.047, +0.000, -0.220, +1.000]
  EE posição      : [-0.258, -0.000, +0.060]
  EE velocidade   : [+0.004, -0.000, -0.059]
  Garra           : 0.080 m  (ABERTA)
  Cubo posição    : [-0.250, +0.000, +0.020]
  Target (target): [+0.150, +0.000, +0.020]
  Dist EE→Cubo    : 0.0409 m
  Dist Cubo→target: 0.4000 m
  Reward          : -0.4000
  Sucesso         : False
  Obstáculo caminho: nao  (count: 0)
  Objeto [object_1]: tipo=box  massa=1.0 kg  tamanho=[0.04, 0.04, 0.04]
  Target goal     : {'type': 'goal_sequence', 'targets': [{'name': 'target', 'position': [0.15000000596046448, 0.0, 0.019999999552965164]}], 'mode': 'goal_sequence'}
  Mesa            : 1.1x0.7x0.4 m  offset_x=-0.3
  Robô config     : control=ee  block_gripper=False  base=[-0.6, 0.0, 0.05]
  Scripts         : ['script_1', 'reach_only', 'left_right']
  Juntas ângulos  : [-0.00, +0.10, +0.00, -2.89, -0.00, +2.99, +0.79]
  Juntas veloc.   : [-0.00, +0.26, -0.00, +0.07, -0.00, +0.17, +0.00]
  Cubo rotação    : [-0.000, -0.000, -0.000]  (roll/pitch/yaw)
  Cubo vel.linear : [+0.000, +0.000, +0.000]
────────────────────────────────────────────
 Ep  1 | Step  14
────────────────────────────────────────────
  Task            : PICK_AND_PLACE
  Action          : [+0.034, +0.000, -0.164, +1.000]
  EE posição      : [-0.257, -0.000, +0.055]
  EE velocidade   : [+0.004, -0.000, -0.043]
  Garra           : 0.080 m  (ABERTA)
  Cubo posição    : [-0.250, +0.000, +0.020]
  Target (target): [+0.150, +0.000, +0.020]
  Dist EE→Cubo    : 0.0359 m
  Dist Cubo→target: 0.4000 m
  Reward          : -0.4000
  Sucesso         : False
  Obstáculo caminho: nao  (count: 0)
  Objeto [object_1]: tipo=box  massa=1.0 kg  tamanho=[0.04, 0.04, 0.04]
  Target goal     : {'type': 'goal_sequence', 'targets': [{'name': 'target', 'position': [0.15000000596046448, 0.0, 0.019999999552965164]}], 'mode': 'goal_sequence'}
  Mesa            : 1.1x0.7x0.4 m  offset_x=-0.3
  Robô config     : control=ee  block_gripper=False  base=[-0.6, 0.0, 0.05]
  Scripts         : ['script_1', 'reach_only', 'left_right']
  Juntas ângulos  : [-0.00, +0.12, +0.00, -2.88, -0.00, +3.01, +0.79]
  Juntas veloc.   : [+0.00, +0.19, -0.00, +0.05, -0.00, +0.12, +0.00]
  Cubo rotação    : [-0.000, -0.000, -0.000]  (roll/pitch/yaw)
  Cubo vel.linear : [+0.000, +0.000, +0.000]
────────────────────────────────────────────
 Ep  1 | Step  15
────────────────────────────────────────────
  Task            : PICK_AND_PLACE
  Action          : [+0.026, +0.000, -0.126, +1.000]
  EE posição      : [-0.256, -0.000, +0.051]
  EE velocidade   : [+0.004, +0.000, -0.032]
  Garra           : 0.080 m  (ABERTA)
  Cubo posição    : [-0.250, +0.000, +0.020]
  Target (target): [+0.150, +0.000, +0.020]
  Dist EE→Cubo    : 0.0321 m
  Dist Cubo→target: 0.4000 m
  Reward          : -0.4000
  Sucesso         : False
  Obstáculo caminho: nao  (count: 0)
  Objeto [object_1]: tipo=box  massa=1.0 kg  tamanho=[0.04, 0.04, 0.04]
  Target goal     : {'type': 'goal_sequence', 'targets': [{'name': 'target', 'position': [0.15000000596046448, 0.0, 0.019999999552965164]}], 'mode': 'goal_sequence'}
  Mesa            : 1.1x0.7x0.4 m  offset_x=-0.3
  Robô config     : control=ee  block_gripper=False  base=[-0.6, 0.0, 0.05]
  Scripts         : ['script_1', 'reach_only', 'left_right']
  Juntas ângulos  : [-0.00, +0.14, +0.00, -2.88, -0.00, +3.02, +0.79]
  Juntas veloc.   : [+0.00, +0.14, -0.00, +0.04, -0.00, +0.09, +0.00]
  Cubo rotação    : [-0.000, -0.000, -0.000]  (roll/pitch/yaw)
  Cubo vel.linear : [+0.000, +0.000, -0.000]
────────────────────────────────────────────
 Ep  1 | Step  16
────────────────────────────────────────────
  Task            : PICK_AND_PLACE
  Action          : [+0.020, +0.000, -0.101, +1.000]
  EE posição      : [-0.256, -0.000, +0.048]
  EE velocidade   : [+0.003, +0.000, -0.025]
  Garra           : 0.080 m  (ABERTA)
  Cubo posição    : [-0.250, +0.000, +0.020]
  Target (target): [+0.150, +0.000, +0.020]
  Dist EE→Cubo    : 0.0290 m
  Dist Cubo→target: 0.4000 m
  Reward          : -0.4000
  Sucesso         : False
  Obstáculo caminho: nao  (count: 0)
  Objeto [object_1]: tipo=box  massa=1.0 kg  tamanho=[0.04, 0.04, 0.04]
  Target goal     : {'type': 'goal_sequence', 'targets': [{'name': 'target', 'position': [0.15000000596046448, 0.0, 0.019999999552965164]}], 'mode': 'goal_sequence'}
  Mesa            : 1.1x0.7x0.4 m  offset_x=-0.3
  Robô config     : control=ee  block_gripper=False  base=[-0.6, 0.0, 0.05]
  Scripts         : ['script_1', 'reach_only', 'left_right']
  Juntas ângulos  : [-0.00, +0.16, +0.00, -2.87, -0.00, +3.03, +0.79]
  Juntas veloc.   : [+0.00, +0.11, -0.00, +0.03, -0.00, +0.07, +0.00]
  Cubo rotação    : [-0.000, -0.000, -0.000]  (roll/pitch/yaw)
  Cubo vel.linear : [+0.000, +0.000, -0.000]
────────────────────────────────────────────
 Ep  1 | Step  17
────────────────────────────────────────────
  Task            : PICK_AND_PLACE
  Action          : [+0.016, +0.000, -0.082, +1.000]
  EE posição      : [-0.255, -0.000, +0.046]
  EE velocidade   : [+0.003, +0.000, -0.020]
  Garra           : 0.080 m  (ABERTA)
  Cubo posição    : [-0.250, +0.000, +0.020]
  Target (target): [+0.150, +0.000, +0.020]
  Dist EE→Cubo    : 0.0264 m
  Dist Cubo→target: 0.4000 m
  Reward          : -0.4000
  Sucesso         : False
  Obstáculo caminho: nao  (count: 0)
  Objeto [object_1]: tipo=box  massa=1.0 kg  tamanho=[0.04, 0.04, 0.04]
  Target goal     : {'type': 'goal_sequence', 'targets': [{'name': 'target', 'position': [0.15000000596046448, 0.0, 0.019999999552965164]}], 'mode': 'goal_sequence'}
  Mesa            : 1.1x0.7x0.4 m  offset_x=-0.3
  Robô config     : control=ee  block_gripper=False  base=[-0.6, 0.0, 0.05]
  Scripts         : ['script_1', 'reach_only', 'left_right']
  Juntas ângulos  : [-0.00, +0.17, +0.00, -2.87, -0.00, +3.03, +0.79]
  Juntas veloc.   : [+0.00, +0.09, -0.00, +0.03, -0.00, +0.06, +0.00]
  Cubo rotação    : [-0.000, -0.000, -0.000]  (roll/pitch/yaw)
  Cubo vel.linear : [+0.000, +0.000, -0.000]
────────────────────────────────────────────
 Ep  1 | Step  18
────────────────────────────────────────────
  Task            : PICK_AND_PLACE
  Action          : [+0.013, +0.000, -0.068, +1.000]
  EE posição      : [-0.255, -0.000, +0.044]
  EE velocidade   : [+0.003, +0.000, -0.017]
  Garra           : 0.080 m  (ABERTA)
  Cubo posição    : [-0.250, +0.000, +0.020]
  Target (target): [+0.150, +0.000, +0.020]
  Dist EE→Cubo    : 0.0243 m
  Dist Cubo→target: 0.4000 m
  Reward          : -0.4000
  Sucesso         : False
  Obstáculo caminho: nao  (count: 0)
  Objeto [object_1]: tipo=box  massa=1.0 kg  tamanho=[0.04, 0.04, 0.04]
  Target goal     : {'type': 'goal_sequence', 'targets': [{'name': 'target', 'position': [0.15000000596046448, 0.0, 0.019999999552965164]}], 'mode': 'goal_sequence'}
  Mesa            : 1.1x0.7x0.4 m  offset_x=-0.3
  Robô config     : control=ee  block_gripper=False  base=[-0.6, 0.0, 0.05]
  Scripts         : ['script_1', 'reach_only', 'left_right']
  Juntas ângulos  : [-0.00, +0.18, +0.00, -2.86, -0.00, +3.04, +0.79]
  Juntas veloc.   : [+0.00, +0.08, -0.00, +0.02, -0.00, +0.05, +0.00]
  Cubo rotação    : [-0.000, -0.000, -0.000]  (roll/pitch/yaw)
  Cubo vel.linear : [+0.000, +0.000, -0.000]
────────────────────────────────────────────
 Ep  1 | Step  19
────────────────────────────────────────────
  Task            : PICK_AND_PLACE
  Action          : [+0.011, +0.000, -0.059, +1.000]
  EE posição      : [-0.254, -0.000, +0.042]
  EE velocidade   : [+0.002, +0.000, -0.014]
  Garra           : 0.080 m  (ABERTA)
  Cubo posição    : [-0.250, +0.000, +0.020]
  Target (target): [+0.150, +0.000, +0.020]
  Dist EE→Cubo    : 0.0224 m
  Dist Cubo→target: 0.4000 m
  Reward          : -0.4000
  Sucesso         : False
  Obstáculo caminho: nao  (count: 0)
  Objeto [object_1]: tipo=box  massa=1.0 kg  tamanho=[0.04, 0.04, 0.04]
  Target goal     : {'type': 'goal_sequence', 'targets': [{'name': 'target', 'position': [0.15000000596046448, 0.0, 0.019999999552965164]}], 'mode': 'goal_sequence'}
  Mesa            : 1.1x0.7x0.4 m  offset_x=-0.3
  Robô config     : control=ee  block_gripper=False  base=[-0.6, 0.0, 0.05]
  Scripts         : ['script_1', 'reach_only', 'left_right']
  Juntas ângulos  : [-0.00, +0.18, +0.00, -2.86, -0.00, +3.05, +0.79]
  Juntas veloc.   : [+0.00, +0.06, -0.00, +0.02, -0.00, +0.04, +0.00]
  Cubo rotação    : [-0.000, -0.000, -0.000]  (roll/pitch/yaw)
  Cubo vel.linear : [+0.000, +0.000, -0.000]
────────────────────────────────────────────
 Ep  1 | Step  20
────────────────────────────────────────────
  Task            : PICK_AND_PLACE
  Action          : [+0.011, +0.000, -0.059, +1.000]
  EE posição      : [-0.254, -0.000, +0.040]
  EE velocidade   : [+0.002, +0.000, -0.014]
  Garra           : 0.080 m  (ABERTA)
  Cubo posição    : [-0.250, +0.000, +0.020]
  Target (target): [+0.150, +0.000, +0.020]
  Dist EE→Cubo    : 0.0206 m
  Dist Cubo→target: 0.4000 m
  Reward          : -0.4000
  Sucesso         : False
  Obstáculo caminho: nao  (count: 0)
  Objeto [object_1]: tipo=box  massa=1.0 kg  tamanho=[0.04, 0.04, 0.04]
  Target goal     : {'type': 'goal_sequence', 'targets': [{'name': 'target', 'position': [0.15000000596046448, 0.0, 0.019999999552965164]}], 'mode': 'goal_sequence'}
  Mesa            : 1.1x0.7x0.4 m  offset_x=-0.3
  Robô config     : control=ee  block_gripper=False  base=[-0.6, 0.0, 0.05]
  Scripts         : ['script_1', 'reach_only', 'left_right']
  Juntas ângulos  : [-0.00, +0.19, +0.00, -2.86, -0.00, +3.05, +0.79]
  Juntas veloc.   : [+0.00, +0.07, -0.00, +0.02, -0.00, +0.04, +0.00]
  Cubo rotação    : [-0.000, -0.000, -0.000]  (roll/pitch/yaw)
  Cubo vel.linear : [+0.000, +0.000, -0.000]
────────────────────────────────────────────
 Ep  1 | Step  21
────────────────────────────────────────────
  Task            : PICK_AND_PLACE
  Action          : [+0.011, +0.000, -0.059, +1.000]
  EE posição      : [-0.253, -0.000, +0.038]
  EE velocidade   : [+0.002, +0.000, -0.015]
  Garra           : 0.080 m  (ABERTA)
  Cubo posição    : [-0.250, +0.000, +0.020]
  Target (target): [+0.150, +0.000, +0.020]
  Dist EE→Cubo    : 0.0187 m
  Dist Cubo→target: 0.4000 m
  Reward          : -0.4000
  Sucesso         : False
  Obstáculo caminho: nao  (count: 0)
  Objeto [object_1]: tipo=box  massa=1.0 kg  tamanho=[0.04, 0.04, 0.04]
  Target goal     : {'type': 'goal_sequence', 'targets': [{'name': 'target', 'position': [0.15000000596046448, 0.0, 0.019999999552965164]}], 'mode': 'goal_sequence'}
  Mesa            : 1.1x0.7x0.4 m  offset_x=-0.3
  Robô config     : control=ee  block_gripper=False  base=[-0.6, 0.0, 0.05]
  Scripts         : ['script_1', 'reach_only', 'left_right']
  Juntas ângulos  : [-0.00, +0.20, +0.00, -2.86, -0.00, +3.06, +0.79]
  Juntas veloc.   : [+0.00, +0.07, -0.00, +0.02, -0.00, +0.04, +0.00]
  Cubo rotação    : [-0.000, -0.000, -0.000]  (roll/pitch/yaw)
  Cubo vel.linear : [-0.000, +0.000, +0.000]
────────────────────────────────────────────
 Ep  1 | Step  22
────────────────────────────────────────────
  Task            : PICK_AND_PLACE
  Action          : [+0.011, +0.000, -0.059, +1.000]
  EE posição      : [-0.253, -0.000, +0.037]
  EE velocidade   : [+0.002, +0.000, -0.015]
  Garra           : 0.080 m  (ABERTA)
  Cubo posição    : [-0.250, +0.000, +0.020]
  Target (target): [+0.150, +0.000, +0.020]
  Dist EE→Cubo    : 0.0169 m
  Dist Cubo→target: 0.4000 m
  Reward          : -0.4000
  Sucesso         : False
  Obstáculo caminho: nao  (count: 0)
  Objeto [object_1]: tipo=box  massa=1.0 kg  tamanho=[0.04, 0.04, 0.04]
  Target goal     : {'type': 'goal_sequence', 'targets': [{'name': 'target', 'position': [0.15000000596046448, 0.0, 0.019999999552965164]}], 'mode': 'goal_sequence'}
  Mesa            : 1.1x0.7x0.4 m  offset_x=-0.3
  Robô config     : control=ee  block_gripper=False  base=[-0.6, 0.0, 0.05]
  Scripts         : ['script_1', 'reach_only', 'left_right']
  Juntas ângulos  : [-0.00, +0.21, +0.00, -2.85, -0.00, +3.06, +0.79]
  Juntas veloc.   : [+0.00, +0.07, -0.00, +0.02, -0.00, +0.04, +0.00]
  Cubo rotação    : [-0.000, -0.000, -0.000]  (roll/pitch/yaw)
  Cubo vel.linear : [-0.000, +0.000, -0.000]
────────────────────────────────────────────
 Ep  1 | Step  23
────────────────────────────────────────────
  Task            : PICK_AND_PLACE
  Action          : [+0.011, +0.000, -0.059, +1.000]
  EE posição      : [-0.253, -0.000, +0.035]
  EE velocidade   : [+0.002, +0.000, -0.015]
  Garra           : 0.080 m  (ABERTA)
  Cubo posição    : [-0.250, +0.000, +0.020]
  Target (target): [+0.150, +0.000, +0.020]
  Dist EE→Cubo    : 0.0150 m
  Dist Cubo→target: 0.4000 m
  Reward          : -0.4000
  Sucesso         : False
  Obstáculo caminho: nao  (count: 0)
  Objeto [object_1]: tipo=box  massa=1.0 kg  tamanho=[0.04, 0.04, 0.04]
  Target goal     : {'type': 'goal_sequence', 'targets': [{'name': 'target', 'position': [0.15000000596046448, 0.0, 0.019999999552965164]}], 'mode': 'goal_sequence'}
  Mesa            : 1.1x0.7x0.4 m  offset_x=-0.3
  Robô config     : control=ee  block_gripper=False  base=[-0.6, 0.0, 0.05]
  Scripts         : ['script_1', 'reach_only', 'left_right']
  Juntas ângulos  : [-0.00, +0.22, +0.00, -2.85, -0.00, +3.07, +0.79]
  Juntas veloc.   : [+0.00, +0.07, -0.00, +0.02, -0.00, +0.04, +0.00]
  Cubo rotação    : [-0.000, -0.000, -0.000]  (roll/pitch/yaw)
  Cubo vel.linear : [-0.000, +0.000, -0.000]
────────────────────────────────────────────
 Ep  1 | Step  24
────────────────────────────────────────────
  Task            : PICK_AND_PLACE
  Action          : [+0.011, +0.000, -0.059, +1.000]
  EE posição      : [-0.252, -0.000, +0.033]
  EE velocidade   : [+0.002, +0.000, -0.015]
  Garra           : 0.080 m  (ABERTA)
  Cubo posição    : [-0.250, +0.000, +0.020]
  Target (target): [+0.150, +0.000, +0.020]
  Dist EE→Cubo    : 0.0131 m
  Dist Cubo→target: 0.4000 m
  Reward          : -0.4000
  Sucesso         : False
  Obstáculo caminho: nao  (count: 0)
  Objeto [object_1]: tipo=box  massa=1.0 kg  tamanho=[0.04, 0.04, 0.04]
  Target goal     : {'type': 'goal_sequence', 'targets': [{'name': 'target', 'position': [0.15000000596046448, 0.0, 0.019999999552965164]}], 'mode': 'goal_sequence'}
  Mesa            : 1.1x0.7x0.4 m  offset_x=-0.3
  Robô config     : control=ee  block_gripper=False  base=[-0.6, 0.0, 0.05]
  Scripts         : ['script_1', 'reach_only', 'left_right']
  Juntas ângulos  : [-0.00, +0.23, +0.00, -2.85, -0.00, +3.07, +0.79]
  Juntas veloc.   : [+0.00, +0.07, -0.00, +0.02, -0.00, +0.04, +0.00]
  Cubo rotação    : [-0.000, -0.000, -0.000]  (roll/pitch/yaw)
  Cubo vel.linear : [-0.000, +0.000, -0.000]
────────────────────────────────────────────
 Ep  1 | Step  25
────────────────────────────────────────────
  Task            : PICK_AND_PLACE
  Action          : [+0.011, +0.000, -0.059, +1.000]
  EE posição      : [-0.252, -0.000, +0.031]
  EE velocidade   : [+0.002, +0.000, -0.015]
  Garra           : 0.080 m  (ABERTA)
  Cubo posição    : [-0.250, +0.000, +0.020]
  Target (target): [+0.150, +0.000, +0.020]
  Dist EE→Cubo    : 0.0113 m
  Dist Cubo→target: 0.4000 m
  Reward          : -0.4000
  Sucesso         : False
  Obstáculo caminho: nao  (count: 0)
  Objeto [object_1]: tipo=box  massa=1.0 kg  tamanho=[0.04, 0.04, 0.04]
  Target goal     : {'type': 'goal_sequence', 'targets': [{'name': 'target', 'position': [0.15000000596046448, 0.0, 0.019999999552965164]}], 'mode': 'goal_sequence'}
  Mesa            : 1.1x0.7x0.4 m  offset_x=-0.3
  Robô config     : control=ee  block_gripper=False  base=[-0.6, 0.0, 0.05]
  Scripts         : ['script_1', 'reach_only', 'left_right']
  Juntas ângulos  : [-0.00, +0.23, +0.00, -2.84, -0.00, +3.08, +0.79]
  Juntas veloc.   : [+0.00, +0.07, -0.00, +0.02, -0.00, +0.04, +0.00]
  Cubo rotação    : [-0.000, -0.000, -0.000]  (roll/pitch/yaw)
  Cubo vel.linear : [-0.000, +0.000, -0.000]
────────────────────────────────────────────
 Ep  1 | Step  26
────────────────────────────────────────────
  Task            : PICK_AND_PLACE
  Action          : [+0.010, +0.000, -0.059, +1.000]
  EE posição      : [-0.252, -0.000, +0.029]
  EE velocidade   : [+0.002, +0.000, -0.015]
  Garra           : 0.080 m  (ABERTA)
  Cubo posição    : [-0.250, +0.000, +0.020]
  Target (target): [+0.150, +0.000, +0.020]
  Dist EE→Cubo    : 0.0094 m
  Dist Cubo→target: 0.4000 m
  Reward          : -0.4000
  Sucesso         : False
  Obstáculo caminho: nao  (count: 0)
  Objeto [object_1]: tipo=box  massa=1.0 kg  tamanho=[0.04, 0.04, 0.04]
  Target goal     : {'type': 'goal_sequence', 'targets': [{'name': 'target', 'position': [0.15000000596046448, 0.0, 0.019999999552965164]}], 'mode': 'goal_sequence'}
  Mesa            : 1.1x0.7x0.4 m  offset_x=-0.3
  Robô config     : control=ee  block_gripper=False  base=[-0.6, 0.0, 0.05]
  Scripts         : ['script_1', 'reach_only', 'left_right']
  Juntas ângulos  : [-0.00, +0.24, +0.00, -2.84, -0.00, +3.08, +0.79]
  Juntas veloc.   : [+0.00, +0.07, -0.00, +0.02, -0.00, +0.04, +0.00]
  Cubo rotação    : [-0.000, -0.000, -0.000]  (roll/pitch/yaw)
  Cubo vel.linear : [-0.000, +0.000, -0.000]
────────────────────────────────────────────
 Ep  1 | Step  27
────────────────────────────────────────────
  Task            : PICK_AND_PLACE
  Action          : [+0.010, +0.000, -0.059, +1.000]
  EE posição      : [-0.251, -0.000, +0.027]
  EE velocidade   : [+0.002, +0.000, -0.015]
  Garra           : 0.080 m  (ABERTA)
  Cubo posição    : [-0.250, +0.000, +0.020]
  Target (target): [+0.150, +0.000, +0.020]
  Dist EE→Cubo    : 0.0075 m
  Dist Cubo→target: 0.4000 m
  Reward          : -0.4000
  Sucesso         : False
  Obstáculo caminho: nao  (count: 0)
  Objeto [object_1]: tipo=box  massa=1.0 kg  tamanho=[0.04, 0.04, 0.04]
  Target goal     : {'type': 'goal_sequence', 'targets': [{'name': 'target', 'position': [0.15000000596046448, 0.0, 0.019999999552965164]}], 'mode': 'goal_sequence'}
  Mesa            : 1.1x0.7x0.4 m  offset_x=-0.3
  Robô config     : control=ee  block_gripper=False  base=[-0.6, 0.0, 0.05]
  Scripts         : ['script_1', 'reach_only', 'left_right']
  Juntas ângulos  : [-0.00, +0.25, +0.00, -2.84, -0.00, +3.09, +0.79]
  Juntas veloc.   : [+0.00, +0.07, -0.00, +0.02, -0.00, +0.04, +0.00]
  Cubo rotação    : [-0.000, -0.000, -0.000]  (roll/pitch/yaw)
  Cubo vel.linear : [-0.000, +0.000, -0.000]
────────────────────────────────────────────
 Ep  1 | Step  28
────────────────────────────────────────────
  Task            : PICK_AND_PLACE
  Action          : [+0.010, +0.000, -0.059, +1.000]
  EE posição      : [-0.251, -0.000, +0.026]
  EE velocidade   : [+0.002, +0.000, -0.015]
  Garra           : 0.080 m  (ABERTA)
  Cubo posição    : [-0.250, +0.000, +0.020]
  Target (target): [+0.150, +0.000, +0.020]
  Dist EE→Cubo    : 0.0056 m
  Dist Cubo→target: 0.4000 m
  Reward          : -0.4000
  Sucesso         : False
  Obstáculo caminho: nao  (count: 0)
  Objeto [object_1]: tipo=box  massa=1.0 kg  tamanho=[0.04, 0.04, 0.04]
  Target goal     : {'type': 'goal_sequence', 'targets': [{'name': 'target', 'position': [0.15000000596046448, 0.0, 0.019999999552965164]}], 'mode': 'goal_sequence'}
  Mesa            : 1.1x0.7x0.4 m  offset_x=-0.3
  Robô config     : control=ee  block_gripper=False  base=[-0.6, 0.0, 0.05]
  Scripts         : ['script_1', 'reach_only', 'left_right']
  Juntas ângulos  : [-0.00, +0.26, +0.00, -2.84, -0.00, +3.09, +0.79]
  Juntas veloc.   : [+0.00, +0.07, -0.00, +0.02, -0.00, +0.04, +0.00]
  Cubo rotação    : [-0.000, -0.000, -0.000]  (roll/pitch/yaw)
  Cubo vel.linear : [-0.000, +0.000, -0.000]
────────────────────────────────────────────
 Ep  1 | Step  29
────────────────────────────────────────────
  Task            : PICK_AND_PLACE
  Action          : [+0.009, +0.000, -0.059, +1.000]
  EE posição      : [-0.251, -0.000, +0.024]
  EE velocidade   : [+0.002, +0.000, -0.015]
  Garra           : 0.080 m  (ABERTA)
  Cubo posição    : [-0.250, +0.000, +0.020]
  Target (target): [+0.150, +0.000, +0.020]
  Dist EE→Cubo    : 0.0037 m
  Dist Cubo→target: 0.4000 m
  Reward          : -0.4000
  Sucesso         : False
  Obstáculo caminho: nao  (count: 0)
  Objeto [object_1]: tipo=box  massa=1.0 kg  tamanho=[0.04, 0.04, 0.04]
  Target goal     : {'type': 'goal_sequence', 'targets': [{'name': 'target', 'position': [0.15000000596046448, 0.0, 0.019999999552965164]}], 'mode': 'goal_sequence'}
  Mesa            : 1.1x0.7x0.4 m  offset_x=-0.3
  Robô config     : control=ee  block_gripper=False  base=[-0.6, 0.0, 0.05]
  Scripts         : ['script_1', 'reach_only', 'left_right']
  Juntas ângulos  : [-0.00, +0.27, +0.00, -2.83, -0.00, +3.10, +0.79]
  Juntas veloc.   : [+0.00, +0.07, -0.00, +0.02, -0.00, +0.04, +0.00]
  Cubo rotação    : [-0.000, -0.000, -0.000]  (roll/pitch/yaw)
  Cubo vel.linear : [-0.000, +0.000, -0.000]
────────────────────────────────────────────
 Ep  1 | Step  30
────────────────────────────────────────────
  Task            : PICK_AND_PLACE
  Action          : [+0.009, +0.000, -0.059, -1.000]
  EE posição      : [-0.250, -0.000, +0.022]
  EE velocidade   : [+0.002, -0.001, -0.015]
  Garra           : 0.036 m  (AGARRADA)
  Cubo posição    : [-0.250, +0.000, +0.020]
  Target (target): [+0.150, +0.000, +0.020]
  Dist EE→Cubo    : 0.0018 m
  Dist Cubo→target: 0.4000 m
  Reward          : -0.4000
  Sucesso         : False
  Obstáculo caminho: nao  (count: 0)
  Objeto [object_1]: tipo=box  massa=1.0 kg  tamanho=[0.04, 0.04, 0.04]
  Target goal     : {'type': 'goal_sequence', 'targets': [{'name': 'target', 'position': [0.15000000596046448, 0.0, 0.019999999552965164]}], 'mode': 'goal_sequence'}
  Mesa            : 1.1x0.7x0.4 m  offset_x=-0.3
  Robô config     : control=ee  block_gripper=False  base=[-0.6, 0.0, 0.05]
  Scripts         : ['script_1', 'reach_only', 'left_right']
  Juntas ângulos  : [-0.00, +0.28, +0.00, -2.83, -0.00, +3.11, +0.79]
  Juntas veloc.   : [+0.00, +0.06, -0.00, +0.02, +0.00, +0.04, +0.01]
  Cubo rotação    : [-0.000, -0.000, -0.000]  (roll/pitch/yaw)
  Cubo vel.linear : [+0.000, +0.001, -0.001]
────────────────────────────────────────────
 Ep  1 | Step  31
────────────────────────────────────────────
  Task            : PICK_AND_PLACE
  Action          : [-0.003, +0.000, +1.000, -1.000]
  EE posição      : [-0.265, +0.000, +0.035]
  EE velocidade   : [+0.354, +0.000, +0.756]
  Garra           : 0.034 m  (AGARRADA)
  Cubo posição    : [-0.262, +0.001, +0.035]
  Target (target): [+0.150, +0.000, +0.020]
  Dist EE→Cubo    : 0.0027 m
  Dist Cubo→target: 0.4123 m
  Reward          : -0.4123
  Sucesso         : False
  Obstáculo caminho: nao  (count: 0)
  Objeto [object_1]: tipo=box  massa=1.0 kg  tamanho=[0.04, 0.04, 0.04]
  Target goal     : {'type': 'goal_sequence', 'targets': [{'name': 'target', 'position': [0.15000000596046448, 0.0, 0.019999999552965164]}], 'mode': 'goal_sequence'}
  Mesa            : 1.1x0.7x0.4 m  offset_x=-0.3
  Robô config     : control=ee  block_gripper=False  base=[-0.6, 0.0, 0.05]
  Scripts         : ['script_1', 'reach_only', 'left_right']
  Juntas ângulos  : [-0.00, +0.19, +0.00, -2.86, -0.00, +3.00, +0.79]
  Juntas veloc.   : [-0.00, -2.71, +0.00, -0.47, +0.00, -0.80, -0.00]
  Cubo rotação    : [+0.002, +0.027, -0.003]  (roll/pitch/yaw)
  Cubo vel.linear : [+0.355, +0.013, +0.759]
────────────────────────────────────────────
 Ep  1 | Step  32
────────────────────────────────────────────
  Task            : PICK_AND_PLACE
  Action          : [+0.157, -0.000, +0.988, -1.000]
  EE posição      : [-0.255, +0.000, +0.068]
  EE velocidade   : [+0.181, -0.000, +0.414]
  Garra           : 0.034 m  (AGARRADA)
  Cubo posição    : [-0.253, +0.001, +0.067]
  Target (target): [+0.150, +0.000, +0.020]
  Dist EE→Cubo    : 0.0026 m
  Dist Cubo→target: 0.4057 m
  Reward          : -0.4057
  Sucesso         : False
  Obstáculo caminho: nao  (count: 0)
  Objeto [object_1]: tipo=box  massa=1.0 kg  tamanho=[0.04, 0.04, 0.04]
  Target goal     : {'type': 'goal_sequence', 'targets': [{'name': 'target', 'position': [0.15000000596046448, 0.0, 0.019999999552965164]}], 'mode': 'goal_sequence'}
  Mesa            : 1.1x0.7x0.4 m  offset_x=-0.3
  Robô config     : control=ee  block_gripper=False  base=[-0.6, 0.0, 0.05]
  Scripts         : ['script_1', 'reach_only', 'left_right']
  Juntas ângulos  : [-0.00, +0.07, +0.00, -2.88, -0.00, +2.95, +0.79]
  Juntas veloc.   : [-0.00, -1.44, +0.00, -0.20, +0.00, -0.41, -0.00]
  Cubo rotação    : [+0.002, -0.019, -0.003]  (roll/pitch/yaw)
  Cubo vel.linear : [+0.180, +0.012, +0.416]
────────────────────────────────────────────
 Ep  1 | Step  33
────────────────────────────────────────────
  Task            : PICK_AND_PLACE
  Action          : [+0.083, -0.000, +0.997, -1.000]
  EE posição      : [-0.252, +0.000, +0.094]
  EE velocidade   : [+0.275, -0.000, +0.590]
  Garra           : 0.036 m  (AGARRADA)
  Cubo posição    : [-0.248, +0.002, +0.094]
  Target (target): [+0.150, +0.000, +0.020]
  Dist EE→Cubo    : 0.0039 m
  Dist Cubo→target: 0.4052 m
  Reward          : -0.4052
  Sucesso         : False
  Obstáculo caminho: nao  (count: 0)
  Objeto [object_1]: tipo=box  massa=1.0 kg  tamanho=[0.04, 0.04, 0.04]
  Target goal     : {'type': 'goal_sequence', 'targets': [{'name': 'target', 'position': [0.15000000596046448, 0.0, 0.019999999552965164]}], 'mode': 'goal_sequence'}
  Mesa            : 1.1x0.7x0.4 m  offset_x=-0.3
  Robô config     : control=ee  block_gripper=False  base=[-0.6, 0.0, 0.05]
  Scripts         : ['script_1', 'reach_only', 'left_right']
  Juntas ângulos  : [-0.00, -0.03, +0.00, -2.88, -0.00, +2.83, +0.79]
  Juntas veloc.   : [+0.00, -1.89, -0.00, +0.02, +0.00, -0.88, -0.00]
  Cubo rotação    : [+0.003, -0.005, +0.001]  (roll/pitch/yaw)
  Cubo vel.linear : [+0.279, +0.010, +0.594]
────────────────────────────────────────────
 Ep  1 | Step  34
────────────────────────────────────────────
  Task            : PICK_AND_PLACE
  Action          : [+0.044, -0.000, +0.999, -1.000]
  EE posição      : [-0.247, -0.000, +0.125]
  EE velocidade   : [+0.165, -0.000, +0.480]
  Garra           : 0.034 m  (AGARRADA)
  Cubo posição    : [-0.243, +0.002, +0.125]
  Target (target): [+0.150, +0.000, +0.020]
  Dist EE→Cubo    : 0.0047 m
  Dist Cubo→target: 0.4065 m
  Reward          : -0.4065
  Sucesso         : False
  Obstáculo caminho: nao  (count: 0)
  Objeto [object_1]: tipo=box  massa=1.0 kg  tamanho=[0.04, 0.04, 0.04]
  Target goal     : {'type': 'goal_sequence', 'targets': [{'name': 'target', 'position': [0.15000000596046448, 0.0, 0.019999999552965164]}], 'mode': 'goal_sequence'}
  Mesa            : 1.1x0.7x0.4 m  offset_x=-0.3
  Robô config     : control=ee  block_gripper=False  base=[-0.6, 0.0, 0.05]
  Scripts         : ['script_1', 'reach_only', 'left_right']
  Juntas ângulos  : [-0.00, -0.14, +0.00, -2.87, +0.00, +2.72, +0.79]
  Juntas veloc.   : [+0.00, -1.52, -0.00, +0.05, +0.00, -0.83, -0.00]
  Cubo rotação    : [-0.000, -0.011, +0.023]  (roll/pitch/yaw)
  Cubo vel.linear : [+0.165, +0.007, +0.483]
────────────────────────────────────────────
 Ep  1 | Step  35
────────────────────────────────────────────
  Task            : PICK_AND_PLACE
  Action          : [-0.944, +0.001, -0.329, -1.000]
  EE posição      : [-0.262, +0.000, +0.124]
  EE velocidade   : [-1.350, +0.000, -0.755]
  Garra           : 0.037 m  (AGARRADA)
  Cubo posição    : [-0.261, +0.002, +0.122]
  Target (target): [+0.150, +0.000, +0.020]
  Dist EE→Cubo    : 0.0035 m
  Dist Cubo→target: 0.4230 m
  Reward          : -0.4230
  Sucesso         : False
  Obstáculo caminho: nao  (count: 0)
  Objeto [object_1]: tipo=box  massa=1.0 kg  tamanho=[0.04, 0.04, 0.04]
  Target goal     : {'type': 'goal_sequence', 'targets': [{'name': 'target', 'position': [0.15000000596046448, 0.0, 0.019999999552965164]}], 'mode': 'goal_sequence'}
  Mesa            : 1.1x0.7x0.4 m  offset_x=-0.3
  Robô config     : control=ee  block_gripper=False  base=[-0.6, 0.0, 0.05]
  Scripts         : ['script_1', 'reach_only', 'left_right']
  Juntas ângulos  : [-0.00, -0.19, +0.00, -2.95, +0.00, +2.81, +0.79]
  Juntas veloc.   : [+0.00, -0.26, +0.00, -2.87, -0.01, +0.63, +0.00]
  Cubo rotação    : [+0.001, -0.054, +0.008]  (roll/pitch/yaw)
  Cubo vel.linear : [-1.352, +0.014, -0.762]
────────────────────────────────────────────
 Ep  1 | Step  36
────────────────────────────────────────────
  Task            : PICK_AND_PLACE
  Action          : [+1.000, -0.000, -0.010, -1.000]
  EE posição      : [-0.300, +0.000, +0.088]
  EE velocidade   : [-0.132, +0.000, -0.628]
  Garra           : 0.039 m  (AGARRADA)
  Cubo posição    : [-0.296, +0.003, +0.085]
  Target (target): [+0.150, +0.000, +0.020]
  Dist EE→Cubo    : 0.0053 m
  Dist Cubo→target: 0.4508 m
  Reward          : -0.4508
  Sucesso         : False
  Obstáculo caminho: nao  (count: 0)
  Objeto [object_1]: tipo=box  massa=1.0 kg  tamanho=[0.04, 0.04, 0.04]
  Target goal     : {'type': 'goal_sequence', 'targets': [{'name': 'target', 'position': [0.15000000596046448, 0.0, 0.019999999552965164]}], 'mode': 'goal_sequence'}
  Mesa            : 1.1x0.7x0.4 m  offset_x=-0.3
  Robô config     : control=ee  block_gripper=False  base=[-0.6, 0.0, 0.05]
  Scripts         : ['script_1', 'reach_only', 'left_right']
  Juntas ângulos  : [-0.00, -0.08, +0.00, -2.94, -0.00, +2.73, +0.79]
  Juntas veloc.   : [-0.00, +3.05, -0.00, +1.32, +0.01, -0.61, +0.00]
  Cubo rotação    : [+0.001, +0.116, +0.008]  (roll/pitch/yaw)
  Cubo vel.linear : [-0.139, +0.014, -0.634]
────────────────────────────────────────────
 Ep  1 | Step  37
────────────────────────────────────────────
  Task            : PICK_AND_PLACE
  Action          : [+0.997, -0.000, +0.072, -1.000]
  EE posição      : [-0.275, +0.000, +0.079]
  EE velocidade   : [+0.518, -0.000, +0.161]
  Garra           : 0.037 m  (AGARRADA)
  Cubo posição    : [-0.271, +0.003, +0.078]
  Target (target): [+0.150, +0.000, +0.020]
  Dist EE→Cubo    : 0.0053 m
  Dist Cubo→target: 0.4246 m
  Reward          : -0.4246
  Sucesso         : False
  Obstáculo caminho: nao  (count: 0)
  Objeto [object_1]: tipo=box  massa=1.0 kg  tamanho=[0.04, 0.04, 0.04]
  Target goal     : {'type': 'goal_sequence', 'targets': [{'name': 'target', 'position': [0.15000000596046448, 0.0, 0.019999999552965164]}], 'mode': 'goal_sequence'}
  Mesa            : 1.1x0.7x0.4 m  offset_x=-0.3
  Robô config     : control=ee  block_gripper=False  base=[-0.6, 0.0, 0.05]
  Scripts         : ['script_1', 'reach_only', 'left_right']
  Juntas ângulos  : [-0.00, -0.01, +0.00, -2.90, +0.00, +2.82, +0.79]
  Juntas veloc.   : [+0.00, +0.21, -0.00, +0.72, -0.00, +0.74, -0.00]
  Cubo rotação    : [-0.001, +0.052, +0.004]  (roll/pitch/yaw)
  Cubo vel.linear : [+0.521, +0.013, +0.165]
────────────────────────────────────────────
 Ep  1 | Step  38
────────────────────────────────────────────
  Task            : PICK_AND_PLACE
  Action          : [+0.995, -0.000, +0.096, -1.000]
  EE posição      : [-0.238, -0.000, +0.085]
  EE velocidade   : [+0.537, -0.001, +0.181]
  Garra           : 0.037 m  (AGARRADA)
  Cubo posição    : [-0.234, +0.004, +0.084]
  Target (target): [+0.150, +0.000, +0.020]
  Dist EE→Cubo    : 0.0057 m
  Dist Cubo→target: 0.3897 m
  Reward          : -0.3897
  Sucesso         : False
  Obstáculo caminho: nao  (count: 0)
  Objeto [object_1]: tipo=box  massa=1.0 kg  tamanho=[0.04, 0.04, 0.04]
  Target goal     : {'type': 'goal_sequence', 'targets': [{'name': 'target', 'position': [0.15000000596046448, 0.0, 0.019999999552965164]}], 'mode': 'goal_sequence'}
  Mesa            : 1.1x0.7x0.4 m  offset_x=-0.3
  Robô config     : control=ee  block_gripper=False  base=[-0.6, 0.0, 0.05]
  Scripts         : ['script_1', 'reach_only', 'left_right']
  Juntas ângulos  : [-0.00, +0.04, +0.00, -2.83, -0.00, +2.85, +0.79]
  Juntas veloc.   : [-0.00, +0.29, -0.00, +1.01, -0.00, +0.21, +0.00]
  Cubo rotação    : [-0.002, -0.004, +0.004]  (roll/pitch/yaw)
  Cubo vel.linear : [+0.538, +0.013, +0.185]
────────────────────────────────────────────
 Ep  1 | Step  39
────────────────────────────────────────────
  Task            : PICK_AND_PLACE
  Action          : [+0.996, +0.000, +0.091, -1.000]
  EE posição      : [-0.204, -0.000, +0.087]
  EE velocidade   : [+0.583, -0.001, +0.195]
  Garra           : 0.037 m  (AGARRADA)
  Cubo posição    : [-0.200, +0.004, +0.086]
  Target (target): [+0.150, +0.000, +0.020]
  Dist EE→Cubo    : 0.0061 m
  Dist Cubo→target: 0.3566 m
  Reward          : -0.3566
  Sucesso         : False
  Obstáculo caminho: nao  (count: 0)
  Objeto [object_1]: tipo=box  massa=1.0 kg  tamanho=[0.04, 0.04, 0.04]
  Target goal     : {'type': 'goal_sequence', 'targets': [{'name': 'target', 'position': [0.15000000596046448, 0.0, 0.019999999552965164]}], 'mode': 'goal_sequence'}
  Mesa            : 1.1x0.7x0.4 m  offset_x=-0.3
  Robô config     : control=ee  block_gripper=False  base=[-0.6, 0.0, 0.05]
  Scripts         : ['script_1', 'reach_only', 'left_right']
  Juntas ângulos  : [-0.00, +0.10, +0.00, -2.73, -0.00, +2.81, +0.79]
  Juntas veloc.   : [+0.00, +0.41, -0.00, +1.35, -0.00, -0.29, -0.00]
  Cubo rotação    : [-0.001, -0.010, +0.002]  (roll/pitch/yaw)
  Cubo vel.linear : [+0.583, +0.013, +0.197]
────────────────────────────────────────────
 Ep  1 | Step  40
────────────────────────────────────────────
  Task            : PICK_AND_PLACE
  Action          : [+0.996, +0.000, +0.092, -1.000]
  EE posição      : [-0.170, -0.000, +0.090]
  EE velocidade   : [+0.524, -0.001, +0.164]
  Garra           : 0.037 m  (AGARRADA)
  Cubo posição    : [-0.166, +0.005, +0.089]
  Target (target): [+0.150, +0.000, +0.020]
  Dist EE→Cubo    : 0.0065 m
  Dist Cubo→target: 0.3232 m
  Reward          : -0.3232
  Sucesso         : False
  Obstáculo caminho: nao  (count: 0)
  Objeto [object_1]: tipo=box  massa=1.0 kg  tamanho=[0.04, 0.04, 0.04]
  Target goal     : {'type': 'goal_sequence', 'targets': [{'name': 'target', 'position': [0.15000000596046448, 0.0, 0.019999999552965164]}], 'mode': 'goal_sequence'}
  Mesa            : 1.1x0.7x0.4 m  offset_x=-0.3
  Robô config     : control=ee  block_gripper=False  base=[-0.6, 0.0, 0.05]
  Scripts         : ['script_1', 'reach_only', 'left_right']
  Juntas ângulos  : [-0.00, +0.16, +0.00, -2.62, -0.00, +2.77, +0.79]
  Juntas veloc.   : [+0.00, +0.46, -0.00, +1.31, -0.00, -0.34, -0.00]
  Cubo rotação    : [-0.002, -0.013, +0.002]  (roll/pitch/yaw)
  Cubo vel.linear : [+0.524, +0.013, +0.166]
────────────────────────────────────────────
 Ep  1 | Step  41
────────────────────────────────────────────
  Task            : PICK_AND_PLACE
  Action          : [+0.996, +0.000, +0.093, -1.000]
  EE posição      : [-0.136, -0.000, +0.091]
  EE velocidade   : [+0.549, -0.001, +0.216]
  Garra           : 0.037 m  (AGARRADA)
  Cubo posição    : [-0.132, +0.005, +0.091]
  Target (target): [+0.150, +0.000, +0.020]
  Dist EE→Cubo    : 0.0069 m
  Dist Cubo→target: 0.2908 m
  Reward          : -0.2908
  Sucesso         : False
  Obstáculo caminho: nao  (count: 0)
  Objeto [object_1]: tipo=box  massa=1.0 kg  tamanho=[0.04, 0.04, 0.04]
  Target goal     : {'type': 'goal_sequence', 'targets': [{'name': 'target', 'position': [0.15000000596046448, 0.0, 0.019999999552965164]}], 'mode': 'goal_sequence'}
  Mesa            : 1.1x0.7x0.4 m  offset_x=-0.3
  Robô config     : control=ee  block_gripper=False  base=[-0.6, 0.0, 0.05]
  Scripts         : ['script_1', 'reach_only', 'left_right']
  Juntas ângulos  : [-0.00, +0.22, +0.00, -2.51, -0.00, +2.72, +0.79]
  Juntas veloc.   : [+0.00, +0.39, -0.00, +1.36, +0.00, -0.38, -0.00]
  Cubo rotação    : [-0.002, -0.011, +0.002]  (roll/pitch/yaw)
  Cubo vel.linear : [+0.550, +0.013, +0.218]
────────────────────────────────────────────
 Ep  1 | Step  42
────────────────────────────────────────────
  Task            : PICK_AND_PLACE
  Action          : [+0.995, +0.000, +0.099, -1.000]
  EE posição      : [-0.102, -0.000, +0.094]
  EE velocidade   : [+0.507, -0.000, +0.188]
  Garra           : 0.037 m  (AGARRADA)
  Cubo posição    : [-0.098, +0.006, +0.093]
  Target (target): [+0.150, +0.000, +0.020]
  Dist EE→Cubo    : 0.0073 m
  Dist Cubo→target: 0.2587 m
  Reward          : -0.2587
  Sucesso         : False
  Obstáculo caminho: nao  (count: 0)
  Objeto [object_1]: tipo=box  massa=1.0 kg  tamanho=[0.04, 0.04, 0.04]
  Target goal     : {'type': 'goal_sequence', 'targets': [{'name': 'target', 'position': [0.15000000596046448, 0.0, 0.019999999552965164]}], 'mode': 'goal_sequence'}
  Mesa            : 1.1x0.7x0.4 m  offset_x=-0.3
  Robô config     : control=ee  block_gripper=False  base=[-0.6, 0.0, 0.05]
  Scripts         : ['script_1', 'reach_only', 'left_right']
  Juntas ângulos  : [-0.00, +0.28, +0.00, -2.40, -0.00, +2.67, +0.79]
  Juntas veloc.   : [+0.00, +0.44, -0.00, +1.33, +0.00, -0.37, -0.00]
  Cubo rotação    : [-0.002, -0.013, +0.002]  (roll/pitch/yaw)
  Cubo vel.linear : [+0.507, +0.013, +0.189]
────────────────────────────────────────────
 Ep  1 | Step  43
────────────────────────────────────────────
  Task            : PICK_AND_PLACE
  Action          : [+0.995, +0.000, +0.104, -1.000]
  EE posição      : [-0.069, -0.000, +0.095]
  EE velocidade   : [+0.481, -0.000, +0.158]
  Garra           : 0.037 m  (AGARRADA)
  Cubo posição    : [-0.066, +0.007, +0.094]
  Target (target): [+0.150, +0.000, +0.020]
  Dist EE→Cubo    : 0.0077 m
  Dist Cubo→target: 0.2280 m
  Reward          : -0.2280
  Sucesso         : False
  Obstáculo caminho: nao  (count: 0)
  Objeto [object_1]: tipo=box  massa=1.0 kg  tamanho=[0.04, 0.04, 0.04]
  Target goal     : {'type': 'goal_sequence', 'targets': [{'name': 'target', 'position': [0.15000000596046448, 0.0, 0.019999999552965164]}], 'mode': 'goal_sequence'}
  Mesa            : 1.1x0.7x0.4 m  offset_x=-0.3
  Robô config     : control=ee  block_gripper=False  base=[-0.6, 0.0, 0.05]
  Scripts         : ['script_1', 'reach_only', 'left_right']
  Juntas ângulos  : [-0.00, +0.35, +0.00, -2.28, -0.00, +2.62, +0.79]
  Juntas veloc.   : [+0.00, +0.52, -0.00, +1.36, +0.00, -0.40, -0.00]
  Cubo rotação    : [-0.002, -0.012, +0.002]  (roll/pitch/yaw)
  Cubo vel.linear : [+0.481, +0.013, +0.160]
────────────────────────────────────────────
 Ep  1 | Step  44
────────────────────────────────────────────
  Task            : PICK_AND_PLACE
  Action          : [+0.994, +0.001, +0.113, -1.000]
  EE posição      : [-0.038, -0.000, +0.096]
  EE velocidade   : [+0.443, -0.000, +0.126]
  Garra           : 0.037 m  (AGARRADA)
  Cubo posição    : [-0.034, +0.007, +0.095]
  Target (target): [+0.150, +0.000, +0.020]
  Dist EE→Cubo    : 0.0082 m
  Dist Cubo→target: 0.1985 m
  Reward          : -0.1985
  Sucesso         : False
  Obstáculo caminho: nao  (count: 0)
  Objeto [object_1]: tipo=box  massa=1.0 kg  tamanho=[0.04, 0.04, 0.04]
  Target goal     : {'type': 'goal_sequence', 'targets': [{'name': 'target', 'position': [0.15000000596046448, 0.0, 0.019999999552965164]}], 'mode': 'goal_sequence'}
  Mesa            : 1.1x0.7x0.4 m  offset_x=-0.3
  Robô config     : control=ee  block_gripper=False  base=[-0.6, 0.0, 0.05]
  Scripts         : ['script_1', 'reach_only', 'left_right']
  Juntas ângulos  : [-0.00, +0.41, +0.00, -2.16, -0.00, +2.57, +0.79]
  Juntas veloc.   : [+0.00, +0.58, -0.00, +1.35, +0.00, -0.40, -0.00]
  Cubo rotação    : [-0.002, -0.010, +0.002]  (roll/pitch/yaw)
  Cubo vel.linear : [+0.444, +0.013, +0.127]
────────────────────────────────────────────
 Ep  1 | Step  45
────────────────────────────────────────────
  Task            : PICK_AND_PLACE
  Action          : [+0.992, +0.001, +0.129, -1.000]
  EE posição      : [-0.007, -0.000, +0.095]
  EE velocidade   : [+0.400, -0.000, +0.078]
  Garra           : 0.037 m  (AGARRADA)
  Cubo posição    : [-0.004, +0.008, +0.094]
  Target (target): [+0.150, +0.000, +0.020]
  Dist EE→Cubo    : 0.0086 m
  Dist Cubo→target: 0.1706 m
  Reward          : -0.1706
  Sucesso         : False
  Obstáculo caminho: nao  (count: 0)
  Objeto [object_1]: tipo=box  massa=1.0 kg  tamanho=[0.04, 0.04, 0.04]
  Target goal     : {'type': 'goal_sequence', 'targets': [{'name': 'target', 'position': [0.15000000596046448, 0.0, 0.019999999552965164]}], 'mode': 'goal_sequence'}
  Mesa            : 1.1x0.7x0.4 m  offset_x=-0.3
  Robô config     : control=ee  block_gripper=False  base=[-0.6, 0.0, 0.05]
  Scripts         : ['script_1', 'reach_only', 'left_right']
  Juntas ângulos  : [-0.00, +0.48, -0.00, -2.05, -0.00, +2.52, +0.79]
  Juntas veloc.   : [+0.00, +0.65, -0.00, +1.34, +0.00, -0.40, +0.00]
  Cubo rotação    : [-0.002, -0.008, +0.002]  (roll/pitch/yaw)
  Cubo vel.linear : [+0.400, +0.013, +0.079]
────────────────────────────────────────────
 Ep  1 | Step  46
────────────────────────────────────────────
  Task            : PICK_AND_PLACE
  Action          : [+0.988, +0.001, +0.156, -1.000]
  EE posição      : [+0.022, -0.000, +0.095]
  EE velocidade   : [+0.378, +0.000, +0.086]
  Garra           : 0.037 m  (AGARRADA)
  Cubo posição    : [+0.025, +0.008, +0.093]
  Target (target): [+0.150, +0.000, +0.020]
  Dist EE→Cubo    : 0.0090 m
  Dist Cubo→target: 0.1450 m
  Reward          : -0.1450
  Sucesso         : False
  Obstáculo caminho: nao  (count: 0)
  Objeto [object_1]: tipo=box  massa=1.0 kg  tamanho=[0.04, 0.04, 0.04]
  Target goal     : {'type': 'goal_sequence', 'targets': [{'name': 'target', 'position': [0.15000000596046448, 0.0, 0.019999999552965164]}], 'mode': 'goal_sequence'}
  Mesa            : 1.1x0.7x0.4 m  offset_x=-0.3
  Robô config     : control=ee  block_gripper=False  base=[-0.6, 0.0, 0.05]
  Scripts         : ['script_1', 'reach_only', 'left_right']
  Juntas ângulos  : [-0.00, +0.55, -0.00, -1.93, -0.00, +2.46, +0.79]
  Juntas veloc.   : [+0.00, +0.63, -0.00, +1.32, +0.00, -0.40, +0.00]
  Cubo rotação    : [-0.002, -0.007, +0.002]  (roll/pitch/yaw)
  Cubo vel.linear : [+0.378, +0.013, +0.087]
────────────────────────────────────────────
 Ep  1 | Step  47
────────────────────────────────────────────
  Task            : PICK_AND_PLACE
  Action          : [+0.981, +0.001, +0.194, -1.000]
  EE posição      : [+0.049, -0.000, +0.095]
  EE velocidade   : [+0.338, +0.000, +0.079]
  Garra           : 0.037 m  (AGARRADA)
  Cubo posição    : [+0.052, +0.009, +0.093]
  Target (target): [+0.150, +0.000, +0.020]
  Dist EE→Cubo    : 0.0095 m
  Dist Cubo→target: 0.1225 m
  Reward          : -0.1225
  Sucesso         : False
  Obstáculo caminho: nao  (count: 0)
  Objeto [object_1]: tipo=box  massa=1.0 kg  tamanho=[0.04, 0.04, 0.04]
  Target goal     : {'type': 'goal_sequence', 'targets': [{'name': 'target', 'position': [0.15000000596046448, 0.0, 0.019999999552965164]}], 'mode': 'goal_sequence'}
  Mesa            : 1.1x0.7x0.4 m  offset_x=-0.3
  Robô config     : control=ee  block_gripper=False  base=[-0.6, 0.0, 0.05]
  Scripts         : ['script_1', 'reach_only', 'left_right']
  Juntas ângulos  : [-0.00, +0.62, -0.00, -1.81, -0.00, +2.41, +0.79]
  Juntas veloc.   : [+0.00, +0.61, -0.00, +1.27, +0.00, -0.41, +0.00]
  Cubo rotação    : [-0.002, -0.006, +0.002]  (roll/pitch/yaw)
  Cubo vel.linear : [+0.338, +0.013, +0.080]
────────────────────────────────────────────
 Ep  1 | Step  48
────────────────────────────────────────────
  Task            : PICK_AND_PLACE
  Action          : [+0.970, +0.001, +0.243, -1.000]
  EE posição      : [+0.074, -0.000, +0.096]
  EE velocidade   : [+0.321, +0.000, +0.126]
  Garra           : 0.037 m  (AGARRADA)
  Cubo posição    : [+0.078, +0.009, +0.095]
  Target (target): [+0.150, +0.000, +0.020]
  Dist EE→Cubo    : 0.0099 m
  Dist Cubo→target: 0.1048 m
  Reward          : -0.1048
  Sucesso         : False
  Obstáculo caminho: nao  (count: 0)
  Objeto [object_1]: tipo=box  massa=1.0 kg  tamanho=[0.04, 0.04, 0.04]
  Target goal     : {'type': 'goal_sequence', 'targets': [{'name': 'target', 'position': [0.15000000596046448, 0.0, 0.019999999552965164]}], 'mode': 'goal_sequence'}
  Mesa            : 1.1x0.7x0.4 m  offset_x=-0.3
  Robô config     : control=ee  block_gripper=False  base=[-0.6, 0.0, 0.05]
  Scripts         : ['script_1', 'reach_only', 'left_right']
  Juntas ângulos  : [-0.00, +0.68, -0.00, -1.69, -0.00, +2.36, +0.79]
  Juntas veloc.   : [+0.00, +0.51, -0.00, +1.24, +0.00, -0.42, +0.00]
  Cubo rotação    : [-0.002, -0.006, +0.002]  (roll/pitch/yaw)
  Cubo vel.linear : [+0.321, +0.013, +0.127]
────────────────────────────────────────────
 Ep  1 | Step  49
────────────────────────────────────────────
  Task            : PICK_AND_PLACE
  Action          : [+0.955, +0.001, +0.297, -1.000]
  EE posição      : [+0.097, -0.000, +0.100]
  EE velocidade   : [+0.292, +0.000, +0.175]
  Garra           : 0.037 m  (AGARRADA)
  Cubo posição    : [+0.101, +0.010, +0.099]
  Target (target): [+0.150, +0.000, +0.020]
  Dist EE→Cubo    : 0.0104 m
  Dist Cubo→target: 0.0939 m
  Reward          : -0.0939
  Sucesso         : False
  Obstáculo caminho: nao  (count: 0)
  Objeto [object_1]: tipo=box  massa=1.0 kg  tamanho=[0.04, 0.04, 0.04]
  Target goal     : {'type': 'goal_sequence', 'targets': [{'name': 'target', 'position': [0.15000000596046448, 0.0, 0.019999999552965164]}], 'mode': 'goal_sequence'}
  Mesa            : 1.1x0.7x0.4 m  offset_x=-0.3
  Robô config     : control=ee  block_gripper=False  base=[-0.6, 0.0, 0.05]
  Scripts         : ['script_1', 'reach_only', 'left_right']
  Juntas ângulos  : [-0.00, +0.74, -0.00, -1.57, -0.00, +2.30, +0.79]
  Juntas veloc.   : [+0.00, +0.40, -0.00, +1.16, +0.00, -0.44, +0.00]
  Cubo rotação    : [-0.002, -0.008, +0.002]  (roll/pitch/yaw)
  Cubo vel.linear : [+0.292, +0.013, +0.176]
────────────────────────────────────────────
 Ep  1 | Step  50
────────────────────────────────────────────
  Task            : PICK_AND_PLACE
  Action          : [+0.937, +0.001, +0.348, -1.000]
  EE posição      : [+0.119, -0.000, +0.108]
  EE velocidade   : [+0.279, +0.000, +0.263]
  Garra           : 0.037 m  (AGARRADA)
  Cubo posição    : [+0.122, +0.010, +0.107]
  Target (target): [+0.150, +0.000, +0.020]
  Dist EE→Cubo    : 0.0108 m
  Dist Cubo→target: 0.0923 m
  Reward          : -0.0923
  Sucesso         : False
  Obstáculo caminho: nao  (count: 0)
  Objeto [object_1]: tipo=box  massa=1.0 kg  tamanho=[0.04, 0.04, 0.04]
  Target goal     : {'type': 'goal_sequence', 'targets': [{'name': 'target', 'position': [0.15000000596046448, 0.0, 0.019999999552965164]}], 'mode': 'goal_sequence'}
  Mesa            : 1.1x0.7x0.4 m  offset_x=-0.3
  Robô config     : control=ee  block_gripper=False  base=[-0.6, 0.0, 0.05]
  Scripts         : ['script_1', 'reach_only', 'left_right']
  Juntas ângulos  : [-0.00, +0.79, -0.00, -1.46, +0.00, +2.24, +0.79]
  Juntas veloc.   : [+0.00, +0.25, -0.00, +1.11, +0.00, -0.45, +0.00]
  Cubo rotação    : [-0.002, -0.012, +0.002]  (roll/pitch/yaw)
  Cubo vel.linear : [+0.279, +0.013, +0.265]
────────────────────────────────────────────
 Ep  1 | Step  51
────────────────────────────────────────────
  Task            : PICK_AND_PLACE
  Action          : [+0.936, +0.001, +0.352, -1.000]
  EE posição      : [+0.138, -0.000, +0.119]
  EE velocidade   : [+0.253, +0.000, +0.318]
  Garra           : 0.037 m  (AGARRADA)
  Cubo posição    : [+0.142, +0.011, +0.119]
  Target (target): [+0.150, +0.000, +0.020]
  Dist EE→Cubo    : 0.0112 m
  Dist Cubo→target: 0.0997 m
  Reward          : -0.0997
  Sucesso         : False
  Obstáculo caminho: nao  (count: 0)
  Objeto [object_1]: tipo=box  massa=1.0 kg  tamanho=[0.04, 0.04, 0.04]
  Target goal     : {'type': 'goal_sequence', 'targets': [{'name': 'target', 'position': [0.15000000596046448, 0.0, 0.019999999552965164]}], 'mode': 'goal_sequence'}
  Mesa            : 1.1x0.7x0.4 m  offset_x=-0.3
  Robô config     : control=ee  block_gripper=False  base=[-0.6, 0.0, 0.05]
  Scripts         : ['script_1', 'reach_only', 'left_right']
  Juntas ângulos  : [+0.00, +0.83, -0.00, -1.35, +0.00, +2.18, +0.79]
  Juntas veloc.   : [+0.00, +0.16, -0.00, +1.05, +0.00, -0.46, +0.00]
  Cubo rotação    : [-0.002, -0.018, +0.002]  (roll/pitch/yaw)
  Cubo vel.linear : [+0.253, +0.013, +0.320]
────────────────────────────────────────────
 Ep  1 | Step  52
────────────────────────────────────────────
  Task            : PICK_AND_PLACE
  Action          : [+0.999, +0.001, +0.046, -1.000]
  EE posição      : [+0.157, +0.000, +0.122]
  EE velocidade   : [+0.147, +0.000, -0.046]
  Garra           : 0.037 m  (AGARRADA)
  Cubo posição    : [+0.160, +0.011, +0.121]
  Target (target): [+0.150, +0.000, +0.020]
  Dist EE→Cubo    : 0.0117 m
  Dist Cubo→target: 0.1019 m
  Reward          : -0.1019
  Sucesso         : False
  Obstáculo caminho: nao  (count: 0)
  Objeto [object_1]: tipo=box  massa=1.0 kg  tamanho=[0.04, 0.04, 0.04]
  Target goal     : {'type': 'goal_sequence', 'targets': [{'name': 'target', 'position': [0.15000000596046448, 0.0, 0.019999999552965164]}], 'mode': 'goal_sequence'}
  Mesa            : 1.1x0.7x0.4 m  offset_x=-0.3
  Robô config     : control=ee  block_gripper=False  base=[-0.6, 0.0, 0.05]
  Scripts         : ['script_1', 'reach_only', 'left_right']
  Juntas ângulos  : [+0.00, +0.90, -0.00, -1.23, +0.00, +2.13, +0.79]
  Juntas veloc.   : [+0.00, +0.66, -0.00, +1.05, +0.00, -0.36, +0.00]
  Cubo rotação    : [-0.002, -0.026, +0.002]  (roll/pitch/yaw)
  Cubo vel.linear : [+0.147, +0.013, -0.046]
────────────────────────────────────────────
 Ep  1 | Step  53
────────────────────────────────────────────
  Task            : PICK_AND_PLACE
  Action          : [-0.066, -0.000, -0.998, -1.000]
  EE posição      : [+0.160, -0.000, +0.096]
  EE velocidade   : [-0.309, -0.001, -1.242]
  Garra           : 0.037 m  (AGARRADA)
  Cubo posição    : [+0.162, +0.012, +0.093]
  Target (target): [+0.150, +0.000, +0.020]
  Dist EE→Cubo    : 0.0125 m
  Dist Cubo→target: 0.0746 m
  Reward          : -0.0746
  Sucesso         : False
  Obstáculo caminho: nao  (count: 0)
  Objeto [object_1]: tipo=box  massa=1.0 kg  tamanho=[0.04, 0.04, 0.04]
  Target goal     : {'type': 'goal_sequence', 'targets': [{'name': 'target', 'position': [0.15000000596046448, 0.0, 0.019999999552965164]}], 'mode': 'goal_sequence'}
  Mesa            : 1.1x0.7x0.4 m  offset_x=-0.3
  Robô config     : control=ee  block_gripper=False  base=[-0.6, 0.0, 0.05]
  Scripts         : ['script_1', 'reach_only', 'left_right']
  Juntas ângulos  : [+0.00, +0.94, -0.00, -1.24, +0.00, +2.19, +0.79]
  Juntas veloc.   : [-0.00, +1.67, -0.00, -0.04, +0.00, +0.48, -0.00]
  Cubo rotação    : [-0.002, -0.042, +0.004]  (roll/pitch/yaw)
  Cubo vel.linear : [-0.311, +0.013, -1.246]
────────────────────────────────────────────
 Ep  1 | Step  54
────────────────────────────────────────────
  Task            : PICK_AND_PLACE
  Action          : [-0.075, +0.000, -0.589, -1.000]
  EE posição      : [+0.147, -0.000, +0.050]
  EE velocidade   : [-0.365, -0.000, -1.022]
  Garra           : 0.037 m  (AGARRADA)
  Cubo posição    : [+0.149, +0.012, +0.046]
  Target (target): [+0.150, +0.000, +0.020]
  Dist EE→Cubo    : 0.0129 m
  Dist Cubo→target: 0.0290 m
  Reward          : -0.0290
  Sucesso         : False
  Obstáculo caminho: nao  (count: 0)
  Objeto [object_1]: tipo=box  massa=1.0 kg  tamanho=[0.04, 0.04, 0.04]
  Target goal     : {'type': 'goal_sequence', 'targets': [{'name': 'target', 'position': [0.15000000596046448, 0.0, 0.019999999552965164]}], 'mode': 'goal_sequence'}
  Mesa            : 1.1x0.7x0.4 m  offset_x=-0.3
  Robô config     : control=ee  block_gripper=False  base=[-0.6, 0.0, 0.05]
  Scripts         : ['script_1', 'reach_only', 'left_right']
  Juntas ângulos  : [+0.00, +1.00, -0.00, -1.23, +0.00, +2.21, +0.79]
  Juntas veloc.   : [-0.00, +1.39, -0.00, +0.02, +0.00, +0.11, -0.00]
  Cubo rotação    : [-0.001, +0.007, +0.004]  (roll/pitch/yaw)
  Cubo vel.linear : [-0.368, +0.013, -1.025]
────────────────────────────────────────────
 Ep  1 | Step  55
────────────────────────────────────────────
  Task            : PICK_AND_PLACE
  Action          : [+0.010, +0.000, -0.089, -1.000]
  EE posição      : [+0.138, -0.000, +0.016]
  EE velocidade   : [-0.117, -0.001, -0.357]
  Garra           : 0.035 m  (AGARRADA)
  Cubo posição    : [+0.142, +0.013, +0.020]
  Target (target): [+0.150, +0.000, +0.020]
  Dist EE→Cubo    : 0.0138 m
  Dist Cubo→target: 0.0149 m
  Reward          : -0.0149
  Sucesso         : False
  Obstáculo caminho: nao  (count: 0)
  Objeto [object_1]: tipo=box  massa=1.0 kg  tamanho=[0.04, 0.04, 0.04]
  Target goal     : {'type': 'goal_sequence', 'targets': [{'name': 'target', 'position': [0.15000000596046448, 0.0, 0.019999999552965164]}], 'mode': 'goal_sequence'}
  Mesa            : 1.1x0.7x0.4 m  offset_x=-0.3
  Robô config     : control=ee  block_gripper=False  base=[-0.6, 0.0, 0.05]
  Scripts         : ['script_1', 'reach_only', 'left_right']
  Juntas ângulos  : [+0.00, +1.05, -0.00, -1.24, +0.00, +2.24, +0.79]
  Juntas veloc.   : [-0.00, +0.49, -0.00, -0.04, +0.00, +0.25, -0.00]
  Cubo rotação    : [-0.001, +0.013, +0.004]  (roll/pitch/yaw)
  Cubo vel.linear : [-0.011, -0.001, +0.016]
────────────────────────────────────────────
 Ep  1 | Step  56
────────────────────────────────────────────
  Task            : PICK_AND_PLACE
  Action          : [+0.116, +0.001, +0.993, +1.000]
  EE posição      : [+0.129, -0.000, +0.009]
  EE velocidade   : [-0.003, -0.000, +0.115]
  Garra           : 0.074 m  (ABERTA)
  Cubo posição    : [+0.142, +0.013, +0.020]
  Target (target): [+0.150, +0.000, +0.020]
  Dist EE→Cubo    : 0.0211 m
  Dist Cubo→target: 0.0149 m
  Reward          : -0.0149
  Sucesso         : False
  Obstáculo caminho: nao  (count: 0)
  Objeto [object_1]: tipo=box  massa=1.0 kg  tamanho=[0.04, 0.04, 0.04]
  Target goal     : {'type': 'goal_sequence', 'targets': [{'name': 'target', 'position': [0.15000000596046448, 0.0, 0.019999999552965164]}], 'mode': 'goal_sequence'}
  Mesa            : 1.1x0.7x0.4 m  offset_x=-0.3
  Robô config     : control=ee  block_gripper=False  base=[-0.6, 0.0, 0.05]
  Scripts         : ['script_1', 'reach_only', 'left_right']
  Juntas ângulos  : [+0.00, +1.04, -0.00, -1.25, +0.00, +2.22, +0.79]
  Juntas veloc.   : [-0.00, -0.22, +0.00, -0.08, -0.01, -0.20, -0.03]
  Cubo rotação    : [-0.000, +0.002, +0.004]  (roll/pitch/yaw)
  Cubo vel.linear : [-0.002, -0.000, +0.003]
────────────────────────────────────────────
 Ep  1 | Step  57
────────────────────────────────────────────
  Task            : PICK_AND_PLACE
  Action          : [+0.186, +0.000, +0.982, +1.000]
  EE posição      : [+0.133, -0.000, +0.021]
  EE velocidade   : [+0.220, +0.000, +0.533]
  Garra           : 0.079 m  (ABERTA)
  Cubo posição    : [+0.142, +0.013, +0.020]
  Target (target): [+0.150, +0.000, +0.020]
  Dist EE→Cubo    : 0.0153 m
  Dist Cubo→target: 0.0150 m
  Reward          : -0.0150
  Sucesso         : False
  Obstáculo caminho: nao  (count: 0)
  Objeto [object_1]: tipo=box  massa=1.0 kg  tamanho=[0.04, 0.04, 0.04]
  Target goal     : {'type': 'goal_sequence', 'targets': [{'name': 'target', 'position': [0.15000000596046448, 0.0, 0.019999999552965164]}], 'mode': 'goal_sequence'}
  Mesa            : 1.1x0.7x0.4 m  offset_x=-0.3
  Robô config     : control=ee  block_gripper=False  base=[-0.6, 0.0, 0.05]
  Scripts         : ['script_1', 'reach_only', 'left_right']
  Juntas ângulos  : [+0.00, +1.02, -0.00, -1.27, +0.00, +2.24, +0.79]
  Juntas veloc.   : [-0.00, -0.78, +0.00, -0.11, -0.00, +0.10, -0.00]
  Cubo rotação    : [-0.000, +0.000, +0.004]  (roll/pitch/yaw)
  Cubo vel.linear : [-0.000, -0.000, +0.001]
────────────────────────────────────────────
 Ep  1 | Step  58
────────────────────────────────────────────
  Task            : PICK_AND_PLACE
  Action          : [+0.167, +0.000, +0.986, +1.000]
  EE posição      : [+0.141, -0.000, +0.050]
  EE velocidade   : [+0.333, +0.000, +0.953]
  Garra           : 0.080 m  (ABERTA)
  Cubo posição    : [+0.142, +0.013, +0.020]
  Target (target): [+0.150, +0.000, +0.020]
  Dist EE→Cubo    : 0.0324 m
  Dist Cubo→target: 0.0150 m
  Reward          : -0.0150
  Sucesso         : False
  Obstáculo caminho: nao  (count: 0)
  Objeto [object_1]: tipo=box  massa=1.0 kg  tamanho=[0.04, 0.04, 0.04]
  Target goal     : {'type': 'goal_sequence', 'targets': [{'name': 'target', 'position': [0.15000000596046448, 0.0, 0.019999999552965164]}], 'mode': 'goal_sequence'}
  Mesa            : 1.1x0.7x0.4 m  offset_x=-0.3
  Robô config     : control=ee  block_gripper=False  base=[-0.6, 0.0, 0.05]
  Scripts         : ['script_1', 'reach_only', 'left_right']
  Juntas ângulos  : [+0.00, +0.97, -0.00, -1.27, +0.00, +2.22, +0.79]
  Juntas veloc.   : [+0.00, -1.33, +0.00, -0.07, -0.00, -0.09, -0.00]
  Cubo rotação    : [-0.000, +0.000, +0.004]  (roll/pitch/yaw)
  Cubo vel.linear : [-0.000, -0.000, +0.000]
────────────────────────────────────────────
 Ep  1 | Step  59
────────────────────────────────────────────
  Task            : PICK_AND_PLACE
  Action          : [+0.130, +0.000, +0.991, +1.000]
  EE posição      : [+0.148, -0.000, +0.090]
  EE velocidade   : [+0.153, +0.000, +0.645]
  Garra           : 0.080 m  (ABERTA)
  Cubo posição    : [+0.142, +0.013, +0.020]
  Target (target): [+0.150, +0.000, +0.020]
  Dist EE→Cubo    : 0.0710 m
  Dist Cubo→target: 0.0150 m
  Reward          : -0.0150
  Sucesso         : False
  Obstáculo caminho: nao  (count: 0)
  Objeto [object_1]: tipo=box  massa=1.0 kg  tamanho=[0.04, 0.04, 0.04]
  Target goal     : {'type': 'goal_sequence', 'targets': [{'name': 'target', 'position': [0.15000000596046448, 0.0, 0.019999999552965164]}], 'mode': 'goal_sequence'}
  Mesa            : 1.1x0.7x0.4 m  offset_x=-0.3
  Robô config     : control=ee  block_gripper=False  base=[-0.6, 0.0, 0.05]
  Scripts         : ['script_1', 'reach_only', 'left_right']
  Juntas ângulos  : [+0.00, +0.92, -0.00, -1.27, +0.00, +2.18, +0.79]
  Juntas veloc.   : [+0.00, -0.90, +0.00, -0.00, -0.00, -0.30, +0.00]
  Cubo rotação    : [-0.000, +0.000, +0.004]  (roll/pitch/yaw)
  Cubo vel.linear : [-0.000, -0.000, +0.000]
────────────────────────────────────────────
 Ep  1 | Step  60
────────────────────────────────────────────
  Task            : PICK_AND_PLACE
  Action          : [+0.079, +0.000, +0.997, +1.000]
  EE posição      : [+0.148, -0.000, +0.122]
  EE velocidade   : [+0.178, +0.001, +0.902]
  Garra           : 0.080 m  (ABERTA)
  Cubo posição    : [+0.142, +0.013, +0.020]
  Target (target): [+0.150, +0.000, +0.020]
  Dist EE→Cubo    : 0.1029 m
  Dist Cubo→target: 0.0150 m
  Reward          : -0.0150
  Sucesso         : False
  Obstáculo caminho: nao  (count: 0)
  Objeto [object_1]: tipo=box  massa=1.0 kg  tamanho=[0.04, 0.04, 0.04]
  Target goal     : {'type': 'goal_sequence', 'targets': [{'name': 'target', 'position': [0.15000000596046448, 0.0, 0.019999999552965164]}], 'mode': 'goal_sequence'}
  Mesa            : 1.1x0.7x0.4 m  offset_x=-0.3
  Robô config     : control=ee  block_gripper=False  base=[-0.6, 0.0, 0.05]
  Scripts         : ['script_1', 'reach_only', 'left_right']
  Juntas ângulos  : [+0.00, +0.87, -0.00, -1.27, +0.00, +2.12, +0.79]
  Juntas veloc.   : [+0.00, -1.23, +0.00, +0.05, +0.00, -0.47, +0.00]
  Cubo rotação    : [+0.000, -0.000, +0.004]  (roll/pitch/yaw)
  Cubo vel.linear : [-0.000, +0.000, -0.000]
────────────────────────────────────────────
 Ep  1 | Step  61
────────────────────────────────────────────
  Task            : PICK_AND_PLACE
  Action          : [+0.766, +0.000, -0.643, +1.000]
  EE posição      : [+0.174, +0.000, +0.141]
  EE velocidade   : [+0.089, +0.000, -0.414]
  Garra           : 0.080 m  (ABERTA)
  Cubo posição    : [+0.142, +0.013, +0.020]
  Target (target): [+0.150, +0.000, +0.020]
  Dist EE→Cubo    : 0.1260 m
  Dist Cubo→target: 0.0150 m
  Reward          : -0.0150
  Sucesso         : True
  Obstáculo caminho: nao  (count: 0)
  Objeto [object_1]: tipo=box  massa=1.0 kg  tamanho=[0.04, 0.04, 0.04]
  Target goal     : {'type': 'goal_sequence', 'targets': [{'name': 'target', 'position': [0.15000000596046448, 0.0, 0.019999999552965164]}], 'mode': 'goal_sequence'}
  Mesa            : 1.1x0.7x0.4 m  offset_x=-0.3
  Robô config     : control=ee  block_gripper=False  base=[-0.6, 0.0, 0.05]
  Scripts         : ['script_1', 'reach_only', 'left_right']
  Juntas ângulos  : [+0.00, +0.90, -0.00, -1.19, +0.00, +2.15, +0.79]
  Juntas veloc.   : [+0.00, +1.03, +0.00, +0.77, +0.00, +0.18, +0.00]
  Cubo rotação    : [+0.000, -0.000, +0.004]  (roll/pitch/yaw)
  Cubo vel.linear : [-0.000, +0.000, -0.000]
