────────────────────────────────────────────
 Ep  1 | Step   1
────────────────────────────────────────────
  Task            : OBJECT_DELIVERY_SEQUENCE
  Action          : [-0.984, +0.000, -0.179, +1.000]
  EE posição      : [+0.009, +0.000, +0.191]
  EE velocidade   : [-0.416, +0.000, -0.050]
  Garra           : 0.070 m  (ABERTA)
  Cubo posição    : [-0.250, +0.000, +0.012]
  Target (target): [+0.150, +0.000, +0.020]
  Dist EE→Cubo    : 0.3152 m
  Dist Cubo→target: 0.4001 m
  Reward          : -0.4001
  Sucesso         : False
  Obstáculo caminho: nao  (count: 0)
  Objeto [object_1]: tipo=box  massa=1.0 kg  tamanho=[0.045, 0.03, 0.02]
  Target goal     : {'type': 'goal_sequence', 'targets': [{'name': 'target', 'position': [0.15000000596046448, 0.0, 0.019999999552965164]}], 'mode': 'goal_sequence'}
  Mesa            : 1.1x0.7x0.4 m  offset_x=-0.3
  Robô config     : control=ee  block_gripper=False  base=[-0.6, 0.0, 0.05]
  Scripts         : ['script_1', 'reach_only', 'left_right']
  Juntas ângulos  : [-0.00, +0.34, +0.00, -1.98, -0.00, +2.32, +0.79]
  Juntas veloc.   : [-0.00, -0.95, +0.01, -1.57, -0.00, +0.45, -0.03]
  Cubo rotação    : [+0.000, -0.000, +0.000]  (roll/pitch/yaw)
  Cubo vel.linear : [+0.000, +0.000, -0.392]
────────────────────────────────────────────
 Ep  1 | Step   2
────────────────────────────────────────────
  Task            : OBJECT_DELIVERY_SEQUENCE
  Action          : [-0.979, -0.000, -0.203, +1.000]
  EE posição      : [-0.022, +0.000, +0.183]
  EE velocidade   : [-0.365, +0.000, -0.091]
  Garra           : 0.079 m  (ABERTA)
  Cubo posição    : [-0.250, -0.000, +0.010]
  Target (target): [+0.150, +0.000, +0.020]
  Dist EE→Cubo    : 0.2861 m
  Dist Cubo→target: 0.4001 m
  Reward          : -0.4001
  Sucesso         : False
  Obstáculo caminho: nao  (count: 0)
  Objeto [object_1]: tipo=box  massa=1.0 kg  tamanho=[0.045, 0.03, 0.02]
  Target goal     : {'type': 'goal_sequence', 'targets': [{'name': 'target', 'position': [0.15000000596046448, 0.0, 0.019999999552965164]}], 'mode': 'goal_sequence'}
  Mesa            : 1.1x0.7x0.4 m  offset_x=-0.3
  Robô config     : control=ee  block_gripper=False  base=[-0.6, 0.0, 0.05]
  Scripts         : ['script_1', 'reach_only', 'left_right']
  Juntas ângulos  : [-0.00, +0.27, +0.00, -2.11, -0.00, +2.38, +0.79]
  Juntas veloc.   : [-0.00, -0.72, +0.00, -1.32, +0.00, +0.46, -0.00]
  Cubo rotação    : [+0.000, -0.000, +0.000]  (roll/pitch/yaw)
  Cubo vel.linear : [-0.000, +0.000, +0.009]
