────────────────────────────────────────────
 Ep  1 | Step   1
────────────────────────────────────────────
  Task            : PICK_AND_PLACE
  Action          : [-0.966, +0.000, -0.259, +1.000]
  EE posição      : [+0.011, +0.000, +0.188]
  EE velocidade   : [-0.435, +0.000, -0.140]
  Garra           : 0.070 m  (ABERTA)
  Cubo posição    : [-0.250, +0.000, +0.020]
  Target (target): [+0.150, +0.000, +0.020]
  Dist EE→Cubo    : 0.3103 m
  Dist Cubo→target: 0.4000 m
  Reward          : -0.4000
  Sucesso         : False
  Obstáculo caminho: nao  (count: 0)
  Objeto [object_1]: tipo=box  massa=1.0 kg  tamanho=[0.04, 0.04, 0.04]
  Target goal     : {'type': 'goal_sequence', 'targets': [{'name': 'target', 'position': [0.15000000596046448, 0.0, 0.019999999552965164]}], 'mode': 'goal_sequence'}
  Mesa            : 1.1x0.7x0.4 m  offset_x=-0.3
  Robô config     : control=ee  block_gripper=False  base=[-0.6, 0.0, 0.05]
  Scripts         : ['script_1', 'reach_only', 'left_right']
  Juntas ângulos  : [-0.00, +0.35, +0.00, -1.98, -0.00, +2.33, +0.79]
  Juntas veloc.   : [-0.00, -0.81, +0.01, -1.59, -0.00, +0.50, -0.03]
  Cubo rotação    : [+0.000, -0.000, -0.000]  (roll/pitch/yaw)
  Cubo vel.linear : [-0.000, +0.000, -0.000]
────────────────────────────────────────────
 Ep  1 | Step   2
────────────────────────────────────────────
  Task            : PICK_AND_PLACE
  Action          : [-0.967, -0.000, -0.254, +1.000]
  EE posição      : [-0.021, +0.000, +0.178]
  EE velocidade   : [-0.354, +0.000, -0.105]
  Garra           : 0.079 m  (ABERTA)
  Cubo posição    : [-0.250, +0.000, +0.020]
  Target (target): [+0.150, +0.000, +0.020]
  Dist EE→Cubo    : 0.2785 m
  Dist Cubo→target: 0.4000 m
  Reward          : -0.4000
  Sucesso         : False
  Obstáculo caminho: nao  (count: 0)
  Objeto [object_1]: tipo=box  massa=1.0 kg  tamanho=[0.04, 0.04, 0.04]
  Target goal     : {'type': 'goal_sequence', 'targets': [{'name': 'target', 'position': [0.15000000596046448, 0.0, 0.019999999552965164]}], 'mode': 'goal_sequence'}
  Mesa            : 1.1x0.7x0.4 m  offset_x=-0.3
  Robô config     : control=ee  block_gripper=False  base=[-0.6, 0.0, 0.05]
  Scripts         : ['script_1', 'reach_only', 'left_right']
  Juntas ângulos  : [-0.00, +0.28, +0.00, -2.10, -0.00, +2.39, +0.79]
  Juntas veloc.   : [-0.00, -0.65, +0.00, -1.28, -0.00, +0.47, -0.00]
  Cubo rotação    : [+0.000, -0.000, -0.000]  (roll/pitch/yaw)
  Cubo vel.linear : [-0.000, +0.000, -0.000]
────────────────────────────────────────────
 Ep  1 | Step   3
────────────────────────────────────────────
  Task            : PICK_AND_PLACE
  Action          : [-0.969, -0.000, -0.247, +1.000]
  EE posição      : [-0.053, +0.000, +0.169]
  EE velocidade   : [-0.389, +0.000, -0.113]
  Garra           : 0.080 m  (ABERTA)
  Cubo posição    : [-0.250, +0.000, +0.020]
  Target (target): [+0.150, +0.000, +0.020]
  Dist EE→Cubo    : 0.2465 m
  Dist Cubo→target: 0.4000 m
  Reward          : -0.4000
  Sucesso         : False
  Obstáculo caminho: nao  (count: 0)
  Objeto [object_1]: tipo=box  massa=1.0 kg  tamanho=[0.04, 0.04, 0.04]
  Target goal     : {'type': 'goal_sequence', 'targets': [{'name': 'target', 'position': [0.15000000596046448, 0.0, 0.019999999552965164]}], 'mode': 'goal_sequence'}
  Mesa            : 1.1x0.7x0.4 m  offset_x=-0.3
  Robô config     : control=ee  block_gripper=False  base=[-0.6, 0.0, 0.05]
  Scripts         : ['script_1', 'reach_only', 'left_right']
  Juntas ângulos  : [-0.00, +0.22, +0.00, -2.23, -0.00, +2.45, +0.79]
  Juntas veloc.   : [-0.00, -0.68, +0.00, -1.33, -0.00, +0.49, -0.00]
  Cubo rotação    : [+0.000, -0.000, -0.000]  (roll/pitch/yaw)
  Cubo vel.linear : [-0.000, +0.000, -0.000]
────────────────────────────────────────────
 Ep  1 | Step   4
────────────────────────────────────────────
  Task            : PICK_AND_PLACE
  Action          : [-0.971, -0.000, -0.240, +1.000]
  EE posição      : [-0.087, +0.000, +0.159]
  EE velocidade   : [-0.389, +0.000, -0.106]
  Garra           : 0.080 m  (ABERTA)
  Cubo posição    : [-0.250, +0.000, +0.020]
  Target (target): [+0.150, +0.000, +0.020]
  Dist EE→Cubo    : 0.2140 m
  Dist Cubo→target: 0.4000 m
  Reward          : -0.4000
  Sucesso         : False
  Obstáculo caminho: nao  (count: 0)
  Objeto [object_1]: tipo=box  massa=1.0 kg  tamanho=[0.04, 0.04, 0.04]
  Target goal     : {'type': 'goal_sequence', 'targets': [{'name': 'target', 'position': [0.15000000596046448, 0.0, 0.019999999552965164]}], 'mode': 'goal_sequence'}
  Mesa            : 1.1x0.7x0.4 m  offset_x=-0.3
  Robô config     : control=ee  block_gripper=False  base=[-0.6, 0.0, 0.05]
  Scripts         : ['script_1', 'reach_only', 'left_right']
  Juntas ângulos  : [-0.00, +0.16, +0.00, -2.35, -0.00, +2.51, +0.79]
  Juntas veloc.   : [-0.00, -0.66, +0.00, -1.28, +0.00, +0.47, -0.00]
  Cubo rotação    : [+0.000, -0.000, -0.000]  (roll/pitch/yaw)
  Cubo vel.linear : [-0.000, +0.000, -0.000]
────────────────────────────────────────────
 Ep  1 | Step   5
────────────────────────────────────────────
  Task            : PICK_AND_PLACE
  Action          : [-0.973, -0.000, -0.231, +1.000]
  EE posição      : [-0.121, +0.000, +0.149]
  EE velocidade   : [-0.408, +0.001, -0.115]
  Garra           : 0.080 m  (ABERTA)
  Cubo posição    : [-0.250, +0.000, +0.020]
  Target (target): [+0.150, +0.000, +0.020]
  Dist EE→Cubo    : 0.1822 m
  Dist Cubo→target: 0.4000 m
  Reward          : -0.4000
  Sucesso         : False
  Obstáculo caminho: nao  (count: 0)
  Objeto [object_1]: tipo=box  massa=1.0 kg  tamanho=[0.04, 0.04, 0.04]
  Target goal     : {'type': 'goal_sequence', 'targets': [{'name': 'target', 'position': [0.15000000596046448, 0.0, 0.019999999552965164]}], 'mode': 'goal_sequence'}
  Mesa            : 1.1x0.7x0.4 m  offset_x=-0.3
  Robô config     : control=ee  block_gripper=False  base=[-0.6, 0.0, 0.05]
  Scripts         : ['script_1', 'reach_only', 'left_right']
  Juntas ângulos  : [-0.00, +0.10, +0.00, -2.47, -0.00, +2.57, +0.79]
  Juntas veloc.   : [-0.00, -0.65, +0.00, -1.28, +0.00, +0.47, -0.00]
  Cubo rotação    : [+0.000, -0.000, -0.000]  (roll/pitch/yaw)
  Cubo vel.linear : [-0.000, +0.000, -0.000]
────────────────────────────────────────────
 Ep  1 | Step   6
────────────────────────────────────────────
  Task            : PICK_AND_PLACE
  Action          : [-0.975, -0.000, -0.221, +1.000]
  EE posição      : [-0.157, +0.000, +0.139]
  EE velocidade   : [-0.435, +0.001, -0.128]
  Garra           : 0.080 m  (ABERTA)
  Cubo posição    : [-0.250, +0.000, +0.020]
  Target (target): [+0.150, +0.000, +0.020]
  Dist EE→Cubo    : 0.1515 m
  Dist Cubo→target: 0.4000 m
  Reward          : -0.4000
  Sucesso         : False
  Obstáculo caminho: nao  (count: 0)
  Objeto [object_1]: tipo=box  massa=1.0 kg  tamanho=[0.04, 0.04, 0.04]
  Target goal     : {'type': 'goal_sequence', 'targets': [{'name': 'target', 'position': [0.15000000596046448, 0.0, 0.019999999552965164]}], 'mode': 'goal_sequence'}
  Mesa            : 1.1x0.7x0.4 m  offset_x=-0.3
  Robô config     : control=ee  block_gripper=False  base=[-0.6, 0.0, 0.05]
  Scripts         : ['script_1', 'reach_only', 'left_right']
  Juntas ângulos  : [-0.00, +0.04, +0.00, -2.59, -0.00, +2.63, +0.79]
  Juntas veloc.   : [-0.00, -0.64, +0.00, -1.29, +0.00, +0.45, -0.00]
  Cubo rotação    : [+0.000, -0.000, -0.000]  (roll/pitch/yaw)
  Cubo vel.linear : [-0.000, +0.000, -0.000]
────────────────────────────────────────────
 Ep  1 | Step   7
────────────────────────────────────────────
  Task            : PICK_AND_PLACE
  Action          : [-0.979, -0.001, -0.204, +1.000]
  EE posição      : [-0.193, +0.000, +0.130]
  EE velocidade   : [-0.477, +0.001, -0.147]
  Garra           : 0.080 m  (ABERTA)
  Cubo posição    : [-0.250, +0.000, +0.020]
  Target (target): [+0.150, +0.000, +0.020]
  Dist EE→Cubo    : 0.1237 m
  Dist Cubo→target: 0.4000 m
  Reward          : -0.4000
  Sucesso         : False
  Obstáculo caminho: nao  (count: 0)
  Objeto [object_1]: tipo=box  massa=1.0 kg  tamanho=[0.04, 0.04, 0.04]
  Target goal     : {'type': 'goal_sequence', 'targets': [{'name': 'target', 'position': [0.15000000596046448, 0.0, 0.019999999552965164]}], 'mode': 'goal_sequence'}
  Mesa            : 1.1x0.7x0.4 m  offset_x=-0.3
  Robô config     : control=ee  block_gripper=False  base=[-0.6, 0.0, 0.05]
  Scripts         : ['script_1', 'reach_only', 'left_right']
  Juntas ângulos  : [-0.00, -0.02, +0.00, -2.71, +0.00, +2.69, +0.79]
  Juntas veloc.   : [-0.00, -0.64, +0.00, -1.34, +0.00, +0.44, -0.00]
  Cubo rotação    : [+0.000, -0.000, -0.000]  (roll/pitch/yaw)
  Cubo vel.linear : [-0.000, +0.000, -0.000]
────────────────────────────────────────────
 Ep  1 | Step   8
────────────────────────────────────────────
  Task            : PICK_AND_PLACE
  Action          : [-0.985, -0.001, -0.170, +1.000]
  EE posição      : [-0.230, +0.000, +0.121]
  EE velocidade   : [-0.498, +0.000, -0.144]
  Garra           : 0.080 m  (ABERTA)
  Cubo posição    : [-0.250, +0.000, +0.020]
  Target (target): [+0.150, +0.000, +0.020]
  Dist EE→Cubo    : 0.1027 m
  Dist Cubo→target: 0.4000 m
  Reward          : -0.4000
  Sucesso         : False
  Obstáculo caminho: nao  (count: 0)
  Objeto [object_1]: tipo=box  massa=1.0 kg  tamanho=[0.04, 0.04, 0.04]
  Target goal     : {'type': 'goal_sequence', 'targets': [{'name': 'target', 'position': [0.15000000596046448, 0.0, 0.019999999552965164]}], 'mode': 'goal_sequence'}
  Mesa            : 1.1x0.7x0.4 m  offset_x=-0.3
  Robô config     : control=ee  block_gripper=False  base=[-0.6, 0.0, 0.05]
  Scripts         : ['script_1', 'reach_only', 'left_right']
  Juntas ângulos  : [-0.00, -0.08, +0.00, -2.83, +0.00, +2.74, +0.79]
  Juntas veloc.   : [-0.00, -0.67, +0.00, -1.36, +0.00, +0.42, -0.00]
  Cubo rotação    : [+0.000, -0.000, -0.000]  (roll/pitch/yaw)
  Cubo vel.linear : [-0.000, +0.000, -0.000]
────────────────────────────────────────────
 Ep  1 | Step   9
────────────────────────────────────────────
  Task            : PICK_AND_PLACE
  Action          : [-0.999, -0.001, -0.039, +1.000]
  EE posição      : [-0.268, -0.000, +0.115]
  EE velocidade   : [-0.464, -0.000, -0.077]
  Garra           : 0.080 m  (ABERTA)
  Cubo posição    : [-0.250, +0.000, +0.020]
  Target (target): [+0.150, +0.000, +0.020]
  Dist EE→Cubo    : 0.0963 m
  Dist Cubo→target: 0.4000 m
  Reward          : -0.4000
  Sucesso         : False
  Obstáculo caminho: nao  (count: 0)
  Objeto [object_1]: tipo=box  massa=1.0 kg  tamanho=[0.04, 0.04, 0.04]
  Target goal     : {'type': 'goal_sequence', 'targets': [{'name': 'target', 'position': [0.15000000596046448, 0.0, 0.019999999552965164]}], 'mode': 'goal_sequence'}
  Mesa            : 1.1x0.7x0.4 m  offset_x=-0.3
  Robô config     : control=ee  block_gripper=False  base=[-0.6, 0.0, 0.05]
  Scripts         : ['script_1', 'reach_only', 'left_right']
  Juntas ângulos  : [-0.00, -0.16, +0.00, -2.94, +0.00, +2.78, +0.79]
  Juntas veloc.   : [+0.00, -0.88, -0.00, -1.33, +0.00, +0.31, -0.00]
  Cubo rotação    : [+0.000, -0.000, -0.000]  (roll/pitch/yaw)
  Cubo vel.linear : [-0.000, +0.000, -0.000]
────────────────────────────────────────────
 Ep  1 | Step  10
────────────────────────────────────────────
  Task            : PICK_AND_PLACE
  Action          : [+0.175, +0.000, -0.911, +1.000]
  EE posição      : [-0.260, -0.000, +0.098]
  EE velocidade   : [-0.294, +0.000, -0.822]
  Garra           : 0.080 m  (ABERTA)
  Cubo posição    : [-0.250, +0.000, +0.020]
  Target (target): [+0.150, +0.000, +0.020]
  Dist EE→Cubo    : 0.0787 m
  Dist Cubo→target: 0.4000 m
  Reward          : -0.4000
  Sucesso         : False
  Obstáculo caminho: nao  (count: 0)
  Objeto [object_1]: tipo=box  massa=1.0 kg  tamanho=[0.04, 0.04, 0.04]
  Target goal     : {'type': 'goal_sequence', 'targets': [{'name': 'target', 'position': [0.15000000596046448, 0.0, 0.019999999552965164]}], 'mode': 'goal_sequence'}
  Mesa            : 1.1x0.7x0.4 m  offset_x=-0.3
  Robô config     : control=ee  block_gripper=False  base=[-0.6, 0.0, 0.05]
  Scripts         : ['script_1', 'reach_only', 'left_right']
  Juntas ângulos  : [-0.00, -0.06, +0.00, -2.93, +0.00, +2.89, +0.79]
  Juntas veloc.   : [-0.00, +2.99, -0.00, +0.44, -0.00, +0.79, +0.00]
  Cubo rotação    : [+0.000, -0.000, -0.000]  (roll/pitch/yaw)
  Cubo vel.linear : [-0.000, +0.000, -0.000]
────────────────────────────────────────────
 Ep  1 | Step  11
────────────────────────────────────────────
  Task            : PICK_AND_PLACE
  Action          : [+0.081, +0.000, -0.614, +1.000]
  EE posição      : [-0.262, -0.000, +0.075]
  EE velocidade   : [+0.015, +0.000, -0.141]
  Garra           : 0.080 m  (ABERTA)
  Cubo posição    : [-0.250, +0.000, +0.020]
  Target (target): [+0.150, +0.000, +0.020]
  Dist EE→Cubo    : 0.0561 m
  Dist Cubo→target: 0.4000 m
  Reward          : -0.4000
  Sucesso         : False
  Obstáculo caminho: nao  (count: 0)
  Objeto [object_1]: tipo=box  massa=1.0 kg  tamanho=[0.04, 0.04, 0.04]
  Target goal     : {'type': 'goal_sequence', 'targets': [{'name': 'target', 'position': [0.15000000596046448, 0.0, 0.019999999552965164]}], 'mode': 'goal_sequence'}
  Mesa            : 1.1x0.7x0.4 m  offset_x=-0.3
  Robô config     : control=ee  block_gripper=False  base=[-0.6, 0.0, 0.05]
  Scripts         : ['script_1', 'reach_only', 'left_right']
  Juntas ângulos  : [-0.00, +0.03, +0.00, -2.90, +0.00, +2.93, +0.79]
  Juntas veloc.   : [-0.00, +0.64, -0.00, +0.21, -0.00, +0.30, +0.00]
  Cubo rotação    : [+0.000, -0.000, -0.000]  (roll/pitch/yaw)
  Cubo vel.linear : [+0.000, -0.000, +0.000]
────────────────────────────────────────────
 Ep  1 | Step  12
────────────────────────────────────────────
  Task            : PICK_AND_PLACE
  Action          : [+0.068, +0.000, -0.307, +1.000]
  EE posição      : [-0.260, -0.000, +0.066]
  EE velocidade   : [+0.004, +0.000, -0.081]
  Garra           : 0.080 m  (ABERTA)
  Cubo posição    : [-0.250, +0.000, +0.020]
  Target (target): [+0.150, +0.000, +0.020]
  Dist EE→Cubo    : 0.0474 m
  Dist Cubo→target: 0.4000 m
  Reward          : -0.4000
  Sucesso         : False
  Obstáculo caminho: nao  (count: 0)
  Objeto [object_1]: tipo=box  massa=1.0 kg  tamanho=[0.04, 0.04, 0.04]
  Target goal     : {'type': 'goal_sequence', 'targets': [{'name': 'target', 'position': [0.15000000596046448, 0.0, 0.019999999552965164]}], 'mode': 'goal_sequence'}
  Mesa            : 1.1x0.7x0.4 m  offset_x=-0.3
  Robô config     : control=ee  block_gripper=False  base=[-0.6, 0.0, 0.05]
  Scripts         : ['script_1', 'reach_only', 'left_right']
  Juntas ângulos  : [-0.00, +0.07, +0.00, -2.90, -0.00, +2.97, +0.79]
  Juntas veloc.   : [-0.00, +0.36, -0.00, +0.05, -0.00, +0.32, +0.00]
  Cubo rotação    : [-0.000, -0.000, -0.000]  (roll/pitch/yaw)
  Cubo vel.linear : [+0.000, +0.000, +0.000]
────────────────────────────────────────────
 Ep  1 | Step  13
────────────────────────────────────────────
  Task            : PICK_AND_PLACE
  Action          : [+0.047, +0.000, -0.220, +1.000]
  EE posição      : [-0.258, -0.000, +0.060]
  EE velocidade   : [+0.004, -0.000, -0.059]
  Garra           : 0.080 m  (ABERTA)
  Cubo posição    : [-0.250, +0.000, +0.020]
  Target (target): [+0.150, +0.000, +0.020]
  Dist EE→Cubo    : 0.0409 m
  Dist Cubo→target: 0.4000 m
  Reward          : -0.4000
  Sucesso         : False
  Obstáculo caminho: nao  (count: 0)
  Objeto [object_1]: tipo=box  massa=1.0 kg  tamanho=[0.04, 0.04, 0.04]
  Target goal     : {'type': 'goal_sequence', 'targets': [{'name': 'target', 'position': [0.15000000596046448, 0.0, 0.019999999552965164]}], 'mode': 'goal_sequence'}
  Mesa            : 1.1x0.7x0.4 m  offset_x=-0.3
  Robô config     : control=ee  block_gripper=False  base=[-0.6, 0.0, 0.05]
  Scripts         : ['script_1', 'reach_only', 'left_right']
  Juntas ângulos  : [-0.00, +0.10, +0.00, -2.89, -0.00, +2.99, +0.79]
  Juntas veloc.   : [-0.00, +0.26, -0.00, +0.07, -0.00, +0.17, +0.00]
  Cubo rotação    : [-0.000, -0.000, -0.000]  (roll/pitch/yaw)
  Cubo vel.linear : [+0.000, +0.000, +0.000]
────────────────────────────────────────────
 Ep  1 | Step  14
────────────────────────────────────────────
  Task            : PICK_AND_PLACE
  Action          : [+0.034, +0.000, -0.164, +1.000]
  EE posição      : [-0.257, -0.000, +0.055]
  EE velocidade   : [+0.004, -0.000, -0.043]
  Garra           : 0.080 m  (ABERTA)
  Cubo posição    : [-0.250, +0.000, +0.020]
  Target (target): [+0.150, +0.000, +0.020]
  Dist EE→Cubo    : 0.0359 m
  Dist Cubo→target: 0.4000 m
  Reward          : -0.4000
  Sucesso         : False
  Obstáculo caminho: nao  (count: 0)
  Objeto [object_1]: tipo=box  massa=1.0 kg  tamanho=[0.04, 0.04, 0.04]
  Target goal     : {'type': 'goal_sequence', 'targets': [{'name': 'target', 'position': [0.15000000596046448, 0.0, 0.019999999552965164]}], 'mode': 'goal_sequence'}
  Mesa            : 1.1x0.7x0.4 m  offset_x=-0.3
  Robô config     : control=ee  block_gripper=False  base=[-0.6, 0.0, 0.05]
  Scripts         : ['script_1', 'reach_only', 'left_right']
  Juntas ângulos  : [-0.00, +0.12, +0.00, -2.88, -0.00, +3.01, +0.79]
  Juntas veloc.   : [+0.00, +0.19, -0.00, +0.05, -0.00, +0.12, +0.00]
  Cubo rotação    : [-0.000, -0.000, -0.000]  (roll/pitch/yaw)
  Cubo vel.linear : [+0.000, +0.000, +0.000]
────────────────────────────────────────────
 Ep  1 | Step  15
────────────────────────────────────────────
  Task            : PICK_AND_PLACE
  Action          : [+0.026, +0.000, -0.126, +1.000]
  EE posição      : [-0.256, -0.000, +0.051]
  EE velocidade   : [+0.004, +0.000, -0.032]
  Garra           : 0.080 m  (ABERTA)
  Cubo posição    : [-0.250, +0.000, +0.020]
  Target (target): [+0.150, +0.000, +0.020]
  Dist EE→Cubo    : 0.0321 m
  Dist Cubo→target: 0.4000 m
  Reward          : -0.4000
  Sucesso         : False
  Obstáculo caminho: nao  (count: 0)
  Objeto [object_1]: tipo=box  massa=1.0 kg  tamanho=[0.04, 0.04, 0.04]
  Target goal     : {'type': 'goal_sequence', 'targets': [{'name': 'target', 'position': [0.15000000596046448, 0.0, 0.019999999552965164]}], 'mode': 'goal_sequence'}
  Mesa            : 1.1x0.7x0.4 m  offset_x=-0.3
  Robô config     : control=ee  block_gripper=False  base=[-0.6, 0.0, 0.05]
  Scripts         : ['script_1', 'reach_only', 'left_right']
  Juntas ângulos  : [-0.00, +0.14, +0.00, -2.88, -0.00, +3.02, +0.79]
  Juntas veloc.   : [+0.00, +0.14, -0.00, +0.04, -0.00, +0.09, +0.00]
  Cubo rotação    : [-0.000, -0.000, -0.000]  (roll/pitch/yaw)
  Cubo vel.linear : [+0.000, +0.000, -0.000]
────────────────────────────────────────────
 Ep  1 | Step  16
────────────────────────────────────────────
  Task            : PICK_AND_PLACE
  Action          : [+0.020, +0.000, -0.101, +1.000]
  EE posição      : [-0.256, -0.000, +0.048]
  EE velocidade   : [+0.003, +0.000, -0.025]
  Garra           : 0.080 m  (ABERTA)
  Cubo posição    : [-0.250, +0.000, +0.020]
  Target (target): [+0.150, +0.000, +0.020]
  Dist EE→Cubo    : 0.0290 m
  Dist Cubo→target: 0.4000 m
  Reward          : -0.4000
  Sucesso         : False
  Obstáculo caminho: nao  (count: 0)
  Objeto [object_1]: tipo=box  massa=1.0 kg  tamanho=[0.04, 0.04, 0.04]
  Target goal     : {'type': 'goal_sequence', 'targets': [{'name': 'target', 'position': [0.15000000596046448, 0.0, 0.019999999552965164]}], 'mode': 'goal_sequence'}
  Mesa            : 1.1x0.7x0.4 m  offset_x=-0.3
  Robô config     : control=ee  block_gripper=False  base=[-0.6, 0.0, 0.05]
  Scripts         : ['script_1', 'reach_only', 'left_right']
  Juntas ângulos  : [-0.00, +0.16, +0.00, -2.87, -0.00, +3.03, +0.79]
  Juntas veloc.   : [+0.00, +0.11, -0.00, +0.03, -0.00, +0.07, +0.00]
  Cubo rotação    : [-0.000, -0.000, -0.000]  (roll/pitch/yaw)
  Cubo vel.linear : [+0.000, +0.000, -0.000]
────────────────────────────────────────────
 Ep  1 | Step  17
────────────────────────────────────────────
  Task            : PICK_AND_PLACE
  Action          : [+0.016, +0.000, -0.082, +1.000]
  EE posição      : [-0.255, -0.000, +0.046]
  EE velocidade   : [+0.003, +0.000, -0.020]
  Garra           : 0.080 m  (ABERTA)
  Cubo posição    : [-0.250, +0.000, +0.020]
  Target (target): [+0.150, +0.000, +0.020]
  Dist EE→Cubo    : 0.0264 m
  Dist Cubo→target: 0.4000 m
  Reward          : -0.4000
  Sucesso         : False
  Obstáculo caminho: nao  (count: 0)
  Objeto [object_1]: tipo=box  massa=1.0 kg  tamanho=[0.04, 0.04, 0.04]
  Target goal     : {'type': 'goal_sequence', 'targets': [{'name': 'target', 'position': [0.15000000596046448, 0.0, 0.019999999552965164]}], 'mode': 'goal_sequence'}
  Mesa            : 1.1x0.7x0.4 m  offset_x=-0.3
  Robô config     : control=ee  block_gripper=False  base=[-0.6, 0.0, 0.05]
  Scripts         : ['script_1', 'reach_only', 'left_right']
  Juntas ângulos  : [-0.00, +0.17, +0.00, -2.87, -0.00, +3.03, +0.79]
  Juntas veloc.   : [+0.00, +0.09, -0.00, +0.03, -0.00, +0.06, +0.00]
  Cubo rotação    : [-0.000, -0.000, -0.000]  (roll/pitch/yaw)
  Cubo vel.linear : [+0.000, +0.000, -0.000]
────────────────────────────────────────────
 Ep  1 | Step  18
────────────────────────────────────────────
  Task            : PICK_AND_PLACE
  Action          : [+0.013, +0.000, -0.068, +1.000]
  EE posição      : [-0.255, -0.000, +0.044]
  EE velocidade   : [+0.003, +0.000, -0.017]
  Garra           : 0.080 m  (ABERTA)
  Cubo posição    : [-0.250, +0.000, +0.020]
  Target (target): [+0.150, +0.000, +0.020]
  Dist EE→Cubo    : 0.0243 m
  Dist Cubo→target: 0.4000 m
  Reward          : -0.4000
  Sucesso         : False
  Obstáculo caminho: nao  (count: 0)
  Objeto [object_1]: tipo=box  massa=1.0 kg  tamanho=[0.04, 0.04, 0.04]
  Target goal     : {'type': 'goal_sequence', 'targets': [{'name': 'target', 'position': [0.15000000596046448, 0.0, 0.019999999552965164]}], 'mode': 'goal_sequence'}
  Mesa            : 1.1x0.7x0.4 m  offset_x=-0.3
  Robô config     : control=ee  block_gripper=False  base=[-0.6, 0.0, 0.05]
  Scripts         : ['script_1', 'reach_only', 'left_right']
  Juntas ângulos  : [-0.00, +0.18, +0.00, -2.86, -0.00, +3.04, +0.79]
  Juntas veloc.   : [+0.00, +0.08, -0.00, +0.02, -0.00, +0.05, +0.00]
  Cubo rotação    : [-0.000, -0.000, -0.000]  (roll/pitch/yaw)
  Cubo vel.linear : [+0.000, +0.000, -0.000]
────────────────────────────────────────────
 Ep  1 | Step  19
────────────────────────────────────────────
  Task            : PICK_AND_PLACE
  Action          : [+0.011, +0.000, -0.059, +1.000]
  EE posição      : [-0.254, -0.000, +0.042]
  EE velocidade   : [+0.002, +0.000, -0.014]
  Garra           : 0.080 m  (ABERTA)
  Cubo posição    : [-0.250, +0.000, +0.020]
  Target (target): [+0.150, +0.000, +0.020]
  Dist EE→Cubo    : 0.0224 m
  Dist Cubo→target: 0.4000 m
  Reward          : -0.4000
  Sucesso         : False
  Obstáculo caminho: nao  (count: 0)
  Objeto [object_1]: tipo=box  massa=1.0 kg  tamanho=[0.04, 0.04, 0.04]
  Target goal     : {'type': 'goal_sequence', 'targets': [{'name': 'target', 'position': [0.15000000596046448, 0.0, 0.019999999552965164]}], 'mode': 'goal_sequence'}
  Mesa            : 1.1x0.7x0.4 m  offset_x=-0.3
  Robô config     : control=ee  block_gripper=False  base=[-0.6, 0.0, 0.05]
  Scripts         : ['script_1', 'reach_only', 'left_right']
  Juntas ângulos  : [-0.00, +0.18, +0.00, -2.86, -0.00, +3.05, +0.79]
  Juntas veloc.   : [+0.00, +0.06, -0.00, +0.02, -0.00, +0.04, +0.00]
  Cubo rotação    : [-0.000, -0.000, -0.000]  (roll/pitch/yaw)
  Cubo vel.linear : [+0.000, +0.000, -0.000]
────────────────────────────────────────────
 Ep  1 | Step  20
────────────────────────────────────────────
  Task            : PICK_AND_PLACE
  Action          : [+0.011, +0.000, -0.059, +1.000]
  EE posição      : [-0.254, -0.000, +0.040]
  EE velocidade   : [+0.002, +0.000, -0.014]
  Garra           : 0.080 m  (ABERTA)
  Cubo posição    : [-0.250, +0.000, +0.020]
  Target (target): [+0.150, +0.000, +0.020]
  Dist EE→Cubo    : 0.0206 m
  Dist Cubo→target: 0.4000 m
  Reward          : -0.4000
  Sucesso         : False
  Obstáculo caminho: nao  (count: 0)
  Objeto [object_1]: tipo=box  massa=1.0 kg  tamanho=[0.04, 0.04, 0.04]
  Target goal     : {'type': 'goal_sequence', 'targets': [{'name': 'target', 'position': [0.15000000596046448, 0.0, 0.019999999552965164]}], 'mode': 'goal_sequence'}
  Mesa            : 1.1x0.7x0.4 m  offset_x=-0.3
  Robô config     : control=ee  block_gripper=False  base=[-0.6, 0.0, 0.05]
  Scripts         : ['script_1', 'reach_only', 'left_right']
  Juntas ângulos  : [-0.00, +0.19, +0.00, -2.86, -0.00, +3.05, +0.79]
  Juntas veloc.   : [+0.00, +0.07, -0.00, +0.02, -0.00, +0.04, +0.00]
  Cubo rotação    : [-0.000, -0.000, -0.000]  (roll/pitch/yaw)
  Cubo vel.linear : [+0.000, +0.000, -0.000]
────────────────────────────────────────────
 Ep  1 | Step  21
────────────────────────────────────────────
  Task            : PICK_AND_PLACE
  Action          : [+0.011, +0.000, -0.059, +1.000]
  EE posição      : [-0.253, -0.000, +0.038]
  EE velocidade   : [+0.002, +0.000, -0.015]
  Garra           : 0.080 m  (ABERTA)
  Cubo posição    : [-0.250, +0.000, +0.020]
  Target (target): [+0.150, +0.000, +0.020]
  Dist EE→Cubo    : 0.0187 m
  Dist Cubo→target: 0.4000 m
  Reward          : -0.4000
  Sucesso         : False
  Obstáculo caminho: nao  (count: 0)
  Objeto [object_1]: tipo=box  massa=1.0 kg  tamanho=[0.04, 0.04, 0.04]
  Target goal     : {'type': 'goal_sequence', 'targets': [{'name': 'target', 'position': [0.15000000596046448, 0.0, 0.019999999552965164]}], 'mode': 'goal_sequence'}
  Mesa            : 1.1x0.7x0.4 m  offset_x=-0.3
  Robô config     : control=ee  block_gripper=False  base=[-0.6, 0.0, 0.05]
  Scripts         : ['script_1', 'reach_only', 'left_right']
  Juntas ângulos  : [-0.00, +0.20, +0.00, -2.86, -0.00, +3.06, +0.79]
  Juntas veloc.   : [+0.00, +0.07, -0.00, +0.02, -0.00, +0.04, +0.00]
  Cubo rotação    : [-0.000, -0.000, -0.000]  (roll/pitch/yaw)
  Cubo vel.linear : [-0.000, +0.000, +0.000]
────────────────────────────────────────────
 Ep  1 | Step  22
────────────────────────────────────────────
  Task            : PICK_AND_PLACE
  Action          : [+0.011, +0.000, -0.059, +1.000]
  EE posição      : [-0.253, -0.000, +0.037]
  EE velocidade   : [+0.002, +0.000, -0.015]
  Garra           : 0.080 m  (ABERTA)
  Cubo posição    : [-0.250, +0.000, +0.020]
  Target (target): [+0.150, +0.000, +0.020]
  Dist EE→Cubo    : 0.0169 m
  Dist Cubo→target: 0.4000 m
  Reward          : -0.4000
  Sucesso         : False
  Obstáculo caminho: nao  (count: 0)
  Objeto [object_1]: tipo=box  massa=1.0 kg  tamanho=[0.04, 0.04, 0.04]
  Target goal     : {'type': 'goal_sequence', 'targets': [{'name': 'target', 'position': [0.15000000596046448, 0.0, 0.019999999552965164]}], 'mode': 'goal_sequence'}
  Mesa            : 1.1x0.7x0.4 m  offset_x=-0.3
  Robô config     : control=ee  block_gripper=False  base=[-0.6, 0.0, 0.05]
  Scripts         : ['script_1', 'reach_only', 'left_right']
  Juntas ângulos  : [-0.00, +0.21, +0.00, -2.85, -0.00, +3.06, +0.79]
  Juntas veloc.   : [+0.00, +0.07, -0.00, +0.02, -0.00, +0.04, +0.00]
  Cubo rotação    : [-0.000, -0.000, -0.000]  (roll/pitch/yaw)
  Cubo vel.linear : [-0.000, +0.000, -0.000]
────────────────────────────────────────────
 Ep  1 | Step  23
────────────────────────────────────────────
  Task            : PICK_AND_PLACE
  Action          : [+0.011, +0.000, -0.059, +1.000]
  EE posição      : [-0.253, -0.000, +0.035]
  EE velocidade   : [+0.002, +0.000, -0.015]
  Garra           : 0.080 m  (ABERTA)
  Cubo posição    : [-0.250, +0.000, +0.020]
  Target (target): [+0.150, +0.000, +0.020]
  Dist EE→Cubo    : 0.0150 m
  Dist Cubo→target: 0.4000 m
  Reward          : -0.4000
  Sucesso         : False
  Obstáculo caminho: nao  (count: 0)
  Objeto [object_1]: tipo=box  massa=1.0 kg  tamanho=[0.04, 0.04, 0.04]
  Target goal     : {'type': 'goal_sequence', 'targets': [{'name': 'target', 'position': [0.15000000596046448, 0.0, 0.019999999552965164]}], 'mode': 'goal_sequence'}
  Mesa            : 1.1x0.7x0.4 m  offset_x=-0.3
  Robô config     : control=ee  block_gripper=False  base=[-0.6, 0.0, 0.05]
  Scripts         : ['script_1', 'reach_only', 'left_right']
  Juntas ângulos  : [-0.00, +0.22, +0.00, -2.85, -0.00, +3.07, +0.79]
  Juntas veloc.   : [+0.00, +0.07, -0.00, +0.02, -0.00, +0.04, +0.00]
  Cubo rotação    : [-0.000, -0.000, -0.000]  (roll/pitch/yaw)
  Cubo vel.linear : [-0.000, +0.000, -0.000]
────────────────────────────────────────────
 Ep  1 | Step  24
────────────────────────────────────────────
  Task            : PICK_AND_PLACE
  Action          : [+0.011, +0.000, -0.059, +1.000]
  EE posição      : [-0.252, -0.000, +0.033]
  EE velocidade   : [+0.002, +0.000, -0.015]
  Garra           : 0.080 m  (ABERTA)
  Cubo posição    : [-0.250, +0.000, +0.020]
  Target (target): [+0.150, +0.000, +0.020]
  Dist EE→Cubo    : 0.0131 m
  Dist Cubo→target: 0.4000 m
  Reward          : -0.4000
  Sucesso         : False
  Obstáculo caminho: nao  (count: 0)
  Objeto [object_1]: tipo=box  massa=1.0 kg  tamanho=[0.04, 0.04, 0.04]
  Target goal     : {'type': 'goal_sequence', 'targets': [{'name': 'target', 'position': [0.15000000596046448, 0.0, 0.019999999552965164]}], 'mode': 'goal_sequence'}
  Mesa            : 1.1x0.7x0.4 m  offset_x=-0.3
  Robô config     : control=ee  block_gripper=False  base=[-0.6, 0.0, 0.05]
  Scripts         : ['script_1', 'reach_only', 'left_right']
  Juntas ângulos  : [-0.00, +0.23, +0.00, -2.85, -0.00, +3.07, +0.79]
  Juntas veloc.   : [+0.00, +0.07, -0.00, +0.02, -0.00, +0.04, +0.00]
  Cubo rotação    : [-0.000, -0.000, -0.000]  (roll/pitch/yaw)
  Cubo vel.linear : [-0.000, +0.000, -0.000]
────────────────────────────────────────────
 Ep  1 | Step  25
────────────────────────────────────────────
  Task            : PICK_AND_PLACE
  Action          : [+0.011, +0.000, -0.059, +1.000]
  EE posição      : [-0.252, -0.000, +0.031]
  EE velocidade   : [+0.002, +0.000, -0.015]
  Garra           : 0.080 m  (ABERTA)
  Cubo posição    : [-0.250, +0.000, +0.020]
  Target (target): [+0.150, +0.000, +0.020]
  Dist EE→Cubo    : 0.0113 m
  Dist Cubo→target: 0.4000 m
  Reward          : -0.4000
  Sucesso         : False
  Obstáculo caminho: nao  (count: 0)
  Objeto [object_1]: tipo=box  massa=1.0 kg  tamanho=[0.04, 0.04, 0.04]
  Target goal     : {'type': 'goal_sequence', 'targets': [{'name': 'target', 'position': [0.15000000596046448, 0.0, 0.019999999552965164]}], 'mode': 'goal_sequence'}
  Mesa            : 1.1x0.7x0.4 m  offset_x=-0.3
  Robô config     : control=ee  block_gripper=False  base=[-0.6, 0.0, 0.05]
  Scripts         : ['script_1', 'reach_only', 'left_right']
  Juntas ângulos  : [-0.00, +0.23, +0.00, -2.84, -0.00, +3.08, +0.79]
  Juntas veloc.   : [+0.00, +0.07, -0.00, +0.02, -0.00, +0.04, +0.00]
  Cubo rotação    : [-0.000, -0.000, -0.000]  (roll/pitch/yaw)
  Cubo vel.linear : [-0.000, +0.000, -0.000]
────────────────────────────────────────────
 Ep  1 | Step  26
────────────────────────────────────────────
  Task            : PICK_AND_PLACE
  Action          : [+0.010, +0.000, -0.059, +1.000]
  EE posição      : [-0.252, -0.000, +0.029]
  EE velocidade   : [+0.002, +0.000, -0.015]
  Garra           : 0.080 m  (ABERTA)
  Cubo posição    : [-0.250, +0.000, +0.020]
  Target (target): [+0.150, +0.000, +0.020]
  Dist EE→Cubo    : 0.0094 m
  Dist Cubo→target: 0.4000 m
  Reward          : -0.4000
  Sucesso         : False
  Obstáculo caminho: nao  (count: 0)
  Objeto [object_1]: tipo=box  massa=1.0 kg  tamanho=[0.04, 0.04, 0.04]
  Target goal     : {'type': 'goal_sequence', 'targets': [{'name': 'target', 'position': [0.15000000596046448, 0.0, 0.019999999552965164]}], 'mode': 'goal_sequence'}
  Mesa            : 1.1x0.7x0.4 m  offset_x=-0.3
  Robô config     : control=ee  block_gripper=False  base=[-0.6, 0.0, 0.05]
  Scripts         : ['script_1', 'reach_only', 'left_right']
  Juntas ângulos  : [-0.00, +0.24, +0.00, -2.84, -0.00, +3.08, +0.79]
  Juntas veloc.   : [+0.00, +0.07, -0.00, +0.02, -0.00, +0.04, +0.00]
  Cubo rotação    : [-0.000, -0.000, -0.000]  (roll/pitch/yaw)
  Cubo vel.linear : [-0.000, +0.000, -0.000]
────────────────────────────────────────────
 Ep  1 | Step  27
────────────────────────────────────────────
  Task            : PICK_AND_PLACE
  Action          : [+0.010, +0.000, -0.059, +1.000]
  EE posição      : [-0.251, -0.000, +0.027]
  EE velocidade   : [+0.002, +0.000, -0.015]
  Garra           : 0.080 m  (ABERTA)
  Cubo posição    : [-0.250, +0.000, +0.020]
  Target (target): [+0.150, +0.000, +0.020]
  Dist EE→Cubo    : 0.0075 m
  Dist Cubo→target: 0.4000 m
  Reward          : -0.4000
  Sucesso         : False
  Obstáculo caminho: nao  (count: 0)
  Objeto [object_1]: tipo=box  massa=1.0 kg  tamanho=[0.04, 0.04, 0.04]
  Target goal     : {'type': 'goal_sequence', 'targets': [{'name': 'target', 'position': [0.15000000596046448, 0.0, 0.019999999552965164]}], 'mode': 'goal_sequence'}
  Mesa            : 1.1x0.7x0.4 m  offset_x=-0.3
  Robô config     : control=ee  block_gripper=False  base=[-0.6, 0.0, 0.05]
  Scripts         : ['script_1', 'reach_only', 'left_right']
  Juntas ângulos  : [-0.00, +0.25, +0.00, -2.84, -0.00, +3.09, +0.79]
  Juntas veloc.   : [+0.00, +0.07, -0.00, +0.02, -0.00, +0.04, +0.00]
  Cubo rotação    : [-0.000, -0.000, -0.000]  (roll/pitch/yaw)
  Cubo vel.linear : [-0.000, +0.000, -0.000]
────────────────────────────────────────────
 Ep  1 | Step  28
────────────────────────────────────────────
  Task            : PICK_AND_PLACE
  Action          : [+0.010, +0.000, -0.059, +1.000]
  EE posição      : [-0.251, -0.000, +0.026]
  EE velocidade   : [+0.002, +0.000, -0.015]
  Garra           : 0.080 m  (ABERTA)
  Cubo posição    : [-0.250, +0.000, +0.020]
  Target (target): [+0.150, +0.000, +0.020]
  Dist EE→Cubo    : 0.0056 m
  Dist Cubo→target: 0.4000 m
  Reward          : -0.4000
  Sucesso         : False
  Obstáculo caminho: nao  (count: 0)
  Objeto [object_1]: tipo=box  massa=1.0 kg  tamanho=[0.04, 0.04, 0.04]
  Target goal     : {'type': 'goal_sequence', 'targets': [{'name': 'target', 'position': [0.15000000596046448, 0.0, 0.019999999552965164]}], 'mode': 'goal_sequence'}
  Mesa            : 1.1x0.7x0.4 m  offset_x=-0.3
  Robô config     : control=ee  block_gripper=False  base=[-0.6, 0.0, 0.05]
  Scripts         : ['script_1', 'reach_only', 'left_right']
  Juntas ângulos  : [-0.00, +0.26, +0.00, -2.84, -0.00, +3.09, +0.79]
  Juntas veloc.   : [+0.00, +0.07, -0.00, +0.02, -0.00, +0.04, +0.00]
  Cubo rotação    : [-0.000, -0.000, -0.000]  (roll/pitch/yaw)
  Cubo vel.linear : [-0.000, +0.000, -0.000]
────────────────────────────────────────────
 Ep  1 | Step  29
────────────────────────────────────────────
  Task            : PICK_AND_PLACE
  Action          : [+0.009, +0.000, -0.059, +1.000]
  EE posição      : [-0.251, -0.000, +0.024]
  EE velocidade   : [+0.002, +0.000, -0.015]
  Garra           : 0.080 m  (ABERTA)
  Cubo posição    : [-0.250, +0.000, +0.020]
  Target (target): [+0.150, +0.000, +0.020]
  Dist EE→Cubo    : 0.0037 m
  Dist Cubo→target: 0.4000 m
  Reward          : -0.4000
  Sucesso         : False
  Obstáculo caminho: nao  (count: 0)
  Objeto [object_1]: tipo=box  massa=1.0 kg  tamanho=[0.04, 0.04, 0.04]
  Target goal     : {'type': 'goal_sequence', 'targets': [{'name': 'target', 'position': [0.15000000596046448, 0.0, 0.019999999552965164]}], 'mode': 'goal_sequence'}
  Mesa            : 1.1x0.7x0.4 m  offset_x=-0.3
  Robô config     : control=ee  block_gripper=False  base=[-0.6, 0.0, 0.05]
  Scripts         : ['script_1', 'reach_only', 'left_right']
  Juntas ângulos  : [-0.00, +0.27, +0.00, -2.83, -0.00, +3.10, +0.79]
  Juntas veloc.   : [+0.00, +0.07, -0.00, +0.02, -0.00, +0.04, +0.00]
  Cubo rotação    : [-0.000, -0.000, -0.000]  (roll/pitch/yaw)
  Cubo vel.linear : [-0.000, +0.000, -0.000]
────────────────────────────────────────────
 Ep  1 | Step  30
────────────────────────────────────────────
  Task            : PICK_AND_PLACE
  Action          : [+0.009, +0.000, -0.059, -1.000]
  EE posição      : [-0.250, -0.000, +0.022]
  EE velocidade   : [+0.002, +0.001, -0.015]
  Garra           : 0.031 m  (AGARRADA)
  Cubo posição    : [-0.250, -0.000, +0.020]
  Target (target): [+0.150, +0.000, +0.020]
  Dist EE→Cubo    : 0.0019 m
  Dist Cubo→target: 0.4000 m
  Reward          : -0.4000
  Sucesso         : False
  Obstáculo caminho: nao  (count: 0)
  Objeto [object_1]: tipo=box  massa=1.0 kg  tamanho=[0.04, 0.04, 0.04]
  Target goal     : {'type': 'goal_sequence', 'targets': [{'name': 'target', 'position': [0.15000000596046448, 0.0, 0.019999999552965164]}], 'mode': 'goal_sequence'}
  Mesa            : 1.1x0.7x0.4 m  offset_x=-0.3
  Robô config     : control=ee  block_gripper=False  base=[-0.6, 0.0, 0.05]
  Scripts         : ['script_1', 'reach_only', 'left_right']
  Juntas ângulos  : [-0.00, +0.28, +0.00, -2.83, -0.00, +3.11, +0.79]
  Juntas veloc.   : [+0.00, +0.07, +0.00, +0.02, +0.00, +0.04, +0.00]
  Cubo rotação    : [-0.001, -0.001, +0.052]  (roll/pitch/yaw)
  Cubo vel.linear : [-0.005, -0.006, -0.009]
────────────────────────────────────────────
 Ep  1 | Step  31
────────────────────────────────────────────
  Task            : PICK_AND_PLACE
  Action          : [-0.003, -0.000, +1.000, -1.000]
  EE posição      : [-0.264, +0.000, +0.034]
  EE velocidade   : [+0.475, +0.001, +0.813]
  Garra           : 0.025 m  (AGARRADA)
  Cubo posição    : [-0.261, -0.001, +0.028]
  Target (target): [+0.150, +0.000, +0.020]
  Dist EE→Cubo    : 0.0069 m
  Dist Cubo→target: 0.4109 m
  Reward          : -0.4109
  Sucesso         : False
  Obstáculo caminho: nao  (count: 0)
  Objeto [object_1]: tipo=box  massa=1.0 kg  tamanho=[0.04, 0.04, 0.04]
  Target goal     : {'type': 'goal_sequence', 'targets': [{'name': 'target', 'position': [0.15000000596046448, 0.0, 0.019999999552965164]}], 'mode': 'goal_sequence'}
  Mesa            : 1.1x0.7x0.4 m  offset_x=-0.3
  Robô config     : control=ee  block_gripper=False  base=[-0.6, 0.0, 0.05]
  Scripts         : ['script_1', 'reach_only', 'left_right']
  Juntas ângulos  : [-0.00, +0.20, +0.00, -2.85, -0.00, +3.00, +0.79]
  Juntas veloc.   : [-0.00, -2.77, +0.00, -0.30, +0.00, -0.80, -0.00]
  Cubo rotação    : [+0.020, +0.022, -0.040]  (roll/pitch/yaw)
  Cubo vel.linear : [-0.001, -0.037, +0.446]
────────────────────────────────────────────
 Ep  1 | Step  32
────────────────────────────────────────────
  Task            : PICK_AND_PLACE
  Action          : [+0.146, -0.000, +0.989, -1.000]
  EE posição      : [-0.255, +0.000, +0.067]
  EE velocidade   : [+0.134, -0.000, +0.368]
  Garra           : 0.029 m  (AGARRADA)
  Cubo posição    : [-0.255, -0.002, +0.055]
  Target (target): [+0.150, +0.000, +0.020]
  Dist EE→Cubo    : 0.0124 m
  Dist Cubo→target: 0.4061 m
  Reward          : -0.4061
  Sucesso         : False
  Obstáculo caminho: nao  (count: 0)
  Objeto [object_1]: tipo=box  massa=1.0 kg  tamanho=[0.04, 0.04, 0.04]
  Target goal     : {'type': 'goal_sequence', 'targets': [{'name': 'target', 'position': [0.15000000596046448, 0.0, 0.019999999552965164]}], 'mode': 'goal_sequence'}
  Mesa            : 1.1x0.7x0.4 m  offset_x=-0.3
  Robô config     : control=ee  block_gripper=False  base=[-0.6, 0.0, 0.05]
  Scripts         : ['script_1', 'reach_only', 'left_right']
  Juntas ângulos  : [-0.00, +0.07, +0.00, -2.88, -0.00, +2.95, +0.79]
  Juntas veloc.   : [-0.00, -1.33, +0.00, -0.23, +0.00, -0.41, -0.00]
  Cubo rotação    : [-0.005, -0.023, -0.004]  (roll/pitch/yaw)
  Cubo vel.linear : [+0.164, -0.025, +0.426]
────────────────────────────────────────────
 Ep  1 | Step  33
────────────────────────────────────────────
  Task            : PICK_AND_PLACE
  Action          : [+0.076, -0.001, +0.997, -1.000]
  EE posição      : [-0.252, +0.000, +0.093]
  EE velocidade   : [+0.254, -0.000, +0.557]
  Garra           : 0.029 m  (AGARRADA)
  Cubo posição    : [-0.252, -0.002, +0.075]
  Target (target): [+0.150, +0.000, +0.020]
  Dist EE→Cubo    : 0.0175 m
  Dist Cubo→target: 0.4057 m
  Reward          : -0.4057
  Sucesso         : False
  Obstáculo caminho: nao  (count: 0)
  Objeto [object_1]: tipo=box  massa=1.0 kg  tamanho=[0.04, 0.04, 0.04]
  Target goal     : {'type': 'goal_sequence', 'targets': [{'name': 'target', 'position': [0.15000000596046448, 0.0, 0.019999999552965164]}], 'mode': 'goal_sequence'}
  Mesa            : 1.1x0.7x0.4 m  offset_x=-0.3
  Robô config     : control=ee  block_gripper=False  base=[-0.6, 0.0, 0.05]
  Scripts         : ['script_1', 'reach_only', 'left_right']
  Juntas ângulos  : [-0.00, -0.03, +0.00, -2.88, -0.00, +2.84, +0.79]
  Juntas veloc.   : [+0.00, -1.81, -0.00, +0.01, +0.00, -0.86, -0.00]
  Cubo rotação    : [+0.005, -0.044, -0.022]  (roll/pitch/yaw)
  Cubo vel.linear : [+0.330, -0.037, +0.605]
────────────────────────────────────────────
 Ep  1 | Step  34
────────────────────────────────────────────
  Task            : PICK_AND_PLACE
  Action          : [+0.058, -0.001, +0.998, -1.000]
  EE posição      : [-0.247, -0.000, +0.123]
  EE velocidade   : [+0.183, -0.001, +0.501]
  Garra           : 0.008 m  (FECHADA)
  Cubo posição    : [-0.247, -0.010, +0.095]
  Target (target): [+0.150, +0.000, +0.020]
  Dist EE→Cubo    : 0.0299 m
  Dist Cubo→target: 0.4046 m
  Reward          : -0.4046
  Sucesso         : False
  Obstáculo caminho: nao  (count: 0)
  Objeto [object_1]: tipo=box  massa=1.0 kg  tamanho=[0.04, 0.04, 0.04]
  Target goal     : {'type': 'goal_sequence', 'targets': [{'name': 'target', 'position': [0.15000000596046448, 0.0, 0.019999999552965164]}], 'mode': 'goal_sequence'}
  Mesa            : 1.1x0.7x0.4 m  offset_x=-0.3
  Robô config     : control=ee  block_gripper=False  base=[-0.6, 0.0, 0.05]
  Scripts         : ['script_1', 'reach_only', 'left_right']
  Juntas ângulos  : [-0.00, -0.14, +0.00, -2.87, +0.00, +2.73, +0.79]
  Juntas veloc.   : [-0.00, -1.58, -0.00, +0.05, +0.00, -0.81, -0.00]
  Cubo rotação    : [+0.451, -0.144, +0.456]  (roll/pitch/yaw)
  Cubo vel.linear : [+0.157, -0.199, +0.009]
────────────────────────────────────────────
 Ep  1 | Step  35
────────────────────────────────────────────
  Task            : PICK_AND_PLACE
  Action          : [-0.998, +0.000, +0.066, -1.000]
  EE posição      : [-0.272, -0.000, +0.130]
  EE velocidade   : [-0.908, +0.000, -0.449]
  Garra           : 0.001 m  (FECHADA)
  Cubo posição    : [-0.241, -0.018, +0.087]
  Target (target): [+0.150, +0.000, +0.020]
  Dist EE→Cubo    : 0.0556 m
  Dist Cubo→target: 0.3971 m
  Reward          : -0.3971
  Sucesso         : False
  Obstáculo caminho: nao  (count: 0)
  Objeto [object_1]: tipo=box  massa=1.0 kg  tamanho=[0.04, 0.04, 0.04]
  Target goal     : {'type': 'goal_sequence', 'targets': [{'name': 'target', 'position': [0.15000000596046448, 0.0, 0.019999999552965164]}], 'mode': 'goal_sequence'}
  Mesa            : 1.1x0.7x0.4 m  offset_x=-0.3
  Robô config     : control=ee  block_gripper=False  base=[-0.6, 0.0, 0.05]
  Scripts         : ['script_1', 'reach_only', 'left_right']
  Juntas ângulos  : [-0.00, -0.23, +0.00, -2.97, +0.00, +2.76, +0.79]
  Juntas veloc.   : [+0.00, -0.54, +0.00, -2.02, +0.00, +0.26, -0.00]
  Cubo rotação    : [+0.739, -0.368, +1.015]  (roll/pitch/yaw)
  Cubo vel.linear : [+0.161, -0.205, -0.386]
────────────────────────────────────────────
 Ep  1 | Step  36
────────────────────────────────────────────
  Task            : PICK_AND_PLACE
  Action          : [+1.000, +0.000, -0.023, -1.000]
  EE posição      : [-0.281, -0.000, +0.108]
  EE velocidade   : [+0.878, +0.000, -0.144]
  Garra           : 0.000 m  (FECHADA)
  Cubo posição    : [-0.235, -0.026, +0.063]
  Target (target): [+0.150, +0.000, +0.020]
  Dist EE→Cubo    : 0.0694 m
  Dist Cubo→target: 0.3879 m
  Reward          : -0.3879
  Sucesso         : False
  Obstáculo caminho: nao  (count: 0)
  Objeto [object_1]: tipo=box  massa=1.0 kg  tamanho=[0.04, 0.04, 0.04]
  Target goal     : {'type': 'goal_sequence', 'targets': [{'name': 'target', 'position': [0.15000000596046448, 0.0, 0.019999999552965164]}], 'mode': 'goal_sequence'}
  Mesa            : 1.1x0.7x0.4 m  offset_x=-0.3
  Robô config     : control=ee  block_gripper=False  base=[-0.6, 0.0, 0.05]
  Scripts         : ['script_1', 'reach_only', 'left_right']
  Juntas ângulos  : [-0.00, -0.14, +0.00, -2.92, +0.00, +2.71, +0.79]
  Juntas veloc.   : [-0.00, +2.98, +0.00, +2.99, +0.00, -0.43, +0.00]
  Cubo rotação    : [+0.874, -0.695, +1.560]  (roll/pitch/yaw)
  Cubo vel.linear : [+0.161, -0.205, -0.777]
────────────────────────────────────────────
 Ep  1 | Step  37
────────────────────────────────────────────
  Task            : PICK_AND_PLACE
  Action          : [+1.000, +0.000, +0.029, -1.000]
  EE posição      : [-0.242, -0.000, +0.113]
  EE velocidade   : [+0.341, +0.000, +0.094]
  Garra           : 0.000 m  (FECHADA)
  Cubo posição    : [-0.227, -0.036, +0.030]
  Target (target): [+0.150, +0.000, +0.020]
  Dist EE→Cubo    : 0.0919 m
  Dist Cubo→target: 0.3792 m
  Reward          : -0.3792
  Sucesso         : False
  Obstáculo caminho: nao  (count: 0)
  Objeto [object_1]: tipo=box  massa=1.0 kg  tamanho=[0.04, 0.04, 0.04]
  Target goal     : {'type': 'goal_sequence', 'targets': [{'name': 'target', 'position': [0.15000000596046448, 0.0, 0.019999999552965164]}], 'mode': 'goal_sequence'}
  Mesa            : 1.1x0.7x0.4 m  offset_x=-0.3
  Robô config     : control=ee  block_gripper=False  base=[-0.6, 0.0, 0.05]
  Scripts         : ['script_1', 'reach_only', 'left_right']
  Juntas ângulos  : [-0.00, -0.08, +0.00, -2.85, +0.00, +2.76, +0.79]
  Juntas veloc.   : [-0.00, +0.35, +0.00, +0.62, -0.00, +0.39, +0.00]
  Cubo rotação    : [+0.760, -1.078, +2.178]  (roll/pitch/yaw)
  Cubo vel.linear : [+0.295, -0.462, -0.194]
────────────────────────────────────────────
 Ep  1 | Step  38
────────────────────────────────────────────
  Task            : PICK_AND_PLACE
  Action          : [+1.000, +0.000, +0.017, -1.000]
  EE posição      : [-0.209, -0.000, +0.113]
  EE velocidade   : [+0.617, -0.001, +0.189]
  Garra           : 0.000 m  (FECHADA)
  Cubo posição    : [-0.215, -0.052, +0.020]
  Target (target): [+0.150, +0.000, +0.020]
  Dist EE→Cubo    : 0.1072 m
  Dist Cubo→target: 0.3692 m
  Reward          : -0.3692
  Sucesso         : False
  Obstáculo caminho: nao  (count: 0)
  Objeto [object_1]: tipo=box  massa=1.0 kg  tamanho=[0.04, 0.04, 0.04]
  Target goal     : {'type': 'goal_sequence', 'targets': [{'name': 'target', 'position': [0.15000000596046448, 0.0, 0.019999999552965164]}], 'mode': 'goal_sequence'}
  Mesa            : 1.1x0.7x0.4 m  offset_x=-0.3
  Robô config     : control=ee  block_gripper=False  base=[-0.6, 0.0, 0.05]
  Scripts         : ['script_1', 'reach_only', 'left_right']
  Juntas ângulos  : [-0.00, -0.00, +0.00, -2.75, +0.00, +2.73, +0.79]
  Juntas veloc.   : [-0.00, +0.66, -0.00, +1.50, -0.00, -0.19, +0.00]
  Cubo rotação    : [-2.554, -1.532, -0.691]  (roll/pitch/yaw)
  Cubo vel.linear : [+0.268, -0.262, +0.015]
────────────────────────────────────────────
 Ep  1 | Step  39
────────────────────────────────────────────
  Task            : PICK_AND_PLACE
  Action          : [+1.000, +0.000, +0.019, -1.000]
  EE posição      : [-0.173, -0.000, +0.115]
  EE velocidade   : [+0.442, -0.000, +0.056]
  Garra           : 0.000 m  (FECHADA)
  Cubo posição    : [-0.207, -0.061, +0.020]
  Target (target): [+0.150, +0.000, +0.020]
  Dist EE→Cubo    : 0.1181 m
  Dist Cubo→target: 0.3621 m
  Reward          : -0.3621
  Sucesso         : False
  Obstáculo caminho: nao  (count: 0)
  Objeto [object_1]: tipo=box  massa=1.0 kg  tamanho=[0.04, 0.04, 0.04]
  Target goal     : {'type': 'goal_sequence', 'targets': [{'name': 'target', 'position': [0.15000000596046448, 0.0, 0.019999999552965164]}], 'mode': 'goal_sequence'}
  Mesa            : 1.1x0.7x0.4 m  offset_x=-0.3
  Robô config     : control=ee  block_gripper=False  base=[-0.6, 0.0, 0.05]
  Scripts         : ['script_1', 'reach_only', 'left_right']
  Juntas ângulos  : [-0.00, +0.07, +0.00, -2.64, -0.00, +2.71, +0.79]
  Juntas veloc.   : [+0.00, +0.76, -0.00, +1.24, -0.00, -0.21, +0.00]
  Cubo rotação    : [-2.408, -1.564, -0.810]  (roll/pitch/yaw)
  Cubo vel.linear : [+0.162, -0.165, +0.002]
────────────────────────────────────────────
 Ep  1 | Step  40
────────────────────────────────────────────
  Task            : PICK_AND_PLACE
  Action          : [+1.000, +0.000, +0.014, -1.000]
  EE posição      : [-0.140, -0.000, +0.113]
  EE velocidade   : [+0.499, -0.001, +0.104]
  Garra           : 0.000 m  (FECHADA)
  Cubo posição    : [-0.203, -0.065, +0.020]
  Target (target): [+0.150, +0.000, +0.020]
  Dist EE→Cubo    : 0.1301 m
  Dist Cubo→target: 0.3586 m
  Reward          : -0.3586
  Sucesso         : False
  Obstáculo caminho: nao  (count: 0)
  Objeto [object_1]: tipo=box  massa=1.0 kg  tamanho=[0.04, 0.04, 0.04]
  Target goal     : {'type': 'goal_sequence', 'targets': [{'name': 'target', 'position': [0.15000000596046448, 0.0, 0.019999999552965164]}], 'mode': 'goal_sequence'}
  Mesa            : 1.1x0.7x0.4 m  offset_x=-0.3
  Robô config     : control=ee  block_gripper=False  base=[-0.6, 0.0, 0.05]
  Scripts         : ['script_1', 'reach_only', 'left_right']
  Juntas ângulos  : [-0.00, +0.15, +0.00, -2.52, -0.00, +2.67, +0.79]
  Juntas veloc.   : [+0.00, +0.72, -0.00, +1.39, -0.00, -0.30, +0.00]
  Cubo rotação    : [+0.000, -1.571, +3.064]  (roll/pitch/yaw)
  Cubo vel.linear : [+0.057, -0.061, +0.000]
────────────────────────────────────────────
 Ep  1 | Step  41
────────────────────────────────────────────
  Task            : PICK_AND_PLACE
  Action          : [+1.000, +0.000, +0.023, -1.000]
  EE posição      : [-0.105, -0.000, +0.113]
  EE velocidade   : [+0.472, -0.000, +0.121]
  Garra           : -0.000 m  (FECHADA)
  Cubo posição    : [-0.202, -0.066, +0.020]
  Target (target): [+0.150, +0.000, +0.020]
  Dist EE→Cubo    : 0.1497 m
  Dist Cubo→target: 0.3582 m
  Reward          : -0.3582
  Sucesso         : False
  Obstáculo caminho: nao  (count: 0)
  Objeto [object_1]: tipo=box  massa=1.0 kg  tamanho=[0.04, 0.04, 0.04]
  Target goal     : {'type': 'goal_sequence', 'targets': [{'name': 'target', 'position': [0.15000000596046448, 0.0, 0.019999999552965164]}], 'mode': 'goal_sequence'}
  Mesa            : 1.1x0.7x0.4 m  offset_x=-0.3
  Robô config     : control=ee  block_gripper=False  base=[-0.6, 0.0, 0.05]
  Scripts         : ['script_1', 'reach_only', 'left_right']
  Juntas ângulos  : [-0.00, +0.23, +0.00, -2.41, -0.00, +2.63, +0.79]
  Juntas veloc.   : [+0.00, +0.61, -0.00, +1.31, -0.00, -0.27, +0.00]
  Cubo rotação    : [+0.000, -1.571, +3.065]  (roll/pitch/yaw)
  Cubo vel.linear : [-0.000, +0.000, -0.000]
────────────────────────────────────────────
 Ep  1 | Step  42
────────────────────────────────────────────
  Task            : PICK_AND_PLACE
  Action          : [+1.000, +0.000, +0.026, -1.000]
  EE posição      : [-0.072, -0.000, +0.113]
  EE velocidade   : [+0.450, -0.000, +0.086]
  Garra           : -0.000 m  (FECHADA)
  Cubo posição    : [-0.202, -0.066, +0.020]
  Target (target): [+0.150, +0.000, +0.020]
  Dist EE→Cubo    : 0.1731 m
  Dist Cubo→target: 0.3582 m
  Reward          : -0.3582
  Sucesso         : False
  Obstáculo caminho: nao  (count: 0)
  Objeto [object_1]: tipo=box  massa=1.0 kg  tamanho=[0.04, 0.04, 0.04]
  Target goal     : {'type': 'goal_sequence', 'targets': [{'name': 'target', 'position': [0.15000000596046448, 0.0, 0.019999999552965164]}], 'mode': 'goal_sequence'}
  Mesa            : 1.1x0.7x0.4 m  offset_x=-0.3
  Robô config     : control=ee  block_gripper=False  base=[-0.6, 0.0, 0.05]
  Scripts         : ['script_1', 'reach_only', 'left_right']
  Juntas ângulos  : [-0.00, +0.30, +0.00, -2.29, -0.00, +2.59, +0.79]
  Juntas veloc.   : [+0.00, +0.69, -0.00, +1.35, -0.00, -0.33, +0.00]
  Cubo rotação    : [+0.000, -1.571, +3.065]  (roll/pitch/yaw)
  Cubo vel.linear : [-0.000, -0.000, +0.000]
────────────────────────────────────────────
 Ep  1 | Step  43
────────────────────────────────────────────
  Task            : PICK_AND_PLACE
  Action          : [+0.999, +0.000, +0.033, -1.000]
  EE posição      : [-0.038, -0.000, +0.112]
  EE velocidade   : [+0.435, -0.000, +0.100]
  Garra           : -0.000 m  (FECHADA)
  Cubo posição    : [-0.202, -0.066, +0.020]
  Target (target): [+0.150, +0.000, +0.020]
  Dist EE→Cubo    : 0.1990 m
  Dist Cubo→target: 0.3582 m
  Reward          : -0.3582
  Sucesso         : False
  Obstáculo caminho: nao  (count: 0)
  Objeto [object_1]: tipo=box  massa=1.0 kg  tamanho=[0.04, 0.04, 0.04]
  Target goal     : {'type': 'goal_sequence', 'targets': [{'name': 'target', 'position': [0.15000000596046448, 0.0, 0.019999999552965164]}], 'mode': 'goal_sequence'}
  Mesa            : 1.1x0.7x0.4 m  offset_x=-0.3
  Robô config     : control=ee  block_gripper=False  base=[-0.6, 0.0, 0.05]
  Scripts         : ['script_1', 'reach_only', 'left_right']
  Juntas ângulos  : [-0.00, +0.37, +0.00, -2.17, -0.00, +2.54, +0.79]
  Juntas veloc.   : [+0.00, +0.66, -0.00, +1.35, -0.00, -0.35, +0.00]
  Cubo rotação    : [+0.000, -1.571, +3.065]  (roll/pitch/yaw)
  Cubo vel.linear : [-0.000, -0.000, +0.000]
────────────────────────────────────────────
 Ep  1 | Step  44
────────────────────────────────────────────
  Task            : PICK_AND_PLACE
  Action          : [+0.999, +0.000, +0.041, -1.000]
  EE posição      : [-0.006, -0.000, +0.113]
  EE velocidade   : [+0.414, -0.000, +0.104]
  Garra           : -0.000 m  (FECHADA)
  Cubo posição    : [-0.202, -0.066, +0.020]
  Target (target): [+0.150, +0.000, +0.020]
  Dist EE→Cubo    : 0.2266 m
  Dist Cubo→target: 0.3582 m
  Reward          : -0.3582
  Sucesso         : False
  Obstáculo caminho: nao  (count: 0)
  Objeto [object_1]: tipo=box  massa=1.0 kg  tamanho=[0.04, 0.04, 0.04]
  Target goal     : {'type': 'goal_sequence', 'targets': [{'name': 'target', 'position': [0.15000000596046448, 0.0, 0.019999999552965164]}], 'mode': 'goal_sequence'}
  Mesa            : 1.1x0.7x0.4 m  offset_x=-0.3
  Robô config     : control=ee  block_gripper=False  base=[-0.6, 0.0, 0.05]
  Scripts         : ['script_1', 'reach_only', 'left_right']
  Juntas ângulos  : [-0.00, +0.45, +0.00, -2.05, -0.00, +2.49, +0.79]
  Juntas veloc.   : [+0.00, +0.64, -0.00, +1.35, -0.00, -0.38, +0.00]
  Cubo rotação    : [+0.000, -1.571, +3.065]  (roll/pitch/yaw)
  Cubo vel.linear : [-0.000, -0.000, +0.000]
────────────────────────────────────────────
 Ep  1 | Step  45
────────────────────────────────────────────
  Task            : PICK_AND_PLACE
  Action          : [+0.999, +0.000, +0.046, -1.000]
  EE posição      : [+0.025, -0.000, +0.113]
  EE velocidade   : [+0.378, -0.000, +0.084]
  Garra           : -0.000 m  (FECHADA)
  Cubo posição    : [-0.202, -0.066, +0.020]
  Target (target): [+0.150, +0.000, +0.020]
  Dist EE→Cubo    : 0.2540 m
  Dist Cubo→target: 0.3582 m
  Reward          : -0.3582
  Sucesso         : False
  Obstáculo caminho: nao  (count: 0)
  Objeto [object_1]: tipo=box  massa=1.0 kg  tamanho=[0.04, 0.04, 0.04]
  Target goal     : {'type': 'goal_sequence', 'targets': [{'name': 'target', 'position': [0.15000000596046448, 0.0, 0.019999999552965164]}], 'mode': 'goal_sequence'}
  Mesa            : 1.1x0.7x0.4 m  offset_x=-0.3
  Robô config     : control=ee  block_gripper=False  base=[-0.6, 0.0, 0.05]
  Scripts         : ['script_1', 'reach_only', 'left_right']
  Juntas ângulos  : [-0.00, +0.52, +0.00, -1.93, -0.00, +2.44, +0.79]
  Juntas veloc.   : [+0.00, +0.66, -0.00, +1.35, -0.00, -0.41, +0.00]
  Cubo rotação    : [+0.000, -1.571, +3.065]  (roll/pitch/yaw)
  Cubo vel.linear : [-0.000, -0.000, +0.000]
