────────────────────────────────────────────
 Ep  1 | Step   1
────────────────────────────────────────────
  Task            : OBJECT_DELIVERY_SEQUENCE
  Action          : [-0.984, +0.000, -0.179, +1.000]
  EE posição      : [+0.009, +0.000, +0.191]
  EE velocidade   : [-0.416, +0.000, -0.050]
  Garra           : 0.070 m  (ABERTA)  contatos=0
  Cubo posição    : [-0.250, +0.000, +0.020]
  Target (target): [+0.150, +0.000, +0.020]
  Dist EE→Cubo    : 0.3106 m
  Dist Cubo→target: 0.4000 m
  Reward          : -0.4000
  Sucesso         : False
  Obstáculo caminho: nao  (count: 0)
  Objeto [object_1]: tipo=box  massa=1.0 kg  tamanho=[0.04, 0.04, 0.04]
  Target goal     : {'type': 'goal_sequence', 'targets': [{'name': 'target', 'position': [0.15000000596046448, 0.0, 0.019999999552965164]}], 'mode': 'goal_sequence'}
  Mesa            : 1.1x0.7x0.4 m  offset_x=-0.3
  Robô config     : control=ee  block_gripper=False  base=[-0.6, 0.0, 0.05]
  Scripts         : ['script_1', 'reach_only', 'left_right']
  Juntas ângulos  : [-0.00, +0.34, +0.00, -1.98, -0.00, +2.32, +0.79]
  Juntas veloc.   : [-0.00, -0.95, +0.01, -1.57, -0.00, +0.45, -0.03]
  Cubo rotação    : [+0.000, -0.000, -0.000]  (roll/pitch/yaw)
  Cubo vel.linear : [-0.000, +0.000, -0.000]
────────────────────────────────────────────
 Ep  1 | Step   2
────────────────────────────────────────────
  Task            : OBJECT_DELIVERY_SEQUENCE
  Action          : [-0.985, -0.000, -0.173, +1.000]
  EE posição      : [-0.022, +0.000, +0.184]
  EE velocidade   : [-0.369, +0.000, -0.076]
  Garra           : 0.079 m  (ABERTA)  contatos=0
  Cubo posição    : [-0.250, +0.000, +0.020]
  Target (target): [+0.150, +0.000, +0.020]
  Dist EE→Cubo    : 0.2806 m
  Dist Cubo→target: 0.4000 m
  Reward          : -0.4000
  Sucesso         : False
  Obstáculo caminho: nao  (count: 0)
  Objeto [object_1]: tipo=box  massa=1.0 kg  tamanho=[0.04, 0.04, 0.04]
  Target goal     : {'type': 'goal_sequence', 'targets': [{'name': 'target', 'position': [0.15000000596046448, 0.0, 0.019999999552965164]}], 'mode': 'goal_sequence'}
  Mesa            : 1.1x0.7x0.4 m  offset_x=-0.3
  Robô config     : control=ee  block_gripper=False  base=[-0.6, 0.0, 0.05]
  Scripts         : ['script_1', 'reach_only', 'left_right']
  Juntas ângulos  : [-0.00, +0.27, +0.00, -2.11, -0.00, +2.38, +0.79]
  Juntas veloc.   : [-0.00, -0.76, +0.00, -1.33, +0.00, +0.44, -0.00]
  Cubo rotação    : [+0.000, -0.000, -0.000]  (roll/pitch/yaw)
  Cubo vel.linear : [-0.000, +0.000, -0.000]
────────────────────────────────────────────
 Ep  1 | Step   3
────────────────────────────────────────────
  Task            : OBJECT_DELIVERY_SEQUENCE
  Action          : [-0.985, -0.000, -0.170, +1.000]
  EE posição      : [-0.056, +0.000, +0.177]
  EE velocidade   : [-0.389, +0.000, -0.065]
  Garra           : 0.080 m  (ABERTA)  contatos=0
  Cubo posição    : [-0.250, +0.000, +0.020]
  Target (target): [+0.150, +0.000, +0.020]
  Dist EE→Cubo    : 0.2501 m
  Dist Cubo→target: 0.4000 m
  Reward          : -0.4000
  Sucesso         : False
  Obstáculo caminho: nao  (count: 0)
  Objeto [object_1]: tipo=box  massa=1.0 kg  tamanho=[0.04, 0.04, 0.04]
  Target goal     : {'type': 'goal_sequence', 'targets': [{'name': 'target', 'position': [0.15000000596046448, 0.0, 0.019999999552965164]}], 'mode': 'goal_sequence'}
  Mesa            : 1.1x0.7x0.4 m  offset_x=-0.3
  Robô config     : control=ee  block_gripper=False  base=[-0.6, 0.0, 0.05]
  Scripts         : ['script_1', 'reach_only', 'left_right']
  Juntas ângulos  : [-0.00, +0.20, +0.00, -2.23, -0.00, +2.43, +0.79]
  Juntas veloc.   : [-0.00, -0.80, +0.00, -1.35, +0.00, +0.43, -0.00]
  Cubo rotação    : [+0.000, -0.000, -0.000]  (roll/pitch/yaw)
  Cubo vel.linear : [-0.000, +0.000, -0.000]
────────────────────────────────────────────
 Ep  1 | Step   4
────────────────────────────────────────────
  Task            : OBJECT_DELIVERY_SEQUENCE
  Action          : [-0.986, -0.000, -0.164, +1.000]
  EE posição      : [-0.090, +0.000, +0.171]
  EE velocidade   : [-0.401, +0.000, -0.070]
  Garra           : 0.080 m  (ABERTA)  contatos=0
  Cubo posição    : [-0.250, +0.000, +0.020]
  Target (target): [+0.150, +0.000, +0.020]
  Dist EE→Cubo    : 0.2199 m
  Dist Cubo→target: 0.4000 m
  Reward          : -0.4000
  Sucesso         : False
  Obstáculo caminho: nao  (count: 0)
  Objeto [object_1]: tipo=box  massa=1.0 kg  tamanho=[0.04, 0.04, 0.04]
  Target goal     : {'type': 'goal_sequence', 'targets': [{'name': 'target', 'position': [0.15000000596046448, 0.0, 0.019999999552965164]}], 'mode': 'goal_sequence'}
  Mesa            : 1.1x0.7x0.4 m  offset_x=-0.3
  Robô config     : control=ee  block_gripper=False  base=[-0.6, 0.0, 0.05]
  Scripts         : ['script_1', 'reach_only', 'left_right']
  Juntas ângulos  : [-0.00, +0.13, +0.00, -2.36, -0.00, +2.48, +0.79]
  Juntas veloc.   : [-0.00, -0.80, +0.00, -1.33, +0.00, +0.41, -0.00]
  Cubo rotação    : [+0.000, -0.000, -0.000]  (roll/pitch/yaw)
  Cubo vel.linear : [-0.000, +0.000, -0.000]
────────────────────────────────────────────
 Ep  1 | Step   5
────────────────────────────────────────────
  Task            : OBJECT_DELIVERY_SEQUENCE
  Action          : [-0.988, -0.000, -0.158, +1.000]
  EE posição      : [-0.125, +0.000, +0.163]
  EE velocidade   : [-0.381, +0.001, -0.049]
  Garra           : 0.080 m  (ABERTA)  contatos=0
  Cubo posição    : [-0.250, +0.000, +0.020]
  Target (target): [+0.150, +0.000, +0.020]
  Dist EE→Cubo    : 0.1900 m
  Dist Cubo→target: 0.4000 m
  Reward          : -0.4000
  Sucesso         : False
  Obstáculo caminho: nao  (count: 0)
  Objeto [object_1]: tipo=box  massa=1.0 kg  tamanho=[0.04, 0.04, 0.04]
  Target goal     : {'type': 'goal_sequence', 'targets': [{'name': 'target', 'position': [0.15000000596046448, 0.0, 0.019999999552965164]}], 'mode': 'goal_sequence'}
  Mesa            : 1.1x0.7x0.4 m  offset_x=-0.3
  Robô config     : control=ee  block_gripper=False  base=[-0.6, 0.0, 0.05]
  Scripts         : ['script_1', 'reach_only', 'left_right']
  Juntas ângulos  : [-0.00, +0.06, +0.00, -2.48, -0.00, +2.54, +0.79]
  Juntas veloc.   : [-0.00, -0.81, +0.00, -1.25, +0.00, +0.39, -0.00]
  Cubo rotação    : [+0.000, -0.000, -0.000]  (roll/pitch/yaw)
  Cubo vel.linear : [-0.000, +0.000, -0.000]
────────────────────────────────────────────
 Ep  1 | Step   6
────────────────────────────────────────────
  Task            : OBJECT_DELIVERY_SEQUENCE
  Action          : [-0.990, -0.001, -0.144, +1.000]
  EE posição      : [-0.161, +0.000, +0.156]
  EE velocidade   : [-0.408, +0.001, -0.067]
  Garra           : 0.080 m  (ABERTA)  contatos=0
  Cubo posição    : [-0.250, +0.000, +0.020]
  Target (target): [+0.150, +0.000, +0.020]
  Dist EE→Cubo    : 0.1629 m
  Dist Cubo→target: 0.4000 m
  Reward          : -0.4000
  Sucesso         : False
  Obstáculo caminho: nao  (count: 0)
  Objeto [object_1]: tipo=box  massa=1.0 kg  tamanho=[0.04, 0.04, 0.04]
  Target goal     : {'type': 'goal_sequence', 'targets': [{'name': 'target', 'position': [0.15000000596046448, 0.0, 0.019999999552965164]}], 'mode': 'goal_sequence'}
  Mesa            : 1.1x0.7x0.4 m  offset_x=-0.3
  Robô config     : control=ee  block_gripper=False  base=[-0.6, 0.0, 0.05]
  Scripts         : ['script_1', 'reach_only', 'left_right']
  Juntas ângulos  : [-0.00, -0.02, +0.00, -2.60, +0.00, +2.58, +0.79]
  Juntas veloc.   : [-0.00, -0.83, +0.00, -1.28, +0.00, +0.37, -0.00]
  Cubo rotação    : [+0.000, -0.000, -0.000]  (roll/pitch/yaw)
  Cubo vel.linear : [-0.000, +0.000, -0.000]
────────────────────────────────────────────
 Ep  1 | Step   7
────────────────────────────────────────────
  Task            : OBJECT_DELIVERY_SEQUENCE
  Action          : [-0.992, -0.001, -0.125, +1.000]
  EE posição      : [-0.197, +0.000, +0.149]
  EE velocidade   : [-0.431, +0.000, -0.082]
  Garra           : 0.080 m  (ABERTA)  contatos=0
  Cubo posição    : [-0.250, +0.000, +0.020]
  Target (target): [+0.150, +0.000, +0.020]
  Dist EE→Cubo    : 0.1396 m
  Dist Cubo→target: 0.4000 m
  Reward          : -0.4000
  Sucesso         : False
  Obstáculo caminho: nao  (count: 0)
  Objeto [object_1]: tipo=box  massa=1.0 kg  tamanho=[0.04, 0.04, 0.04]
  Target goal     : {'type': 'goal_sequence', 'targets': [{'name': 'target', 'position': [0.15000000596046448, 0.0, 0.019999999552965164]}], 'mode': 'goal_sequence'}
  Mesa            : 1.1x0.7x0.4 m  offset_x=-0.3
  Robô config     : control=ee  block_gripper=False  base=[-0.6, 0.0, 0.05]
  Scripts         : ['script_1', 'reach_only', 'left_right']
  Juntas ângulos  : [-0.00, -0.09, +0.00, -2.72, +0.00, +2.63, +0.79]
  Juntas veloc.   : [-0.00, -0.85, +0.00, -1.30, +0.00, +0.34, -0.00]
  Cubo rotação    : [+0.000, -0.000, -0.000]  (roll/pitch/yaw)
  Cubo vel.linear : [-0.000, +0.000, -0.000]
────────────────────────────────────────────
 Ep  1 | Step   8
────────────────────────────────────────────
  Task            : OBJECT_DELIVERY_SEQUENCE
  Action          : [-0.997, -0.001, -0.079, +1.000]
  EE posição      : [-0.234, +0.000, +0.143]
  EE velocidade   : [-0.430, -0.000, -0.072]
  Garra           : 0.080 m  (ABERTA)  contatos=0
  Cubo posição    : [-0.250, +0.000, +0.020]
  Target (target): [+0.150, +0.000, +0.020]
  Dist EE→Cubo    : 0.1238 m
  Dist Cubo→target: 0.4000 m
  Reward          : -0.4000
  Sucesso         : False
  Obstáculo caminho: nao  (count: 0)
  Objeto [object_1]: tipo=box  massa=1.0 kg  tamanho=[0.04, 0.04, 0.04]
  Target goal     : {'type': 'goal_sequence', 'targets': [{'name': 'target', 'position': [0.15000000596046448, 0.0, 0.019999999552965164]}], 'mode': 'goal_sequence'}
  Mesa            : 1.1x0.7x0.4 m  offset_x=-0.3
  Robô config     : control=ee  block_gripper=False  base=[-0.6, 0.0, 0.05]
  Scripts         : ['script_1', 'reach_only', 'left_right']
  Juntas ângulos  : [-0.00, -0.17, +0.00, -2.83, +0.00, +2.66, +0.79]
  Juntas veloc.   : [+0.00, -0.93, +0.00, -1.29, +0.00, +0.28, -0.00]
  Cubo rotação    : [+0.000, -0.000, -0.000]  (roll/pitch/yaw)
  Cubo vel.linear : [-0.000, +0.000, -0.000]
────────────────────────────────────────────
 Ep  1 | Step   9
────────────────────────────────────────────
  Task            : OBJECT_DELIVERY_SEQUENCE
  Action          : [-0.991, -0.001, +0.136, +1.000]
  EE posição      : [-0.271, -0.000, +0.139]
  EE velocidade   : [-0.374, -0.000, +0.026]
  Garra           : 0.080 m  (ABERTA)  contatos=0
  Cubo posição    : [-0.250, +0.000, +0.020]
  Target (target): [+0.150, +0.000, +0.020]
  Dist EE→Cubo    : 0.1214 m
  Dist Cubo→target: 0.4000 m
  Reward          : -0.4000
  Sucesso         : False
  Obstáculo caminho: nao  (count: 0)
  Objeto [object_1]: tipo=box  massa=1.0 kg  tamanho=[0.04, 0.04, 0.04]
  Target goal     : {'type': 'goal_sequence', 'targets': [{'name': 'target', 'position': [0.15000000596046448, 0.0, 0.019999999552965164]}], 'mode': 'goal_sequence'}
  Mesa            : 1.1x0.7x0.4 m  offset_x=-0.3
  Robô config     : control=ee  block_gripper=False  base=[-0.6, 0.0, 0.05]
  Scripts         : ['script_1', 'reach_only', 'left_right']
  Juntas ângulos  : [-0.00, -0.26, +0.00, -2.95, +0.00, +2.67, +0.79]
  Juntas veloc.   : [+0.00, -1.30, -0.00, -1.23, +0.00, +0.06, -0.00]
  Cubo rotação    : [+0.000, -0.000, -0.000]  (roll/pitch/yaw)
  Cubo vel.linear : [-0.000, +0.000, -0.000]
────────────────────────────────────────────
 Ep  1 | Step  10
────────────────────────────────────────────
  Task            : OBJECT_DELIVERY_SEQUENCE
  Action          : [+0.221, +0.000, -0.975, +1.000]
  EE posição      : [-0.259, -0.000, +0.128]
  EE velocidade   : [-0.410, +0.000, -1.063]
  Garra           : 0.080 m  (ABERTA)  contatos=0
  Cubo posição    : [-0.250, +0.000, +0.020]
  Target (target): [+0.150, +0.000, +0.020]
  Dist EE→Cubo    : 0.1080 m
  Dist Cubo→target: 0.4000 m
  Reward          : -0.4000
  Sucesso         : False
  Obstáculo caminho: nao  (count: 0)
  Objeto [object_1]: tipo=box  massa=1.0 kg  tamanho=[0.04, 0.04, 0.04]
  Target goal     : {'type': 'goal_sequence', 'targets': [{'name': 'target', 'position': [0.15000000596046448, 0.0, 0.019999999552965164]}], 'mode': 'goal_sequence'}
  Mesa            : 1.1x0.7x0.4 m  offset_x=-0.3
  Robô config     : control=ee  block_gripper=False  base=[-0.6, 0.0, 0.05]
  Scripts         : ['script_1', 'reach_only', 'left_right']
  Juntas ângulos  : [-0.00, -0.18, +0.00, -2.94, +0.00, +2.79, +0.79]
  Juntas veloc.   : [-0.00, +3.63, +0.00, +0.27, -0.00, +0.94, +0.00]
  Cubo rotação    : [+0.000, -0.000, -0.000]  (roll/pitch/yaw)
  Cubo vel.linear : [-0.000, +0.000, -0.000]
────────────────────────────────────────────
 Ep  1 | Step  11
────────────────────────────────────────────
  Task            : OBJECT_DELIVERY_SEQUENCE
  Action          : [+0.109, +0.000, -0.994, +1.000]
  EE posição      : [-0.265, -0.000, +0.088]
  EE velocidade   : [-0.271, +0.000, -0.620]
  Garra           : 0.080 m  (ABERTA)  contatos=0
  Cubo posição    : [-0.250, +0.000, +0.020]
  Target (target): [+0.150, +0.000, +0.020]
  Dist EE→Cubo    : 0.0700 m
  Dist Cubo→target: 0.4000 m
  Reward          : -0.4000
  Sucesso         : False
  Obstáculo caminho: nao  (count: 0)
  Objeto [object_1]: tipo=box  massa=1.0 kg  tamanho=[0.04, 0.04, 0.04]
  Target goal     : {'type': 'goal_sequence', 'targets': [{'name': 'target', 'position': [0.15000000596046448, 0.0, 0.019999999552965164]}], 'mode': 'goal_sequence'}
  Mesa            : 1.1x0.7x0.4 m  offset_x=-0.3
  Robô config     : control=ee  block_gripper=False  base=[-0.6, 0.0, 0.05]
  Scripts         : ['script_1', 'reach_only', 'left_right']
  Juntas ângulos  : [-0.00, -0.03, +0.00, -2.91, +0.00, +2.86, +0.79]
  Juntas veloc.   : [-0.00, +2.19, +0.00, +0.28, -0.00, +0.51, +0.00]
  Cubo rotação    : [+0.000, -0.000, -0.000]  (roll/pitch/yaw)
  Cubo vel.linear : [+0.000, +0.000, +0.000]
────────────────────────────────────────────
 Ep  1 | Step  12
────────────────────────────────────────────
  Task            : OBJECT_DELIVERY_SEQUENCE
  Action          : [+0.322, +0.000, -0.947, +1.000]
  EE posição      : [-0.257, -0.000, +0.059]
  EE velocidade   : [-0.178, +0.000, -0.588]
  Garra           : 0.080 m  (ABERTA)  contatos=0
  Cubo posição    : [-0.250, +0.000, +0.020]
  Target (target): [+0.150, +0.000, +0.020]
  Dist EE→Cubo    : 0.0391 m
  Dist Cubo→target: 0.4000 m
  Reward          : -0.4000
  Sucesso         : False
  Obstáculo caminho: nao  (count: 0)
  Objeto [object_1]: tipo=box  massa=1.0 kg  tamanho=[0.04, 0.04, 0.04]
  Target goal     : {'type': 'goal_sequence', 'targets': [{'name': 'target', 'position': [0.15000000596046448, 0.0, 0.019999999552965164]}], 'mode': 'goal_sequence'}
  Mesa            : 1.1x0.7x0.4 m  offset_x=-0.3
  Robô config     : control=ee  block_gripper=False  base=[-0.6, 0.0, 0.05]
  Scripts         : ['script_1', 'reach_only', 'left_right']
  Juntas ângulos  : [-0.00, +0.11, +0.00, -2.87, -0.00, +2.97, +0.79]
  Juntas veloc.   : [+0.00, +2.20, -0.00, +0.42, -0.00, +0.87, +0.00]
  Cubo rotação    : [+0.000, -0.000, -0.000]  (roll/pitch/yaw)
  Cubo vel.linear : [+0.000, -0.000, +0.000]
────────────────────────────────────────────
 Ep  1 | Step  13
────────────────────────────────────────────
  Task            : OBJECT_DELIVERY_SEQUENCE
  Action          : [+0.444, +0.001, -0.896, +1.000]
  EE posição      : [-0.245, +0.000, +0.027]
  EE velocidade   : [-0.104, +0.000, -0.615]
  Garra           : 0.080 m  (ABERTA)  contatos=0
  Cubo posição    : [-0.250, +0.000, +0.020]
  Target (target): [+0.150, +0.000, +0.020]
  Dist EE→Cubo    : 0.0092 m
  Dist Cubo→target: 0.4000 m
  Reward          : -0.4000
  Sucesso         : False
  Obstáculo caminho: nao  (count: 0)
  Objeto [object_1]: tipo=box  massa=1.0 kg  tamanho=[0.04, 0.04, 0.04]
  Target goal     : {'type': 'goal_sequence', 'targets': [{'name': 'target', 'position': [0.15000000596046448, 0.0, 0.019999999552965164]}], 'mode': 'goal_sequence'}
  Mesa            : 1.1x0.7x0.4 m  offset_x=-0.3
  Robô config     : control=ee  block_gripper=False  base=[-0.6, 0.0, 0.05]
  Scripts         : ['script_1', 'reach_only', 'left_right']
  Juntas ângulos  : [-0.00, +0.26, +0.00, -2.81, -0.00, +3.05, +0.79]
  Juntas veloc.   : [+0.00, +2.32, -0.00, +0.80, -0.00, +0.62, +0.00]
  Cubo rotação    : [-0.000, -0.000, -0.000]  (roll/pitch/yaw)
  Cubo vel.linear : [+0.000, -0.000, +0.000]
────────────────────────────────────────────
 Ep  1 | Step  14
────────────────────────────────────────────
  Task            : OBJECT_DELIVERY_SEQUENCE
  Action          : [+0.000, +0.000, +0.000, -1.000]
  EE posição      : [-0.251, +0.000, +0.020]
  EE velocidade   : [+0.235, -0.000, +0.280]
  Garra           : 0.032 m  (AGARRADA)  contatos=2
  Cubo posição    : [-0.251, -0.001, +0.021]
  Target (target): [+0.150, +0.000, +0.020]
  Dist EE→Cubo    : 0.0012 m
  Dist Cubo→target: 0.4010 m
  Reward          : -0.4010
  Sucesso         : False
  Obstáculo caminho: nao  (count: 0)
  Objeto [object_1]: tipo=box  massa=1.0 kg  tamanho=[0.04, 0.04, 0.04]
  Target goal     : {'type': 'goal_sequence', 'targets': [{'name': 'target', 'position': [0.15000000596046448, 0.0, 0.019999999552965164]}], 'mode': 'goal_sequence'}
  Mesa            : 1.1x0.7x0.4 m  offset_x=-0.3
  Robô config     : control=ee  block_gripper=False  base=[-0.6, 0.0, 0.05]
  Scripts         : ['script_1', 'reach_only', 'left_right']
  Juntas ângulos  : [-0.00, +0.28, +0.00, -2.82, -0.00, +3.07, +0.79]
  Juntas veloc.   : [+0.00, -0.81, -0.00, -0.09, -0.00, +0.14, +0.00]
  Cubo rotação    : [-0.066, +0.008, -0.031]  (roll/pitch/yaw)
  Cubo vel.linear : [+0.074, -0.012, +0.080]
────────────────────────────────────────────
 Ep  1 | Step  15
────────────────────────────────────────────
  Task            : OBJECT_DELIVERY_SEQUENCE
  Action          : [+0.000, +0.000, +0.000, -1.000]
  EE posição      : [-0.250, +0.000, +0.021]
  EE velocidade   : [-0.009, -0.000, -0.005]
  Garra           : 0.025 m  (AGARRADA)  contatos=2
  Cubo posição    : [-0.251, -0.002, +0.021]
  Target (target): [+0.150, +0.000, +0.020]
  Dist EE→Cubo    : 0.0018 m
  Dist Cubo→target: 0.4007 m
  Reward          : -0.4007
  Sucesso         : False
  Obstáculo caminho: nao  (count: 0)
  Objeto [object_1]: tipo=box  massa=1.0 kg  tamanho=[0.04, 0.04, 0.04]
  Target goal     : {'type': 'goal_sequence', 'targets': [{'name': 'target', 'position': [0.15000000596046448, 0.0, 0.019999999552965164]}], 'mode': 'goal_sequence'}
  Mesa            : 1.1x0.7x0.4 m  offset_x=-0.3
  Robô config     : control=ee  block_gripper=False  base=[-0.6, 0.0, 0.05]
  Scripts         : ['script_1', 'reach_only', 'left_right']
  Juntas ângulos  : [-0.00, +0.28, +0.00, -2.83, -0.00, +3.10, +0.79]
  Juntas veloc.   : [+0.00, +0.03, -0.00, -0.08, -0.00, +0.23, +0.00]
  Cubo rotação    : [+0.000, -0.011, -0.016]  (roll/pitch/yaw)
  Cubo vel.linear : [-0.024, -0.026, -0.024]
────────────────────────────────────────────
 Ep  1 | Step  16
────────────────────────────────────────────
  Task            : OBJECT_DELIVERY_SEQUENCE
  Action          : [+0.000, +0.000, +1.000, -1.000]
  EE posição      : [-0.264, +0.000, +0.033]
  EE velocidade   : [+0.456, -0.000, +0.783]
  Garra           : 0.024 m  (AGARRADA)  contatos=2
  Cubo posição    : [-0.263, -0.002, +0.027]
  Target (target): [+0.150, +0.000, +0.020]
  Dist EE→Cubo    : 0.0065 m
  Dist Cubo→target: 0.4131 m
  Reward          : -0.4131
  Sucesso         : False
  Obstáculo caminho: nao  (count: 0)
  Objeto [object_1]: tipo=box  massa=1.0 kg  tamanho=[0.04, 0.04, 0.04]
  Target goal     : {'type': 'goal_sequence', 'targets': [{'name': 'target', 'position': [0.15000000596046448, 0.0, 0.019999999552965164]}], 'mode': 'goal_sequence'}
  Mesa            : 1.1x0.7x0.4 m  offset_x=-0.3
  Robô config     : control=ee  block_gripper=False  base=[-0.6, 0.0, 0.05]
  Scripts         : ['script_1', 'reach_only', 'left_right']
  Juntas ângulos  : [-0.00, +0.20, +0.00, -2.85, -0.00, +3.00, +0.79]
  Juntas veloc.   : [-0.00, -2.68, -0.00, -0.30, +0.00, -0.78, +0.00]
  Cubo rotação    : [+0.046, +0.028, -0.015]  (roll/pitch/yaw)
  Cubo vel.linear : [-0.010, +0.018, +0.455]
────────────────────────────────────────────
 Ep  1 | Step  17
────────────────────────────────────────────
  Task            : OBJECT_DELIVERY_SEQUENCE
  Action          : [+0.000, +0.000, +1.000, -1.000]
  EE posição      : [-0.261, +0.000, +0.066]
  EE velocidade   : [+0.063, -0.001, +0.357]
  Garra           : 0.027 m  (AGARRADA)  contatos=2
  Cubo posição    : [-0.261, -0.001, +0.050]
  Target (target): [+0.150, +0.000, +0.020]
  Dist EE→Cubo    : 0.0152 m
  Dist Cubo→target: 0.4126 m
  Reward          : -0.4126
  Sucesso         : False
  Obstáculo caminho: nao  (count: 0)
  Objeto [object_1]: tipo=box  massa=1.0 kg  tamanho=[0.04, 0.04, 0.04]
  Target goal     : {'type': 'goal_sequence', 'targets': [{'name': 'target', 'position': [0.15000000596046448, 0.0, 0.019999999552965164]}], 'mode': 'goal_sequence'}
  Mesa            : 1.1x0.7x0.4 m  offset_x=-0.3
  Robô config     : control=ee  block_gripper=False  base=[-0.6, 0.0, 0.05]
  Scripts         : ['script_1', 'reach_only', 'left_right']
  Juntas ângulos  : [-0.00, +0.07, +0.00, -2.90, -0.00, +2.96, +0.79]
  Juntas veloc.   : [-0.00, -1.44, -0.00, -0.44, +0.00, -0.32, +0.00]
  Cubo rotação    : [+0.008, -0.018, -0.020]  (roll/pitch/yaw)
  Cubo vel.linear : [+0.111, +0.013, +0.393]
────────────────────────────────────────────
 Ep  1 | Step  18
────────────────────────────────────────────
  Task            : OBJECT_DELIVERY_SEQUENCE
  Action          : [+0.000, +0.000, +1.000, -1.000]
  EE posição      : [-0.261, +0.000, +0.091]
  EE velocidade   : [+0.252, +0.003, +0.566]
  Garra           : 0.018 m  (AGARRADA)  contatos=2
  Cubo posição    : [-0.262, +0.002, +0.071]
  Target (target): [+0.150, +0.000, +0.020]
  Dist EE→Cubo    : 0.0199 m
  Dist Cubo→target: 0.4155 m
  Reward          : -0.4155
  Sucesso         : False
  Obstáculo caminho: nao  (count: 0)
  Objeto [object_1]: tipo=box  massa=1.0 kg  tamanho=[0.04, 0.04, 0.04]
  Target goal     : {'type': 'goal_sequence', 'targets': [{'name': 'target', 'position': [0.15000000596046448, 0.0, 0.019999999552965164]}], 'mode': 'goal_sequence'}
  Mesa            : 1.1x0.7x0.4 m  offset_x=-0.3
  Robô config     : control=ee  block_gripper=False  base=[-0.6, 0.0, 0.05]
  Scripts         : ['script_1', 'reach_only', 'left_right']
  Juntas ângulos  : [-0.00, -0.04, +0.00, -2.90, -0.00, +2.85, +0.79]
  Juntas veloc.   : [+0.00, -1.93, +0.01, -0.07, +0.00, -0.83, -0.00]
  Cubo rotação    : [-0.224, -0.004, +0.030]  (roll/pitch/yaw)
  Cubo vel.linear : [+0.188, +0.444, +0.444]
────────────────────────────────────────────
 Ep  1 | Step  19
────────────────────────────────────────────
  Task            : OBJECT_DELIVERY_SEQUENCE
  Action          : [+0.000, +0.000, +1.000, -1.000]
  EE posição      : [-0.258, +0.000, +0.121]
  EE velocidade   : [+0.114, -0.000, +0.394]
  Garra           : 0.002 m  (FECHADA)  contatos=0
  Cubo posição    : [-0.256, +0.015, +0.067]
  Target (target): [+0.150, +0.000, +0.020]
  Dist EE→Cubo    : 0.0552 m
  Dist Cubo→target: 0.4094 m
  Reward          : -0.4094
  Sucesso         : False
  Obstáculo caminho: nao  (count: 0)
  Objeto [object_1]: tipo=box  massa=1.0 kg  tamanho=[0.04, 0.04, 0.04]
  Target goal     : {'type': 'goal_sequence', 'targets': [{'name': 'target', 'position': [0.15000000596046448, 0.0, 0.019999999552965164]}], 'mode': 'goal_sequence'}
  Mesa            : 1.1x0.7x0.4 m  offset_x=-0.3
  Robô config     : control=ee  block_gripper=False  base=[-0.6, 0.0, 0.05]
  Scripts         : ['script_1', 'reach_only', 'left_right']
  Juntas ângulos  : [-0.00, -0.15, +0.00, -2.90, +0.00, +2.75, +0.79]
  Juntas veloc.   : [+0.00, -1.36, -0.00, -0.01, +0.00, -0.80, -0.00]
  Cubo rotação    : [-1.206, +0.167, -0.087]  (roll/pitch/yaw)
  Cubo vel.linear : [+0.145, +0.299, -0.303]
────────────────────────────────────────────
 Ep  1 | Step  20
────────────────────────────────────────────
  Task            : OBJECT_DELIVERY_SEQUENCE
  Action          : [+0.000, +0.000, +1.000, -1.000]
  EE posição      : [-0.255, +0.000, +0.149]
  EE velocidade   : [+0.168, +0.000, +0.520]
  Garra           : 0.000 m  (FECHADA)  contatos=0
  Cubo posição    : [-0.251, +0.027, +0.047]
  Target (target): [+0.150, +0.000, +0.020]
  Dist EE→Cubo    : 0.1057 m
  Dist Cubo→target: 0.4024 m
  Reward          : -0.4024
  Sucesso         : False
  Obstáculo caminho: nao  (count: 0)
  Objeto [object_1]: tipo=box  massa=1.0 kg  tamanho=[0.04, 0.04, 0.04]
  Target goal     : {'type': 'goal_sequence', 'targets': [{'name': 'target', 'position': [0.15000000596046448, 0.0, 0.019999999552965164]}], 'mode': 'goal_sequence'}
  Mesa            : 1.1x0.7x0.4 m  offset_x=-0.3
  Robô config     : control=ee  block_gripper=False  base=[-0.6, 0.0, 0.05]
  Scripts         : ['script_1', 'reach_only', 'left_right']
  Juntas ângulos  : [-0.00, -0.25, +0.00, -2.89, +0.00, +2.63, +0.79]
  Juntas veloc.   : [+0.00, -1.60, -0.00, +0.14, +0.00, -0.92, -0.00]
  Cubo rotação    : [-2.123, +0.165, -0.260]  (roll/pitch/yaw)
  Cubo vel.linear : [+0.144, +0.298, -0.694]
────────────────────────────────────────────
 Ep  1 | Step  21
────────────────────────────────────────────
  Task            : OBJECT_DELIVERY_SEQUENCE
  Action          : [+0.000, +0.000, +1.000, -1.000]
  EE posição      : [-0.251, +0.000, +0.181]
  EE velocidade   : [+0.113, +0.000, +0.461]
  Garra           : 0.000 m  (FECHADA)  contatos=0
  Cubo posição    : [-0.246, +0.042, +0.023]
  Target (target): [+0.150, +0.000, +0.020]
  Dist EE→Cubo    : 0.1644 m
  Dist Cubo→target: 0.3984 m
  Reward          : -0.3984
  Sucesso         : False
  Obstáculo caminho: nao  (count: 0)
  Objeto [object_1]: tipo=box  massa=1.0 kg  tamanho=[0.04, 0.04, 0.04]
  Target goal     : {'type': 'goal_sequence', 'targets': [{'name': 'target', 'position': [0.15000000596046448, 0.0, 0.019999999552965164]}], 'mode': 'goal_sequence'}
  Mesa            : 1.1x0.7x0.4 m  offset_x=-0.3
  Robô config     : control=ee  block_gripper=False  base=[-0.6, 0.0, 0.05]
  Scripts         : ['script_1', 'reach_only', 'left_right']
  Juntas ângulos  : [-0.00, -0.34, +0.00, -2.86, +0.00, +2.51, +0.79]
  Juntas veloc.   : [-0.00, -1.30, -0.00, +0.23, +0.00, -0.90, -0.00]
  Cubo rotação    : [-3.045, -0.048, -0.340]  (roll/pitch/yaw)
  Cubo vel.linear : [+0.108, +0.518, -0.318]
────────────────────────────────────────────
 Ep  1 | Step  22
────────────────────────────────────────────
  Task            : OBJECT_DELIVERY_SEQUENCE
  Action          : [+0.000, +0.000, -1.000, -1.000]
  EE posição      : [-0.244, +0.000, +0.172]
  EE velocidade   : [-0.430, -0.000, -1.095]
  Garra           : 0.000 m  (FECHADA)  contatos=0
  Cubo posição    : [-0.241, +0.056, +0.021]
  Target (target): [+0.150, +0.000, +0.020]
  Dist EE→Cubo    : 0.1608 m
  Dist Cubo→target: 0.3954 m
  Reward          : -0.3954
  Sucesso         : False
  Obstáculo caminho: nao  (count: 0)
  Objeto [object_1]: tipo=box  massa=1.0 kg  tamanho=[0.04, 0.04, 0.04]
  Target goal     : {'type': 'goal_sequence', 'targets': [{'name': 'target', 'position': [0.15000000596046448, 0.0, 0.019999999552965164]}], 'mode': 'goal_sequence'}
  Mesa            : 1.1x0.7x0.4 m  offset_x=-0.3
  Robô config     : control=ee  block_gripper=False  base=[-0.6, 0.0, 0.05]
  Scripts         : ['script_1', 'reach_only', 'left_right']
  Juntas ângulos  : [-0.00, -0.31, +0.00, -2.89, +0.00, +2.65, +0.79]
  Juntas veloc.   : [-0.00, +3.04, +0.00, -0.31, -0.01, +1.03, +0.00]
  Cubo rotação    : [+3.077, -0.004, -0.403]  (roll/pitch/yaw)
  Cubo vel.linear : [+0.103, +0.289, -0.050]
────────────────────────────────────────────
 Ep  1 | Step  23
────────────────────────────────────────────
  Task            : OBJECT_DELIVERY_SEQUENCE
  Action          : [+1.000, -0.000, +0.000, -1.000]
  EE posição      : [-0.243, +0.000, +0.139]
  EE velocidade   : [+1.111, +0.001, -0.057]
  Garra           : 0.000 m  (FECHADA)  contatos=0
  Cubo posição    : [-0.239, +0.064, +0.020]
  Target (target): [+0.150, +0.000, +0.020]
  Dist EE→Cubo    : 0.1358 m
  Dist Cubo→target: 0.3940 m
  Reward          : -0.3940
  Sucesso         : False
  Obstáculo caminho: nao  (count: 0)
  Objeto [object_1]: tipo=box  massa=1.0 kg  tamanho=[0.04, 0.04, 0.04]
  Target goal     : {'type': 'goal_sequence', 'targets': [{'name': 'target', 'position': [0.15000000596046448, 0.0, 0.019999999552965164]}], 'mode': 'goal_sequence'}
  Mesa            : 1.1x0.7x0.4 m  offset_x=-0.3
  Robô config     : control=ee  block_gripper=False  base=[-0.6, 0.0, 0.05]
  Scripts         : ['script_1', 'reach_only', 'left_right']
  Juntas ângulos  : [-0.00, -0.14, +0.00, -2.79, -0.00, +2.56, +0.79]
  Juntas veloc.   : [-0.00, +3.32, +0.00, +3.65, +0.01, -0.64, +0.00]
  Cubo rotação    : [-3.140, -0.000, -0.412]  (roll/pitch/yaw)
  Cubo vel.linear : [+0.035, +0.130, +0.002]
────────────────────────────────────────────
 Ep  1 | Step  24
────────────────────────────────────────────
  Task            : OBJECT_DELIVERY_SEQUENCE
  Action          : [+0.997, -0.000, +0.082, -1.000]
  EE posição      : [-0.203, -0.000, +0.146]
  EE velocidade   : [+0.320, +0.000, +0.099]
  Garra           : 0.000 m  (FECHADA)  contatos=0
  Cubo posição    : [-0.238, +0.067, +0.020]
  Target (target): [+0.150, +0.000, +0.020]
  Dist EE→Cubo    : 0.1467 m
  Dist Cubo→target: 0.3939 m
  Reward          : -0.3939
  Sucesso         : False
  Obstáculo caminho: nao  (count: 0)
  Objeto [object_1]: tipo=box  massa=1.0 kg  tamanho=[0.04, 0.04, 0.04]
  Target goal     : {'type': 'goal_sequence', 'targets': [{'name': 'target', 'position': [0.15000000596046448, 0.0, 0.019999999552965164]}], 'mode': 'goal_sequence'}
  Mesa            : 1.1x0.7x0.4 m  offset_x=-0.3
  Robô config     : control=ee  block_gripper=False  base=[-0.6, 0.0, 0.05]
  Scripts         : ['script_1', 'reach_only', 'left_right']
  Juntas ângulos  : [-0.00, -0.09, +0.00, -2.72, +0.00, +2.62, +0.79]
  Juntas veloc.   : [-0.00, +0.33, +0.00, +0.55, +0.00, +0.47, +0.00]
  Cubo rotação    : [-3.141, -0.000, -0.412]  (roll/pitch/yaw)
  Cubo vel.linear : [+0.000, +0.000, +0.000]
────────────────────────────────────────────
 Ep  1 | Step  25
────────────────────────────────────────────
  Task            : OBJECT_DELIVERY_SEQUENCE
  Action          : [+0.997, +0.000, +0.073, -1.000]
  EE posição      : [-0.170, -0.000, +0.147]
  EE velocidade   : [+0.580, -0.001, +0.180]
  Garra           : -0.000 m  (FECHADA)  contatos=0
  Cubo posição    : [-0.238, +0.067, +0.020]
  Target (target): [+0.150, +0.000, +0.020]
  Dist EE→Cubo    : 0.1591 m
  Dist Cubo→target: 0.3939 m
  Reward          : -0.3939
  Sucesso         : False
  Obstáculo caminho: nao  (count: 0)
  Objeto [object_1]: tipo=box  massa=1.0 kg  tamanho=[0.04, 0.04, 0.04]
  Target goal     : {'type': 'goal_sequence', 'targets': [{'name': 'target', 'position': [0.15000000596046448, 0.0, 0.019999999552965164]}], 'mode': 'goal_sequence'}
  Mesa            : 1.1x0.7x0.4 m  offset_x=-0.3
  Robô config     : control=ee  block_gripper=False  base=[-0.6, 0.0, 0.05]
  Scripts         : ['script_1', 'reach_only', 'left_right']
  Juntas ângulos  : [-0.00, -0.01, +0.00, -2.62, +0.00, +2.60, +0.79]
  Juntas veloc.   : [-0.00, +0.79, -0.00, +1.52, -0.00, -0.18, +0.00]
  Cubo rotação    : [-3.142, +0.000, -0.412]  (roll/pitch/yaw)
  Cubo vel.linear : [+0.000, +0.000, +0.000]
────────────────────────────────────────────
 Ep  1 | Step  26
────────────────────────────────────────────
  Task            : OBJECT_DELIVERY_SEQUENCE
  Action          : [+0.997, +0.000, +0.076, -1.000]
  EE posição      : [-0.135, -0.000, +0.151]
  EE velocidade   : [+0.436, -0.000, +0.087]
  Garra           : -0.000 m  (FECHADA)  contatos=0
  Cubo posição    : [-0.238, +0.067, +0.020]
  Target (target): [+0.150, +0.000, +0.020]
  Dist EE→Cubo    : 0.1796 m
  Dist Cubo→target: 0.3939 m
  Reward          : -0.3939
  Sucesso         : False
  Obstáculo caminho: nao  (count: 0)
  Objeto [object_1]: tipo=box  massa=1.0 kg  tamanho=[0.04, 0.04, 0.04]
  Target goal     : {'type': 'goal_sequence', 'targets': [{'name': 'target', 'position': [0.15000000596046448, 0.0, 0.019999999552965164]}], 'mode': 'goal_sequence'}
  Mesa            : 1.1x0.7x0.4 m  offset_x=-0.3
  Robô config     : control=ee  block_gripper=False  base=[-0.6, 0.0, 0.05]
  Scripts         : ['script_1', 'reach_only', 'left_right']
  Juntas ângulos  : [-0.00, +0.07, +0.00, -2.51, -0.00, +2.57, +0.79]
  Juntas veloc.   : [+0.00, +0.75, -0.00, +1.26, -0.00, -0.23, -0.00]
  Cubo rotação    : [+3.142, +0.000, -0.412]  (roll/pitch/yaw)
  Cubo vel.linear : [-0.000, +0.000, +0.000]
────────────────────────────────────────────
 Ep  1 | Step  27
────────────────────────────────────────────
  Task            : OBJECT_DELIVERY_SEQUENCE
  Action          : [+0.997, +0.000, +0.074, -1.000]
  EE posição      : [-0.101, -0.000, +0.151]
  EE velocidade   : [+0.467, -0.001, +0.108]
  Garra           : -0.000 m  (FECHADA)  contatos=0
  Cubo posição    : [-0.238, +0.067, +0.020]
  Target (target): [+0.150, +0.000, +0.020]
  Dist EE→Cubo    : 0.2011 m
  Dist Cubo→target: 0.3939 m
  Reward          : -0.3939
  Sucesso         : False
  Obstáculo caminho: nao  (count: 0)
  Objeto [object_1]: tipo=box  massa=1.0 kg  tamanho=[0.04, 0.04, 0.04]
  Target goal     : {'type': 'goal_sequence', 'targets': [{'name': 'target', 'position': [0.15000000596046448, 0.0, 0.019999999552965164]}], 'mode': 'goal_sequence'}
  Mesa            : 1.1x0.7x0.4 m  offset_x=-0.3
  Robô config     : control=ee  block_gripper=False  base=[-0.6, 0.0, 0.05]
  Scripts         : ['script_1', 'reach_only', 'left_right']
  Juntas ângulos  : [-0.00, +0.15, +0.00, -2.39, -0.00, +2.53, +0.79]
  Juntas veloc.   : [+0.00, +0.77, -0.00, +1.39, -0.00, -0.30, -0.00]
  Cubo rotação    : [+3.142, +0.000, -0.412]  (roll/pitch/yaw)
  Cubo vel.linear : [-0.000, -0.000, +0.000]
────────────────────────────────────────────
 Ep  1 | Step  28
────────────────────────────────────────────
  Task            : OBJECT_DELIVERY_SEQUENCE
  Action          : [+0.997, +0.000, +0.082, -1.000]
  EE posição      : [-0.067, -0.000, +0.152]
  EE velocidade   : [+0.434, -0.000, +0.101]
  Garra           : -0.000 m  (FECHADA)  contatos=0
  Cubo posição    : [-0.238, +0.067, +0.020]
  Target (target): [+0.150, +0.000, +0.020]
  Dist EE→Cubo    : 0.2260 m
  Dist Cubo→target: 0.3939 m
  Reward          : -0.3939
  Sucesso         : False
  Obstáculo caminho: nao  (count: 0)
  Objeto [object_1]: tipo=box  massa=1.0 kg  tamanho=[0.04, 0.04, 0.04]
  Target goal     : {'type': 'goal_sequence', 'targets': [{'name': 'target', 'position': [0.15000000596046448, 0.0, 0.019999999552965164]}], 'mode': 'goal_sequence'}
  Mesa            : 1.1x0.7x0.4 m  offset_x=-0.3
  Robô config     : control=ee  block_gripper=False  base=[-0.6, 0.0, 0.05]
  Scripts         : ['script_1', 'reach_only', 'left_right']
  Juntas ângulos  : [-0.00, +0.22, +0.00, -2.28, -0.00, +2.49, +0.79]
  Juntas veloc.   : [+0.00, +0.72, -0.00, +1.33, -0.00, -0.30, -0.00]
  Cubo rotação    : [+3.142, +0.000, -0.412]  (roll/pitch/yaw)
  Cubo vel.linear : [-0.000, -0.000, +0.000]
────────────────────────────────────────────
 Ep  1 | Step  29
────────────────────────────────────────────
  Task            : OBJECT_DELIVERY_SEQUENCE
  Action          : [+0.996, +0.000, +0.089, -1.000]
  EE posição      : [-0.035, -0.000, +0.153]
  EE velocidade   : [+0.418, -0.000, +0.092]
  Garra           : -0.000 m  (FECHADA)  contatos=0
  Cubo posição    : [-0.238, +0.067, +0.020]
  Target (target): [+0.150, +0.000, +0.020]
  Dist EE→Cubo    : 0.2523 m
  Dist Cubo→target: 0.3939 m
  Reward          : -0.3939
  Sucesso         : False
  Obstáculo caminho: nao  (count: 0)
  Objeto [object_1]: tipo=box  massa=1.0 kg  tamanho=[0.04, 0.04, 0.04]
  Target goal     : {'type': 'goal_sequence', 'targets': [{'name': 'target', 'position': [0.15000000596046448, 0.0, 0.019999999552965164]}], 'mode': 'goal_sequence'}
  Mesa            : 1.1x0.7x0.4 m  offset_x=-0.3
  Robô config     : control=ee  block_gripper=False  base=[-0.6, 0.0, 0.05]
  Scripts         : ['script_1', 'reach_only', 'left_right']
  Juntas ângulos  : [-0.00, +0.30, +0.00, -2.16, -0.00, +2.45, +0.79]
  Juntas veloc.   : [+0.00, +0.73, -0.00, +1.36, -0.00, -0.33, -0.00]
  Cubo rotação    : [+3.142, +0.000, -0.412]  (roll/pitch/yaw)
  Cubo vel.linear : [-0.000, -0.000, +0.000]
────────────────────────────────────────────
 Ep  1 | Step  30
────────────────────────────────────────────
  Task            : OBJECT_DELIVERY_SEQUENCE
  Action          : [+0.995, +0.000, +0.099, -1.000]
  EE posição      : [-0.003, -0.000, +0.155]
  EE velocidade   : [+0.400, -0.000, +0.110]
  Garra           : -0.000 m  (FECHADA)  contatos=0
  Cubo posição    : [-0.238, +0.067, +0.020]
  Target (target): [+0.150, +0.000, +0.020]
  Dist EE→Cubo    : 0.2796 m
  Dist Cubo→target: 0.3939 m
  Reward          : -0.3939
  Sucesso         : False
  Obstáculo caminho: nao  (count: 0)
  Objeto [object_1]: tipo=box  massa=1.0 kg  tamanho=[0.04, 0.04, 0.04]
  Target goal     : {'type': 'goal_sequence', 'targets': [{'name': 'target', 'position': [0.15000000596046448, 0.0, 0.019999999552965164]}], 'mode': 'goal_sequence'}
  Mesa            : 1.1x0.7x0.4 m  offset_x=-0.3
  Robô config     : control=ee  block_gripper=False  base=[-0.6, 0.0, 0.05]
  Scripts         : ['script_1', 'reach_only', 'left_right']
  Juntas ângulos  : [-0.00, +0.37, +0.00, -2.03, -0.00, +2.40, +0.79]
  Juntas veloc.   : [+0.00, +0.68, -0.00, +1.35, -0.00, -0.36, +0.00]
  Cubo rotação    : [+3.142, +0.000, -0.412]  (roll/pitch/yaw)
  Cubo vel.linear : [-0.000, -0.000, +0.000]
────────────────────────────────────────────
 Ep  1 | Step  31
────────────────────────────────────────────
  Task            : OBJECT_DELIVERY_SEQUENCE
  Action          : [+0.994, +0.000, +0.108, -1.000]
  EE posição      : [+0.028, -0.000, +0.157]
  EE velocidade   : [+0.368, -0.000, +0.097]
  Garra           : -0.000 m  (FECHADA)  contatos=0
  Cubo posição    : [-0.238, +0.067, +0.020]
  Target (target): [+0.150, +0.000, +0.020]
  Dist EE→Cubo    : 0.3069 m
  Dist Cubo→target: 0.3939 m
  Reward          : -0.3939
  Sucesso         : False
  Obstáculo caminho: nao  (count: 0)
  Objeto [object_1]: tipo=box  massa=1.0 kg  tamanho=[0.04, 0.04, 0.04]
  Target goal     : {'type': 'goal_sequence', 'targets': [{'name': 'target', 'position': [0.15000000596046448, 0.0, 0.019999999552965164]}], 'mode': 'goal_sequence'}
  Mesa            : 1.1x0.7x0.4 m  offset_x=-0.3
  Robô config     : control=ee  block_gripper=False  base=[-0.6, 0.0, 0.05]
  Scripts         : ['script_1', 'reach_only', 'left_right']
  Juntas ângulos  : [-0.00, +0.45, +0.00, -1.91, -0.00, +2.35, +0.79]
  Juntas veloc.   : [+0.00, +0.68, -0.00, +1.34, -0.00, -0.39, +0.00]
  Cubo rotação    : [+3.142, +0.000, -0.412]  (roll/pitch/yaw)
  Cubo vel.linear : [-0.000, -0.000, +0.000]
────────────────────────────────────────────
 Ep  1 | Step  32
────────────────────────────────────────────
  Task            : OBJECT_DELIVERY_SEQUENCE
  Action          : [+0.993, +0.000, +0.117, -1.000]
  EE posição      : [+0.057, -0.000, +0.159]
  EE velocidade   : [+0.331, -0.000, +0.074]
  Garra           : -0.000 m  (FECHADA)  contatos=0
  Cubo posição    : [-0.238, +0.067, +0.020]
  Target (target): [+0.150, +0.000, +0.020]
  Dist EE→Cubo    : 0.3329 m
  Dist Cubo→target: 0.3939 m
  Reward          : -0.3939
  Sucesso         : False
  Obstáculo caminho: nao  (count: 0)
  Objeto [object_1]: tipo=box  massa=1.0 kg  tamanho=[0.04, 0.04, 0.04]
  Target goal     : {'type': 'goal_sequence', 'targets': [{'name': 'target', 'position': [0.15000000596046448, 0.0, 0.019999999552965164]}], 'mode': 'goal_sequence'}
  Mesa            : 1.1x0.7x0.4 m  offset_x=-0.3
  Robô config     : control=ee  block_gripper=False  base=[-0.6, 0.0, 0.05]
  Scripts         : ['script_1', 'reach_only', 'left_right']
  Juntas ângulos  : [-0.00, +0.52, +0.00, -1.78, -0.00, +2.30, +0.79]
  Juntas veloc.   : [+0.00, +0.70, -0.00, +1.33, -0.00, -0.41, +0.00]
  Cubo rotação    : [+3.142, +0.000, -0.412]  (roll/pitch/yaw)
  Cubo vel.linear : [-0.000, -0.000, +0.000]
────────────────────────────────────────────
 Ep  1 | Step  33
────────────────────────────────────────────
  Task            : OBJECT_DELIVERY_SEQUENCE
  Action          : [+0.991, +0.000, +0.134, -1.000]
  EE posição      : [+0.084, -0.000, +0.162]
  EE velocidade   : [+0.306, -0.000, +0.111]
  Garra           : 0.000 m  (FECHADA)  contatos=0
  Cubo posição    : [-0.238, +0.067, +0.020]
  Target (target): [+0.150, +0.000, +0.020]
  Dist EE→Cubo    : 0.3581 m
  Dist Cubo→target: 0.3939 m
  Reward          : -0.3939
  Sucesso         : False
  Obstáculo caminho: nao  (count: 0)
  Objeto [object_1]: tipo=box  massa=1.0 kg  tamanho=[0.04, 0.04, 0.04]
  Target goal     : {'type': 'goal_sequence', 'targets': [{'name': 'target', 'position': [0.15000000596046448, 0.0, 0.019999999552965164]}], 'mode': 'goal_sequence'}
  Mesa            : 1.1x0.7x0.4 m  offset_x=-0.3
  Robô config     : control=ee  block_gripper=False  base=[-0.6, 0.0, 0.05]
  Scripts         : ['script_1', 'reach_only', 'left_right']
  Juntas ângulos  : [-0.00, +0.59, +0.00, -1.65, -0.00, +2.24, +0.79]
  Juntas veloc.   : [+0.00, +0.61, -0.00, +1.29, -0.00, -0.42, +0.00]
  Cubo rotação    : [+3.142, +0.000, -0.412]  (roll/pitch/yaw)
  Cubo vel.linear : [-0.000, -0.000, +0.000]
────────────────────────────────────────────
 Ep  1 | Step  34
────────────────────────────────────────────
  Task            : OBJECT_DELIVERY_SEQUENCE
  Action          : [+0.990, +0.000, +0.144, -1.000]
  EE posição      : [+0.108, -0.000, +0.166]
  EE velocidade   : [+0.263, +0.000, +0.097]
  Garra           : -0.000 m  (FECHADA)  contatos=0
  Cubo posição    : [-0.238, +0.067, +0.020]
  Target (target): [+0.150, +0.000, +0.020]
  Dist EE→Cubo    : 0.3819 m
  Dist Cubo→target: 0.3939 m
  Reward          : -0.3939
  Sucesso         : False
  Obstáculo caminho: nao  (count: 0)
  Objeto [object_1]: tipo=box  massa=1.0 kg  tamanho=[0.04, 0.04, 0.04]
  Target goal     : {'type': 'goal_sequence', 'targets': [{'name': 'target', 'position': [0.15000000596046448, 0.0, 0.019999999552965164]}], 'mode': 'goal_sequence'}
  Mesa            : 1.1x0.7x0.4 m  offset_x=-0.3
  Robô config     : control=ee  block_gripper=False  base=[-0.6, 0.0, 0.05]
  Scripts         : ['script_1', 'reach_only', 'left_right']
  Juntas ângulos  : [-0.00, +0.66, +0.00, -1.52, -0.00, +2.19, +0.79]
  Juntas veloc.   : [+0.00, +0.60, +0.00, +1.24, -0.00, -0.44, +0.00]
  Cubo rotação    : [+3.142, +0.000, -0.412]  (roll/pitch/yaw)
  Cubo vel.linear : [-0.000, -0.000, -0.000]
────────────────────────────────────────────
 Ep  1 | Step  35
────────────────────────────────────────────
  Task            : OBJECT_DELIVERY_SEQUENCE
  Action          : [+0.991, +0.000, +0.132, -1.000]
  EE posição      : [+0.130, -0.000, +0.170]
  EE velocidade   : [+0.213, +0.000, +0.043]
  Garra           : -0.000 m  (FECHADA)  contatos=0
  Cubo posição    : [-0.238, +0.067, +0.020]
  Target (target): [+0.150, +0.000, +0.020]
  Dist EE→Cubo    : 0.4033 m
  Dist Cubo→target: 0.3939 m
  Reward          : -0.3939
  Sucesso         : False
  Obstáculo caminho: nao  (count: 0)
  Objeto [object_1]: tipo=box  massa=1.0 kg  tamanho=[0.04, 0.04, 0.04]
  Target goal     : {'type': 'goal_sequence', 'targets': [{'name': 'target', 'position': [0.15000000596046448, 0.0, 0.019999999552965164]}], 'mode': 'goal_sequence'}
  Mesa            : 1.1x0.7x0.4 m  offset_x=-0.3
  Robô config     : control=ee  block_gripper=False  base=[-0.6, 0.0, 0.05]
  Scripts         : ['script_1', 'reach_only', 'left_right']
  Juntas ângulos  : [-0.00, +0.73, +0.00, -1.40, -0.00, +2.13, +0.79]
  Juntas veloc.   : [+0.00, +0.63, -0.00, +1.19, +0.00, -0.44, +0.00]
  Cubo rotação    : [+3.142, +0.000, -0.412]  (roll/pitch/yaw)
  Cubo vel.linear : [-0.000, -0.000, -0.000]
────────────────────────────────────────────
 Ep  1 | Step  36
────────────────────────────────────────────
  Task            : OBJECT_DELIVERY_SEQUENCE
  Action          : [+0.998, +0.000, +0.068, -1.000]
  EE posição      : [+0.149, +0.000, +0.171]
  EE velocidade   : [+0.175, -0.000, +0.015]
  Garra           : -0.000 m  (FECHADA)  contatos=0
  Cubo posição    : [-0.238, +0.067, +0.020]
  Target (target): [+0.150, +0.000, +0.020]
  Dist EE→Cubo    : 0.4206 m
  Dist Cubo→target: 0.3939 m
  Reward          : -0.3939
  Sucesso         : False
  Obstáculo caminho: nao  (count: 0)
  Objeto [object_1]: tipo=box  massa=1.0 kg  tamanho=[0.04, 0.04, 0.04]
  Target goal     : {'type': 'goal_sequence', 'targets': [{'name': 'target', 'position': [0.15000000596046448, 0.0, 0.019999999552965164]}], 'mode': 'goal_sequence'}
  Mesa            : 1.1x0.7x0.4 m  offset_x=-0.3
  Robô config     : control=ee  block_gripper=False  base=[-0.6, 0.0, 0.05]
  Scripts         : ['script_1', 'reach_only', 'left_right']
  Juntas ângulos  : [-0.00, +0.80, +0.00, -1.28, -0.00, +2.08, +0.79]
  Juntas veloc.   : [+0.00, +0.62, -0.00, +1.11, +0.00, -0.40, +0.00]
  Cubo rotação    : [+3.142, +0.000, -0.412]  (roll/pitch/yaw)
  Cubo vel.linear : [-0.000, -0.000, -0.000]
────────────────────────────────────────────
 Ep  1 | Step  37
────────────────────────────────────────────
  Task            : OBJECT_DELIVERY_SEQUENCE
  Action          : [+0.000, +0.000, +0.000, -1.000]
  EE posição      : [+0.148, -0.000, +0.171]
  EE velocidade   : [-0.005, -0.000, +0.002]
  Garra           : 0.000 m  (FECHADA)  contatos=0
  Cubo posição    : [-0.238, +0.067, +0.020]
  Target (target): [+0.150, +0.000, +0.020]
  Dist EE→Cubo    : 0.4201 m
  Dist Cubo→target: 0.3939 m
  Reward          : -0.3939
  Sucesso         : False
  Obstáculo caminho: nao  (count: 0)
  Objeto [object_1]: tipo=box  massa=1.0 kg  tamanho=[0.04, 0.04, 0.04]
  Target goal     : {'type': 'goal_sequence', 'targets': [{'name': 'target', 'position': [0.15000000596046448, 0.0, 0.019999999552965164]}], 'mode': 'goal_sequence'}
  Mesa            : 1.1x0.7x0.4 m  offset_x=-0.3
  Robô config     : control=ee  block_gripper=False  base=[-0.6, 0.0, 0.05]
  Scripts         : ['script_1', 'reach_only', 'left_right']
  Juntas ângulos  : [-0.00, +0.80, +0.00, -1.28, -0.00, +2.07, +0.79]
  Juntas veloc.   : [-0.00, -0.00, -0.00, +0.01, +0.00, -0.04, -0.00]
  Cubo rotação    : [+3.142, +0.000, -0.412]  (roll/pitch/yaw)
  Cubo vel.linear : [-0.000, -0.000, -0.000]
