────────────────────────────────────────────
 Ep  1 | Step   1
────────────────────────────────────────────
  Task            : OBJECT_DELIVERY_SEQUENCE
  Action          : [-0.984, +0.000, -0.179, +1.000]
  EE posição      : [+0.009, +0.000, +0.191]
  EE velocidade   : [-0.416, +0.000, -0.050]
  Garra           : 0.070 m  (ABERTA)  contatos=0
  Cubo posição    : [-0.250, +0.000, +0.020]
  Target (target): [+0.150, +0.000, +0.020]
  Dist EE→Cubo    : 0.3106 m
  Dist Cubo→target: 0.4000 m
  Reward          : -0.4000
  Sucesso         : False
  Obstáculo caminho: nao  (count: 0)
  Objeto [object_1]: tipo=box  massa=1.0 kg  tamanho=[0.04, 0.04, 0.04]
  Target goal     : {'type': 'goal_sequence', 'targets': [{'name': 'target', 'position': [0.15000000596046448, 0.0, 0.019999999552965164]}], 'mode': 'goal_sequence'}
  Mesa            : 1.1x0.7x0.4 m  offset_x=-0.3
  Robô config     : control=ee  block_gripper=False  base=[-0.6, 0.0, 0.05]
  Scripts         : ['script_1', 'reach_only', 'left_right']
  Juntas ângulos  : [-0.00, +0.34, +0.00, -1.98, -0.00, +2.32, +0.79]
  Juntas veloc.   : [-0.00, -0.95, +0.01, -1.57, -0.00, +0.45, -0.03]
  Cubo rotação    : [+0.000, -0.000, -0.000]  (roll/pitch/yaw)
  Cubo vel.linear : [-0.000, +0.000, -0.000]
────────────────────────────────────────────
 Ep  1 | Step   2
────────────────────────────────────────────
  Task            : OBJECT_DELIVERY_SEQUENCE
  Action          : [-0.985, -0.000, -0.173, +1.000]
  EE posição      : [-0.022, +0.000, +0.184]
  EE velocidade   : [-0.369, +0.000, -0.076]
  Garra           : 0.079 m  (ABERTA)  contatos=0
  Cubo posição    : [-0.250, +0.000, +0.020]
  Target (target): [+0.150, +0.000, +0.020]
  Dist EE→Cubo    : 0.2806 m
  Dist Cubo→target: 0.4000 m
  Reward          : -0.4000
  Sucesso         : False
  Obstáculo caminho: nao  (count: 0)
  Objeto [object_1]: tipo=box  massa=1.0 kg  tamanho=[0.04, 0.04, 0.04]
  Target goal     : {'type': 'goal_sequence', 'targets': [{'name': 'target', 'position': [0.15000000596046448, 0.0, 0.019999999552965164]}], 'mode': 'goal_sequence'}
  Mesa            : 1.1x0.7x0.4 m  offset_x=-0.3
  Robô config     : control=ee  block_gripper=False  base=[-0.6, 0.0, 0.05]
  Scripts         : ['script_1', 'reach_only', 'left_right']
  Juntas ângulos  : [-0.00, +0.27, +0.00, -2.11, -0.00, +2.38, +0.79]
  Juntas veloc.   : [-0.00, -0.76, +0.00, -1.33, +0.00, +0.44, -0.00]
  Cubo rotação    : [+0.000, -0.000, -0.000]  (roll/pitch/yaw)
  Cubo vel.linear : [-0.000, +0.000, -0.000]
────────────────────────────────────────────
 Ep  1 | Step   3
────────────────────────────────────────────
  Task            : OBJECT_DELIVERY_SEQUENCE
  Action          : [-0.985, -0.000, -0.170, +1.000]
  EE posição      : [-0.056, +0.000, +0.177]
  EE velocidade   : [-0.389, +0.000, -0.065]
  Garra           : 0.080 m  (ABERTA)  contatos=0
  Cubo posição    : [-0.250, +0.000, +0.020]
  Target (target): [+0.150, +0.000, +0.020]
  Dist EE→Cubo    : 0.2501 m
  Dist Cubo→target: 0.4000 m
  Reward          : -0.4000
  Sucesso         : False
  Obstáculo caminho: nao  (count: 0)
  Objeto [object_1]: tipo=box  massa=1.0 kg  tamanho=[0.04, 0.04, 0.04]
  Target goal     : {'type': 'goal_sequence', 'targets': [{'name': 'target', 'position': [0.15000000596046448, 0.0, 0.019999999552965164]}], 'mode': 'goal_sequence'}
  Mesa            : 1.1x0.7x0.4 m  offset_x=-0.3
  Robô config     : control=ee  block_gripper=False  base=[-0.6, 0.0, 0.05]
  Scripts         : ['script_1', 'reach_only', 'left_right']
  Juntas ângulos  : [-0.00, +0.20, +0.00, -2.23, -0.00, +2.43, +0.79]
  Juntas veloc.   : [-0.00, -0.80, +0.00, -1.35, +0.00, +0.43, -0.00]
  Cubo rotação    : [+0.000, -0.000, -0.000]  (roll/pitch/yaw)
  Cubo vel.linear : [-0.000, +0.000, -0.000]
────────────────────────────────────────────
 Ep  1 | Step   4
────────────────────────────────────────────
  Task            : OBJECT_DELIVERY_SEQUENCE
  Action          : [-0.986, -0.000, -0.164, +1.000]
  EE posição      : [-0.090, +0.000, +0.171]
  EE velocidade   : [-0.401, +0.000, -0.070]
  Garra           : 0.080 m  (ABERTA)  contatos=0
  Cubo posição    : [-0.250, +0.000, +0.020]
  Target (target): [+0.150, +0.000, +0.020]
  Dist EE→Cubo    : 0.2199 m
  Dist Cubo→target: 0.4000 m
  Reward          : -0.4000
  Sucesso         : False
  Obstáculo caminho: nao  (count: 0)
  Objeto [object_1]: tipo=box  massa=1.0 kg  tamanho=[0.04, 0.04, 0.04]
  Target goal     : {'type': 'goal_sequence', 'targets': [{'name': 'target', 'position': [0.15000000596046448, 0.0, 0.019999999552965164]}], 'mode': 'goal_sequence'}
  Mesa            : 1.1x0.7x0.4 m  offset_x=-0.3
  Robô config     : control=ee  block_gripper=False  base=[-0.6, 0.0, 0.05]
  Scripts         : ['script_1', 'reach_only', 'left_right']
  Juntas ângulos  : [-0.00, +0.13, +0.00, -2.36, -0.00, +2.48, +0.79]
  Juntas veloc.   : [-0.00, -0.80, +0.00, -1.33, +0.00, +0.41, -0.00]
  Cubo rotação    : [+0.000, -0.000, -0.000]  (roll/pitch/yaw)
  Cubo vel.linear : [-0.000, +0.000, -0.000]
────────────────────────────────────────────
 Ep  1 | Step   5
────────────────────────────────────────────
  Task            : OBJECT_DELIVERY_SEQUENCE
  Action          : [-0.988, -0.000, -0.158, +1.000]
  EE posição      : [-0.125, +0.000, +0.163]
  EE velocidade   : [-0.381, +0.001, -0.049]
  Garra           : 0.080 m  (ABERTA)  contatos=0
  Cubo posição    : [-0.250, +0.000, +0.020]
  Target (target): [+0.150, +0.000, +0.020]
  Dist EE→Cubo    : 0.1900 m
  Dist Cubo→target: 0.4000 m
  Reward          : -0.4000
  Sucesso         : False
  Obstáculo caminho: nao  (count: 0)
  Objeto [object_1]: tipo=box  massa=1.0 kg  tamanho=[0.04, 0.04, 0.04]
  Target goal     : {'type': 'goal_sequence', 'targets': [{'name': 'target', 'position': [0.15000000596046448, 0.0, 0.019999999552965164]}], 'mode': 'goal_sequence'}
  Mesa            : 1.1x0.7x0.4 m  offset_x=-0.3
  Robô config     : control=ee  block_gripper=False  base=[-0.6, 0.0, 0.05]
  Scripts         : ['script_1', 'reach_only', 'left_right']
  Juntas ângulos  : [-0.00, +0.06, +0.00, -2.48, -0.00, +2.54, +0.79]
  Juntas veloc.   : [-0.00, -0.81, +0.00, -1.25, +0.00, +0.39, -0.00]
  Cubo rotação    : [+0.000, -0.000, -0.000]  (roll/pitch/yaw)
  Cubo vel.linear : [-0.000, +0.000, -0.000]
────────────────────────────────────────────
 Ep  1 | Step   6
────────────────────────────────────────────
  Task            : OBJECT_DELIVERY_SEQUENCE
  Action          : [-0.990, -0.001, -0.144, +1.000]
  EE posição      : [-0.161, +0.000, +0.156]
  EE velocidade   : [-0.408, +0.001, -0.067]
  Garra           : 0.080 m  (ABERTA)  contatos=0
  Cubo posição    : [-0.250, +0.000, +0.020]
  Target (target): [+0.150, +0.000, +0.020]
  Dist EE→Cubo    : 0.1629 m
  Dist Cubo→target: 0.4000 m
  Reward          : -0.4000
  Sucesso         : False
  Obstáculo caminho: nao  (count: 0)
  Objeto [object_1]: tipo=box  massa=1.0 kg  tamanho=[0.04, 0.04, 0.04]
  Target goal     : {'type': 'goal_sequence', 'targets': [{'name': 'target', 'position': [0.15000000596046448, 0.0, 0.019999999552965164]}], 'mode': 'goal_sequence'}
  Mesa            : 1.1x0.7x0.4 m  offset_x=-0.3
  Robô config     : control=ee  block_gripper=False  base=[-0.6, 0.0, 0.05]
  Scripts         : ['script_1', 'reach_only', 'left_right']
  Juntas ângulos  : [-0.00, -0.02, +0.00, -2.60, +0.00, +2.58, +0.79]
  Juntas veloc.   : [-0.00, -0.83, +0.00, -1.28, +0.00, +0.37, -0.00]
  Cubo rotação    : [+0.000, -0.000, -0.000]  (roll/pitch/yaw)
  Cubo vel.linear : [-0.000, +0.000, -0.000]
────────────────────────────────────────────
 Ep  1 | Step   7
────────────────────────────────────────────
  Task            : OBJECT_DELIVERY_SEQUENCE
  Action          : [-0.992, -0.001, -0.125, +1.000]
  EE posição      : [-0.197, +0.000, +0.149]
  EE velocidade   : [-0.431, +0.000, -0.082]
  Garra           : 0.080 m  (ABERTA)  contatos=0
  Cubo posição    : [-0.250, +0.000, +0.020]
  Target (target): [+0.150, +0.000, +0.020]
  Dist EE→Cubo    : 0.1396 m
  Dist Cubo→target: 0.4000 m
  Reward          : -0.4000
  Sucesso         : False
  Obstáculo caminho: nao  (count: 0)
  Objeto [object_1]: tipo=box  massa=1.0 kg  tamanho=[0.04, 0.04, 0.04]
  Target goal     : {'type': 'goal_sequence', 'targets': [{'name': 'target', 'position': [0.15000000596046448, 0.0, 0.019999999552965164]}], 'mode': 'goal_sequence'}
  Mesa            : 1.1x0.7x0.4 m  offset_x=-0.3
  Robô config     : control=ee  block_gripper=False  base=[-0.6, 0.0, 0.05]
  Scripts         : ['script_1', 'reach_only', 'left_right']
  Juntas ângulos  : [-0.00, -0.09, +0.00, -2.72, +0.00, +2.63, +0.79]
  Juntas veloc.   : [-0.00, -0.85, +0.00, -1.30, +0.00, +0.34, -0.00]
  Cubo rotação    : [+0.000, -0.000, -0.000]  (roll/pitch/yaw)
  Cubo vel.linear : [-0.000, +0.000, -0.000]
────────────────────────────────────────────
 Ep  1 | Step   8
────────────────────────────────────────────
  Task            : OBJECT_DELIVERY_SEQUENCE
  Action          : [-0.997, -0.001, -0.079, +1.000]
  EE posição      : [-0.234, +0.000, +0.143]
  EE velocidade   : [-0.430, -0.000, -0.072]
  Garra           : 0.080 m  (ABERTA)  contatos=0
  Cubo posição    : [-0.250, +0.000, +0.020]
  Target (target): [+0.150, +0.000, +0.020]
  Dist EE→Cubo    : 0.1238 m
  Dist Cubo→target: 0.4000 m
  Reward          : -0.4000
  Sucesso         : False
  Obstáculo caminho: nao  (count: 0)
  Objeto [object_1]: tipo=box  massa=1.0 kg  tamanho=[0.04, 0.04, 0.04]
  Target goal     : {'type': 'goal_sequence', 'targets': [{'name': 'target', 'position': [0.15000000596046448, 0.0, 0.019999999552965164]}], 'mode': 'goal_sequence'}
  Mesa            : 1.1x0.7x0.4 m  offset_x=-0.3
  Robô config     : control=ee  block_gripper=False  base=[-0.6, 0.0, 0.05]
  Scripts         : ['script_1', 'reach_only', 'left_right']
  Juntas ângulos  : [-0.00, -0.17, +0.00, -2.83, +0.00, +2.66, +0.79]
  Juntas veloc.   : [+0.00, -0.93, +0.00, -1.29, +0.00, +0.28, -0.00]
  Cubo rotação    : [+0.000, -0.000, -0.000]  (roll/pitch/yaw)
  Cubo vel.linear : [-0.000, +0.000, -0.000]
────────────────────────────────────────────
 Ep  1 | Step   9
────────────────────────────────────────────
  Task            : OBJECT_DELIVERY_SEQUENCE
  Action          : [-0.991, -0.001, +0.136, +1.000]
  EE posição      : [-0.271, -0.000, +0.139]
  EE velocidade   : [-0.374, -0.000, +0.026]
  Garra           : 0.080 m  (ABERTA)  contatos=0
  Cubo posição    : [-0.250, +0.000, +0.020]
  Target (target): [+0.150, +0.000, +0.020]
  Dist EE→Cubo    : 0.1214 m
  Dist Cubo→target: 0.4000 m
  Reward          : -0.4000
  Sucesso         : False
  Obstáculo caminho: nao  (count: 0)
  Objeto [object_1]: tipo=box  massa=1.0 kg  tamanho=[0.04, 0.04, 0.04]
  Target goal     : {'type': 'goal_sequence', 'targets': [{'name': 'target', 'position': [0.15000000596046448, 0.0, 0.019999999552965164]}], 'mode': 'goal_sequence'}
  Mesa            : 1.1x0.7x0.4 m  offset_x=-0.3
  Robô config     : control=ee  block_gripper=False  base=[-0.6, 0.0, 0.05]
  Scripts         : ['script_1', 'reach_only', 'left_right']
  Juntas ângulos  : [-0.00, -0.26, +0.00, -2.95, +0.00, +2.67, +0.79]
  Juntas veloc.   : [+0.00, -1.30, -0.00, -1.23, +0.00, +0.06, -0.00]
  Cubo rotação    : [+0.000, -0.000, -0.000]  (roll/pitch/yaw)
  Cubo vel.linear : [-0.000, +0.000, -0.000]
────────────────────────────────────────────
 Ep  1 | Step  10
────────────────────────────────────────────
  Task            : OBJECT_DELIVERY_SEQUENCE
  Action          : [+0.221, +0.000, -0.975, +1.000]
  EE posição      : [-0.259, -0.000, +0.128]
  EE velocidade   : [-0.410, +0.000, -1.063]
  Garra           : 0.080 m  (ABERTA)  contatos=0
  Cubo posição    : [-0.250, +0.000, +0.020]
  Target (target): [+0.150, +0.000, +0.020]
  Dist EE→Cubo    : 0.1080 m
  Dist Cubo→target: 0.4000 m
  Reward          : -0.4000
  Sucesso         : False
  Obstáculo caminho: nao  (count: 0)
  Objeto [object_1]: tipo=box  massa=1.0 kg  tamanho=[0.04, 0.04, 0.04]
  Target goal     : {'type': 'goal_sequence', 'targets': [{'name': 'target', 'position': [0.15000000596046448, 0.0, 0.019999999552965164]}], 'mode': 'goal_sequence'}
  Mesa            : 1.1x0.7x0.4 m  offset_x=-0.3
  Robô config     : control=ee  block_gripper=False  base=[-0.6, 0.0, 0.05]
  Scripts         : ['script_1', 'reach_only', 'left_right']
  Juntas ângulos  : [-0.00, -0.18, +0.00, -2.94, +0.00, +2.79, +0.79]
  Juntas veloc.   : [-0.00, +3.63, +0.00, +0.27, -0.00, +0.94, +0.00]
  Cubo rotação    : [+0.000, -0.000, -0.000]  (roll/pitch/yaw)
  Cubo vel.linear : [-0.000, +0.000, -0.000]
────────────────────────────────────────────
 Ep  1 | Step  11
────────────────────────────────────────────
  Task            : OBJECT_DELIVERY_SEQUENCE
  Action          : [+0.109, +0.000, -0.994, +1.000]
  EE posição      : [-0.265, -0.000, +0.088]
  EE velocidade   : [-0.271, +0.000, -0.620]
  Garra           : 0.080 m  (ABERTA)  contatos=0
  Cubo posição    : [-0.250, +0.000, +0.020]
  Target (target): [+0.150, +0.000, +0.020]
  Dist EE→Cubo    : 0.0700 m
  Dist Cubo→target: 0.4000 m
  Reward          : -0.4000
  Sucesso         : False
  Obstáculo caminho: nao  (count: 0)
  Objeto [object_1]: tipo=box  massa=1.0 kg  tamanho=[0.04, 0.04, 0.04]
  Target goal     : {'type': 'goal_sequence', 'targets': [{'name': 'target', 'position': [0.15000000596046448, 0.0, 0.019999999552965164]}], 'mode': 'goal_sequence'}
  Mesa            : 1.1x0.7x0.4 m  offset_x=-0.3
  Robô config     : control=ee  block_gripper=False  base=[-0.6, 0.0, 0.05]
  Scripts         : ['script_1', 'reach_only', 'left_right']
  Juntas ângulos  : [-0.00, -0.03, +0.00, -2.91, +0.00, +2.86, +0.79]
  Juntas veloc.   : [-0.00, +2.19, +0.00, +0.28, -0.00, +0.51, +0.00]
  Cubo rotação    : [+0.000, -0.000, -0.000]  (roll/pitch/yaw)
  Cubo vel.linear : [+0.000, +0.000, +0.000]
────────────────────────────────────────────
 Ep  1 | Step  12
────────────────────────────────────────────
  Task            : OBJECT_DELIVERY_SEQUENCE
  Action          : [+0.322, +0.000, -0.947, +1.000]
  EE posição      : [-0.257, -0.000, +0.059]
  EE velocidade   : [-0.178, +0.000, -0.588]
  Garra           : 0.080 m  (ABERTA)  contatos=0
  Cubo posição    : [-0.250, +0.000, +0.020]
  Target (target): [+0.150, +0.000, +0.020]
  Dist EE→Cubo    : 0.0391 m
  Dist Cubo→target: 0.4000 m
  Reward          : -0.4000
  Sucesso         : False
  Obstáculo caminho: nao  (count: 0)
  Objeto [object_1]: tipo=box  massa=1.0 kg  tamanho=[0.04, 0.04, 0.04]
  Target goal     : {'type': 'goal_sequence', 'targets': [{'name': 'target', 'position': [0.15000000596046448, 0.0, 0.019999999552965164]}], 'mode': 'goal_sequence'}
  Mesa            : 1.1x0.7x0.4 m  offset_x=-0.3
  Robô config     : control=ee  block_gripper=False  base=[-0.6, 0.0, 0.05]
  Scripts         : ['script_1', 'reach_only', 'left_right']
  Juntas ângulos  : [-0.00, +0.11, +0.00, -2.87, -0.00, +2.97, +0.79]
  Juntas veloc.   : [+0.00, +2.20, -0.00, +0.42, -0.00, +0.87, +0.00]
  Cubo rotação    : [+0.000, -0.000, -0.000]  (roll/pitch/yaw)
  Cubo vel.linear : [+0.000, -0.000, +0.000]
────────────────────────────────────────────
 Ep  1 | Step  13
────────────────────────────────────────────
  Task            : OBJECT_DELIVERY_SEQUENCE
  Action          : [+0.444, +0.001, -0.896, +1.000]
  EE posição      : [-0.245, +0.000, +0.027]
  EE velocidade   : [-0.104, +0.000, -0.615]
  Garra           : 0.080 m  (ABERTA)  contatos=0
  Cubo posição    : [-0.250, +0.000, +0.020]
  Target (target): [+0.150, +0.000, +0.020]
  Dist EE→Cubo    : 0.0092 m
  Dist Cubo→target: 0.4000 m
  Reward          : -0.4000
  Sucesso         : False
  Obstáculo caminho: nao  (count: 0)
  Objeto [object_1]: tipo=box  massa=1.0 kg  tamanho=[0.04, 0.04, 0.04]
  Target goal     : {'type': 'goal_sequence', 'targets': [{'name': 'target', 'position': [0.15000000596046448, 0.0, 0.019999999552965164]}], 'mode': 'goal_sequence'}
  Mesa            : 1.1x0.7x0.4 m  offset_x=-0.3
  Robô config     : control=ee  block_gripper=False  base=[-0.6, 0.0, 0.05]
  Scripts         : ['script_1', 'reach_only', 'left_right']
  Juntas ângulos  : [-0.00, +0.26, +0.00, -2.81, -0.00, +3.05, +0.79]
  Juntas veloc.   : [+0.00, +2.32, -0.00, +0.80, -0.00, +0.62, +0.00]
  Cubo rotação    : [-0.000, -0.000, -0.000]  (roll/pitch/yaw)
  Cubo vel.linear : [+0.000, -0.000, +0.000]
────────────────────────────────────────────
 Ep  1 | Step  14
────────────────────────────────────────────
  Task            : OBJECT_DELIVERY_SEQUENCE
  Action          : [+0.000, +0.000, +0.000, -1.000]
  EE posição      : [-0.250, +0.000, +0.022]
  EE velocidade   : [+0.259, +0.000, +0.310]
  Garra           : 0.039 m  (AGARRADA)  contatos=2
  Cubo posição    : [-0.248, -0.000, +0.023]
  Target (target): [+0.150, +0.000, +0.020]
  Dist EE→Cubo    : 0.0020 m
  Dist Cubo→target: 0.3981 m
  Reward          : -0.3981
  Sucesso         : False
  Obstáculo caminho: nao  (count: 0)
  Objeto [object_1]: tipo=box  massa=1.0 kg  tamanho=[0.04, 0.04, 0.04]
  Target goal     : {'type': 'goal_sequence', 'targets': [{'name': 'target', 'position': [0.15000000596046448, 0.0, 0.019999999552965164]}], 'mode': 'goal_sequence'}
  Mesa            : 1.1x0.7x0.4 m  offset_x=-0.3
  Robô config     : control=ee  block_gripper=False  base=[-0.6, 0.0, 0.05]
  Scripts         : ['script_1', 'reach_only', 'left_right']
  Juntas ângulos  : [-0.00, +0.27, +0.00, -2.82, -0.00, +3.07, +0.79]
  Juntas veloc.   : [+0.00, -0.90, -0.00, -0.09, -0.00, +0.14, +0.00]
  Cubo rotação    : [+0.000, -0.011, +0.003]  (roll/pitch/yaw)
  Cubo vel.linear : [+0.258, -0.007, +0.311]
────────────────────────────────────────────
 Ep  1 | Step  15
────────────────────────────────────────────
  Task            : OBJECT_DELIVERY_SEQUENCE
  Action          : [+0.000, +0.000, +0.000, -1.000]
  EE posição      : [-0.249, -0.000, +0.023]
  EE velocidade   : [-0.015, -0.000, -0.013]
  Garra           : 0.039 m  (AGARRADA)  contatos=2
  Cubo posição    : [-0.248, -0.000, +0.024]
  Target (target): [+0.150, +0.000, +0.020]
  Dist EE→Cubo    : 0.0012 m
  Dist Cubo→target: 0.3980 m
  Reward          : -0.3980
  Sucesso         : False
  Obstáculo caminho: nao  (count: 0)
  Objeto [object_1]: tipo=box  massa=1.0 kg  tamanho=[0.04, 0.04, 0.04]
  Target goal     : {'type': 'goal_sequence', 'targets': [{'name': 'target', 'position': [0.15000000596046448, 0.0, 0.019999999552965164]}], 'mode': 'goal_sequence'}
  Mesa            : 1.1x0.7x0.4 m  offset_x=-0.3
  Robô config     : control=ee  block_gripper=False  base=[-0.6, 0.0, 0.05]
  Scripts         : ['script_1', 'reach_only', 'left_right']
  Juntas ângulos  : [-0.00, +0.27, +0.00, -2.83, -0.00, +3.10, +0.79]
  Juntas veloc.   : [+0.00, +0.05, -0.00, -0.07, -0.00, +0.18, +0.00]
  Cubo rotação    : [+0.000, -0.028, +0.003]  (roll/pitch/yaw)
  Cubo vel.linear : [-0.015, -0.007, -0.013]
────────────────────────────────────────────
 Ep  1 | Step  16
────────────────────────────────────────────
  Task            : OBJECT_DELIVERY_SEQUENCE
  Action          : [+0.000, +0.000, +1.000, -1.000]
  EE posição      : [-0.265, +0.000, +0.033]
  EE velocidade   : [+0.339, +0.000, +0.683]
  Garra           : 0.036 m  (AGARRADA)  contatos=2
  Cubo posição    : [-0.261, -0.001, +0.035]
  Target (target): [+0.150, +0.000, +0.020]
  Dist EE→Cubo    : 0.0045 m
  Dist Cubo→target: 0.4114 m
  Reward          : -0.4114
  Sucesso         : False
  Obstáculo caminho: nao  (count: 0)
  Objeto [object_1]: tipo=box  massa=1.0 kg  tamanho=[0.04, 0.04, 0.04]
  Target goal     : {'type': 'goal_sequence', 'targets': [{'name': 'target', 'position': [0.15000000596046448, 0.0, 0.019999999552965164]}], 'mode': 'goal_sequence'}
  Mesa            : 1.1x0.7x0.4 m  offset_x=-0.3
  Robô config     : control=ee  block_gripper=False  base=[-0.6, 0.0, 0.05]
  Scripts         : ['script_1', 'reach_only', 'left_right']
  Juntas ângulos  : [-0.00, +0.20, +0.00, -2.85, -0.00, +2.99, +0.79]
  Juntas veloc.   : [-0.00, -2.43, +0.00, -0.36, +0.00, -0.79, -0.00]
  Cubo rotação    : [+0.004, +0.056, +0.001]  (roll/pitch/yaw)
  Cubo vel.linear : [+0.341, -0.007, +0.686]
────────────────────────────────────────────
 Ep  1 | Step  17
────────────────────────────────────────────
  Task            : OBJECT_DELIVERY_SEQUENCE
  Action          : [+0.000, +0.000, +1.000, -1.000]
  EE posição      : [-0.262, +0.000, +0.065]
  EE velocidade   : [+0.113, -0.000, +0.425]
  Garra           : 0.037 m  (AGARRADA)  contatos=2
  Cubo posição    : [-0.258, -0.001, +0.066]
  Target (target): [+0.150, +0.000, +0.020]
  Dist EE→Cubo    : 0.0042 m
  Dist Cubo→target: 0.4110 m
  Reward          : -0.4110
  Sucesso         : False
  Obstáculo caminho: nao  (count: 0)
  Objeto [object_1]: tipo=box  massa=1.0 kg  tamanho=[0.04, 0.04, 0.04]
  Target goal     : {'type': 'goal_sequence', 'targets': [{'name': 'target', 'position': [0.15000000596046448, 0.0, 0.019999999552965164]}], 'mode': 'goal_sequence'}
  Mesa            : 1.1x0.7x0.4 m  offset_x=-0.3
  Robô config     : control=ee  block_gripper=False  base=[-0.6, 0.0, 0.05]
  Scripts         : ['script_1', 'reach_only', 'left_right']
  Juntas ângulos  : [-0.00, +0.07, +0.00, -2.90, -0.00, +2.96, +0.79]
  Juntas veloc.   : [-0.00, -1.65, +0.00, -0.47, +0.00, -0.27, -0.00]
  Cubo rotação    : [+0.005, +0.004, -0.002]  (roll/pitch/yaw)
  Cubo vel.linear : [+0.113, -0.006, +0.428]
────────────────────────────────────────────
 Ep  1 | Step  18
────────────────────────────────────────────
  Task            : OBJECT_DELIVERY_SEQUENCE
  Action          : [+0.000, +0.000, +1.000, -1.000]
  EE posição      : [-0.262, +0.000, +0.092]
  EE velocidade   : [+0.244, -0.000, +0.549]
  Garra           : 0.037 m  (AGARRADA)  contatos=2
  Cubo posição    : [-0.256, -0.001, +0.093]
  Target (target): [+0.150, +0.000, +0.020]
  Dist EE→Cubo    : 0.0057 m
  Dist Cubo→target: 0.4130 m
  Reward          : -0.4130
  Sucesso         : False
  Obstáculo caminho: nao  (count: 0)
  Objeto [object_1]: tipo=box  massa=1.0 kg  tamanho=[0.04, 0.04, 0.04]
  Target goal     : {'type': 'goal_sequence', 'targets': [{'name': 'target', 'position': [0.15000000596046448, 0.0, 0.019999999552965164]}], 'mode': 'goal_sequence'}
  Mesa            : 1.1x0.7x0.4 m  offset_x=-0.3
  Robô config     : control=ee  block_gripper=False  base=[-0.6, 0.0, 0.05]
  Scripts         : ['script_1', 'reach_only', 'left_right']
  Juntas ângulos  : [-0.00, -0.04, +0.00, -2.91, -0.00, +2.85, +0.79]
  Juntas veloc.   : [+0.00, -1.88, -0.00, -0.07, +0.00, -0.81, -0.00]
  Cubo rotação    : [-0.001, +0.014, -0.008]  (roll/pitch/yaw)
  Cubo vel.linear : [+0.244, -0.006, +0.557]
────────────────────────────────────────────
 Ep  1 | Step  19
────────────────────────────────────────────
  Task            : OBJECT_DELIVERY_SEQUENCE
  Action          : [+0.000, +0.000, +1.000, -1.000]
  EE posição      : [-0.259, +0.000, +0.121]
  EE velocidade   : [+0.160, +0.000, +0.466]
  Garra           : 0.037 m  (AGARRADA)  contatos=2
  Cubo posição    : [-0.252, -0.001, +0.122]
  Target (target): [+0.150, +0.000, +0.020]
  Dist EE→Cubo    : 0.0070 m
  Dist Cubo→target: 0.4145 m
  Reward          : -0.4145
  Sucesso         : False
  Obstáculo caminho: nao  (count: 0)
  Objeto [object_1]: tipo=box  massa=1.0 kg  tamanho=[0.04, 0.04, 0.04]
  Target goal     : {'type': 'goal_sequence', 'targets': [{'name': 'target', 'position': [0.15000000596046448, 0.0, 0.019999999552965164]}], 'mode': 'goal_sequence'}
  Mesa            : 1.1x0.7x0.4 m  offset_x=-0.3
  Robô config     : control=ee  block_gripper=False  base=[-0.6, 0.0, 0.05]
  Scripts         : ['script_1', 'reach_only', 'left_right']
  Juntas ângulos  : [-0.00, -0.15, +0.00, -2.91, +0.00, +2.75, +0.79]
  Juntas veloc.   : [+0.00, -1.57, -0.00, +0.01, +0.00, -0.83, -0.00]
  Cubo rotação    : [+0.003, +0.033, +0.004]  (roll/pitch/yaw)
  Cubo vel.linear : [+0.160, -0.004, +0.472]
────────────────────────────────────────────
 Ep  1 | Step  20
────────────────────────────────────────────
  Task            : OBJECT_DELIVERY_SEQUENCE
  Action          : [+0.000, +0.000, +1.000, -1.000]
  EE posição      : [-0.255, +0.000, +0.150]
  EE velocidade   : [+0.170, +0.000, +0.524]
  Garra           : 0.038 m  (AGARRADA)  contatos=2
  Cubo posição    : [-0.247, -0.002, +0.151]
  Target (target): [+0.150, +0.000, +0.020]
  Dist EE→Cubo    : 0.0081 m
  Dist Cubo→target: 0.4184 m
  Reward          : -0.4184
  Sucesso         : False
  Obstáculo caminho: nao  (count: 0)
  Objeto [object_1]: tipo=box  massa=1.0 kg  tamanho=[0.04, 0.04, 0.04]
  Target goal     : {'type': 'goal_sequence', 'targets': [{'name': 'target', 'position': [0.15000000596046448, 0.0, 0.019999999552965164]}], 'mode': 'goal_sequence'}
  Mesa            : 1.1x0.7x0.4 m  offset_x=-0.3
  Robô config     : control=ee  block_gripper=False  base=[-0.6, 0.0, 0.05]
  Scripts         : ['script_1', 'reach_only', 'left_right']
  Juntas ângulos  : [-0.00, -0.25, +0.00, -2.89, +0.00, +2.63, +0.79]
  Juntas veloc.   : [+0.00, -1.61, -0.00, +0.13, +0.00, -0.91, -0.00]
  Cubo rotação    : [+0.004, +0.037, +0.005]  (roll/pitch/yaw)
  Cubo vel.linear : [+0.169, -0.005, +0.531]
────────────────────────────────────────────
 Ep  1 | Step  21
────────────────────────────────────────────
  Task            : OBJECT_DELIVERY_SEQUENCE
  Action          : [+0.000, +0.000, +1.000, -1.000]
  EE posição      : [-0.251, +0.000, +0.182]
  EE velocidade   : [+0.133, +0.000, +0.513]
  Garra           : 0.038 m  (AGARRADA)  contatos=2
  Cubo posição    : [-0.243, -0.002, +0.183]
  Target (target): [+0.150, +0.000, +0.020]
  Dist EE→Cubo    : 0.0090 m
  Dist Cubo→target: 0.4249 m
  Reward          : -0.4249
  Sucesso         : False
  Obstáculo caminho: nao  (count: 0)
  Objeto [object_1]: tipo=box  massa=1.0 kg  tamanho=[0.04, 0.04, 0.04]
  Target goal     : {'type': 'goal_sequence', 'targets': [{'name': 'target', 'position': [0.15000000596046448, 0.0, 0.019999999552965164]}], 'mode': 'goal_sequence'}
  Mesa            : 1.1x0.7x0.4 m  offset_x=-0.3
  Robô config     : control=ee  block_gripper=False  base=[-0.6, 0.0, 0.05]
  Scripts         : ['script_1', 'reach_only', 'left_right']
  Juntas ângulos  : [-0.00, -0.35, +0.00, -2.86, +0.00, +2.51, +0.79]
  Juntas veloc.   : [+0.00, -1.45, -0.00, +0.23, +0.01, -0.91, +0.00]
  Cubo rotação    : [-0.002, +0.040, +0.003]  (roll/pitch/yaw)
  Cubo vel.linear : [+0.134, -0.005, +0.520]
────────────────────────────────────────────
 Ep  1 | Step  22
────────────────────────────────────────────
  Task            : OBJECT_DELIVERY_SEQUENCE
  Action          : [+0.000, +0.000, -1.000, -1.000]
  EE posição      : [-0.242, +0.000, +0.177]
  EE velocidade   : [-0.309, -0.000, -0.866]
  Garra           : 0.037 m  (AGARRADA)  contatos=2
  Cubo posição    : [-0.236, -0.002, +0.175]
  Target (target): [+0.150, +0.000, +0.020]
  Dist EE→Cubo    : 0.0068 m
  Dist Cubo→target: 0.4161 m
  Reward          : -0.4161
  Sucesso         : False
  Obstáculo caminho: nao  (count: 0)
  Objeto [object_1]: tipo=box  massa=1.0 kg  tamanho=[0.04, 0.04, 0.04]
  Target goal     : {'type': 'goal_sequence', 'targets': [{'name': 'target', 'position': [0.15000000596046448, 0.0, 0.019999999552965164]}], 'mode': 'goal_sequence'}
  Mesa            : 1.1x0.7x0.4 m  offset_x=-0.3
  Robô config     : control=ee  block_gripper=False  base=[-0.6, 0.0, 0.05]
  Scripts         : ['script_1', 'reach_only', 'left_right']
  Juntas ângulos  : [-0.00, -0.32, +0.00, -2.90, +0.00, +2.64, +0.79]
  Juntas veloc.   : [+0.00, +2.41, -0.00, -0.30, -0.02, +1.04, +0.00]
  Cubo rotação    : [-0.001, -0.034, -0.002]  (roll/pitch/yaw)
  Cubo vel.linear : [-0.309, -0.004, -0.877]
────────────────────────────────────────────
 Ep  1 | Step  23
────────────────────────────────────────────
  Task            : OBJECT_DELIVERY_SEQUENCE
  Action          : [+1.000, -0.000, +0.000, -1.000]
  EE posição      : [-0.243, +0.000, +0.145]
  EE velocidade   : [+0.753, +0.001, -0.320]
  Garra           : 0.037 m  (AGARRADA)  contatos=2
  Cubo posição    : [-0.234, -0.002, +0.143]
  Target (target): [+0.150, +0.000, +0.020]
  Dist EE→Cubo    : 0.0099 m
  Dist Cubo→target: 0.4029 m
  Reward          : -0.4029
  Sucesso         : False
  Obstáculo caminho: nao  (count: 0)
  Objeto [object_1]: tipo=box  massa=1.0 kg  tamanho=[0.04, 0.04, 0.04]
  Target goal     : {'type': 'goal_sequence', 'targets': [{'name': 'target', 'position': [0.15000000596046448, 0.0, 0.019999999552965164]}], 'mode': 'goal_sequence'}
  Mesa            : 1.1x0.7x0.4 m  offset_x=-0.3
  Robô config     : control=ee  block_gripper=False  base=[-0.6, 0.0, 0.05]
  Scripts         : ['script_1', 'reach_only', 'left_right']
  Juntas ângulos  : [-0.00, -0.16, +0.00, -2.80, -0.00, +2.55, +0.79]
  Juntas veloc.   : [-0.00, +3.59, +0.00, +3.09, +0.02, -0.73, -0.00]
  Cubo rotação    : [+0.006, +0.120, +0.002]  (roll/pitch/yaw)
  Cubo vel.linear : [+0.752, -0.003, -0.327]
────────────────────────────────────────────
 Ep  1 | Step  24
────────────────────────────────────────────
  Task            : OBJECT_DELIVERY_SEQUENCE
  Action          : [+0.997, -0.000, +0.080, -1.000]
  EE posição      : [-0.207, +0.000, +0.144]
  EE velocidade   : [+0.413, +0.000, +0.231]
  Garra           : 0.036 m  (AGARRADA)  contatos=2
  Cubo posição    : [-0.200, -0.002, +0.143]
  Target (target): [+0.150, +0.000, +0.020]
  Dist EE→Cubo    : 0.0082 m
  Dist Cubo→target: 0.3707 m
  Reward          : -0.3707
  Sucesso         : False
  Obstáculo caminho: nao  (count: 0)
  Objeto [object_1]: tipo=box  massa=1.0 kg  tamanho=[0.04, 0.04, 0.04]
  Target goal     : {'type': 'goal_sequence', 'targets': [{'name': 'target', 'position': [0.15000000596046448, 0.0, 0.019999999552965164]}], 'mode': 'goal_sequence'}
  Mesa            : 1.1x0.7x0.4 m  offset_x=-0.3
  Robô config     : control=ee  block_gripper=False  base=[-0.6, 0.0, 0.05]
  Scripts         : ['script_1', 'reach_only', 'left_right']
  Juntas ângulos  : [-0.00, -0.09, +0.00, -2.73, +0.00, +2.61, +0.79]
  Juntas veloc.   : [+0.00, +0.06, +0.00, +0.64, +0.00, +0.44, -0.00]
  Cubo rotação    : [-0.004, +0.068, -0.001]  (roll/pitch/yaw)
  Cubo vel.linear : [+0.413, +0.003, +0.239]
────────────────────────────────────────────
 Ep  1 | Step  25
────────────────────────────────────────────
  Task            : OBJECT_DELIVERY_SEQUENCE
  Action          : [+0.996, -0.000, +0.091, -1.000]
  EE posição      : [-0.174, +0.000, +0.147]
  EE velocidade   : [+0.557, -0.001, +0.163]
  Garra           : 0.036 m  (AGARRADA)  contatos=2
  Cubo posição    : [-0.166, -0.002, +0.147]
  Target (target): [+0.150, +0.000, +0.020]
  Dist EE→Cubo    : 0.0084 m
  Dist Cubo→target: 0.3401 m
  Reward          : -0.3401
  Sucesso         : False
  Obstáculo caminho: nao  (count: 0)
  Objeto [object_1]: tipo=box  massa=1.0 kg  tamanho=[0.04, 0.04, 0.04]
  Target goal     : {'type': 'goal_sequence', 'targets': [{'name': 'target', 'position': [0.15000000596046448, 0.0, 0.019999999552965164]}], 'mode': 'goal_sequence'}
  Mesa            : 1.1x0.7x0.4 m  offset_x=-0.3
  Robô config     : control=ee  block_gripper=False  base=[-0.6, 0.0, 0.05]
  Scripts         : ['script_1', 'reach_only', 'left_right']
  Juntas ângulos  : [-0.00, -0.02, +0.00, -2.63, +0.00, +2.60, +0.79]
  Juntas veloc.   : [-0.00, +0.76, -0.00, +1.40, -0.00, -0.04, +0.00]
  Cubo rotação    : [-0.004, +0.049, -0.001]  (roll/pitch/yaw)
  Cubo vel.linear : [+0.557, -0.001, +0.168]
────────────────────────────────────────────
 Ep  1 | Step  26
────────────────────────────────────────────
  Task            : OBJECT_DELIVERY_SEQUENCE
  Action          : [+0.996, -0.000, +0.090, -1.000]
  EE posição      : [-0.140, +0.000, +0.149]
  EE velocidade   : [+0.482, -0.000, +0.136]
  Garra           : 0.035 m  (AGARRADA)  contatos=2
  Cubo posição    : [-0.132, -0.002, +0.148]
  Target (target): [+0.150, +0.000, +0.020]
  Dist EE→Cubo    : 0.0083 m
  Dist Cubo→target: 0.3095 m
  Reward          : -0.3095
  Sucesso         : False
  Obstáculo caminho: nao  (count: 0)
  Objeto [object_1]: tipo=box  massa=1.0 kg  tamanho=[0.04, 0.04, 0.04]
  Target goal     : {'type': 'goal_sequence', 'targets': [{'name': 'target', 'position': [0.15000000596046448, 0.0, 0.019999999552965164]}], 'mode': 'goal_sequence'}
  Mesa            : 1.1x0.7x0.4 m  offset_x=-0.3
  Robô config     : control=ee  block_gripper=False  base=[-0.6, 0.0, 0.05]
  Scripts         : ['script_1', 'reach_only', 'left_right']
  Juntas ângulos  : [-0.00, +0.06, +0.00, -2.52, -0.00, +2.57, +0.79]
  Juntas veloc.   : [-0.00, +0.70, -0.00, +1.33, -0.00, -0.23, +0.00]
  Cubo rotação    : [-0.005, +0.046, -0.001]  (roll/pitch/yaw)
  Cubo vel.linear : [+0.482, -0.002, +0.139]
────────────────────────────────────────────
 Ep  1 | Step  27
────────────────────────────────────────────
  Task            : OBJECT_DELIVERY_SEQUENCE
  Action          : [+0.995, -0.000, +0.095, -1.000]
  EE posição      : [-0.106, +0.000, +0.149]
  EE velocidade   : [+0.470, -0.000, +0.093]
  Garra           : 0.035 m  (AGARRADA)  contatos=2
  Cubo posição    : [-0.098, -0.002, +0.149]
  Target (target): [+0.150, +0.000, +0.020]
  Dist EE→Cubo    : 0.0083 m
  Dist Cubo→target: 0.2798 m
  Reward          : -0.2798
  Sucesso         : False
  Obstáculo caminho: nao  (count: 0)
  Objeto [object_1]: tipo=box  massa=1.0 kg  tamanho=[0.04, 0.04, 0.04]
  Target goal     : {'type': 'goal_sequence', 'targets': [{'name': 'target', 'position': [0.15000000596046448, 0.0, 0.019999999552965164]}], 'mode': 'goal_sequence'}
  Mesa            : 1.1x0.7x0.4 m  offset_x=-0.3
  Robô config     : control=ee  block_gripper=False  base=[-0.6, 0.0, 0.05]
  Scripts         : ['script_1', 'reach_only', 'left_right']
  Juntas ângulos  : [-0.00, +0.14, +0.00, -2.41, -0.00, +2.54, +0.79]
  Juntas veloc.   : [+0.00, +0.80, -0.00, +1.39, -0.00, -0.27, -0.00]
  Cubo rotação    : [-0.005, +0.047, -0.001]  (roll/pitch/yaw)
  Cubo vel.linear : [+0.470, -0.003, +0.095]
────────────────────────────────────────────
 Ep  1 | Step  28
────────────────────────────────────────────
  Task            : OBJECT_DELIVERY_SEQUENCE
  Action          : [+0.994, -0.000, +0.105, -1.000]
  EE posição      : [-0.074, +0.000, +0.148]
  EE velocidade   : [+0.433, -0.000, +0.045]
  Garra           : 0.037 m  (AGARRADA)  contatos=2
  Cubo posição    : [-0.066, -0.003, +0.148]
  Target (target): [+0.150, +0.000, +0.020]
  Dist EE→Cubo    : 0.0083 m
  Dist Cubo→target: 0.2510 m
  Reward          : -0.2510
  Sucesso         : False
  Obstáculo caminho: nao  (count: 0)
  Objeto [object_1]: tipo=box  massa=1.0 kg  tamanho=[0.04, 0.04, 0.04]
  Target goal     : {'type': 'goal_sequence', 'targets': [{'name': 'target', 'position': [0.15000000596046448, 0.0, 0.019999999552965164]}], 'mode': 'goal_sequence'}
  Mesa            : 1.1x0.7x0.4 m  offset_x=-0.3
  Robô config     : control=ee  block_gripper=False  base=[-0.6, 0.0, 0.05]
  Scripts         : ['script_1', 'reach_only', 'left_right']
  Juntas ângulos  : [-0.00, +0.22, +0.00, -2.29, -0.00, +2.50, +0.79]
  Juntas veloc.   : [+0.00, +0.85, -0.00, +1.37, -0.00, -0.29, -0.00]
  Cubo rotação    : [-0.004, +0.049, +0.000]  (roll/pitch/yaw)
  Cubo vel.linear : [+0.434, -0.006, +0.046]
────────────────────────────────────────────
 Ep  1 | Step  29
────────────────────────────────────────────
  Task            : OBJECT_DELIVERY_SEQUENCE
  Action          : [+0.992, -0.000, +0.124, -1.000]
  EE posição      : [-0.043, +0.000, +0.147]
  EE velocidade   : [+0.413, -0.000, +0.033]
  Garra           : 0.038 m  (AGARRADA)  contatos=2
  Cubo posição    : [-0.035, -0.003, +0.146]
  Target (target): [+0.150, +0.000, +0.020]
  Dist EE→Cubo    : 0.0083 m
  Dist Cubo→target: 0.2236 m
  Reward          : -0.2236
  Sucesso         : False
  Obstáculo caminho: nao  (count: 0)
  Objeto [object_1]: tipo=box  massa=1.0 kg  tamanho=[0.04, 0.04, 0.04]
  Target goal     : {'type': 'goal_sequence', 'targets': [{'name': 'target', 'position': [0.15000000596046448, 0.0, 0.019999999552965164]}], 'mode': 'goal_sequence'}
  Mesa            : 1.1x0.7x0.4 m  offset_x=-0.3
  Robô config     : control=ee  block_gripper=False  base=[-0.6, 0.0, 0.05]
  Scripts         : ['script_1', 'reach_only', 'left_right']
  Juntas ângulos  : [-0.00, +0.30, +0.00, -2.18, -0.00, +2.46, +0.79]
  Juntas veloc.   : [+0.00, +0.84, -0.00, +1.37, -0.00, -0.30, +0.00]
  Cubo rotação    : [-0.004, +0.051, +0.002]  (roll/pitch/yaw)
  Cubo vel.linear : [+0.414, -0.004, +0.034]
────────────────────────────────────────────
 Ep  1 | Step  30
────────────────────────────────────────────
  Task            : OBJECT_DELIVERY_SEQUENCE
  Action          : [+0.988, -0.000, +0.153, -1.000]
  EE posição      : [-0.012, +0.000, +0.144]
  EE velocidade   : [+0.379, -0.000, +0.007]
  Garra           : 0.038 m  (AGARRADA)  contatos=2
  Cubo posição    : [-0.005, -0.003, +0.143]
  Target (target): [+0.150, +0.000, +0.020]
  Dist EE→Cubo    : 0.0083 m
  Dist Cubo→target: 0.1980 m
  Reward          : -0.1980
  Sucesso         : False
  Obstáculo caminho: nao  (count: 0)
  Objeto [object_1]: tipo=box  massa=1.0 kg  tamanho=[0.04, 0.04, 0.04]
  Target goal     : {'type': 'goal_sequence', 'targets': [{'name': 'target', 'position': [0.15000000596046448, 0.0, 0.019999999552965164]}], 'mode': 'goal_sequence'}
  Mesa            : 1.1x0.7x0.4 m  offset_x=-0.3
  Robô config     : control=ee  block_gripper=False  base=[-0.6, 0.0, 0.05]
  Scripts         : ['script_1', 'reach_only', 'left_right']
  Juntas ângulos  : [-0.00, +0.37, +0.00, -2.06, -0.00, +2.42, +0.79]
  Juntas veloc.   : [+0.00, +0.84, -0.00, +1.34, -0.00, -0.32, -0.00]
  Cubo rotação    : [-0.004, +0.053, +0.003]  (roll/pitch/yaw)
  Cubo vel.linear : [+0.379, -0.003, +0.008]
────────────────────────────────────────────
 Ep  1 | Step  31
────────────────────────────────────────────
  Task            : OBJECT_DELIVERY_SEQUENCE
  Action          : [+0.981, -0.000, +0.193, -1.000]
  EE posição      : [+0.016, +0.000, +0.143]
  EE velocidade   : [+0.362, -0.000, +0.030]
  Garra           : 0.038 m  (AGARRADA)  contatos=2
  Cubo posição    : [+0.024, -0.003, +0.142]
  Target (target): [+0.150, +0.000, +0.020]
  Dist EE→Cubo    : 0.0083 m
  Dist Cubo→target: 0.1753 m
  Reward          : -0.1753
  Sucesso         : False
  Obstáculo caminho: nao  (count: 0)
  Objeto [object_1]: tipo=box  massa=1.0 kg  tamanho=[0.04, 0.04, 0.04]
  Target goal     : {'type': 'goal_sequence', 'targets': [{'name': 'target', 'position': [0.15000000596046448, 0.0, 0.019999999552965164]}], 'mode': 'goal_sequence'}
  Mesa            : 1.1x0.7x0.4 m  offset_x=-0.3
  Robô config     : control=ee  block_gripper=False  base=[-0.6, 0.0, 0.05]
  Scripts         : ['script_1', 'reach_only', 'left_right']
  Juntas ângulos  : [-0.00, +0.45, +0.00, -1.95, -0.00, +2.38, +0.79]
  Juntas veloc.   : [+0.00, +0.78, -0.00, +1.32, -0.00, -0.33, +0.00]
  Cubo rotação    : [-0.004, +0.054, +0.003]  (roll/pitch/yaw)
  Cubo vel.linear : [+0.362, -0.003, +0.031]
────────────────────────────────────────────
 Ep  1 | Step  32
────────────────────────────────────────────
  Task            : OBJECT_DELIVERY_SEQUENCE
  Action          : [+0.970, -0.000, +0.244, -1.000]
  EE posição      : [+0.043, +0.000, +0.142]
  EE velocidade   : [+0.332, -0.000, +0.052]
  Garra           : 0.038 m  (AGARRADA)  contatos=2
  Cubo posição    : [+0.051, -0.003, +0.142]
  Target (target): [+0.150, +0.000, +0.020]
  Dist EE→Cubo    : 0.0083 m
  Dist Cubo→target: 0.1567 m
  Reward          : -0.1567
  Sucesso         : False
  Obstáculo caminho: nao  (count: 0)
  Objeto [object_1]: tipo=box  massa=1.0 kg  tamanho=[0.04, 0.04, 0.04]
  Target goal     : {'type': 'goal_sequence', 'targets': [{'name': 'target', 'position': [0.15000000596046448, 0.0, 0.019999999552965164]}], 'mode': 'goal_sequence'}
  Mesa            : 1.1x0.7x0.4 m  offset_x=-0.3
  Robô config     : control=ee  block_gripper=False  base=[-0.6, 0.0, 0.05]
  Scripts         : ['script_1', 'reach_only', 'left_right']
  Juntas ângulos  : [-0.00, +0.52, +0.00, -1.83, -0.00, +2.33, +0.79]
  Juntas veloc.   : [+0.00, +0.70, -0.00, +1.28, -0.00, -0.36, +0.00]
  Cubo rotação    : [-0.004, +0.054, +0.003]  (roll/pitch/yaw)
  Cubo vel.linear : [+0.332, -0.003, +0.054]
────────────────────────────────────────────
 Ep  1 | Step  33
────────────────────────────────────────────
  Task            : OBJECT_DELIVERY_SEQUENCE
  Action          : [+0.952, -0.000, +0.305, -1.000]
  EE posição      : [+0.069, +0.000, +0.144]
  EE velocidade   : [+0.311, -0.000, +0.110]
  Garra           : 0.038 m  (AGARRADA)  contatos=2
  Cubo posição    : [+0.076, -0.003, +0.144]
  Target (target): [+0.150, +0.000, +0.020]
  Dist EE→Cubo    : 0.0083 m
  Dist Cubo→target: 0.1439 m
  Reward          : -0.1439
  Sucesso         : False
  Obstáculo caminho: nao  (count: 0)
  Objeto [object_1]: tipo=box  massa=1.0 kg  tamanho=[0.04, 0.04, 0.04]
  Target goal     : {'type': 'goal_sequence', 'targets': [{'name': 'target', 'position': [0.15000000596046448, 0.0, 0.019999999552965164]}], 'mode': 'goal_sequence'}
  Mesa            : 1.1x0.7x0.4 m  offset_x=-0.3
  Robô config     : control=ee  block_gripper=False  base=[-0.6, 0.0, 0.05]
  Scripts         : ['script_1', 'reach_only', 'left_right']
  Juntas ângulos  : [-0.00, +0.58, +0.00, -1.71, -0.00, +2.28, +0.79]
  Juntas veloc.   : [+0.00, +0.57, -0.00, +1.23, +0.00, -0.39, -0.00]
  Cubo rotação    : [-0.004, +0.052, +0.003]  (roll/pitch/yaw)
  Cubo vel.linear : [+0.312, -0.003, +0.112]
────────────────────────────────────────────
 Ep  1 | Step  34
────────────────────────────────────────────
  Task            : OBJECT_DELIVERY_SEQUENCE
  Action          : [+0.930, -0.000, +0.368, -1.000]
  EE posição      : [+0.092, +0.000, +0.149]
  EE velocidade   : [+0.288, -0.000, +0.184]
  Garra           : 0.038 m  (AGARRADA)  contatos=2
  Cubo posição    : [+0.099, -0.003, +0.149]
  Target (target): [+0.150, +0.000, +0.020]
  Dist EE→Cubo    : 0.0083 m
  Dist Cubo→target: 0.1384 m
  Reward          : -0.1384
  Sucesso         : False
  Obstáculo caminho: nao  (count: 0)
  Objeto [object_1]: tipo=box  massa=1.0 kg  tamanho=[0.04, 0.04, 0.04]
  Target goal     : {'type': 'goal_sequence', 'targets': [{'name': 'target', 'position': [0.15000000596046448, 0.0, 0.019999999552965164]}], 'mode': 'goal_sequence'}
  Mesa            : 1.1x0.7x0.4 m  offset_x=-0.3
  Robô config     : control=ee  block_gripper=False  base=[-0.6, 0.0, 0.05]
  Scripts         : ['script_1', 'reach_only', 'left_right']
  Juntas ângulos  : [-0.00, +0.64, +0.00, -1.60, -0.00, +2.23, +0.79]
  Juntas veloc.   : [+0.00, +0.42, -0.00, +1.17, +0.00, -0.41, +0.00]
  Cubo rotação    : [-0.004, +0.050, +0.002]  (roll/pitch/yaw)
  Cubo vel.linear : [+0.288, -0.003, +0.187]
────────────────────────────────────────────
 Ep  1 | Step  35
────────────────────────────────────────────
  Task            : OBJECT_DELIVERY_SEQUENCE
  Action          : [+0.906, -0.000, +0.423, -1.000]
  EE posição      : [+0.113, +0.000, +0.159]
  EE velocidade   : [+0.268, -0.000, +0.283]
  Garra           : 0.038 m  (AGARRADA)  contatos=2
  Cubo posição    : [+0.120, -0.003, +0.158]
  Target (target): [+0.150, +0.000, +0.020]
  Dist EE→Cubo    : 0.0083 m
  Dist Cubo→target: 0.1413 m
  Reward          : -0.1413
  Sucesso         : False
  Obstáculo caminho: nao  (count: 0)
  Objeto [object_1]: tipo=box  massa=1.0 kg  tamanho=[0.04, 0.04, 0.04]
  Target goal     : {'type': 'goal_sequence', 'targets': [{'name': 'target', 'position': [0.15000000596046448, 0.0, 0.019999999552965164]}], 'mode': 'goal_sequence'}
  Mesa            : 1.1x0.7x0.4 m  offset_x=-0.3
  Robô config     : control=ee  block_gripper=False  base=[-0.6, 0.0, 0.05]
  Scripts         : ['script_1', 'reach_only', 'left_right']
  Juntas ângulos  : [-0.00, +0.69, +0.00, -1.49, -0.00, +2.17, +0.79]
  Juntas veloc.   : [+0.00, +0.25, -0.00, +1.11, +0.00, -0.44, -0.00]
  Cubo rotação    : [-0.004, +0.045, +0.002]  (roll/pitch/yaw)
  Cubo vel.linear : [+0.268, -0.003, +0.285]
────────────────────────────────────────────
 Ep  1 | Step  36
────────────────────────────────────────────
  Task            : OBJECT_DELIVERY_SEQUENCE
  Action          : [+0.900, -0.000, +0.437, -1.000]
  EE posição      : [+0.132, +0.000, +0.172]
  EE velocidade   : [+0.241, -0.000, +0.359]
  Garra           : 0.038 m  (AGARRADA)  contatos=2
  Cubo posição    : [+0.139, -0.004, +0.171]
  Target (target): [+0.150, +0.000, +0.020]
  Dist EE→Cubo    : 0.0082 m
  Dist Cubo→target: 0.1517 m
  Reward          : -0.1517
  Sucesso         : False
  Obstáculo caminho: nao  (count: 0)
  Objeto [object_1]: tipo=box  massa=1.0 kg  tamanho=[0.04, 0.04, 0.04]
  Target goal     : {'type': 'goal_sequence', 'targets': [{'name': 'target', 'position': [0.15000000596046448, 0.0, 0.019999999552965164]}], 'mode': 'goal_sequence'}
  Mesa            : 1.1x0.7x0.4 m  offset_x=-0.3
  Robô config     : control=ee  block_gripper=False  base=[-0.6, 0.0, 0.05]
  Scripts         : ['script_1', 'reach_only', 'left_right']
  Juntas ângulos  : [-0.00, +0.74, +0.00, -1.37, -0.00, +2.11, +0.79]
  Juntas veloc.   : [+0.00, +0.12, -0.00, +1.05, +0.00, -0.46, -0.00]
  Cubo rotação    : [-0.003, +0.041, +0.003]  (roll/pitch/yaw)
  Cubo vel.linear : [+0.242, -0.003, +0.362]
────────────────────────────────────────────
 Ep  1 | Step  37
────────────────────────────────────────────
  Task            : OBJECT_DELIVERY_SEQUENCE
  Action          : [+0.963, -0.000, +0.269, -1.000]
  EE posição      : [+0.150, +0.000, +0.181]
  EE velocidade   : [+0.168, -0.000, +0.077]
  Garra           : 0.038 m  (AGARRADA)  contatos=2
  Cubo posição    : [+0.157, -0.004, +0.180]
  Target (target): [+0.150, +0.000, +0.020]
  Dist EE→Cubo    : 0.0082 m
  Dist Cubo→target: 0.1607 m
  Reward          : -0.1607
  Sucesso         : False
  Obstáculo caminho: nao  (count: 0)
  Objeto [object_1]: tipo=box  massa=1.0 kg  tamanho=[0.04, 0.04, 0.04]
  Target goal     : {'type': 'goal_sequence', 'targets': [{'name': 'target', 'position': [0.15000000596046448, 0.0, 0.019999999552965164]}], 'mode': 'goal_sequence'}
  Mesa            : 1.1x0.7x0.4 m  offset_x=-0.3
  Robô config     : control=ee  block_gripper=False  base=[-0.6, 0.0, 0.05]
  Scripts         : ['script_1', 'reach_only', 'left_right']
  Juntas ângulos  : [-0.00, +0.79, +0.00, -1.26, -0.00, +2.05, +0.79]
  Juntas veloc.   : [+0.00, +0.51, -0.00, +1.06, +0.00, -0.42, -0.00]
  Cubo rotação    : [-0.002, +0.035, +0.003]  (roll/pitch/yaw)
  Cubo vel.linear : [+0.169, -0.003, +0.078]
────────────────────────────────────────────
 Ep  1 | Step  38
────────────────────────────────────────────
  Task            : OBJECT_DELIVERY_SEQUENCE
  Action          : [+0.000, +0.000, +0.000, -1.000]
  EE posição      : [+0.150, +0.000, +0.181]
  EE velocidade   : [-0.006, +0.000, -0.002]
  Garra           : 0.038 m  (AGARRADA)  contatos=2
  Cubo posição    : [+0.157, -0.004, +0.180]
  Target (target): [+0.150, +0.000, +0.020]
  Dist EE→Cubo    : 0.0079 m
  Dist Cubo→target: 0.1605 m
  Reward          : -0.1605
  Sucesso         : False
  Obstáculo caminho: nao  (count: 0)
  Objeto [object_1]: tipo=box  massa=1.0 kg  tamanho=[0.04, 0.04, 0.04]
  Target goal     : {'type': 'goal_sequence', 'targets': [{'name': 'target', 'position': [0.15000000596046448, 0.0, 0.019999999552965164]}], 'mode': 'goal_sequence'}
  Mesa            : 1.1x0.7x0.4 m  offset_x=-0.3
  Robô config     : control=ee  block_gripper=False  base=[-0.6, 0.0, 0.05]
  Scripts         : ['script_1', 'reach_only', 'left_right']
  Juntas ângulos  : [-0.00, +0.79, +0.00, -1.26, -0.00, +2.05, +0.79]
  Juntas veloc.   : [+0.00, +0.00, -0.00, +0.00, +0.00, -0.04, +0.00]
  Cubo rotação    : [-0.002, +0.039, +0.002]  (roll/pitch/yaw)
  Cubo vel.linear : [-0.006, -0.003, -0.002]
────────────────────────────────────────────
 Ep  1 | Step  39
────────────────────────────────────────────
  Task            : OBJECT_DELIVERY_SEQUENCE
  Action          : [+0.000, +0.000, -0.150, -1.000]
  EE posição      : [+0.150, +0.000, +0.174]
  EE velocidade   : [-0.005, -0.000, -0.082]
  Garra           : 0.038 m  (AGARRADA)  contatos=2
  Cubo posição    : [+0.157, -0.004, +0.173]
  Target (target): [+0.150, +0.000, +0.020]
  Dist EE→Cubo    : 0.0080 m
  Dist Cubo→target: 0.1532 m
  Reward          : -0.1532
  Sucesso         : False
  Obstáculo caminho: nao  (count: 0)
  Objeto [object_1]: tipo=box  massa=1.0 kg  tamanho=[0.04, 0.04, 0.04]
  Target goal     : {'type': 'goal_sequence', 'targets': [{'name': 'target', 'position': [0.15000000596046448, 0.0, 0.019999999552965164]}], 'mode': 'goal_sequence'}
  Mesa            : 1.1x0.7x0.4 m  offset_x=-0.3
  Robô config     : control=ee  block_gripper=False  base=[-0.6, 0.0, 0.05]
  Scripts         : ['script_1', 'reach_only', 'left_right']
  Juntas ângulos  : [-0.00, +0.80, +0.00, -1.26, -0.00, +2.06, +0.79]
  Juntas veloc.   : [+0.00, +0.11, -0.00, -0.01, -0.00, +0.08, +0.00]
  Cubo rotação    : [-0.002, +0.040, +0.002]  (roll/pitch/yaw)
  Cubo vel.linear : [-0.005, -0.003, -0.083]
────────────────────────────────────────────
 Ep  1 | Step  40
────────────────────────────────────────────
  Task            : OBJECT_DELIVERY_SEQUENCE
  Action          : [+0.000, +0.000, -0.150, -1.000]
  EE posição      : [+0.150, +0.000, +0.166]
  EE velocidade   : [-0.003, +0.000, -0.074]
  Garra           : 0.038 m  (AGARRADA)  contatos=2
  Cubo posição    : [+0.157, -0.004, +0.165]
  Target (target): [+0.150, +0.000, +0.020]
  Dist EE→Cubo    : 0.0081 m
  Dist Cubo→target: 0.1455 m
  Reward          : -0.1455
  Sucesso         : False
  Obstáculo caminho: nao  (count: 0)
  Objeto [object_1]: tipo=box  massa=1.0 kg  tamanho=[0.04, 0.04, 0.04]
  Target goal     : {'type': 'goal_sequence', 'targets': [{'name': 'target', 'position': [0.15000000596046448, 0.0, 0.019999999552965164]}], 'mode': 'goal_sequence'}
  Mesa            : 1.1x0.7x0.4 m  offset_x=-0.3
  Robô config     : control=ee  block_gripper=False  base=[-0.6, 0.0, 0.05]
  Scripts         : ['script_1', 'reach_only', 'left_right']
  Juntas ângulos  : [-0.00, +0.81, +0.00, -1.26, -0.00, +2.07, +0.79]
  Juntas veloc.   : [+0.00, +0.10, -0.00, -0.01, -0.00, +0.09, +0.00]
  Cubo rotação    : [-0.002, +0.041, +0.002]  (roll/pitch/yaw)
  Cubo vel.linear : [-0.003, -0.003, -0.074]
────────────────────────────────────────────
 Ep  1 | Step  41
────────────────────────────────────────────
  Task            : OBJECT_DELIVERY_SEQUENCE
  Action          : [+0.000, +0.000, -0.150, -1.000]
  EE posição      : [+0.150, +0.000, +0.159]
  EE velocidade   : [-0.004, +0.000, -0.079]
  Garra           : 0.038 m  (AGARRADA)  contatos=2
  Cubo posição    : [+0.157, -0.004, +0.158]
  Target (target): [+0.150, +0.000, +0.020]
  Dist EE→Cubo    : 0.0081 m
  Dist Cubo→target: 0.1378 m
  Reward          : -0.1378
  Sucesso         : False
  Obstáculo caminho: nao  (count: 0)
  Objeto [object_1]: tipo=box  massa=1.0 kg  tamanho=[0.04, 0.04, 0.04]
  Target goal     : {'type': 'goal_sequence', 'targets': [{'name': 'target', 'position': [0.15000000596046448, 0.0, 0.019999999552965164]}], 'mode': 'goal_sequence'}
  Mesa            : 1.1x0.7x0.4 m  offset_x=-0.3
  Robô config     : control=ee  block_gripper=False  base=[-0.6, 0.0, 0.05]
  Scripts         : ['script_1', 'reach_only', 'left_right']
  Juntas ângulos  : [-0.00, +0.82, +0.00, -1.26, -0.00, +2.08, +0.79]
  Juntas veloc.   : [+0.00, +0.11, -0.00, -0.02, -0.00, +0.09, +0.00]
  Cubo rotação    : [-0.002, +0.041, +0.002]  (roll/pitch/yaw)
  Cubo vel.linear : [-0.004, -0.003, -0.079]
────────────────────────────────────────────
 Ep  1 | Step  42
────────────────────────────────────────────
  Task            : OBJECT_DELIVERY_SEQUENCE
  Action          : [+0.000, +0.000, -0.150, -1.000]
  EE posição      : [+0.150, +0.000, +0.151]
  EE velocidade   : [-0.004, +0.000, -0.079]
  Garra           : 0.038 m  (AGARRADA)  contatos=2
  Cubo posição    : [+0.157, -0.004, +0.150]
  Target (target): [+0.150, +0.000, +0.020]
  Dist EE→Cubo    : 0.0082 m
  Dist Cubo→target: 0.1301 m
  Reward          : -0.1301
  Sucesso         : False
  Obstáculo caminho: nao  (count: 0)
  Objeto [object_1]: tipo=box  massa=1.0 kg  tamanho=[0.04, 0.04, 0.04]
  Target goal     : {'type': 'goal_sequence', 'targets': [{'name': 'target', 'position': [0.15000000596046448, 0.0, 0.019999999552965164]}], 'mode': 'goal_sequence'}
  Mesa            : 1.1x0.7x0.4 m  offset_x=-0.3
  Robô config     : control=ee  block_gripper=False  base=[-0.6, 0.0, 0.05]
  Scripts         : ['script_1', 'reach_only', 'left_right']
  Juntas ângulos  : [-0.00, +0.83, +0.00, -1.27, -0.00, +2.10, +0.79]
  Juntas veloc.   : [+0.00, +0.11, -0.00, -0.01, -0.00, +0.10, +0.00]
  Cubo rotação    : [-0.002, +0.041, +0.002]  (roll/pitch/yaw)
  Cubo vel.linear : [-0.004, -0.003, -0.079]
────────────────────────────────────────────
 Ep  1 | Step  43
────────────────────────────────────────────
  Task            : OBJECT_DELIVERY_SEQUENCE
  Action          : [+0.000, +0.000, -0.150, -1.000]
  EE posição      : [+0.150, +0.000, +0.143]
  EE velocidade   : [-0.005, +0.000, -0.081]
  Garra           : 0.038 m  (AGARRADA)  contatos=2
  Cubo posição    : [+0.157, -0.004, +0.142]
  Target (target): [+0.150, +0.000, +0.020]
  Dist EE→Cubo    : 0.0082 m
  Dist Cubo→target: 0.1223 m
  Reward          : -0.1223
  Sucesso         : False
  Obstáculo caminho: nao  (count: 0)
  Objeto [object_1]: tipo=box  massa=1.0 kg  tamanho=[0.04, 0.04, 0.04]
  Target goal     : {'type': 'goal_sequence', 'targets': [{'name': 'target', 'position': [0.15000000596046448, 0.0, 0.019999999552965164]}], 'mode': 'goal_sequence'}
  Mesa            : 1.1x0.7x0.4 m  offset_x=-0.3
  Robô config     : control=ee  block_gripper=False  base=[-0.6, 0.0, 0.05]
  Scripts         : ['script_1', 'reach_only', 'left_right']
  Juntas ângulos  : [-0.00, +0.84, +0.00, -1.27, -0.00, +2.11, +0.79]
  Juntas veloc.   : [+0.00, +0.11, -0.00, -0.01, -0.00, +0.10, +0.00]
  Cubo rotação    : [-0.002, +0.041, +0.002]  (roll/pitch/yaw)
  Cubo vel.linear : [-0.005, -0.003, -0.081]
────────────────────────────────────────────
 Ep  1 | Step  44
────────────────────────────────────────────
  Task            : OBJECT_DELIVERY_SEQUENCE
  Action          : [+0.000, +0.000, -0.150, -1.000]
  EE posição      : [+0.150, +0.000, +0.135]
  EE velocidade   : [-0.006, +0.000, -0.082]
  Garra           : 0.038 m  (AGARRADA)  contatos=2
  Cubo posição    : [+0.157, -0.004, +0.134]
  Target (target): [+0.150, +0.000, +0.020]
  Dist EE→Cubo    : 0.0083 m
  Dist Cubo→target: 0.1146 m
  Reward          : -0.1146
  Sucesso         : False
  Obstáculo caminho: nao  (count: 0)
  Objeto [object_1]: tipo=box  massa=1.0 kg  tamanho=[0.04, 0.04, 0.04]
  Target goal     : {'type': 'goal_sequence', 'targets': [{'name': 'target', 'position': [0.15000000596046448, 0.0, 0.019999999552965164]}], 'mode': 'goal_sequence'}
  Mesa            : 1.1x0.7x0.4 m  offset_x=-0.3
  Robô config     : control=ee  block_gripper=False  base=[-0.6, 0.0, 0.05]
  Scripts         : ['script_1', 'reach_only', 'left_right']
  Juntas ângulos  : [-0.00, +0.85, +0.00, -1.27, -0.00, +2.12, +0.79]
  Juntas veloc.   : [+0.00, +0.11, -0.00, -0.01, -0.00, +0.10, +0.00]
  Cubo rotação    : [-0.002, +0.041, +0.002]  (roll/pitch/yaw)
  Cubo vel.linear : [-0.006, -0.003, -0.082]
────────────────────────────────────────────
 Ep  1 | Step  45
────────────────────────────────────────────
  Task            : OBJECT_DELIVERY_SEQUENCE
  Action          : [+0.000, +0.000, -0.150, -1.000]
  EE posição      : [+0.150, +0.000, +0.128]
  EE velocidade   : [-0.007, +0.000, -0.083]
  Garra           : 0.038 m  (AGARRADA)  contatos=2
  Cubo posição    : [+0.157, -0.005, +0.126]
  Target (target): [+0.150, +0.000, +0.020]
  Dist EE→Cubo    : 0.0084 m
  Dist Cubo→target: 0.1068 m
  Reward          : -0.1068
  Sucesso         : False
  Obstáculo caminho: nao  (count: 0)
  Objeto [object_1]: tipo=box  massa=1.0 kg  tamanho=[0.04, 0.04, 0.04]
  Target goal     : {'type': 'goal_sequence', 'targets': [{'name': 'target', 'position': [0.15000000596046448, 0.0, 0.019999999552965164]}], 'mode': 'goal_sequence'}
  Mesa            : 1.1x0.7x0.4 m  offset_x=-0.3
  Robô config     : control=ee  block_gripper=False  base=[-0.6, 0.0, 0.05]
  Scripts         : ['script_1', 'reach_only', 'left_right']
  Juntas ângulos  : [-0.00, +0.87, +0.00, -1.27, -0.00, +2.13, +0.79]
  Juntas veloc.   : [+0.00, +0.12, -0.00, -0.01, -0.00, +0.09, +0.00]
  Cubo rotação    : [-0.002, +0.041, +0.002]  (roll/pitch/yaw)
  Cubo vel.linear : [-0.007, -0.003, -0.083]
────────────────────────────────────────────
 Ep  1 | Step  46
────────────────────────────────────────────
  Task            : OBJECT_DELIVERY_SEQUENCE
  Action          : [+0.000, +0.000, -0.150, -1.000]
  EE posição      : [+0.150, +0.000, +0.120]
  EE velocidade   : [-0.008, +0.000, -0.084]
  Garra           : 0.038 m  (AGARRADA)  contatos=2
  Cubo posição    : [+0.157, -0.005, +0.119]
  Target (target): [+0.150, +0.000, +0.020]
  Dist EE→Cubo    : 0.0084 m
  Dist Cubo→target: 0.0989 m
  Reward          : -0.0989
  Sucesso         : False
  Obstáculo caminho: nao  (count: 0)
  Objeto [object_1]: tipo=box  massa=1.0 kg  tamanho=[0.04, 0.04, 0.04]
  Target goal     : {'type': 'goal_sequence', 'targets': [{'name': 'target', 'position': [0.15000000596046448, 0.0, 0.019999999552965164]}], 'mode': 'goal_sequence'}
  Mesa            : 1.1x0.7x0.4 m  offset_x=-0.3
  Robô config     : control=ee  block_gripper=False  base=[-0.6, 0.0, 0.05]
  Scripts         : ['script_1', 'reach_only', 'left_right']
  Juntas ângulos  : [-0.00, +0.88, +0.00, -1.27, -0.00, +2.14, +0.79]
  Juntas veloc.   : [+0.00, +0.12, -0.00, -0.01, -0.00, +0.09, +0.00]
  Cubo rotação    : [-0.002, +0.041, +0.002]  (roll/pitch/yaw)
  Cubo vel.linear : [-0.008, -0.003, -0.084]
────────────────────────────────────────────
 Ep  1 | Step  47
────────────────────────────────────────────
  Task            : OBJECT_DELIVERY_SEQUENCE
  Action          : [+0.000, +0.000, -0.150, -1.000]
  EE posição      : [+0.150, +0.000, +0.112]
  EE velocidade   : [-0.009, +0.000, -0.085]
  Garra           : 0.038 m  (AGARRADA)  contatos=2
  Cubo posição    : [+0.157, -0.005, +0.111]
  Target (target): [+0.150, +0.000, +0.020]
  Dist EE→Cubo    : 0.0085 m
  Dist Cubo→target: 0.0911 m
  Reward          : -0.0911
  Sucesso         : False
  Obstáculo caminho: nao  (count: 0)
  Objeto [object_1]: tipo=box  massa=1.0 kg  tamanho=[0.04, 0.04, 0.04]
  Target goal     : {'type': 'goal_sequence', 'targets': [{'name': 'target', 'position': [0.15000000596046448, 0.0, 0.019999999552965164]}], 'mode': 'goal_sequence'}
  Mesa            : 1.1x0.7x0.4 m  offset_x=-0.3
  Robô config     : control=ee  block_gripper=False  base=[-0.6, 0.0, 0.05]
  Scripts         : ['script_1', 'reach_only', 'left_right']
  Juntas ângulos  : [-0.00, +0.89, +0.00, -1.27, -0.00, +2.16, +0.79]
  Juntas veloc.   : [+0.00, +0.12, -0.00, -0.01, -0.00, +0.09, +0.00]
  Cubo rotação    : [-0.002, +0.041, +0.002]  (roll/pitch/yaw)
  Cubo vel.linear : [-0.009, -0.003, -0.085]
────────────────────────────────────────────
 Ep  1 | Step  48
────────────────────────────────────────────
  Task            : OBJECT_DELIVERY_SEQUENCE
  Action          : [+0.000, +0.000, -0.150, -1.000]
  EE posição      : [+0.150, +0.000, +0.104]
  EE velocidade   : [-0.010, +0.000, -0.086]
  Garra           : 0.038 m  (AGARRADA)  contatos=2
  Cubo posição    : [+0.157, -0.005, +0.103]
  Target (target): [+0.150, +0.000, +0.020]
  Dist EE→Cubo    : 0.0086 m
  Dist Cubo→target: 0.0832 m
  Reward          : -0.0832
  Sucesso         : False
  Obstáculo caminho: nao  (count: 0)
  Objeto [object_1]: tipo=box  massa=1.0 kg  tamanho=[0.04, 0.04, 0.04]
  Target goal     : {'type': 'goal_sequence', 'targets': [{'name': 'target', 'position': [0.15000000596046448, 0.0, 0.019999999552965164]}], 'mode': 'goal_sequence'}
  Mesa            : 1.1x0.7x0.4 m  offset_x=-0.3
  Robô config     : control=ee  block_gripper=False  base=[-0.6, 0.0, 0.05]
  Scripts         : ['script_1', 'reach_only', 'left_right']
  Juntas ângulos  : [-0.00, +0.90, +0.00, -1.27, -0.00, +2.17, +0.79]
  Juntas veloc.   : [+0.00, +0.12, -0.00, -0.01, -0.00, +0.09, +0.00]
  Cubo rotação    : [-0.002, +0.041, +0.002]  (roll/pitch/yaw)
  Cubo vel.linear : [-0.010, -0.003, -0.086]
────────────────────────────────────────────
 Ep  1 | Step  49
────────────────────────────────────────────
  Task            : OBJECT_DELIVERY_SEQUENCE
  Action          : [+0.000, +0.000, -0.150, -1.000]
  EE posição      : [+0.149, +0.000, +0.096]
  EE velocidade   : [-0.011, +0.000, -0.087]
  Garra           : 0.038 m  (AGARRADA)  contatos=2
  Cubo posição    : [+0.156, -0.005, +0.095]
  Target (target): [+0.150, +0.000, +0.020]
  Dist EE→Cubo    : 0.0086 m
  Dist Cubo→target: 0.0754 m
  Reward          : -0.0754
  Sucesso         : False
  Obstáculo caminho: nao  (count: 0)
  Objeto [object_1]: tipo=box  massa=1.0 kg  tamanho=[0.04, 0.04, 0.04]
  Target goal     : {'type': 'goal_sequence', 'targets': [{'name': 'target', 'position': [0.15000000596046448, 0.0, 0.019999999552965164]}], 'mode': 'goal_sequence'}
  Mesa            : 1.1x0.7x0.4 m  offset_x=-0.3
  Robô config     : control=ee  block_gripper=False  base=[-0.6, 0.0, 0.05]
  Scripts         : ['script_1', 'reach_only', 'left_right']
  Juntas ângulos  : [-0.00, +0.91, +0.00, -1.27, -0.00, +2.18, +0.79]
  Juntas veloc.   : [+0.00, +0.13, -0.00, -0.00, -0.00, +0.09, +0.00]
  Cubo rotação    : [-0.002, +0.041, +0.002]  (roll/pitch/yaw)
  Cubo vel.linear : [-0.011, -0.003, -0.087]
────────────────────────────────────────────
 Ep  1 | Step  50
────────────────────────────────────────────
  Task            : OBJECT_DELIVERY_SEQUENCE
  Action          : [+0.000, +0.000, -0.150, -1.000]
  EE posição      : [+0.149, +0.000, +0.088]
  EE velocidade   : [-0.012, +0.000, -0.088]
  Garra           : 0.038 m  (AGARRADA)  contatos=2
  Cubo posição    : [+0.156, -0.005, +0.087]
  Target (target): [+0.150, +0.000, +0.020]
  Dist EE→Cubo    : 0.0087 m
  Dist Cubo→target: 0.0675 m
  Reward          : -0.0675
  Sucesso         : False
  Obstáculo caminho: nao  (count: 0)
  Objeto [object_1]: tipo=box  massa=1.0 kg  tamanho=[0.04, 0.04, 0.04]
  Target goal     : {'type': 'goal_sequence', 'targets': [{'name': 'target', 'position': [0.15000000596046448, 0.0, 0.019999999552965164]}], 'mode': 'goal_sequence'}
  Mesa            : 1.1x0.7x0.4 m  offset_x=-0.3
  Robô config     : control=ee  block_gripper=False  base=[-0.6, 0.0, 0.05]
  Scripts         : ['script_1', 'reach_only', 'left_right']
  Juntas ângulos  : [-0.00, +0.92, +0.00, -1.27, -0.00, +2.19, +0.79]
  Juntas veloc.   : [+0.00, +0.13, -0.00, -0.00, -0.00, +0.09, +0.00]
  Cubo rotação    : [-0.002, +0.041, +0.002]  (roll/pitch/yaw)
  Cubo vel.linear : [-0.012, -0.003, -0.088]
────────────────────────────────────────────
 Ep  1 | Step  51
────────────────────────────────────────────
  Task            : OBJECT_DELIVERY_SEQUENCE
  Action          : [+0.000, +0.000, -0.150, -1.000]
  EE posição      : [+0.149, +0.000, +0.080]
  EE velocidade   : [-0.013, +0.000, -0.086]
  Garra           : 0.038 m  (AGARRADA)  contatos=2
  Cubo posição    : [+0.155, -0.005, +0.079]
  Target (target): [+0.150, +0.000, +0.020]
  Dist EE→Cubo    : 0.0088 m
  Dist Cubo→target: 0.0597 m
  Reward          : -0.0597
  Sucesso         : False
  Obstáculo caminho: nao  (count: 0)
  Objeto [object_1]: tipo=box  massa=1.0 kg  tamanho=[0.04, 0.04, 0.04]
  Target goal     : {'type': 'goal_sequence', 'targets': [{'name': 'target', 'position': [0.15000000596046448, 0.0, 0.019999999552965164]}], 'mode': 'goal_sequence'}
  Mesa            : 1.1x0.7x0.4 m  offset_x=-0.3
  Robô config     : control=ee  block_gripper=False  base=[-0.6, 0.0, 0.05]
  Scripts         : ['script_1', 'reach_only', 'left_right']
  Juntas ângulos  : [-0.00, +0.93, +0.00, -1.27, -0.00, +2.21, +0.79]
  Juntas veloc.   : [+0.00, +0.13, -0.00, +0.00, -0.00, +0.09, +0.00]
  Cubo rotação    : [-0.002, +0.041, +0.002]  (roll/pitch/yaw)
  Cubo vel.linear : [-0.013, -0.003, -0.087]
────────────────────────────────────────────
 Ep  1 | Step  52
────────────────────────────────────────────
  Task            : OBJECT_DELIVERY_SEQUENCE
  Action          : [+0.000, +0.000, -0.150, -1.000]
  EE posição      : [+0.148, +0.000, +0.072]
  EE velocidade   : [-0.014, +0.000, -0.088]
  Garra           : 0.038 m  (AGARRADA)  contatos=2
  Cubo posição    : [+0.155, -0.005, +0.071]
  Target (target): [+0.150, +0.000, +0.020]
  Dist EE→Cubo    : 0.0088 m
  Dist Cubo→target: 0.0518 m
  Reward          : -0.0518
  Sucesso         : False
  Obstáculo caminho: nao  (count: 0)
  Objeto [object_1]: tipo=box  massa=1.0 kg  tamanho=[0.04, 0.04, 0.04]
  Target goal     : {'type': 'goal_sequence', 'targets': [{'name': 'target', 'position': [0.15000000596046448, 0.0, 0.019999999552965164]}], 'mode': 'goal_sequence'}
  Mesa            : 1.1x0.7x0.4 m  offset_x=-0.3
  Robô config     : control=ee  block_gripper=False  base=[-0.6, 0.0, 0.05]
  Scripts         : ['script_1', 'reach_only', 'left_right']
  Juntas ângulos  : [-0.00, +0.95, +0.00, -1.27, -0.00, +2.22, +0.79]
  Juntas veloc.   : [+0.00, +0.13, -0.00, +0.00, -0.00, +0.09, +0.00]
  Cubo rotação    : [-0.002, +0.041, +0.002]  (roll/pitch/yaw)
  Cubo vel.linear : [-0.014, -0.003, -0.088]
────────────────────────────────────────────
 Ep  1 | Step  53
────────────────────────────────────────────
  Task            : OBJECT_DELIVERY_SEQUENCE
  Action          : [+0.000, +0.000, -0.150, -1.000]
  EE posição      : [+0.147, +0.000, +0.065]
  EE velocidade   : [-0.015, +0.000, -0.090]
  Garra           : 0.038 m  (AGARRADA)  contatos=2
  Cubo posição    : [+0.154, -0.005, +0.063]
  Target (target): [+0.150, +0.000, +0.020]
  Dist EE→Cubo    : 0.0089 m
  Dist Cubo→target: 0.0440 m
  Reward          : -0.0440
  Sucesso         : False
  Obstáculo caminho: nao  (count: 0)
  Objeto [object_1]: tipo=box  massa=1.0 kg  tamanho=[0.04, 0.04, 0.04]
  Target goal     : {'type': 'goal_sequence', 'targets': [{'name': 'target', 'position': [0.15000000596046448, 0.0, 0.019999999552965164]}], 'mode': 'goal_sequence'}
  Mesa            : 1.1x0.7x0.4 m  offset_x=-0.3
  Robô config     : control=ee  block_gripper=False  base=[-0.6, 0.0, 0.05]
  Scripts         : ['script_1', 'reach_only', 'left_right']
  Juntas ângulos  : [-0.00, +0.96, +0.00, -1.27, -0.00, +2.23, +0.79]
  Juntas veloc.   : [+0.00, +0.13, -0.00, +0.00, -0.00, +0.09, +0.00]
  Cubo rotação    : [-0.002, +0.042, +0.002]  (roll/pitch/yaw)
  Cubo vel.linear : [-0.015, -0.003, -0.090]
────────────────────────────────────────────
 Ep  1 | Step  54
────────────────────────────────────────────
  Task            : OBJECT_DELIVERY_SEQUENCE
  Action          : [+0.000, +0.000, -0.150, -1.000]
  EE posição      : [+0.147, +0.000, +0.057]
  EE velocidade   : [-0.016, +0.000, -0.091]
  Garra           : 0.038 m  (AGARRADA)  contatos=2
  Cubo posição    : [+0.154, -0.006, +0.055]
  Target (target): [+0.150, +0.000, +0.020]
  Dist EE→Cubo    : 0.0090 m
  Dist Cubo→target: 0.0361 m
  Reward          : -0.0361
  Sucesso         : False
  Obstáculo caminho: nao  (count: 0)
  Objeto [object_1]: tipo=box  massa=1.0 kg  tamanho=[0.04, 0.04, 0.04]
  Target goal     : {'type': 'goal_sequence', 'targets': [{'name': 'target', 'position': [0.15000000596046448, 0.0, 0.019999999552965164]}], 'mode': 'goal_sequence'}
  Mesa            : 1.1x0.7x0.4 m  offset_x=-0.3
  Robô config     : control=ee  block_gripper=False  base=[-0.6, 0.0, 0.05]
  Scripts         : ['script_1', 'reach_only', 'left_right']
  Juntas ângulos  : [-0.00, +0.97, +0.00, -1.27, -0.00, +2.24, +0.79]
  Juntas veloc.   : [+0.00, +0.14, -0.00, +0.01, -0.00, +0.09, +0.00]
  Cubo rotação    : [-0.002, +0.042, +0.002]  (roll/pitch/yaw)
  Cubo vel.linear : [-0.016, -0.003, -0.091]
────────────────────────────────────────────
 Ep  1 | Step  55
────────────────────────────────────────────
  Task            : OBJECT_DELIVERY_SEQUENCE
  Action          : [+0.000, +0.000, -0.150, -1.000]
  EE posição      : [+0.146, +0.000, +0.049]
  EE velocidade   : [-0.017, +0.000, -0.091]
  Garra           : 0.038 m  (AGARRADA)  contatos=2
  Cubo posição    : [+0.153, -0.006, +0.048]
  Target (target): [+0.150, +0.000, +0.020]
  Dist EE→Cubo    : 0.0091 m
  Dist Cubo→target: 0.0282 m
  Reward          : -0.0282
  Sucesso         : False
  Obstáculo caminho: nao  (count: 0)
  Objeto [object_1]: tipo=box  massa=1.0 kg  tamanho=[0.04, 0.04, 0.04]
  Target goal     : {'type': 'goal_sequence', 'targets': [{'name': 'target', 'position': [0.15000000596046448, 0.0, 0.019999999552965164]}], 'mode': 'goal_sequence'}
  Mesa            : 1.1x0.7x0.4 m  offset_x=-0.3
  Robô config     : control=ee  block_gripper=False  base=[-0.6, 0.0, 0.05]
  Scripts         : ['script_1', 'reach_only', 'left_right']
  Juntas ângulos  : [-0.00, +0.98, +0.00, -1.27, -0.00, +2.25, +0.79]
  Juntas veloc.   : [+0.00, +0.14, -0.00, +0.01, -0.00, +0.09, +0.00]
  Cubo rotação    : [-0.002, +0.042, +0.002]  (roll/pitch/yaw)
  Cubo vel.linear : [-0.017, -0.003, -0.092]
────────────────────────────────────────────
 Ep  1 | Step  56
────────────────────────────────────────────
  Task            : OBJECT_DELIVERY_SEQUENCE
  Action          : [+0.000, +0.000, -0.143, -1.000]
  EE posição      : [+0.145, +0.000, +0.041]
  EE velocidade   : [-0.012, +0.000, -0.075]
  Garra           : 0.038 m  (AGARRADA)  contatos=2
  Cubo posição    : [+0.152, -0.006, +0.040]
  Target (target): [+0.150, +0.000, +0.020]
  Dist EE→Cubo    : 0.0091 m
  Dist Cubo→target: 0.0211 m
  Reward          : -0.0211
  Sucesso         : False
  Obstáculo caminho: nao  (count: 0)
  Objeto [object_1]: tipo=box  massa=1.0 kg  tamanho=[0.04, 0.04, 0.04]
  Target goal     : {'type': 'goal_sequence', 'targets': [{'name': 'target', 'position': [0.15000000596046448, 0.0, 0.019999999552965164]}], 'mode': 'goal_sequence'}
  Mesa            : 1.1x0.7x0.4 m  offset_x=-0.3
  Robô config     : control=ee  block_gripper=False  base=[-0.6, 0.0, 0.05]
  Scripts         : ['script_1', 'reach_only', 'left_right']
  Juntas ângulos  : [-0.00, +1.00, +0.00, -1.27, -0.00, +2.26, +0.79]
  Juntas veloc.   : [+0.00, +0.12, -0.00, +0.01, -0.00, +0.09, +0.00]
  Cubo rotação    : [-0.002, +0.041, +0.002]  (roll/pitch/yaw)
  Cubo vel.linear : [-0.012, -0.003, -0.075]
────────────────────────────────────────────
 Ep  1 | Step  57
────────────────────────────────────────────
  Task            : OBJECT_DELIVERY_SEQUENCE
  Action          : [+0.000, +0.000, -0.106, -1.000]
  EE posição      : [+0.145, +0.000, +0.036]
  EE velocidade   : [+0.003, -0.000, -0.022]
  Garra           : 0.038 m  (AGARRADA)  contatos=2
  Cubo posição    : [+0.152, -0.006, +0.035]
  Target (target): [+0.150, +0.000, +0.020]
  Dist EE→Cubo    : 0.0092 m
  Dist Cubo→target: 0.0166 m
  Reward          : -0.0166
  Sucesso         : False
  Obstáculo caminho: nao  (count: 0)
  Objeto [object_1]: tipo=box  massa=1.0 kg  tamanho=[0.04, 0.04, 0.04]
  Target goal     : {'type': 'goal_sequence', 'targets': [{'name': 'target', 'position': [0.15000000596046448, 0.0, 0.019999999552965164]}], 'mode': 'goal_sequence'}
  Mesa            : 1.1x0.7x0.4 m  offset_x=-0.3
  Robô config     : control=ee  block_gripper=False  base=[-0.6, 0.0, 0.05]
  Scripts         : ['script_1', 'reach_only', 'left_right']
  Juntas ângulos  : [-0.00, +1.00, +0.00, -1.27, -0.00, +2.27, +0.79]
  Juntas veloc.   : [+0.00, +0.04, -0.00, +0.00, +0.00, +0.06, +0.00]
  Cubo rotação    : [-0.002, +0.040, +0.002]  (roll/pitch/yaw)
  Cubo vel.linear : [+0.003, -0.003, -0.022]
────────────────────────────────────────────
 Ep  1 | Step  58
────────────────────────────────────────────
  Task            : OBJECT_DELIVERY_SEQUENCE
  Action          : [+0.000, +0.000, -0.082, -1.000]
  EE posição      : [+0.145, +0.000, +0.033]
  EE velocidade   : [-0.003, +0.000, -0.029]
  Garra           : 0.038 m  (AGARRADA)  contatos=2
  Cubo posição    : [+0.152, -0.006, +0.032]
  Target (target): [+0.150, +0.000, +0.020]
  Dist EE→Cubo    : 0.0093 m
  Dist Cubo→target: 0.0135 m
  Reward          : -0.0135
  Sucesso         : False
  Obstáculo caminho: nao  (count: 0)
  Objeto [object_1]: tipo=box  massa=1.0 kg  tamanho=[0.04, 0.04, 0.04]
  Target goal     : {'type': 'goal_sequence', 'targets': [{'name': 'target', 'position': [0.15000000596046448, 0.0, 0.019999999552965164]}], 'mode': 'goal_sequence'}
  Mesa            : 1.1x0.7x0.4 m  offset_x=-0.3
  Robô config     : control=ee  block_gripper=False  base=[-0.6, 0.0, 0.05]
  Scripts         : ['script_1', 'reach_only', 'left_right']
  Juntas ângulos  : [+0.00, +1.01, +0.00, -1.27, -0.00, +2.28, +0.79]
  Juntas veloc.   : [+0.00, +0.05, -0.00, +0.01, +0.00, +0.04, +0.00]
  Cubo rotação    : [-0.002, +0.039, +0.002]  (roll/pitch/yaw)
  Cubo vel.linear : [-0.003, -0.003, -0.029]
────────────────────────────────────────────
 Ep  1 | Step  59
────────────────────────────────────────────
  Task            : OBJECT_DELIVERY_SEQUENCE
  Action          : [+0.000, +0.000, +0.000, +1.000]
  EE posição      : [+0.145, +0.000, +0.033]
  EE velocidade   : [+0.000, -0.000, +0.000]
  Garra           : 0.075 m  (ABERTA)  contatos=0
  Cubo posição    : [+0.152, -0.006, +0.023]
  Target (target): [+0.150, +0.000, +0.020]
  Dist EE→Cubo    : 0.0138 m
  Dist Cubo→target: 0.0068 m
  Reward          : -0.0068
  Sucesso         : False
  Obstáculo caminho: nao  (count: 0)
  Objeto [object_1]: tipo=box  massa=1.0 kg  tamanho=[0.04, 0.04, 0.04]
  Target goal     : {'type': 'goal_sequence', 'targets': [{'name': 'target', 'position': [0.15000000596046448, 0.0, 0.019999999552965164]}], 'mode': 'goal_sequence'}
  Mesa            : 1.1x0.7x0.4 m  offset_x=-0.3
  Robô config     : control=ee  block_gripper=False  base=[-0.6, 0.0, 0.05]
  Scripts         : ['script_1', 'reach_only', 'left_right']
  Juntas ângulos  : [+0.00, +1.01, +0.00, -1.27, -0.00, +2.28, +0.79]
  Juntas veloc.   : [+0.00, -0.00, -0.00, -0.00, -0.00, -0.00, +0.00]
  Cubo rotação    : [-0.002, +0.039, +0.002]  (roll/pitch/yaw)
  Cubo vel.linear : [-0.003, -0.003, -0.421]
────────────────────────────────────────────
 Ep  1 | Step  60
────────────────────────────────────────────
  Task            : OBJECT_DELIVERY_SEQUENCE
  Action          : [+0.000, +0.000, +0.000, +1.000]
  EE posição      : [+0.145, +0.000, +0.033]
  EE velocidade   : [-0.000, -0.000, -0.000]
  Garra           : 0.079 m  (ABERTA)  contatos=0
  Cubo posição    : [+0.151, -0.006, +0.020]
  Target (target): [+0.150, +0.000, +0.020]
  Dist EE→Cubo    : 0.0155 m
  Dist Cubo→target: 0.0062 m
  Reward          : -0.0062
  Sucesso         : False
  Obstáculo caminho: nao  (count: 0)
  Objeto [object_1]: tipo=box  massa=1.0 kg  tamanho=[0.04, 0.04, 0.04]
  Target goal     : {'type': 'goal_sequence', 'targets': [{'name': 'target', 'position': [0.15000000596046448, 0.0, 0.019999999552965164]}], 'mode': 'goal_sequence'}
  Mesa            : 1.1x0.7x0.4 m  offset_x=-0.3
  Robô config     : control=ee  block_gripper=False  base=[-0.6, 0.0, 0.05]
  Scripts         : ['script_1', 'reach_only', 'left_right']
  Juntas ângulos  : [+0.00, +1.01, +0.00, -1.27, -0.00, +2.28, +0.79]
  Juntas veloc.   : [+0.00, -0.00, -0.00, -0.00, +0.00, +0.00, -0.00]
  Cubo rotação    : [+0.000, -0.004, +0.002]  (roll/pitch/yaw)
  Cubo vel.linear : [+0.004, +0.000, +0.004]
────────────────────────────────────────────
 Ep  1 | Step  61
────────────────────────────────────────────
  Task            : OBJECT_DELIVERY_SEQUENCE
  Action          : [+0.000, +0.000, +0.000, +1.000]
  EE posição      : [+0.145, +0.000, +0.033]
  EE velocidade   : [-0.000, -0.000, -0.000]
  Garra           : 0.080 m  (ABERTA)  contatos=0
  Cubo posição    : [+0.151, -0.006, +0.020]
  Target (target): [+0.150, +0.000, +0.020]
  Dist EE→Cubo    : 0.0155 m
  Dist Cubo→target: 0.0062 m
  Reward          : -0.0062
  Sucesso         : False
  Obstáculo caminho: nao  (count: 0)
  Objeto [object_1]: tipo=box  massa=1.0 kg  tamanho=[0.04, 0.04, 0.04]
  Target goal     : {'type': 'goal_sequence', 'targets': [{'name': 'target', 'position': [0.15000000596046448, 0.0, 0.019999999552965164]}], 'mode': 'goal_sequence'}
  Mesa            : 1.1x0.7x0.4 m  offset_x=-0.3
  Robô config     : control=ee  block_gripper=False  base=[-0.6, 0.0, 0.05]
  Scripts         : ['script_1', 'reach_only', 'left_right']
  Juntas ângulos  : [+0.00, +1.01, +0.00, -1.27, -0.00, +2.28, +0.79]
  Juntas veloc.   : [+0.00, -0.00, -0.00, -0.00, +0.00, +0.00, -0.00]
  Cubo rotação    : [+0.000, -0.001, +0.002]  (roll/pitch/yaw)
  Cubo vel.linear : [+0.001, +0.000, +0.001]
────────────────────────────────────────────
 Ep  1 | Step  62
────────────────────────────────────────────
  Task            : OBJECT_DELIVERY_SEQUENCE
  Action          : [+0.000, +0.000, +0.000, +1.000]
  EE posição      : [+0.145, +0.000, +0.033]
  EE velocidade   : [-0.000, -0.000, -0.000]
  Garra           : 0.080 m  (ABERTA)  contatos=0
  Cubo posição    : [+0.151, -0.006, +0.020]
  Target (target): [+0.150, +0.000, +0.020]
  Dist EE→Cubo    : 0.0155 m
  Dist Cubo→target: 0.0062 m
  Reward          : -0.0062
  Sucesso         : False
  Obstáculo caminho: nao  (count: 0)
  Objeto [object_1]: tipo=box  massa=1.0 kg  tamanho=[0.04, 0.04, 0.04]
  Target goal     : {'type': 'goal_sequence', 'targets': [{'name': 'target', 'position': [0.15000000596046448, 0.0, 0.019999999552965164]}], 'mode': 'goal_sequence'}
  Mesa            : 1.1x0.7x0.4 m  offset_x=-0.3
  Robô config     : control=ee  block_gripper=False  base=[-0.6, 0.0, 0.05]
  Scripts         : ['script_1', 'reach_only', 'left_right']
  Juntas ângulos  : [+0.00, +1.01, +0.00, -1.27, -0.00, +2.28, +0.79]
  Juntas veloc.   : [+0.00, -0.00, -0.00, -0.00, +0.00, +0.00, -0.00]
  Cubo rotação    : [+0.000, -0.000, +0.002]  (roll/pitch/yaw)
  Cubo vel.linear : [+0.000, +0.000, +0.000]
────────────────────────────────────────────
 Ep  1 | Step  63
────────────────────────────────────────────
  Task            : OBJECT_DELIVERY_SEQUENCE
  Action          : [+0.000, +0.000, +0.000, +1.000]
  EE posição      : [+0.145, +0.000, +0.033]
  EE velocidade   : [-0.000, -0.000, -0.000]
  Garra           : 0.080 m  (ABERTA)  contatos=0
  Cubo posição    : [+0.151, -0.006, +0.020]
  Target (target): [+0.150, +0.000, +0.020]
  Dist EE→Cubo    : 0.0155 m
  Dist Cubo→target: 0.0062 m
  Reward          : -0.0062
  Sucesso         : False
  Obstáculo caminho: nao  (count: 0)
  Objeto [object_1]: tipo=box  massa=1.0 kg  tamanho=[0.04, 0.04, 0.04]
  Target goal     : {'type': 'goal_sequence', 'targets': [{'name': 'target', 'position': [0.15000000596046448, 0.0, 0.019999999552965164]}], 'mode': 'goal_sequence'}
  Mesa            : 1.1x0.7x0.4 m  offset_x=-0.3
  Robô config     : control=ee  block_gripper=False  base=[-0.6, 0.0, 0.05]
  Scripts         : ['script_1', 'reach_only', 'left_right']
  Juntas ângulos  : [+0.00, +1.01, +0.00, -1.27, -0.00, +2.28, +0.79]
  Juntas veloc.   : [+0.00, -0.00, -0.00, -0.00, +0.00, +0.00, -0.00]
  Cubo rotação    : [+0.000, -0.000, +0.002]  (roll/pitch/yaw)
  Cubo vel.linear : [+0.000, +0.000, +0.000]
────────────────────────────────────────────
 Ep  1 | Step  64
────────────────────────────────────────────
  Task            : OBJECT_DELIVERY_SEQUENCE
  Action          : [+0.000, +0.000, +0.000, +0.000]
  EE posição      : [+0.145, +0.000, +0.033]
  EE velocidade   : [-0.000, -0.000, -0.000]
  Garra           : 0.080 m  (ABERTA)  contatos=0
  Cubo posição    : [+0.151, -0.006, +0.020]
  Target (target): [+0.150, +0.000, +0.020]
  Dist EE→Cubo    : 0.0155 m
  Dist Cubo→target: 0.0062 m
  Reward          : -0.0062
  Sucesso         : True
  Obstáculo caminho: nao  (count: 0)
  Objeto [object_1]: tipo=box  massa=1.0 kg  tamanho=[0.04, 0.04, 0.04]
  Target goal     : {'type': 'goal_sequence', 'targets': [{'name': 'target', 'position': [0.15000000596046448, 0.0, 0.019999999552965164]}], 'mode': 'goal_sequence'}
  Mesa            : 1.1x0.7x0.4 m  offset_x=-0.3
  Robô config     : control=ee  block_gripper=False  base=[-0.6, 0.0, 0.05]
  Scripts         : ['script_1', 'reach_only', 'left_right']
  Juntas ângulos  : [+0.00, +1.01, +0.00, -1.27, -0.00, +2.28, +0.79]
  Juntas veloc.   : [+0.00, -0.00, -0.00, -0.00, +0.00, +0.00, -0.00]
  Cubo rotação    : [+0.000, -0.000, +0.002]  (roll/pitch/yaw)
  Cubo vel.linear : [+0.000, +0.000, +0.000]
