────────────────────────────────────────────
 Ep  1 | Step   1
────────────────────────────────────────────
  Task            : OBJECT_DELIVERY_SEQUENCE
  Action          : [-0.984, +0.000, -0.179, +1.000]
  EE posição      : [+0.009, +0.000, +0.191]
  EE velocidade   : [-0.416, +0.000, -0.050]
  Garra           : 0.070 m  (ABERTA)  contatos=0
  Cubo posição    : [-0.250, +0.000, +0.020]
  Target (target): [+0.150, +0.000, +0.020]
  Dist EE→Cubo    : 0.3106 m
  Dist Cubo→target: 0.4000 m
  Reward          : -0.4000
  Sucesso         : False
  Obstáculo caminho: nao  (count: 0)
  Objeto [object_1]: tipo=box  massa=1.0 kg  tamanho=[0.04, 0.04, 0.04]
  Target goal     : {'type': 'goal_sequence', 'targets': [{'name': 'target', 'position': [0.15000000596046448, 0.0, 0.019999999552965164]}], 'mode': 'goal_sequence'}
  Mesa            : 1.1x0.7x0.4 m  offset_x=-0.3
  Robô config     : control=ee  block_gripper=False  base=[-0.6, 0.0, 0.05]
  Scripts         : ['script_1', 'reach_only', 'left_right']
  Juntas ângulos  : [-0.00, +0.34, +0.00, -1.98, -0.00, +2.32, +0.79]
  Juntas veloc.   : [-0.00, -0.95, +0.01, -1.57, -0.00, +0.45, -0.03]
  Cubo rotação    : [+0.000, -0.000, -0.000]  (roll/pitch/yaw)
  Cubo vel.linear : [-0.000, +0.000, -0.000]
────────────────────────────────────────────
 Ep  1 | Step   2
────────────────────────────────────────────
  Task            : OBJECT_DELIVERY_SEQUENCE
  Action          : [-0.985, -0.000, -0.173, +1.000]
  EE posição      : [-0.022, +0.000, +0.184]
  EE velocidade   : [-0.369, +0.000, -0.076]
  Garra           : 0.079 m  (ABERTA)  contatos=0
  Cubo posição    : [-0.250, +0.000, +0.020]
  Target (target): [+0.150, +0.000, +0.020]
  Dist EE→Cubo    : 0.2806 m
  Dist Cubo→target: 0.4000 m
  Reward          : -0.4000
  Sucesso         : False
  Obstáculo caminho: nao  (count: 0)
  Objeto [object_1]: tipo=box  massa=1.0 kg  tamanho=[0.04, 0.04, 0.04]
  Target goal     : {'type': 'goal_sequence', 'targets': [{'name': 'target', 'position': [0.15000000596046448, 0.0, 0.019999999552965164]}], 'mode': 'goal_sequence'}
  Mesa            : 1.1x0.7x0.4 m  offset_x=-0.3
  Robô config     : control=ee  block_gripper=False  base=[-0.6, 0.0, 0.05]
  Scripts         : ['script_1', 'reach_only', 'left_right']
  Juntas ângulos  : [-0.00, +0.27, +0.00, -2.11, -0.00, +2.38, +0.79]
  Juntas veloc.   : [-0.00, -0.76, +0.00, -1.33, +0.00, +0.44, -0.00]
  Cubo rotação    : [+0.000, -0.000, -0.000]  (roll/pitch/yaw)
  Cubo vel.linear : [-0.000, +0.000, -0.000]
────────────────────────────────────────────
 Ep  1 | Step   3
────────────────────────────────────────────
  Task            : OBJECT_DELIVERY_SEQUENCE
  Action          : [-0.985, -0.000, -0.170, +1.000]
  EE posição      : [-0.056, +0.000, +0.177]
  EE velocidade   : [-0.389, +0.000, -0.065]
  Garra           : 0.080 m  (ABERTA)  contatos=0
  Cubo posição    : [-0.250, +0.000, +0.020]
  Target (target): [+0.150, +0.000, +0.020]
  Dist EE→Cubo    : 0.2501 m
  Dist Cubo→target: 0.4000 m
  Reward          : -0.4000
  Sucesso         : False
  Obstáculo caminho: nao  (count: 0)
  Objeto [object_1]: tipo=box  massa=1.0 kg  tamanho=[0.04, 0.04, 0.04]
  Target goal     : {'type': 'goal_sequence', 'targets': [{'name': 'target', 'position': [0.15000000596046448, 0.0, 0.019999999552965164]}], 'mode': 'goal_sequence'}
  Mesa            : 1.1x0.7x0.4 m  offset_x=-0.3
  Robô config     : control=ee  block_gripper=False  base=[-0.6, 0.0, 0.05]
  Scripts         : ['script_1', 'reach_only', 'left_right']
  Juntas ângulos  : [-0.00, +0.20, +0.00, -2.23, -0.00, +2.43, +0.79]
  Juntas veloc.   : [-0.00, -0.80, +0.00, -1.35, +0.00, +0.43, -0.00]
  Cubo rotação    : [+0.000, -0.000, -0.000]  (roll/pitch/yaw)
  Cubo vel.linear : [-0.000, +0.000, -0.000]
────────────────────────────────────────────
 Ep  1 | Step   4
────────────────────────────────────────────
  Task            : OBJECT_DELIVERY_SEQUENCE
  Action          : [-0.986, -0.000, -0.164, +1.000]
  EE posição      : [-0.090, +0.000, +0.171]
  EE velocidade   : [-0.401, +0.000, -0.070]
  Garra           : 0.080 m  (ABERTA)  contatos=0
  Cubo posição    : [-0.250, +0.000, +0.020]
  Target (target): [+0.150, +0.000, +0.020]
  Dist EE→Cubo    : 0.2199 m
  Dist Cubo→target: 0.4000 m
  Reward          : -0.4000
  Sucesso         : False
  Obstáculo caminho: nao  (count: 0)
  Objeto [object_1]: tipo=box  massa=1.0 kg  tamanho=[0.04, 0.04, 0.04]
  Target goal     : {'type': 'goal_sequence', 'targets': [{'name': 'target', 'position': [0.15000000596046448, 0.0, 0.019999999552965164]}], 'mode': 'goal_sequence'}
  Mesa            : 1.1x0.7x0.4 m  offset_x=-0.3
  Robô config     : control=ee  block_gripper=False  base=[-0.6, 0.0, 0.05]
  Scripts         : ['script_1', 'reach_only', 'left_right']
  Juntas ângulos  : [-0.00, +0.13, +0.00, -2.36, -0.00, +2.48, +0.79]
  Juntas veloc.   : [-0.00, -0.80, +0.00, -1.33, +0.00, +0.41, -0.00]
  Cubo rotação    : [+0.000, -0.000, -0.000]  (roll/pitch/yaw)
  Cubo vel.linear : [-0.000, +0.000, -0.000]
────────────────────────────────────────────
 Ep  1 | Step   5
────────────────────────────────────────────
  Task            : OBJECT_DELIVERY_SEQUENCE
  Action          : [-0.988, -0.000, -0.158, +1.000]
  EE posição      : [-0.125, +0.000, +0.163]
  EE velocidade   : [-0.381, +0.001, -0.049]
  Garra           : 0.080 m  (ABERTA)  contatos=0
  Cubo posição    : [-0.250, +0.000, +0.020]
  Target (target): [+0.150, +0.000, +0.020]
  Dist EE→Cubo    : 0.1900 m
  Dist Cubo→target: 0.4000 m
  Reward          : -0.4000
  Sucesso         : False
  Obstáculo caminho: nao  (count: 0)
  Objeto [object_1]: tipo=box  massa=1.0 kg  tamanho=[0.04, 0.04, 0.04]
  Target goal     : {'type': 'goal_sequence', 'targets': [{'name': 'target', 'position': [0.15000000596046448, 0.0, 0.019999999552965164]}], 'mode': 'goal_sequence'}
  Mesa            : 1.1x0.7x0.4 m  offset_x=-0.3
  Robô config     : control=ee  block_gripper=False  base=[-0.6, 0.0, 0.05]
  Scripts         : ['script_1', 'reach_only', 'left_right']
  Juntas ângulos  : [-0.00, +0.06, +0.00, -2.48, -0.00, +2.54, +0.79]
  Juntas veloc.   : [-0.00, -0.81, +0.00, -1.25, +0.00, +0.39, -0.00]
  Cubo rotação    : [+0.000, -0.000, -0.000]  (roll/pitch/yaw)
  Cubo vel.linear : [-0.000, +0.000, -0.000]
────────────────────────────────────────────
 Ep  1 | Step   6
────────────────────────────────────────────
  Task            : OBJECT_DELIVERY_SEQUENCE
  Action          : [-0.990, -0.001, -0.144, +1.000]
  EE posição      : [-0.161, +0.000, +0.156]
  EE velocidade   : [-0.408, +0.001, -0.067]
  Garra           : 0.080 m  (ABERTA)  contatos=0
  Cubo posição    : [-0.250, +0.000, +0.020]
  Target (target): [+0.150, +0.000, +0.020]
  Dist EE→Cubo    : 0.1629 m
  Dist Cubo→target: 0.4000 m
  Reward          : -0.4000
  Sucesso         : False
  Obstáculo caminho: nao  (count: 0)
  Objeto [object_1]: tipo=box  massa=1.0 kg  tamanho=[0.04, 0.04, 0.04]
  Target goal     : {'type': 'goal_sequence', 'targets': [{'name': 'target', 'position': [0.15000000596046448, 0.0, 0.019999999552965164]}], 'mode': 'goal_sequence'}
  Mesa            : 1.1x0.7x0.4 m  offset_x=-0.3
  Robô config     : control=ee  block_gripper=False  base=[-0.6, 0.0, 0.05]
  Scripts         : ['script_1', 'reach_only', 'left_right']
  Juntas ângulos  : [-0.00, -0.02, +0.00, -2.60, +0.00, +2.58, +0.79]
  Juntas veloc.   : [-0.00, -0.83, +0.00, -1.28, +0.00, +0.37, -0.00]
  Cubo rotação    : [+0.000, -0.000, -0.000]  (roll/pitch/yaw)
  Cubo vel.linear : [-0.000, +0.000, -0.000]
────────────────────────────────────────────
 Ep  1 | Step   7
────────────────────────────────────────────
  Task            : OBJECT_DELIVERY_SEQUENCE
  Action          : [-0.992, -0.001, -0.125, +1.000]
  EE posição      : [-0.197, +0.000, +0.149]
  EE velocidade   : [-0.431, +0.000, -0.082]
  Garra           : 0.080 m  (ABERTA)  contatos=0
  Cubo posição    : [-0.250, +0.000, +0.020]
  Target (target): [+0.150, +0.000, +0.020]
  Dist EE→Cubo    : 0.1396 m
  Dist Cubo→target: 0.4000 m
  Reward          : -0.4000
  Sucesso         : False
  Obstáculo caminho: nao  (count: 0)
  Objeto [object_1]: tipo=box  massa=1.0 kg  tamanho=[0.04, 0.04, 0.04]
  Target goal     : {'type': 'goal_sequence', 'targets': [{'name': 'target', 'position': [0.15000000596046448, 0.0, 0.019999999552965164]}], 'mode': 'goal_sequence'}
  Mesa            : 1.1x0.7x0.4 m  offset_x=-0.3
  Robô config     : control=ee  block_gripper=False  base=[-0.6, 0.0, 0.05]
  Scripts         : ['script_1', 'reach_only', 'left_right']
  Juntas ângulos  : [-0.00, -0.09, +0.00, -2.72, +0.00, +2.63, +0.79]
  Juntas veloc.   : [-0.00, -0.85, +0.00, -1.30, +0.00, +0.34, -0.00]
  Cubo rotação    : [+0.000, -0.000, -0.000]  (roll/pitch/yaw)
  Cubo vel.linear : [-0.000, +0.000, -0.000]
────────────────────────────────────────────
 Ep  1 | Step   8
────────────────────────────────────────────
  Task            : OBJECT_DELIVERY_SEQUENCE
  Action          : [-0.997, -0.001, -0.079, +1.000]
  EE posição      : [-0.234, +0.000, +0.143]
  EE velocidade   : [-0.430, -0.000, -0.072]
  Garra           : 0.080 m  (ABERTA)  contatos=0
  Cubo posição    : [-0.250, +0.000, +0.020]
  Target (target): [+0.150, +0.000, +0.020]
  Dist EE→Cubo    : 0.1238 m
  Dist Cubo→target: 0.4000 m
  Reward          : -0.4000
  Sucesso         : False
  Obstáculo caminho: nao  (count: 0)
  Objeto [object_1]: tipo=box  massa=1.0 kg  tamanho=[0.04, 0.04, 0.04]
  Target goal     : {'type': 'goal_sequence', 'targets': [{'name': 'target', 'position': [0.15000000596046448, 0.0, 0.019999999552965164]}], 'mode': 'goal_sequence'}
  Mesa            : 1.1x0.7x0.4 m  offset_x=-0.3
  Robô config     : control=ee  block_gripper=False  base=[-0.6, 0.0, 0.05]
  Scripts         : ['script_1', 'reach_only', 'left_right']
  Juntas ângulos  : [-0.00, -0.17, +0.00, -2.83, +0.00, +2.66, +0.79]
  Juntas veloc.   : [+0.00, -0.93, +0.00, -1.29, +0.00, +0.28, -0.00]
  Cubo rotação    : [+0.000, -0.000, -0.000]  (roll/pitch/yaw)
  Cubo vel.linear : [-0.000, +0.000, -0.000]
────────────────────────────────────────────
 Ep  1 | Step   9
────────────────────────────────────────────
  Task            : OBJECT_DELIVERY_SEQUENCE
  Action          : [-0.991, -0.001, +0.136, +1.000]
  EE posição      : [-0.271, -0.000, +0.139]
  EE velocidade   : [-0.374, -0.000, +0.026]
  Garra           : 0.080 m  (ABERTA)  contatos=0
  Cubo posição    : [-0.250, +0.000, +0.020]
  Target (target): [+0.150, +0.000, +0.020]
  Dist EE→Cubo    : 0.1214 m
  Dist Cubo→target: 0.4000 m
  Reward          : -0.4000
  Sucesso         : False
  Obstáculo caminho: nao  (count: 0)
  Objeto [object_1]: tipo=box  massa=1.0 kg  tamanho=[0.04, 0.04, 0.04]
  Target goal     : {'type': 'goal_sequence', 'targets': [{'name': 'target', 'position': [0.15000000596046448, 0.0, 0.019999999552965164]}], 'mode': 'goal_sequence'}
  Mesa            : 1.1x0.7x0.4 m  offset_x=-0.3
  Robô config     : control=ee  block_gripper=False  base=[-0.6, 0.0, 0.05]
  Scripts         : ['script_1', 'reach_only', 'left_right']
  Juntas ângulos  : [-0.00, -0.26, +0.00, -2.95, +0.00, +2.67, +0.79]
  Juntas veloc.   : [+0.00, -1.30, -0.00, -1.23, +0.00, +0.06, -0.00]
  Cubo rotação    : [+0.000, -0.000, -0.000]  (roll/pitch/yaw)
  Cubo vel.linear : [-0.000, +0.000, -0.000]
────────────────────────────────────────────
 Ep  1 | Step  10
────────────────────────────────────────────
  Task            : OBJECT_DELIVERY_SEQUENCE
  Action          : [+0.221, +0.000, -0.975, +1.000]
  EE posição      : [-0.259, -0.000, +0.128]
  EE velocidade   : [-0.410, +0.000, -1.063]
  Garra           : 0.080 m  (ABERTA)  contatos=0
  Cubo posição    : [-0.250, +0.000, +0.020]
  Target (target): [+0.150, +0.000, +0.020]
  Dist EE→Cubo    : 0.1080 m
  Dist Cubo→target: 0.4000 m
  Reward          : -0.4000
  Sucesso         : False
  Obstáculo caminho: nao  (count: 0)
  Objeto [object_1]: tipo=box  massa=1.0 kg  tamanho=[0.04, 0.04, 0.04]
  Target goal     : {'type': 'goal_sequence', 'targets': [{'name': 'target', 'position': [0.15000000596046448, 0.0, 0.019999999552965164]}], 'mode': 'goal_sequence'}
  Mesa            : 1.1x0.7x0.4 m  offset_x=-0.3
  Robô config     : control=ee  block_gripper=False  base=[-0.6, 0.0, 0.05]
  Scripts         : ['script_1', 'reach_only', 'left_right']
  Juntas ângulos  : [-0.00, -0.18, +0.00, -2.94, +0.00, +2.79, +0.79]
  Juntas veloc.   : [-0.00, +3.63, +0.00, +0.27, -0.00, +0.94, +0.00]
  Cubo rotação    : [+0.000, -0.000, -0.000]  (roll/pitch/yaw)
  Cubo vel.linear : [-0.000, +0.000, -0.000]
────────────────────────────────────────────
 Ep  1 | Step  11
────────────────────────────────────────────
  Task            : OBJECT_DELIVERY_SEQUENCE
  Action          : [+0.109, +0.000, -0.994, +1.000]
  EE posição      : [-0.265, -0.000, +0.088]
  EE velocidade   : [-0.271, +0.000, -0.620]
  Garra           : 0.080 m  (ABERTA)  contatos=0
  Cubo posição    : [-0.250, +0.000, +0.020]
  Target (target): [+0.150, +0.000, +0.020]
  Dist EE→Cubo    : 0.0700 m
  Dist Cubo→target: 0.4000 m
  Reward          : -0.4000
  Sucesso         : False
  Obstáculo caminho: nao  (count: 0)
  Objeto [object_1]: tipo=box  massa=1.0 kg  tamanho=[0.04, 0.04, 0.04]
  Target goal     : {'type': 'goal_sequence', 'targets': [{'name': 'target', 'position': [0.15000000596046448, 0.0, 0.019999999552965164]}], 'mode': 'goal_sequence'}
  Mesa            : 1.1x0.7x0.4 m  offset_x=-0.3
  Robô config     : control=ee  block_gripper=False  base=[-0.6, 0.0, 0.05]
  Scripts         : ['script_1', 'reach_only', 'left_right']
  Juntas ângulos  : [-0.00, -0.03, +0.00, -2.91, +0.00, +2.86, +0.79]
  Juntas veloc.   : [-0.00, +2.19, +0.00, +0.28, -0.00, +0.51, +0.00]
  Cubo rotação    : [+0.000, -0.000, -0.000]  (roll/pitch/yaw)
  Cubo vel.linear : [+0.000, +0.000, +0.000]
────────────────────────────────────────────
 Ep  1 | Step  12
────────────────────────────────────────────
  Task            : OBJECT_DELIVERY_SEQUENCE
  Action          : [+0.322, +0.000, -0.947, +1.000]
  EE posição      : [-0.257, -0.000, +0.059]
  EE velocidade   : [-0.178, +0.000, -0.588]
  Garra           : 0.080 m  (ABERTA)  contatos=0
  Cubo posição    : [-0.250, +0.000, +0.020]
  Target (target): [+0.150, +0.000, +0.020]
  Dist EE→Cubo    : 0.0391 m
  Dist Cubo→target: 0.4000 m
  Reward          : -0.4000
  Sucesso         : False
  Obstáculo caminho: nao  (count: 0)
  Objeto [object_1]: tipo=box  massa=1.0 kg  tamanho=[0.04, 0.04, 0.04]
  Target goal     : {'type': 'goal_sequence', 'targets': [{'name': 'target', 'position': [0.15000000596046448, 0.0, 0.019999999552965164]}], 'mode': 'goal_sequence'}
  Mesa            : 1.1x0.7x0.4 m  offset_x=-0.3
  Robô config     : control=ee  block_gripper=False  base=[-0.6, 0.0, 0.05]
  Scripts         : ['script_1', 'reach_only', 'left_right']
  Juntas ângulos  : [-0.00, +0.11, +0.00, -2.87, -0.00, +2.97, +0.79]
  Juntas veloc.   : [+0.00, +2.20, -0.00, +0.42, -0.00, +0.87, +0.00]
  Cubo rotação    : [+0.000, -0.000, -0.000]  (roll/pitch/yaw)
  Cubo vel.linear : [+0.000, -0.000, +0.000]
────────────────────────────────────────────
 Ep  1 | Step  13
────────────────────────────────────────────
  Task            : OBJECT_DELIVERY_SEQUENCE
  Action          : [+0.444, +0.001, -0.896, +1.000]
  EE posição      : [-0.245, +0.000, +0.027]
  EE velocidade   : [-0.104, +0.000, -0.615]
  Garra           : 0.080 m  (ABERTA)  contatos=0
  Cubo posição    : [-0.250, +0.000, +0.020]
  Target (target): [+0.150, +0.000, +0.020]
  Dist EE→Cubo    : 0.0092 m
  Dist Cubo→target: 0.4000 m
  Reward          : -0.4000
  Sucesso         : False
  Obstáculo caminho: nao  (count: 0)
  Objeto [object_1]: tipo=box  massa=1.0 kg  tamanho=[0.04, 0.04, 0.04]
  Target goal     : {'type': 'goal_sequence', 'targets': [{'name': 'target', 'position': [0.15000000596046448, 0.0, 0.019999999552965164]}], 'mode': 'goal_sequence'}
  Mesa            : 1.1x0.7x0.4 m  offset_x=-0.3
  Robô config     : control=ee  block_gripper=False  base=[-0.6, 0.0, 0.05]
  Scripts         : ['script_1', 'reach_only', 'left_right']
  Juntas ângulos  : [-0.00, +0.26, +0.00, -2.81, -0.00, +3.05, +0.79]
  Juntas veloc.   : [+0.00, +2.32, -0.00, +0.80, -0.00, +0.62, +0.00]
  Cubo rotação    : [-0.000, -0.000, -0.000]  (roll/pitch/yaw)
  Cubo vel.linear : [+0.000, -0.000, +0.000]
────────────────────────────────────────────
 Ep  1 | Step  14
────────────────────────────────────────────
  Task            : OBJECT_DELIVERY_SEQUENCE
  Action          : [+0.000, +0.000, +0.000, -1.000]
  EE posição      : [-0.250, +0.000, +0.021]
  EE velocidade   : [+0.230, +0.000, +0.277]
  Garra           : 0.038 m  (AGARRADA)  contatos=2
  Cubo posição    : [-0.249, -0.000, +0.022]
  Target (target): [+0.150, +0.000, +0.020]
  Dist EE→Cubo    : 0.0023 m
  Dist Cubo→target: 0.3990 m
  Reward          : -0.3990
  Sucesso         : False
  Obstáculo caminho: nao  (count: 0)
  Objeto [object_1]: tipo=box  massa=1.0 kg  tamanho=[0.04, 0.04, 0.04]
  Target goal     : {'type': 'goal_sequence', 'targets': [{'name': 'target', 'position': [0.15000000596046448, 0.0, 0.019999999552965164]}], 'mode': 'goal_sequence'}
  Mesa            : 1.1x0.7x0.4 m  offset_x=-0.3
  Robô config     : control=ee  block_gripper=False  base=[-0.6, 0.0, 0.05]
  Scripts         : ['script_1', 'reach_only', 'left_right']
  Juntas ângulos  : [-0.00, +0.28, +0.00, -2.82, -0.00, +3.07, +0.79]
  Juntas veloc.   : [+0.00, -0.80, -0.00, -0.09, -0.00, +0.14, +0.00]
  Cubo rotação    : [+0.000, -0.009, +0.005]  (roll/pitch/yaw)
  Cubo vel.linear : [+0.229, -0.005, +0.276]
────────────────────────────────────────────
 Ep  1 | Step  15
────────────────────────────────────────────
  Task            : OBJECT_DELIVERY_SEQUENCE
  Action          : [+0.000, +0.000, +0.000, -1.000]
  EE posição      : [-0.250, +0.000, +0.022]
  EE velocidade   : [-0.011, +0.000, -0.007]
  Garra           : 0.038 m  (AGARRADA)  contatos=2
  Cubo posição    : [-0.249, -0.000, +0.023]
  Target (target): [+0.150, +0.000, +0.020]
  Dist EE→Cubo    : 0.0016 m
  Dist Cubo→target: 0.3988 m
  Reward          : -0.3988
  Sucesso         : False
  Obstáculo caminho: nao  (count: 0)
  Objeto [object_1]: tipo=box  massa=1.0 kg  tamanho=[0.04, 0.04, 0.04]
  Target goal     : {'type': 'goal_sequence', 'targets': [{'name': 'target', 'position': [0.15000000596046448, 0.0, 0.019999999552965164]}], 'mode': 'goal_sequence'}
  Mesa            : 1.1x0.7x0.4 m  offset_x=-0.3
  Robô config     : control=ee  block_gripper=False  base=[-0.6, 0.0, 0.05]
  Scripts         : ['script_1', 'reach_only', 'left_right']
  Juntas ângulos  : [-0.00, +0.28, +0.00, -2.83, -0.00, +3.10, +0.79]
  Juntas veloc.   : [+0.00, +0.03, -0.00, -0.08, -0.00, +0.21, +0.00]
  Cubo rotação    : [-0.001, -0.027, +0.005]  (roll/pitch/yaw)
  Cubo vel.linear : [-0.012, -0.006, -0.007]
────────────────────────────────────────────
 Ep  1 | Step  16
────────────────────────────────────────────
  Task            : OBJECT_DELIVERY_SEQUENCE
  Action          : [+0.000, +0.000, +1.000, -1.000]
  EE posição      : [-0.265, +0.000, +0.033]
  EE velocidade   : [+0.405, -0.000, +0.713]
  Garra           : 0.030 m  (AGARRADA)  contatos=2
  Cubo posição    : [-0.262, -0.001, +0.031]
  Target (target): [+0.150, +0.000, +0.020]
  Dist EE→Cubo    : 0.0033 m
  Dist Cubo→target: 0.4121 m
  Reward          : -0.4121
  Sucesso         : False
  Obstáculo caminho: nao  (count: 0)
  Objeto [object_1]: tipo=box  massa=1.0 kg  tamanho=[0.04, 0.04, 0.04]
  Target goal     : {'type': 'goal_sequence', 'targets': [{'name': 'target', 'position': [0.15000000596046448, 0.0, 0.019999999552965164]}], 'mode': 'goal_sequence'}
  Mesa            : 1.1x0.7x0.4 m  offset_x=-0.3
  Robô config     : control=ee  block_gripper=False  base=[-0.6, 0.0, 0.05]
  Scripts         : ['script_1', 'reach_only', 'left_right']
  Juntas ângulos  : [-0.00, +0.20, +0.00, -2.85, -0.00, +3.00, +0.79]
  Juntas veloc.   : [-0.00, -2.46, -0.00, -0.27, +0.00, -0.78, +0.00]
  Cubo rotação    : [+0.012, +0.027, -0.007]  (roll/pitch/yaw)
  Cubo vel.linear : [+0.229, -0.013, +0.613]
────────────────────────────────────────────
 Ep  1 | Step  17
────────────────────────────────────────────
  Task            : OBJECT_DELIVERY_SEQUENCE
  Action          : [+0.000, +0.000, +1.000, -1.000]
  EE posição      : [-0.262, +0.000, +0.065]
  EE velocidade   : [+0.100, -0.000, +0.404]
  Garra           : 0.031 m  (AGARRADA)  contatos=2
  Cubo posição    : [-0.257, -0.001, +0.060]
  Target (target): [+0.150, +0.000, +0.020]
  Dist EE→Cubo    : 0.0067 m
  Dist Cubo→target: 0.4092 m
  Reward          : -0.4092
  Sucesso         : False
  Obstáculo caminho: nao  (count: 0)
  Objeto [object_1]: tipo=box  massa=1.0 kg  tamanho=[0.04, 0.04, 0.04]
  Target goal     : {'type': 'goal_sequence', 'targets': [{'name': 'target', 'position': [0.15000000596046448, 0.0, 0.019999999552965164]}], 'mode': 'goal_sequence'}
  Mesa            : 1.1x0.7x0.4 m  offset_x=-0.3
  Robô config     : control=ee  block_gripper=False  base=[-0.6, 0.0, 0.05]
  Scripts         : ['script_1', 'reach_only', 'left_right']
  Juntas ângulos  : [-0.00, +0.07, +0.00, -2.90, -0.00, +2.96, +0.79]
  Juntas veloc.   : [-0.00, -1.58, +0.00, -0.45, +0.00, -0.30, +0.00]
  Cubo rotação    : [-0.015, -0.023, -0.006]  (roll/pitch/yaw)
  Cubo vel.linear : [+0.117, -0.006, +0.411]
────────────────────────────────────────────
 Ep  1 | Step  18
────────────────────────────────────────────
  Task            : OBJECT_DELIVERY_SEQUENCE
  Action          : [+0.000, +0.000, +1.000, -1.000]
  EE posição      : [-0.261, +0.000, +0.091]
  EE velocidade   : [+0.242, -0.001, +0.553]
  Garra           : 0.029 m  (AGARRADA)  contatos=2
  Cubo posição    : [-0.255, -0.001, +0.085]
  Target (target): [+0.150, +0.000, +0.020]
  Dist EE→Cubo    : 0.0087 m
  Dist Cubo→target: 0.4102 m
  Reward          : -0.4102
  Sucesso         : False
  Obstáculo caminho: nao  (count: 0)
  Objeto [object_1]: tipo=box  massa=1.0 kg  tamanho=[0.04, 0.04, 0.04]
  Target goal     : {'type': 'goal_sequence', 'targets': [{'name': 'target', 'position': [0.15000000596046448, 0.0, 0.019999999552965164]}], 'mode': 'goal_sequence'}
  Mesa            : 1.1x0.7x0.4 m  offset_x=-0.3
  Robô config     : control=ee  block_gripper=False  base=[-0.6, 0.0, 0.05]
  Scripts         : ['script_1', 'reach_only', 'left_right']
  Juntas ângulos  : [-0.00, -0.04, +0.00, -2.91, -0.00, +2.85, +0.79]
  Juntas veloc.   : [+0.00, -1.90, -0.00, -0.08, +0.00, -0.81, -0.00]
  Cubo rotação    : [-0.027, -0.028, -0.002]  (roll/pitch/yaw)
  Cubo vel.linear : [+0.311, +0.008, +0.606]
────────────────────────────────────────────
 Ep  1 | Step  19
────────────────────────────────────────────
  Task            : OBJECT_DELIVERY_SEQUENCE
  Action          : [+0.000, +0.000, +1.000, -1.000]
  EE posição      : [-0.258, +0.000, +0.120]
  EE velocidade   : [+0.146, -0.000, +0.444]
  Garra           : 0.032 m  (AGARRADA)  contatos=2
  Cubo posição    : [-0.251, -0.001, +0.112]
  Target (target): [+0.150, +0.000, +0.020]
  Dist EE→Cubo    : 0.0109 m
  Dist Cubo→target: 0.4112 m
  Reward          : -0.4112
  Sucesso         : False
  Obstáculo caminho: nao  (count: 0)
  Objeto [object_1]: tipo=box  massa=1.0 kg  tamanho=[0.04, 0.04, 0.04]
  Target goal     : {'type': 'goal_sequence', 'targets': [{'name': 'target', 'position': [0.15000000596046448, 0.0, 0.019999999552965164]}], 'mode': 'goal_sequence'}
  Mesa            : 1.1x0.7x0.4 m  offset_x=-0.3
  Robô config     : control=ee  block_gripper=False  base=[-0.6, 0.0, 0.05]
  Scripts         : ['script_1', 'reach_only', 'left_right']
  Juntas ângulos  : [-0.00, -0.15, +0.00, -2.91, +0.00, +2.75, +0.79]
  Juntas veloc.   : [+0.00, -1.51, -0.00, +0.00, +0.00, -0.82, -0.00]
  Cubo rotação    : [-0.003, +0.010, -0.002]  (roll/pitch/yaw)
  Cubo vel.linear : [+0.158, -0.007, +0.473]
────────────────────────────────────────────
 Ep  1 | Step  20
────────────────────────────────────────────
  Task            : OBJECT_DELIVERY_SEQUENCE
  Action          : [+0.000, +0.000, +1.000, -1.000]
  EE posição      : [-0.255, +0.000, +0.149]
  EE velocidade   : [+0.166, +0.000, +0.517]
  Garra           : 0.034 m  (AGARRADA)  contatos=2
  Cubo posição    : [-0.248, -0.002, +0.139]
  Target (target): [+0.150, +0.000, +0.020]
  Dist EE→Cubo    : 0.0126 m
  Dist Cubo→target: 0.4153 m
  Reward          : -0.4153
  Sucesso         : False
  Obstáculo caminho: nao  (count: 0)
  Objeto [object_1]: tipo=box  massa=1.0 kg  tamanho=[0.04, 0.04, 0.04]
  Target goal     : {'type': 'goal_sequence', 'targets': [{'name': 'target', 'position': [0.15000000596046448, 0.0, 0.019999999552965164]}], 'mode': 'goal_sequence'}
  Mesa            : 1.1x0.7x0.4 m  offset_x=-0.3
  Robô config     : control=ee  block_gripper=False  base=[-0.6, 0.0, 0.05]
  Scripts         : ['script_1', 'reach_only', 'left_right']
  Juntas ângulos  : [-0.00, -0.25, +0.00, -2.89, +0.00, +2.63, +0.79]
  Juntas veloc.   : [+0.00, -1.59, -0.00, +0.13, +0.00, -0.91, -0.00]
  Cubo rotação    : [-0.002, +0.134, -0.002]  (roll/pitch/yaw)
  Cubo vel.linear : [+0.175, -0.005, +0.522]
────────────────────────────────────────────
 Ep  1 | Step  21
────────────────────────────────────────────
  Task            : OBJECT_DELIVERY_SEQUENCE
  Action          : [+0.000, +0.000, +1.000, -1.000]
  EE posição      : [-0.251, +0.000, +0.181]
  EE velocidade   : [+0.130, +0.000, +0.503]
  Garra           : 0.033 m  (AGARRADA)  contatos=2
  Cubo posição    : [-0.244, -0.002, +0.169]
  Target (target): [+0.150, +0.000, +0.020]
  Dist EE→Cubo    : 0.0143 m
  Dist Cubo→target: 0.4207 m
  Reward          : -0.4207
  Sucesso         : False
  Obstáculo caminho: nao  (count: 0)
  Objeto [object_1]: tipo=box  massa=1.0 kg  tamanho=[0.04, 0.04, 0.04]
  Target goal     : {'type': 'goal_sequence', 'targets': [{'name': 'target', 'position': [0.15000000596046448, 0.0, 0.019999999552965164]}], 'mode': 'goal_sequence'}
  Mesa            : 1.1x0.7x0.4 m  offset_x=-0.3
  Robô config     : control=ee  block_gripper=False  base=[-0.6, 0.0, 0.05]
  Scripts         : ['script_1', 'reach_only', 'left_right']
  Juntas ângulos  : [-0.00, -0.34, +0.00, -2.86, +0.00, +2.51, +0.79]
  Juntas veloc.   : [+0.00, -1.42, -0.00, +0.22, +0.01, -0.90, -0.00]
  Cubo rotação    : [+0.004, +0.162, -0.002]  (roll/pitch/yaw)
  Cubo vel.linear : [+0.158, +0.004, +0.514]
────────────────────────────────────────────
 Ep  1 | Step  22
────────────────────────────────────────────
  Task            : OBJECT_DELIVERY_SEQUENCE
  Action          : [+0.000, +0.000, -1.000, -1.000]
  EE posição      : [-0.242, +0.000, +0.175]
  EE velocidade   : [-0.315, -0.000, -0.873]
  Garra           : 0.036 m  (AGARRADA)  contatos=2
  Cubo posição    : [-0.238, -0.002, +0.161]
  Target (target): [+0.150, +0.000, +0.020]
  Dist EE→Cubo    : 0.0152 m
  Dist Cubo→target: 0.4125 m
  Reward          : -0.4125
  Sucesso         : False
  Obstáculo caminho: nao  (count: 0)
  Objeto [object_1]: tipo=box  massa=1.0 kg  tamanho=[0.04, 0.04, 0.04]
  Target goal     : {'type': 'goal_sequence', 'targets': [{'name': 'target', 'position': [0.15000000596046448, 0.0, 0.019999999552965164]}], 'mode': 'goal_sequence'}
  Mesa            : 1.1x0.7x0.4 m  offset_x=-0.3
  Robô config     : control=ee  block_gripper=False  base=[-0.6, 0.0, 0.05]
  Scripts         : ['script_1', 'reach_only', 'left_right']
  Juntas ângulos  : [-0.00, -0.32, +0.00, -2.90, +0.00, +2.65, +0.79]
  Juntas veloc.   : [+0.00, +2.42, -0.00, -0.30, -0.01, +1.04, -0.00]
  Cubo rotação    : [+0.008, +0.107, -0.006]  (roll/pitch/yaw)
  Cubo vel.linear : [-0.332, -0.005, -0.879]
────────────────────────────────────────────
 Ep  1 | Step  23
────────────────────────────────────────────
  Task            : OBJECT_DELIVERY_SEQUENCE
  Action          : [+1.000, -0.000, +0.000, -1.000]
  EE posição      : [-0.242, +0.000, +0.144]
  EE velocidade   : [+0.789, +0.001, -0.305]
  Garra           : 0.033 m  (AGARRADA)  contatos=2
  Cubo posição    : [-0.239, -0.003, +0.128]
  Target (target): [+0.150, +0.000, +0.020]
  Dist EE→Cubo    : 0.0162 m
  Dist Cubo→target: 0.4040 m
  Reward          : -0.4040
  Sucesso         : False
  Obstáculo caminho: nao  (count: 0)
  Objeto [object_1]: tipo=box  massa=1.0 kg  tamanho=[0.04, 0.04, 0.04]
  Target goal     : {'type': 'goal_sequence', 'targets': [{'name': 'target', 'position': [0.15000000596046448, 0.0, 0.019999999552965164]}], 'mode': 'goal_sequence'}
  Mesa            : 1.1x0.7x0.4 m  offset_x=-0.3
  Robô config     : control=ee  block_gripper=False  base=[-0.6, 0.0, 0.05]
  Scripts         : ['script_1', 'reach_only', 'left_right']
  Juntas ângulos  : [-0.00, -0.16, +0.00, -2.79, -0.00, +2.55, +0.79]
  Juntas veloc.   : [-0.00, +3.60, +0.00, +3.17, +0.01, -0.73, -0.00]
  Cubo rotação    : [-0.013, +0.225, +0.022]  (roll/pitch/yaw)
  Cubo vel.linear : [+0.652, -0.016, -0.435]
────────────────────────────────────────────
 Ep  1 | Step  24
────────────────────────────────────────────
  Task            : OBJECT_DELIVERY_SEQUENCE
  Action          : [+0.997, -0.000, +0.080, -1.000]
  EE posição      : [-0.206, +0.000, +0.143]
  EE velocidade   : [+0.402, +0.000, +0.218]
  Garra           : 0.035 m  (AGARRADA)  contatos=2
  Cubo posição    : [-0.206, -0.003, +0.126]
  Target (target): [+0.150, +0.000, +0.020]
  Dist EE→Cubo    : 0.0172 m
  Dist Cubo→target: 0.3710 m
  Reward          : -0.3710
  Sucesso         : False
  Obstáculo caminho: nao  (count: 0)
  Objeto [object_1]: tipo=box  massa=1.0 kg  tamanho=[0.04, 0.04, 0.04]
  Target goal     : {'type': 'goal_sequence', 'targets': [{'name': 'target', 'position': [0.15000000596046448, 0.0, 0.019999999552965164]}], 'mode': 'goal_sequence'}
  Mesa            : 1.1x0.7x0.4 m  offset_x=-0.3
  Robô config     : control=ee  block_gripper=False  base=[-0.6, 0.0, 0.05]
  Scripts         : ['script_1', 'reach_only', 'left_right']
  Juntas ângulos  : [-0.00, -0.08, +0.00, -2.72, +0.00, +2.61, +0.79]
  Juntas veloc.   : [-0.00, +0.08, +0.00, +0.63, +0.00, +0.43, -0.00]
  Cubo rotação    : [+0.006, +0.125, +0.008]  (roll/pitch/yaw)
  Cubo vel.linear : [+0.408, -0.007, +0.208]
────────────────────────────────────────────
 Ep  1 | Step  25
────────────────────────────────────────────
  Task            : OBJECT_DELIVERY_SEQUENCE
  Action          : [+0.996, -0.000, +0.091, -1.000]
  EE posição      : [-0.173, +0.000, +0.146]
  EE velocidade   : [+0.562, -0.001, +0.171]
  Garra           : 0.038 m  (AGARRADA)  contatos=2
  Cubo posição    : [-0.172, -0.003, +0.129]
  Target (target): [+0.150, +0.000, +0.020]
  Dist EE→Cubo    : 0.0173 m
  Dist Cubo→target: 0.3395 m
  Reward          : -0.3395
  Sucesso         : False
  Obstáculo caminho: nao  (count: 0)
  Objeto [object_1]: tipo=box  massa=1.0 kg  tamanho=[0.04, 0.04, 0.04]
  Target goal     : {'type': 'goal_sequence', 'targets': [{'name': 'target', 'position': [0.15000000596046448, 0.0, 0.019999999552965164]}], 'mode': 'goal_sequence'}
  Mesa            : 1.1x0.7x0.4 m  offset_x=-0.3
  Robô config     : control=ee  block_gripper=False  base=[-0.6, 0.0, 0.05]
  Scripts         : ['script_1', 'reach_only', 'left_right']
  Juntas ângulos  : [-0.00, -0.01, +0.00, -2.63, +0.00, +2.60, +0.79]
  Juntas veloc.   : [-0.00, +0.74, -0.00, +1.40, -0.00, -0.04, +0.00]
  Cubo rotação    : [+0.005, +0.110, +0.004]  (roll/pitch/yaw)
  Cubo vel.linear : [+0.576, -0.004, +0.170]
────────────────────────────────────────────
 Ep  1 | Step  26
────────────────────────────────────────────
  Task            : OBJECT_DELIVERY_SEQUENCE
  Action          : [+0.996, -0.000, +0.091, -1.000]
  EE posição      : [-0.138, +0.000, +0.148]
  EE velocidade   : [+0.478, -0.000, +0.141]
  Garra           : 0.039 m  (AGARRADA)  contatos=2
  Cubo posição    : [-0.138, -0.003, +0.131]
  Target (target): [+0.150, +0.000, +0.020]
  Dist EE→Cubo    : 0.0174 m
  Dist Cubo→target: 0.3084 m
  Reward          : -0.3084
  Sucesso         : False
  Obstáculo caminho: nao  (count: 0)
  Objeto [object_1]: tipo=box  massa=1.0 kg  tamanho=[0.04, 0.04, 0.04]
  Target goal     : {'type': 'goal_sequence', 'targets': [{'name': 'target', 'position': [0.15000000596046448, 0.0, 0.019999999552965164]}], 'mode': 'goal_sequence'}
  Mesa            : 1.1x0.7x0.4 m  offset_x=-0.3
  Robô config     : control=ee  block_gripper=False  base=[-0.6, 0.0, 0.05]
  Scripts         : ['script_1', 'reach_only', 'left_right']
  Juntas ângulos  : [-0.00, +0.07, +0.00, -2.52, -0.00, +2.58, +0.79]
  Juntas veloc.   : [-0.00, +0.67, -0.00, +1.32, -0.00, -0.23, +0.00]
  Cubo rotação    : [+0.005, +0.136, +0.003]  (roll/pitch/yaw)
  Cubo vel.linear : [+0.485, -0.004, +0.141]
────────────────────────────────────────────
 Ep  1 | Step  27
────────────────────────────────────────────
  Task            : OBJECT_DELIVERY_SEQUENCE
  Action          : [+0.995, -0.000, +0.095, -1.000]
  EE posição      : [-0.105, -0.000, +0.149]
  EE velocidade   : [+0.468, -0.000, +0.098]
  Garra           : 0.040 m  (AGARRADA)  contatos=2
  Cubo posição    : [-0.106, -0.003, +0.131]
  Target (target): [+0.150, +0.000, +0.020]
  Dist EE→Cubo    : 0.0176 m
  Dist Cubo→target: 0.2787 m
  Reward          : -0.2787
  Sucesso         : False
  Obstáculo caminho: nao  (count: 0)
  Objeto [object_1]: tipo=box  massa=1.0 kg  tamanho=[0.04, 0.04, 0.04]
  Target goal     : {'type': 'goal_sequence', 'targets': [{'name': 'target', 'position': [0.15000000596046448, 0.0, 0.019999999552965164]}], 'mode': 'goal_sequence'}
  Mesa            : 1.1x0.7x0.4 m  offset_x=-0.3
  Robô config     : control=ee  block_gripper=False  base=[-0.6, 0.0, 0.05]
  Scripts         : ['script_1', 'reach_only', 'left_right']
  Juntas ângulos  : [-0.00, +0.14, +0.00, -2.40, -0.00, +2.54, +0.79]
  Juntas veloc.   : [+0.00, +0.78, -0.00, +1.39, -0.00, -0.28, -0.00]
  Cubo rotação    : [+0.002, +0.187, +0.004]  (roll/pitch/yaw)
  Cubo vel.linear : [+0.474, -0.004, +0.098]
────────────────────────────────────────────
 Ep  1 | Step  28
────────────────────────────────────────────
  Task            : OBJECT_DELIVERY_SEQUENCE
  Action          : [+0.994, +0.000, +0.105, -1.000]
  EE posição      : [-0.072, -0.000, +0.148]
  EE velocidade   : [+0.432, -0.000, +0.055]
  Garra           : 0.039 m  (AGARRADA)  contatos=2
  Cubo posição    : [-0.074, -0.003, +0.130]
  Target (target): [+0.150, +0.000, +0.020]
  Dist EE→Cubo    : 0.0179 m
  Dist Cubo→target: 0.2499 m
  Reward          : -0.2499
  Sucesso         : False
  Obstáculo caminho: nao  (count: 0)
  Objeto [object_1]: tipo=box  massa=1.0 kg  tamanho=[0.04, 0.04, 0.04]
  Target goal     : {'type': 'goal_sequence', 'targets': [{'name': 'target', 'position': [0.15000000596046448, 0.0, 0.019999999552965164]}], 'mode': 'goal_sequence'}
  Mesa            : 1.1x0.7x0.4 m  offset_x=-0.3
  Robô config     : control=ee  block_gripper=False  base=[-0.6, 0.0, 0.05]
  Scripts         : ['script_1', 'reach_only', 'left_right']
  Juntas ângulos  : [-0.00, +0.22, +0.00, -2.29, -0.00, +2.50, +0.79]
  Juntas veloc.   : [+0.00, +0.82, -0.00, +1.36, -0.00, -0.30, +0.00]
  Cubo rotação    : [+0.007, +0.235, +0.001]  (roll/pitch/yaw)
  Cubo vel.linear : [+0.433, -0.003, +0.054]
────────────────────────────────────────────
 Ep  1 | Step  29
────────────────────────────────────────────
  Task            : OBJECT_DELIVERY_SEQUENCE
  Action          : [+0.992, +0.000, +0.123, -1.000]
  EE posição      : [-0.041, -0.000, +0.147]
  EE velocidade   : [+0.410, -0.000, +0.042]
  Garra           : 0.040 m  (AGARRADA)  contatos=2
  Cubo posição    : [-0.044, -0.004, +0.129]
  Target (target): [+0.150, +0.000, +0.020]
  Dist EE→Cubo    : 0.0183 m
  Dist Cubo→target: 0.2225 m
  Reward          : -0.2225
  Sucesso         : False
  Obstáculo caminho: nao  (count: 0)
  Objeto [object_1]: tipo=box  massa=1.0 kg  tamanho=[0.04, 0.04, 0.04]
  Target goal     : {'type': 'goal_sequence', 'targets': [{'name': 'target', 'position': [0.15000000596046448, 0.0, 0.019999999552965164]}], 'mode': 'goal_sequence'}
  Mesa            : 1.1x0.7x0.4 m  offset_x=-0.3
  Robô config     : control=ee  block_gripper=False  base=[-0.6, 0.0, 0.05]
  Scripts         : ['script_1', 'reach_only', 'left_right']
  Juntas ângulos  : [-0.00, +0.30, +0.00, -2.17, -0.00, +2.46, +0.79]
  Juntas veloc.   : [+0.00, +0.81, -0.00, +1.35, +0.00, -0.31, +0.00]
  Cubo rotação    : [-0.000, +0.301, +0.006]  (roll/pitch/yaw)
  Cubo vel.linear : [+0.413, -0.005, +0.040]
────────────────────────────────────────────
 Ep  1 | Step  30
────────────────────────────────────────────
  Task            : OBJECT_DELIVERY_SEQUENCE
  Action          : [+0.989, +0.000, +0.149, -1.000]
  EE posição      : [-0.010, -0.000, +0.145]
  EE velocidade   : [+0.378, -0.000, +0.018]
  Garra           : 0.039 m  (AGARRADA)  contatos=2
  Cubo posição    : [-0.015, -0.004, +0.127]
  Target (target): [+0.150, +0.000, +0.020]
  Dist EE→Cubo    : 0.0189 m
  Dist Cubo→target: 0.1970 m
  Reward          : -0.1970
  Sucesso         : False
  Obstáculo caminho: nao  (count: 0)
  Objeto [object_1]: tipo=box  massa=1.0 kg  tamanho=[0.04, 0.04, 0.04]
  Target goal     : {'type': 'goal_sequence', 'targets': [{'name': 'target', 'position': [0.15000000596046448, 0.0, 0.019999999552965164]}], 'mode': 'goal_sequence'}
  Mesa            : 1.1x0.7x0.4 m  offset_x=-0.3
  Robô config     : control=ee  block_gripper=False  base=[-0.6, 0.0, 0.05]
  Scripts         : ['script_1', 'reach_only', 'left_right']
  Juntas ângulos  : [-0.00, +0.38, +0.00, -2.06, -0.00, +2.42, +0.79]
  Juntas veloc.   : [+0.00, +0.82, -0.00, +1.33, +0.00, -0.33, +0.00]
  Cubo rotação    : [-0.001, +0.378, +0.004]  (roll/pitch/yaw)
  Cubo vel.linear : [+0.381, -0.005, +0.013]
────────────────────────────────────────────
 Ep  1 | Step  31
────────────────────────────────────────────
  Task            : OBJECT_DELIVERY_SEQUENCE
  Action          : [+0.982, +0.000, +0.187, -1.000]
  EE posição      : [+0.019, +0.000, +0.144]
  EE velocidade   : [+0.361, -0.000, +0.041]
  Garra           : 0.039 m  (AGARRADA)  contatos=2
  Cubo posição    : [+0.012, -0.004, +0.126]
  Target (target): [+0.150, +0.000, +0.020]
  Dist EE→Cubo    : 0.0193 m
  Dist Cubo→target: 0.1738 m
  Reward          : -0.1738
  Sucesso         : False
  Obstáculo caminho: nao  (count: 0)
  Objeto [object_1]: tipo=box  massa=1.0 kg  tamanho=[0.04, 0.04, 0.04]
  Target goal     : {'type': 'goal_sequence', 'targets': [{'name': 'target', 'position': [0.15000000596046448, 0.0, 0.019999999552965164]}], 'mode': 'goal_sequence'}
  Mesa            : 1.1x0.7x0.4 m  offset_x=-0.3
  Robô config     : control=ee  block_gripper=False  base=[-0.6, 0.0, 0.05]
  Scripts         : ['script_1', 'reach_only', 'left_right']
  Juntas ângulos  : [-0.00, +0.45, +0.00, -1.94, -0.00, +2.37, +0.79]
  Juntas veloc.   : [+0.00, +0.75, -0.00, +1.32, +0.00, -0.34, +0.00]
  Cubo rotação    : [+0.002, +0.434, +0.003]  (roll/pitch/yaw)
  Cubo vel.linear : [+0.361, -0.005, +0.037]
────────────────────────────────────────────
 Ep  1 | Step  32
────────────────────────────────────────────
  Task            : OBJECT_DELIVERY_SEQUENCE
  Action          : [+0.972, -0.000, +0.234, -1.000]
  EE posição      : [+0.046, +0.000, +0.144]
  EE velocidade   : [+0.329, -0.000, +0.057]
  Garra           : 0.037 m  (AGARRADA)  contatos=2
  Cubo posição    : [+0.039, -0.004, +0.126]
  Target (target): [+0.150, +0.000, +0.020]
  Dist EE→Cubo    : 0.0193 m
  Dist Cubo→target: 0.1536 m
  Reward          : -0.1536
  Sucesso         : False
  Obstáculo caminho: nao  (count: 0)
  Objeto [object_1]: tipo=box  massa=1.0 kg  tamanho=[0.04, 0.04, 0.04]
  Target goal     : {'type': 'goal_sequence', 'targets': [{'name': 'target', 'position': [0.15000000596046448, 0.0, 0.019999999552965164]}], 'mode': 'goal_sequence'}
  Mesa            : 1.1x0.7x0.4 m  offset_x=-0.3
  Robô config     : control=ee  block_gripper=False  base=[-0.6, 0.0, 0.05]
  Scripts         : ['script_1', 'reach_only', 'left_right']
  Juntas ângulos  : [-0.00, +0.52, +0.00, -1.82, -0.00, +2.33, +0.79]
  Juntas veloc.   : [+0.00, +0.68, -0.00, +1.27, -0.00, -0.37, -0.00]
  Cubo rotação    : [+0.001, +0.455, +0.004]  (roll/pitch/yaw)
  Cubo vel.linear : [+0.326, -0.003, +0.055]
────────────────────────────────────────────
 Ep  1 | Step  33
────────────────────────────────────────────
  Task            : OBJECT_DELIVERY_SEQUENCE
  Action          : [+0.957, -0.000, +0.291, -1.000]
  EE posição      : [+0.071, +0.000, +0.146]
  EE velocidade   : [+0.309, -0.000, +0.115]
  Garra           : 0.037 m  (AGARRADA)  contatos=2
  Cubo posição    : [+0.063, -0.004, +0.129]
  Target (target): [+0.150, +0.000, +0.020]
  Dist EE→Cubo    : 0.0197 m
  Dist Cubo→target: 0.1392 m
  Reward          : -0.1392
  Sucesso         : False
  Obstáculo caminho: nao  (count: 0)
  Objeto [object_1]: tipo=box  massa=1.0 kg  tamanho=[0.04, 0.04, 0.04]
  Target goal     : {'type': 'goal_sequence', 'targets': [{'name': 'target', 'position': [0.15000000596046448, 0.0, 0.019999999552965164]}], 'mode': 'goal_sequence'}
  Mesa            : 1.1x0.7x0.4 m  offset_x=-0.3
  Robô config     : control=ee  block_gripper=False  base=[-0.6, 0.0, 0.05]
  Scripts         : ['script_1', 'reach_only', 'left_right']
  Juntas ângulos  : [-0.00, +0.59, +0.00, -1.70, -0.00, +2.27, +0.79]
  Juntas veloc.   : [+0.00, +0.57, -0.00, +1.24, +0.00, -0.39, -0.00]
  Cubo rotação    : [-0.001, +0.505, +0.005]  (roll/pitch/yaw)
  Cubo vel.linear : [+0.317, -0.004, +0.113]
────────────────────────────────────────────
 Ep  1 | Step  34
────────────────────────────────────────────
  Task            : OBJECT_DELIVERY_SEQUENCE
  Action          : [+0.936, -0.000, +0.351, -1.000]
  EE posição      : [+0.095, +0.000, +0.151]
  EE velocidade   : [+0.281, -0.000, +0.177]
  Garra           : 0.037 m  (AGARRADA)  contatos=2
  Cubo posição    : [+0.086, -0.004, +0.133]
  Target (target): [+0.150, +0.000, +0.020]
  Dist EE→Cubo    : 0.0200 m
  Dist Cubo→target: 0.1303 m
  Reward          : -0.1303
  Sucesso         : False
  Obstáculo caminho: nao  (count: 0)
  Objeto [object_1]: tipo=box  massa=1.0 kg  tamanho=[0.04, 0.04, 0.04]
  Target goal     : {'type': 'goal_sequence', 'targets': [{'name': 'target', 'position': [0.15000000596046448, 0.0, 0.019999999552965164]}], 'mode': 'goal_sequence'}
  Mesa            : 1.1x0.7x0.4 m  offset_x=-0.3
  Robô config     : control=ee  block_gripper=False  base=[-0.6, 0.0, 0.05]
  Scripts         : ['script_1', 'reach_only', 'left_right']
  Juntas ângulos  : [-0.00, +0.65, +0.00, -1.59, -0.00, +2.22, +0.79]
  Juntas veloc.   : [+0.00, +0.43, -0.00, +1.17, +0.00, -0.42, -0.00]
  Cubo rotação    : [-0.002, +0.496, +0.005]  (roll/pitch/yaw)
  Cubo vel.linear : [+0.286, -0.007, +0.174]
────────────────────────────────────────────
 Ep  1 | Step  35
────────────────────────────────────────────
  Task            : OBJECT_DELIVERY_SEQUENCE
  Action          : [+0.915, -0.000, +0.404, -1.000]
  EE posição      : [+0.116, +0.000, +0.160]
  EE velocidade   : [+0.264, -0.000, +0.277]
  Garra           : 0.037 m  (AGARRADA)  contatos=2
  Cubo posição    : [+0.106, -0.005, +0.143]
  Target (target): [+0.150, +0.000, +0.020]
  Dist EE→Cubo    : 0.0203 m
  Dist Cubo→target: 0.1302 m
  Reward          : -0.1302
  Sucesso         : False
  Obstáculo caminho: nao  (count: 0)
  Objeto [object_1]: tipo=box  massa=1.0 kg  tamanho=[0.04, 0.04, 0.04]
  Target goal     : {'type': 'goal_sequence', 'targets': [{'name': 'target', 'position': [0.15000000596046448, 0.0, 0.019999999552965164]}], 'mode': 'goal_sequence'}
  Mesa            : 1.1x0.7x0.4 m  offset_x=-0.3
  Robô config     : control=ee  block_gripper=False  base=[-0.6, 0.0, 0.05]
  Scripts         : ['script_1', 'reach_only', 'left_right']
  Juntas ângulos  : [-0.00, +0.70, +0.00, -1.47, -0.00, +2.16, +0.79]
  Juntas veloc.   : [+0.00, +0.26, -0.00, +1.12, +0.00, -0.45, +0.00]
  Cubo rotação    : [-0.005, +0.517, -0.002]  (roll/pitch/yaw)
  Cubo vel.linear : [+0.266, -0.004, +0.271]
────────────────────────────────────────────
 Ep  1 | Step  36
────────────────────────────────────────────
  Task            : OBJECT_DELIVERY_SEQUENCE
  Action          : [+0.912, -0.000, +0.411, -1.000]
  EE posição      : [+0.135, +0.000, +0.173]
  EE velocidade   : [+0.227, +0.000, +0.300]
  Garra           : 0.038 m  (AGARRADA)  contatos=2
  Cubo posição    : [+0.124, -0.005, +0.155]
  Target (target): [+0.150, +0.000, +0.020]
  Dist EE→Cubo    : 0.0210 m
  Dist Cubo→target: 0.1377 m
  Reward          : -0.1377
  Sucesso         : False
  Obstáculo caminho: nao  (count: 0)
  Objeto [object_1]: tipo=box  massa=1.0 kg  tamanho=[0.04, 0.04, 0.04]
  Target goal     : {'type': 'goal_sequence', 'targets': [{'name': 'target', 'position': [0.15000000596046448, 0.0, 0.019999999552965164]}], 'mode': 'goal_sequence'}
  Mesa            : 1.1x0.7x0.4 m  offset_x=-0.3
  Robô config     : control=ee  block_gripper=False  base=[-0.6, 0.0, 0.05]
  Scripts         : ['script_1', 'reach_only', 'left_right']
  Juntas ângulos  : [-0.00, +0.74, +0.00, -1.36, -0.00, +2.10, +0.79]
  Juntas veloc.   : [-0.00, +0.20, +0.00, +1.06, -0.00, -0.46, +0.00]
  Cubo rotação    : [-0.013, +0.544, +0.006]  (roll/pitch/yaw)
  Cubo vel.linear : [+0.234, -0.005, +0.296]
────────────────────────────────────────────
 Ep  1 | Step  37
────────────────────────────────────────────
  Task            : OBJECT_DELIVERY_SEQUENCE
  Action          : [+0.985, -0.000, +0.172, -1.000]
  EE posição      : [+0.153, +0.000, +0.179]
  EE velocidade   : [+0.164, -0.000, +0.029]
  Garra           : 0.038 m  (AGARRADA)  contatos=2
  Cubo posição    : [+0.140, -0.005, +0.161]
  Target (target): [+0.150, +0.000, +0.020]
  Dist EE→Cubo    : 0.0222 m
  Dist Cubo→target: 0.1415 m
  Reward          : -0.1415
  Sucesso         : False
  Obstáculo caminho: nao  (count: 0)
  Objeto [object_1]: tipo=box  massa=1.0 kg  tamanho=[0.04, 0.04, 0.04]
  Target goal     : {'type': 'goal_sequence', 'targets': [{'name': 'target', 'position': [0.15000000596046448, 0.0, 0.019999999552965164]}], 'mode': 'goal_sequence'}
  Mesa            : 1.1x0.7x0.4 m  offset_x=-0.3
  Robô config     : control=ee  block_gripper=False  base=[-0.6, 0.0, 0.05]
  Scripts         : ['script_1', 'reach_only', 'left_right']
  Juntas ângulos  : [-0.00, +0.80, +0.00, -1.24, -0.00, +2.05, +0.79]
  Juntas veloc.   : [+0.00, +0.58, -0.00, +1.07, +0.00, -0.39, +0.00]
  Cubo rotação    : [+0.005, +0.612, +0.004]  (roll/pitch/yaw)
  Cubo vel.linear : [+0.165, -0.004, +0.027]
────────────────────────────────────────────
 Ep  1 | Step  38
────────────────────────────────────────────
  Task            : OBJECT_DELIVERY_SEQUENCE
  Action          : [+0.000, +0.000, +0.000, -1.000]
  EE posição      : [+0.152, +0.000, +0.179]
  EE velocidade   : [-0.007, +0.000, -0.000]
  Garra           : 0.040 m  (AGARRADA)  contatos=2
  Cubo posição    : [+0.139, -0.005, +0.161]
  Target (target): [+0.150, +0.000, +0.020]
  Dist EE→Cubo    : 0.0225 m
  Dist Cubo→target: 0.1413 m
  Reward          : -0.1413
  Sucesso         : False
  Obstáculo caminho: nao  (count: 0)
  Objeto [object_1]: tipo=box  massa=1.0 kg  tamanho=[0.04, 0.04, 0.04]
  Target goal     : {'type': 'goal_sequence', 'targets': [{'name': 'target', 'position': [0.15000000596046448, 0.0, 0.019999999552965164]}], 'mode': 'goal_sequence'}
  Mesa            : 1.1x0.7x0.4 m  offset_x=-0.3
  Robô config     : control=ee  block_gripper=False  base=[-0.6, 0.0, 0.05]
  Scripts         : ['script_1', 'reach_only', 'left_right']
  Juntas ângulos  : [-0.00, +0.81, +0.00, -1.24, -0.00, +2.05, +0.79]
  Juntas veloc.   : [+0.00, +0.00, -0.00, +0.01, -0.00, -0.04, +0.00]
  Cubo rotação    : [+0.001, +0.609, +0.000]  (roll/pitch/yaw)
  Cubo vel.linear : [-0.007, -0.005, +0.000]
────────────────────────────────────────────
 Ep  1 | Step  39
────────────────────────────────────────────
  Task            : OBJECT_DELIVERY_SEQUENCE
  Action          : [+0.000, +0.000, -0.150, -1.000]
  EE posição      : [+0.152, +0.000, +0.171]
  EE velocidade   : [-0.006, +0.000, -0.084]
  Garra           : 0.040 m  (AGARRADA)  contatos=2
  Cubo posição    : [+0.139, -0.005, +0.154]
  Target (target): [+0.150, +0.000, +0.020]
  Dist EE→Cubo    : 0.0227 m
  Dist Cubo→target: 0.1341 m
  Reward          : -0.1341
  Sucesso         : False
  Obstáculo caminho: nao  (count: 0)
  Objeto [object_1]: tipo=box  massa=1.0 kg  tamanho=[0.04, 0.04, 0.04]
  Target goal     : {'type': 'goal_sequence', 'targets': [{'name': 'target', 'position': [0.15000000596046448, 0.0, 0.019999999552965164]}], 'mode': 'goal_sequence'}
  Mesa            : 1.1x0.7x0.4 m  offset_x=-0.3
  Robô config     : control=ee  block_gripper=False  base=[-0.6, 0.0, 0.05]
  Scripts         : ['script_1', 'reach_only', 'left_right']
  Juntas ângulos  : [-0.00, +0.81, +0.00, -1.24, -0.00, +2.06, +0.79]
  Juntas veloc.   : [+0.00, +0.11, -0.00, -0.01, -0.00, +0.07, +0.00]
  Cubo rotação    : [-0.001, +0.614, -0.001]  (roll/pitch/yaw)
  Cubo vel.linear : [-0.007, -0.004, -0.083]
────────────────────────────────────────────
 Ep  1 | Step  40
────────────────────────────────────────────
  Task            : OBJECT_DELIVERY_SEQUENCE
  Action          : [+0.000, +0.000, -0.150, -1.000]
  EE posição      : [+0.153, +0.000, +0.164]
  EE velocidade   : [-0.003, +0.000, -0.074]
  Garra           : 0.040 m  (AGARRADA)  contatos=2
  Cubo posição    : [+0.139, -0.005, +0.146]
  Target (target): [+0.150, +0.000, +0.020]
  Dist EE→Cubo    : 0.0227 m
  Dist Cubo→target: 0.1265 m
  Reward          : -0.1265
  Sucesso         : False
  Obstáculo caminho: nao  (count: 0)
  Objeto [object_1]: tipo=box  massa=1.0 kg  tamanho=[0.04, 0.04, 0.04]
  Target goal     : {'type': 'goal_sequence', 'targets': [{'name': 'target', 'position': [0.15000000596046448, 0.0, 0.019999999552965164]}], 'mode': 'goal_sequence'}
  Mesa            : 1.1x0.7x0.4 m  offset_x=-0.3
  Robô config     : control=ee  block_gripper=False  base=[-0.6, 0.0, 0.05]
  Scripts         : ['script_1', 'reach_only', 'left_right']
  Juntas ângulos  : [-0.00, +0.83, +0.00, -1.24, -0.00, +2.07, +0.79]
  Juntas veloc.   : [+0.00, +0.10, -0.00, -0.01, -0.00, +0.09, +0.00]
  Cubo rotação    : [-0.002, +0.616, -0.002]  (roll/pitch/yaw)
  Cubo vel.linear : [-0.003, -0.004, -0.074]
────────────────────────────────────────────
 Ep  1 | Step  41
────────────────────────────────────────────
  Task            : OBJECT_DELIVERY_SEQUENCE
  Action          : [+0.000, +0.000, -0.150, -1.000]
  EE posição      : [+0.153, +0.000, +0.156]
  EE velocidade   : [-0.004, +0.000, -0.079]
  Garra           : 0.040 m  (AGARRADA)  contatos=2
  Cubo posição    : [+0.140, -0.006, +0.138]
  Target (target): [+0.150, +0.000, +0.020]
  Dist EE→Cubo    : 0.0228 m
  Dist Cubo→target: 0.1188 m
  Reward          : -0.1188
  Sucesso         : False
  Obstáculo caminho: nao  (count: 0)
  Objeto [object_1]: tipo=box  massa=1.0 kg  tamanho=[0.04, 0.04, 0.04]
  Target goal     : {'type': 'goal_sequence', 'targets': [{'name': 'target', 'position': [0.15000000596046448, 0.0, 0.019999999552965164]}], 'mode': 'goal_sequence'}
  Mesa            : 1.1x0.7x0.4 m  offset_x=-0.3
  Robô config     : control=ee  block_gripper=False  base=[-0.6, 0.0, 0.05]
  Scripts         : ['script_1', 'reach_only', 'left_right']
  Juntas ângulos  : [-0.00, +0.84, +0.00, -1.25, -0.00, +2.08, +0.79]
  Juntas veloc.   : [+0.00, +0.11, -0.00, -0.02, -0.00, +0.09, +0.00]
  Cubo rotação    : [-0.002, +0.618, -0.002]  (roll/pitch/yaw)
  Cubo vel.linear : [-0.004, -0.004, -0.079]
────────────────────────────────────────────
 Ep  1 | Step  42
────────────────────────────────────────────
  Task            : OBJECT_DELIVERY_SEQUENCE
  Action          : [+0.000, +0.000, -0.150, -1.000]
  EE posição      : [+0.153, +0.000, +0.148]
  EE velocidade   : [-0.004, +0.000, -0.079]
  Garra           : 0.040 m  (AGARRADA)  contatos=2
  Cubo posição    : [+0.140, -0.006, +0.130]
  Target (target): [+0.150, +0.000, +0.020]
  Dist EE→Cubo    : 0.0228 m
  Dist Cubo→target: 0.1111 m
  Reward          : -0.1111
  Sucesso         : False
  Obstáculo caminho: nao  (count: 0)
  Objeto [object_1]: tipo=box  massa=1.0 kg  tamanho=[0.04, 0.04, 0.04]
  Target goal     : {'type': 'goal_sequence', 'targets': [{'name': 'target', 'position': [0.15000000596046448, 0.0, 0.019999999552965164]}], 'mode': 'goal_sequence'}
  Mesa            : 1.1x0.7x0.4 m  offset_x=-0.3
  Robô config     : control=ee  block_gripper=False  base=[-0.6, 0.0, 0.05]
  Scripts         : ['script_1', 'reach_only', 'left_right']
  Juntas ângulos  : [-0.00, +0.85, +0.00, -1.25, -0.00, +2.09, +0.79]
  Juntas veloc.   : [+0.00, +0.11, -0.00, -0.01, -0.00, +0.10, +0.00]
  Cubo rotação    : [-0.002, +0.620, -0.002]  (roll/pitch/yaw)
  Cubo vel.linear : [-0.005, -0.004, -0.079]
────────────────────────────────────────────
 Ep  1 | Step  43
────────────────────────────────────────────
  Task            : OBJECT_DELIVERY_SEQUENCE
  Action          : [+0.000, +0.000, -0.150, -1.000]
  EE posição      : [+0.153, +0.000, +0.140]
  EE velocidade   : [-0.005, +0.000, -0.081]
  Garra           : 0.040 m  (AGARRADA)  contatos=2
  Cubo posição    : [+0.140, -0.006, +0.123]
  Target (target): [+0.150, +0.000, +0.020]
  Dist EE→Cubo    : 0.0229 m
  Dist Cubo→target: 0.1034 m
  Reward          : -0.1034
  Sucesso         : False
  Obstáculo caminho: nao  (count: 0)
  Objeto [object_1]: tipo=box  massa=1.0 kg  tamanho=[0.04, 0.04, 0.04]
  Target goal     : {'type': 'goal_sequence', 'targets': [{'name': 'target', 'position': [0.15000000596046448, 0.0, 0.019999999552965164]}], 'mode': 'goal_sequence'}
  Mesa            : 1.1x0.7x0.4 m  offset_x=-0.3
  Robô config     : control=ee  block_gripper=False  base=[-0.6, 0.0, 0.05]
  Scripts         : ['script_1', 'reach_only', 'left_right']
  Juntas ângulos  : [-0.00, +0.86, +0.00, -1.25, -0.00, +2.10, +0.79]
  Juntas veloc.   : [+0.00, +0.11, -0.00, -0.01, -0.00, +0.10, +0.00]
  Cubo rotação    : [-0.002, +0.622, -0.003]  (roll/pitch/yaw)
  Cubo vel.linear : [-0.006, -0.004, -0.081]
────────────────────────────────────────────
 Ep  1 | Step  44
────────────────────────────────────────────
  Task            : OBJECT_DELIVERY_SEQUENCE
  Action          : [+0.000, +0.000, -0.150, -1.000]
  EE posição      : [+0.153, +0.000, +0.133]
  EE velocidade   : [-0.006, +0.000, -0.082]
  Garra           : 0.040 m  (AGARRADA)  contatos=2
  Cubo posição    : [+0.140, -0.006, +0.115]
  Target (target): [+0.150, +0.000, +0.020]
  Dist EE→Cubo    : 0.0229 m
  Dist Cubo→target: 0.0957 m
  Reward          : -0.0957
  Sucesso         : False
  Obstáculo caminho: nao  (count: 0)
  Objeto [object_1]: tipo=box  massa=1.0 kg  tamanho=[0.04, 0.04, 0.04]
  Target goal     : {'type': 'goal_sequence', 'targets': [{'name': 'target', 'position': [0.15000000596046448, 0.0, 0.019999999552965164]}], 'mode': 'goal_sequence'}
  Mesa            : 1.1x0.7x0.4 m  offset_x=-0.3
  Robô config     : control=ee  block_gripper=False  base=[-0.6, 0.0, 0.05]
  Scripts         : ['script_1', 'reach_only', 'left_right']
  Juntas ângulos  : [-0.00, +0.87, +0.00, -1.25, -0.00, +2.12, +0.79]
  Juntas veloc.   : [+0.00, +0.11, -0.00, -0.01, -0.00, +0.09, +0.00]
  Cubo rotação    : [-0.002, +0.624, -0.003]  (roll/pitch/yaw)
  Cubo vel.linear : [-0.007, -0.004, -0.082]
────────────────────────────────────────────
 Ep  1 | Step  45
────────────────────────────────────────────
  Task            : OBJECT_DELIVERY_SEQUENCE
  Action          : [+0.000, +0.000, -0.150, -1.000]
  EE posição      : [+0.153, +0.000, +0.125]
  EE velocidade   : [-0.007, +0.000, -0.083]
  Garra           : 0.040 m  (AGARRADA)  contatos=2
  Cubo posição    : [+0.139, -0.006, +0.107]
  Target (target): [+0.150, +0.000, +0.020]
  Dist EE→Cubo    : 0.0230 m
  Dist Cubo→target: 0.0879 m
  Reward          : -0.0879
  Sucesso         : False
  Obstáculo caminho: nao  (count: 0)
  Objeto [object_1]: tipo=box  massa=1.0 kg  tamanho=[0.04, 0.04, 0.04]
  Target goal     : {'type': 'goal_sequence', 'targets': [{'name': 'target', 'position': [0.15000000596046448, 0.0, 0.019999999552965164]}], 'mode': 'goal_sequence'}
  Mesa            : 1.1x0.7x0.4 m  offset_x=-0.3
  Robô config     : control=ee  block_gripper=False  base=[-0.6, 0.0, 0.05]
  Scripts         : ['script_1', 'reach_only', 'left_right']
  Juntas ângulos  : [-0.00, +0.88, +0.00, -1.25, -0.00, +2.13, +0.79]
  Juntas veloc.   : [+0.00, +0.12, -0.00, -0.01, -0.00, +0.09, +0.00]
  Cubo rotação    : [-0.002, +0.625, -0.003]  (roll/pitch/yaw)
  Cubo vel.linear : [-0.008, -0.004, -0.083]
────────────────────────────────────────────
 Ep  1 | Step  46
────────────────────────────────────────────
  Task            : OBJECT_DELIVERY_SEQUENCE
  Action          : [+0.000, +0.000, -0.150, -1.000]
  EE posição      : [+0.153, +0.000, +0.117]
  EE velocidade   : [-0.008, +0.000, -0.084]
  Garra           : 0.040 m  (AGARRADA)  contatos=2
  Cubo posição    : [+0.139, -0.006, +0.099]
  Target (target): [+0.150, +0.000, +0.020]
  Dist EE→Cubo    : 0.0230 m
  Dist Cubo→target: 0.0802 m
  Reward          : -0.0802
  Sucesso         : False
  Obstáculo caminho: nao  (count: 0)
  Objeto [object_1]: tipo=box  massa=1.0 kg  tamanho=[0.04, 0.04, 0.04]
  Target goal     : {'type': 'goal_sequence', 'targets': [{'name': 'target', 'position': [0.15000000596046448, 0.0, 0.019999999552965164]}], 'mode': 'goal_sequence'}
  Mesa            : 1.1x0.7x0.4 m  offset_x=-0.3
  Robô config     : control=ee  block_gripper=False  base=[-0.6, 0.0, 0.05]
  Scripts         : ['script_1', 'reach_only', 'left_right']
  Juntas ângulos  : [-0.00, +0.89, +0.00, -1.25, -0.00, +2.14, +0.79]
  Juntas veloc.   : [+0.00, +0.12, -0.00, -0.01, -0.00, +0.09, +0.00]
  Cubo rotação    : [-0.002, +0.627, -0.004]  (roll/pitch/yaw)
  Cubo vel.linear : [-0.009, -0.004, -0.084]
────────────────────────────────────────────
 Ep  1 | Step  47
────────────────────────────────────────────
  Task            : OBJECT_DELIVERY_SEQUENCE
  Action          : [+0.000, +0.000, -0.150, -1.000]
  EE posição      : [+0.152, +0.000, +0.109]
  EE velocidade   : [-0.009, +0.000, -0.085]
  Garra           : 0.040 m  (AGARRADA)  contatos=2
  Cubo posição    : [+0.139, -0.007, +0.091]
  Target (target): [+0.150, +0.000, +0.020]
  Dist EE→Cubo    : 0.0231 m
  Dist Cubo→target: 0.0725 m
  Reward          : -0.0725
  Sucesso         : False
  Obstáculo caminho: nao  (count: 0)
  Objeto [object_1]: tipo=box  massa=1.0 kg  tamanho=[0.04, 0.04, 0.04]
  Target goal     : {'type': 'goal_sequence', 'targets': [{'name': 'target', 'position': [0.15000000596046448, 0.0, 0.019999999552965164]}], 'mode': 'goal_sequence'}
  Mesa            : 1.1x0.7x0.4 m  offset_x=-0.3
  Robô config     : control=ee  block_gripper=False  base=[-0.6, 0.0, 0.05]
  Scripts         : ['script_1', 'reach_only', 'left_right']
  Juntas ângulos  : [-0.00, +0.90, +0.00, -1.25, -0.00, +2.15, +0.79]
  Juntas veloc.   : [+0.00, +0.12, -0.00, -0.01, -0.00, +0.09, +0.00]
  Cubo rotação    : [-0.002, +0.629, -0.004]  (roll/pitch/yaw)
  Cubo vel.linear : [-0.010, -0.004, -0.085]
────────────────────────────────────────────
 Ep  1 | Step  48
────────────────────────────────────────────
  Task            : OBJECT_DELIVERY_SEQUENCE
  Action          : [+0.000, +0.000, -0.150, -1.000]
  EE posição      : [+0.152, +0.000, +0.101]
  EE velocidade   : [-0.010, +0.000, -0.086]
  Garra           : 0.040 m  (AGARRADA)  contatos=2
  Cubo posição    : [+0.139, -0.007, +0.083]
  Target (target): [+0.150, +0.000, +0.020]
  Dist EE→Cubo    : 0.0232 m
  Dist Cubo→target: 0.0648 m
  Reward          : -0.0648
  Sucesso         : False
  Obstáculo caminho: nao  (count: 0)
  Objeto [object_1]: tipo=box  massa=1.0 kg  tamanho=[0.04, 0.04, 0.04]
  Target goal     : {'type': 'goal_sequence', 'targets': [{'name': 'target', 'position': [0.15000000596046448, 0.0, 0.019999999552965164]}], 'mode': 'goal_sequence'}
  Mesa            : 1.1x0.7x0.4 m  offset_x=-0.3
  Robô config     : control=ee  block_gripper=False  base=[-0.6, 0.0, 0.05]
  Scripts         : ['script_1', 'reach_only', 'left_right']
  Juntas ângulos  : [-0.00, +0.91, +0.00, -1.25, -0.00, +2.17, +0.79]
  Juntas veloc.   : [+0.00, +0.12, -0.00, -0.00, -0.00, +0.09, +0.00]
  Cubo rotação    : [-0.002, +0.631, -0.004]  (roll/pitch/yaw)
  Cubo vel.linear : [-0.011, -0.004, -0.086]
────────────────────────────────────────────
 Ep  1 | Step  49
────────────────────────────────────────────
  Task            : OBJECT_DELIVERY_SEQUENCE
  Action          : [+0.000, +0.000, -0.150, -1.000]
  EE posição      : [+0.152, +0.000, +0.093]
  EE velocidade   : [-0.011, +0.000, -0.087]
  Garra           : 0.040 m  (AGARRADA)  contatos=2
  Cubo posição    : [+0.138, -0.007, +0.076]
  Target (target): [+0.150, +0.000, +0.020]
  Dist EE→Cubo    : 0.0232 m
  Dist Cubo→target: 0.0572 m
  Reward          : -0.0572
  Sucesso         : False
  Obstáculo caminho: nao  (count: 0)
  Objeto [object_1]: tipo=box  massa=1.0 kg  tamanho=[0.04, 0.04, 0.04]
  Target goal     : {'type': 'goal_sequence', 'targets': [{'name': 'target', 'position': [0.15000000596046448, 0.0, 0.019999999552965164]}], 'mode': 'goal_sequence'}
  Mesa            : 1.1x0.7x0.4 m  offset_x=-0.3
  Robô config     : control=ee  block_gripper=False  base=[-0.6, 0.0, 0.05]
  Scripts         : ['script_1', 'reach_only', 'left_right']
  Juntas ângulos  : [-0.00, +0.93, +0.00, -1.25, -0.00, +2.18, +0.79]
  Juntas veloc.   : [+0.00, +0.13, -0.00, -0.00, -0.00, +0.09, +0.00]
  Cubo rotação    : [-0.002, +0.633, -0.004]  (roll/pitch/yaw)
  Cubo vel.linear : [-0.012, -0.004, -0.087]
────────────────────────────────────────────
 Ep  1 | Step  50
────────────────────────────────────────────
  Task            : OBJECT_DELIVERY_SEQUENCE
  Action          : [+0.000, +0.000, -0.150, -1.000]
  EE posição      : [+0.151, +0.000, +0.085]
  EE velocidade   : [-0.012, +0.000, -0.087]
  Garra           : 0.040 m  (AGARRADA)  contatos=2
  Cubo posição    : [+0.138, -0.007, +0.068]
  Target (target): [+0.150, +0.000, +0.020]
  Dist EE→Cubo    : 0.0233 m
  Dist Cubo→target: 0.0497 m
  Reward          : -0.0497
  Sucesso         : False
  Obstáculo caminho: nao  (count: 0)
  Objeto [object_1]: tipo=box  massa=1.0 kg  tamanho=[0.04, 0.04, 0.04]
  Target goal     : {'type': 'goal_sequence', 'targets': [{'name': 'target', 'position': [0.15000000596046448, 0.0, 0.019999999552965164]}], 'mode': 'goal_sequence'}
  Mesa            : 1.1x0.7x0.4 m  offset_x=-0.3
  Robô config     : control=ee  block_gripper=False  base=[-0.6, 0.0, 0.05]
  Scripts         : ['script_1', 'reach_only', 'left_right']
  Juntas ângulos  : [-0.00, +0.94, +0.00, -1.25, -0.00, +2.19, +0.79]
  Juntas veloc.   : [+0.00, +0.13, -0.00, -0.00, -0.00, +0.09, +0.00]
  Cubo rotação    : [-0.003, +0.635, -0.005]  (roll/pitch/yaw)
  Cubo vel.linear : [-0.013, -0.004, -0.086]
────────────────────────────────────────────
 Ep  1 | Step  51
────────────────────────────────────────────
  Task            : OBJECT_DELIVERY_SEQUENCE
  Action          : [+0.000, +0.000, -0.150, -1.000]
  EE posição      : [+0.151, +0.000, +0.078]
  EE velocidade   : [-0.013, +0.000, -0.087]
  Garra           : 0.040 m  (AGARRADA)  contatos=2
  Cubo posição    : [+0.138, -0.007, +0.060]
  Target (target): [+0.150, +0.000, +0.020]
  Dist EE→Cubo    : 0.0234 m
  Dist Cubo→target: 0.0424 m
  Reward          : -0.0424
  Sucesso         : False
  Obstáculo caminho: nao  (count: 0)
  Objeto [object_1]: tipo=box  massa=1.0 kg  tamanho=[0.04, 0.04, 0.04]
  Target goal     : {'type': 'goal_sequence', 'targets': [{'name': 'target', 'position': [0.15000000596046448, 0.0, 0.019999999552965164]}], 'mode': 'goal_sequence'}
  Mesa            : 1.1x0.7x0.4 m  offset_x=-0.3
  Robô config     : control=ee  block_gripper=False  base=[-0.6, 0.0, 0.05]
  Scripts         : ['script_1', 'reach_only', 'left_right']
  Juntas ângulos  : [-0.00, +0.95, +0.00, -1.25, -0.00, +2.20, +0.79]
  Juntas veloc.   : [+0.00, +0.13, -0.00, +0.00, -0.00, +0.09, +0.00]
  Cubo rotação    : [-0.003, +0.637, -0.005]  (roll/pitch/yaw)
  Cubo vel.linear : [-0.014, -0.004, -0.086]
────────────────────────────────────────────
 Ep  1 | Step  52
────────────────────────────────────────────
  Task            : OBJECT_DELIVERY_SEQUENCE
  Action          : [+0.000, +0.000, -0.150, -1.000]
  EE posição      : [+0.150, +0.000, +0.070]
  EE velocidade   : [-0.014, +0.000, -0.088]
  Garra           : 0.040 m  (AGARRADA)  contatos=2
  Cubo posição    : [+0.137, -0.007, +0.052]
  Target (target): [+0.150, +0.000, +0.020]
  Dist EE→Cubo    : 0.0234 m
  Dist Cubo→target: 0.0354 m
  Reward          : -0.0354
  Sucesso         : False
  Obstáculo caminho: nao  (count: 0)
  Objeto [object_1]: tipo=box  massa=1.0 kg  tamanho=[0.04, 0.04, 0.04]
  Target goal     : {'type': 'goal_sequence', 'targets': [{'name': 'target', 'position': [0.15000000596046448, 0.0, 0.019999999552965164]}], 'mode': 'goal_sequence'}
  Mesa            : 1.1x0.7x0.4 m  offset_x=-0.3
  Robô config     : control=ee  block_gripper=False  base=[-0.6, 0.0, 0.05]
  Scripts         : ['script_1', 'reach_only', 'left_right']
  Juntas ângulos  : [-0.00, +0.96, +0.00, -1.25, -0.00, +2.21, +0.79]
  Juntas veloc.   : [+0.00, +0.13, -0.00, +0.00, -0.00, +0.09, +0.00]
  Cubo rotação    : [-0.003, +0.638, -0.005]  (roll/pitch/yaw)
  Cubo vel.linear : [-0.015, -0.004, -0.087]
────────────────────────────────────────────
 Ep  1 | Step  53
────────────────────────────────────────────
  Task            : OBJECT_DELIVERY_SEQUENCE
  Action          : [+0.000, +0.000, -0.150, -1.000]
  EE posição      : [+0.150, +0.000, +0.062]
  EE velocidade   : [-0.016, +0.000, -0.091]
  Garra           : 0.040 m  (AGARRADA)  contatos=2
  Cubo posição    : [+0.136, -0.008, +0.044]
  Target (target): [+0.150, +0.000, +0.020]
  Dist EE→Cubo    : 0.0235 m
  Dist Cubo→target: 0.0288 m
  Reward          : -0.0288
  Sucesso         : False
  Obstáculo caminho: nao  (count: 0)
  Objeto [object_1]: tipo=box  massa=1.0 kg  tamanho=[0.04, 0.04, 0.04]
  Target goal     : {'type': 'goal_sequence', 'targets': [{'name': 'target', 'position': [0.15000000596046448, 0.0, 0.019999999552965164]}], 'mode': 'goal_sequence'}
  Mesa            : 1.1x0.7x0.4 m  offset_x=-0.3
  Robô config     : control=ee  block_gripper=False  base=[-0.6, 0.0, 0.05]
  Scripts         : ['script_1', 'reach_only', 'left_right']
  Juntas ângulos  : [-0.00, +0.97, +0.00, -1.25, -0.00, +2.22, +0.79]
  Juntas veloc.   : [+0.00, +0.13, -0.00, +0.00, -0.00, +0.09, +0.00]
  Cubo rotação    : [-0.003, +0.640, -0.005]  (roll/pitch/yaw)
  Cubo vel.linear : [-0.016, -0.004, -0.090]
────────────────────────────────────────────
 Ep  1 | Step  54
────────────────────────────────────────────
  Task            : OBJECT_DELIVERY_SEQUENCE
  Action          : [+0.000, +0.000, -0.150, -1.000]
  EE posição      : [+0.149, +0.000, +0.054]
  EE velocidade   : [-0.017, +0.000, -0.091]
  Garra           : 0.040 m  (AGARRADA)  contatos=2
  Cubo posição    : [+0.136, -0.008, +0.036]
  Target (target): [+0.150, +0.000, +0.020]
  Dist EE→Cubo    : 0.0236 m
  Dist Cubo→target: 0.0230 m
  Reward          : -0.0230
  Sucesso         : False
  Obstáculo caminho: nao  (count: 0)
  Objeto [object_1]: tipo=box  massa=1.0 kg  tamanho=[0.04, 0.04, 0.04]
  Target goal     : {'type': 'goal_sequence', 'targets': [{'name': 'target', 'position': [0.15000000596046448, 0.0, 0.019999999552965164]}], 'mode': 'goal_sequence'}
  Mesa            : 1.1x0.7x0.4 m  offset_x=-0.3
  Robô config     : control=ee  block_gripper=False  base=[-0.6, 0.0, 0.05]
  Scripts         : ['script_1', 'reach_only', 'left_right']
  Juntas ângulos  : [-0.00, +0.99, +0.00, -1.25, -0.00, +2.24, +0.79]
  Juntas veloc.   : [+0.00, +0.13, -0.00, +0.01, -0.00, +0.09, +0.00]
  Cubo rotação    : [-0.003, +0.642, -0.006]  (roll/pitch/yaw)
  Cubo vel.linear : [-0.017, -0.004, -0.090]
────────────────────────────────────────────
 Ep  1 | Step  55
────────────────────────────────────────────
  Task            : OBJECT_DELIVERY_SEQUENCE
  Action          : [+0.000, +0.000, -0.150, -1.000]
  EE posição      : [+0.148, +0.000, +0.046]
  EE velocidade   : [-0.018, +0.000, -0.091]
  Garra           : 0.040 m  (AGARRADA)  contatos=2
  Cubo posição    : [+0.135, -0.008, +0.028]
  Target (target): [+0.150, +0.000, +0.020]
  Dist EE→Cubo    : 0.0236 m
  Dist Cubo→target: 0.0190 m
  Reward          : -0.0190
  Sucesso         : False
  Obstáculo caminho: nao  (count: 0)
  Objeto [object_1]: tipo=box  massa=1.0 kg  tamanho=[0.04, 0.04, 0.04]
  Target goal     : {'type': 'goal_sequence', 'targets': [{'name': 'target', 'position': [0.15000000596046448, 0.0, 0.019999999552965164]}], 'mode': 'goal_sequence'}
  Mesa            : 1.1x0.7x0.4 m  offset_x=-0.3
  Robô config     : control=ee  block_gripper=False  base=[-0.6, 0.0, 0.05]
  Scripts         : ['script_1', 'reach_only', 'left_right']
  Juntas ângulos  : [+0.00, +1.00, +0.00, -1.25, -0.00, +2.25, +0.79]
  Juntas veloc.   : [+0.00, +0.14, -0.00, +0.01, -0.00, +0.09, +0.00]
  Cubo rotação    : [-0.003, +0.644, -0.006]  (roll/pitch/yaw)
  Cubo vel.linear : [-0.018, -0.004, -0.091]
────────────────────────────────────────────
 Ep  1 | Step  56
────────────────────────────────────────────
  Task            : OBJECT_DELIVERY_SEQUENCE
  Action          : [+0.000, +0.000, -0.129, -1.000]
  EE posição      : [+0.148, +0.000, +0.040]
  EE velocidade   : [-0.003, +0.000, -0.048]
  Garra           : 0.034 m  (AGARRADA)  contatos=2
  Cubo posição    : [+0.135, -0.008, +0.028]
  Target (target): [+0.150, +0.000, +0.020]
  Dist EE→Cubo    : 0.0197 m
  Dist Cubo→target: 0.0185 m
  Reward          : -0.0185
  Sucesso         : False
  Obstáculo caminho: nao  (count: 0)
  Objeto [object_1]: tipo=box  massa=1.0 kg  tamanho=[0.04, 0.04, 0.04]
  Target goal     : {'type': 'goal_sequence', 'targets': [{'name': 'target', 'position': [0.15000000596046448, 0.0, 0.019999999552965164]}], 'mode': 'goal_sequence'}
  Mesa            : 1.1x0.7x0.4 m  offset_x=-0.3
  Robô config     : control=ee  block_gripper=False  base=[-0.6, 0.0, 0.05]
  Scripts         : ['script_1', 'reach_only', 'left_right']
  Juntas ângulos  : [+0.00, +1.01, +0.00, -1.25, -0.00, +2.26, +0.79]
  Juntas veloc.   : [+0.00, +0.08, +0.00, +0.01, -0.00, +0.08, -0.00]
  Cubo rotação    : [+0.001, +0.663, +0.004]  (roll/pitch/yaw)
  Cubo vel.linear : [+0.007, +0.001, +0.002]
────────────────────────────────────────────
 Ep  1 | Step  57
────────────────────────────────────────────
  Task            : OBJECT_DELIVERY_SEQUENCE
  Action          : [+0.000, +0.000, -0.102, -1.000]
  EE posição      : [+0.148, +0.000, +0.036]
  EE velocidade   : [-0.005, +0.000, -0.039]
  Garra           : 0.032 m  (AGARRADA)  contatos=2
  Cubo posição    : [+0.136, -0.008, +0.028]
  Target (target): [+0.150, +0.000, +0.020]
  Dist EE→Cubo    : 0.0166 m
  Dist Cubo→target: 0.0180 m
  Reward          : -0.0180
  Sucesso         : False
  Obstáculo caminho: nao  (count: 0)
  Objeto [object_1]: tipo=box  massa=1.0 kg  tamanho=[0.04, 0.04, 0.04]
  Target goal     : {'type': 'goal_sequence', 'targets': [{'name': 'target', 'position': [0.15000000596046448, 0.0, 0.019999999552965164]}], 'mode': 'goal_sequence'}
  Mesa            : 1.1x0.7x0.4 m  offset_x=-0.3
  Robô config     : control=ee  block_gripper=False  base=[-0.6, 0.0, 0.05]
  Scripts         : ['script_1', 'reach_only', 'left_right']
  Juntas ângulos  : [+0.00, +1.01, +0.00, -1.25, -0.00, +2.26, +0.79]
  Juntas veloc.   : [+0.00, +0.06, +0.00, +0.01, -0.00, +0.05, +0.00]
  Cubo rotação    : [+0.000, +0.687, +0.003]  (roll/pitch/yaw)
  Cubo vel.linear : [+0.005, +0.000, +0.001]
────────────────────────────────────────────
 Ep  1 | Step  58
────────────────────────────────────────────
  Task            : OBJECT_DELIVERY_SEQUENCE
  Action          : [+0.000, +0.000, -0.081, -1.000]
  EE posição      : [+0.148, +0.000, +0.033]
  EE velocidade   : [-0.003, +0.000, -0.030]
  Garra           : 0.032 m  (AGARRADA)  contatos=2
  Cubo posição    : [+0.137, -0.008, +0.028]
  Target (target): [+0.150, +0.000, +0.020]
  Dist EE→Cubo    : 0.0146 m
  Dist Cubo→target: 0.0176 m
  Reward          : -0.0176
  Sucesso         : False
  Obstáculo caminho: nao  (count: 0)
  Objeto [object_1]: tipo=box  massa=1.0 kg  tamanho=[0.04, 0.04, 0.04]
  Target goal     : {'type': 'goal_sequence', 'targets': [{'name': 'target', 'position': [0.15000000596046448, 0.0, 0.019999999552965164]}], 'mode': 'goal_sequence'}
  Mesa            : 1.1x0.7x0.4 m  offset_x=-0.3
  Robô config     : control=ee  block_gripper=False  base=[-0.6, 0.0, 0.05]
  Scripts         : ['script_1', 'reach_only', 'left_right']
  Juntas ângulos  : [+0.00, +1.02, +0.00, -1.25, -0.00, +2.27, +0.79]
  Juntas veloc.   : [+0.00, +0.05, +0.00, +0.01, -0.00, +0.04, -0.00]
  Cubo rotação    : [+0.000, +0.708, +0.004]  (roll/pitch/yaw)
  Cubo vel.linear : [-0.000, +0.000, +0.000]
────────────────────────────────────────────
 Ep  1 | Step  59
────────────────────────────────────────────
  Task            : OBJECT_DELIVERY_SEQUENCE
  Action          : [+0.000, +0.000, +0.000, +1.000]
  EE posição      : [+0.148, +0.000, +0.033]
  EE velocidade   : [-0.000, -0.000, -0.000]
  Garra           : 0.074 m  (ABERTA)  contatos=0
  Cubo posição    : [+0.136, -0.008, +0.028]
  Target (target): [+0.150, +0.000, +0.020]
  Dist EE→Cubo    : 0.0150 m
  Dist Cubo→target: 0.0180 m
  Reward          : -0.0180
  Sucesso         : False
  Obstáculo caminho: nao  (count: 0)
  Objeto [object_1]: tipo=box  massa=1.0 kg  tamanho=[0.04, 0.04, 0.04]
  Target goal     : {'type': 'goal_sequence', 'targets': [{'name': 'target', 'position': [0.15000000596046448, 0.0, 0.019999999552965164]}], 'mode': 'goal_sequence'}
  Mesa            : 1.1x0.7x0.4 m  offset_x=-0.3
  Robô config     : control=ee  block_gripper=False  base=[-0.6, 0.0, 0.05]
  Scripts         : ['script_1', 'reach_only', 'left_right']
  Juntas ângulos  : [+0.00, +1.02, +0.00, -1.25, -0.00, +2.27, +0.79]
  Juntas veloc.   : [-0.00, -0.00, -0.00, -0.00, +0.00, -0.00, +0.00]
  Cubo rotação    : [-0.000, +0.689, +0.004]  (roll/pitch/yaw)
  Cubo vel.linear : [-0.025, -0.000, -0.002]
────────────────────────────────────────────
 Ep  1 | Step  60
────────────────────────────────────────────
  Task            : OBJECT_DELIVERY_SEQUENCE
  Action          : [+0.000, +0.000, +0.000, +1.000]
  EE posição      : [+0.148, +0.000, +0.033]
  EE velocidade   : [-0.000, -0.000, -0.000]
  Garra           : 0.079 m  (ABERTA)  contatos=0
  Cubo posição    : [+0.134, -0.008, +0.028]
  Target (target): [+0.150, +0.000, +0.020]
  Dist EE→Cubo    : 0.0163 m
  Dist Cubo→target: 0.0192 m
  Reward          : -0.0192
  Sucesso         : False
  Obstáculo caminho: nao  (count: 0)
  Objeto [object_1]: tipo=box  massa=1.0 kg  tamanho=[0.04, 0.04, 0.04]
  Target goal     : {'type': 'goal_sequence', 'targets': [{'name': 'target', 'position': [0.15000000596046448, 0.0, 0.019999999552965164]}], 'mode': 'goal_sequence'}
  Mesa            : 1.1x0.7x0.4 m  offset_x=-0.3
  Robô config     : control=ee  block_gripper=False  base=[-0.6, 0.0, 0.05]
  Scripts         : ['script_1', 'reach_only', 'left_right']
  Juntas ângulos  : [+0.00, +1.02, +0.00, -1.25, -0.00, +2.27, +0.79]
  Juntas veloc.   : [+0.00, +0.00, -0.00, -0.00, +0.00, -0.00, +0.00]
  Cubo rotação    : [-0.000, +0.630, +0.004]  (roll/pitch/yaw)
  Cubo vel.linear : [-0.059, -0.000, -0.009]
────────────────────────────────────────────
 Ep  1 | Step  61
────────────────────────────────────────────
  Task            : OBJECT_DELIVERY_SEQUENCE
  Action          : [+0.000, +0.000, +0.000, +1.000]
  EE posição      : [+0.148, +0.000, +0.033]
  EE velocidade   : [-0.000, -0.000, -0.000]
  Garra           : 0.080 m  (ABERTA)  contatos=0
  Cubo posição    : [+0.131, -0.008, +0.027]
  Target (target): [+0.150, +0.000, +0.020]
  Dist EE→Cubo    : 0.0195 m
  Dist Cubo→target: 0.0219 m
  Reward          : -0.0219
  Sucesso         : False
  Obstáculo caminho: nao  (count: 0)
  Objeto [object_1]: tipo=box  massa=1.0 kg  tamanho=[0.04, 0.04, 0.04]
  Target goal     : {'type': 'goal_sequence', 'targets': [{'name': 'target', 'position': [0.15000000596046448, 0.0, 0.019999999552965164]}], 'mode': 'goal_sequence'}
  Mesa            : 1.1x0.7x0.4 m  offset_x=-0.3
  Robô config     : control=ee  block_gripper=False  base=[-0.6, 0.0, 0.05]
  Scripts         : ['script_1', 'reach_only', 'left_right']
  Juntas ângulos  : [+0.00, +1.02, +0.00, -1.25, -0.00, +2.27, +0.79]
  Juntas veloc.   : [+0.00, +0.00, -0.00, -0.00, +0.00, -0.00, -0.00]
  Cubo rotação    : [-0.000, +0.505, +0.004]  (roll/pitch/yaw)
  Cubo vel.linear : [-0.116, -0.001, -0.033]
────────────────────────────────────────────
 Ep  1 | Step  62
────────────────────────────────────────────
  Task            : OBJECT_DELIVERY_SEQUENCE
  Action          : [+0.000, +0.000, +0.000, +1.000]
  EE posição      : [+0.148, +0.000, +0.033]
  EE velocidade   : [-0.000, -0.000, -0.000]
  Garra           : 0.080 m  (ABERTA)  contatos=0
  Cubo posição    : [+0.125, -0.008, +0.024]
  Target (target): [+0.150, +0.000, +0.020]
  Dist EE→Cubo    : 0.0258 m
  Dist Cubo→target: 0.0270 m
  Reward          : -0.0270
  Sucesso         : False
  Obstáculo caminho: nao  (count: 0)
  Objeto [object_1]: tipo=box  massa=1.0 kg  tamanho=[0.04, 0.04, 0.04]
  Target goal     : {'type': 'goal_sequence', 'targets': [{'name': 'target', 'position': [0.15000000596046448, 0.0, 0.019999999552965164]}], 'mode': 'goal_sequence'}
  Mesa            : 1.1x0.7x0.4 m  offset_x=-0.3
  Robô config     : control=ee  block_gripper=False  base=[-0.6, 0.0, 0.05]
  Scripts         : ['script_1', 'reach_only', 'left_right']
  Juntas ângulos  : [+0.00, +1.02, +0.00, -1.25, -0.00, +2.27, +0.79]
  Juntas veloc.   : [+0.00, -0.00, -0.00, -0.00, +0.00, +0.00, -0.00]
  Cubo rotação    : [+0.000, +0.261, +0.004]  (roll/pitch/yaw)
  Cubo vel.linear : [-0.200, -0.001, -0.113]
────────────────────────────────────────────
 Ep  1 | Step  63
────────────────────────────────────────────
  Task            : OBJECT_DELIVERY_SEQUENCE
  Action          : [+0.000, +0.000, +0.000, +1.000]
  EE posição      : [+0.148, +0.000, +0.033]
  EE velocidade   : [-0.000, -0.000, -0.000]
  Garra           : 0.080 m  (ABERTA)  contatos=0
  Cubo posição    : [+0.118, -0.008, +0.020]
  Target (target): [+0.150, +0.000, +0.020]
  Dist EE→Cubo    : 0.0330 m
  Dist Cubo→target: 0.0328 m
  Reward          : -0.0328
  Sucesso         : False
  Obstáculo caminho: nao  (count: 0)
  Objeto [object_1]: tipo=box  massa=1.0 kg  tamanho=[0.04, 0.04, 0.04]
  Target goal     : {'type': 'goal_sequence', 'targets': [{'name': 'target', 'position': [0.15000000596046448, 0.0, 0.019999999552965164]}], 'mode': 'goal_sequence'}
  Mesa            : 1.1x0.7x0.4 m  offset_x=-0.3
  Robô config     : control=ee  block_gripper=False  base=[-0.6, 0.0, 0.05]
  Scripts         : ['script_1', 'reach_only', 'left_right']
  Juntas ângulos  : [+0.00, +1.02, +0.00, -1.25, -0.00, +2.27, +0.79]
  Juntas veloc.   : [+0.00, -0.00, -0.00, -0.00, +0.00, +0.00, -0.00]
  Cubo rotação    : [+0.000, -0.024, +0.004]  (roll/pitch/yaw)
  Cubo vel.linear : [-0.014, -0.000, +0.012]
────────────────────────────────────────────
 Ep  1 | Step  64
────────────────────────────────────────────
  Task            : OBJECT_DELIVERY_SEQUENCE
  Action          : [+0.000, +0.000, +0.000, +0.000]
  EE posição      : [+0.148, +0.000, +0.033]
  EE velocidade   : [-0.000, -0.000, -0.000]
  Garra           : 0.080 m  (ABERTA)  contatos=0
  Cubo posição    : [+0.119, -0.008, +0.020]
  Target (target): [+0.150, +0.000, +0.020]
  Dist EE→Cubo    : 0.0327 m
  Dist Cubo→target: 0.0323 m
  Reward          : -0.0323
  Sucesso         : True
  Obstáculo caminho: nao  (count: 0)
  Objeto [object_1]: tipo=box  massa=1.0 kg  tamanho=[0.04, 0.04, 0.04]
  Target goal     : {'type': 'goal_sequence', 'targets': [{'name': 'target', 'position': [0.15000000596046448, 0.0, 0.019999999552965164]}], 'mode': 'goal_sequence'}
  Mesa            : 1.1x0.7x0.4 m  offset_x=-0.3
  Robô config     : control=ee  block_gripper=False  base=[-0.6, 0.0, 0.05]
  Scripts         : ['script_1', 'reach_only', 'left_right']
  Juntas ângulos  : [+0.00, +1.02, +0.00, -1.25, -0.00, +2.27, +0.79]
  Juntas veloc.   : [+0.00, -0.00, -0.00, -0.00, +0.00, +0.00, -0.00]
  Cubo rotação    : [+0.000, +0.002, +0.004]  (roll/pitch/yaw)
  Cubo vel.linear : [-0.001, -0.000, +0.001]
