────────────────────────────────────────────
 Ep  1 | Step   1
────────────────────────────────────────────
  Task            : OBJECT_DELIVERY_SEQUENCE
  Action          : [-0.984, +0.000, -0.179, +1.000]
  EE posição      : [+0.009, +0.000, +0.191]
  EE velocidade   : [-0.416, +0.000, -0.050]
  Garra           : 0.070 m  (ABERTA)  contatos=0
  Cubo posição    : [-0.250, +0.000, +0.020]
  Target (target): [+0.150, +0.000, +0.020]
  Dist EE→Cubo    : 0.3106 m
  Dist Cubo→target: 0.4000 m
  Reward          : -0.4000
  Sucesso         : False
  Obstáculo caminho: nao  (count: 0)
  Objeto [object_1]: tipo=box  massa=1.0 kg  tamanho=[0.04, 0.04, 0.04]
  Target goal     : {'type': 'goal_sequence', 'targets': [{'name': 'target', 'position': [0.15000000596046448, 0.0, 0.019999999552965164]}], 'mode': 'goal_sequence'}
  Mesa            : 1.1x0.7x0.4 m  offset_x=-0.3
  Robô config     : control=ee  block_gripper=False  base=[-0.6, 0.0, 0.05]
  Scripts         : ['script_1', 'reach_only', 'left_right']
  Juntas ângulos  : [-0.00, +0.34, +0.00, -1.98, -0.00, +2.32, +0.79]
  Juntas veloc.   : [-0.00, -0.95, +0.01, -1.57, -0.00, +0.45, -0.03]
  Cubo rotação    : [+0.000, -0.000, -0.000]  (roll/pitch/yaw)
  Cubo vel.linear : [-0.000, +0.000, -0.000]
────────────────────────────────────────────
 Ep  1 | Step   2
────────────────────────────────────────────
  Task            : OBJECT_DELIVERY_SEQUENCE
  Action          : [-0.985, -0.000, -0.173, +1.000]
  EE posição      : [-0.022, +0.000, +0.184]
  EE velocidade   : [-0.369, +0.000, -0.076]
  Garra           : 0.079 m  (ABERTA)  contatos=0
  Cubo posição    : [-0.250, +0.000, +0.020]
  Target (target): [+0.150, +0.000, +0.020]
  Dist EE→Cubo    : 0.2806 m
  Dist Cubo→target: 0.4000 m
  Reward          : -0.4000
  Sucesso         : False
  Obstáculo caminho: nao  (count: 0)
  Objeto [object_1]: tipo=box  massa=1.0 kg  tamanho=[0.04, 0.04, 0.04]
  Target goal     : {'type': 'goal_sequence', 'targets': [{'name': 'target', 'position': [0.15000000596046448, 0.0, 0.019999999552965164]}], 'mode': 'goal_sequence'}
  Mesa            : 1.1x0.7x0.4 m  offset_x=-0.3
  Robô config     : control=ee  block_gripper=False  base=[-0.6, 0.0, 0.05]
  Scripts         : ['script_1', 'reach_only', 'left_right']
  Juntas ângulos  : [-0.00, +0.27, +0.00, -2.11, -0.00, +2.38, +0.79]
  Juntas veloc.   : [-0.00, -0.76, +0.00, -1.33, +0.00, +0.44, -0.00]
  Cubo rotação    : [+0.000, -0.000, -0.000]  (roll/pitch/yaw)
  Cubo vel.linear : [-0.000, +0.000, -0.000]
────────────────────────────────────────────
 Ep  1 | Step   3
────────────────────────────────────────────
  Task            : OBJECT_DELIVERY_SEQUENCE
  Action          : [-0.985, -0.000, -0.170, +1.000]
  EE posição      : [-0.056, +0.000, +0.177]
  EE velocidade   : [-0.389, +0.000, -0.065]
  Garra           : 0.080 m  (ABERTA)  contatos=0
  Cubo posição    : [-0.250, +0.000, +0.020]
  Target (target): [+0.150, +0.000, +0.020]
  Dist EE→Cubo    : 0.2501 m
  Dist Cubo→target: 0.4000 m
  Reward          : -0.4000
  Sucesso         : False
  Obstáculo caminho: nao  (count: 0)
  Objeto [object_1]: tipo=box  massa=1.0 kg  tamanho=[0.04, 0.04, 0.04]
  Target goal     : {'type': 'goal_sequence', 'targets': [{'name': 'target', 'position': [0.15000000596046448, 0.0, 0.019999999552965164]}], 'mode': 'goal_sequence'}
  Mesa            : 1.1x0.7x0.4 m  offset_x=-0.3
  Robô config     : control=ee  block_gripper=False  base=[-0.6, 0.0, 0.05]
  Scripts         : ['script_1', 'reach_only', 'left_right']
  Juntas ângulos  : [-0.00, +0.20, +0.00, -2.23, -0.00, +2.43, +0.79]
  Juntas veloc.   : [-0.00, -0.80, +0.00, -1.35, +0.00, +0.43, -0.00]
  Cubo rotação    : [+0.000, -0.000, -0.000]  (roll/pitch/yaw)
  Cubo vel.linear : [-0.000, +0.000, -0.000]
────────────────────────────────────────────
 Ep  1 | Step   4
────────────────────────────────────────────
  Task            : OBJECT_DELIVERY_SEQUENCE
  Action          : [-0.986, -0.000, -0.164, +1.000]
  EE posição      : [-0.090, +0.000, +0.171]
  EE velocidade   : [-0.401, +0.000, -0.070]
  Garra           : 0.080 m  (ABERTA)  contatos=0
  Cubo posição    : [-0.250, +0.000, +0.020]
  Target (target): [+0.150, +0.000, +0.020]
  Dist EE→Cubo    : 0.2199 m
  Dist Cubo→target: 0.4000 m
  Reward          : -0.4000
  Sucesso         : False
  Obstáculo caminho: nao  (count: 0)
  Objeto [object_1]: tipo=box  massa=1.0 kg  tamanho=[0.04, 0.04, 0.04]
  Target goal     : {'type': 'goal_sequence', 'targets': [{'name': 'target', 'position': [0.15000000596046448, 0.0, 0.019999999552965164]}], 'mode': 'goal_sequence'}
  Mesa            : 1.1x0.7x0.4 m  offset_x=-0.3
  Robô config     : control=ee  block_gripper=False  base=[-0.6, 0.0, 0.05]
  Scripts         : ['script_1', 'reach_only', 'left_right']
  Juntas ângulos  : [-0.00, +0.13, +0.00, -2.36, -0.00, +2.48, +0.79]
  Juntas veloc.   : [-0.00, -0.80, +0.00, -1.33, +0.00, +0.41, -0.00]
  Cubo rotação    : [+0.000, -0.000, -0.000]  (roll/pitch/yaw)
  Cubo vel.linear : [-0.000, +0.000, -0.000]
────────────────────────────────────────────
 Ep  1 | Step   5
────────────────────────────────────────────
  Task            : OBJECT_DELIVERY_SEQUENCE
  Action          : [-0.988, -0.000, -0.158, +1.000]
  EE posição      : [-0.125, +0.000, +0.163]
  EE velocidade   : [-0.381, +0.001, -0.049]
  Garra           : 0.080 m  (ABERTA)  contatos=0
  Cubo posição    : [-0.250, +0.000, +0.020]
  Target (target): [+0.150, +0.000, +0.020]
  Dist EE→Cubo    : 0.1900 m
  Dist Cubo→target: 0.4000 m
  Reward          : -0.4000
  Sucesso         : False
  Obstáculo caminho: nao  (count: 0)
  Objeto [object_1]: tipo=box  massa=1.0 kg  tamanho=[0.04, 0.04, 0.04]
  Target goal     : {'type': 'goal_sequence', 'targets': [{'name': 'target', 'position': [0.15000000596046448, 0.0, 0.019999999552965164]}], 'mode': 'goal_sequence'}
  Mesa            : 1.1x0.7x0.4 m  offset_x=-0.3
  Robô config     : control=ee  block_gripper=False  base=[-0.6, 0.0, 0.05]
  Scripts         : ['script_1', 'reach_only', 'left_right']
  Juntas ângulos  : [-0.00, +0.06, +0.00, -2.48, -0.00, +2.54, +0.79]
  Juntas veloc.   : [-0.00, -0.81, +0.00, -1.25, +0.00, +0.39, -0.00]
  Cubo rotação    : [+0.000, -0.000, -0.000]  (roll/pitch/yaw)
  Cubo vel.linear : [-0.000, +0.000, -0.000]
────────────────────────────────────────────
 Ep  1 | Step   6
────────────────────────────────────────────
  Task            : OBJECT_DELIVERY_SEQUENCE
  Action          : [-0.990, -0.001, -0.144, +1.000]
  EE posição      : [-0.161, +0.000, +0.156]
  EE velocidade   : [-0.408, +0.001, -0.067]
  Garra           : 0.080 m  (ABERTA)  contatos=0
  Cubo posição    : [-0.250, +0.000, +0.020]
  Target (target): [+0.150, +0.000, +0.020]
  Dist EE→Cubo    : 0.1629 m
  Dist Cubo→target: 0.4000 m
  Reward          : -0.4000
  Sucesso         : False
  Obstáculo caminho: nao  (count: 0)
  Objeto [object_1]: tipo=box  massa=1.0 kg  tamanho=[0.04, 0.04, 0.04]
  Target goal     : {'type': 'goal_sequence', 'targets': [{'name': 'target', 'position': [0.15000000596046448, 0.0, 0.019999999552965164]}], 'mode': 'goal_sequence'}
  Mesa            : 1.1x0.7x0.4 m  offset_x=-0.3
  Robô config     : control=ee  block_gripper=False  base=[-0.6, 0.0, 0.05]
  Scripts         : ['script_1', 'reach_only', 'left_right']
  Juntas ângulos  : [-0.00, -0.02, +0.00, -2.60, +0.00, +2.58, +0.79]
  Juntas veloc.   : [-0.00, -0.83, +0.00, -1.28, +0.00, +0.37, -0.00]
  Cubo rotação    : [+0.000, -0.000, -0.000]  (roll/pitch/yaw)
  Cubo vel.linear : [-0.000, +0.000, -0.000]
────────────────────────────────────────────
 Ep  1 | Step   7
────────────────────────────────────────────
  Task            : OBJECT_DELIVERY_SEQUENCE
  Action          : [-0.992, -0.001, -0.125, +1.000]
  EE posição      : [-0.197, +0.000, +0.149]
  EE velocidade   : [-0.431, +0.000, -0.082]
  Garra           : 0.080 m  (ABERTA)  contatos=0
  Cubo posição    : [-0.250, +0.000, +0.020]
  Target (target): [+0.150, +0.000, +0.020]
  Dist EE→Cubo    : 0.1396 m
  Dist Cubo→target: 0.4000 m
  Reward          : -0.4000
  Sucesso         : False
  Obstáculo caminho: nao  (count: 0)
  Objeto [object_1]: tipo=box  massa=1.0 kg  tamanho=[0.04, 0.04, 0.04]
  Target goal     : {'type': 'goal_sequence', 'targets': [{'name': 'target', 'position': [0.15000000596046448, 0.0, 0.019999999552965164]}], 'mode': 'goal_sequence'}
  Mesa            : 1.1x0.7x0.4 m  offset_x=-0.3
  Robô config     : control=ee  block_gripper=False  base=[-0.6, 0.0, 0.05]
  Scripts         : ['script_1', 'reach_only', 'left_right']
  Juntas ângulos  : [-0.00, -0.09, +0.00, -2.72, +0.00, +2.63, +0.79]
  Juntas veloc.   : [-0.00, -0.85, +0.00, -1.30, +0.00, +0.34, -0.00]
  Cubo rotação    : [+0.000, -0.000, -0.000]  (roll/pitch/yaw)
  Cubo vel.linear : [-0.000, +0.000, -0.000]
────────────────────────────────────────────
 Ep  1 | Step   8
────────────────────────────────────────────
  Task            : OBJECT_DELIVERY_SEQUENCE
  Action          : [-0.997, -0.001, -0.079, +1.000]
  EE posição      : [-0.234, +0.000, +0.143]
  EE velocidade   : [-0.430, -0.000, -0.072]
  Garra           : 0.080 m  (ABERTA)  contatos=0
  Cubo posição    : [-0.250, +0.000, +0.020]
  Target (target): [+0.150, +0.000, +0.020]
  Dist EE→Cubo    : 0.1238 m
  Dist Cubo→target: 0.4000 m
  Reward          : -0.4000
  Sucesso         : False
  Obstáculo caminho: nao  (count: 0)
  Objeto [object_1]: tipo=box  massa=1.0 kg  tamanho=[0.04, 0.04, 0.04]
  Target goal     : {'type': 'goal_sequence', 'targets': [{'name': 'target', 'position': [0.15000000596046448, 0.0, 0.019999999552965164]}], 'mode': 'goal_sequence'}
  Mesa            : 1.1x0.7x0.4 m  offset_x=-0.3
  Robô config     : control=ee  block_gripper=False  base=[-0.6, 0.0, 0.05]
  Scripts         : ['script_1', 'reach_only', 'left_right']
  Juntas ângulos  : [-0.00, -0.17, +0.00, -2.83, +0.00, +2.66, +0.79]
  Juntas veloc.   : [+0.00, -0.93, +0.00, -1.29, +0.00, +0.28, -0.00]
  Cubo rotação    : [+0.000, -0.000, -0.000]  (roll/pitch/yaw)
  Cubo vel.linear : [-0.000, +0.000, -0.000]
────────────────────────────────────────────
 Ep  1 | Step   9
────────────────────────────────────────────
  Task            : OBJECT_DELIVERY_SEQUENCE
  Action          : [-0.991, -0.001, +0.136, +1.000]
  EE posição      : [-0.271, -0.000, +0.139]
  EE velocidade   : [-0.374, -0.000, +0.026]
  Garra           : 0.080 m  (ABERTA)  contatos=0
  Cubo posição    : [-0.250, +0.000, +0.020]
  Target (target): [+0.150, +0.000, +0.020]
  Dist EE→Cubo    : 0.1214 m
  Dist Cubo→target: 0.4000 m
  Reward          : -0.4000
  Sucesso         : False
  Obstáculo caminho: nao  (count: 0)
  Objeto [object_1]: tipo=box  massa=1.0 kg  tamanho=[0.04, 0.04, 0.04]
  Target goal     : {'type': 'goal_sequence', 'targets': [{'name': 'target', 'position': [0.15000000596046448, 0.0, 0.019999999552965164]}], 'mode': 'goal_sequence'}
  Mesa            : 1.1x0.7x0.4 m  offset_x=-0.3
  Robô config     : control=ee  block_gripper=False  base=[-0.6, 0.0, 0.05]
  Scripts         : ['script_1', 'reach_only', 'left_right']
  Juntas ângulos  : [-0.00, -0.26, +0.00, -2.95, +0.00, +2.67, +0.79]
  Juntas veloc.   : [+0.00, -1.30, -0.00, -1.23, +0.00, +0.06, -0.00]
  Cubo rotação    : [+0.000, -0.000, -0.000]  (roll/pitch/yaw)
  Cubo vel.linear : [-0.000, +0.000, -0.000]
────────────────────────────────────────────
 Ep  1 | Step  10
────────────────────────────────────────────
  Task            : OBJECT_DELIVERY_SEQUENCE
  Action          : [+0.221, +0.000, -0.975, +1.000]
  EE posição      : [-0.259, -0.000, +0.128]
  EE velocidade   : [-0.410, +0.000, -1.063]
  Garra           : 0.080 m  (ABERTA)  contatos=0
  Cubo posição    : [-0.250, +0.000, +0.020]
  Target (target): [+0.150, +0.000, +0.020]
  Dist EE→Cubo    : 0.1080 m
  Dist Cubo→target: 0.4000 m
  Reward          : -0.4000
  Sucesso         : False
  Obstáculo caminho: nao  (count: 0)
  Objeto [object_1]: tipo=box  massa=1.0 kg  tamanho=[0.04, 0.04, 0.04]
  Target goal     : {'type': 'goal_sequence', 'targets': [{'name': 'target', 'position': [0.15000000596046448, 0.0, 0.019999999552965164]}], 'mode': 'goal_sequence'}
  Mesa            : 1.1x0.7x0.4 m  offset_x=-0.3
  Robô config     : control=ee  block_gripper=False  base=[-0.6, 0.0, 0.05]
  Scripts         : ['script_1', 'reach_only', 'left_right']
  Juntas ângulos  : [-0.00, -0.18, +0.00, -2.94, +0.00, +2.79, +0.79]
  Juntas veloc.   : [-0.00, +3.63, +0.00, +0.27, -0.00, +0.94, +0.00]
  Cubo rotação    : [+0.000, -0.000, -0.000]  (roll/pitch/yaw)
  Cubo vel.linear : [-0.000, +0.000, -0.000]
────────────────────────────────────────────
 Ep  1 | Step  11
────────────────────────────────────────────
  Task            : OBJECT_DELIVERY_SEQUENCE
  Action          : [+0.109, +0.000, -0.994, +1.000]
  EE posição      : [-0.265, -0.000, +0.088]
  EE velocidade   : [-0.271, +0.000, -0.620]
  Garra           : 0.080 m  (ABERTA)  contatos=0
  Cubo posição    : [-0.250, +0.000, +0.020]
  Target (target): [+0.150, +0.000, +0.020]
  Dist EE→Cubo    : 0.0700 m
  Dist Cubo→target: 0.4000 m
  Reward          : -0.4000
  Sucesso         : False
  Obstáculo caminho: nao  (count: 0)
  Objeto [object_1]: tipo=box  massa=1.0 kg  tamanho=[0.04, 0.04, 0.04]
  Target goal     : {'type': 'goal_sequence', 'targets': [{'name': 'target', 'position': [0.15000000596046448, 0.0, 0.019999999552965164]}], 'mode': 'goal_sequence'}
  Mesa            : 1.1x0.7x0.4 m  offset_x=-0.3
  Robô config     : control=ee  block_gripper=False  base=[-0.6, 0.0, 0.05]
  Scripts         : ['script_1', 'reach_only', 'left_right']
  Juntas ângulos  : [-0.00, -0.03, +0.00, -2.91, +0.00, +2.86, +0.79]
  Juntas veloc.   : [-0.00, +2.19, +0.00, +0.28, -0.00, +0.51, +0.00]
  Cubo rotação    : [+0.000, -0.000, -0.000]  (roll/pitch/yaw)
  Cubo vel.linear : [+0.000, +0.000, +0.000]
────────────────────────────────────────────
 Ep  1 | Step  12
────────────────────────────────────────────
  Task            : OBJECT_DELIVERY_SEQUENCE
  Action          : [+0.322, +0.000, -0.947, +1.000]
  EE posição      : [-0.257, -0.000, +0.059]
  EE velocidade   : [-0.178, +0.000, -0.588]
  Garra           : 0.080 m  (ABERTA)  contatos=0
  Cubo posição    : [-0.250, +0.000, +0.020]
  Target (target): [+0.150, +0.000, +0.020]
  Dist EE→Cubo    : 0.0391 m
  Dist Cubo→target: 0.4000 m
  Reward          : -0.4000
  Sucesso         : False
  Obstáculo caminho: nao  (count: 0)
  Objeto [object_1]: tipo=box  massa=1.0 kg  tamanho=[0.04, 0.04, 0.04]
  Target goal     : {'type': 'goal_sequence', 'targets': [{'name': 'target', 'position': [0.15000000596046448, 0.0, 0.019999999552965164]}], 'mode': 'goal_sequence'}
  Mesa            : 1.1x0.7x0.4 m  offset_x=-0.3
  Robô config     : control=ee  block_gripper=False  base=[-0.6, 0.0, 0.05]
  Scripts         : ['script_1', 'reach_only', 'left_right']
  Juntas ângulos  : [-0.00, +0.11, +0.00, -2.87, -0.00, +2.97, +0.79]
  Juntas veloc.   : [+0.00, +2.20, -0.00, +0.42, -0.00, +0.87, +0.00]
  Cubo rotação    : [+0.000, -0.000, -0.000]  (roll/pitch/yaw)
  Cubo vel.linear : [+0.000, -0.000, +0.000]
────────────────────────────────────────────
 Ep  1 | Step  13
────────────────────────────────────────────
  Task            : OBJECT_DELIVERY_SEQUENCE
  Action          : [+0.444, +0.001, -0.896, +1.000]
  EE posição      : [-0.245, +0.000, +0.027]
  EE velocidade   : [-0.104, +0.000, -0.615]
  Garra           : 0.080 m  (ABERTA)  contatos=0
  Cubo posição    : [-0.250, +0.000, +0.020]
  Target (target): [+0.150, +0.000, +0.020]
  Dist EE→Cubo    : 0.0092 m
  Dist Cubo→target: 0.4000 m
  Reward          : -0.4000
  Sucesso         : False
  Obstáculo caminho: nao  (count: 0)
  Objeto [object_1]: tipo=box  massa=1.0 kg  tamanho=[0.04, 0.04, 0.04]
  Target goal     : {'type': 'goal_sequence', 'targets': [{'name': 'target', 'position': [0.15000000596046448, 0.0, 0.019999999552965164]}], 'mode': 'goal_sequence'}
  Mesa            : 1.1x0.7x0.4 m  offset_x=-0.3
  Robô config     : control=ee  block_gripper=False  base=[-0.6, 0.0, 0.05]
  Scripts         : ['script_1', 'reach_only', 'left_right']
  Juntas ângulos  : [-0.00, +0.26, +0.00, -2.81, -0.00, +3.05, +0.79]
  Juntas veloc.   : [+0.00, +2.32, -0.00, +0.80, -0.00, +0.62, +0.00]
  Cubo rotação    : [-0.000, -0.000, -0.000]  (roll/pitch/yaw)
  Cubo vel.linear : [+0.000, -0.000, +0.000]
────────────────────────────────────────────
 Ep  1 | Step  14
────────────────────────────────────────────
  Task            : OBJECT_DELIVERY_SEQUENCE
  Action          : [+0.000, +0.000, +0.000, -1.000]
  EE posição      : [-0.250, +0.000, +0.021]
  EE velocidade   : [+0.249, -0.000, +0.298]
  Garra           : 0.038 m  (AGARRADA)  contatos=2
  Cubo posição    : [-0.249, +0.000, +0.023]
  Target (target): [+0.150, +0.000, +0.020]
  Dist EE→Cubo    : 0.0019 m
  Dist Cubo→target: 0.3987 m
  Reward          : -0.3987
  Sucesso         : False
  Obstáculo caminho: nao  (count: 0)
  Objeto [object_1]: tipo=box  massa=1.0 kg  tamanho=[0.04, 0.04, 0.04]
  Target goal     : {'type': 'goal_sequence', 'targets': [{'name': 'target', 'position': [0.15000000596046448, 0.0, 0.019999999552965164]}], 'mode': 'goal_sequence'}
  Mesa            : 1.1x0.7x0.4 m  offset_x=-0.3
  Robô config     : control=ee  block_gripper=False  base=[-0.6, 0.0, 0.05]
  Scripts         : ['script_1', 'reach_only', 'left_right']
  Juntas ângulos  : [-0.00, +0.27, +0.00, -2.82, -0.00, +3.07, +0.79]
  Juntas veloc.   : [+0.00, -0.86, -0.00, -0.09, -0.00, +0.14, +0.00]
  Cubo rotação    : [-0.000, -0.010, +0.003]  (roll/pitch/yaw)
  Cubo vel.linear : [+0.245, +0.010, +0.296]
────────────────────────────────────────────
 Ep  1 | Step  15
────────────────────────────────────────────
  Task            : OBJECT_DELIVERY_SEQUENCE
  Action          : [+0.000, +0.000, +0.000, -1.000]
  EE posição      : [-0.249, -0.000, +0.023]
  EE velocidade   : [-0.014, -0.000, -0.011]
  Garra           : 0.038 m  (AGARRADA)  contatos=2
  Cubo posição    : [-0.248, +0.001, +0.023]
  Target (target): [+0.150, +0.000, +0.020]
  Dist EE→Cubo    : 0.0012 m
  Dist Cubo→target: 0.3985 m
  Reward          : -0.3985
  Sucesso         : False
  Obstáculo caminho: nao  (count: 0)
  Objeto [object_1]: tipo=box  massa=1.0 kg  tamanho=[0.04, 0.04, 0.04]
  Target goal     : {'type': 'goal_sequence', 'targets': [{'name': 'target', 'position': [0.15000000596046448, 0.0, 0.019999999552965164]}], 'mode': 'goal_sequence'}
  Mesa            : 1.1x0.7x0.4 m  offset_x=-0.3
  Robô config     : control=ee  block_gripper=False  base=[-0.6, 0.0, 0.05]
  Scripts         : ['script_1', 'reach_only', 'left_right']
  Juntas ângulos  : [-0.00, +0.27, +0.00, -2.83, -0.00, +3.10, +0.79]
  Juntas veloc.   : [+0.00, +0.04, -0.00, -0.07, -0.00, +0.20, +0.00]
  Cubo rotação    : [+0.000, -0.027, +0.003]  (roll/pitch/yaw)
  Cubo vel.linear : [-0.014, +0.008, -0.011]
────────────────────────────────────────────
 Ep  1 | Step  16
────────────────────────────────────────────
  Task            : OBJECT_DELIVERY_SEQUENCE
  Action          : [+0.000, +0.000, +1.000, -1.000]
  EE posição      : [-0.265, +0.000, +0.033]
  EE velocidade   : [+0.345, +0.000, +0.686]
  Garra           : 0.035 m  (AGARRADA)  contatos=2
  Cubo posição    : [-0.262, +0.001, +0.033]
  Target (target): [+0.150, +0.000, +0.020]
  Dist EE→Cubo    : 0.0034 m
  Dist Cubo→target: 0.4124 m
  Reward          : -0.4124
  Sucesso         : False
  Obstáculo caminho: nao  (count: 0)
  Objeto [object_1]: tipo=box  massa=1.0 kg  tamanho=[0.04, 0.04, 0.04]
  Target goal     : {'type': 'goal_sequence', 'targets': [{'name': 'target', 'position': [0.15000000596046448, 0.0, 0.019999999552965164]}], 'mode': 'goal_sequence'}
  Mesa            : 1.1x0.7x0.4 m  offset_x=-0.3
  Robô config     : control=ee  block_gripper=False  base=[-0.6, 0.0, 0.05]
  Scripts         : ['script_1', 'reach_only', 'left_right']
  Juntas ângulos  : [-0.00, +0.20, +0.00, -2.85, -0.00, +3.00, +0.79]
  Juntas veloc.   : [-0.00, -2.43, +0.00, -0.36, +0.00, -0.79, +0.00]
  Cubo rotação    : [-0.002, +0.075, -0.007]  (roll/pitch/yaw)
  Cubo vel.linear : [+0.320, +0.001, +0.702]
────────────────────────────────────────────
 Ep  1 | Step  17
────────────────────────────────────────────
  Task            : OBJECT_DELIVERY_SEQUENCE
  Action          : [+0.000, +0.000, +1.000, -1.000]
  EE posição      : [-0.263, +0.000, +0.065]
  EE velocidade   : [+0.112, -0.000, +0.418]
  Garra           : 0.037 m  (AGARRADA)  contatos=2
  Cubo posição    : [-0.259, +0.001, +0.065]
  Target (target): [+0.150, +0.000, +0.020]
  Dist EE→Cubo    : 0.0038 m
  Dist Cubo→target: 0.4114 m
  Reward          : -0.4114
  Sucesso         : False
  Obstáculo caminho: nao  (count: 0)
  Objeto [object_1]: tipo=box  massa=1.0 kg  tamanho=[0.04, 0.04, 0.04]
  Target goal     : {'type': 'goal_sequence', 'targets': [{'name': 'target', 'position': [0.15000000596046448, 0.0, 0.019999999552965164]}], 'mode': 'goal_sequence'}
  Mesa            : 1.1x0.7x0.4 m  offset_x=-0.3
  Robô config     : control=ee  block_gripper=False  base=[-0.6, 0.0, 0.05]
  Scripts         : ['script_1', 'reach_only', 'left_right']
  Juntas ângulos  : [-0.00, +0.07, +0.00, -2.90, -0.00, +2.96, +0.79]
  Juntas veloc.   : [-0.00, -1.63, -0.00, -0.46, +0.00, -0.28, -0.00]
  Cubo rotação    : [+0.000, +0.026, +0.000]  (roll/pitch/yaw)
  Cubo vel.linear : [+0.116, +0.011, +0.422]
────────────────────────────────────────────
 Ep  1 | Step  18
────────────────────────────────────────────
  Task            : OBJECT_DELIVERY_SEQUENCE
  Action          : [+0.000, +0.000, +1.000, -1.000]
  EE posição      : [-0.262, +0.000, +0.091]
  EE velocidade   : [+0.248, -0.000, +0.555]
  Garra           : 0.035 m  (AGARRADA)  contatos=2
  Cubo posição    : [-0.257, +0.002, +0.091]
  Target (target): [+0.150, +0.000, +0.020]
  Dist EE→Cubo    : 0.0052 m
  Dist Cubo→target: 0.4132 m
  Reward          : -0.4132
  Sucesso         : False
  Obstáculo caminho: nao  (count: 0)
  Objeto [object_1]: tipo=box  massa=1.0 kg  tamanho=[0.04, 0.04, 0.04]
  Target goal     : {'type': 'goal_sequence', 'targets': [{'name': 'target', 'position': [0.15000000596046448, 0.0, 0.019999999552965164]}], 'mode': 'goal_sequence'}
  Mesa            : 1.1x0.7x0.4 m  offset_x=-0.3
  Robô config     : control=ee  block_gripper=False  base=[-0.6, 0.0, 0.05]
  Scripts         : ['script_1', 'reach_only', 'left_right']
  Juntas ângulos  : [-0.00, -0.04, +0.00, -2.91, -0.00, +2.85, +0.79]
  Juntas veloc.   : [+0.00, -1.90, -0.00, -0.07, +0.00, -0.81, -0.00]
  Cubo rotação    : [+0.012, +0.048, -0.008]  (roll/pitch/yaw)
  Cubo vel.linear : [+0.256, +0.006, +0.567]
────────────────────────────────────────────
 Ep  1 | Step  19
────────────────────────────────────────────
  Task            : OBJECT_DELIVERY_SEQUENCE
  Action          : [+0.000, +0.000, +1.000, -1.000]
  EE posição      : [-0.259, +0.000, +0.120]
  EE velocidade   : [+0.157, -0.000, +0.459]
  Garra           : 0.036 m  (AGARRADA)  contatos=2
  Cubo posição    : [-0.252, +0.002, +0.120]
  Target (target): [+0.150, +0.000, +0.020]
  Dist EE→Cubo    : 0.0072 m
  Dist Cubo→target: 0.4143 m
  Reward          : -0.4143
  Sucesso         : False
  Obstáculo caminho: nao  (count: 0)
  Objeto [object_1]: tipo=box  massa=1.0 kg  tamanho=[0.04, 0.04, 0.04]
  Target goal     : {'type': 'goal_sequence', 'targets': [{'name': 'target', 'position': [0.15000000596046448, 0.0, 0.019999999552965164]}], 'mode': 'goal_sequence'}
  Mesa            : 1.1x0.7x0.4 m  offset_x=-0.3
  Robô config     : control=ee  block_gripper=False  base=[-0.6, 0.0, 0.05]
  Scripts         : ['script_1', 'reach_only', 'left_right']
  Juntas ângulos  : [-0.00, -0.15, +0.00, -2.91, +0.00, +2.75, +0.79]
  Juntas veloc.   : [+0.00, -1.55, -0.00, +0.00, +0.00, -0.82, -0.00]
  Cubo rotação    : [+0.001, +0.048, +0.006]  (roll/pitch/yaw)
  Cubo vel.linear : [+0.163, +0.009, +0.466]
────────────────────────────────────────────
 Ep  1 | Step  20
────────────────────────────────────────────
  Task            : OBJECT_DELIVERY_SEQUENCE
  Action          : [+0.000, +0.000, +1.000, -1.000]
  EE posição      : [-0.256, +0.000, +0.149]
  EE velocidade   : [+0.170, +0.000, +0.525]
  Garra           : 0.034 m  (AGARRADA)  contatos=2
  Cubo posição    : [-0.248, +0.002, +0.148]
  Target (target): [+0.150, +0.000, +0.020]
  Dist EE→Cubo    : 0.0078 m
  Dist Cubo→target: 0.4185 m
  Reward          : -0.4185
  Sucesso         : False
  Obstáculo caminho: nao  (count: 0)
  Objeto [object_1]: tipo=box  massa=1.0 kg  tamanho=[0.04, 0.04, 0.04]
  Target goal     : {'type': 'goal_sequence', 'targets': [{'name': 'target', 'position': [0.15000000596046448, 0.0, 0.019999999552965164]}], 'mode': 'goal_sequence'}
  Mesa            : 1.1x0.7x0.4 m  offset_x=-0.3
  Robô config     : control=ee  block_gripper=False  base=[-0.6, 0.0, 0.05]
  Scripts         : ['script_1', 'reach_only', 'left_right']
  Juntas ângulos  : [-0.00, -0.25, +0.00, -2.89, +0.00, +2.63, +0.79]
  Juntas veloc.   : [+0.00, -1.62, -0.00, +0.13, +0.00, -0.91, -0.00]
  Cubo rotação    : [+0.020, +0.096, -0.008]  (roll/pitch/yaw)
  Cubo vel.linear : [+0.172, +0.004, +0.533]
────────────────────────────────────────────
 Ep  1 | Step  21
────────────────────────────────────────────
  Task            : OBJECT_DELIVERY_SEQUENCE
  Action          : [+0.000, +0.000, +1.000, -1.000]
  EE posição      : [-0.252, +0.000, +0.181]
  EE velocidade   : [+0.126, +0.000, +0.493]
  Garra           : 0.034 m  (AGARRADA)  contatos=2
  Cubo posição    : [-0.244, +0.003, +0.178]
  Target (target): [+0.150, +0.000, +0.020]
  Dist EE→Cubo    : 0.0088 m
  Dist Cubo→target: 0.4245 m
  Reward          : -0.4245
  Sucesso         : False
  Obstáculo caminho: nao  (count: 0)
  Objeto [object_1]: tipo=box  massa=1.0 kg  tamanho=[0.04, 0.04, 0.04]
  Target goal     : {'type': 'goal_sequence', 'targets': [{'name': 'target', 'position': [0.15000000596046448, 0.0, 0.019999999552965164]}], 'mode': 'goal_sequence'}
  Mesa            : 1.1x0.7x0.4 m  offset_x=-0.3
  Robô config     : control=ee  block_gripper=False  base=[-0.6, 0.0, 0.05]
  Scripts         : ['script_1', 'reach_only', 'left_right']
  Juntas ângulos  : [-0.00, -0.34, +0.00, -2.86, +0.00, +2.51, +0.79]
  Juntas veloc.   : [+0.00, -1.39, -0.00, +0.23, +0.00, -0.91, -0.00]
  Cubo rotação    : [-0.002, +0.095, -0.003]  (roll/pitch/yaw)
  Cubo vel.linear : [+0.131, +0.011, +0.498]
────────────────────────────────────────────
 Ep  1 | Step  22
────────────────────────────────────────────
  Task            : OBJECT_DELIVERY_SEQUENCE
  Action          : [+0.000, +0.000, -1.000, -1.000]
  EE posição      : [-0.243, +0.000, +0.175]
  EE velocidade   : [-0.322, -0.000, -0.886]
  Garra           : 0.036 m  (AGARRADA)  contatos=2
  Cubo posição    : [-0.238, +0.003, +0.170]
  Target (target): [+0.150, +0.000, +0.020]
  Dist EE→Cubo    : 0.0083 m
  Dist Cubo→target: 0.4159 m
  Reward          : -0.4159
  Sucesso         : False
  Obstáculo caminho: nao  (count: 0)
  Objeto [object_1]: tipo=box  massa=1.0 kg  tamanho=[0.04, 0.04, 0.04]
  Target goal     : {'type': 'goal_sequence', 'targets': [{'name': 'target', 'position': [0.15000000596046448, 0.0, 0.019999999552965164]}], 'mode': 'goal_sequence'}
  Mesa            : 1.1x0.7x0.4 m  offset_x=-0.3
  Robô config     : control=ee  block_gripper=False  base=[-0.6, 0.0, 0.05]
  Scripts         : ['script_1', 'reach_only', 'left_right']
  Juntas ângulos  : [-0.00, -0.32, +0.00, -2.90, +0.00, +2.65, +0.79]
  Juntas veloc.   : [+0.00, +2.47, -0.00, -0.30, -0.01, +1.04, -0.00]
  Cubo rotação    : [-0.000, +0.041, -0.006]  (roll/pitch/yaw)
  Cubo vel.linear : [-0.330, +0.011, -0.896]
────────────────────────────────────────────
 Ep  1 | Step  23
────────────────────────────────────────────
  Task            : OBJECT_DELIVERY_SEQUENCE
  Action          : [+1.000, -0.000, +0.000, -1.000]
  EE posição      : [-0.244, +0.000, +0.143]
  EE velocidade   : [+0.746, +0.001, -0.345]
  Garra           : 0.037 m  (AGARRADA)  contatos=2
  Cubo posição    : [-0.236, +0.004, +0.137]
  Target (target): [+0.150, +0.000, +0.020]
  Dist EE→Cubo    : 0.0100 m
  Dist Cubo→target: 0.4037 m
  Reward          : -0.4037
  Sucesso         : False
  Obstáculo caminho: nao  (count: 0)
  Objeto [object_1]: tipo=box  massa=1.0 kg  tamanho=[0.04, 0.04, 0.04]
  Target goal     : {'type': 'goal_sequence', 'targets': [{'name': 'target', 'position': [0.15000000596046448, 0.0, 0.019999999552965164]}], 'mode': 'goal_sequence'}
  Mesa            : 1.1x0.7x0.4 m  offset_x=-0.3
  Robô config     : control=ee  block_gripper=False  base=[-0.6, 0.0, 0.05]
  Scripts         : ['script_1', 'reach_only', 'left_right']
  Juntas ângulos  : [-0.00, -0.16, +0.00, -2.80, -0.00, +2.55, +0.79]
  Juntas veloc.   : [-0.00, +3.66, +0.00, +3.10, +0.01, -0.71, -0.00]
  Cubo rotação    : [+0.005, +0.193, +0.001]  (roll/pitch/yaw)
  Cubo vel.linear : [+0.741, +0.012, -0.350]
────────────────────────────────────────────
 Ep  1 | Step  24
────────────────────────────────────────────
  Task            : OBJECT_DELIVERY_SEQUENCE
  Action          : [+0.997, -0.000, +0.082, -1.000]
  EE posição      : [-0.209, -0.000, +0.141]
  EE velocidade   : [+0.399, -0.000, +0.207]
  Garra           : 0.036 m  (AGARRADA)  contatos=2
  Cubo posição    : [-0.204, +0.004, +0.136]
  Target (target): [+0.150, +0.000, +0.020]
  Dist EE→Cubo    : 0.0081 m
  Dist Cubo→target: 0.3722 m
  Reward          : -0.3722
  Sucesso         : False
  Obstáculo caminho: nao  (count: 0)
  Objeto [object_1]: tipo=box  massa=1.0 kg  tamanho=[0.04, 0.04, 0.04]
  Target goal     : {'type': 'goal_sequence', 'targets': [{'name': 'target', 'position': [0.15000000596046448, 0.0, 0.019999999552965164]}], 'mode': 'goal_sequence'}
  Mesa            : 1.1x0.7x0.4 m  offset_x=-0.3
  Robô config     : control=ee  block_gripper=False  base=[-0.6, 0.0, 0.05]
  Scripts         : ['script_1', 'reach_only', 'left_right']
  Juntas ângulos  : [-0.00, -0.08, +0.00, -2.73, +0.00, +2.61, +0.79]
  Juntas veloc.   : [+0.00, +0.10, -0.00, +0.62, +0.00, +0.46, +0.00]
  Cubo rotação    : [+0.007, +0.162, -0.009]  (roll/pitch/yaw)
  Cubo vel.linear : [+0.406, +0.011, +0.206]
────────────────────────────────────────────
 Ep  1 | Step  25
────────────────────────────────────────────
  Task            : OBJECT_DELIVERY_SEQUENCE
  Action          : [+0.995, +0.000, +0.095, -1.000]
  EE posição      : [-0.175, -0.000, +0.144]
  EE velocidade   : [+0.569, -0.001, +0.187]
  Garra           : 0.037 m  (AGARRADA)  contatos=2
  Cubo posição    : [-0.170, +0.005, +0.139]
  Target (target): [+0.150, +0.000, +0.020]
  Dist EE→Cubo    : 0.0085 m
  Dist Cubo→target: 0.3412 m
  Reward          : -0.3412
  Sucesso         : False
  Obstáculo caminho: nao  (count: 0)
  Objeto [object_1]: tipo=box  massa=1.0 kg  tamanho=[0.04, 0.04, 0.04]
  Target goal     : {'type': 'goal_sequence', 'targets': [{'name': 'target', 'position': [0.15000000596046448, 0.0, 0.019999999552965164]}], 'mode': 'goal_sequence'}
  Mesa            : 1.1x0.7x0.4 m  offset_x=-0.3
  Robô config     : control=ee  block_gripper=False  base=[-0.6, 0.0, 0.05]
  Scripts         : ['script_1', 'reach_only', 'left_right']
  Juntas ângulos  : [-0.00, -0.01, +0.00, -2.64, +0.00, +2.61, +0.79]
  Juntas veloc.   : [+0.00, +0.69, -0.00, +1.39, -0.00, -0.02, -0.00]
  Cubo rotação    : [+0.003, +0.139, -0.014]  (roll/pitch/yaw)
  Cubo vel.linear : [+0.582, +0.016, +0.184]
────────────────────────────────────────────
 Ep  1 | Step  26
────────────────────────────────────────────
  Task            : OBJECT_DELIVERY_SEQUENCE
  Action          : [+0.995, +0.000, +0.095, -1.000]
  EE posição      : [-0.141, -0.000, +0.147]
  EE velocidade   : [+0.489, -0.001, +0.160]
  Garra           : 0.037 m  (AGARRADA)  contatos=2
  Cubo posição    : [-0.135, +0.005, +0.142]
  Target (target): [+0.150, +0.000, +0.020]
  Dist EE→Cubo    : 0.0087 m
  Dist Cubo→target: 0.3104 m
  Reward          : -0.3104
  Sucesso         : False
  Obstáculo caminho: nao  (count: 0)
  Objeto [object_1]: tipo=box  massa=1.0 kg  tamanho=[0.04, 0.04, 0.04]
  Target goal     : {'type': 'goal_sequence', 'targets': [{'name': 'target', 'position': [0.15000000596046448, 0.0, 0.019999999552965164]}], 'mode': 'goal_sequence'}
  Mesa            : 1.1x0.7x0.4 m  offset_x=-0.3
  Robô config     : control=ee  block_gripper=False  base=[-0.6, 0.0, 0.05]
  Scripts         : ['script_1', 'reach_only', 'left_right']
  Juntas ângulos  : [-0.00, +0.06, -0.00, -2.53, -0.00, +2.58, +0.79]
  Juntas veloc.   : [+0.00, +0.64, -0.00, +1.32, -0.00, -0.23, -0.00]
  Cubo rotação    : [+0.013, +0.128, -0.001]  (roll/pitch/yaw)
  Cubo vel.linear : [+0.493, +0.013, +0.161]
────────────────────────────────────────────
 Ep  1 | Step  27
────────────────────────────────────────────
  Task            : OBJECT_DELIVERY_SEQUENCE
  Action          : [+0.995, +0.000, +0.098, -1.000]
  EE posição      : [-0.107, -0.000, +0.148]
  EE velocidade   : [+0.480, -0.001, +0.118]
  Garra           : 0.037 m  (AGARRADA)  contatos=2
  Cubo posição    : [-0.102, +0.006, +0.143]
  Target (target): [+0.150, +0.000, +0.020]
  Dist EE→Cubo    : 0.0090 m
  Dist Cubo→target: 0.2806 m
  Reward          : -0.2806
  Sucesso         : False
  Obstáculo caminho: nao  (count: 0)
  Objeto [object_1]: tipo=box  massa=1.0 kg  tamanho=[0.04, 0.04, 0.04]
  Target goal     : {'type': 'goal_sequence', 'targets': [{'name': 'target', 'position': [0.15000000596046448, 0.0, 0.019999999552965164]}], 'mode': 'goal_sequence'}
  Mesa            : 1.1x0.7x0.4 m  offset_x=-0.3
  Robô config     : control=ee  block_gripper=False  base=[-0.6, 0.0, 0.05]
  Scripts         : ['script_1', 'reach_only', 'left_right']
  Juntas ângulos  : [-0.00, +0.14, -0.00, -2.41, -0.00, +2.54, +0.79]
  Juntas veloc.   : [+0.00, +0.75, -0.00, +1.40, +0.00, -0.29, -0.00]
  Cubo rotação    : [+0.013, +0.129, -0.002]  (roll/pitch/yaw)
  Cubo vel.linear : [+0.481, +0.012, +0.119]
────────────────────────────────────────────
 Ep  1 | Step  28
────────────────────────────────────────────
  Task            : OBJECT_DELIVERY_SEQUENCE
  Action          : [+0.994, +0.000, +0.105, -1.000]
  EE posição      : [-0.075, -0.000, +0.147]
  EE velocidade   : [+0.432, -0.001, +0.047]
  Garra           : 0.037 m  (AGARRADA)  contatos=2
  Cubo posição    : [-0.070, +0.006, +0.143]
  Target (target): [+0.150, +0.000, +0.020]
  Dist EE→Cubo    : 0.0094 m
  Dist Cubo→target: 0.2516 m
  Reward          : -0.2516
  Sucesso         : False
  Obstáculo caminho: nao  (count: 0)
  Objeto [object_1]: tipo=box  massa=1.0 kg  tamanho=[0.04, 0.04, 0.04]
  Target goal     : {'type': 'goal_sequence', 'targets': [{'name': 'target', 'position': [0.15000000596046448, 0.0, 0.019999999552965164]}], 'mode': 'goal_sequence'}
  Mesa            : 1.1x0.7x0.4 m  offset_x=-0.3
  Robô config     : control=ee  block_gripper=False  base=[-0.6, 0.0, 0.05]
  Scripts         : ['script_1', 'reach_only', 'left_right']
  Juntas ângulos  : [-0.00, +0.22, -0.00, -2.30, +0.00, +2.50, +0.79]
  Juntas veloc.   : [+0.00, +0.84, -0.00, +1.37, +0.00, -0.31, -0.00]
  Cubo rotação    : [+0.013, +0.133, -0.002]  (roll/pitch/yaw)
  Cubo vel.linear : [+0.433, +0.012, +0.048]
────────────────────────────────────────────
 Ep  1 | Step  29
────────────────────────────────────────────
  Task            : OBJECT_DELIVERY_SEQUENCE
  Action          : [+0.992, +0.001, +0.123, -1.000]
  EE posição      : [-0.043, -0.000, +0.146]
  EE velocidade   : [+0.416, -0.000, +0.036]
  Garra           : 0.037 m  (AGARRADA)  contatos=2
  Cubo posição    : [-0.038, +0.007, +0.141]
  Target (target): [+0.150, +0.000, +0.020]
  Dist EE→Cubo    : 0.0097 m
  Dist Cubo→target: 0.2239 m
  Reward          : -0.2239
  Sucesso         : False
  Obstáculo caminho: nao  (count: 0)
  Objeto [object_1]: tipo=box  massa=1.0 kg  tamanho=[0.04, 0.04, 0.04]
  Target goal     : {'type': 'goal_sequence', 'targets': [{'name': 'target', 'position': [0.15000000596046448, 0.0, 0.019999999552965164]}], 'mode': 'goal_sequence'}
  Mesa            : 1.1x0.7x0.4 m  offset_x=-0.3
  Robô config     : control=ee  block_gripper=False  base=[-0.6, 0.0, 0.05]
  Scripts         : ['script_1', 'reach_only', 'left_right']
  Juntas ângulos  : [-0.00, +0.30, -0.00, -2.18, +0.00, +2.46, +0.79]
  Juntas veloc.   : [+0.00, +0.84, -0.00, +1.37, +0.00, -0.31, -0.00]
  Cubo rotação    : [+0.013, +0.135, -0.002]  (roll/pitch/yaw)
  Cubo vel.linear : [+0.417, +0.012, +0.037]
────────────────────────────────────────────
 Ep  1 | Step  30
────────────────────────────────────────────
  Task            : OBJECT_DELIVERY_SEQUENCE
  Action          : [+0.988, +0.001, +0.151, -1.000]
  EE posição      : [-0.013, -0.000, +0.143]
  EE velocidade   : [+0.380, -0.000, +0.009]
  Garra           : 0.037 m  (AGARRADA)  contatos=2
  Cubo posição    : [-0.008, +0.007, +0.139]
  Target (target): [+0.150, +0.000, +0.020]
  Dist EE→Cubo    : 0.0100 m
  Dist Cubo→target: 0.1978 m
  Reward          : -0.1978
  Sucesso         : False
  Obstáculo caminho: nao  (count: 0)
  Objeto [object_1]: tipo=box  massa=1.0 kg  tamanho=[0.04, 0.04, 0.04]
  Target goal     : {'type': 'goal_sequence', 'targets': [{'name': 'target', 'position': [0.15000000596046448, 0.0, 0.019999999552965164]}], 'mode': 'goal_sequence'}
  Mesa            : 1.1x0.7x0.4 m  offset_x=-0.3
  Robô config     : control=ee  block_gripper=False  base=[-0.6, 0.0, 0.05]
  Scripts         : ['script_1', 'reach_only', 'left_right']
  Juntas ângulos  : [-0.00, +0.37, -0.00, -2.07, +0.00, +2.42, +0.79]
  Juntas veloc.   : [+0.00, +0.84, -0.00, +1.34, +0.00, -0.32, -0.00]
  Cubo rotação    : [+0.014, +0.138, -0.002]  (roll/pitch/yaw)
  Cubo vel.linear : [+0.381, +0.012, +0.010]
────────────────────────────────────────────
 Ep  1 | Step  31
────────────────────────────────────────────
  Task            : OBJECT_DELIVERY_SEQUENCE
  Action          : [+0.982, +0.001, +0.191, -1.000]
  EE posição      : [+0.016, -0.000, +0.142]
  EE velocidade   : [+0.364, -0.000, +0.033]
  Garra           : 0.037 m  (AGARRADA)  contatos=2
  Cubo posição    : [+0.021, +0.007, +0.137]
  Target (target): [+0.150, +0.000, +0.020]
  Dist EE→Cubo    : 0.0103 m
  Dist Cubo→target: 0.1746 m
  Reward          : -0.1746
  Sucesso         : False
  Obstáculo caminho: nao  (count: 0)
  Objeto [object_1]: tipo=box  massa=1.0 kg  tamanho=[0.04, 0.04, 0.04]
  Target goal     : {'type': 'goal_sequence', 'targets': [{'name': 'target', 'position': [0.15000000596046448, 0.0, 0.019999999552965164]}], 'mode': 'goal_sequence'}
  Mesa            : 1.1x0.7x0.4 m  offset_x=-0.3
  Robô config     : control=ee  block_gripper=False  base=[-0.6, 0.0, 0.05]
  Scripts         : ['script_1', 'reach_only', 'left_right']
  Juntas ângulos  : [-0.00, +0.45, -0.00, -1.95, +0.00, +2.38, +0.79]
  Juntas veloc.   : [+0.00, +0.77, -0.00, +1.32, +0.00, -0.33, -0.00]
  Cubo rotação    : [+0.013, +0.139, -0.002]  (roll/pitch/yaw)
  Cubo vel.linear : [+0.365, +0.012, +0.033]
────────────────────────────────────────────
 Ep  1 | Step  32
────────────────────────────────────────────
  Task            : OBJECT_DELIVERY_SEQUENCE
  Action          : [+0.970, +0.001, +0.241, -1.000]
  EE posição      : [+0.043, -0.000, +0.141]
  EE velocidade   : [+0.332, +0.000, +0.052]
  Garra           : 0.037 m  (AGARRADA)  contatos=2
  Cubo posição    : [+0.048, +0.008, +0.137]
  Target (target): [+0.150, +0.000, +0.020]
  Dist EE→Cubo    : 0.0106 m
  Dist Cubo→target: 0.1553 m
  Reward          : -0.1553
  Sucesso         : False
  Obstáculo caminho: nao  (count: 0)
  Objeto [object_1]: tipo=box  massa=1.0 kg  tamanho=[0.04, 0.04, 0.04]
  Target goal     : {'type': 'goal_sequence', 'targets': [{'name': 'target', 'position': [0.15000000596046448, 0.0, 0.019999999552965164]}], 'mode': 'goal_sequence'}
  Mesa            : 1.1x0.7x0.4 m  offset_x=-0.3
  Robô config     : control=ee  block_gripper=False  base=[-0.6, 0.0, 0.05]
  Scripts         : ['script_1', 'reach_only', 'left_right']
  Juntas ângulos  : [-0.00, +0.52, -0.00, -1.83, +0.00, +2.33, +0.79]
  Juntas veloc.   : [+0.00, +0.70, -0.00, +1.27, +0.00, -0.36, +0.00]
  Cubo rotação    : [+0.013, +0.141, -0.000]  (roll/pitch/yaw)
  Cubo vel.linear : [+0.333, +0.011, +0.053]
────────────────────────────────────────────
 Ep  1 | Step  33
────────────────────────────────────────────
  Task            : OBJECT_DELIVERY_SEQUENCE
  Action          : [+0.954, +0.001, +0.301, -1.000]
  EE posição      : [+0.068, -0.000, +0.143]
  EE velocidade   : [+0.312, +0.000, +0.110]
  Garra           : 0.037 m  (AGARRADA)  contatos=2
  Cubo posição    : [+0.073, +0.008, +0.139]
  Target (target): [+0.150, +0.000, +0.020]
  Dist EE→Cubo    : 0.0108 m
  Dist Cubo→target: 0.1417 m
  Reward          : -0.1417
  Sucesso         : False
  Obstáculo caminho: nao  (count: 0)
  Objeto [object_1]: tipo=box  massa=1.0 kg  tamanho=[0.04, 0.04, 0.04]
  Target goal     : {'type': 'goal_sequence', 'targets': [{'name': 'target', 'position': [0.15000000596046448, 0.0, 0.019999999552965164]}], 'mode': 'goal_sequence'}
  Mesa            : 1.1x0.7x0.4 m  offset_x=-0.3
  Robô config     : control=ee  block_gripper=False  base=[-0.6, 0.0, 0.05]
  Scripts         : ['script_1', 'reach_only', 'left_right']
  Juntas ângulos  : [+0.00, +0.58, -0.00, -1.72, +0.00, +2.28, +0.79]
  Juntas veloc.   : [+0.00, +0.57, -0.00, +1.23, +0.00, -0.39, -0.00]
  Cubo rotação    : [+0.013, +0.145, +0.001]  (roll/pitch/yaw)
  Cubo vel.linear : [+0.315, +0.009, +0.111]
────────────────────────────────────────────
 Ep  1 | Step  34
────────────────────────────────────────────
  Task            : OBJECT_DELIVERY_SEQUENCE
  Action          : [+0.931, +0.001, +0.364, -1.000]
  EE posição      : [+0.092, -0.000, +0.148]
  EE velocidade   : [+0.289, +0.000, +0.185]
  Garra           : 0.037 m  (AGARRADA)  contatos=2
  Cubo posição    : [+0.096, +0.009, +0.144]
  Target (target): [+0.150, +0.000, +0.020]
  Dist EE→Cubo    : 0.0110 m
  Dist Cubo→target: 0.1353 m
  Reward          : -0.1353
  Sucesso         : False
  Obstáculo caminho: nao  (count: 0)
  Objeto [object_1]: tipo=box  massa=1.0 kg  tamanho=[0.04, 0.04, 0.04]
  Target goal     : {'type': 'goal_sequence', 'targets': [{'name': 'target', 'position': [0.15000000596046448, 0.0, 0.019999999552965164]}], 'mode': 'goal_sequence'}
  Mesa            : 1.1x0.7x0.4 m  offset_x=-0.3
  Robô config     : control=ee  block_gripper=False  base=[-0.6, 0.0, 0.05]
  Scripts         : ['script_1', 'reach_only', 'left_right']
  Juntas ângulos  : [+0.00, +0.64, -0.00, -1.60, +0.00, +2.23, +0.79]
  Juntas veloc.   : [+0.00, +0.42, -0.00, +1.17, +0.00, -0.41, +0.00]
  Cubo rotação    : [+0.010, +0.145, -0.004]  (roll/pitch/yaw)
  Cubo vel.linear : [+0.291, +0.011, +0.186]
────────────────────────────────────────────
 Ep  1 | Step  35
────────────────────────────────────────────
  Task            : OBJECT_DELIVERY_SEQUENCE
  Action          : [+0.908, +0.001, +0.418, -1.000]
  EE posição      : [+0.113, -0.000, +0.158]
  EE velocidade   : [+0.270, +0.000, +0.284]
  Garra           : 0.037 m  (AGARRADA)  contatos=2
  Cubo posição    : [+0.117, +0.009, +0.153]
  Target (target): [+0.150, +0.000, +0.020]
  Dist EE→Cubo    : 0.0112 m
  Dist Cubo→target: 0.1374 m
  Reward          : -0.1374
  Sucesso         : False
  Obstáculo caminho: nao  (count: 0)
  Objeto [object_1]: tipo=box  massa=1.0 kg  tamanho=[0.04, 0.04, 0.04]
  Target goal     : {'type': 'goal_sequence', 'targets': [{'name': 'target', 'position': [0.15000000596046448, 0.0, 0.019999999552965164]}], 'mode': 'goal_sequence'}
  Mesa            : 1.1x0.7x0.4 m  offset_x=-0.3
  Robô config     : control=ee  block_gripper=False  base=[-0.6, 0.0, 0.05]
  Scripts         : ['script_1', 'reach_only', 'left_right']
  Juntas ângulos  : [+0.00, +0.69, -0.00, -1.49, +0.00, +2.17, +0.79]
  Juntas veloc.   : [+0.00, +0.25, -0.00, +1.11, +0.00, -0.44, +0.00]
  Cubo rotação    : [+0.009, +0.142, -0.005]  (roll/pitch/yaw)
  Cubo vel.linear : [+0.272, +0.011, +0.285]
────────────────────────────────────────────
 Ep  1 | Step  36
────────────────────────────────────────────
  Task            : OBJECT_DELIVERY_SEQUENCE
  Action          : [+0.903, +0.001, +0.430, -1.000]
  EE posição      : [+0.132, -0.000, +0.171]
  EE velocidade   : [+0.240, +0.000, +0.342]
  Garra           : 0.038 m  (AGARRADA)  contatos=2
  Cubo posição    : [+0.136, +0.010, +0.166]
  Target (target): [+0.150, +0.000, +0.020]
  Dist EE→Cubo    : 0.0115 m
  Dist Cubo→target: 0.1472 m
  Reward          : -0.1472
  Sucesso         : False
  Obstáculo caminho: nao  (count: 0)
  Objeto [object_1]: tipo=box  massa=1.0 kg  tamanho=[0.04, 0.04, 0.04]
  Target goal     : {'type': 'goal_sequence', 'targets': [{'name': 'target', 'position': [0.15000000596046448, 0.0, 0.019999999552965164]}], 'mode': 'goal_sequence'}
  Mesa            : 1.1x0.7x0.4 m  offset_x=-0.3
  Robô config     : control=ee  block_gripper=False  base=[-0.6, 0.0, 0.05]
  Scripts         : ['script_1', 'reach_only', 'left_right']
  Juntas ângulos  : [+0.00, +0.74, -0.00, -1.38, +0.00, +2.11, +0.79]
  Juntas veloc.   : [+0.00, +0.14, +0.00, +1.06, -0.00, -0.46, +0.00]
  Cubo rotação    : [+0.003, +0.138, -0.001]  (roll/pitch/yaw)
  Cubo vel.linear : [+0.242, +0.011, +0.343]
────────────────────────────────────────────
 Ep  1 | Step  37
────────────────────────────────────────────
  Task            : OBJECT_DELIVERY_SEQUENCE
  Action          : [+0.967, +0.002, +0.254, -1.000]
  EE posição      : [+0.150, +0.000, +0.180]
  EE velocidade   : [+0.169, +0.000, +0.071]
  Garra           : 0.036 m  (AGARRADA)  contatos=2
  Cubo posição    : [+0.154, +0.010, +0.175]
  Target (target): [+0.150, +0.000, +0.020]
  Dist EE→Cubo    : 0.0121 m
  Dist Cubo→target: 0.1549 m
  Reward          : -0.1549
  Sucesso         : False
  Obstáculo caminho: nao  (count: 0)
  Objeto [object_1]: tipo=box  massa=1.0 kg  tamanho=[0.04, 0.04, 0.04]
  Target goal     : {'type': 'goal_sequence', 'targets': [{'name': 'target', 'position': [0.15000000596046448, 0.0, 0.019999999552965164]}], 'mode': 'goal_sequence'}
  Mesa            : 1.1x0.7x0.4 m  offset_x=-0.3
  Robô config     : control=ee  block_gripper=False  base=[-0.6, 0.0, 0.05]
  Scripts         : ['script_1', 'reach_only', 'left_right']
  Juntas ângulos  : [+0.00, +0.79, -0.00, -1.26, +0.00, +2.06, +0.79]
  Juntas veloc.   : [+0.00, +0.52, -0.00, +1.07, +0.00, -0.42, +0.00]
  Cubo rotação    : [+0.002, +0.148, +0.001]  (roll/pitch/yaw)
  Cubo vel.linear : [+0.178, +0.011, +0.070]
────────────────────────────────────────────
 Ep  1 | Step  38
────────────────────────────────────────────
  Task            : OBJECT_DELIVERY_SEQUENCE
  Action          : [+0.000, +0.000, +0.000, -1.000]
  EE posição      : [+0.150, -0.000, +0.180]
  EE velocidade   : [-0.006, -0.000, -0.002]
  Garra           : 0.038 m  (AGARRADA)  contatos=2
  Cubo posição    : [+0.154, +0.011, +0.174]
  Target (target): [+0.150, +0.000, +0.020]
  Dist EE→Cubo    : 0.0126 m
  Dist Cubo→target: 0.1547 m
  Reward          : -0.1547
  Sucesso         : False
  Obstáculo caminho: nao  (count: 0)
  Objeto [object_1]: tipo=box  massa=1.0 kg  tamanho=[0.04, 0.04, 0.04]
  Target goal     : {'type': 'goal_sequence', 'targets': [{'name': 'target', 'position': [0.15000000596046448, 0.0, 0.019999999552965164]}], 'mode': 'goal_sequence'}
  Mesa            : 1.1x0.7x0.4 m  offset_x=-0.3
  Robô config     : control=ee  block_gripper=False  base=[-0.6, 0.0, 0.05]
  Scripts         : ['script_1', 'reach_only', 'left_right']
  Juntas ângulos  : [+0.00, +0.79, -0.00, -1.26, +0.00, +2.05, +0.79]
  Juntas veloc.   : [-0.00, +0.00, -0.00, +0.01, +0.00, -0.04, -0.00]
  Cubo rotação    : [-0.001, +0.151, -0.006]  (roll/pitch/yaw)
  Cubo vel.linear : [-0.007, +0.012, -0.002]
────────────────────────────────────────────
 Ep  1 | Step  39
────────────────────────────────────────────
  Task            : OBJECT_DELIVERY_SEQUENCE
  Action          : [+0.000, +0.000, -0.150, -1.000]
  EE posição      : [+0.150, -0.000, +0.172]
  EE velocidade   : [-0.006, -0.000, -0.083]
  Garra           : 0.039 m  (AGARRADA)  contatos=2
  Cubo posição    : [+0.154, +0.011, +0.167]
  Target (target): [+0.150, +0.000, +0.020]
  Dist EE→Cubo    : 0.0131 m
  Dist Cubo→target: 0.1474 m
  Reward          : -0.1474
  Sucesso         : False
  Obstáculo caminho: nao  (count: 0)
  Objeto [object_1]: tipo=box  massa=1.0 kg  tamanho=[0.04, 0.04, 0.04]
  Target goal     : {'type': 'goal_sequence', 'targets': [{'name': 'target', 'position': [0.15000000596046448, 0.0, 0.019999999552965164]}], 'mode': 'goal_sequence'}
  Mesa            : 1.1x0.7x0.4 m  offset_x=-0.3
  Robô config     : control=ee  block_gripper=False  base=[-0.6, 0.0, 0.05]
  Scripts         : ['script_1', 'reach_only', 'left_right']
  Juntas ângulos  : [+0.00, +0.80, -0.00, -1.26, +0.00, +2.06, +0.79]
  Juntas veloc.   : [-0.00, +0.11, -0.00, -0.01, +0.00, +0.08, -0.00]
  Cubo rotação    : [-0.004, +0.153, -0.008]  (roll/pitch/yaw)
  Cubo vel.linear : [-0.006, +0.012, -0.083]
────────────────────────────────────────────
 Ep  1 | Step  40
────────────────────────────────────────────
  Task            : OBJECT_DELIVERY_SEQUENCE
  Action          : [+0.000, +0.000, -0.150, -1.000]
  EE posição      : [+0.150, -0.000, +0.165]
  EE velocidade   : [-0.003, -0.000, -0.074]
  Garra           : 0.039 m  (AGARRADA)  contatos=2
  Cubo posição    : [+0.154, +0.012, +0.159]
  Target (target): [+0.150, +0.000, +0.020]
  Dist EE→Cubo    : 0.0135 m
  Dist Cubo→target: 0.1399 m
  Reward          : -0.1399
  Sucesso         : False
  Obstáculo caminho: nao  (count: 0)
  Objeto [object_1]: tipo=box  massa=1.0 kg  tamanho=[0.04, 0.04, 0.04]
  Target goal     : {'type': 'goal_sequence', 'targets': [{'name': 'target', 'position': [0.15000000596046448, 0.0, 0.019999999552965164]}], 'mode': 'goal_sequence'}
  Mesa            : 1.1x0.7x0.4 m  offset_x=-0.3
  Robô config     : control=ee  block_gripper=False  base=[-0.6, 0.0, 0.05]
  Scripts         : ['script_1', 'reach_only', 'left_right']
  Juntas ângulos  : [+0.00, +0.81, -0.00, -1.26, +0.00, +2.07, +0.79]
  Juntas veloc.   : [-0.00, +0.10, -0.00, -0.01, +0.00, +0.09, -0.00]
  Cubo rotação    : [-0.005, +0.153, -0.009]  (roll/pitch/yaw)
  Cubo vel.linear : [-0.003, +0.012, -0.074]
────────────────────────────────────────────
 Ep  1 | Step  41
────────────────────────────────────────────
  Task            : OBJECT_DELIVERY_SEQUENCE
  Action          : [+0.000, +0.000, -0.150, -1.000]
  EE posição      : [+0.150, -0.000, +0.157]
  EE velocidade   : [-0.004, -0.000, -0.079]
  Garra           : 0.039 m  (AGARRADA)  contatos=2
  Cubo posição    : [+0.154, +0.012, +0.152]
  Target (target): [+0.150, +0.000, +0.020]
  Dist EE→Cubo    : 0.0139 m
  Dist Cubo→target: 0.1322 m
  Reward          : -0.1322
  Sucesso         : False
  Obstáculo caminho: nao  (count: 0)
  Objeto [object_1]: tipo=box  massa=1.0 kg  tamanho=[0.04, 0.04, 0.04]
  Target goal     : {'type': 'goal_sequence', 'targets': [{'name': 'target', 'position': [0.15000000596046448, 0.0, 0.019999999552965164]}], 'mode': 'goal_sequence'}
  Mesa            : 1.1x0.7x0.4 m  offset_x=-0.3
  Robô config     : control=ee  block_gripper=False  base=[-0.6, 0.0, 0.05]
  Scripts         : ['script_1', 'reach_only', 'left_right']
  Juntas ângulos  : [+0.00, +0.82, -0.00, -1.26, +0.00, +2.09, +0.79]
  Juntas veloc.   : [-0.00, +0.11, -0.00, -0.02, +0.00, +0.09, -0.00]
  Cubo rotação    : [-0.005, +0.153, -0.010]  (roll/pitch/yaw)
  Cubo vel.linear : [-0.004, +0.011, -0.079]
────────────────────────────────────────────
 Ep  1 | Step  42
────────────────────────────────────────────
  Task            : OBJECT_DELIVERY_SEQUENCE
  Action          : [+0.000, +0.000, -0.150, -1.000]
  EE posição      : [+0.150, -0.000, +0.149]
  EE velocidade   : [-0.004, -0.000, -0.079]
  Garra           : 0.039 m  (AGARRADA)  contatos=2
  Cubo posição    : [+0.154, +0.013, +0.144]
  Target (target): [+0.150, +0.000, +0.020]
  Dist EE→Cubo    : 0.0143 m
  Dist Cubo→target: 0.1246 m
  Reward          : -0.1246
  Sucesso         : False
  Obstáculo caminho: nao  (count: 0)
  Objeto [object_1]: tipo=box  massa=1.0 kg  tamanho=[0.04, 0.04, 0.04]
  Target goal     : {'type': 'goal_sequence', 'targets': [{'name': 'target', 'position': [0.15000000596046448, 0.0, 0.019999999552965164]}], 'mode': 'goal_sequence'}
  Mesa            : 1.1x0.7x0.4 m  offset_x=-0.3
  Robô config     : control=ee  block_gripper=False  base=[-0.6, 0.0, 0.05]
  Scripts         : ['script_1', 'reach_only', 'left_right']
  Juntas ângulos  : [+0.00, +0.83, -0.00, -1.27, +0.00, +2.10, +0.79]
  Juntas veloc.   : [-0.00, +0.11, -0.00, -0.01, +0.00, +0.10, -0.00]
  Cubo rotação    : [-0.006, +0.153, -0.011]  (roll/pitch/yaw)
  Cubo vel.linear : [-0.004, +0.011, -0.079]
────────────────────────────────────────────
 Ep  1 | Step  43
────────────────────────────────────────────
  Task            : OBJECT_DELIVERY_SEQUENCE
  Action          : [+0.000, +0.000, -0.150, -1.000]
  EE posição      : [+0.150, -0.000, +0.142]
  EE velocidade   : [-0.005, -0.000, -0.081]
  Garra           : 0.039 m  (AGARRADA)  contatos=2
  Cubo posição    : [+0.154, +0.013, +0.136]
  Target (target): [+0.150, +0.000, +0.020]
  Dist EE→Cubo    : 0.0148 m
  Dist Cubo→target: 0.1169 m
  Reward          : -0.1169
  Sucesso         : False
  Obstáculo caminho: nao  (count: 0)
  Objeto [object_1]: tipo=box  massa=1.0 kg  tamanho=[0.04, 0.04, 0.04]
  Target goal     : {'type': 'goal_sequence', 'targets': [{'name': 'target', 'position': [0.15000000596046448, 0.0, 0.019999999552965164]}], 'mode': 'goal_sequence'}
  Mesa            : 1.1x0.7x0.4 m  offset_x=-0.3
  Robô config     : control=ee  block_gripper=False  base=[-0.6, 0.0, 0.05]
  Scripts         : ['script_1', 'reach_only', 'left_right']
  Juntas ângulos  : [+0.00, +0.85, -0.00, -1.27, +0.00, +2.11, +0.79]
  Juntas veloc.   : [-0.00, +0.11, -0.00, -0.01, +0.00, +0.10, -0.00]
  Cubo rotação    : [-0.006, +0.153, -0.011]  (roll/pitch/yaw)
  Cubo vel.linear : [-0.005, +0.011, -0.081]
────────────────────────────────────────────
 Ep  1 | Step  44
────────────────────────────────────────────
  Task            : OBJECT_DELIVERY_SEQUENCE
  Action          : [+0.000, +0.000, -0.150, -1.000]
  EE posição      : [+0.150, -0.000, +0.134]
  EE velocidade   : [-0.006, -0.000, -0.082]
  Garra           : 0.039 m  (AGARRADA)  contatos=2
  Cubo posição    : [+0.154, +0.013, +0.128]
  Target (target): [+0.150, +0.000, +0.020]
  Dist EE→Cubo    : 0.0152 m
  Dist Cubo→target: 0.1092 m
  Reward          : -0.1092
  Sucesso         : False
  Obstáculo caminho: nao  (count: 0)
  Objeto [object_1]: tipo=box  massa=1.0 kg  tamanho=[0.04, 0.04, 0.04]
  Target goal     : {'type': 'goal_sequence', 'targets': [{'name': 'target', 'position': [0.15000000596046448, 0.0, 0.019999999552965164]}], 'mode': 'goal_sequence'}
  Mesa            : 1.1x0.7x0.4 m  offset_x=-0.3
  Robô config     : control=ee  block_gripper=False  base=[-0.6, 0.0, 0.05]
  Scripts         : ['script_1', 'reach_only', 'left_right']
  Juntas ângulos  : [-0.00, +0.86, -0.00, -1.27, +0.00, +2.12, +0.78]
  Juntas veloc.   : [-0.00, +0.11, -0.00, -0.01, +0.00, +0.10, -0.00]
  Cubo rotação    : [-0.007, +0.152, -0.012]  (roll/pitch/yaw)
  Cubo vel.linear : [-0.006, +0.011, -0.082]
────────────────────────────────────────────
 Ep  1 | Step  45
────────────────────────────────────────────
  Task            : OBJECT_DELIVERY_SEQUENCE
  Action          : [+0.000, +0.000, -0.150, -1.000]
  EE posição      : [+0.150, -0.000, +0.126]
  EE velocidade   : [-0.007, -0.000, -0.083]
  Garra           : 0.039 m  (AGARRADA)  contatos=2
  Cubo posição    : [+0.154, +0.014, +0.121]
  Target (target): [+0.150, +0.000, +0.020]
  Dist EE→Cubo    : 0.0157 m
  Dist Cubo→target: 0.1015 m
  Reward          : -0.1015
  Sucesso         : False
  Obstáculo caminho: nao  (count: 0)
  Objeto [object_1]: tipo=box  massa=1.0 kg  tamanho=[0.04, 0.04, 0.04]
  Target goal     : {'type': 'goal_sequence', 'targets': [{'name': 'target', 'position': [0.15000000596046448, 0.0, 0.019999999552965164]}], 'mode': 'goal_sequence'}
  Mesa            : 1.1x0.7x0.4 m  offset_x=-0.3
  Robô config     : control=ee  block_gripper=False  base=[-0.6, 0.0, 0.05]
  Scripts         : ['script_1', 'reach_only', 'left_right']
  Juntas ângulos  : [-0.00, +0.87, -0.00, -1.27, +0.00, +2.14, +0.78]
  Juntas veloc.   : [-0.00, +0.12, -0.00, -0.01, +0.00, +0.09, -0.00]
  Cubo rotação    : [-0.007, +0.152, -0.011]  (roll/pitch/yaw)
  Cubo vel.linear : [-0.007, +0.011, -0.083]
────────────────────────────────────────────
 Ep  1 | Step  46
────────────────────────────────────────────
  Task            : OBJECT_DELIVERY_SEQUENCE
  Action          : [+0.000, +0.000, -0.150, -1.000]
  EE posição      : [+0.150, -0.000, +0.118]
  EE velocidade   : [-0.008, -0.000, -0.084]
  Garra           : 0.039 m  (AGARRADA)  contatos=2
  Cubo posição    : [+0.154, +0.014, +0.113]
  Target (target): [+0.150, +0.000, +0.020]
  Dist EE→Cubo    : 0.0161 m
  Dist Cubo→target: 0.0938 m
  Reward          : -0.0938
  Sucesso         : False
  Obstáculo caminho: nao  (count: 0)
  Objeto [object_1]: tipo=box  massa=1.0 kg  tamanho=[0.04, 0.04, 0.04]
  Target goal     : {'type': 'goal_sequence', 'targets': [{'name': 'target', 'position': [0.15000000596046448, 0.0, 0.019999999552965164]}], 'mode': 'goal_sequence'}
  Mesa            : 1.1x0.7x0.4 m  offset_x=-0.3
  Robô config     : control=ee  block_gripper=False  base=[-0.6, 0.0, 0.05]
  Scripts         : ['script_1', 'reach_only', 'left_right']
  Juntas ângulos  : [-0.00, +0.88, -0.00, -1.27, +0.00, +2.15, +0.78]
  Juntas veloc.   : [-0.00, +0.12, -0.00, -0.01, +0.00, +0.09, -0.00]
  Cubo rotação    : [-0.007, +0.152, -0.009]  (roll/pitch/yaw)
  Cubo vel.linear : [-0.008, +0.011, -0.084]
────────────────────────────────────────────
 Ep  1 | Step  47
────────────────────────────────────────────
  Task            : OBJECT_DELIVERY_SEQUENCE
  Action          : [+0.000, +0.000, -0.150, -1.000]
  EE posição      : [+0.150, -0.000, +0.110]
  EE velocidade   : [-0.009, -0.000, -0.085]
  Garra           : 0.039 m  (AGARRADA)  contatos=2
  Cubo posição    : [+0.153, +0.015, +0.105]
  Target (target): [+0.150, +0.000, +0.020]
  Dist EE→Cubo    : 0.0165 m
  Dist Cubo→target: 0.0862 m
  Reward          : -0.0862
  Sucesso         : False
  Obstáculo caminho: nao  (count: 0)
  Objeto [object_1]: tipo=box  massa=1.0 kg  tamanho=[0.04, 0.04, 0.04]
  Target goal     : {'type': 'goal_sequence', 'targets': [{'name': 'target', 'position': [0.15000000596046448, 0.0, 0.019999999552965164]}], 'mode': 'goal_sequence'}
  Mesa            : 1.1x0.7x0.4 m  offset_x=-0.3
  Robô config     : control=ee  block_gripper=False  base=[-0.6, 0.0, 0.05]
  Scripts         : ['script_1', 'reach_only', 'left_right']
  Juntas ângulos  : [-0.00, +0.89, -0.00, -1.27, +0.00, +2.16, +0.78]
  Juntas veloc.   : [-0.00, +0.12, -0.00, -0.01, +0.00, +0.09, -0.00]
  Cubo rotação    : [-0.007, +0.152, -0.010]  (roll/pitch/yaw)
  Cubo vel.linear : [-0.009, +0.011, -0.085]
────────────────────────────────────────────
 Ep  1 | Step  48
────────────────────────────────────────────
  Task            : OBJECT_DELIVERY_SEQUENCE
  Action          : [+0.000, +0.000, -0.150, -1.000]
  EE posição      : [+0.150, -0.000, +0.102]
  EE velocidade   : [-0.010, -0.000, -0.086]
  Garra           : 0.039 m  (AGARRADA)  contatos=2
  Cubo posição    : [+0.153, +0.015, +0.097]
  Target (target): [+0.150, +0.000, +0.020]
  Dist EE→Cubo    : 0.0170 m
  Dist Cubo→target: 0.0785 m
  Reward          : -0.0785
  Sucesso         : False
  Obstáculo caminho: nao  (count: 0)
  Objeto [object_1]: tipo=box  massa=1.0 kg  tamanho=[0.04, 0.04, 0.04]
  Target goal     : {'type': 'goal_sequence', 'targets': [{'name': 'target', 'position': [0.15000000596046448, 0.0, 0.019999999552965164]}], 'mode': 'goal_sequence'}
  Mesa            : 1.1x0.7x0.4 m  offset_x=-0.3
  Robô config     : control=ee  block_gripper=False  base=[-0.6, 0.0, 0.05]
  Scripts         : ['script_1', 'reach_only', 'left_right']
  Juntas ângulos  : [-0.00, +0.90, -0.00, -1.27, +0.00, +2.17, +0.78]
  Juntas veloc.   : [-0.00, +0.12, -0.00, -0.00, +0.00, +0.09, -0.00]
  Cubo rotação    : [-0.007, +0.152, -0.010]  (roll/pitch/yaw)
  Cubo vel.linear : [-0.010, +0.011, -0.086]
────────────────────────────────────────────
 Ep  1 | Step  49
────────────────────────────────────────────
  Task            : OBJECT_DELIVERY_SEQUENCE
  Action          : [+0.000, +0.000, -0.150, -1.000]
  EE posição      : [+0.149, -0.000, +0.095]
  EE velocidade   : [-0.011, -0.000, -0.087]
  Garra           : 0.039 m  (AGARRADA)  contatos=2
  Cubo posição    : [+0.153, +0.016, +0.089]
  Target (target): [+0.150, +0.000, +0.020]
  Dist EE→Cubo    : 0.0175 m
  Dist Cubo→target: 0.0709 m
  Reward          : -0.0709
  Sucesso         : False
  Obstáculo caminho: nao  (count: 0)
  Objeto [object_1]: tipo=box  massa=1.0 kg  tamanho=[0.04, 0.04, 0.04]
  Target goal     : {'type': 'goal_sequence', 'targets': [{'name': 'target', 'position': [0.15000000596046448, 0.0, 0.019999999552965164]}], 'mode': 'goal_sequence'}
  Mesa            : 1.1x0.7x0.4 m  offset_x=-0.3
  Robô config     : control=ee  block_gripper=False  base=[-0.6, 0.0, 0.05]
  Scripts         : ['script_1', 'reach_only', 'left_right']
  Juntas ângulos  : [-0.00, +0.91, -0.00, -1.27, +0.00, +2.18, +0.78]
  Juntas veloc.   : [-0.00, +0.12, -0.00, -0.00, +0.00, +0.09, -0.00]
  Cubo rotação    : [-0.007, +0.151, -0.010]  (roll/pitch/yaw)
  Cubo vel.linear : [-0.011, +0.011, -0.087]
────────────────────────────────────────────
 Ep  1 | Step  50
────────────────────────────────────────────
  Task            : OBJECT_DELIVERY_SEQUENCE
  Action          : [+0.000, +0.000, -0.150, -1.000]
  EE posição      : [+0.149, -0.000, +0.087]
  EE velocidade   : [-0.012, -0.000, -0.087]
  Garra           : 0.039 m  (AGARRADA)  contatos=2
  Cubo posição    : [+0.152, +0.016, +0.081]
  Target (target): [+0.150, +0.000, +0.020]
  Dist EE→Cubo    : 0.0179 m
  Dist Cubo→target: 0.0634 m
  Reward          : -0.0634
  Sucesso         : False
  Obstáculo caminho: nao  (count: 0)
  Objeto [object_1]: tipo=box  massa=1.0 kg  tamanho=[0.04, 0.04, 0.04]
  Target goal     : {'type': 'goal_sequence', 'targets': [{'name': 'target', 'position': [0.15000000596046448, 0.0, 0.019999999552965164]}], 'mode': 'goal_sequence'}
  Mesa            : 1.1x0.7x0.4 m  offset_x=-0.3
  Robô config     : control=ee  block_gripper=False  base=[-0.6, 0.0, 0.05]
  Scripts         : ['script_1', 'reach_only', 'left_right']
  Juntas ângulos  : [-0.00, +0.92, -0.00, -1.27, +0.00, +2.20, +0.78]
  Juntas veloc.   : [-0.00, +0.13, -0.00, -0.00, +0.00, +0.09, -0.00]
  Cubo rotação    : [-0.008, +0.151, -0.011]  (roll/pitch/yaw)
  Cubo vel.linear : [-0.012, +0.011, -0.087]
────────────────────────────────────────────
 Ep  1 | Step  51
────────────────────────────────────────────
  Task            : OBJECT_DELIVERY_SEQUENCE
  Action          : [+0.000, +0.000, -0.150, -1.000]
  EE posição      : [+0.148, -0.001, +0.079]
  EE velocidade   : [-0.013, -0.000, -0.087]
  Garra           : 0.039 m  (AGARRADA)  contatos=2
  Cubo posição    : [+0.152, +0.017, +0.073]
  Target (target): [+0.150, +0.000, +0.020]
  Dist EE→Cubo    : 0.0184 m
  Dist Cubo→target: 0.0559 m
  Reward          : -0.0559
  Sucesso         : False
  Obstáculo caminho: nao  (count: 0)
  Objeto [object_1]: tipo=box  massa=1.0 kg  tamanho=[0.04, 0.04, 0.04]
  Target goal     : {'type': 'goal_sequence', 'targets': [{'name': 'target', 'position': [0.15000000596046448, 0.0, 0.019999999552965164]}], 'mode': 'goal_sequence'}
  Mesa            : 1.1x0.7x0.4 m  offset_x=-0.3
  Robô config     : control=ee  block_gripper=False  base=[-0.6, 0.0, 0.05]
  Scripts         : ['script_1', 'reach_only', 'left_right']
  Juntas ângulos  : [-0.00, +0.94, -0.00, -1.27, +0.00, +2.21, +0.78]
  Juntas veloc.   : [-0.00, +0.13, -0.00, +0.00, +0.00, +0.09, -0.00]
  Cubo rotação    : [-0.008, +0.151, -0.011]  (roll/pitch/yaw)
  Cubo vel.linear : [-0.013, +0.011, -0.087]
────────────────────────────────────────────
 Ep  1 | Step  52
────────────────────────────────────────────
  Task            : OBJECT_DELIVERY_SEQUENCE
  Action          : [+0.000, +0.000, -0.150, -1.000]
  EE posição      : [+0.148, -0.001, +0.071]
  EE velocidade   : [-0.014, -0.001, -0.087]
  Garra           : 0.039 m  (AGARRADA)  contatos=2
  Cubo posição    : [+0.151, +0.017, +0.066]
  Target (target): [+0.150, +0.000, +0.020]
  Dist EE→Cubo    : 0.0189 m
  Dist Cubo→target: 0.0486 m
  Reward          : -0.0486
  Sucesso         : False
  Obstáculo caminho: nao  (count: 0)
  Objeto [object_1]: tipo=box  massa=1.0 kg  tamanho=[0.04, 0.04, 0.04]
  Target goal     : {'type': 'goal_sequence', 'targets': [{'name': 'target', 'position': [0.15000000596046448, 0.0, 0.019999999552965164]}], 'mode': 'goal_sequence'}
  Mesa            : 1.1x0.7x0.4 m  offset_x=-0.3
  Robô config     : control=ee  block_gripper=False  base=[-0.6, 0.0, 0.05]
  Scripts         : ['script_1', 'reach_only', 'left_right']
  Juntas ângulos  : [-0.00, +0.95, -0.00, -1.27, +0.00, +2.22, +0.78]
  Juntas veloc.   : [-0.00, +0.13, -0.00, +0.00, +0.00, +0.09, -0.00]
  Cubo rotação    : [-0.009, +0.151, -0.012]  (roll/pitch/yaw)
  Cubo vel.linear : [-0.014, +0.011, -0.088]
────────────────────────────────────────────
 Ep  1 | Step  53
────────────────────────────────────────────
  Task            : OBJECT_DELIVERY_SEQUENCE
  Action          : [+0.000, +0.000, -0.150, -1.000]
  EE posição      : [+0.147, -0.001, +0.063]
  EE velocidade   : [-0.015, -0.001, -0.090]
  Garra           : 0.039 m  (AGARRADA)  contatos=2
  Cubo posição    : [+0.151, +0.018, +0.058]
  Target (target): [+0.150, +0.000, +0.020]
  Dist EE→Cubo    : 0.0194 m
  Dist Cubo→target: 0.0415 m
  Reward          : -0.0415
  Sucesso         : False
  Obstáculo caminho: nao  (count: 0)
  Objeto [object_1]: tipo=box  massa=1.0 kg  tamanho=[0.04, 0.04, 0.04]
  Target goal     : {'type': 'goal_sequence', 'targets': [{'name': 'target', 'position': [0.15000000596046448, 0.0, 0.019999999552965164]}], 'mode': 'goal_sequence'}
  Mesa            : 1.1x0.7x0.4 m  offset_x=-0.3
  Robô config     : control=ee  block_gripper=False  base=[-0.6, 0.0, 0.05]
  Scripts         : ['script_1', 'reach_only', 'left_right']
  Juntas ângulos  : [-0.00, +0.96, -0.00, -1.27, +0.00, +2.23, +0.78]
  Juntas veloc.   : [-0.00, +0.13, -0.00, +0.00, +0.00, +0.09, -0.00]
  Cubo rotação    : [-0.009, +0.151, -0.012]  (roll/pitch/yaw)
  Cubo vel.linear : [-0.016, +0.011, -0.090]
────────────────────────────────────────────
 Ep  1 | Step  54
────────────────────────────────────────────
  Task            : OBJECT_DELIVERY_SEQUENCE
  Action          : [+0.000, +0.000, -0.150, -1.000]
  EE posição      : [+0.147, -0.001, +0.055]
  EE velocidade   : [-0.016, -0.001, -0.091]
  Garra           : 0.039 m  (AGARRADA)  contatos=2
  Cubo posição    : [+0.150, +0.018, +0.050]
  Target (target): [+0.150, +0.000, +0.020]
  Dist EE→Cubo    : 0.0198 m
  Dist Cubo→target: 0.0347 m
  Reward          : -0.0347
  Sucesso         : False
  Obstáculo caminho: nao  (count: 0)
  Objeto [object_1]: tipo=box  massa=1.0 kg  tamanho=[0.04, 0.04, 0.04]
  Target goal     : {'type': 'goal_sequence', 'targets': [{'name': 'target', 'position': [0.15000000596046448, 0.0, 0.019999999552965164]}], 'mode': 'goal_sequence'}
  Mesa            : 1.1x0.7x0.4 m  offset_x=-0.3
  Robô config     : control=ee  block_gripper=False  base=[-0.6, 0.0, 0.05]
  Scripts         : ['script_1', 'reach_only', 'left_right']
  Juntas ângulos  : [-0.00, +0.97, -0.00, -1.27, +0.00, +2.24, +0.78]
  Juntas veloc.   : [-0.00, +0.13, -0.00, +0.01, +0.00, +0.09, -0.00]
  Cubo rotação    : [-0.009, +0.151, -0.012]  (roll/pitch/yaw)
  Cubo vel.linear : [-0.017, +0.011, -0.091]
────────────────────────────────────────────
 Ep  1 | Step  55
────────────────────────────────────────────
  Task            : OBJECT_DELIVERY_SEQUENCE
  Action          : [+0.000, +0.000, -0.150, -1.000]
  EE posição      : [+0.146, -0.001, +0.047]
  EE velocidade   : [-0.017, -0.001, -0.091]
  Garra           : 0.039 m  (AGARRADA)  contatos=2
  Cubo posição    : [+0.149, +0.019, +0.042]
  Target (target): [+0.150, +0.000, +0.020]
  Dist EE→Cubo    : 0.0203 m
  Dist Cubo→target: 0.0286 m
  Reward          : -0.0286
  Sucesso         : False
  Obstáculo caminho: nao  (count: 0)
  Objeto [object_1]: tipo=box  massa=1.0 kg  tamanho=[0.04, 0.04, 0.04]
  Target goal     : {'type': 'goal_sequence', 'targets': [{'name': 'target', 'position': [0.15000000596046448, 0.0, 0.019999999552965164]}], 'mode': 'goal_sequence'}
  Mesa            : 1.1x0.7x0.4 m  offset_x=-0.3
  Robô config     : control=ee  block_gripper=False  base=[-0.6, 0.0, 0.05]
  Scripts         : ['script_1', 'reach_only', 'left_right']
  Juntas ângulos  : [-0.00, +0.99, -0.00, -1.27, +0.00, +2.25, +0.78]
  Juntas veloc.   : [-0.00, +0.14, -0.00, +0.01, +0.00, +0.09, -0.00]
  Cubo rotação    : [-0.009, +0.151, -0.012]  (roll/pitch/yaw)
  Cubo vel.linear : [-0.018, +0.012, -0.091]
────────────────────────────────────────────
 Ep  1 | Step  56
────────────────────────────────────────────
  Task            : OBJECT_DELIVERY_SEQUENCE
  Action          : [+0.000, +0.000, -0.136, -1.000]
  EE posição      : [+0.145, -0.001, +0.040]
  EE velocidade   : [-0.006, -0.002, -0.056]
  Garra           : 0.039 m  (AGARRADA)  contatos=2
  Cubo posição    : [+0.149, +0.019, +0.035]
  Target (target): [+0.150, +0.000, +0.020]
  Dist EE→Cubo    : 0.0209 m
  Dist Cubo→target: 0.0242 m
  Reward          : -0.0242
  Sucesso         : False
  Obstáculo caminho: nao  (count: 0)
  Objeto [object_1]: tipo=box  massa=1.0 kg  tamanho=[0.04, 0.04, 0.04]
  Target goal     : {'type': 'goal_sequence', 'targets': [{'name': 'target', 'position': [0.15000000596046448, 0.0, 0.019999999552965164]}], 'mode': 'goal_sequence'}
  Mesa            : 1.1x0.7x0.4 m  offset_x=-0.3
  Robô config     : control=ee  block_gripper=False  base=[-0.6, 0.0, 0.05]
  Scripts         : ['script_1', 'reach_only', 'left_right']
  Juntas ângulos  : [-0.00, +1.00, -0.00, -1.27, +0.00, +2.27, +0.78]
  Juntas veloc.   : [-0.00, +0.09, -0.00, +0.01, +0.00, +0.08, -0.00]
  Cubo rotação    : [-0.009, +0.150, -0.012]  (roll/pitch/yaw)
  Cubo vel.linear : [-0.006, +0.012, -0.057]
────────────────────────────────────────────
 Ep  1 | Step  57
────────────────────────────────────────────
  Task            : OBJECT_DELIVERY_SEQUENCE
  Action          : [+0.000, +0.000, -0.102, -1.000]
  EE posição      : [+0.145, -0.001, +0.036]
  EE velocidade   : [+0.001, -0.001, -0.026]
  Garra           : 0.039 m  (AGARRADA)  contatos=2
  Cubo posição    : [+0.149, +0.019, +0.031]
  Target (target): [+0.150, +0.000, +0.020]
  Dist EE→Cubo    : 0.0211 m
  Dist Cubo→target: 0.0218 m
  Reward          : -0.0218
  Sucesso         : False
  Obstáculo caminho: nao  (count: 0)
  Objeto [object_1]: tipo=box  massa=1.0 kg  tamanho=[0.04, 0.04, 0.04]
  Target goal     : {'type': 'goal_sequence', 'targets': [{'name': 'target', 'position': [0.15000000596046448, 0.0, 0.019999999552965164]}], 'mode': 'goal_sequence'}
  Mesa            : 1.1x0.7x0.4 m  offset_x=-0.3
  Robô config     : control=ee  block_gripper=False  base=[-0.6, 0.0, 0.05]
  Scripts         : ['script_1', 'reach_only', 'left_right']
  Juntas ângulos  : [-0.00, +1.00, -0.00, -1.27, +0.00, +2.27, +0.78]
  Juntas veloc.   : [-0.00, +0.04, -0.00, +0.00, +0.00, +0.06, -0.00]
  Cubo rotação    : [-0.009, +0.148, -0.011]  (roll/pitch/yaw)
  Cubo vel.linear : [+0.001, +0.001, -0.026]
────────────────────────────────────────────
 Ep  1 | Step  58
────────────────────────────────────────────
  Task            : OBJECT_DELIVERY_SEQUENCE
  Action          : [+0.000, +0.000, -0.079, -1.000]
  EE posição      : [+0.145, -0.001, +0.032]
  EE velocidade   : [-0.003, -0.000, -0.028]
  Garra           : 0.039 m  (AGARRADA)  contatos=2
  Cubo posição    : [+0.148, +0.019, +0.027]
  Target (target): [+0.150, +0.000, +0.020]
  Dist EE→Cubo    : 0.0210 m
  Dist Cubo→target: 0.0202 m
  Reward          : -0.0202
  Sucesso         : False
  Obstáculo caminho: nao  (count: 0)
  Objeto [object_1]: tipo=box  massa=1.0 kg  tamanho=[0.04, 0.04, 0.04]
  Target goal     : {'type': 'goal_sequence', 'targets': [{'name': 'target', 'position': [0.15000000596046448, 0.0, 0.019999999552965164]}], 'mode': 'goal_sequence'}
  Mesa            : 1.1x0.7x0.4 m  offset_x=-0.3
  Robô config     : control=ee  block_gripper=False  base=[-0.6, 0.0, 0.05]
  Scripts         : ['script_1', 'reach_only', 'left_right']
  Juntas ângulos  : [-0.00, +1.01, -0.00, -1.27, +0.00, +2.28, +0.78]
  Juntas veloc.   : [-0.00, +0.05, +0.00, +0.01, +0.00, +0.04, -0.00]
  Cubo rotação    : [-0.009, +0.148, -0.011]  (roll/pitch/yaw)
  Cubo vel.linear : [-0.003, -0.006, -0.028]
────────────────────────────────────────────
 Ep  1 | Step  59
────────────────────────────────────────────
  Task            : OBJECT_DELIVERY_SEQUENCE
  Action          : [+0.000, +0.000, +0.000, +1.000]
  EE posição      : [+0.145, -0.001, +0.032]
  EE velocidade   : [+0.000, +0.000, +0.000]
  Garra           : 0.075 m  (ABERTA)  contatos=1
  Cubo posição    : [+0.147, +0.018, +0.021]
  Target (target): [+0.150, +0.000, +0.020]
  Dist EE→Cubo    : 0.0224 m
  Dist Cubo→target: 0.0187 m
  Reward          : -0.0187
  Sucesso         : False
  Obstáculo caminho: nao  (count: 0)
  Objeto [object_1]: tipo=box  massa=1.0 kg  tamanho=[0.04, 0.04, 0.04]
  Target goal     : {'type': 'goal_sequence', 'targets': [{'name': 'target', 'position': [0.15000000596046448, 0.0, 0.019999999552965164]}], 'mode': 'goal_sequence'}
  Mesa            : 1.1x0.7x0.4 m  offset_x=-0.3
  Robô config     : control=ee  block_gripper=False  base=[-0.6, 0.0, 0.05]
  Scripts         : ['script_1', 'reach_only', 'left_right']
  Juntas ângulos  : [-0.00, +1.01, -0.00, -1.27, +0.00, +2.28, +0.78]
  Juntas veloc.   : [-0.00, -0.00, +0.00, -0.00, +0.00, -0.00, -0.00]
  Cubo rotação    : [-0.001, +0.082, +0.002]  (roll/pitch/yaw)
  Cubo vel.linear : [-0.139, -0.008, -0.101]
────────────────────────────────────────────
 Ep  1 | Step  60
────────────────────────────────────────────
  Task            : OBJECT_DELIVERY_SEQUENCE
  Action          : [+0.000, +0.000, +0.000, +1.000]
  EE posição      : [+0.145, -0.001, +0.032]
  EE velocidade   : [+0.000, +0.001, +0.000]
  Garra           : 0.079 m  (ABERTA)  contatos=1
  Cubo posição    : [+0.145, +0.018, +0.020]
  Target (target): [+0.150, +0.000, +0.020]
  Dist EE→Cubo    : 0.0229 m
  Dist Cubo→target: 0.0188 m
  Reward          : -0.0188
  Sucesso         : False
  Obstáculo caminho: nao  (count: 0)
  Objeto [object_1]: tipo=box  massa=1.0 kg  tamanho=[0.04, 0.04, 0.04]
  Target goal     : {'type': 'goal_sequence', 'targets': [{'name': 'target', 'position': [0.15000000596046448, 0.0, 0.019999999552965164]}], 'mode': 'goal_sequence'}
  Mesa            : 1.1x0.7x0.4 m  offset_x=-0.3
  Robô config     : control=ee  block_gripper=False  base=[-0.6, 0.0, 0.05]
  Scripts         : ['script_1', 'reach_only', 'left_right']
  Juntas ângulos  : [-0.00, +1.01, -0.00, -1.27, +0.00, +2.28, +0.78]
  Juntas veloc.   : [-0.00, +0.00, +0.00, +0.00, +0.00, +0.00, -0.00]
  Cubo rotação    : [+0.000, -0.003, +0.003]  (roll/pitch/yaw)
  Cubo vel.linear : [+0.002, -0.002, +0.002]
────────────────────────────────────────────
 Ep  1 | Step  61
────────────────────────────────────────────
  Task            : OBJECT_DELIVERY_SEQUENCE
  Action          : [+0.000, +0.000, +0.000, +1.000]
  EE posição      : [+0.145, -0.001, +0.032]
  EE velocidade   : [-0.000, +0.000, -0.000]
  Garra           : 0.080 m  (ABERTA)  contatos=1
  Cubo posição    : [+0.145, +0.018, +0.020]
  Target (target): [+0.150, +0.000, +0.020]
  Dist EE→Cubo    : 0.0228 m
  Dist Cubo→target: 0.0188 m
  Reward          : -0.0188
  Sucesso         : False
  Obstáculo caminho: nao  (count: 0)
  Objeto [object_1]: tipo=box  massa=1.0 kg  tamanho=[0.04, 0.04, 0.04]
  Target goal     : {'type': 'goal_sequence', 'targets': [{'name': 'target', 'position': [0.15000000596046448, 0.0, 0.019999999552965164]}], 'mode': 'goal_sequence'}
  Mesa            : 1.1x0.7x0.4 m  offset_x=-0.3
  Robô config     : control=ee  block_gripper=False  base=[-0.6, 0.0, 0.05]
  Scripts         : ['script_1', 'reach_only', 'left_right']
  Juntas ângulos  : [-0.00, +1.01, -0.00, -1.27, +0.00, +2.28, +0.78]
  Juntas veloc.   : [-0.00, -0.00, +0.00, -0.00, +0.00, -0.00, -0.00]
  Cubo rotação    : [+0.000, -0.001, +0.003]  (roll/pitch/yaw)
  Cubo vel.linear : [+0.000, -0.001, +0.000]
────────────────────────────────────────────
 Ep  1 | Step  62
────────────────────────────────────────────
  Task            : OBJECT_DELIVERY_SEQUENCE
  Action          : [+0.000, +0.000, +0.000, +1.000]
  EE posição      : [+0.145, -0.001, +0.032]
  EE velocidade   : [-0.000, +0.000, -0.000]
  Garra           : 0.080 m  (ABERTA)  contatos=1
  Cubo posição    : [+0.145, +0.018, +0.020]
  Target (target): [+0.150, +0.000, +0.020]
  Dist EE→Cubo    : 0.0227 m
  Dist Cubo→target: 0.0187 m
  Reward          : -0.0187
  Sucesso         : False
  Obstáculo caminho: nao  (count: 0)
  Objeto [object_1]: tipo=box  massa=1.0 kg  tamanho=[0.04, 0.04, 0.04]
  Target goal     : {'type': 'goal_sequence', 'targets': [{'name': 'target', 'position': [0.15000000596046448, 0.0, 0.019999999552965164]}], 'mode': 'goal_sequence'}
  Mesa            : 1.1x0.7x0.4 m  offset_x=-0.3
  Robô config     : control=ee  block_gripper=False  base=[-0.6, 0.0, 0.05]
  Scripts         : ['script_1', 'reach_only', 'left_right']
  Juntas ângulos  : [-0.00, +1.01, -0.00, -1.27, +0.00, +2.28, +0.78]
  Juntas veloc.   : [+0.00, -0.00, +0.00, -0.00, +0.00, -0.00, +0.00]
  Cubo rotação    : [+0.000, -0.000, +0.003]  (roll/pitch/yaw)
  Cubo vel.linear : [-0.000, -0.000, +0.000]
────────────────────────────────────────────
 Ep  1 | Step  63
────────────────────────────────────────────
  Task            : OBJECT_DELIVERY_SEQUENCE
  Action          : [+0.000, +0.000, +0.000, +1.000]
  EE posição      : [+0.145, -0.001, +0.032]
  EE velocidade   : [-0.000, +0.000, -0.000]
  Garra           : 0.080 m  (ABERTA)  contatos=1
  Cubo posição    : [+0.145, +0.018, +0.020]
  Target (target): [+0.150, +0.000, +0.020]
  Dist EE→Cubo    : 0.0227 m
  Dist Cubo→target: 0.0187 m
  Reward          : -0.0187
  Sucesso         : False
  Obstáculo caminho: nao  (count: 0)
  Objeto [object_1]: tipo=box  massa=1.0 kg  tamanho=[0.04, 0.04, 0.04]
  Target goal     : {'type': 'goal_sequence', 'targets': [{'name': 'target', 'position': [0.15000000596046448, 0.0, 0.019999999552965164]}], 'mode': 'goal_sequence'}
  Mesa            : 1.1x0.7x0.4 m  offset_x=-0.3
  Robô config     : control=ee  block_gripper=False  base=[-0.6, 0.0, 0.05]
  Scripts         : ['script_1', 'reach_only', 'left_right']
  Juntas ângulos  : [-0.00, +1.01, -0.00, -1.27, +0.00, +2.28, +0.78]
  Juntas veloc.   : [+0.00, -0.00, +0.00, -0.00, -0.00, -0.00, +0.00]
  Cubo rotação    : [+0.000, -0.000, +0.003]  (roll/pitch/yaw)
  Cubo vel.linear : [-0.000, -0.000, -0.000]
────────────────────────────────────────────
 Ep  1 | Step  64
────────────────────────────────────────────
  Task            : OBJECT_DELIVERY_SEQUENCE
  Action          : [+0.000, +0.000, +0.000, +0.000]
  EE posição      : [+0.145, -0.001, +0.032]
  EE velocidade   : [-0.000, +0.000, -0.000]
  Garra           : 0.080 m  (ABERTA)  contatos=1
  Cubo posição    : [+0.145, +0.018, +0.020]
  Target (target): [+0.150, +0.000, +0.020]
  Dist EE→Cubo    : 0.0227 m
  Dist Cubo→target: 0.0187 m
  Reward          : -0.0187
  Sucesso         : True
  Obstáculo caminho: nao  (count: 0)
  Objeto [object_1]: tipo=box  massa=1.0 kg  tamanho=[0.04, 0.04, 0.04]
  Target goal     : {'type': 'goal_sequence', 'targets': [{'name': 'target', 'position': [0.15000000596046448, 0.0, 0.019999999552965164]}], 'mode': 'goal_sequence'}
  Mesa            : 1.1x0.7x0.4 m  offset_x=-0.3
  Robô config     : control=ee  block_gripper=False  base=[-0.6, 0.0, 0.05]
  Scripts         : ['script_1', 'reach_only', 'left_right']
  Juntas ângulos  : [-0.00, +1.01, -0.00, -1.27, +0.00, +2.28, +0.78]
  Juntas veloc.   : [+0.00, -0.00, +0.00, -0.00, -0.00, +0.00, +0.00]
  Cubo rotação    : [+0.000, -0.000, +0.003]  (roll/pitch/yaw)
  Cubo vel.linear : [-0.000, -0.000, -0.000]
