[Trace] Gravando em: C:\Users\lucas_alves\Workspace\self-adaptive-arm-simulator\3-dejavu\traces\trace_20260808_134628.log
[DejaVu] Aguardando new_perception do Manager...
════════════════════════════════════════════════════════════════════════
[ep=1  step=0001]  subtask=APPROACH_OBJECT
────────────────────────────────────────────────────────────────────────
Parâmetros SM:
  task_started=1    object_available=1    gripper_width_cm=7
  dist_ee_obj=31      grasp_completed=0    finger_contacts=0
  grasp_attempts=0    lift_height_cm=0       dist_obj_goal=40
  task_aborted=0

State Machine:
  INIT ──[task_started == 1]──► PHI_1   ✓
  PHI_1 ──[object_available >= 1 and gripper_width_cm >= 6]──► S2   ✓
  Estado ativo: S2   SAT: None
════════════════════════════════════════════════════════════════════════
[ep=1  step=0002]  subtask=APPROACH_OBJECT
────────────────────────────────────────────────────────────────────────
Parâmetros SM:
  task_started=1    object_available=1    gripper_width_cm=7
  dist_ee_obj=28      grasp_completed=0    finger_contacts=0
  grasp_attempts=0    lift_height_cm=0       dist_obj_goal=40
  task_aborted=0

State Machine:
  (sem transições neste tick)
  Estado ativo: S2   SAT: None
════════════════════════════════════════════════════════════════════════
[ep=1  step=0003]  subtask=APPROACH_OBJECT
────────────────────────────────────────────────────────────────────────
Parâmetros SM:
  task_started=1    object_available=1    gripper_width_cm=7
  dist_ee_obj=25      grasp_completed=0    finger_contacts=0
  grasp_attempts=0    lift_height_cm=0       dist_obj_goal=40
  task_aborted=0

State Machine:
  (sem transições neste tick)
  Estado ativo: S2   SAT: None
════════════════════════════════════════════════════════════════════════
[ep=1  step=0004]  subtask=APPROACH_OBJECT
────────────────────────────────────────────────────────────────────────
Parâmetros SM:
  task_started=1    object_available=1    gripper_width_cm=7
  dist_ee_obj=21      grasp_completed=0    finger_contacts=0
  grasp_attempts=0    lift_height_cm=0       dist_obj_goal=40
  task_aborted=0

State Machine:
  (sem transições neste tick)
  Estado ativo: S2   SAT: None
════════════════════════════════════════════════════════════════════════
[ep=1  step=0005]  subtask=APPROACH_OBJECT
────────────────────────────────────────────────────────────────────────
Parâmetros SM:
  task_started=1    object_available=1    gripper_width_cm=7
  dist_ee_obj=19      grasp_completed=0    finger_contacts=0
  grasp_attempts=0    lift_height_cm=0       dist_obj_goal=40
  task_aborted=0

State Machine:
  (sem transições neste tick)
  Estado ativo: S2   SAT: None
════════════════════════════════════════════════════════════════════════
[ep=1  step=0006]  subtask=APPROACH_OBJECT
────────────────────────────────────────────────────────────────────────
Parâmetros SM:
  task_started=1    object_available=1    gripper_width_cm=7
  dist_ee_obj=16      grasp_completed=0    finger_contacts=0
  grasp_attempts=0    lift_height_cm=0       dist_obj_goal=40
  task_aborted=0

State Machine:
  (sem transições neste tick)
  Estado ativo: S2   SAT: None
════════════════════════════════════════════════════════════════════════
[ep=1  step=0007]  subtask=APPROACH_OBJECT
────────────────────────────────────────────────────────────────────────
Parâmetros SM:
  task_started=1    object_available=1    gripper_width_cm=7
  dist_ee_obj=13      grasp_completed=0    finger_contacts=0
  grasp_attempts=0    lift_height_cm=0       dist_obj_goal=40
  task_aborted=0

State Machine:
  (sem transições neste tick)
  Estado ativo: S2   SAT: None
════════════════════════════════════════════════════════════════════════
[ep=1  step=0008]  subtask=APPROACH_OBJECT
────────────────────────────────────────────────────────────────────────
Parâmetros SM:
  task_started=1    object_available=1    gripper_width_cm=7
  dist_ee_obj=12      grasp_completed=0    finger_contacts=0
  grasp_attempts=0    lift_height_cm=0       dist_obj_goal=40
  task_aborted=0

State Machine:
  (sem transições neste tick)
  Estado ativo: S2   SAT: None
════════════════════════════════════════════════════════════════════════
[ep=1  step=0009]  subtask=APPROACH_OBJECT
────────────────────────────────────────────────────────────────────────
Parâmetros SM:
  task_started=1    object_available=1    gripper_width_cm=7
  dist_ee_obj=12      grasp_completed=0    finger_contacts=0
  grasp_attempts=0    lift_height_cm=0       dist_obj_goal=40
  task_aborted=0

State Machine:
  (sem transições neste tick)
  Estado ativo: S2   SAT: None
════════════════════════════════════════════════════════════════════════
[ep=1  step=0010]  subtask=APPROACH_OBJECT
────────────────────────────────────────────────────────────────────────
Parâmetros SM:
  task_started=1    object_available=1    gripper_width_cm=7
  dist_ee_obj=10      grasp_completed=0    finger_contacts=0
  grasp_attempts=0    lift_height_cm=0       dist_obj_goal=40
  task_aborted=0

State Machine:
  (sem transições neste tick)
  Estado ativo: S2   SAT: None
════════════════════════════════════════════════════════════════════════
[ep=1  step=0011]  subtask=APPROACH_OBJECT
────────────────────────────────────────────────────────────────────────
Parâmetros SM:
  task_started=1    object_available=1    gripper_width_cm=7
  dist_ee_obj=7       grasp_completed=0    finger_contacts=0
  grasp_attempts=0    lift_height_cm=0       dist_obj_goal=40
  task_aborted=0

State Machine:
  (sem transições neste tick)
  Estado ativo: S2   SAT: None
════════════════════════════════════════════════════════════════════════
[ep=1  step=0012]  subtask=APPROACH_OBJECT
────────────────────────────────────────────────────────────────────────
Parâmetros SM:
  task_started=1    object_available=1    gripper_width_cm=7
  dist_ee_obj=3       grasp_completed=0    finger_contacts=0
  grasp_attempts=0    lift_height_cm=0       dist_obj_goal=40
  task_aborted=0

State Machine:
  (sem transições neste tick)
  Estado ativo: S2   SAT: None
════════════════════════════════════════════════════════════════════════
[ep=1  step=0013]  subtask=GRASP_OBJECT
────────────────────────────────────────────────────────────────────────
Parâmetros SM:
  task_started=1    object_available=1    gripper_width_cm=7
  dist_ee_obj=0       grasp_completed=0    finger_contacts=0
  grasp_attempts=0    lift_height_cm=0       dist_obj_goal=40
  task_aborted=0

State Machine:
  ação → approach_object() (APPROACH_OBJECT)  [nova neste tick]
  S2 ──[approach_object() (APPROACH_OBJECT)]──► PHI_3   ✓
  PHI_3 ──[distance_ee_object_cm <= 2]──► S4   ✓
  S4 ──[gripper_width_cm >= 6 and distance_ee_object_cm <= 2]──► PHI_5   ✓
  PHI_5 ──[gripper_width_cm >= 6]──► S6   ✓
  Estado ativo: S6   SAT: True
