[Trace] Gravando em: C:\Users\lucas_alves\Workspace\self-adaptive-arm-simulator\3-dejavu\traces\trace_20260808_124623.log
[DejaVu] Aguardando new_perception do Manager...
════════════════════════════════════════════════════════════════════════
[ep=1  step=0001]  subtask=APPROACH_OBJECT
────────────────────────────────────────────────────────────────────────
Parâmetros SM:
  task_started=1    object_available=1    gripper_width_cm=7
  dist_ee_obj=31      grasp_completed=0    finger_contacts=0
  grasp_attempts=0    lift_height_cm=0       dist_obj_goal=40
  task_aborted=0

State Machine:
  INIT ──[task_started == 1]──► PHI_1   ✓
  PHI_1 ──[object_available >= 1 and gripper_width_cm >= 6]──► S2   ✓
  Estado ativo: S2   SAT: None
════════════════════════════════════════════════════════════════════════
[ep=1  step=0002]  subtask=APPROACH_OBJECT
────────────────────────────────────────────────────────────────────────
Parâmetros SM:
  task_started=1    object_available=1    gripper_width_cm=7
  dist_ee_obj=28      grasp_completed=0    finger_contacts=0
  grasp_attempts=0    lift_height_cm=0       dist_obj_goal=40
  task_aborted=0

State Machine:
  (sem transições neste tick)
  Estado ativo: S2   SAT: None
════════════════════════════════════════════════════════════════════════
[ep=1  step=0003]  subtask=APPROACH_OBJECT
────────────────────────────────────────────────────────────────────────
Parâmetros SM:
  task_started=1    object_available=1    gripper_width_cm=7
  dist_ee_obj=25      grasp_completed=0    finger_contacts=0
  grasp_attempts=0    lift_height_cm=0       dist_obj_goal=40
  task_aborted=0

State Machine:
  (sem transições neste tick)
  Estado ativo: S2   SAT: None
════════════════════════════════════════════════════════════════════════
[ep=1  step=0004]  subtask=APPROACH_OBJECT
────────────────────────────────────────────────────────────────────────
Parâmetros SM:
  task_started=1    object_available=1    gripper_width_cm=7
  dist_ee_obj=21      grasp_completed=0    finger_contacts=0
  grasp_attempts=0    lift_height_cm=0       dist_obj_goal=40
  task_aborted=0

State Machine:
  (sem transições neste tick)
  Estado ativo: S2   SAT: None
════════════════════════════════════════════════════════════════════════
[ep=1  step=0005]  subtask=APPROACH_OBJECT
────────────────────────────────────────────────────────────────────────
Parâmetros SM:
  task_started=1    object_available=1    gripper_width_cm=7
  dist_ee_obj=19      grasp_completed=0    finger_contacts=0
  grasp_attempts=0    lift_height_cm=0       dist_obj_goal=40
  task_aborted=0

State Machine:
  (sem transições neste tick)
  Estado ativo: S2   SAT: None
════════════════════════════════════════════════════════════════════════
[ep=1  step=0006]  subtask=APPROACH_OBJECT
────────────────────────────────────────────────────────────────────────
Parâmetros SM:
  task_started=1    object_available=1    gripper_width_cm=7
  dist_ee_obj=16      grasp_completed=0    finger_contacts=0
  grasp_attempts=0    lift_height_cm=0       dist_obj_goal=40
  task_aborted=0

State Machine:
  (sem transições neste tick)
  Estado ativo: S2   SAT: None
════════════════════════════════════════════════════════════════════════
[ep=1  step=0007]  subtask=APPROACH_OBJECT
────────────────────────────────────────────────────────────────────────
Parâmetros SM:
  task_started=1    object_available=1    gripper_width_cm=7
  dist_ee_obj=13      grasp_completed=0    finger_contacts=0
  grasp_attempts=0    lift_height_cm=0       dist_obj_goal=40
  task_aborted=0

State Machine:
  (sem transições neste tick)
  Estado ativo: S2   SAT: None
════════════════════════════════════════════════════════════════════════
[ep=1  step=0008]  subtask=APPROACH_OBJECT
────────────────────────────────────────────────────────────────────────
Parâmetros SM:
  task_started=1    object_available=1    gripper_width_cm=7
  dist_ee_obj=12      grasp_completed=0    finger_contacts=0
  grasp_attempts=0    lift_height_cm=0       dist_obj_goal=40
  task_aborted=0

State Machine:
  (sem transições neste tick)
  Estado ativo: S2   SAT: None
════════════════════════════════════════════════════════════════════════
[ep=1  step=0009]  subtask=APPROACH_OBJECT
────────────────────────────────────────────────────────────────────────
Parâmetros SM:
  task_started=1    object_available=1    gripper_width_cm=7
  dist_ee_obj=12      grasp_completed=0    finger_contacts=0
  grasp_attempts=0    lift_height_cm=0       dist_obj_goal=40
  task_aborted=0

State Machine:
  (sem transições neste tick)
  Estado ativo: S2   SAT: None
════════════════════════════════════════════════════════════════════════
[ep=1  step=0010]  subtask=APPROACH_OBJECT
────────────────────────────────────────────────────────────────────────
Parâmetros SM:
  task_started=1    object_available=1    gripper_width_cm=7
  dist_ee_obj=10      grasp_completed=0    finger_contacts=0
  grasp_attempts=0    lift_height_cm=0       dist_obj_goal=40
  task_aborted=0

State Machine:
  (sem transições neste tick)
  Estado ativo: S2   SAT: None
════════════════════════════════════════════════════════════════════════
[ep=1  step=0011]  subtask=APPROACH_OBJECT
────────────────────────────────────────────────────────────────────────
Parâmetros SM:
  task_started=1    object_available=1    gripper_width_cm=7
  dist_ee_obj=7       grasp_completed=0    finger_contacts=0
  grasp_attempts=0    lift_height_cm=0       dist_obj_goal=40
  task_aborted=0

State Machine:
  (sem transições neste tick)
  Estado ativo: S2   SAT: None
════════════════════════════════════════════════════════════════════════
[ep=1  step=0012]  subtask=APPROACH_OBJECT
────────────────────────────────────────────────────────────────────────
Parâmetros SM:
  task_started=1    object_available=1    gripper_width_cm=7
  dist_ee_obj=3       grasp_completed=0    finger_contacts=0
  grasp_attempts=0    lift_height_cm=0       dist_obj_goal=40
  task_aborted=0

State Machine:
  (sem transições neste tick)
  Estado ativo: S2   SAT: None
════════════════════════════════════════════════════════════════════════
[ep=1  step=0013]  subtask=GRASP_OBJECT
────────────────────────────────────────────────────────────────────────
Parâmetros SM:
  task_started=1    object_available=1    gripper_width_cm=7
  dist_ee_obj=0       grasp_completed=0    finger_contacts=0
  grasp_attempts=0    lift_height_cm=0       dist_obj_goal=40
  task_aborted=0

State Machine:
  ação → approach_object() (APPROACH_OBJECT)  [nova neste tick]
  (sem transições neste tick)
  Estado ativo: S2   SAT: None
════════════════════════════════════════════════════════════════════════
[ep=1  step=0014]  subtask=GRASP_OBJECT
────────────────────────────────────────────────────────────────────────
Parâmetros SM:
  task_started=1    object_available=1    gripper_width_cm=3
  dist_ee_obj=0       grasp_completed=1    finger_contacts=2
  grasp_attempts=1    lift_height_cm=0       dist_obj_goal=39
  task_aborted=0

State Machine:
  S2 ──[approach_object() (APPROACH_OBJECT)]──► PHI_3   ✓
  PHI_3 ──[distance_ee_object_cm <= 2]──► S4   ✓
  S4 ──[distance_ee_object_cm <= 2]──► PHI_5   ✓
  PHI_5 ──[not (gripper_width_cm >= 6)]──► ERR_5   ✗  UNSAT
  Estado ativo: ERR_5   SAT: True
════════════════════════════════════════════════════════════════════════
[ep=1  step=0015]  subtask=LIFT_OBJECT
────────────────────────────────────────────────────────────────────────
Parâmetros SM:
  task_started=1    object_available=1    gripper_width_cm=3
  dist_ee_obj=0       grasp_completed=1    finger_contacts=2
  grasp_attempts=1    lift_height_cm=0       dist_obj_goal=39
  task_aborted=0

State Machine:
  ação → close_gripper() (GRASP_OBJECT)  [nova neste tick]
  (sem transições neste tick)
  Estado ativo: ERR_5   SAT: True
════════════════════════════════════════════════════════════════════════
[ep=1  step=0016]  subtask=LIFT_OBJECT   *** CENÁRIO NÃO ANTECIPADO ***
────────────────────────────────────────────────────────────────────────
Parâmetros SM:
  task_started=1    object_available=1    gripper_width_cm=3
  dist_ee_obj=0       grasp_completed=1    finger_contacts=2
  grasp_attempts=1    lift_height_cm=1       dist_obj_goal=41
  task_aborted=0

State Machine:
  (sem transições neste tick)
  Estado ativo: ERR_5   SAT: False  *** UNSAT ***

DejaVu Pipeline:
  ┌─ DETECT ───────────────────────────────────────────────────────────────────
  │  Cenário violado   : GRASP_OBJECT
  │  Linhas capturadas : 2  (1 com SAT=False)
  └─────────────────────────────────────────────────────────────────────
  ┌─ IDENTIFY ───────────────────────────────────────────────────────────────────
  │  Nome  : GRASP_OBJECT_unanticipated
  │  Given : 
  │  When  : distance_ee_object_cm <= 2
  │  Do    : close_gripper()
  │  Then  : grasp_completed == 1 AND finger_contacts >= 2
  └─────────────────────────────────────────────────────────────────────
════════════════════════════════════════════════════════════════════════
[ep=1  step=0017]  subtask=LIFT_OBJECT   *** CENÁRIO NÃO ANTECIPADO ***
────────────────────────────────────────────────────────────────────────
Parâmetros SM:
  task_started=1    object_available=1    gripper_width_cm=3
  dist_ee_obj=0       grasp_completed=1    finger_contacts=2
  grasp_attempts=1    lift_height_cm=4       dist_obj_goal=41
  task_aborted=0

State Machine:
  (sem transições neste tick)
  Estado ativo: ERR_5   SAT: False  *** UNSAT ***
════════════════════════════════════════════════════════════════════════
[ep=1  step=0018]  subtask=LIFT_OBJECT   *** CENÁRIO NÃO ANTECIPADO ***
────────────────────────────────────────────────────────────────────────
Parâmetros SM:
  task_started=1    object_available=1    gripper_width_cm=3
  dist_ee_obj=0       grasp_completed=1    finger_contacts=2
  grasp_attempts=1    lift_height_cm=7       dist_obj_goal=40
  task_aborted=0

State Machine:
  (sem transições neste tick)
  Estado ativo: ERR_5   SAT: False  *** UNSAT ***
════════════════════════════════════════════════════════════════════════
[ep=1  step=0019]  subtask=LIFT_OBJECT   *** CENÁRIO NÃO ANTECIPADO ***
────────────────────────────────────────────────────────────────────────
Parâmetros SM:
  task_started=1    object_available=1    gripper_width_cm=3
  dist_ee_obj=0       grasp_completed=1    finger_contacts=2
  grasp_attempts=1    lift_height_cm=10      dist_obj_goal=40
  task_aborted=0

State Machine:
  (sem transições neste tick)
  Estado ativo: ERR_5   SAT: False  *** UNSAT ***
════════════════════════════════════════════════════════════════════════
[ep=1  step=0020]  subtask=LIFT_OBJECT   *** CENÁRIO NÃO ANTECIPADO ***
────────────────────────────────────────────────────────────────────────
Parâmetros SM:
  task_started=1    object_available=1    gripper_width_cm=3
  dist_ee_obj=0       grasp_completed=1    finger_contacts=2
  grasp_attempts=1    lift_height_cm=13      dist_obj_goal=40
  task_aborted=0

State Machine:
  (sem transições neste tick)
  Estado ativo: ERR_5   SAT: False  *** UNSAT ***
════════════════════════════════════════════════════════════════════════
[ep=1  step=0021]  subtask=LIFT_OBJECT   *** CENÁRIO NÃO ANTECIPADO ***
────────────────────────────────────────────────────────────────────────
Parâmetros SM:
  task_started=1    object_available=1    gripper_width_cm=3
  dist_ee_obj=0       grasp_completed=1    finger_contacts=2
  grasp_attempts=1    lift_height_cm=16      dist_obj_goal=39
  task_aborted=0

State Machine:
  (sem transições neste tick)
  Estado ativo: ERR_5   SAT: False  *** UNSAT ***
════════════════════════════════════════════════════════════════════════
[ep=1  step=0022]  subtask=TRANSPORT_OBJECT   *** CENÁRIO NÃO ANTECIPADO ***
────────────────────────────────────────────────────────────────────────
Parâmetros SM:
  task_started=1    object_available=1    gripper_width_cm=3
  dist_ee_obj=0       grasp_completed=1    finger_contacts=2
  grasp_attempts=1    lift_height_cm=15      dist_obj_goal=39
  task_aborted=0

State Machine:
  ação → lift_object() (LIFT_OBJECT)  [nova neste tick]
  (sem transições neste tick)
  Estado ativo: ERR_5   SAT: False  *** UNSAT ***
════════════════════════════════════════════════════════════════════════
[ep=1  step=0023]  subtask=TRANSPORT_OBJECT   *** CENÁRIO NÃO ANTECIPADO ***
────────────────────────────────────────────────────────────────────────
Parâmetros SM:
  task_started=1    object_available=1    gripper_width_cm=3
  dist_ee_obj=0       grasp_completed=1    finger_contacts=2
  grasp_attempts=1    lift_height_cm=12      dist_obj_goal=38
  task_aborted=0

State Machine:
  (sem transições neste tick)
  Estado ativo: ERR_5   SAT: False  *** UNSAT ***
════════════════════════════════════════════════════════════════════════
[ep=1  step=0024]  subtask=TRANSPORT_OBJECT   *** CENÁRIO NÃO ANTECIPADO ***
────────────────────────────────────────────────────────────────────────
Parâmetros SM:
  task_started=1    object_available=1    gripper_width_cm=3
  dist_ee_obj=0       grasp_completed=1    finger_contacts=2
  grasp_attempts=1    lift_height_cm=12      dist_obj_goal=35
  task_aborted=0

State Machine:
  (sem transições neste tick)
  Estado ativo: ERR_5   SAT: False  *** UNSAT ***
