[Trace] Gravando em: C:\Users\lucas_alves\Workspace\self-adaptive-arm-simulator\3-dejavu\traces\trace_20260809_225825.log
[DejaVu] Aguardando new_perception do Manager...
════════════════════════════════════════════════════════════════════════
[ep=1  step=0001]  subtask=APPROACH_OBJECT
────────────────────────────────────────────────────────────────────────
Parâmetros SM:
  task_started=1    object_available=1    gripper_width_cm=7
  dist_ee_obj=28      grasp_completed=0    finger_contacts=0
  grasp_attempts=0    lift_height_cm=0       dist_obj_goal=40
  task_aborted=0

State Machine:
  INIT ──[task_started == 1]──► PHI_1   ✓
  PHI_1 ──[object_available >= 1 and gripper_width_cm >= 6]──► S2   ✓
  Estado ativo: S2   SAT: None
════════════════════════════════════════════════════════════════════════
[ep=1  step=0002]  subtask=APPROACH_OBJECT
────────────────────────────────────────────────────────────────────────
Parâmetros SM:
  task_started=1    object_available=1    gripper_width_cm=7
  dist_ee_obj=25      grasp_completed=0    finger_contacts=0
  grasp_attempts=0    lift_height_cm=0       dist_obj_goal=40
  task_aborted=0

State Machine:
  (sem transições neste tick)
  Estado ativo: S2   SAT: None
════════════════════════════════════════════════════════════════════════
[ep=1  step=0003]  subtask=APPROACH_OBJECT
────────────────────────────────────────────────────────────────────────
Parâmetros SM:
  task_started=1    object_available=1    gripper_width_cm=7
  dist_ee_obj=22      grasp_completed=0    finger_contacts=0
  grasp_attempts=0    lift_height_cm=0       dist_obj_goal=40
  task_aborted=0

State Machine:
  (sem transições neste tick)
  Estado ativo: S2   SAT: None
════════════════════════════════════════════════════════════════════════
[ep=1  step=0004]  subtask=APPROACH_OBJECT
────────────────────────────────────────────────────────────────────────
Parâmetros SM:
  task_started=1    object_available=1    gripper_width_cm=7
  dist_ee_obj=19      grasp_completed=0    finger_contacts=0
  grasp_attempts=0    lift_height_cm=0       dist_obj_goal=40
  task_aborted=0

State Machine:
  (sem transições neste tick)
  Estado ativo: S2   SAT: None
════════════════════════════════════════════════════════════════════════
[ep=1  step=0005]  subtask=APPROACH_OBJECT
────────────────────────────────────────────────────────────────────────
Parâmetros SM:
  task_started=1    object_available=1    gripper_width_cm=7
  dist_ee_obj=16      grasp_completed=0    finger_contacts=0
  grasp_attempts=0    lift_height_cm=0       dist_obj_goal=40
  task_aborted=0

State Machine:
  (sem transições neste tick)
  Estado ativo: S2   SAT: None
════════════════════════════════════════════════════════════════════════
[ep=1  step=0006]  subtask=APPROACH_OBJECT
────────────────────────────────────────────────────────────────────────
Parâmetros SM:
  task_started=1    object_available=1    gripper_width_cm=7
  dist_ee_obj=13      grasp_completed=0    finger_contacts=0
  grasp_attempts=0    lift_height_cm=0       dist_obj_goal=40
  task_aborted=0

State Machine:
  (sem transições neste tick)
  Estado ativo: S2   SAT: None
════════════════════════════════════════════════════════════════════════
[ep=1  step=0007]  subtask=APPROACH_OBJECT
────────────────────────────────────────────────────────────────────────
Parâmetros SM:
  task_started=1    object_available=1    gripper_width_cm=7
  dist_ee_obj=11      grasp_completed=0    finger_contacts=0
  grasp_attempts=0    lift_height_cm=0       dist_obj_goal=40
  task_aborted=0

State Machine:
  (sem transições neste tick)
  Estado ativo: S2   SAT: None
════════════════════════════════════════════════════════════════════════
[ep=1  step=0008]  subtask=APPROACH_OBJECT
────────────────────────────────────────────────────────────────────────
Parâmetros SM:
  task_started=1    object_available=1    gripper_width_cm=7
  dist_ee_obj=9       grasp_completed=0    finger_contacts=0
  grasp_attempts=0    lift_height_cm=0       dist_obj_goal=40
  task_aborted=0

State Machine:
  (sem transições neste tick)
  Estado ativo: S2   SAT: None
════════════════════════════════════════════════════════════════════════
[ep=1  step=0009]  subtask=APPROACH_OBJECT
────────────────────────────────────────────────────────────────────────
Parâmetros SM:
  task_started=1    object_available=1    gripper_width_cm=7
  dist_ee_obj=9       grasp_completed=0    finger_contacts=0
  grasp_attempts=0    lift_height_cm=0       dist_obj_goal=40
  task_aborted=0

State Machine:
  (sem transições neste tick)
  Estado ativo: S2   SAT: None
════════════════════════════════════════════════════════════════════════
[ep=1  step=0010]  subtask=APPROACH_OBJECT
────────────────────────────────────────────────────────────────────────
Parâmetros SM:
  task_started=1    object_available=1    gripper_width_cm=7
  dist_ee_obj=8       grasp_completed=0    finger_contacts=0
  grasp_attempts=0    lift_height_cm=0       dist_obj_goal=40
  task_aborted=0

State Machine:
  (sem transições neste tick)
  Estado ativo: S2   SAT: None
════════════════════════════════════════════════════════════════════════
[ep=1  step=0011]  subtask=APPROACH_OBJECT
────────────────────────────────────────────────────────────────────────
Parâmetros SM:
  task_started=1    object_available=1    gripper_width_cm=7
  dist_ee_obj=4       grasp_completed=0    finger_contacts=0
  grasp_attempts=0    lift_height_cm=0       dist_obj_goal=40
  task_aborted=0

State Machine:
  (sem transições neste tick)
  Estado ativo: S2   SAT: None
════════════════════════════════════════════════════════════════════════
[ep=1  step=0012]  subtask=APPROACH_OBJECT
────────────────────────────────────────────────────────────────────────
Parâmetros SM:
  task_started=1    object_available=1    gripper_width_cm=7
  dist_ee_obj=1       grasp_completed=0    finger_contacts=0
  grasp_attempts=0    lift_height_cm=0       dist_obj_goal=40
  task_aborted=0

State Machine:
  (sem transições neste tick)
  Estado ativo: S2   SAT: None
════════════════════════════════════════════════════════════════════════
[ep=1  step=0013]  subtask=APPROACH_OBJECT
────────────────────────────────────────────────────────────────────────
Parâmetros SM:
  task_started=1    object_available=1    gripper_width_cm=7
  dist_ee_obj=0       grasp_completed=0    finger_contacts=0
  grasp_attempts=0    lift_height_cm=0       dist_obj_goal=40
  task_aborted=0

State Machine:
  (sem transições neste tick)
  Estado ativo: S2   SAT: None
════════════════════════════════════════════════════════════════════════
[ep=1  step=0014]  subtask=GRASP_OBJECT
────────────────────────────────────────────────────────────────────────
Parâmetros SM:
  task_started=1    object_available=1    gripper_width_cm=3
  dist_ee_obj=0       grasp_completed=1    finger_contacts=2
  grasp_attempts=1    lift_height_cm=0       dist_obj_goal=39
  task_aborted=0

State Machine:
  ação → approach_object() (APPROACH_OBJECT)  [nova neste tick]
  S2 ──[approach_object() (APPROACH_OBJECT)]──► PHI_3   ✓
  PHI_3 ──[distance_ee_object_cm <= 0]──► S4   ✓
  Estado ativo: S4   SAT: True
════════════════════════════════════════════════════════════════════════
[ep=1  step=0015]  subtask=GRASP_OBJECT
────────────────────────────────────────────────────────────────────────
Parâmetros SM:
  task_started=1    object_available=1    gripper_width_cm=3
  dist_ee_obj=0       grasp_completed=1    finger_contacts=2
  grasp_attempts=1    lift_height_cm=0       dist_obj_goal=39
  task_aborted=0

State Machine:
  (sem transições neste tick)
  Estado ativo: S4   SAT: True
════════════════════════════════════════════════════════════════════════
[ep=1  step=0016]  subtask=LIFT_OBJECT   *** CENÁRIO NÃO ANTECIPADO ***
────────────────────────────────────────────────────────────────────────
Parâmetros SM:
  task_started=1    object_available=1    gripper_width_cm=3
  dist_ee_obj=0       grasp_completed=1    finger_contacts=2
  grasp_attempts=1    lift_height_cm=1       dist_obj_goal=41
  task_aborted=0

State Machine:
  ação → close_gripper() (GRASP_OBJECT)  [nova neste tick]
  (sem transições neste tick)
  Estado ativo: S4   SAT: False  *** UNSAT ***

DejaVu Pipeline:
  ┌─ DETECT ───────────────────────────────────────────────────────────────────
  │  Cenário violado   : GRASP_OBJECT
  │  Linhas capturadas : 1  (1 com SAT=False)
  └─────────────────────────────────────────────────────────────────────
  [PIPELINE] Erro: index 1 is out of bounds for axis 0 with size 1
════════════════════════════════════════════════════════════════════════
[ep=1  step=0017]  subtask=LIFT_OBJECT   *** CENÁRIO NÃO ANTECIPADO ***
────────────────────────────────────────────────────────────────────────
Parâmetros SM:
  task_started=1    object_available=1    gripper_width_cm=3
  dist_ee_obj=0       grasp_completed=1    finger_contacts=2
  grasp_attempts=1    lift_height_cm=4       dist_obj_goal=41
  task_aborted=0

State Machine:
  (sem transições neste tick)
  Estado ativo: S4   SAT: False  *** UNSAT ***

DejaVu Pipeline:
  ┌─ DETECT ───────────────────────────────────────────────────────────────────
  │  Cenário violado   : GRASP_OBJECT
  │  Linhas capturadas : 2  (1 com SAT=False)
  └─────────────────────────────────────────────────────────────────────
  ┌─ IDENTIFY ───────────────────────────────────────────────────────────────────
  │  Nome  : GRASP_OBJECT_unanticipated
  │  Given : 
  │  When  : distance_ee_object_cm <= 0
  │  Do    : close_gripper()
  │  Then  : grasp_completed == 1
  └─────────────────────────────────────────────────────────────────────
════════════════════════════════════════════════════════════════════════
[ep=1  step=0018]  subtask=LIFT_OBJECT   *** CENÁRIO NÃO ANTECIPADO ***
────────────────────────────────────────────────────────────────────────
Parâmetros SM:
  task_started=1    object_available=1    gripper_width_cm=3
  dist_ee_obj=0       grasp_completed=1    finger_contacts=2
  grasp_attempts=1    lift_height_cm=7       dist_obj_goal=40
  task_aborted=0

State Machine:
  (sem transições neste tick)
  Estado ativo: S4   SAT: False  *** UNSAT ***
════════════════════════════════════════════════════════════════════════
[ep=1  step=0019]  subtask=LIFT_OBJECT   *** CENÁRIO NÃO ANTECIPADO ***
────────────────────────────────────────────────────────────────────────
Parâmetros SM:
  task_started=1    object_available=1    gripper_width_cm=3
  dist_ee_obj=0       grasp_completed=1    finger_contacts=2
  grasp_attempts=1    lift_height_cm=10      dist_obj_goal=40
  task_aborted=0

State Machine:
  (sem transições neste tick)
  Estado ativo: S4   SAT: False  *** UNSAT ***
════════════════════════════════════════════════════════════════════════
[ep=1  step=0020]  subtask=LIFT_OBJECT   *** CENÁRIO NÃO ANTECIPADO ***
────────────────────────────────────────────────────────────────────────
Parâmetros SM:
  task_started=1    object_available=1    gripper_width_cm=3
  dist_ee_obj=0       grasp_completed=1    finger_contacts=2
  grasp_attempts=1    lift_height_cm=13      dist_obj_goal=40
  task_aborted=0

State Machine:
  (sem transições neste tick)
  Estado ativo: S4   SAT: False  *** UNSAT ***
════════════════════════════════════════════════════════════════════════
[ep=1  step=0021]  subtask=LIFT_OBJECT   *** CENÁRIO NÃO ANTECIPADO ***
────────────────────────────────────────────────────────────────────────
Parâmetros SM:
  task_started=1    object_available=1    gripper_width_cm=3
  dist_ee_obj=0       grasp_completed=1    finger_contacts=2
  grasp_attempts=1    lift_height_cm=16      dist_obj_goal=39
  task_aborted=0

State Machine:
  (sem transições neste tick)
  Estado ativo: S4   SAT: False  *** UNSAT ***
════════════════════════════════════════════════════════════════════════
[ep=1  step=0022]  subtask=LIFT_OBJECT   *** CENÁRIO NÃO ANTECIPADO ***
────────────────────────────────────────────────────────────────────────
Parâmetros SM:
  task_started=1    object_available=1    gripper_width_cm=3
  dist_ee_obj=0       grasp_completed=1    finger_contacts=2
  grasp_attempts=1    lift_height_cm=15      dist_obj_goal=39
  task_aborted=0

State Machine:
  (sem transições neste tick)
  Estado ativo: S4   SAT: False  *** UNSAT ***
════════════════════════════════════════════════════════════════════════
[ep=1  step=0023]  subtask=TRANSPORT_OBJECT   *** CENÁRIO NÃO ANTECIPADO ***
────────────────────────────────────────────────────────────────────────
Parâmetros SM:
  task_started=1    object_available=1    gripper_width_cm=3
  dist_ee_obj=0       grasp_completed=1    finger_contacts=2
  grasp_attempts=1    lift_height_cm=12      dist_obj_goal=38
  task_aborted=0

State Machine:
  ação → lift_object() (LIFT_OBJECT)  [nova neste tick]
  (sem transições neste tick)
  Estado ativo: S4   SAT: False  *** UNSAT ***
════════════════════════════════════════════════════════════════════════
[ep=1  step=0024]  subtask=TRANSPORT_OBJECT   *** CENÁRIO NÃO ANTECIPADO ***
────────────────────────────────────────────────────────────────────────
Parâmetros SM:
  task_started=1    object_available=1    gripper_width_cm=3
  dist_ee_obj=0       grasp_completed=1    finger_contacts=2
  grasp_attempts=1    lift_height_cm=12      dist_obj_goal=35
  task_aborted=0

State Machine:
  (sem transições neste tick)
  Estado ativo: S4   SAT: False  *** UNSAT ***
════════════════════════════════════════════════════════════════════════
[ep=1  step=0025]  subtask=TRANSPORT_OBJECT   *** CENÁRIO NÃO ANTECIPADO ***
────────────────────────────────────────────────────────────────────────
Parâmetros SM:
  task_started=1    object_available=1    gripper_width_cm=3
  dist_ee_obj=0       grasp_completed=1    finger_contacts=2
  grasp_attempts=1    lift_height_cm=12      dist_obj_goal=31
  task_aborted=0

State Machine:
  (sem transições neste tick)
  Estado ativo: S4   SAT: False  *** UNSAT ***
════════════════════════════════════════════════════════════════════════
[ep=1  step=0026]  subtask=TRANSPORT_OBJECT   *** CENÁRIO NÃO ANTECIPADO ***
────────────────────────────────────────────────────────────────────────
Parâmetros SM:
  task_started=1    object_available=1    gripper_width_cm=3
  dist_ee_obj=0       grasp_completed=1    finger_contacts=2
  grasp_attempts=1    lift_height_cm=13      dist_obj_goal=28
  task_aborted=0

State Machine:
  (sem transições neste tick)
  Estado ativo: S4   SAT: False  *** UNSAT ***
════════════════════════════════════════════════════════════════════════
[ep=1  step=0027]  subtask=TRANSPORT_OBJECT   *** CENÁRIO NÃO ANTECIPADO ***
────────────────────────────────────────────────────────────────────────
Parâmetros SM:
  task_started=1    object_available=1    gripper_width_cm=3
  dist_ee_obj=0       grasp_completed=1    finger_contacts=2
  grasp_attempts=1    lift_height_cm=13      dist_obj_goal=25
  task_aborted=0

State Machine:
  (sem transições neste tick)
  Estado ativo: S4   SAT: False  *** UNSAT ***
════════════════════════════════════════════════════════════════════════
[ep=1  step=0028]  subtask=TRANSPORT_OBJECT   *** CENÁRIO NÃO ANTECIPADO ***
────────────────────────────────────────────────────────────────────────
Parâmetros SM:
  task_started=1    object_available=1    gripper_width_cm=3
  dist_ee_obj=0       grasp_completed=1    finger_contacts=2
  grasp_attempts=1    lift_height_cm=13      dist_obj_goal=22
  task_aborted=0

State Machine:
  (sem transições neste tick)
  Estado ativo: S4   SAT: False  *** UNSAT ***
════════════════════════════════════════════════════════════════════════
[ep=1  step=0029]  subtask=TRANSPORT_OBJECT   *** CENÁRIO NÃO ANTECIPADO ***
────────────────────────────────────────────────────────────────────────
Parâmetros SM:
  task_started=1    object_available=1    gripper_width_cm=4
  dist_ee_obj=0       grasp_completed=1    finger_contacts=2
  grasp_attempts=1    lift_height_cm=12      dist_obj_goal=18
  task_aborted=0

State Machine:
  (sem transições neste tick)
  Estado ativo: S4   SAT: False  *** UNSAT ***
════════════════════════════════════════════════════════════════════════
[ep=1  step=0030]  subtask=TRANSPORT_OBJECT   *** CENÁRIO NÃO ANTECIPADO ***
────────────────────────────────────────────────────────────────────────
Parâmetros SM:
  task_started=1    object_available=1    gripper_width_cm=4
  dist_ee_obj=0       grasp_completed=1    finger_contacts=2
  grasp_attempts=1    lift_height_cm=12      dist_obj_goal=15
  task_aborted=0

State Machine:
  (sem transições neste tick)
  Estado ativo: S4   SAT: False  *** UNSAT ***
════════════════════════════════════════════════════════════════════════
[ep=1  step=0031]  subtask=TRANSPORT_OBJECT   *** CENÁRIO NÃO ANTECIPADO ***
────────────────────────────────────────────────────────────────────────
Parâmetros SM:
  task_started=1    object_available=1    gripper_width_cm=4
  dist_ee_obj=0       grasp_completed=1    finger_contacts=2
  grasp_attempts=1    lift_height_cm=12      dist_obj_goal=13
  task_aborted=0

State Machine:
  (sem transições neste tick)
  Estado ativo: S4   SAT: False  *** UNSAT ***
════════════════════════════════════════════════════════════════════════
[ep=1  step=0032]  subtask=TRANSPORT_OBJECT   *** CENÁRIO NÃO ANTECIPADO ***
────────────────────────────────────────────────────────────────────────
Parâmetros SM:
  task_started=1    object_available=1    gripper_width_cm=4
  dist_ee_obj=0       grasp_completed=1    finger_contacts=2
  grasp_attempts=1    lift_height_cm=12      dist_obj_goal=10
  task_aborted=0

State Machine:
  (sem transições neste tick)
  Estado ativo: S4   SAT: False  *** UNSAT ***
════════════════════════════════════════════════════════════════════════
[ep=1  step=0033]  subtask=TRANSPORT_OBJECT   *** CENÁRIO NÃO ANTECIPADO ***
────────────────────────────────────────────────────────────────────────
Parâmetros SM:
  task_started=1    object_available=1    gripper_width_cm=4
  dist_ee_obj=0       grasp_completed=1    finger_contacts=2
  grasp_attempts=1    lift_height_cm=12      dist_obj_goal=8
  task_aborted=0

State Machine:
  (sem transições neste tick)
  Estado ativo: S4   SAT: False  *** UNSAT ***
════════════════════════════════════════════════════════════════════════
[ep=1  step=0034]  subtask=TRANSPORT_OBJECT   *** CENÁRIO NÃO ANTECIPADO ***
────────────────────────────────────────────────────────────────────────
Parâmetros SM:
  task_started=1    object_available=1    gripper_width_cm=4
  dist_ee_obj=0       grasp_completed=1    finger_contacts=2
  grasp_attempts=1    lift_height_cm=13      dist_obj_goal=5
  task_aborted=0

State Machine:
  (sem transições neste tick)
  Estado ativo: S4   SAT: False  *** UNSAT ***
════════════════════════════════════════════════════════════════════════
[ep=1  step=0035]  subtask=TRANSPORT_OBJECT   *** CENÁRIO NÃO ANTECIPADO ***
────────────────────────────────────────────────────────────────────────
Parâmetros SM:
  task_started=1    object_available=1    gripper_width_cm=4
  dist_ee_obj=0       grasp_completed=1    finger_contacts=2
  grasp_attempts=1    lift_height_cm=14      dist_obj_goal=3
  task_aborted=0

State Machine:
  (sem transições neste tick)
  Estado ativo: S4   SAT: False  *** UNSAT ***
════════════════════════════════════════════════════════════════════════
[ep=1  step=0036]  subtask=TRANSPORT_OBJECT   *** CENÁRIO NÃO ANTECIPADO ***
────────────────────────────────────────────────────────────────────────
Parâmetros SM:
  task_started=1    object_available=1    gripper_width_cm=4
  dist_ee_obj=0       grasp_completed=1    finger_contacts=2
  grasp_attempts=1    lift_height_cm=15      dist_obj_goal=2
  task_aborted=0

State Machine:
  (sem transições neste tick)
  Estado ativo: S4   SAT: False  *** UNSAT ***
════════════════════════════════════════════════════════════════════════
[ep=1  step=0037]  subtask=TRANSPORT_OBJECT   *** CENÁRIO NÃO ANTECIPADO ***
────────────────────────────────────────────────────────────────────────
Parâmetros SM:
  task_started=1    object_available=1    gripper_width_cm=4
  dist_ee_obj=0       grasp_completed=1    finger_contacts=2
  grasp_attempts=1    lift_height_cm=16      dist_obj_goal=1
  task_aborted=0

State Machine:
  (sem transições neste tick)
  Estado ativo: S4   SAT: False  *** UNSAT ***
════════════════════════════════════════════════════════════════════════
[ep=1  step=0038]  subtask=TRANSPORT_OBJECT   *** CENÁRIO NÃO ANTECIPADO ***
────────────────────────────────────────────────────────────────────────
Parâmetros SM:
  task_started=1    object_available=1    gripper_width_cm=4
  dist_ee_obj=0       grasp_completed=1    finger_contacts=2
  grasp_attempts=1    lift_height_cm=16      dist_obj_goal=1
  task_aborted=0

State Machine:
  (sem transições neste tick)
  Estado ativo: S4   SAT: False  *** UNSAT ***
════════════════════════════════════════════════════════════════════════
[ep=1  step=0039]  subtask=PLACE_OBJECT   *** CENÁRIO NÃO ANTECIPADO ***
────────────────────────────────────────────────────────────────────────
Parâmetros SM:
  task_started=1    object_available=1    gripper_width_cm=4
  dist_ee_obj=0       grasp_completed=1    finger_contacts=2
  grasp_attempts=1    lift_height_cm=15      dist_obj_goal=1
  task_aborted=0

State Machine:
  ação → transport_to_goal() (TRANSPORT_OBJECT)  [nova neste tick]
  (sem transições neste tick)
  Estado ativo: S4   SAT: False  *** UNSAT ***
════════════════════════════════════════════════════════════════════════
[ep=1  step=0040]  subtask=PLACE_OBJECT   *** CENÁRIO NÃO ANTECIPADO ***
────────────────────────────────────────────────────────────────────────
Parâmetros SM:
  task_started=1    object_available=1    gripper_width_cm=4
  dist_ee_obj=0       grasp_completed=1    finger_contacts=2
  grasp_attempts=1    lift_height_cm=14      dist_obj_goal=1
  task_aborted=0

State Machine:
  (sem transições neste tick)
  Estado ativo: S4   SAT: False  *** UNSAT ***
════════════════════════════════════════════════════════════════════════
[ep=1  step=0041]  subtask=PLACE_OBJECT   *** CENÁRIO NÃO ANTECIPADO ***
────────────────────────────────────────────────────────────────────────
Parâmetros SM:
  task_started=1    object_available=1    gripper_width_cm=4
  dist_ee_obj=0       grasp_completed=1    finger_contacts=2
  grasp_attempts=1    lift_height_cm=14      dist_obj_goal=1
  task_aborted=0

State Machine:
  (sem transições neste tick)
  Estado ativo: S4   SAT: False  *** UNSAT ***
════════════════════════════════════════════════════════════════════════
[ep=1  step=0042]  subtask=PLACE_OBJECT   *** CENÁRIO NÃO ANTECIPADO ***
────────────────────────────────────────────────────────────────────────
Parâmetros SM:
  task_started=1    object_available=1    gripper_width_cm=4
  dist_ee_obj=0       grasp_completed=1    finger_contacts=2
  grasp_attempts=1    lift_height_cm=13      dist_obj_goal=1
  task_aborted=0

State Machine:
  (sem transições neste tick)
  Estado ativo: S4   SAT: False  *** UNSAT ***
════════════════════════════════════════════════════════════════════════
[ep=1  step=0043]  subtask=PLACE_OBJECT   *** CENÁRIO NÃO ANTECIPADO ***
────────────────────────────────────────────────────────────────────────
Parâmetros SM:
  task_started=1    object_available=1    gripper_width_cm=4
  dist_ee_obj=0       grasp_completed=1    finger_contacts=2
  grasp_attempts=1    lift_height_cm=12      dist_obj_goal=1
  task_aborted=0

State Machine:
  (sem transições neste tick)
  Estado ativo: S4   SAT: False  *** UNSAT ***
════════════════════════════════════════════════════════════════════════
[ep=1  step=0044]  subtask=PLACE_OBJECT   *** CENÁRIO NÃO ANTECIPADO ***
────────────────────────────────────────────────────────────────────────
Parâmetros SM:
  task_started=1    object_available=1    gripper_width_cm=4
  dist_ee_obj=0       grasp_completed=1    finger_contacts=2
  grasp_attempts=1    lift_height_cm=11      dist_obj_goal=1
  task_aborted=0

State Machine:
  (sem transições neste tick)
  Estado ativo: S4   SAT: False  *** UNSAT ***
════════════════════════════════════════════════════════════════════════
[ep=1  step=0045]  subtask=PLACE_OBJECT   *** CENÁRIO NÃO ANTECIPADO ***
────────────────────────────────────────────────────────────────────────
Parâmetros SM:
  task_started=1    object_available=1    gripper_width_cm=4
  dist_ee_obj=0       grasp_completed=1    finger_contacts=2
  grasp_attempts=1    lift_height_cm=10      dist_obj_goal=1
  task_aborted=0

State Machine:
  (sem transições neste tick)
  Estado ativo: S4   SAT: False  *** UNSAT ***
════════════════════════════════════════════════════════════════════════
[ep=1  step=0046]  subtask=PLACE_OBJECT   *** CENÁRIO NÃO ANTECIPADO ***
────────────────────────────────────────────────────────────────────────
Parâmetros SM:
  task_started=1    object_available=1    gripper_width_cm=4
  dist_ee_obj=0       grasp_completed=1    finger_contacts=2
  grasp_attempts=1    lift_height_cm=10      dist_obj_goal=1
  task_aborted=0

State Machine:
  (sem transições neste tick)
  Estado ativo: S4   SAT: False  *** UNSAT ***
════════════════════════════════════════════════════════════════════════
[ep=1  step=0047]  subtask=PLACE_OBJECT   *** CENÁRIO NÃO ANTECIPADO ***
────────────────────────────────────────────────────────────────────────
Parâmetros SM:
  task_started=1    object_available=1    gripper_width_cm=4
  dist_ee_obj=0       grasp_completed=1    finger_contacts=2
  grasp_attempts=1    lift_height_cm=9       dist_obj_goal=1
  task_aborted=0

State Machine:
  (sem transições neste tick)
  Estado ativo: S4   SAT: False  *** UNSAT ***
════════════════════════════════════════════════════════════════════════
[ep=1  step=0048]  subtask=PLACE_OBJECT   *** CENÁRIO NÃO ANTECIPADO ***
────────────────────────────────────────────────────────────────────────
Parâmetros SM:
  task_started=1    object_available=1    gripper_width_cm=4
  dist_ee_obj=0       grasp_completed=1    finger_contacts=2
  grasp_attempts=1    lift_height_cm=8       dist_obj_goal=1
  task_aborted=0

State Machine:
  (sem transições neste tick)
  Estado ativo: S4   SAT: False  *** UNSAT ***
════════════════════════════════════════════════════════════════════════
[ep=1  step=0049]  subtask=PLACE_OBJECT   *** CENÁRIO NÃO ANTECIPADO ***
────────────────────────────────────────────────────────────────────────
Parâmetros SM:
  task_started=1    object_available=1    gripper_width_cm=4
  dist_ee_obj=0       grasp_completed=1    finger_contacts=2
  grasp_attempts=1    lift_height_cm=7       dist_obj_goal=1
  task_aborted=0

State Machine:
  (sem transições neste tick)
  Estado ativo: S4   SAT: False  *** UNSAT ***
════════════════════════════════════════════════════════════════════════
[ep=1  step=0050]  subtask=PLACE_OBJECT   *** CENÁRIO NÃO ANTECIPADO ***
────────────────────────────────────────────────────────────────────────
Parâmetros SM:
  task_started=1    object_available=1    gripper_width_cm=4
  dist_ee_obj=0       grasp_completed=1    finger_contacts=2
  grasp_attempts=1    lift_height_cm=6       dist_obj_goal=1
  task_aborted=0

State Machine:
  (sem transições neste tick)
  Estado ativo: S4   SAT: False  *** UNSAT ***
════════════════════════════════════════════════════════════════════════
[ep=1  step=0051]  subtask=PLACE_OBJECT   *** CENÁRIO NÃO ANTECIPADO ***
────────────────────────────────────────────────────────────────────────
Parâmetros SM:
  task_started=1    object_available=1    gripper_width_cm=4
  dist_ee_obj=0       grasp_completed=1    finger_contacts=2
  grasp_attempts=1    lift_height_cm=6       dist_obj_goal=1
  task_aborted=0

State Machine:
  (sem transições neste tick)
  Estado ativo: S4   SAT: False  *** UNSAT ***
════════════════════════════════════════════════════════════════════════
[ep=1  step=0052]  subtask=PLACE_OBJECT   *** CENÁRIO NÃO ANTECIPADO ***
────────────────────────────────────────────────────────────────────────
Parâmetros SM:
  task_started=1    object_available=1    gripper_width_cm=4
  dist_ee_obj=0       grasp_completed=1    finger_contacts=2
  grasp_attempts=1    lift_height_cm=5       dist_obj_goal=1
  task_aborted=0

State Machine:
  (sem transições neste tick)
  Estado ativo: S4   SAT: False  *** UNSAT ***
════════════════════════════════════════════════════════════════════════
[ep=1  step=0053]  subtask=PLACE_OBJECT   *** CENÁRIO NÃO ANTECIPADO ***
────────────────────────────────────────────────────────────────────────
Parâmetros SM:
  task_started=1    object_available=1    gripper_width_cm=4
  dist_ee_obj=0       grasp_completed=1    finger_contacts=2
  grasp_attempts=1    lift_height_cm=4       dist_obj_goal=1
  task_aborted=0

State Machine:
  (sem transições neste tick)
  Estado ativo: S4   SAT: False  *** UNSAT ***
════════════════════════════════════════════════════════════════════════
[ep=1  step=0054]  subtask=PLACE_OBJECT   *** CENÁRIO NÃO ANTECIPADO ***
────────────────────────────────────────────────────────────────────────
Parâmetros SM:
  task_started=1    object_available=1    gripper_width_cm=4
  dist_ee_obj=0       grasp_completed=1    finger_contacts=2
  grasp_attempts=1    lift_height_cm=3       dist_obj_goal=1
  task_aborted=0

State Machine:
  (sem transições neste tick)
  Estado ativo: S4   SAT: False  *** UNSAT ***
════════════════════════════════════════════════════════════════════════
[ep=1  step=0055]  subtask=PLACE_OBJECT   *** CENÁRIO NÃO ANTECIPADO ***
────────────────────────────────────────────────────────────────────────
Parâmetros SM:
  task_started=1    object_available=1    gripper_width_cm=4
  dist_ee_obj=0       grasp_completed=1    finger_contacts=2
  grasp_attempts=1    lift_height_cm=3       dist_obj_goal=1
  task_aborted=0

State Machine:
  (sem transições neste tick)
  Estado ativo: S4   SAT: False  *** UNSAT ***
════════════════════════════════════════════════════════════════════════
[ep=1  step=0056]  subtask=PLACE_OBJECT   *** CENÁRIO NÃO ANTECIPADO ***
────────────────────────────────────────────────────────────────────────
Parâmetros SM:
  task_started=1    object_available=1    gripper_width_cm=4
  dist_ee_obj=0       grasp_completed=1    finger_contacts=2
  grasp_attempts=1    lift_height_cm=2       dist_obj_goal=1
  task_aborted=0

State Machine:
  (sem transições neste tick)
  Estado ativo: S4   SAT: False  *** UNSAT ***
════════════════════════════════════════════════════════════════════════
[ep=1  step=0057]  subtask=PLACE_OBJECT   *** CENÁRIO NÃO ANTECIPADO ***
────────────────────────────────────────────────────────────────────────
Parâmetros SM:
  task_started=1    object_available=1    gripper_width_cm=4
  dist_ee_obj=0       grasp_completed=1    finger_contacts=2
  grasp_attempts=1    lift_height_cm=1       dist_obj_goal=1
  task_aborted=0

State Machine:
  (sem transições neste tick)
  Estado ativo: S4   SAT: False  *** UNSAT ***
════════════════════════════════════════════════════════════════════════
[ep=1  step=0058]  subtask=PLACE_OBJECT   *** CENÁRIO NÃO ANTECIPADO ***
────────────────────────────────────────────────────────────────────────
Parâmetros SM:
  task_started=1    object_available=1    gripper_width_cm=4
  dist_ee_obj=0       grasp_completed=1    finger_contacts=2
  grasp_attempts=1    lift_height_cm=1       dist_obj_goal=1
  task_aborted=0

State Machine:
  (sem transições neste tick)
  Estado ativo: S4   SAT: False  *** UNSAT ***
════════════════════════════════════════════════════════════════════════
[ep=1  step=0059]  subtask=PLACE_OBJECT   *** CENÁRIO NÃO ANTECIPADO ***
────────────────────────────────────────────────────────────────────────
Parâmetros SM:
  task_started=1    object_available=1    gripper_width_cm=4
  dist_ee_obj=0       grasp_completed=1    finger_contacts=2
  grasp_attempts=1    lift_height_cm=1       dist_obj_goal=1
  task_aborted=0

State Machine:
  (sem transições neste tick)
  Estado ativo: S4   SAT: False  *** UNSAT ***
════════════════════════════════════════════════════════════════════════
[ep=1  step=0060]  subtask=PLACE_OBJECT   *** CENÁRIO NÃO ANTECIPADO ***
────────────────────────────────────────────────────────────────────────
Parâmetros SM:
  task_started=1    object_available=1    gripper_width_cm=4
  dist_ee_obj=0       grasp_completed=1    finger_contacts=2
  grasp_attempts=1    lift_height_cm=0       dist_obj_goal=1
  task_aborted=0

State Machine:
  (sem transições neste tick)
  Estado ativo: S4   SAT: False  *** UNSAT ***
════════════════════════════════════════════════════════════════════════
[ep=1  step=0061]  subtask=PLACE_OBJECT   *** CENÁRIO NÃO ANTECIPADO ***
────────────────────────────────────────────────────────────────────────
Parâmetros SM:
  task_started=1    object_available=1    gripper_width_cm=4
  dist_ee_obj=0       grasp_completed=1    finger_contacts=2
  grasp_attempts=1    lift_height_cm=0       dist_obj_goal=1
  task_aborted=0

State Machine:
  (sem transições neste tick)
  Estado ativo: S4   SAT: False  *** UNSAT ***
════════════════════════════════════════════════════════════════════════
[ep=1  step=0062]  subtask=PLACE_OBJECT   *** CENÁRIO NÃO ANTECIPADO ***
────────────────────────────────────────────────────────────────────────
Parâmetros SM:
  task_started=1    object_available=1    gripper_width_cm=4
  dist_ee_obj=0       grasp_completed=1    finger_contacts=2
  grasp_attempts=1    lift_height_cm=0       dist_obj_goal=1
  task_aborted=0

State Machine:
  (sem transições neste tick)
  Estado ativo: S4   SAT: False  *** UNSAT ***
════════════════════════════════════════════════════════════════════════
[ep=1  step=0063]  subtask=PLACE_OBJECT   *** CENÁRIO NÃO ANTECIPADO ***
────────────────────────────────────────────────────────────────────────
Parâmetros SM:
  task_started=1    object_available=1    gripper_width_cm=4
  dist_ee_obj=0       grasp_completed=1    finger_contacts=2
  grasp_attempts=1    lift_height_cm=0       dist_obj_goal=1
  task_aborted=0

State Machine:
  (sem transições neste tick)
  Estado ativo: S4   SAT: False  *** UNSAT ***
════════════════════════════════════════════════════════════════════════
[ep=1  step=0064]  subtask=PLACE_OBJECT   *** CENÁRIO NÃO ANTECIPADO ***
────────────────────────────────────────────────────────────────────────
Parâmetros SM:
  task_started=1    object_available=1    gripper_width_cm=7
  dist_ee_obj=0       grasp_completed=0    finger_contacts=0
  grasp_attempts=1    lift_height_cm=0       dist_obj_goal=1
  task_aborted=0

State Machine:
  S4 ──[gripper_width_cm >= 6 and distance_ee_object_cm <= 0]──► PHI_5   ✓
  PHI_5 ──[gripper_width_cm >= 6]──► S6   ✓
  Estado ativo: S6   SAT: False  *** UNSAT ***
════════════════════════════════════════════════════════════════════════
[ep=1  step=0065]  subtask=PLACE_OBJECT   *** CENÁRIO NÃO ANTECIPADO ***
────────────────────────────────────────────────────────────────────────
Parâmetros SM:
  task_started=1    object_available=1    gripper_width_cm=7
  dist_ee_obj=0       grasp_completed=0    finger_contacts=0
  grasp_attempts=1    lift_height_cm=0       dist_obj_goal=1
  task_aborted=0

State Machine:
  (sem transições neste tick)
  Estado ativo: S6   SAT: False  *** UNSAT ***
════════════════════════════════════════════════════════════════════════
[ep=1  step=0066]  subtask=PLACE_OBJECT   *** CENÁRIO NÃO ANTECIPADO ***
────────────────────────────────────────────────────────────────────────
Parâmetros SM:
  task_started=1    object_available=1    gripper_width_cm=7
  dist_ee_obj=0       grasp_completed=0    finger_contacts=0
  grasp_attempts=1    lift_height_cm=0       dist_obj_goal=1
  task_aborted=0

State Machine:
  (sem transições neste tick)
  Estado ativo: S6   SAT: False  *** UNSAT ***
════════════════════════════════════════════════════════════════════════
[ep=1  step=0067]  subtask=PLACE_OBJECT   *** CENÁRIO NÃO ANTECIPADO ***
────────────────────────────────────────────────────────────────────────
Parâmetros SM:
  task_started=1    object_available=1    gripper_width_cm=7
  dist_ee_obj=0       grasp_completed=0    finger_contacts=0
  grasp_attempts=1    lift_height_cm=0       dist_obj_goal=1
  task_aborted=0

State Machine:
  (sem transições neste tick)
  Estado ativo: S6   SAT: False  *** UNSAT ***
════════════════════════════════════════════════════════════════════════
[ep=1  step=0068]  subtask=PLACE_OBJECT   *** CENÁRIO NÃO ANTECIPADO ***
────────────────────────────────────────────────────────────────────────
Parâmetros SM:
  task_started=1    object_available=1    gripper_width_cm=7
  dist_ee_obj=0       grasp_completed=0    finger_contacts=0
  grasp_attempts=1    lift_height_cm=0       dist_obj_goal=1
  task_aborted=0

State Machine:
  (sem transições neste tick)
  Estado ativo: S6   SAT: False  *** UNSAT ***
════════════════════════════════════════════════════════════════════════
[ep=1  step=0069]  subtask=PLACE_OBJECT   *** CENÁRIO NÃO ANTECIPADO ***
────────────────────────────────────────────────────────────────────────
Parâmetros SM:
  task_started=1    object_available=1    gripper_width_cm=7
  dist_ee_obj=0       grasp_completed=0    finger_contacts=0
  grasp_attempts=1    lift_height_cm=0       dist_obj_goal=1
  task_aborted=0

State Machine:
  (sem transições neste tick)
  Estado ativo: S6   SAT: False  *** UNSAT ***
