[Trace] Gravando em: C:\Users\lucas_alves\Workspace\self-adaptive-arm-simulator\3-dejavu\traces\trace_20260808_190503.log
[DejaVu] Aguardando new_perception do Manager...
════════════════════════════════════════════════════════════════════════
[ep=1  step=0001]  subtask=APPROACH_OBJECT
────────────────────────────────────────────────────────────────────────
Parâmetros SM:
  task_started=1    object_available=1    gripper_width_cm=7
  dist_ee_obj=31      grasp_completed=0    finger_contacts=0
  grasp_attempts=0    lift_height_cm=0       dist_obj_goal=39
  task_aborted=0

State Machine:
  INIT ──[task_started == 1]──► PHI_1   ✓
  PHI_1 ──[object_available >= 1 and gripper_width_cm >= 6]──► S2   ✓
  Estado ativo: S2   SAT: None
════════════════════════════════════════════════════════════════════════
[ep=1  step=0002]  subtask=APPROACH_OBJECT
────────────────────────────────────────────────────────────────────────
Parâmetros SM:
  task_started=1    object_available=1    gripper_width_cm=7
  dist_ee_obj=28      grasp_completed=0    finger_contacts=0
  grasp_attempts=0    lift_height_cm=0       dist_obj_goal=39
  task_aborted=0

State Machine:
  (sem transições neste tick)
  Estado ativo: S2   SAT: None
════════════════════════════════════════════════════════════════════════
[ep=1  step=0003]  subtask=APPROACH_OBJECT
────────────────────────────────────────────────────────────────────────
Parâmetros SM:
  task_started=1    object_available=1    gripper_width_cm=7
  dist_ee_obj=25      grasp_completed=0    finger_contacts=0
  grasp_attempts=0    lift_height_cm=0       dist_obj_goal=39
  task_aborted=0

State Machine:
  (sem transições neste tick)
  Estado ativo: S2   SAT: None
════════════════════════════════════════════════════════════════════════
[ep=1  step=0004]  subtask=APPROACH_OBJECT
────────────────────────────────────────────────────────────────────────
Parâmetros SM:
  task_started=1    object_available=1    gripper_width_cm=7
  dist_ee_obj=21      grasp_completed=0    finger_contacts=0
  grasp_attempts=0    lift_height_cm=0       dist_obj_goal=39
  task_aborted=0

State Machine:
  (sem transições neste tick)
  Estado ativo: S2   SAT: None
════════════════════════════════════════════════════════════════════════
[ep=1  step=0005]  subtask=APPROACH_OBJECT
────────────────────────────────────────────────────────────────────────
Parâmetros SM:
  task_started=1    object_available=1    gripper_width_cm=7
  dist_ee_obj=19      grasp_completed=0    finger_contacts=0
  grasp_attempts=0    lift_height_cm=0       dist_obj_goal=40
  task_aborted=0

State Machine:
  (sem transições neste tick)
  Estado ativo: S2   SAT: None
════════════════════════════════════════════════════════════════════════
[ep=1  step=0006]  subtask=APPROACH_OBJECT
────────────────────────────────────────────────────────────────────────
Parâmetros SM:
  task_started=1    object_available=1    gripper_width_cm=7
  dist_ee_obj=16      grasp_completed=0    finger_contacts=0
  grasp_attempts=0    lift_height_cm=0       dist_obj_goal=40
  task_aborted=0

State Machine:
  (sem transições neste tick)
  Estado ativo: S2   SAT: None
════════════════════════════════════════════════════════════════════════
[ep=1  step=0007]  subtask=APPROACH_OBJECT
────────────────────────────────────────────────────────────────────────
Parâmetros SM:
  task_started=1    object_available=1    gripper_width_cm=7
  dist_ee_obj=13      grasp_completed=0    finger_contacts=0
  grasp_attempts=0    lift_height_cm=0       dist_obj_goal=40
  task_aborted=0

State Machine:
  (sem transições neste tick)
  Estado ativo: S2   SAT: None
════════════════════════════════════════════════════════════════════════
[ep=1  step=0008]  subtask=APPROACH_OBJECT
────────────────────────────────────────────────────────────────────────
Parâmetros SM:
  task_started=1    object_available=1    gripper_width_cm=7
  dist_ee_obj=12      grasp_completed=0    finger_contacts=0
  grasp_attempts=0    lift_height_cm=0       dist_obj_goal=40
  task_aborted=0

State Machine:
  (sem transições neste tick)
  Estado ativo: S2   SAT: None
════════════════════════════════════════════════════════════════════════
[ep=1  step=0009]  subtask=APPROACH_OBJECT
────────────────────────────────────────────────────────────────────────
Parâmetros SM:
  task_started=1    object_available=1    gripper_width_cm=7
  dist_ee_obj=12      grasp_completed=0    finger_contacts=0
  grasp_attempts=0    lift_height_cm=0       dist_obj_goal=40
  task_aborted=0

State Machine:
  (sem transições neste tick)
  Estado ativo: S2   SAT: None
════════════════════════════════════════════════════════════════════════
[ep=1  step=0010]  subtask=APPROACH_OBJECT
────────────────────────────────────────────────────────────────────────
Parâmetros SM:
  task_started=1    object_available=1    gripper_width_cm=7
  dist_ee_obj=10      grasp_completed=0    finger_contacts=0
  grasp_attempts=0    lift_height_cm=0       dist_obj_goal=40
  task_aborted=0

State Machine:
  (sem transições neste tick)
  Estado ativo: S2   SAT: None
════════════════════════════════════════════════════════════════════════
[ep=1  step=0011]  subtask=APPROACH_OBJECT
────────────────────────────────────────────────────────────────────────
Parâmetros SM:
  task_started=1    object_available=1    gripper_width_cm=7
  dist_ee_obj=7       grasp_completed=0    finger_contacts=0
  grasp_attempts=0    lift_height_cm=0       dist_obj_goal=40
  task_aborted=0

State Machine:
  (sem transições neste tick)
  Estado ativo: S2   SAT: None
════════════════════════════════════════════════════════════════════════
[ep=1  step=0012]  subtask=APPROACH_OBJECT
────────────────────────────────────────────────────────────────────────
Parâmetros SM:
  task_started=1    object_available=1    gripper_width_cm=7
  dist_ee_obj=3       grasp_completed=0    finger_contacts=0
  grasp_attempts=0    lift_height_cm=0       dist_obj_goal=40
  task_aborted=0

State Machine:
  (sem transições neste tick)
  Estado ativo: S2   SAT: None
════════════════════════════════════════════════════════════════════════
[ep=1  step=0013]  subtask=GRASP_OBJECT
────────────────────────────────────────────────────────────────────────
Parâmetros SM:
  task_started=1    object_available=1    gripper_width_cm=7
  dist_ee_obj=0       grasp_completed=0    finger_contacts=0
  grasp_attempts=0    lift_height_cm=0       dist_obj_goal=40
  task_aborted=0

State Machine:
  ação → approach_object() (APPROACH_OBJECT)  [nova neste tick]
  S2 ──[approach_object() (APPROACH_OBJECT)]──► PHI_3   ✓
  PHI_3 ──[distance_ee_object_cm <= 2]──► S4   ✓
  S4 ──[gripper_width_cm >= 6 and distance_ee_object_cm <= 2]──► PHI_5   ✓
  PHI_5 ──[gripper_width_cm >= 6]──► S6   ✓
  Estado ativo: S6   SAT: True
════════════════════════════════════════════════════════════════════════
[ep=1  step=0014]  subtask=GRASP_OBJECT
────────────────────────────────────────────────────────────────────────
Parâmetros SM:
  task_started=1    object_available=1    gripper_width_cm=4
  dist_ee_obj=0       grasp_completed=1    finger_contacts=1
  grasp_attempts=1    lift_height_cm=0       dist_obj_goal=39
  task_aborted=0

State Machine:
  ação → close_gripper() (GRASP_OBJECT)  [nova neste tick]
  S6 ──[close_gripper() (GRASP_OBJECT)]──► PHI_7   ✓
  PHI_7 ──[grasp_completed == 1]──► S8   ✓
  S8 ──[finger_contacts < 2 and grasp_attempts < 3 and grasp_completed == 1]──► PHI_9   ✓
  PHI_9 ──[finger_contacts < 2 and grasp_attempts < 3]──► S10   ✓
  Estado ativo: S10   SAT: True
════════════════════════════════════════════════════════════════════════
[ep=1  step=0015]  subtask=
────────────────────────────────────────────────────────────────────────
Parâmetros SM:
  task_started=1    object_available=1    gripper_width_cm=7
  dist_ee_obj=0       grasp_completed=0    finger_contacts=0
  grasp_attempts=1    lift_height_cm=0       dist_obj_goal=40
  task_aborted=0

State Machine:
  (sem transições neste tick)
  Estado ativo: S10   SAT: True
════════════════════════════════════════════════════════════════════════
[ep=1  step=0016]  subtask=
────────────────────────────────────────────────────────────────────────
Parâmetros SM:
  task_started=1    object_available=1    gripper_width_cm=7
  dist_ee_obj=2       grasp_completed=0    finger_contacts=0
  grasp_attempts=1    lift_height_cm=0       dist_obj_goal=40
  task_aborted=0

State Machine:
  (sem transições neste tick)
  Estado ativo: S10   SAT: True
════════════════════════════════════════════════════════════════════════
[ep=1  step=0017]  subtask=
────────────────────────────────────────────────────────────────────────
Parâmetros SM:
  task_started=1    object_available=1    gripper_width_cm=7
  dist_ee_obj=5       grasp_completed=0    finger_contacts=0
  grasp_attempts=1    lift_height_cm=0       dist_obj_goal=40
  task_aborted=0

State Machine:
  (sem transições neste tick)
  Estado ativo: S10   SAT: True
════════════════════════════════════════════════════════════════════════
[ep=1  step=0018]  subtask=
────────────────────────────────────────────────────────────────────────
Parâmetros SM:
  task_started=1    object_available=1    gripper_width_cm=7
  dist_ee_obj=7       grasp_completed=0    finger_contacts=0
  grasp_attempts=1    lift_height_cm=0       dist_obj_goal=40
  task_aborted=0

State Machine:
  (sem transições neste tick)
  Estado ativo: S10   SAT: True
════════════════════════════════════════════════════════════════════════
[ep=1  step=0019]  subtask=
────────────────────────────────────────────────────────────────────────
Parâmetros SM:
  task_started=1    object_available=1    gripper_width_cm=7
  dist_ee_obj=10      grasp_completed=0    finger_contacts=0
  grasp_attempts=1    lift_height_cm=0       dist_obj_goal=40
  task_aborted=0

State Machine:
  (sem transições neste tick)
  Estado ativo: S10   SAT: True
════════════════════════════════════════════════════════════════════════
[ep=1  step=0020]  subtask=
────────────────────────────────────────────────────────────────────────
Parâmetros SM:
  task_started=1    object_available=1    gripper_width_cm=7
  dist_ee_obj=13      grasp_completed=0    finger_contacts=0
  grasp_attempts=1    lift_height_cm=0       dist_obj_goal=40
  task_aborted=0

State Machine:
  (sem transições neste tick)
  Estado ativo: S10   SAT: True
════════════════════════════════════════════════════════════════════════
[ep=1  step=0021]  subtask=
────────────────────────────────────────────────────────────────────────
Parâmetros SM:
  task_started=1    object_available=1    gripper_width_cm=7
  dist_ee_obj=16      grasp_completed=0    finger_contacts=0
  grasp_attempts=1    lift_height_cm=0       dist_obj_goal=40
  task_aborted=0

State Machine:
  (sem transições neste tick)
  Estado ativo: S10   SAT: True
════════════════════════════════════════════════════════════════════════
[ep=1  step=0022]  subtask=
────────────────────────────────────────────────────────────────────────
Parâmetros SM:
  task_started=1    object_available=1    gripper_width_cm=7
  dist_ee_obj=16      grasp_completed=0    finger_contacts=0
  grasp_attempts=1    lift_height_cm=0       dist_obj_goal=40
  task_aborted=0

State Machine:
  (sem transições neste tick)
  Estado ativo: S10   SAT: True
════════════════════════════════════════════════════════════════════════
[ep=1  step=0023]  subtask=
────────────────────────────────────────────────────────────────────────
Parâmetros SM:
  task_started=1    object_available=1    gripper_width_cm=7
  dist_ee_obj=12      grasp_completed=0    finger_contacts=0
  grasp_attempts=1    lift_height_cm=0       dist_obj_goal=40
  task_aborted=0

State Machine:
  (sem transições neste tick)
  Estado ativo: S10   SAT: True
════════════════════════════════════════════════════════════════════════
[ep=1  step=0024]  subtask=
────────────────────────────────────────────────────────────────────────
Parâmetros SM:
  task_started=1    object_available=1    gripper_width_cm=7
  dist_ee_obj=8       grasp_completed=0    finger_contacts=0
  grasp_attempts=1    lift_height_cm=0       dist_obj_goal=40
  task_aborted=0

State Machine:
  (sem transições neste tick)
  Estado ativo: S10   SAT: True
════════════════════════════════════════════════════════════════════════
[ep=1  step=0025]  subtask=
────────────────────────────────────────────────────────────────────────
Parâmetros SM:
  task_started=1    object_available=1    gripper_width_cm=7
  dist_ee_obj=5       grasp_completed=0    finger_contacts=0
  grasp_attempts=1    lift_height_cm=0       dist_obj_goal=40
  task_aborted=0

State Machine:
  (sem transições neste tick)
  Estado ativo: S10   SAT: True
════════════════════════════════════════════════════════════════════════
[ep=1  step=0026]  subtask=
────────────────────────────────────────────────────────────────────────
Parâmetros SM:
  task_started=1    object_available=1    gripper_width_cm=7
  dist_ee_obj=2       grasp_completed=0    finger_contacts=0
  grasp_attempts=1    lift_height_cm=0       dist_obj_goal=40
  task_aborted=0

State Machine:
  (sem transições neste tick)
  Estado ativo: S10   SAT: True
════════════════════════════════════════════════════════════════════════
[ep=1  step=0027]  subtask=
────────────────────────────────────────────────────────────────────────
Parâmetros SM:
  task_started=1    object_available=1    gripper_width_cm=7
  dist_ee_obj=1       grasp_completed=0    finger_contacts=0
  grasp_attempts=1    lift_height_cm=0       dist_obj_goal=40
  task_aborted=0

State Machine:
  (sem transições neste tick)
  Estado ativo: S10   SAT: True
════════════════════════════════════════════════════════════════════════
[ep=1  step=0028]  subtask=
────────────────────────────────────────────────────────────────────────
Parâmetros SM:
  task_started=1    object_available=1    gripper_width_cm=4
  dist_ee_obj=2       grasp_completed=1    finger_contacts=1
  grasp_attempts=2    lift_height_cm=0       dist_obj_goal=40
  task_aborted=0

State Machine:
  ação → retry_grasp() (RETRY_GRASP)  [nova neste tick]
  S10 ──[retry_grasp() (RETRY_GRASP)]──► PHI_11   ✓
  PHI_11 ──[grasp_completed == 1]──► S12   ✓
  S12 ──[finger_contacts < 2 and grasp_attempts < 3 and grasp_completed == 1]──► PHI_9   ✓
  PHI_9 ──[finger_contacts < 2 and grasp_attempts < 3]──► S10   ✓
  Estado ativo: S10   SAT: True
════════════════════════════════════════════════════════════════════════
[ep=1  step=0029]  subtask=
────────────────────────────────────────────────────────────────────────
Parâmetros SM:
  task_started=1    object_available=1    gripper_width_cm=7
  dist_ee_obj=2       grasp_completed=0    finger_contacts=0
  grasp_attempts=2    lift_height_cm=0       dist_obj_goal=39
  task_aborted=0

State Machine:
  (sem transições neste tick)
  Estado ativo: S10   SAT: True
════════════════════════════════════════════════════════════════════════
[ep=1  step=0030]  subtask=
────────────────────────────────────────────────────────────────────────
Parâmetros SM:
  task_started=1    object_available=1    gripper_width_cm=7
  dist_ee_obj=3       grasp_completed=0    finger_contacts=0
  grasp_attempts=2    lift_height_cm=0       dist_obj_goal=39
  task_aborted=0

State Machine:
  (sem transições neste tick)
  Estado ativo: S10   SAT: True
════════════════════════════════════════════════════════════════════════
[ep=1  step=0031]  subtask=
────────────────────────────────────────────────────────────────────────
Parâmetros SM:
  task_started=1    object_available=1    gripper_width_cm=7
  dist_ee_obj=6       grasp_completed=0    finger_contacts=0
  grasp_attempts=2    lift_height_cm=0       dist_obj_goal=39
  task_aborted=0

State Machine:
  (sem transições neste tick)
  Estado ativo: S10   SAT: True
════════════════════════════════════════════════════════════════════════
[ep=1  step=0032]  subtask=
────────────────────────────────────────────────────────────────────────
Parâmetros SM:
  task_started=1    object_available=1    gripper_width_cm=7
  dist_ee_obj=9       grasp_completed=0    finger_contacts=0
  grasp_attempts=2    lift_height_cm=0       dist_obj_goal=39
  task_aborted=0

State Machine:
  (sem transições neste tick)
  Estado ativo: S10   SAT: True
════════════════════════════════════════════════════════════════════════
[ep=1  step=0033]  subtask=
────────────────────────────────────────────────────────────────────────
Parâmetros SM:
  task_started=1    object_available=1    gripper_width_cm=7
  dist_ee_obj=12      grasp_completed=0    finger_contacts=0
  grasp_attempts=2    lift_height_cm=0       dist_obj_goal=39
  task_aborted=0

State Machine:
  (sem transições neste tick)
  Estado ativo: S10   SAT: True
════════════════════════════════════════════════════════════════════════
[ep=1  step=0034]  subtask=
────────────────────────────────────────────────────────────────────────
Parâmetros SM:
  task_started=1    object_available=1    gripper_width_cm=7
  dist_ee_obj=15      grasp_completed=0    finger_contacts=0
  grasp_attempts=2    lift_height_cm=0       dist_obj_goal=39
  task_aborted=0

State Machine:
  (sem transições neste tick)
  Estado ativo: S10   SAT: True
════════════════════════════════════════════════════════════════════════
[ep=1  step=0035]  subtask=
────────────────────────────────────────────────────────────────────────
Parâmetros SM:
  task_started=1    object_available=1    gripper_width_cm=7
  dist_ee_obj=14      grasp_completed=0    finger_contacts=0
  grasp_attempts=2    lift_height_cm=0       dist_obj_goal=39
  task_aborted=0

State Machine:
  (sem transições neste tick)
  Estado ativo: S10   SAT: True
════════════════════════════════════════════════════════════════════════
[ep=1  step=0036]  subtask=
────────────────────────────────────────────────────────────────────────
Parâmetros SM:
  task_started=1    object_available=1    gripper_width_cm=7
  dist_ee_obj=10      grasp_completed=0    finger_contacts=0
  grasp_attempts=2    lift_height_cm=0       dist_obj_goal=39
  task_aborted=0

State Machine:
  (sem transições neste tick)
  Estado ativo: S10   SAT: True
════════════════════════════════════════════════════════════════════════
[ep=1  step=0037]  subtask=
────────────────────────────────────────────────────────────────────────
Parâmetros SM:
  task_started=1    object_available=1    gripper_width_cm=7
  dist_ee_obj=7       grasp_completed=0    finger_contacts=0
  grasp_attempts=2    lift_height_cm=0       dist_obj_goal=39
  task_aborted=0

State Machine:
  (sem transições neste tick)
  Estado ativo: S10   SAT: True
════════════════════════════════════════════════════════════════════════
[ep=1  step=0038]  subtask=
────────────────────────────────────────────────────────────────────────
Parâmetros SM:
  task_started=1    object_available=1    gripper_width_cm=7
  dist_ee_obj=4       grasp_completed=0    finger_contacts=0
  grasp_attempts=2    lift_height_cm=0       dist_obj_goal=39
  task_aborted=0

State Machine:
  (sem transições neste tick)
  Estado ativo: S10   SAT: True
════════════════════════════════════════════════════════════════════════
[ep=1  step=0039]  subtask=
────────────────────────────────────────────────────────────────────────
Parâmetros SM:
  task_started=1    object_available=1    gripper_width_cm=7
  dist_ee_obj=0       grasp_completed=0    finger_contacts=0
  grasp_attempts=2    lift_height_cm=0       dist_obj_goal=39
  task_aborted=0

State Machine:
  (sem transições neste tick)
  Estado ativo: S10   SAT: True
════════════════════════════════════════════════════════════════════════
[ep=1  step=0040]  subtask=
────────────────────────────────────────────────────────────────────────
Parâmetros SM:
  task_started=1    object_available=1    gripper_width_cm=4
  dist_ee_obj=0       grasp_completed=1    finger_contacts=1
  grasp_attempts=3    lift_height_cm=0       dist_obj_goal=39
  task_aborted=0

State Machine:
  ação → retry_grasp() (RETRY_GRASP)  [nova neste tick]
  S10 ──[retry_grasp() (RETRY_GRASP)]──► PHI_11   ✓
  PHI_11 ──[grasp_completed == 1]──► S12   ✓
  S12 ──[finger_contacts < 2 and grasp_attempts >= 3 and grasp_completed == 1]──► PHI_13   ✓
  PHI_13 ──[finger_contacts < 2 and grasp_attempts >= 3]──► S14   ✓
  Estado ativo: S14   SAT: True
════════════════════════════════════════════════════════════════════════
[ep=1  step=0041]  subtask=
────────────────────────────────────────────────────────────────────────
Parâmetros SM:
  task_started=1    object_available=1    gripper_width_cm=7
  dist_ee_obj=2       grasp_completed=0    finger_contacts=0
  grasp_attempts=3    lift_height_cm=0       dist_obj_goal=40
  task_aborted=0

State Machine:
  (sem transições neste tick)
  Estado ativo: S14   SAT: True
════════════════════════════════════════════════════════════════════════
[ep=1  step=0042]  subtask=
────────────────────────────────────────────────────────────────────────
Parâmetros SM:
  task_started=1    object_available=1    gripper_width_cm=7
  dist_ee_obj=5       grasp_completed=0    finger_contacts=0
  grasp_attempts=3    lift_height_cm=0       dist_obj_goal=40
  task_aborted=0

State Machine:
  (sem transições neste tick)
  Estado ativo: S14   SAT: True
════════════════════════════════════════════════════════════════════════
[ep=1  step=0043]  subtask=
────────────────────────────────────────────────────────────────────────
Parâmetros SM:
  task_started=1    object_available=1    gripper_width_cm=7
  dist_ee_obj=8       grasp_completed=0    finger_contacts=0
  grasp_attempts=3    lift_height_cm=0       dist_obj_goal=40
  task_aborted=0

State Machine:
  (sem transições neste tick)
  Estado ativo: S14   SAT: True
════════════════════════════════════════════════════════════════════════
[ep=1  step=0044]  subtask=
────────────────────────────────────────────────────────────────────────
Parâmetros SM:
  task_started=1    object_available=1    gripper_width_cm=7
  dist_ee_obj=11      grasp_completed=0    finger_contacts=0
  grasp_attempts=3    lift_height_cm=0       dist_obj_goal=40
  task_aborted=0

State Machine:
  (sem transições neste tick)
  Estado ativo: S14   SAT: True
════════════════════════════════════════════════════════════════════════
[ep=1  step=0045]  subtask=
────────────────────────────────────────────────────────────────────────
Parâmetros SM:
  task_started=1    object_available=1    gripper_width_cm=7
  dist_ee_obj=14      grasp_completed=0    finger_contacts=0
  grasp_attempts=3    lift_height_cm=0       dist_obj_goal=40
  task_aborted=0

State Machine:
  (sem transições neste tick)
  Estado ativo: S14   SAT: True
════════════════════════════════════════════════════════════════════════
[ep=1  step=0046]  subtask=
────────────────────────────────────────────────────────────────────────
Parâmetros SM:
  task_started=1    object_available=1    gripper_width_cm=7
  dist_ee_obj=17      grasp_completed=0    finger_contacts=0
  grasp_attempts=3    lift_height_cm=0       dist_obj_goal=40
  task_aborted=0

State Machine:
  (sem transições neste tick)
  Estado ativo: S14   SAT: True
════════════════════════════════════════════════════════════════════════
[ep=1  step=0047]  subtask=
────────────────────────────────────────────────────────────────────────
Parâmetros SM:
  task_started=1    object_available=1    gripper_width_cm=7
  dist_ee_obj=21      grasp_completed=0    finger_contacts=0
  grasp_attempts=3    lift_height_cm=0       dist_obj_goal=40
  task_aborted=0

State Machine:
  (sem transições neste tick)
  Estado ativo: S14   SAT: True
════════════════════════════════════════════════════════════════════════
[ep=1  step=0048]  subtask=
────────────────────────────────────────────────────────────────────────
Parâmetros SM:
  task_started=1    object_available=1    gripper_width_cm=7
  dist_ee_obj=24      grasp_completed=0    finger_contacts=0
  grasp_attempts=3    lift_height_cm=0       dist_obj_goal=40
  task_aborted=0

State Machine:
  (sem transições neste tick)
  Estado ativo: S14   SAT: True
════════════════════════════════════════════════════════════════════════
[ep=1  step=0049]  subtask=
────────────────────────────────────────────────────────────────────────
Parâmetros SM:
  task_started=1    object_available=1    gripper_width_cm=7
  dist_ee_obj=28      grasp_completed=0    finger_contacts=0
  grasp_attempts=3    lift_height_cm=0       dist_obj_goal=40
  task_aborted=0

State Machine:
  (sem transições neste tick)
  Estado ativo: S14   SAT: True
════════════════════════════════════════════════════════════════════════
[ep=1  step=0050]  subtask=
────────────────────────────────────────────────────────────────────────
Parâmetros SM:
  task_started=1    object_available=1    gripper_width_cm=7
  dist_ee_obj=26      grasp_completed=0    finger_contacts=0
  grasp_attempts=3    lift_height_cm=0       dist_obj_goal=40
  task_aborted=0

State Machine:
  (sem transições neste tick)
  Estado ativo: S14   SAT: True
════════════════════════════════════════════════════════════════════════
[ep=1  step=0051]  subtask=
────────────────────────────────────────────────────────────────────────
Parâmetros SM:
  task_started=1    object_available=1    gripper_width_cm=7
  dist_ee_obj=22      grasp_completed=0    finger_contacts=0
  grasp_attempts=3    lift_height_cm=0       dist_obj_goal=40
  task_aborted=0

State Machine:
  (sem transições neste tick)
  Estado ativo: S14   SAT: True
════════════════════════════════════════════════════════════════════════
[ep=1  step=0052]  subtask=
────────────────────────────────────────────────────────────────────────
Parâmetros SM:
  task_started=1    object_available=1    gripper_width_cm=7
  dist_ee_obj=23      grasp_completed=0    finger_contacts=0
  grasp_attempts=3    lift_height_cm=0       dist_obj_goal=40
  task_aborted=0

State Machine:
  (sem transições neste tick)
  Estado ativo: S14   SAT: True
════════════════════════════════════════════════════════════════════════
[ep=1  step=0053]  subtask=
────────────────────────────────────────────────────────────────────────
Parâmetros SM:
  task_started=1    object_available=1    gripper_width_cm=7
  dist_ee_obj=25      grasp_completed=0    finger_contacts=0
  grasp_attempts=3    lift_height_cm=0       dist_obj_goal=40
  task_aborted=0

State Machine:
  (sem transições neste tick)
  Estado ativo: S14   SAT: True
════════════════════════════════════════════════════════════════════════
[ep=1  step=0054]  subtask=
────────────────────────────────────────────────────────────────────────
Parâmetros SM:
  task_started=1    object_available=1    gripper_width_cm=7
  dist_ee_obj=27      grasp_completed=0    finger_contacts=0
  grasp_attempts=3    lift_height_cm=0       dist_obj_goal=40
  task_aborted=0

State Machine:
  (sem transições neste tick)
  Estado ativo: S14   SAT: True
════════════════════════════════════════════════════════════════════════
[ep=1  step=0055]  subtask=
────────────────────────────────────────────────────────────────────────
Parâmetros SM:
  task_started=1    object_available=1    gripper_width_cm=7
  dist_ee_obj=30      grasp_completed=0    finger_contacts=0
  grasp_attempts=3    lift_height_cm=0       dist_obj_goal=40
  task_aborted=0

State Machine:
  (sem transições neste tick)
  Estado ativo: S14   SAT: True
════════════════════════════════════════════════════════════════════════
[ep=1  step=0056]  subtask=
────────────────────────────────────────────────────────────────────────
Parâmetros SM:
  task_started=1    object_available=1    gripper_width_cm=7
  dist_ee_obj=32      grasp_completed=0    finger_contacts=0
  grasp_attempts=3    lift_height_cm=0       dist_obj_goal=40
  task_aborted=0

State Machine:
  (sem transições neste tick)
  Estado ativo: S14   SAT: True
════════════════════════════════════════════════════════════════════════
[ep=1  step=0057]  subtask=
────────────────────────────────────────────────────────────────────────
Parâmetros SM:
  task_started=1    object_available=1    gripper_width_cm=7
  dist_ee_obj=35      grasp_completed=0    finger_contacts=0
  grasp_attempts=3    lift_height_cm=0       dist_obj_goal=40
  task_aborted=0

State Machine:
  (sem transições neste tick)
  Estado ativo: S14   SAT: True
════════════════════════════════════════════════════════════════════════
[ep=1  step=0058]  subtask=
────────────────────────────────────────────────────────────────────────
Parâmetros SM:
  task_started=1    object_available=1    gripper_width_cm=7
  dist_ee_obj=37      grasp_completed=0    finger_contacts=0
  grasp_attempts=3    lift_height_cm=0       dist_obj_goal=40
  task_aborted=0

State Machine:
  (sem transições neste tick)
  Estado ativo: S14   SAT: True
