[Trace] Gravando em: C:\Users\lucas_alves\Workspace\self-adaptive-arm-simulator\1-manager\traces\trace_20260808_173252.log
[step=   0 17:32:52.651][Manager] GUI conectado.
[step=   0 17:32:52.680][Manager] DejaVu conectado.
[step=   0 17:32:54.152][Manager] Aguardando percepcoes do managing...

[step=   0 17:32:54.167][WsClient] Conectado a ws://localhost:8000/ws/perception
[step=   1 17:32:54.240][Manager] ep=1 subtask=APPROACH_OBJECT reward=-0.4000
[step=   1 17:32:54.240][Perception]
  RAW PERCEPTION                                  MONITORED PARAMS
  ----------------------------------------------  --------------------------------------
  fingers_width         = 0.0703 m                gripper_width_cm      = 7 cm
  dist_ee_to_cube       = 0.3106 m                distance_ee_object_cm = 31 cm
  dist_cube_to_target   = 0.4000 m  (3D)          distance_obj_goal_cm  = 39 cm  (XY)
  cube_position (z)     = 0.0200 m                object_lift_height_cm = 0 cm
  cube_position (xy)    = [-0.250, -0.000]        grasp_completed       = 0
  finger_contacts (raw) = 0                       finger_contacts       = 0
  x                                               grasp_attempts        = 0
  episode                = 1                      x
  step                   = 1                      x
  ee_position            = [0.0095, 0.0000, 0.1906]  x
  ee_velocity            = [-0.4160, 0.0005, -0.0497]  x
  target_position        = [0.1500, 0.0000, 0.0200]  x
  reward                 = -0.4000                x
  is_success             = False                  x
  obstacle_in_path       = False                  x
  obstacle_count_in_path = 0                      x
  obstacles              = {}                     x
  objects                = {'object_1': {'type': 'box', 'size': [0.04, 0.04, 0.04], 'mass': 1.0, 'color': [0.1, 0.2, 0.9, 1.0], 'initial_position': [-0.25, 0.0, 0.02], 'lateral_friction': 0.5, 'spinning_friction': 0.001, 'current_position': [-0.24999993333763912, -1.8986424809508514e-05, 0.019988273835257843]}, 'unknown_object': {'type': 'box', 'size': [0.04, 0.01, 0.04], 'mass': 0.3, 'color': [0.9, 0.4, 0.1, 1.0], 'initial_position': [-0.25, 0.02, 0.02], 'lateral_friction': 0.5, 'spinning_friction': 0.001, 'current_position': [-0.250002248136446, 0.024254436128563036, 0.0200429680611698]}}  x
  scripts                = {'script_1': True, 'reach_only': True, 'left_right': True}  x
  target_goal            = {'type': 'goal_sequence', 'targets': [{'name': 'target', 'position': [0.15000000596046448, 0.0, 0.019999999552965164]}], 'mode': 'goal_sequence'}  x
  scene                  = {'table': {'length': 1.1, 'width': 0.7, 'height': 0.4, 'x_offset': -0.3, 'lateral_friction': 3.0, 'spinning_friction': 0.001}}  x
  robot_config           = {'control_type': 'ee', 'block_gripper': False, 'base_position': [-0.6, 0.0, 0.05]}  x
  current_task           = OBJECT_DELIVERY_SEQUENCE  x
  current_subtask        = APPROACH_OBJECT        x
  active_target_name     = target                 x
  action                 = [-0.9839, 0.0000, -0.1787, 1.0000]  x
  joint_angles           = [-0.0006, 0.3402, 0.0006, -1.9788, -0.0003, 2.3185, 0.7862]  x
  joint_velocities       = [-0.0043, -0.9484, 0.0052, -1.5662, -0.0026, 0.4502, -0.0295]  x
  cube_rotation          = [-0.0001, -0.0000, -0.0000]  x
  cube_linear_velocity   = [0.0001, 0.0000, -0.0002]  x
  obstacle_positions     = {}                     x
[step=   1 17:32:54.247][ASM] [OK] __init__ → approach_object  (type=domain)
[step=   1 17:32:54.248][Analyzer] ASM node=approach_object  goal_status=ok  (scenario=APPROACH_OBJECT)
[step=   1 17:32:54.260][DejaVu] {'status': 'ok', 'unanticipated': False}
[step=   2 17:32:55.398][Manager] ep=1 subtask=APPROACH_OBJECT reward=-0.4000
[step=   2 17:32:55.398][Perception]
  RAW PERCEPTION                                  MONITORED PARAMS
  ----------------------------------------------  --------------------------------------
  fingers_width         = 0.0788 m                gripper_width_cm      = 7 cm
  dist_ee_to_cube       = 0.2806 m                distance_ee_object_cm = 28 cm
  dist_cube_to_target   = 0.4000 m  (3D)          distance_obj_goal_cm  = 39 cm  (XY)
  cube_position (z)     = 0.0200 m                object_lift_height_cm = 0 cm
  cube_position (xy)    = [-0.250, -0.000]        grasp_completed       = 0
  finger_contacts (raw) = 0                       finger_contacts       = 0
  x                                               grasp_attempts        = 0
  episode                = 1                      x
  step                   = 2                      x
  ee_position            = [-0.0225, 0.0000, 0.1842]  x
  ee_velocity            = [-0.3693, 0.0001, -0.0756]  x
  target_position        = [0.1500, 0.0000, 0.0200]  x
  reward                 = -0.4000                x
  is_success             = False                  x
  obstacle_in_path       = False                  x
  obstacle_count_in_path = 0                      x
  obstacles              = {}                     x
  objects                = {'object_1': {'type': 'box', 'size': [0.04, 0.04, 0.04], 'mass': 1.0, 'color': [0.1, 0.2, 0.9, 1.0], 'initial_position': [-0.25, 0.0, 0.02], 'lateral_friction': 0.5, 'spinning_friction': 0.001, 'current_position': [-0.24999895423244198, -1.999337565984623e-05, 0.0199881744520639]}, 'unknown_object': {'type': 'box', 'size': [0.04, 0.01, 0.04], 'mass': 0.3, 'color': [0.9, 0.4, 0.1, 1.0], 'initial_position': [-0.25, 0.02, 0.02], 'lateral_friction': 0.5, 'spinning_friction': 0.001, 'current_position': [-0.2500054315713912, 0.024882259312814677, 0.01999414053145022]}}  x
  scripts                = {'script_1': True, 'reach_only': True, 'left_right': True}  x
  target_goal            = {'type': 'goal_sequence', 'targets': [{'name': 'target', 'position': [0.15000000596046448, 0.0, 0.019999999552965164]}], 'mode': 'goal_sequence'}  x
  scene                  = {'table': {'length': 1.1, 'width': 0.7, 'height': 0.4, 'x_offset': -0.3, 'lateral_friction': 3.0, 'spinning_friction': 0.001}}  x
  robot_config           = {'control_type': 'ee', 'block_gripper': False, 'base_position': [-0.6, 0.0, 0.05]}  x
  current_task           = OBJECT_DELIVERY_SEQUENCE  x
  current_subtask        = APPROACH_OBJECT        x
  active_target_name     = target                 x
  action                 = [-0.9849, -0.0001, -0.1732, 1.0000]  x
  joint_angles           = [-0.0006, 0.2683, 0.0007, -2.1078, -0.0003, 2.3756, 0.7857]  x
  joint_velocities       = [-0.0007, -0.7571, 0.0008, -1.3320, 0.0000, 0.4389, -0.0038]  x
  cube_rotation          = [-0.0001, -0.0000, -0.0001]  x
  cube_linear_velocity   = [-0.0000, 0.0005, 0.0002]  x
  obstacle_positions     = {}                     x
[step=   2 17:32:55.401][Analyzer] ASM node=approach_object  goal_status=not_applicable
[step=   2 17:32:55.408][DejaVu] {'status': 'ok', 'unanticipated': False}
[step=   3 17:32:56.557][Manager] ep=1 subtask=APPROACH_OBJECT reward=-0.4000
[step=   3 17:32:56.558][Perception]
  RAW PERCEPTION                                  MONITORED PARAMS
  ----------------------------------------------  --------------------------------------
  fingers_width         = 0.0799 m                gripper_width_cm      = 7 cm
  dist_ee_to_cube       = 0.2501 m                distance_ee_object_cm = 25 cm
  dist_cube_to_target   = 0.4000 m  (3D)          distance_obj_goal_cm  = 39 cm  (XY)
  cube_position (z)     = 0.0200 m                object_lift_height_cm = 0 cm
  cube_position (xy)    = [-0.250, -0.000]        grasp_completed       = 0
  finger_contacts (raw) = 0                       finger_contacts       = 0
  x                                               grasp_attempts        = 0
  episode                = 1                      x
  step                   = 3                      x
  ee_position            = [-0.0556, 0.0000, 0.1774]  x
  ee_velocity            = [-0.3892, 0.0002, -0.0654]  x
  target_position        = [0.1500, 0.0000, 0.0200]  x
  reward                 = -0.4000                x
  is_success             = False                  x
  obstacle_in_path       = False                  x
  obstacle_count_in_path = 0                      x
  obstacles              = {}                     x
  objects                = {'object_1': {'type': 'box', 'size': [0.04, 0.04, 0.04], 'mass': 1.0, 'color': [0.1, 0.2, 0.9, 1.0], 'initial_position': [-0.25, 0.0, 0.02], 'lateral_friction': 0.5, 'spinning_friction': 0.001, 'current_position': [-0.24999869392205562, -2.3162839668221173e-05, 0.01998879499492134]}, 'unknown_object': {'type': 'box', 'size': [0.04, 0.01, 0.04], 'mass': 0.3, 'color': [0.9, 0.4, 0.1, 1.0], 'initial_position': [-0.25, 0.02, 0.02], 'lateral_friction': 0.5, 'spinning_friction': 0.001, 'current_position': [-0.2500050792163134, 0.024946106510285827, 0.019995728123989347]}}  x
  scripts                = {'script_1': True, 'reach_only': True, 'left_right': True}  x
  target_goal            = {'type': 'goal_sequence', 'targets': [{'name': 'target', 'position': [0.15000000596046448, 0.0, 0.019999999552965164]}], 'mode': 'goal_sequence'}  x
  scene                  = {'table': {'length': 1.1, 'width': 0.7, 'height': 0.4, 'x_offset': -0.3, 'lateral_friction': 3.0, 'spinning_friction': 0.001}}  x
  robot_config           = {'control_type': 'ee', 'block_gripper': False, 'base_position': [-0.6, 0.0, 0.05]}  x
  current_task           = OBJECT_DELIVERY_SEQUENCE  x
  current_subtask        = APPROACH_OBJECT        x
  active_target_name     = target                 x
  action                 = [-0.9855, -0.0002, -0.1699, 1.0000]  x
  joint_angles           = [-0.0007, 0.1972, 0.0007, -2.2343, -0.0002, 2.4311, 0.7856]  x
  joint_velocities       = [-0.0003, -0.8030, 0.0006, -1.3457, 0.0004, 0.4268, -0.0006]  x
  cube_rotation          = [0.0001, 0.0000, -0.0001]  x
  cube_linear_velocity   = [-0.0000, -0.0002, 0.0000]  x
  obstacle_positions     = {}                     x
[step=   3 17:32:56.561][Analyzer] ASM node=approach_object  goal_status=not_applicable
[step=   3 17:32:56.568][DejaVu] {'status': 'ok', 'unanticipated': False}
[step=   4 17:32:57.720][Manager] ep=1 subtask=APPROACH_OBJECT reward=-0.4000
[step=   4 17:32:57.720][Perception]
  RAW PERCEPTION                                  MONITORED PARAMS
  ----------------------------------------------  --------------------------------------
  fingers_width         = 0.0800 m                gripper_width_cm      = 7 cm
  dist_ee_to_cube       = 0.2199 m                distance_ee_object_cm = 21 cm
  dist_cube_to_target   = 0.4000 m  (3D)          distance_obj_goal_cm  = 39 cm  (XY)
  cube_position (z)     = 0.0200 m                object_lift_height_cm = 0 cm
  cube_position (xy)    = [-0.250, -0.000]        grasp_completed       = 0
  finger_contacts (raw) = 0                       finger_contacts       = 0
  x                                               grasp_attempts        = 0
  episode                = 1                      x
  step                   = 4                      x
  ee_position            = [-0.0897, 0.0000, 0.1706]  x
  ee_velocity            = [-0.4008, 0.0002, -0.0701]  x
  target_position        = [0.1500, 0.0000, 0.0200]  x
  reward                 = -0.4000                x
  is_success             = False                  x
  obstacle_in_path       = False                  x
  obstacle_count_in_path = 0                      x
  obstacles              = {}                     x
  objects                = {'object_1': {'type': 'box', 'size': [0.04, 0.04, 0.04], 'mass': 1.0, 'color': [0.1, 0.2, 0.9, 1.0], 'initial_position': [-0.25, 0.0, 0.02], 'lateral_friction': 0.5, 'spinning_friction': 0.001, 'current_position': [-0.24999971963606243, -2.410894878270369e-05, 0.01998748296096571]}, 'unknown_object': {'type': 'box', 'size': [0.04, 0.01, 0.04], 'mass': 0.3, 'color': [0.9, 0.4, 0.1, 1.0], 'initial_position': [-0.25, 0.02, 0.02], 'lateral_friction': 0.5, 'spinning_friction': 0.001, 'current_position': [-0.2500062610221986, 0.02494309023419244, 0.019993107525581304]}}  x
  scripts                = {'script_1': True, 'reach_only': True, 'left_right': True}  x
  target_goal            = {'type': 'goal_sequence', 'targets': [{'name': 'target', 'position': [0.15000000596046448, 0.0, 0.019999999552965164]}], 'mode': 'goal_sequence'}  x
  scene                  = {'table': {'length': 1.1, 'width': 0.7, 'height': 0.4, 'x_offset': -0.3, 'lateral_friction': 3.0, 'spinning_friction': 0.001}}  x
  robot_config           = {'control_type': 'ee', 'block_gripper': False, 'base_position': [-0.6, 0.0, 0.05]}  x
  current_task           = OBJECT_DELIVERY_SEQUENCE  x
  current_subtask        = APPROACH_OBJECT        x
  active_target_name     = target                 x
  action                 = [-0.9864, -0.0003, -0.1645, 1.0000]  x
  joint_angles           = [-0.0007, 0.1263, 0.0008, -2.3582, -0.0002, 2.4846, 0.7855]  x
  joint_velocities       = [-0.0002, -0.8024, 0.0007, -1.3278, 0.0005, 0.4108, -0.0003]  x
  cube_rotation          = [0.0002, 0.0000, -0.0001]  x
  cube_linear_velocity   = [-0.0000, -0.0000, -0.0000]  x
  obstacle_positions     = {}                     x
[step=   4 17:32:57.724][Analyzer] ASM node=approach_object  goal_status=not_applicable
[step=   4 17:32:57.731][DejaVu] {'status': 'ok', 'unanticipated': False}
[step=   5 17:32:58.892][Manager] ep=1 subtask=APPROACH_OBJECT reward=-0.4000
[step=   5 17:32:58.892][Perception]
  RAW PERCEPTION                                  MONITORED PARAMS
  ----------------------------------------------  --------------------------------------
  fingers_width         = 0.0800 m                gripper_width_cm      = 7 cm
  dist_ee_to_cube       = 0.1900 m                distance_ee_object_cm = 19 cm
  dist_cube_to_target   = 0.4000 m  (3D)          distance_obj_goal_cm  = 40 cm  (XY)
  cube_position (z)     = 0.0200 m                object_lift_height_cm = 0 cm
  cube_position (xy)    = [-0.250, -0.000]        grasp_completed       = 0
  finger_contacts (raw) = 0                       finger_contacts       = 0
  x                                               grasp_attempts        = 0
  episode                = 1                      x
  step                   = 5                      x
  ee_position            = [-0.1251, 0.0001, 0.1632]  x
  ee_velocity            = [-0.3810, 0.0006, -0.0494]  x
  target_position        = [0.1500, 0.0000, 0.0200]  x
  reward                 = -0.4000                x
  is_success             = False                  x
  obstacle_in_path       = False                  x
  obstacle_count_in_path = 0                      x
  obstacles              = {}                     x
  objects                = {'object_1': {'type': 'box', 'size': [0.04, 0.04, 0.04], 'mass': 1.0, 'color': [0.1, 0.2, 0.9, 1.0], 'initial_position': [-0.25, 0.0, 0.02], 'lateral_friction': 0.5, 'spinning_friction': 0.001, 'current_position': [-0.2500008080814959, -2.3854807565728908e-05, 0.019987297593555133]}, 'unknown_object': {'type': 'box', 'size': [0.04, 0.01, 0.04], 'mass': 0.3, 'color': [0.9, 0.4, 0.1, 1.0], 'initial_position': [-0.25, 0.02, 0.02], 'lateral_friction': 0.5, 'spinning_friction': 0.001, 'current_position': [-0.2500079265964379, 0.024941279785808096, 0.01999256700479498]}}  x
  scripts                = {'script_1': True, 'reach_only': True, 'left_right': True}  x
  target_goal            = {'type': 'goal_sequence', 'targets': [{'name': 'target', 'position': [0.15000000596046448, 0.0, 0.019999999552965164]}], 'mode': 'goal_sequence'}  x
  scene                  = {'table': {'length': 1.1, 'width': 0.7, 'height': 0.4, 'x_offset': -0.3, 'lateral_friction': 3.0, 'spinning_friction': 0.001}}  x
  robot_config           = {'control_type': 'ee', 'block_gripper': False, 'base_position': [-0.6, 0.0, 0.05]}  x
  current_task           = OBJECT_DELIVERY_SEQUENCE  x
  current_subtask        = APPROACH_OBJECT        x
  active_target_name     = target                 x
  action                 = [-0.9875, -0.0004, -0.1576, 1.0000]  x
  joint_angles           = [-0.0007, 0.0555, 0.0008, -2.4806, -0.0001, 2.5352, 0.7855]  x
  joint_velocities       = [-0.0002, -0.8109, 0.0017, -1.2507, 0.0006, 0.3895, -0.0003]  x
  cube_rotation          = [0.0002, -0.0000, -0.0000]  x
  cube_linear_velocity   = [-0.0000, 0.0000, -0.0000]  x
  obstacle_positions     = {}                     x
[step=   5 17:32:58.897][Analyzer] ASM node=approach_object  goal_status=not_applicable
[step=   5 17:32:58.906][DejaVu] {'status': 'ok', 'unanticipated': False}
[step=   6 17:33:00.039][Manager] ep=1 subtask=APPROACH_OBJECT reward=-0.4000
[step=   6 17:33:00.039][Perception]
  RAW PERCEPTION                                  MONITORED PARAMS
  ----------------------------------------------  --------------------------------------
  fingers_width         = 0.0800 m                gripper_width_cm      = 7 cm
  dist_ee_to_cube       = 0.1629 m                distance_ee_object_cm = 16 cm
  dist_cube_to_target   = 0.4000 m  (3D)          distance_obj_goal_cm  = 40 cm  (XY)
  cube_position (z)     = 0.0200 m                object_lift_height_cm = 0 cm
  cube_position (xy)    = [-0.250, -0.000]        grasp_completed       = 0
  finger_contacts (raw) = 0                       finger_contacts       = 0
  x                                               grasp_attempts        = 0
  episode                = 1                      x
  step                   = 6                      x
  ee_position            = [-0.1607, 0.0001, 0.1562]  x
  ee_velocity            = [-0.4082, 0.0008, -0.0668]  x
  target_position        = [0.1500, 0.0000, 0.0200]  x
  reward                 = -0.4000                x
  is_success             = False                  x
  obstacle_in_path       = False                  x
  obstacle_count_in_path = 0                      x
  obstacles              = {}                     x
  objects                = {'object_1': {'type': 'box', 'size': [0.04, 0.04, 0.04], 'mass': 1.0, 'color': [0.1, 0.2, 0.9, 1.0], 'initial_position': [-0.25, 0.0, 0.02], 'lateral_friction': 0.5, 'spinning_friction': 0.001, 'current_position': [-0.2500019319133653, -2.3376602834777354e-05, 0.019987338747623172]}, 'unknown_object': {'type': 'box', 'size': [0.04, 0.01, 0.04], 'mass': 0.3, 'color': [0.9, 0.4, 0.1, 1.0], 'initial_position': [-0.25, 0.02, 0.02], 'lateral_friction': 0.5, 'spinning_friction': 0.001, 'current_position': [-0.2500102566097471, 0.02493958657281247, 0.019992407956908452]}}  x
  scripts                = {'script_1': True, 'reach_only': True, 'left_right': True}  x
  target_goal            = {'type': 'goal_sequence', 'targets': [{'name': 'target', 'position': [0.15000000596046448, 0.0, 0.019999999552965164]}], 'mode': 'goal_sequence'}  x
  scene                  = {'table': {'length': 1.1, 'width': 0.7, 'height': 0.4, 'x_offset': -0.3, 'lateral_friction': 3.0, 'spinning_friction': 0.001}}  x
  robot_config           = {'control_type': 'ee', 'block_gripper': False, 'base_position': [-0.6, 0.0, 0.05]}  x
  current_task           = OBJECT_DELIVERY_SEQUENCE  x
  current_subtask        = APPROACH_OBJECT        x
  active_target_name     = target                 x
  action                 = [-0.9895, -0.0006, -0.1444, 1.0000]  x
  joint_angles           = [-0.0007, -0.0163, 0.0009, -2.6004, 0.0000, 2.5839, 0.7854]  x
  joint_velocities       = [-0.0001, -0.8300, 0.0022, -1.2837, 0.0008, 0.3742, -0.0005]  x
  cube_rotation          = [0.0002, -0.0000, 0.0000]  x
  cube_linear_velocity   = [-0.0000, 0.0000, 0.0000]  x
  obstacle_positions     = {}                     x
[step=   6 17:33:00.042][Analyzer] ASM node=approach_object  goal_status=not_applicable
[step=   6 17:33:00.048][DejaVu] {'status': 'ok', 'unanticipated': False}
[step=   7 17:33:01.204][Manager] ep=1 subtask=APPROACH_OBJECT reward=-0.4000
[step=   7 17:33:01.204][Perception]
  RAW PERCEPTION                                  MONITORED PARAMS
  ----------------------------------------------  --------------------------------------
  fingers_width         = 0.0800 m                gripper_width_cm      = 7 cm
  dist_ee_to_cube       = 0.1396 m                distance_ee_object_cm = 13 cm
  dist_cube_to_target   = 0.4000 m  (3D)          distance_obj_goal_cm  = 40 cm  (XY)
  cube_position (z)     = 0.0200 m                object_lift_height_cm = 0 cm
  cube_position (xy)    = [-0.250, -0.000]        grasp_completed       = 0
  finger_contacts (raw) = 0                       finger_contacts       = 0
  x                                               grasp_attempts        = 0
  episode                = 1                      x
  step                   = 7                      x
  ee_position            = [-0.1970, 0.0000, 0.1492]  x
  ee_velocity            = [-0.4312, 0.0003, -0.0816]  x
  target_position        = [0.1500, 0.0000, 0.0200]  x
  reward                 = -0.4000                x
  is_success             = False                  x
  obstacle_in_path       = False                  x
  obstacle_count_in_path = 0                      x
  obstacles              = {}                     x
  objects                = {'object_1': {'type': 'box', 'size': [0.04, 0.04, 0.04], 'mass': 1.0, 'color': [0.1, 0.2, 0.9, 1.0], 'initial_position': [-0.25, 0.0, 0.02], 'lateral_friction': 0.5, 'spinning_friction': 0.001, 'current_position': [-0.2500031224861518, -2.300186114820493e-05, 0.01998727517285134]}, 'unknown_object': {'type': 'box', 'size': [0.04, 0.01, 0.04], 'mass': 0.3, 'color': [0.9, 0.4, 0.1, 1.0], 'initial_position': [-0.25, 0.02, 0.02], 'lateral_friction': 0.5, 'spinning_friction': 0.001, 'current_position': [-0.2500139653917696, 0.02493803773271732, 0.01999217974427706]}}  x
  scripts                = {'script_1': True, 'reach_only': True, 'left_right': True}  x
  target_goal            = {'type': 'goal_sequence', 'targets': [{'name': 'target', 'position': [0.15000000596046448, 0.0, 0.019999999552965164]}], 'mode': 'goal_sequence'}  x
  scene                  = {'table': {'length': 1.1, 'width': 0.7, 'height': 0.4, 'x_offset': -0.3, 'lateral_friction': 3.0, 'spinning_friction': 0.001}}  x
  robot_config           = {'control_type': 'ee', 'block_gripper': False, 'base_position': [-0.6, 0.0, 0.05]}  x
  current_task           = OBJECT_DELIVERY_SEQUENCE  x
  current_subtask        = APPROACH_OBJECT        x
  active_target_name     = target                 x
  action                 = [-0.9922, -0.0008, -0.1249, 1.0000]  x
  joint_angles           = [-0.0008, -0.0897, 0.0009, -2.7181, 0.0001, 2.6278, 0.7853]  x
  joint_velocities       = [-0.0001, -0.8521, 0.0015, -1.3031, 0.0009, 0.3374, -0.0008]  x
  cube_rotation          = [0.0002, -0.0000, 0.0001]  x
  cube_linear_velocity   = [-0.0000, 0.0000, -0.0000]  x
  obstacle_positions     = {}                     x
[step=   7 17:33:01.208][Analyzer] ASM node=approach_object  goal_status=not_applicable
[step=   7 17:33:01.213][DejaVu] {'status': 'ok', 'unanticipated': False}
[step=   8 17:33:02.359][Manager] ep=1 subtask=APPROACH_OBJECT reward=-0.4000
[step=   8 17:33:02.359][Perception]
  RAW PERCEPTION                                  MONITORED PARAMS
  ----------------------------------------------  --------------------------------------
  fingers_width         = 0.0800 m                gripper_width_cm      = 7 cm
  dist_ee_to_cube       = 0.1238 m                distance_ee_object_cm = 12 cm
  dist_cube_to_target   = 0.4000 m  (3D)          distance_obj_goal_cm  = 40 cm  (XY)
  cube_position (z)     = 0.0200 m                object_lift_height_cm = 0 cm
  cube_position (xy)    = [-0.250, -0.000]        grasp_completed       = 0
  finger_contacts (raw) = 0                       finger_contacts       = 0
  x                                               grasp_attempts        = 0
  episode                = 1                      x
  step                   = 8                      x
  ee_position            = [-0.2336, -0.0000, 0.1427]  x
  ee_velocity            = [-0.4297, -0.0001, -0.0722]  x
  target_position        = [0.1500, 0.0000, 0.0200]  x
  reward                 = -0.4000                x
  is_success             = False                  x
  obstacle_in_path       = False                  x
  obstacle_count_in_path = 0                      x
  obstacles              = {}                     x
  objects                = {'object_1': {'type': 'box', 'size': [0.04, 0.04, 0.04], 'mass': 1.0, 'color': [0.1, 0.2, 0.9, 1.0], 'initial_position': [-0.25, 0.0, 0.02], 'lateral_friction': 0.5, 'spinning_friction': 0.001, 'current_position': [-0.25000436259669356, -2.2585920336112673e-05, 0.019987252051876042]}, 'unknown_object': {'type': 'box', 'size': [0.04, 0.01, 0.04], 'mass': 0.3, 'color': [0.9, 0.4, 0.1, 1.0], 'initial_position': [-0.25, 0.02, 0.02], 'lateral_friction': 0.5, 'spinning_friction': 0.001, 'current_position': [-0.2500190645164376, 0.02493858876986745, 0.01999242625753471]}}  x
  scripts                = {'script_1': True, 'reach_only': True, 'left_right': True}  x
  target_goal            = {'type': 'goal_sequence', 'targets': [{'name': 'target', 'position': [0.15000000596046448, 0.0, 0.019999999552965164]}], 'mode': 'goal_sequence'}  x
  scene                  = {'table': {'length': 1.1, 'width': 0.7, 'height': 0.4, 'x_offset': -0.3, 'lateral_friction': 3.0, 'spinning_friction': 0.001}}  x
  robot_config           = {'control_type': 'ee', 'block_gripper': False, 'base_position': [-0.6, 0.0, 0.05]}  x
  current_task           = OBJECT_DELIVERY_SEQUENCE  x
  current_subtask        = APPROACH_OBJECT        x
  active_target_name     = target                 x
  action                 = [-0.9969, -0.0010, -0.0789, 1.0000]  x
  joint_angles           = [-0.0007, -0.1676, 0.0008, -2.8337, 0.0003, 2.6648, 0.7852]  x
  joint_velocities       = [0.0001, -0.9250, 0.0004, -1.2920, 0.0010, 0.2850, -0.0012]  x
  cube_rotation          = [0.0002, -0.0000, 0.0002]  x
  cube_linear_velocity   = [-0.0000, 0.0000, -0.0000]  x
  obstacle_positions     = {}                     x
[step=   8 17:33:02.362][Analyzer] ASM node=approach_object  goal_status=not_applicable
[step=   8 17:33:02.368][DejaVu] {'status': 'ok', 'unanticipated': False}
[step=   9 17:33:03.521][Manager] ep=1 subtask=APPROACH_OBJECT reward=-0.4000
[step=   9 17:33:03.521][Perception]
  RAW PERCEPTION                                  MONITORED PARAMS
  ----------------------------------------------  --------------------------------------
  fingers_width         = 0.0800 m                gripper_width_cm      = 7 cm
  dist_ee_to_cube       = 0.1214 m                distance_ee_object_cm = 12 cm
  dist_cube_to_target   = 0.4000 m  (3D)          distance_obj_goal_cm  = 40 cm  (XY)
  cube_position (z)     = 0.0200 m                object_lift_height_cm = 0 cm
  cube_position (xy)    = [-0.250, -0.000]        grasp_completed       = 0
  finger_contacts (raw) = 0                       finger_contacts       = 0
  x                                               grasp_attempts        = 0
  episode                = 1                      x
  step                   = 9                      x
  ee_position            = [-0.2714, -0.0001, 0.1395]  x
  ee_velocity            = [-0.3739, -0.0003, 0.0261]  x
  target_position        = [0.1500, 0.0000, 0.0200]  x
  reward                 = -0.4000                x
  is_success             = False                  x
  obstacle_in_path       = False                  x
  obstacle_count_in_path = 0                      x
  obstacles              = {}                     x
  objects                = {'object_1': {'type': 'box', 'size': [0.04, 0.04, 0.04], 'mass': 1.0, 'color': [0.1, 0.2, 0.9, 1.0], 'initial_position': [-0.25, 0.0, 0.02], 'lateral_friction': 0.5, 'spinning_friction': 0.001, 'current_position': [-0.2500056260750354, -2.2198772900202945e-05, 0.01998721397114858]}, 'unknown_object': {'type': 'box', 'size': [0.04, 0.01, 0.04], 'mass': 0.3, 'color': [0.9, 0.4, 0.1, 1.0], 'initial_position': [-0.25, 0.02, 0.02], 'lateral_friction': 0.5, 'spinning_friction': 0.001, 'current_position': [-0.2500248566644142, 0.024939472218079912, 0.019992859952636558]}}  x
  scripts                = {'script_1': True, 'reach_only': True, 'left_right': True}  x
  target_goal            = {'type': 'goal_sequence', 'targets': [{'name': 'target', 'position': [0.15000000596046448, 0.0, 0.019999999552965164]}], 'mode': 'goal_sequence'}  x
  scene                  = {'table': {'length': 1.1, 'width': 0.7, 'height': 0.4, 'x_offset': -0.3, 'lateral_friction': 3.0, 'spinning_friction': 0.001}}  x
  robot_config           = {'control_type': 'ee', 'block_gripper': False, 'base_position': [-0.6, 0.0, 0.05]}  x
  current_task           = OBJECT_DELIVERY_SEQUENCE  x
  current_subtask        = APPROACH_OBJECT        x
  active_target_name     = target                 x
  action                 = [-0.9907, -0.0012, 0.1363, 1.0000]  x
  joint_angles           = [-0.0007, -0.2643, 0.0007, -2.9453, 0.0004, 2.6725, 0.7850]  x
  joint_velocities       = [0.0001, -1.3024, -0.0006, -1.2276, 0.0008, 0.0589, -0.0015]  x
  cube_rotation          = [0.0002, -0.0000, 0.0002]  x
  cube_linear_velocity   = [-0.0000, 0.0000, -0.0000]  x
  obstacle_positions     = {}                     x
[step=   9 17:33:03.525][Analyzer] ASM node=approach_object  goal_status=not_applicable
[step=   9 17:33:03.530][DejaVu] {'status': 'ok', 'unanticipated': False}
[step=  10 17:33:04.681][Manager] ep=1 subtask=APPROACH_OBJECT reward=-0.4000
[step=  10 17:33:04.682][Perception]
  RAW PERCEPTION                                  MONITORED PARAMS
  ----------------------------------------------  --------------------------------------
  fingers_width         = 0.0800 m                gripper_width_cm      = 7 cm
  dist_ee_to_cube       = 0.1080 m                distance_ee_object_cm = 10 cm
  dist_cube_to_target   = 0.4000 m  (3D)          distance_obj_goal_cm  = 40 cm  (XY)
  cube_position (z)     = 0.0200 m                object_lift_height_cm = 0 cm
  cube_position (xy)    = [-0.250, -0.000]        grasp_completed       = 0
  finger_contacts (raw) = 0                       finger_contacts       = 0
  x                                               grasp_attempts        = 0
  episode                = 1                      x
  step                   = 10                     x
  ee_position            = [-0.2591, -0.0000, 0.1276]  x
  ee_velocity            = [-0.4097, 0.0005, -1.0625]  x
  target_position        = [0.1500, 0.0000, 0.0200]  x
  reward                 = -0.4000                x
  is_success             = False                  x
  obstacle_in_path       = False                  x
  obstacle_count_in_path = 0                      x
  obstacles              = {}                     x
  objects                = {'object_1': {'type': 'box', 'size': [0.04, 0.04, 0.04], 'mass': 1.0, 'color': [0.1, 0.2, 0.9, 1.0], 'initial_position': [-0.25, 0.0, 0.02], 'lateral_friction': 0.5, 'spinning_friction': 0.001, 'current_position': [-0.25000692680169434, -2.181469691829251e-05, 0.019987175562667076]}, 'unknown_object': {'type': 'box', 'size': [0.04, 0.01, 0.04], 'mass': 0.3, 'color': [0.9, 0.4, 0.1, 1.0], 'initial_position': [-0.25, 0.02, 0.02], 'lateral_friction': 0.5, 'spinning_friction': 0.001, 'current_position': [-0.2500308857270107, 0.024940259060649672, 0.019993236387533312]}}  x
  scripts                = {'script_1': True, 'reach_only': True, 'left_right': True}  x
  target_goal            = {'type': 'goal_sequence', 'targets': [{'name': 'target', 'position': [0.15000000596046448, 0.0, 0.019999999552965164]}], 'mode': 'goal_sequence'}  x
  scene                  = {'table': {'length': 1.1, 'width': 0.7, 'height': 0.4, 'x_offset': -0.3, 'lateral_friction': 3.0, 'spinning_friction': 0.001}}  x
  robot_config           = {'control_type': 'ee', 'block_gripper': False, 'base_position': [-0.6, 0.0, 0.05]}  x
  current_task           = OBJECT_DELIVERY_SEQUENCE  x
  current_subtask        = APPROACH_OBJECT        x
  active_target_name     = target                 x
  action                 = [0.2206, 0.0003, -0.9754, 1.0000]  x
  joint_angles           = [-0.0008, -0.1840, 0.0007, -2.9402, 0.0003, 2.7943, 0.7850]  x
  joint_velocities       = [-0.0002, 3.6341, 0.0001, 0.2701, -0.0004, 0.9369, 0.0005]  x
  cube_rotation          = [0.0002, -0.0000, 0.0003]  x
  cube_linear_velocity   = [-0.0000, 0.0000, -0.0000]  x
  obstacle_positions     = {}                     x
[step=  10 17:33:04.685][Analyzer] ASM node=approach_object  goal_status=not_applicable
[step=  10 17:33:04.692][DejaVu] {'status': 'ok', 'unanticipated': False}
[step=  11 17:33:05.834][Manager] ep=1 subtask=APPROACH_OBJECT reward=-0.4000
[step=  11 17:33:05.835][Perception]
  RAW PERCEPTION                                  MONITORED PARAMS
  ----------------------------------------------  --------------------------------------
  fingers_width         = 0.0800 m                gripper_width_cm      = 7 cm
  dist_ee_to_cube       = 0.0700 m                distance_ee_object_cm = 7 cm
  dist_cube_to_target   = 0.4000 m  (3D)          distance_obj_goal_cm  = 40 cm  (XY)
  cube_position (z)     = 0.0200 m                object_lift_height_cm = 0 cm
  cube_position (xy)    = [-0.250, -0.000]        grasp_completed       = 0
  finger_contacts (raw) = 0                       finger_contacts       = 0
  x                                               grasp_attempts        = 0
  episode                = 1                      x
  step                   = 11                     x
  ee_position            = [-0.2648, -0.0000, 0.0884]  x
  ee_velocity            = [-0.2714, 0.0004, -0.6196]  x
  target_position        = [0.1500, 0.0000, 0.0200]  x
  reward                 = -0.4000                x
  is_success             = False                  x
  obstacle_in_path       = False                  x
  obstacle_count_in_path = 0                      x
  obstacles              = {}                     x
  objects                = {'object_1': {'type': 'box', 'size': [0.04, 0.04, 0.04], 'mass': 1.0, 'color': [0.1, 0.2, 0.9, 1.0], 'initial_position': [-0.25, 0.0, 0.02], 'lateral_friction': 0.5, 'spinning_friction': 0.001, 'current_position': [-0.25000825982627983, -2.1431456470808857e-05, 0.01998714069984401]}, 'unknown_object': {'type': 'box', 'size': [0.04, 0.01, 0.04], 'mass': 0.3, 'color': [0.9, 0.4, 0.1, 1.0], 'initial_position': [-0.25, 0.02, 0.02], 'lateral_friction': 0.5, 'spinning_friction': 0.001, 'current_position': [-0.25003719280308, 0.02494104601474792, 0.0199935855752091]}}  x
  scripts                = {'script_1': True, 'reach_only': True, 'left_right': True}  x
  target_goal            = {'type': 'goal_sequence', 'targets': [{'name': 'target', 'position': [0.15000000596046448, 0.0, 0.019999999552965164]}], 'mode': 'goal_sequence'}  x
  scene                  = {'table': {'length': 1.1, 'width': 0.7, 'height': 0.4, 'x_offset': -0.3, 'lateral_friction': 3.0, 'spinning_friction': 0.001}}  x
  robot_config           = {'control_type': 'ee', 'block_gripper': False, 'base_position': [-0.6, 0.0, 0.05]}  x
  current_task           = OBJECT_DELIVERY_SEQUENCE  x
  current_subtask        = APPROACH_OBJECT        x
  active_target_name     = target                 x
  action                 = [0.1089, 0.0003, -0.9941, 1.0000]  x
  joint_angles           = [-0.0008, -0.0286, 0.0007, -2.9115, 0.0002, 2.8606, 0.7851]  x
  joint_velocities       = [-0.0003, 2.1931, 0.0002, 0.2781, -0.0009, 0.5096, 0.0006]  x
  cube_rotation          = [0.0002, -0.0000, 0.0003]  x
  cube_linear_velocity   = [-0.0000, 0.0000, -0.0000]  x
  obstacle_positions     = {}                     x
[step=  11 17:33:05.839][Analyzer] ASM node=approach_object  goal_status=not_applicable
[step=  11 17:33:05.844][DejaVu] {'status': 'ok', 'unanticipated': False}
[step=  12 17:33:06.994][Manager] ep=1 subtask=APPROACH_OBJECT reward=-0.4000
[step=  12 17:33:06.995][Perception]
  RAW PERCEPTION                                  MONITORED PARAMS
  ----------------------------------------------  --------------------------------------
  fingers_width         = 0.0800 m                gripper_width_cm      = 7 cm
  dist_ee_to_cube       = 0.0391 m                distance_ee_object_cm = 3 cm
  dist_cube_to_target   = 0.4000 m  (3D)          distance_obj_goal_cm  = 40 cm  (XY)
  cube_position (z)     = 0.0200 m                object_lift_height_cm = 0 cm
  cube_position (xy)    = [-0.250, -0.000]        grasp_completed       = 0
  finger_contacts (raw) = 0                       finger_contacts       = 0
  x                                               grasp_attempts        = 0
  episode                = 1                      x
  step                   = 12                     x
  ee_position            = [-0.2567, -0.0000, 0.0585]  x
  ee_velocity            = [-0.1778, 0.0003, -0.5876]  x
  target_position        = [0.1500, 0.0000, 0.0200]  x
  reward                 = -0.4000                x
  is_success             = False                  x
  obstacle_in_path       = False                  x
  obstacle_count_in_path = 0                      x
  obstacles              = {}                     x
  objects                = {'object_1': {'type': 'box', 'size': [0.04, 0.04, 0.04], 'mass': 1.0, 'color': [0.1, 0.2, 0.9, 1.0], 'initial_position': [-0.25, 0.0, 0.02], 'lateral_friction': 0.5, 'spinning_friction': 0.001, 'current_position': [-0.2500096250286003, -2.1045845241265372e-05, 0.01998711247706236]}, 'unknown_object': {'type': 'box', 'size': [0.04, 0.01, 0.04], 'mass': 0.3, 'color': [0.9, 0.4, 0.1, 1.0], 'initial_position': [-0.25, 0.02, 0.02], 'lateral_friction': 0.5, 'spinning_friction': 0.001, 'current_position': [-0.2500437735937961, 0.0249418522441364, 0.019993915444074157]}}  x
  scripts                = {'script_1': True, 'reach_only': True, 'left_right': True}  x
  target_goal            = {'type': 'goal_sequence', 'targets': [{'name': 'target', 'position': [0.15000000596046448, 0.0, 0.019999999552965164]}], 'mode': 'goal_sequence'}  x
  scene                  = {'table': {'length': 1.1, 'width': 0.7, 'height': 0.4, 'x_offset': -0.3, 'lateral_friction': 3.0, 'spinning_friction': 0.001}}  x
  robot_config           = {'control_type': 'ee', 'block_gripper': False, 'base_position': [-0.6, 0.0, 0.05]}  x
  current_task           = OBJECT_DELIVERY_SEQUENCE  x
  current_subtask        = APPROACH_OBJECT        x
  active_target_name     = target                 x
  action                 = [0.3223, 0.0003, -0.9466, 1.0000]  x
  joint_angles           = [-0.0008, 0.1141, 0.0006, -2.8742, -0.0000, 2.9734, 0.7853]  x
  joint_velocities       = [0.0001, 2.2018, -0.0007, 0.4189, -0.0020, 0.8672, 0.0011]  x
  cube_rotation          = [0.0002, -0.0000, 0.0004]  x
  cube_linear_velocity   = [-0.0000, 0.0000, -0.0000]  x
  obstacle_positions     = {}                     x
[step=  12 17:33:06.997][Analyzer] ASM node=approach_object  goal_status=not_applicable
[step=  12 17:33:07.002][DejaVu] {'status': 'ok', 'unanticipated': False}
[step=  13 17:33:08.061][Manager] ep=1 subtask=GRASP_OBJECT reward=-0.4000
[step=  13 17:33:08.062][Perception]
  RAW PERCEPTION                                  MONITORED PARAMS
  ----------------------------------------------  --------------------------------------
  fingers_width         = 0.0800 m                gripper_width_cm      = 7 cm
  dist_ee_to_cube       = 0.0092 m                distance_ee_object_cm = 0 cm
  dist_cube_to_target   = 0.4000 m  (3D)          distance_obj_goal_cm  = 40 cm  (XY)
  cube_position (z)     = 0.0200 m                object_lift_height_cm = 0 cm
  cube_position (xy)    = [-0.250, -0.000]        grasp_completed       = 0
  finger_contacts (raw) = 0                       finger_contacts       = 0
  x                                               grasp_attempts        = 0
  episode                = 1                      x
  step                   = 13                     x
  ee_position            = [-0.2448, -0.0000, 0.0275]  x
  ee_velocity            = [-0.1043, 0.0003, -0.6151]  x
  target_position        = [0.1500, 0.0000, 0.0200]  x
  reward                 = -0.4000                x
  is_success             = False                  x
  obstacle_in_path       = False                  x
  obstacle_count_in_path = 0                      x
  obstacles              = {}                     x
  objects                = {'object_1': {'type': 'box', 'size': [0.04, 0.04, 0.04], 'mass': 1.0, 'color': [0.1, 0.2, 0.9, 1.0], 'initial_position': [-0.25, 0.0, 0.02], 'lateral_friction': 0.5, 'spinning_friction': 0.001, 'current_position': [-0.2500110261550974, -2.067586366054367e-05, 0.019987079998117142]}, 'unknown_object': {'type': 'box', 'size': [0.04, 0.01, 0.04], 'mass': 0.3, 'color': [0.9, 0.4, 0.1, 1.0], 'initial_position': [-0.25, 0.02, 0.02], 'lateral_friction': 0.5, 'spinning_friction': 0.001, 'current_position': [-0.25005045044667384, 0.024942660253801634, 0.019994259348944433]}}  x
  scripts                = {'script_1': True, 'reach_only': True, 'left_right': True}  x
  target_goal            = {'type': 'goal_sequence', 'targets': [{'name': 'target', 'position': [0.15000000596046448, 0.0, 0.019999999552965164]}], 'mode': 'goal_sequence'}  x
  scene                  = {'table': {'length': 1.1, 'width': 0.7, 'height': 0.4, 'x_offset': -0.3, 'lateral_friction': 3.0, 'spinning_friction': 0.001}}  x
  robot_config           = {'control_type': 'ee', 'block_gripper': False, 'base_position': [-0.6, 0.0, 0.05]}  x
  current_task           = OBJECT_DELIVERY_SEQUENCE  x
  current_subtask        = GRASP_OBJECT           x
  active_target_name     = target                 x
  action                 = [0.4436, 0.0014, -0.8962, 1.0000]  x
  joint_angles           = [-0.0005, 0.2612, 0.0004, -2.8100, -0.0002, 3.0542, 0.7855]  x
  joint_velocities       = [0.0022, 2.3161, -0.0021, 0.7998, -0.0015, 0.6213, 0.0017]  x
  cube_rotation          = [0.0002, -0.0000, 0.0005]  x
  cube_linear_velocity   = [-0.0000, 0.0000, -0.0000]  x
  obstacle_positions     = {}                     x
[step=  13 17:33:08.065][ASM] [OK] approach_object → grasp_object  (type=domain)
[step=  13 17:33:08.065][Analyzer] ASM node=grasp_object  goal_status=ok  (scenario=GRASP_OBJECT)
[step=  13 17:33:08.077][DejaVu] {'status': 'ok', 'unanticipated': False}
[step=  14 17:33:09.221][Manager] ep=1 subtask=GRASP_OBJECT reward=-0.3979
[step=  14 17:33:09.222][Perception]
  RAW PERCEPTION                                  MONITORED PARAMS
  ----------------------------------------------  --------------------------------------
  fingers_width         = 0.0462 m                gripper_width_cm      = 4 cm
  dist_ee_to_cube       = 0.0013 m                distance_ee_object_cm = 0 cm
  dist_cube_to_target   = 0.3979 m  (3D)          distance_obj_goal_cm  = 39 cm  (XY)
  cube_position (z)     = 0.0240 m                object_lift_height_cm = 0 cm
  cube_position (xy)    = [-0.248, -0.001]        grasp_completed       = 1
  finger_contacts (raw) = 1                       finger_contacts       = 1
  x                                               grasp_attempts        = 1
  episode                = 1                      x
  step                   = 14                     x
  ee_position            = [-0.2475, -0.0000, 0.0240]  x
  ee_velocity            = [0.1568, -0.0010, 0.1976]  x
  target_position        = [0.1500, 0.0000, 0.0200]  x
  reward                 = -0.3979                x
  is_success             = False                  x
  obstacle_in_path       = False                  x
  obstacle_count_in_path = 0                      x
  obstacles              = {}                     x
  objects                = {'object_1': {'type': 'box', 'size': [0.04, 0.04, 0.04], 'mass': 1.0, 'color': [0.1, 0.2, 0.9, 1.0], 'initial_position': [-0.25, 0.0, 0.02], 'lateral_friction': 0.5, 'spinning_friction': 0.001, 'current_position': [-0.24783085794715015, -0.0012954183578003777, 0.02395222144940094]}, 'unknown_object': {'type': 'box', 'size': [0.04, 0.01, 0.04], 'mass': 0.3, 'color': [0.9, 0.4, 0.1, 1.0], 'initial_position': [-0.25, 0.02, 0.02], 'lateral_friction': 0.5, 'spinning_friction': 0.001, 'current_position': [-0.24780864330612665, 0.02367525262028171, 0.023808241986584336]}}  x
  scripts                = {'script_1': True, 'reach_only': True, 'left_right': True}  x
  target_goal            = {'type': 'goal_sequence', 'targets': [{'name': 'target', 'position': [0.15000000596046448, 0.0, 0.019999999552965164]}], 'mode': 'goal_sequence'}  x
  scene                  = {'table': {'length': 1.1, 'width': 0.7, 'height': 0.4, 'x_offset': -0.3, 'lateral_friction': 3.0, 'spinning_friction': 0.001}}  x
  robot_config           = {'control_type': 'ee', 'block_gripper': False, 'base_position': [-0.6, 0.0, 0.05]}  x
  current_task           = OBJECT_DELIVERY_SEQUENCE  x
  current_subtask        = GRASP_OBJECT           x
  active_target_name     = target                 x
  action                 = [0.0000, 0.0000, 0.0000, -1.0000]  x
  joint_angles           = [-0.0004, 0.2669, 0.0002, -2.8174, -0.0004, 3.0728, 0.7856]  x
  joint_velocities       = [0.0011, -0.5719, -0.0032, -0.0851, 0.0004, 0.1428, -0.0003]  x
  cube_rotation          = [-0.0073, -0.0230, 0.0152]  x
  cube_linear_velocity   = [0.1574, 0.0119, 0.1981]  x
  obstacle_positions     = {}                     x
[step=  14 17:33:09.224][ASM] [ADAPT] grasp_object → retry_grasp  (type=adaptive)
[step=  14 17:33:09.225][Analyzer] ASM node=retry_grasp  goal_status=VIOLATED  → adaptation=RETRY_GRASP
[step=  14 17:33:09.229][DejaVu] {'status': 'ok', 'unanticipated': False}
[step=  14 17:33:09.229][Planner] situacao=RETRY_GRASP  strategy=RETRY_GRASP
[step=  14 17:33:09.376][Manager] Adaptacao iniciada: RETRY_GRASP
[step=  15 17:33:10.395][Manager] ep=1 subtask= reward=-0.4000
[step=  15 17:33:10.395][Perception]
  RAW PERCEPTION                                  MONITORED PARAMS
  ----------------------------------------------  --------------------------------------
  fingers_width         = 0.0759 m                gripper_width_cm      = 7 cm
  dist_ee_to_cube       = 0.0055 m                distance_ee_object_cm = 0 cm
  dist_cube_to_target   = 0.4000 m  (3D)          distance_obj_goal_cm  = 40 cm  (XY)
  cube_position (z)     = 0.0200 m                object_lift_height_cm = 0 cm
  cube_position (xy)    = [-0.250, 0.000]         grasp_completed       = 0
  finger_contacts (raw) = 0                       finger_contacts       = 0
  x                                               grasp_attempts        = 1
  episode                = 1                      x
  step                   = 15                     x
  ee_position            = [-0.2472, -0.0000, 0.0247]  x
  ee_velocity            = [-0.0035, -0.0000, -0.0018]  x
  target_position        = [0.1500, 0.0000, 0.0200]  x
  reward                 = -0.4000                x
  is_success             = False                  x
  obstacle_in_path       = False                  x
  obstacle_count_in_path = 0                      x
  obstacles              = {}                     x
  objects                = {'object_1': {'type': 'box', 'size': [0.04, 0.04, 0.04], 'mass': 1.0, 'color': [0.1, 0.2, 0.9, 1.0], 'initial_position': [-0.25, 0.0, 0.02], 'lateral_friction': 0.5, 'spinning_friction': 0.001, 'current_position': [-0.24999999983304547, 1.0524482470825177e-09, 0.019989999510947647]}, 'unknown_object': {'type': 'box', 'size': [0.04, 0.01, 0.04], 'mass': 0.3, 'color': [0.9, 0.4, 0.1, 1.0], 'initial_position': [-0.25, 0.02, 0.02], 'lateral_friction': 0.5, 'spinning_friction': 0.001, 'current_position': [-0.2417557080010307, 0.025770448372360755, 0.023242614751400707]}}  x
  scripts                = {'script_1': True, 'reach_only': True, 'left_right': True}  x
  target_goal            = {'type': 'goal_sequence', 'targets': [{'name': 'target', 'position': [0.15000000596046448, 0.0, 0.019999999552965164]}], 'mode': 'goal_sequence'}  x
  scene                  = {'table': {'length': 1.1, 'width': 0.7, 'height': 0.4, 'x_offset': -0.3, 'lateral_friction': 3.0, 'spinning_friction': 0.001}}  x
  robot_config           = {'control_type': 'ee', 'block_gripper': False, 'base_position': [-0.6, 0.0, 0.05]}  x
  current_task           = RETRY_GRASP            x
  active_target_name     = target                 x
  action                 = [0.0000, 0.0000, 0.0000, 1.0000]  x
  joint_angles           = [-0.0003, 0.2671, 0.0001, -2.8230, -0.0004, 3.0886, 0.7856]  x
  joint_velocities       = [0.0006, 0.0119, -0.0006, -0.0433, -0.0003, 0.1215, 0.0006]  x
  cube_rotation          = [-0.0000, -0.0000, -0.0000]  x
  cube_linear_velocity   = [-0.0000, 0.0000, -0.0000]  x
  obstacle_positions     = {}                     x
[step=  15 17:33:10.398][Analyzer] ASM node=retry_grasp  goal_status=not_applicable
[step=  15 17:33:10.424][DejaVu] {'status': 'ok', 'unanticipated': True}
[step=  16 17:33:11.555][Manager] ep=1 subtask= reward=-0.4000
[step=  16 17:33:11.555][Perception]
  RAW PERCEPTION                                  MONITORED PARAMS
  ----------------------------------------------  --------------------------------------
  fingers_width         = 0.0795 m                gripper_width_cm      = 7 cm
  dist_ee_to_cube       = 0.0203 m                distance_ee_object_cm = 2 cm
  dist_cube_to_target   = 0.4000 m  (3D)          distance_obj_goal_cm  = 40 cm  (XY)
  cube_position (z)     = 0.0200 m                object_lift_height_cm = 0 cm
  cube_position (xy)    = [-0.250, 0.000]         grasp_completed       = 0
  finger_contacts (raw) = 0                       finger_contacts       = 0
  x                                               grasp_attempts        = 1
  episode                = 1                      x
  step                   = 16                     x
  ee_position            = [-0.2619, 0.0000, 0.0364]  x
  ee_velocity            = [0.5224, -0.0000, 0.8698]  x
  target_position        = [0.1500, 0.0000, 0.0200]  x
  reward                 = -0.4000                x
  is_success             = False                  x
  obstacle_in_path       = False                  x
  obstacle_count_in_path = 0                      x
  obstacles              = {}                     x
  objects                = {'object_1': {'type': 'box', 'size': [0.04, 0.04, 0.04], 'mass': 1.0, 'color': [0.1, 0.2, 0.9, 1.0], 'initial_position': [-0.25, 0.0, 0.02], 'lateral_friction': 0.5, 'spinning_friction': 0.001, 'current_position': [-0.2499999993103942, 5.036812809320774e-10, 0.019989999865444613]}, 'unknown_object': {'type': 'box', 'size': [0.04, 0.01, 0.04], 'mass': 0.3, 'color': [0.9, 0.4, 0.1, 1.0], 'initial_position': [-0.25, 0.02, 0.02], 'lateral_friction': 0.5, 'spinning_friction': 0.001, 'current_position': [-0.239154276789727, 0.02645767579227989, 0.019980038907731822]}}  x
  scripts                = {'script_1': True, 'reach_only': True, 'left_right': True}  x
  target_goal            = {'type': 'goal_sequence', 'targets': [{'name': 'target', 'position': [0.15000000596046448, 0.0, 0.019999999552965164]}], 'mode': 'goal_sequence'}  x
  scene                  = {'table': {'length': 1.1, 'width': 0.7, 'height': 0.4, 'x_offset': -0.3, 'lateral_friction': 3.0, 'spinning_friction': 0.001}}  x
  robot_config           = {'control_type': 'ee', 'block_gripper': False, 'base_position': [-0.6, 0.0, 0.05]}  x
  current_task           = RETRY_GRASP            x
  active_target_name     = target                 x
  action                 = [-0.0201, 0.0001, 0.9998, 1.0000]  x
  joint_angles           = [-0.0003, 0.1893, 0.0002, -2.8488, -0.0003, 2.9863, 0.7856]  x
  joint_velocities       = [-0.0000, -2.9192, 0.0007, -0.2907, 0.0006, -0.7866, 0.0000]  x
  cube_rotation          = [-0.0000, -0.0000, -0.0000]  x
  cube_linear_velocity   = [0.0000, -0.0000, 0.0000]  x
  obstacle_positions     = {}                     x
[step=  16 17:33:11.559][Analyzer] ASM node=retry_grasp  goal_status=not_applicable
[step=  16 17:33:11.581][DejaVu] {'status': 'ok', 'unanticipated': True}
[step=  17 17:33:12.741][Manager] ep=1 subtask= reward=-0.4000
[step=  17 17:33:12.741][Perception]
  RAW PERCEPTION                                  MONITORED PARAMS
  ----------------------------------------------  --------------------------------------
  fingers_width         = 0.0799 m                gripper_width_cm      = 7 cm
  dist_ee_to_cube       = 0.0514 m                distance_ee_object_cm = 5 cm
  dist_cube_to_target   = 0.4000 m  (3D)          distance_obj_goal_cm  = 40 cm  (XY)
  cube_position (z)     = 0.0200 m                object_lift_height_cm = 0 cm
  cube_position (xy)    = [-0.250, 0.000]         grasp_completed       = 0
  finger_contacts (raw) = 0                       finger_contacts       = 0
  x                                               grasp_attempts        = 1
  episode                = 1                      x
  step                   = 17                     x
  ee_position            = [-0.2535, 0.0000, 0.0713]  x
  ee_velocity            = [0.1037, 0.0000, 0.3648]  x
  target_position        = [0.1500, 0.0000, 0.0200]  x
  reward                 = -0.4000                x
  is_success             = False                  x
  obstacle_in_path       = False                  x
  obstacle_count_in_path = 0                      x
  obstacles              = {}                     x
  objects                = {'object_1': {'type': 'box', 'size': [0.04, 0.04, 0.04], 'mass': 1.0, 'color': [0.1, 0.2, 0.9, 1.0], 'initial_position': [-0.25, 0.0, 0.02], 'lateral_friction': 0.5, 'spinning_friction': 0.001, 'current_position': [-0.24999999924559296, 4.593168632513961e-10, 0.019989999974610286]}, 'unknown_object': {'type': 'box', 'size': [0.04, 0.01, 0.04], 'mass': 0.3, 'color': [0.9, 0.4, 0.1, 1.0], 'initial_position': [-0.25, 0.02, 0.02], 'lateral_friction': 0.5, 'spinning_friction': 0.001, 'current_position': [-0.2393350416125113, 0.02651878083530201, 0.0199761379522635]}}  x
  scripts                = {'script_1': True, 'reach_only': True, 'left_right': True}  x
  target_goal            = {'type': 'goal_sequence', 'targets': [{'name': 'target', 'position': [0.15000000596046448, 0.0, 0.019999999552965164]}], 'mode': 'goal_sequence'}  x
  scene                  = {'table': {'length': 1.1, 'width': 0.7, 'height': 0.4, 'x_offset': -0.3, 'lateral_friction': 3.0, 'spinning_friction': 0.001}}  x
  robot_config           = {'control_type': 'ee', 'block_gripper': False, 'base_position': [-0.6, 0.0, 0.05]}  x
  current_task           = RETRY_GRASP            x
  active_target_name     = target                 x
  action                 = [0.0923, -0.0000, 0.9957, 1.0000]  x
  joint_angles           = [-0.0003, 0.0585, 0.0003, -2.8807, -0.0002, 2.9385, 0.7856]  x
  joint_velocities       = [-0.0000, -1.3620, 0.0005, -0.3048, 0.0008, -0.3679, -0.0003]  x
  cube_rotation          = [-0.0000, -0.0000, -0.0000]  x
  cube_linear_velocity   = [0.0000, -0.0000, 0.0000]  x
  obstacle_positions     = {}                     x
[step=  17 17:33:12.745][Analyzer] ASM node=retry_grasp  goal_status=not_applicable
[step=  17 17:33:12.766][DejaVu] {'status': 'ok', 'unanticipated': True}
[step=  18 17:33:13.861][Manager] ep=1 subtask= reward=-0.4000
[step=  18 17:33:13.862][Perception]
  RAW PERCEPTION                                  MONITORED PARAMS
  ----------------------------------------------  --------------------------------------
  fingers_width         = 0.0800 m                gripper_width_cm      = 7 cm
  dist_ee_to_cube       = 0.0774 m                distance_ee_object_cm = 7 cm
  dist_cube_to_target   = 0.4000 m  (3D)          distance_obj_goal_cm  = 40 cm  (XY)
  cube_position (z)     = 0.0200 m                object_lift_height_cm = 0 cm
  cube_position (xy)    = [-0.250, 0.000]         grasp_completed       = 0
  finger_contacts (raw) = 0                       finger_contacts       = 0
  x                                               grasp_attempts        = 1
  episode                = 1                      x
  step                   = 18                     x
  ee_position            = [-0.2521, 0.0000, 0.0974]  x
  ee_velocity            = [0.2672, -0.0000, 0.5977]  x
  target_position        = [0.1500, 0.0000, 0.0200]  x
  reward                 = -0.4000                x
  is_success             = False                  x
  obstacle_in_path       = False                  x
  obstacle_count_in_path = 0                      x
  obstacles              = {}                     x
  objects                = {'object_1': {'type': 'box', 'size': [0.04, 0.04, 0.04], 'mass': 1.0, 'color': [0.1, 0.2, 0.9, 1.0], 'initial_position': [-0.25, 0.0, 0.02], 'lateral_friction': 0.5, 'spinning_friction': 0.001, 'current_position': [-0.24999999994938268, 1.3935042437815596e-09, 0.019989998941242256]}, 'unknown_object': {'type': 'box', 'size': [0.04, 0.01, 0.04], 'mass': 0.3, 'color': [0.9, 0.4, 0.1, 1.0], 'initial_position': [-0.25, 0.02, 0.02], 'lateral_friction': 0.5, 'spinning_friction': 0.001, 'current_position': [-0.23934599758647274, 0.026519979710345996, 0.019987264961870293]}}  x
  scripts                = {'script_1': True, 'reach_only': True, 'left_right': True}  x
  target_goal            = {'type': 'goal_sequence', 'targets': [{'name': 'target', 'position': [0.15000000596046448, 0.0, 0.019999999552965164]}], 'mode': 'goal_sequence'}  x
  scene                  = {'table': {'length': 1.1, 'width': 0.7, 'height': 0.4, 'x_offset': -0.3, 'lateral_friction': 3.0, 'spinning_friction': 0.001}}  x
  robot_config           = {'control_type': 'ee', 'block_gripper': False, 'base_position': [-0.6, 0.0, 0.05]}  x
  current_task           = RETRY_GRASP            x
  active_target_name     = target                 x
  action                 = [0.0378, -0.0001, 0.9993, 1.0000]  x
  joint_angles           = [-0.0003, -0.0460, 0.0003, -2.8793, -0.0000, 2.8213, 0.7855]  x
  joint_velocities       = [0.0004, -1.9298, 0.0000, 0.0097, 0.0015, -0.9007, -0.0012]  x
  cube_rotation          = [-0.0000, -0.0000, -0.0000]  x
  cube_linear_velocity   = [0.0000, 0.0000, 0.0000]  x
  obstacle_positions     = {}                     x
[step=  18 17:33:13.865][Analyzer] ASM node=retry_grasp  goal_status=not_applicable
[step=  18 17:33:13.885][DejaVu] {'status': 'ok', 'unanticipated': True}
[step=  19 17:33:15.023][Manager] ep=1 subtask= reward=-0.4000
[step=  19 17:33:15.023][Perception]
  RAW PERCEPTION                                  MONITORED PARAMS
  ----------------------------------------------  --------------------------------------
  fingers_width         = 0.0800 m                gripper_width_cm      = 7 cm
  dist_ee_to_cube       = 0.1082 m                distance_ee_object_cm = 10 cm
  dist_cube_to_target   = 0.4000 m  (3D)          distance_obj_goal_cm  = 40 cm  (XY)
  cube_position (z)     = 0.0200 m                object_lift_height_cm = 0 cm
  cube_position (xy)    = [-0.250, 0.000]         grasp_completed       = 0
  finger_contacts (raw) = 0                       finger_contacts       = 0
  x                                               grasp_attempts        = 1
  episode                = 1                      x
  step                   = 19                     x
  ee_position            = [-0.2477, 0.0000, 0.1282]  x
  ee_velocity            = [0.1335, 0.0001, 0.4336]  x
  target_position        = [0.1500, 0.0000, 0.0200]  x
  reward                 = -0.4000                x
  is_success             = False                  x
  obstacle_in_path       = False                  x
  obstacle_count_in_path = 0                      x
  obstacles              = {}                     x
  objects                = {'object_1': {'type': 'box', 'size': [0.04, 0.04, 0.04], 'mass': 1.0, 'color': [0.1, 0.2, 0.9, 1.0], 'initial_position': [-0.25, 0.0, 0.02], 'lateral_friction': 0.5, 'spinning_friction': 0.001, 'current_position': [-0.24999999861842676, 2.2405257049696827e-09, 0.01998999913324886]}, 'unknown_object': {'type': 'box', 'size': [0.04, 0.01, 0.04], 'mass': 0.3, 'color': [0.9, 0.4, 0.1, 1.0], 'initial_position': [-0.25, 0.02, 0.02], 'lateral_friction': 0.5, 'spinning_friction': 0.001, 'current_position': [-0.23934785228662322, 0.026520495366506143, 0.019989012609203095]}}  x
  scripts                = {'script_1': True, 'reach_only': True, 'left_right': True}  x
  target_goal            = {'type': 'goal_sequence', 'targets': [{'name': 'target', 'position': [0.15000000596046448, 0.0, 0.019999999552965164]}], 'mode': 'goal_sequence'}  x
  scene                  = {'table': {'length': 1.1, 'width': 0.7, 'height': 0.4, 'x_offset': -0.3, 'lateral_friction': 3.0, 'spinning_friction': 0.001}}  x
  robot_config           = {'control_type': 'ee', 'block_gripper': False, 'base_position': [-0.6, 0.0, 0.05]}  x
  current_task           = RETRY_GRASP            x
  active_target_name     = target                 x
  action                 = [0.0308, -0.0002, 0.9995, 1.0000]  x
  joint_angles           = [-0.0002, -0.1541, 0.0003, -2.8731, 0.0001, 2.7136, 0.7854]  x
  joint_velocities       = [0.0002, -1.3912, 0.0001, 0.0476, 0.0007, -0.8281, -0.0006]  x
  cube_rotation          = [-0.0000, -0.0000, -0.0000]  x
  cube_linear_velocity   = [0.0000, 0.0000, 0.0000]  x
  obstacle_positions     = {}                     x
[step=  19 17:33:15.025][Analyzer] ASM node=retry_grasp  goal_status=not_applicable
[step=  19 17:33:15.042][DejaVu] {'status': 'ok', 'unanticipated': True}
[step=  20 17:33:16.169][Manager] ep=1 subtask= reward=-0.4000
[step=  20 17:33:16.169][Perception]
  RAW PERCEPTION                                  MONITORED PARAMS
  ----------------------------------------------  --------------------------------------
  fingers_width         = 0.0800 m                gripper_width_cm      = 7 cm
  dist_ee_to_cube       = 0.1375 m                distance_ee_object_cm = 13 cm
  dist_cube_to_target   = 0.4000 m  (3D)          distance_obj_goal_cm  = 40 cm  (XY)
  cube_position (z)     = 0.0200 m                object_lift_height_cm = 0 cm
  cube_position (xy)    = [-0.250, 0.000]         grasp_completed       = 0
  finger_contacts (raw) = 0                       finger_contacts       = 0
  x                                               grasp_attempts        = 1
  episode                = 1                      x
  step                   = 20                     x
  ee_position            = [-0.2473, -0.0000, 0.1575]  x
  ee_velocity            = [0.1559, 0.0000, 0.5619]  x
  target_position        = [0.1500, 0.0000, 0.0200]  x
  reward                 = -0.4000                x
  is_success             = False                  x
  obstacle_in_path       = False                  x
  obstacle_count_in_path = 0                      x
  obstacles              = {}                     x
  objects                = {'object_1': {'type': 'box', 'size': [0.04, 0.04, 0.04], 'mass': 1.0, 'color': [0.1, 0.2, 0.9, 1.0], 'initial_position': [-0.25, 0.0, 0.02], 'lateral_friction': 0.5, 'spinning_friction': 0.001, 'current_position': [-0.2499999976875781, 2.843214075511315e-09, 0.019989999169478904]}, 'unknown_object': {'type': 'box', 'size': [0.04, 0.01, 0.04], 'mass': 0.3, 'color': [0.9, 0.4, 0.1, 1.0], 'initial_position': [-0.25, 0.02, 0.02], 'lateral_friction': 0.5, 'spinning_friction': 0.001, 'current_position': [-0.23934818329973057, 0.026520540631083774, 0.019989342552623187]}}  x
  scripts                = {'script_1': True, 'reach_only': True, 'left_right': True}  x
  target_goal            = {'type': 'goal_sequence', 'targets': [{'name': 'target', 'position': [0.15000000596046448, 0.0, 0.019999999552965164]}], 'mode': 'goal_sequence'}  x
  scene                  = {'table': {'length': 1.1, 'width': 0.7, 'height': 0.4, 'x_offset': -0.3, 'lateral_friction': 3.0, 'spinning_friction': 0.001}}  x
  robot_config           = {'control_type': 'ee', 'block_gripper': False, 'base_position': [-0.6, 0.0, 0.05]}  x
  current_task           = RETRY_GRASP            x
  active_target_name     = target                 x
  action                 = [-0.0626, -0.0002, 0.9980, 1.0000]  x
  joint_angles           = [-0.0002, -0.2547, 0.0003, -2.8607, 0.0001, 2.5960, 0.7853]  x
  joint_velocities       = [0.0004, -1.7166, -0.0002, 0.0958, 0.0003, -0.9042, -0.0006]  x
  cube_rotation          = [-0.0000, -0.0000, -0.0000]  x
  cube_linear_velocity   = [0.0000, 0.0000, 0.0000]  x
  obstacle_positions     = {}                     x
[step=  20 17:33:16.172][Analyzer] ASM node=retry_grasp  goal_status=not_applicable
[step=  20 17:33:16.187][DejaVu] {'status': 'ok', 'unanticipated': True}
[step=  21 17:33:17.329][Manager] ep=1 subtask= reward=-0.4000
[step=  21 17:33:17.329][Perception]
  RAW PERCEPTION                                  MONITORED PARAMS
  ----------------------------------------------  --------------------------------------
  fingers_width         = 0.0800 m                gripper_width_cm      = 7 cm
  dist_ee_to_cube       = 0.1662 m                distance_ee_object_cm = 16 cm
  dist_cube_to_target   = 0.4000 m  (3D)          distance_obj_goal_cm  = 40 cm  (XY)
  cube_position (z)     = 0.0200 m                object_lift_height_cm = 0 cm
  cube_position (xy)    = [-0.250, 0.000]         grasp_completed       = 0
  finger_contacts (raw) = 0                       finger_contacts       = 0
  x                                               grasp_attempts        = 1
  episode                = 1                      x
  step                   = 21                     x
  ee_position            = [-0.2557, 0.0000, 0.1861]  x
  ee_velocity            = [0.0421, 0.0000, 0.5218]  x
  target_position        = [0.1500, 0.0000, 0.0200]  x
  reward                 = -0.4000                x
  is_success             = False                  x
  obstacle_in_path       = False                  x
  obstacle_count_in_path = 0                      x
  obstacles              = {}                     x
  objects                = {'object_1': {'type': 'box', 'size': [0.04, 0.04, 0.04], 'mass': 1.0, 'color': [0.1, 0.2, 0.9, 1.0], 'initial_position': [-0.25, 0.0, 0.02], 'lateral_friction': 0.5, 'spinning_friction': 0.001, 'current_position': [-0.2499999968322275, 3.3997978863300557e-09, 0.019989999176315228]}, 'unknown_object': {'type': 'box', 'size': [0.04, 0.01, 0.04], 'mass': 0.3, 'color': [0.9, 0.4, 0.1, 1.0], 'initial_position': [-0.25, 0.02, 0.02], 'lateral_friction': 0.5, 'spinning_friction': 0.001, 'current_position': [-0.23934822671882583, 0.026520497325939304, 0.01998940484247128]}}  x
  scripts                = {'script_1': True, 'reach_only': True, 'left_right': True}  x
  target_goal            = {'type': 'goal_sequence', 'targets': [{'name': 'target', 'position': [0.15000000596046448, 0.0, 0.019999999552965164]}], 'mode': 'goal_sequence'}  x
  scene                  = {'table': {'length': 1.1, 'width': 0.7, 'height': 0.4, 'x_offset': -0.3, 'lateral_friction': 3.0, 'spinning_friction': 0.001}}  x
  robot_config           = {'control_type': 'ee', 'block_gripper': False, 'base_position': [-0.6, 0.0, 0.05]}  x
  current_task           = RETRY_GRASP            x
  active_target_name     = target                 x
  action                 = [-0.3410, 0.0001, 0.9401, 1.0000]  x
  joint_angles           = [-0.0002, -0.3740, 0.0002, -2.8715, 0.0001, 2.4903, 0.7853]  x
  joint_velocities       = [0.0001, -1.8526, 0.0001, -0.1197, 0.0002, -0.8128, -0.0001]  x
  cube_rotation          = [-0.0000, -0.0000, -0.0000]  x
  cube_linear_velocity   = [0.0000, 0.0000, 0.0000]  x
  obstacle_positions     = {}                     x
[step=  21 17:33:17.332][Analyzer] ASM node=retry_grasp  goal_status=not_applicable
[step=  21 17:33:17.349][DejaVu] {'status': 'ok', 'unanticipated': True}
[step=  22 17:33:18.489][Manager] ep=1 subtask= reward=-0.4000
[step=  22 17:33:18.490][Perception]
  RAW PERCEPTION                                  MONITORED PARAMS
  ----------------------------------------------  --------------------------------------
  fingers_width         = 0.0800 m                gripper_width_cm      = 7 cm
  dist_ee_to_cube       = 0.1622 m                distance_ee_object_cm = 16 cm
  dist_cube_to_target   = 0.4000 m  (3D)          distance_obj_goal_cm  = 40 cm  (XY)
  cube_position (z)     = 0.0200 m                object_lift_height_cm = 0 cm
  cube_position (xy)    = [-0.250, 0.000]         grasp_completed       = 0
  finger_contacts (raw) = 0                       finger_contacts       = 0
  x                                               grasp_attempts        = 1
  episode                = 1                      x
  step                   = 22                     x
  ee_position            = [-0.2456, 0.0000, 0.1821]  x
  ee_velocity            = [-0.3188, -0.0002, -0.9401]  x
  target_position        = [0.1500, 0.0000, 0.0200]  x
  reward                 = -0.4000                x
  is_success             = False                  x
  obstacle_in_path       = False                  x
  obstacle_count_in_path = 0                      x
  obstacles              = {}                     x
  objects                = {'object_1': {'type': 'box', 'size': [0.04, 0.04, 0.04], 'mass': 1.0, 'color': [0.1, 0.2, 0.9, 1.0], 'initial_position': [-0.25, 0.0, 0.02], 'lateral_friction': 0.5, 'spinning_friction': 0.001, 'current_position': [-0.24999999599112296, 3.947681922839392e-09, 0.019989999177605196]}, 'unknown_object': {'type': 'box', 'size': [0.04, 0.01, 0.04], 'mass': 0.3, 'color': [0.9, 0.4, 0.1, 1.0], 'initial_position': [-0.25, 0.02, 0.02], 'lateral_friction': 0.5, 'spinning_friction': 0.001, 'current_position': [-0.23934821585782784, 0.026520437365216892, 0.0199894166022383]}}  x
  scripts                = {'script_1': True, 'reach_only': True, 'left_right': True}  x
  target_goal            = {'type': 'goal_sequence', 'targets': [{'name': 'target', 'position': [0.15000000596046448, 0.0, 0.019999999552965164]}], 'mode': 'goal_sequence'}  x
  scene                  = {'table': {'length': 1.1, 'width': 0.7, 'height': 0.4, 'x_offset': -0.3, 'lateral_friction': 3.0, 'spinning_friction': 0.001}}  x
  robot_config           = {'control_type': 'ee', 'block_gripper': False, 'base_position': [-0.6, 0.0, 0.05]}  x
  current_task           = RETRY_GRASP            x
  active_target_name     = target                 x
  action                 = [0.0405, -0.0000, -0.9992, 1.0000]  x
  joint_angles           = [-0.0002, -0.3543, 0.0003, -2.9052, 0.0003, 2.6260, 0.7853]  x
  joint_velocities       = [-0.0001, 2.6657, 0.0002, -0.2694, -0.0102, 1.0434, 0.0000]  x
  cube_rotation          = [-0.0000, -0.0000, -0.0000]  x
  cube_linear_velocity   = [0.0000, 0.0000, 0.0000]  x
  obstacle_positions     = {}                     x
[step=  22 17:33:18.492][Analyzer] ASM node=retry_grasp  goal_status=not_applicable
[step=  22 17:33:18.512][DejaVu] {'status': 'ok', 'unanticipated': True}
