[Trace] Gravando em: C:\Users\lucas_alves\Workspace\self-adaptive-arm-simulator\1-manager\traces\trace_20260725_012110.log
[step=   0 01:21:10.652][Manager] GUI conectado.
[step=   0 01:21:12.154][Manager] Aguardando percepcoes do managing...

[step=   0 01:21:12.169][WsClient] Conectado a ws://localhost:8000/ws/perception
[step=   1 01:21:12.220][Manager] ep=1 subtask=APPROACH_OBJECT reward=-0.4000
[step=   1 01:21:12.221][Perception]
  RAW PERCEPTION                                  MONITORED PARAMS
  ----------------------------------------------  --------------------------------------
  fingers_width         = 0.0703 m                gripper_width_cm      = 7 cm
  dist_ee_to_cube       = 0.3106 m                distance_ee_object_cm = 31 cm
  dist_cube_to_target   = 0.4000 m  (3D)          distance_obj_goal_cm  = 40 cm  (XY)
  cube_position (z)     = 0.0200 m                object_lift_height_cm = 0 cm
  cube_position (xy)    = [-0.250, 0.000]         grasp_completed       = 0
  target_position (xy)  = [0.150, 0.000]          finger_contacts       = 0
  x                                               grasp_attempts        = 0
  episode                = 1                      x
  step                   = 1                      x
  ee_position            = [0.0095, 0.0000, 0.1906]  x
  ee_velocity            = [-0.4160, 0.0005, -0.0497]  x
  reward                 = -0.4000                x
  is_success             = False                  x
  obstacle_in_path       = False                  x
  obstacle_count_in_path = 0                      x
  obstacles              = {}                     x
  objects                = {'object_1': {'type': 'box', 'size': [0.04, 0.04, 0.04], 'mass': 10.0, 'color': [0.1, 0.2, 0.9, 1.0], 'initial_position': [-0.25, 0.0, 0.02], 'lateral_friction': 0.5, 'spinning_friction': 0.001, 'current_position': [-0.2500006382154648, 3.7368201618191123e-07, 0.01998952846842175]}}  x
  scripts                = {'script_1': True, 'reach_only': True, 'left_right': True}  x
  target_goal            = {'type': 'goal_sequence', 'targets': [{'name': 'target', 'position': [0.15000000596046448, 0.0, 0.019999999552965164]}], 'mode': 'goal_sequence'}  x
  scene                  = {'table': {'length': 1.1, 'width': 0.7, 'height': 0.4, 'x_offset': -0.3, 'lateral_friction': 3.0, 'spinning_friction': 0.001}}  x
  robot_config           = {'control_type': 'ee', 'block_gripper': False, 'base_position': [-0.6, 0.0, 0.05]}  x
  current_task           = OBJECT_DELIVERY_SEQUENCE  x
  current_subtask        = APPROACH_OBJECT        x
  active_target_name     = target                 x
  action                 = [-0.9839, 0.0000, -0.1787, 1.0000]  x
  joint_angles           = [-0.0006, 0.3402, 0.0006, -1.9788, -0.0003, 2.3185, 0.7862]  x
  joint_velocities       = [-0.0043, -0.9484, 0.0052, -1.5662, -0.0026, 0.4502, -0.0295]  x
  cube_rotation          = [0.0000, -0.0000, -0.0000]  x
  cube_linear_velocity   = [-0.0000, 0.0000, -0.0000]  x
  obstacle_positions     = {}                     x
[step=   1 01:21:12.224][ASM] [OK] __init__ → approach_object  (type=domain)
[step=   1 01:21:12.224][Analyzer] ASM node=approach_object  goal_status=ok  (scenario=APPROACH_OBJECT)
[step=   2 01:21:13.377][Manager] ep=1 subtask=APPROACH_OBJECT reward=-0.4000
[step=   2 01:21:13.378][Perception]
  RAW PERCEPTION                                  MONITORED PARAMS
  ----------------------------------------------  --------------------------------------
  fingers_width         = 0.0788 m                gripper_width_cm      = 7 cm
  dist_ee_to_cube       = 0.2806 m                distance_ee_object_cm = 28 cm
  dist_cube_to_target   = 0.4000 m  (3D)          distance_obj_goal_cm  = 40 cm  (XY)
  cube_position (z)     = 0.0200 m                object_lift_height_cm = 0 cm
  cube_position (xy)    = [-0.250, 0.000]         grasp_completed       = 0
  target_position (xy)  = [0.150, 0.000]          finger_contacts       = 0
  x                                               grasp_attempts        = 0
  episode                = 1                      x
  step                   = 2                      x
  ee_position            = [-0.0225, 0.0000, 0.1842]  x
  ee_velocity            = [-0.3693, 0.0001, -0.0756]  x
  reward                 = -0.4000                x
  is_success             = False                  x
  obstacle_in_path       = False                  x
  obstacle_count_in_path = 0                      x
  obstacles              = {}                     x
  objects                = {'object_1': {'type': 'box', 'size': [0.04, 0.04, 0.04], 'mass': 10.0, 'color': [0.1, 0.2, 0.9, 1.0], 'initial_position': [-0.25, 0.0, 0.02], 'lateral_friction': 0.5, 'spinning_friction': 0.001, 'current_position': [-0.2500007504158555, 8.24417698433732e-07, 0.019989433475159142]}}  x
  scripts                = {'script_1': True, 'reach_only': True, 'left_right': True}  x
  target_goal            = {'type': 'goal_sequence', 'targets': [{'name': 'target', 'position': [0.15000000596046448, 0.0, 0.019999999552965164]}], 'mode': 'goal_sequence'}  x
  scene                  = {'table': {'length': 1.1, 'width': 0.7, 'height': 0.4, 'x_offset': -0.3, 'lateral_friction': 3.0, 'spinning_friction': 0.001}}  x
  robot_config           = {'control_type': 'ee', 'block_gripper': False, 'base_position': [-0.6, 0.0, 0.05]}  x
  current_task           = OBJECT_DELIVERY_SEQUENCE  x
  current_subtask        = APPROACH_OBJECT        x
  active_target_name     = target                 x
  action                 = [-0.9849, -0.0000, -0.1732, 1.0000]  x
  joint_angles           = [-0.0006, 0.2683, 0.0007, -2.1078, -0.0003, 2.3756, 0.7857]  x
  joint_velocities       = [-0.0007, -0.7571, 0.0008, -1.3320, 0.0000, 0.4389, -0.0038]  x
  cube_rotation          = [0.0000, -0.0000, -0.0000]  x
  cube_linear_velocity   = [-0.0000, 0.0000, -0.0000]  x
  obstacle_positions     = {}                     x
[step=   2 01:21:13.380][Analyzer] ASM node=approach_object  goal_status=not_applicable
[step=   3 01:21:14.511][Manager] ep=1 subtask=APPROACH_OBJECT reward=-0.4000
[step=   3 01:21:14.511][Perception]
  RAW PERCEPTION                                  MONITORED PARAMS
  ----------------------------------------------  --------------------------------------
  fingers_width         = 0.0799 m                gripper_width_cm      = 7 cm
  dist_ee_to_cube       = 0.2501 m                distance_ee_object_cm = 25 cm
  dist_cube_to_target   = 0.4000 m  (3D)          distance_obj_goal_cm  = 40 cm  (XY)
  cube_position (z)     = 0.0200 m                object_lift_height_cm = 0 cm
  cube_position (xy)    = [-0.250, 0.000]         grasp_completed       = 0
  target_position (xy)  = [0.150, 0.000]          finger_contacts       = 0
  x                                               grasp_attempts        = 0
  episode                = 1                      x
  step                   = 3                      x
  ee_position            = [-0.0556, 0.0000, 0.1774]  x
  ee_velocity            = [-0.3892, 0.0002, -0.0654]  x
  reward                 = -0.4000                x
  is_success             = False                  x
  obstacle_in_path       = False                  x
  obstacle_count_in_path = 0                      x
  obstacles              = {}                     x
  objects                = {'object_1': {'type': 'box', 'size': [0.04, 0.04, 0.04], 'mass': 10.0, 'color': [0.1, 0.2, 0.9, 1.0], 'initial_position': [-0.25, 0.0, 0.02], 'lateral_friction': 0.5, 'spinning_friction': 0.001, 'current_position': [-0.2500007855749166, 1.2751467347975804e-06, 0.019989415568297347]}}  x
  scripts                = {'script_1': True, 'reach_only': True, 'left_right': True}  x
  target_goal            = {'type': 'goal_sequence', 'targets': [{'name': 'target', 'position': [0.15000000596046448, 0.0, 0.019999999552965164]}], 'mode': 'goal_sequence'}  x
  scene                  = {'table': {'length': 1.1, 'width': 0.7, 'height': 0.4, 'x_offset': -0.3, 'lateral_friction': 3.0, 'spinning_friction': 0.001}}  x
  robot_config           = {'control_type': 'ee', 'block_gripper': False, 'base_position': [-0.6, 0.0, 0.05]}  x
  current_task           = OBJECT_DELIVERY_SEQUENCE  x
  current_subtask        = APPROACH_OBJECT        x
  active_target_name     = target                 x
  action                 = [-0.9855, -0.0001, -0.1699, 1.0000]  x
  joint_angles           = [-0.0007, 0.1972, 0.0007, -2.2343, -0.0002, 2.4311, 0.7856]  x
  joint_velocities       = [-0.0002, -0.8030, 0.0006, -1.3457, 0.0004, 0.4268, -0.0006]  x
  cube_rotation          = [0.0000, -0.0000, -0.0000]  x
  cube_linear_velocity   = [-0.0000, 0.0000, -0.0000]  x
  obstacle_positions     = {}                     x
[step=   3 01:21:14.514][Analyzer] ASM node=approach_object  goal_status=not_applicable
[step=   4 01:21:15.657][Manager] ep=1 subtask=APPROACH_OBJECT reward=-0.4000
[step=   4 01:21:15.657][Perception]
  RAW PERCEPTION                                  MONITORED PARAMS
  ----------------------------------------------  --------------------------------------
  fingers_width         = 0.0800 m                gripper_width_cm      = 7 cm
  dist_ee_to_cube       = 0.2199 m                distance_ee_object_cm = 21 cm
  dist_cube_to_target   = 0.4000 m  (3D)          distance_obj_goal_cm  = 40 cm  (XY)
  cube_position (z)     = 0.0200 m                object_lift_height_cm = 0 cm
  cube_position (xy)    = [-0.250, 0.000]         grasp_completed       = 0
  target_position (xy)  = [0.150, 0.000]          finger_contacts       = 0
  x                                               grasp_attempts        = 0
  episode                = 1                      x
  step                   = 4                      x
  ee_position            = [-0.0897, 0.0001, 0.1706]  x
  ee_velocity            = [-0.4008, 0.0003, -0.0701]  x
  reward                 = -0.4000                x
  is_success             = False                  x
  obstacle_in_path       = False                  x
  obstacle_count_in_path = 0                      x
  obstacles              = {}                     x
  objects                = {'object_1': {'type': 'box', 'size': [0.04, 0.04, 0.04], 'mass': 10.0, 'color': [0.1, 0.2, 0.9, 1.0], 'initial_position': [-0.25, 0.0, 0.02], 'lateral_friction': 0.5, 'spinning_friction': 0.001, 'current_position': [-0.25000080621045623, 1.7258736698107818e-06, 0.019989412192645814]}}  x
  scripts                = {'script_1': True, 'reach_only': True, 'left_right': True}  x
  target_goal            = {'type': 'goal_sequence', 'targets': [{'name': 'target', 'position': [0.15000000596046448, 0.0, 0.019999999552965164]}], 'mode': 'goal_sequence'}  x
  scene                  = {'table': {'length': 1.1, 'width': 0.7, 'height': 0.4, 'x_offset': -0.3, 'lateral_friction': 3.0, 'spinning_friction': 0.001}}  x
  robot_config           = {'control_type': 'ee', 'block_gripper': False, 'base_position': [-0.6, 0.0, 0.05]}  x
  current_task           = OBJECT_DELIVERY_SEQUENCE  x
  current_subtask        = APPROACH_OBJECT        x
  active_target_name     = target                 x
  action                 = [-0.9864, -0.0002, -0.1645, 1.0000]  x
  joint_angles           = [-0.0007, 0.1263, 0.0008, -2.3582, -0.0002, 2.4846, 0.7856]  x
  joint_velocities       = [-0.0002, -0.8024, 0.0008, -1.3278, 0.0005, 0.4108, -0.0002]  x
  cube_rotation          = [0.0000, -0.0000, -0.0000]  x
  cube_linear_velocity   = [-0.0000, 0.0000, -0.0000]  x
  obstacle_positions     = {}                     x
[step=   4 01:21:15.660][Analyzer] ASM node=approach_object  goal_status=not_applicable
[step=   5 01:21:16.804][Manager] ep=1 subtask=APPROACH_OBJECT reward=-0.4000
[step=   5 01:21:16.804][Perception]
  RAW PERCEPTION                                  MONITORED PARAMS
  ----------------------------------------------  --------------------------------------
  fingers_width         = 0.0800 m                gripper_width_cm      = 7 cm
  dist_ee_to_cube       = 0.1900 m                distance_ee_object_cm = 19 cm
  dist_cube_to_target   = 0.4000 m  (3D)          distance_obj_goal_cm  = 40 cm  (XY)
  cube_position (z)     = 0.0200 m                object_lift_height_cm = 0 cm
  cube_position (xy)    = [-0.250, 0.000]         grasp_completed       = 0
  target_position (xy)  = [0.150, 0.000]          finger_contacts       = 0
  x                                               grasp_attempts        = 0
  episode                = 1                      x
  step                   = 5                      x
  ee_position            = [-0.1251, 0.0001, 0.1632]  x
  ee_velocity            = [-0.3810, 0.0007, -0.0494]  x
  reward                 = -0.4000                x
  is_success             = False                  x
  obstacle_in_path       = False                  x
  obstacle_count_in_path = 0                      x
  obstacles              = {}                     x
  objects                = {'object_1': {'type': 'box', 'size': [0.04, 0.04, 0.04], 'mass': 10.0, 'color': [0.1, 0.2, 0.9, 1.0], 'initial_position': [-0.25, 0.0, 0.02], 'lateral_friction': 0.5, 'spinning_friction': 0.001, 'current_position': [-0.25000082410733043, 2.1765994240181245e-06, 0.01998941155619958]}}  x
  scripts                = {'script_1': True, 'reach_only': True, 'left_right': True}  x
  target_goal            = {'type': 'goal_sequence', 'targets': [{'name': 'target', 'position': [0.15000000596046448, 0.0, 0.019999999552965164]}], 'mode': 'goal_sequence'}  x
  scene                  = {'table': {'length': 1.1, 'width': 0.7, 'height': 0.4, 'x_offset': -0.3, 'lateral_friction': 3.0, 'spinning_friction': 0.001}}  x
  robot_config           = {'control_type': 'ee', 'block_gripper': False, 'base_position': [-0.6, 0.0, 0.05]}  x
  current_task           = OBJECT_DELIVERY_SEQUENCE  x
  current_subtask        = APPROACH_OBJECT        x
  active_target_name     = target                 x
  action                 = [-0.9875, -0.0003, -0.1576, 1.0000]  x
  joint_angles           = [-0.0007, 0.0555, 0.0008, -2.4806, -0.0001, 2.5352, 0.7855]  x
  joint_velocities       = [-0.0001, -0.8110, 0.0017, -1.2507, 0.0006, 0.3895, -0.0002]  x
  cube_rotation          = [0.0000, -0.0000, -0.0000]  x
  cube_linear_velocity   = [-0.0000, 0.0000, -0.0000]  x
  obstacle_positions     = {}                     x
[step=   5 01:21:16.807][Analyzer] ASM node=approach_object  goal_status=not_applicable
[step=   6 01:21:17.952][Manager] ep=1 subtask=APPROACH_OBJECT reward=-0.4000
[step=   6 01:21:17.952][Perception]
  RAW PERCEPTION                                  MONITORED PARAMS
  ----------------------------------------------  --------------------------------------
  fingers_width         = 0.0800 m                gripper_width_cm      = 7 cm
  dist_ee_to_cube       = 0.1629 m                distance_ee_object_cm = 16 cm
  dist_cube_to_target   = 0.4000 m  (3D)          distance_obj_goal_cm  = 40 cm  (XY)
  cube_position (z)     = 0.0200 m                object_lift_height_cm = 0 cm
  cube_position (xy)    = [-0.250, 0.000]         grasp_completed       = 0
  target_position (xy)  = [0.150, 0.000]          finger_contacts       = 0
  x                                               grasp_attempts        = 0
  episode                = 1                      x
  step                   = 6                      x
  ee_position            = [-0.1607, 0.0001, 0.1562]  x
  ee_velocity            = [-0.4082, 0.0008, -0.0668]  x
  reward                 = -0.4000                x
  is_success             = False                  x
  obstacle_in_path       = False                  x
  obstacle_count_in_path = 0                      x
  obstacles              = {}                     x
  objects                = {'object_1': {'type': 'box', 'size': [0.04, 0.04, 0.04], 'mass': 10.0, 'color': [0.1, 0.2, 0.9, 1.0], 'initial_position': [-0.25, 0.0, 0.02], 'lateral_friction': 0.5, 'spinning_friction': 0.001, 'current_position': [-0.25000084148704027, 2.6273241808382546e-06, 0.01998941143610688]}}  x
  scripts                = {'script_1': True, 'reach_only': True, 'left_right': True}  x
  target_goal            = {'type': 'goal_sequence', 'targets': [{'name': 'target', 'position': [0.15000000596046448, 0.0, 0.019999999552965164]}], 'mode': 'goal_sequence'}  x
  scene                  = {'table': {'length': 1.1, 'width': 0.7, 'height': 0.4, 'x_offset': -0.3, 'lateral_friction': 3.0, 'spinning_friction': 0.001}}  x
  robot_config           = {'control_type': 'ee', 'block_gripper': False, 'base_position': [-0.6, 0.0, 0.05]}  x
  current_task           = OBJECT_DELIVERY_SEQUENCE  x
  current_subtask        = APPROACH_OBJECT        x
  active_target_name     = target                 x
  action                 = [-0.9895, -0.0005, -0.1444, 1.0000]  x
  joint_angles           = [-0.0007, -0.0164, 0.0009, -2.6004, 0.0000, 2.5839, 0.7855]  x
  joint_velocities       = [-0.0001, -0.8300, 0.0023, -1.2837, 0.0008, 0.3742, -0.0004]  x
  cube_rotation          = [0.0000, -0.0000, -0.0000]  x
  cube_linear_velocity   = [-0.0000, 0.0000, -0.0000]  x
  obstacle_positions     = {}                     x
[step=   6 01:21:17.954][Analyzer] ASM node=approach_object  goal_status=not_applicable
[step=   7 01:21:19.099][Manager] ep=1 subtask=APPROACH_OBJECT reward=-0.4000
[step=   7 01:21:19.099][Perception]
  RAW PERCEPTION                                  MONITORED PARAMS
  ----------------------------------------------  --------------------------------------
  fingers_width         = 0.0800 m                gripper_width_cm      = 7 cm
  dist_ee_to_cube       = 0.1396 m                distance_ee_object_cm = 13 cm
  dist_cube_to_target   = 0.4000 m  (3D)          distance_obj_goal_cm  = 40 cm  (XY)
  cube_position (z)     = 0.0200 m                object_lift_height_cm = 0 cm
  cube_position (xy)    = [-0.250, 0.000]         grasp_completed       = 0
  target_position (xy)  = [0.150, 0.000]          finger_contacts       = 0
  x                                               grasp_attempts        = 0
  episode                = 1                      x
  step                   = 7                      x
  ee_position            = [-0.1970, 0.0001, 0.1492]  x
  ee_velocity            = [-0.4312, 0.0003, -0.0816]  x
  reward                 = -0.4000                x
  is_success             = False                  x
  obstacle_in_path       = False                  x
  obstacle_count_in_path = 0                      x
  obstacles              = {}                     x
  objects                = {'object_1': {'type': 'box', 'size': [0.04, 0.04, 0.04], 'mass': 10.0, 'color': [0.1, 0.2, 0.9, 1.0], 'initial_position': [-0.25, 0.0, 0.02], 'lateral_friction': 0.5, 'spinning_friction': 0.001, 'current_position': [-0.25000085876834893, 3.0780479764936186e-06, 0.01998941141334932]}}  x
  scripts                = {'script_1': True, 'reach_only': True, 'left_right': True}  x
  target_goal            = {'type': 'goal_sequence', 'targets': [{'name': 'target', 'position': [0.15000000596046448, 0.0, 0.019999999552965164]}], 'mode': 'goal_sequence'}  x
  scene                  = {'table': {'length': 1.1, 'width': 0.7, 'height': 0.4, 'x_offset': -0.3, 'lateral_friction': 3.0, 'spinning_friction': 0.001}}  x
  robot_config           = {'control_type': 'ee', 'block_gripper': False, 'base_position': [-0.6, 0.0, 0.05]}  x
  current_task           = OBJECT_DELIVERY_SEQUENCE  x
  current_subtask        = APPROACH_OBJECT        x
  active_target_name     = target                 x
  action                 = [-0.9922, -0.0007, -0.1249, 1.0000]  x
  joint_angles           = [-0.0007, -0.0897, 0.0009, -2.7181, 0.0001, 2.6278, 0.7854]  x
  joint_velocities       = [-0.0000, -0.8522, 0.0015, -1.3031, 0.0010, 0.3374, -0.0007]  x
  cube_rotation          = [0.0000, -0.0000, -0.0000]  x
  cube_linear_velocity   = [-0.0000, 0.0000, -0.0000]  x
  obstacle_positions     = {}                     x
[step=   7 01:21:19.101][Analyzer] ASM node=approach_object  goal_status=not_applicable
[step=   8 01:21:20.245][Manager] ep=1 subtask=APPROACH_OBJECT reward=-0.4000
[step=   8 01:21:20.245][Perception]
  RAW PERCEPTION                                  MONITORED PARAMS
  ----------------------------------------------  --------------------------------------
  fingers_width         = 0.0800 m                gripper_width_cm      = 7 cm
  dist_ee_to_cube       = 0.1238 m                distance_ee_object_cm = 12 cm
  dist_cube_to_target   = 0.4000 m  (3D)          distance_obj_goal_cm  = 40 cm  (XY)
  cube_position (z)     = 0.0200 m                object_lift_height_cm = 0 cm
  cube_position (xy)    = [-0.250, 0.000]         grasp_completed       = 0
  target_position (xy)  = [0.150, 0.000]          finger_contacts       = 0
  x                                               grasp_attempts        = 0
  episode                = 1                      x
  step                   = 8                      x
  ee_position            = [-0.2336, 0.0000, 0.1427]  x
  ee_velocity            = [-0.4297, -0.0001, -0.0722]  x
  reward                 = -0.4000                x
  is_success             = False                  x
  obstacle_in_path       = False                  x
  obstacle_count_in_path = 0                      x
  obstacles              = {}                     x
  objects                = {'object_1': {'type': 'box', 'size': [0.04, 0.04, 0.04], 'mass': 10.0, 'color': [0.1, 0.2, 0.9, 1.0], 'initial_position': [-0.25, 0.0, 0.02], 'lateral_friction': 0.5, 'spinning_friction': 0.001, 'current_position': [-0.25000087603019555, 3.5287708181100302e-06, 0.019989411408939946]}}  x
  scripts                = {'script_1': True, 'reach_only': True, 'left_right': True}  x
  target_goal            = {'type': 'goal_sequence', 'targets': [{'name': 'target', 'position': [0.15000000596046448, 0.0, 0.019999999552965164]}], 'mode': 'goal_sequence'}  x
  scene                  = {'table': {'length': 1.1, 'width': 0.7, 'height': 0.4, 'x_offset': -0.3, 'lateral_friction': 3.0, 'spinning_friction': 0.001}}  x
  robot_config           = {'control_type': 'ee', 'block_gripper': False, 'base_position': [-0.6, 0.0, 0.05]}  x
  current_task           = OBJECT_DELIVERY_SEQUENCE  x
  current_subtask        = APPROACH_OBJECT        x
  active_target_name     = target                 x
  action                 = [-0.9969, -0.0010, -0.0788, 1.0000]  x
  joint_angles           = [-0.0007, -0.1676, 0.0008, -2.8337, 0.0003, 2.6648, 0.7852]  x
  joint_velocities       = [0.0001, -0.9251, 0.0004, -1.2920, 0.0011, 0.2850, -0.0012]  x
  cube_rotation          = [0.0000, -0.0000, -0.0000]  x
  cube_linear_velocity   = [-0.0000, 0.0000, -0.0000]  x
  obstacle_positions     = {}                     x
[step=   8 01:21:20.248][Analyzer] ASM node=approach_object  goal_status=not_applicable
[step=   9 01:21:21.392][Manager] ep=1 subtask=APPROACH_OBJECT reward=-0.4000
[step=   9 01:21:21.392][Perception]
  RAW PERCEPTION                                  MONITORED PARAMS
  ----------------------------------------------  --------------------------------------
  fingers_width         = 0.0800 m                gripper_width_cm      = 7 cm
  dist_ee_to_cube       = 0.1214 m                distance_ee_object_cm = 12 cm
  dist_cube_to_target   = 0.4000 m  (3D)          distance_obj_goal_cm  = 40 cm  (XY)
  cube_position (z)     = 0.0200 m                object_lift_height_cm = 0 cm
  cube_position (xy)    = [-0.250, 0.000]         grasp_completed       = 0
  target_position (xy)  = [0.150, 0.000]          finger_contacts       = 0
  x                                               grasp_attempts        = 0
  episode                = 1                      x
  step                   = 9                      x
  ee_position            = [-0.2714, -0.0000, 0.1395]  x
  ee_velocity            = [-0.3739, -0.0003, 0.0261]  x
  reward                 = -0.4000                x
  is_success             = False                  x
  obstacle_in_path       = False                  x
  obstacle_count_in_path = 0                      x
  obstacles              = {}                     x
  objects                = {'object_1': {'type': 'box', 'size': [0.04, 0.04, 0.04], 'mass': 10.0, 'color': [0.1, 0.2, 0.9, 1.0], 'initial_position': [-0.25, 0.0, 0.02], 'lateral_friction': 0.5, 'spinning_friction': 0.001, 'current_position': [-0.2500008932874603, 3.979492706971148e-06, 0.01998941140798929]}}  x
  scripts                = {'script_1': True, 'reach_only': True, 'left_right': True}  x
  target_goal            = {'type': 'goal_sequence', 'targets': [{'name': 'target', 'position': [0.15000000596046448, 0.0, 0.019999999552965164]}], 'mode': 'goal_sequence'}  x
  scene                  = {'table': {'length': 1.1, 'width': 0.7, 'height': 0.4, 'x_offset': -0.3, 'lateral_friction': 3.0, 'spinning_friction': 0.001}}  x
  robot_config           = {'control_type': 'ee', 'block_gripper': False, 'base_position': [-0.6, 0.0, 0.05]}  x
  current_task           = OBJECT_DELIVERY_SEQUENCE  x
  current_subtask        = APPROACH_OBJECT        x
  active_target_name     = target                 x
  action                 = [-0.9907, -0.0012, 0.1364, 1.0000]  x
  joint_angles           = [-0.0007, -0.2644, 0.0007, -2.9453, 0.0004, 2.6725, 0.7850]  x
  joint_velocities       = [0.0002, -1.3025, -0.0006, -1.2276, 0.0009, 0.0589, -0.0015]  x
  cube_rotation          = [0.0000, -0.0000, -0.0000]  x
  cube_linear_velocity   = [-0.0000, 0.0000, -0.0000]  x
  obstacle_positions     = {}                     x
[step=   9 01:21:21.394][Analyzer] ASM node=approach_object  goal_status=not_applicable
[step=  10 01:21:22.538][Manager] ep=1 subtask=APPROACH_OBJECT reward=-0.4000
[step=  10 01:21:22.538][Perception]
  RAW PERCEPTION                                  MONITORED PARAMS
  ----------------------------------------------  --------------------------------------
  fingers_width         = 0.0800 m                gripper_width_cm      = 7 cm
  dist_ee_to_cube       = 0.1080 m                distance_ee_object_cm = 10 cm
  dist_cube_to_target   = 0.4000 m  (3D)          distance_obj_goal_cm  = 40 cm  (XY)
  cube_position (z)     = 0.0200 m                object_lift_height_cm = 0 cm
  cube_position (xy)    = [-0.250, 0.000]         grasp_completed       = 0
  target_position (xy)  = [0.150, 0.000]          finger_contacts       = 0
  x                                               grasp_attempts        = 0
  episode                = 1                      x
  step                   = 10                     x
  ee_position            = [-0.2591, -0.0000, 0.1276]  x
  ee_velocity            = [-0.4097, 0.0005, -1.0626]  x
  reward                 = -0.4000                x
  is_success             = False                  x
  obstacle_in_path       = False                  x
  obstacle_count_in_path = 0                      x
  obstacles              = {}                     x
  objects                = {'object_1': {'type': 'box', 'size': [0.04, 0.04, 0.04], 'mass': 10.0, 'color': [0.1, 0.2, 0.9, 1.0], 'initial_position': [-0.25, 0.0, 0.02], 'lateral_friction': 0.5, 'spinning_friction': 0.001, 'current_position': [-0.2500009105429481, 4.430213643280044e-06, 0.019989411407690623]}}  x
  scripts                = {'script_1': True, 'reach_only': True, 'left_right': True}  x
  target_goal            = {'type': 'goal_sequence', 'targets': [{'name': 'target', 'position': [0.15000000596046448, 0.0, 0.019999999552965164]}], 'mode': 'goal_sequence'}  x
  scene                  = {'table': {'length': 1.1, 'width': 0.7, 'height': 0.4, 'x_offset': -0.3, 'lateral_friction': 3.0, 'spinning_friction': 0.001}}  x
  robot_config           = {'control_type': 'ee', 'block_gripper': False, 'base_position': [-0.6, 0.0, 0.05]}  x
  current_task           = OBJECT_DELIVERY_SEQUENCE  x
  current_subtask        = APPROACH_OBJECT        x
  active_target_name     = target                 x
  action                 = [0.2206, 0.0003, -0.9754, 1.0000]  x
  joint_angles           = [-0.0007, -0.1840, 0.0008, -2.9402, 0.0003, 2.7943, 0.7851]  x
  joint_velocities       = [-0.0002, 3.6343, 0.0001, 0.2702, -0.0005, 0.9369, 0.0005]  x
  cube_rotation          = [0.0000, -0.0000, -0.0000]  x
  cube_linear_velocity   = [-0.0000, 0.0000, -0.0000]  x
  obstacle_positions     = {}                     x
[step=  10 01:21:22.541][Analyzer] ASM node=approach_object  goal_status=not_applicable
[step=  11 01:21:23.680][Manager] ep=1 subtask=APPROACH_OBJECT reward=-0.4000
[step=  11 01:21:23.680][Perception]
  RAW PERCEPTION                                  MONITORED PARAMS
  ----------------------------------------------  --------------------------------------
  fingers_width         = 0.0800 m                gripper_width_cm      = 7 cm
  dist_ee_to_cube       = 0.0700 m                distance_ee_object_cm = 7 cm
  dist_cube_to_target   = 0.4000 m  (3D)          distance_obj_goal_cm  = 40 cm  (XY)
  cube_position (z)     = 0.0200 m                object_lift_height_cm = 0 cm
  cube_position (xy)    = [-0.250, 0.000]         grasp_completed       = 0
  target_position (xy)  = [0.150, 0.000]          finger_contacts       = 0
  x                                               grasp_attempts        = 0
  episode                = 1                      x
  step                   = 11                     x
  ee_position            = [-0.2648, -0.0000, 0.0884]  x
  ee_velocity            = [-0.2715, 0.0004, -0.6197]  x
  reward                 = -0.4000                x
  is_success             = False                  x
  obstacle_in_path       = False                  x
  obstacle_count_in_path = 0                      x
  obstacles              = {}                     x
  objects                = {'object_1': {'type': 'box', 'size': [0.04, 0.04, 0.04], 'mass': 10.0, 'color': [0.1, 0.2, 0.9, 1.0], 'initial_position': [-0.25, 0.0, 0.02], 'lateral_friction': 0.5, 'spinning_friction': 0.001, 'current_position': [-0.25000070043087186, 4.903380098346267e-06, 0.019989489633383064]}}  x
  scripts                = {'script_1': True, 'reach_only': True, 'left_right': True}  x
  target_goal            = {'type': 'goal_sequence', 'targets': [{'name': 'target', 'position': [0.15000000596046448, 0.0, 0.019999999552965164]}], 'mode': 'goal_sequence'}  x
  scene                  = {'table': {'length': 1.1, 'width': 0.7, 'height': 0.4, 'x_offset': -0.3, 'lateral_friction': 3.0, 'spinning_friction': 0.001}}  x
  robot_config           = {'control_type': 'ee', 'block_gripper': False, 'base_position': [-0.6, 0.0, 0.05]}  x
  current_task           = OBJECT_DELIVERY_SEQUENCE  x
  current_subtask        = APPROACH_OBJECT        x
  active_target_name     = target                 x
  action                 = [0.1090, 0.0003, -0.9940, 1.0000]  x
  joint_angles           = [-0.0008, -0.0286, 0.0008, -2.9115, 0.0002, 2.8606, 0.7852]  x
  joint_velocities       = [-0.0004, 2.1932, 0.0002, 0.2782, -0.0010, 0.5096, 0.0006]  x
  cube_rotation          = [0.0000, -0.0000, -0.0000]  x
  cube_linear_velocity   = [0.0000, 0.0000, 0.0000]  x
  obstacle_positions     = {}                     x
[step=  11 01:21:23.682][Analyzer] ASM node=approach_object  goal_status=not_applicable
[step=  12 01:21:24.827][Manager] ep=1 subtask=APPROACH_OBJECT reward=-0.4000
[step=  12 01:21:24.827][Perception]
  RAW PERCEPTION                                  MONITORED PARAMS
  ----------------------------------------------  --------------------------------------
  fingers_width         = 0.0800 m                gripper_width_cm      = 7 cm
  dist_ee_to_cube       = 0.0391 m                distance_ee_object_cm = 3 cm
  dist_cube_to_target   = 0.4000 m  (3D)          distance_obj_goal_cm  = 40 cm  (XY)
  cube_position (z)     = 0.0200 m                object_lift_height_cm = 0 cm
  cube_position (xy)    = [-0.250, 0.000]         grasp_completed       = 0
  target_position (xy)  = [0.150, 0.000]          finger_contacts       = 0
  x                                               grasp_attempts        = 0
  episode                = 1                      x
  step                   = 12                     x
  ee_position            = [-0.2567, -0.0000, 0.0585]  x
  ee_velocity            = [-0.1778, 0.0003, -0.5876]  x
  reward                 = -0.4000                x
  is_success             = False                  x
  obstacle_in_path       = False                  x
  obstacle_count_in_path = 0                      x
  obstacles              = {}                     x
  objects                = {'object_1': {'type': 'box', 'size': [0.04, 0.04, 0.04], 'mass': 10.0, 'color': [0.1, 0.2, 0.9, 1.0], 'initial_position': [-0.25, 0.0, 0.02], 'lateral_friction': 0.5, 'spinning_friction': 0.001, 'current_position': [-0.2500002862534306, 4.903496398527796e-06, 0.01998990368716314]}}  x
  scripts                = {'script_1': True, 'reach_only': True, 'left_right': True}  x
  target_goal            = {'type': 'goal_sequence', 'targets': [{'name': 'target', 'position': [0.15000000596046448, 0.0, 0.019999999552965164]}], 'mode': 'goal_sequence'}  x
  scene                  = {'table': {'length': 1.1, 'width': 0.7, 'height': 0.4, 'x_offset': -0.3, 'lateral_friction': 3.0, 'spinning_friction': 0.001}}  x
  robot_config           = {'control_type': 'ee', 'block_gripper': False, 'base_position': [-0.6, 0.0, 0.05]}  x
  current_task           = OBJECT_DELIVERY_SEQUENCE  x
  current_subtask        = APPROACH_OBJECT        x
  active_target_name     = target                 x
  action                 = [0.3224, 0.0003, -0.9466, 1.0000]  x
  joint_angles           = [-0.0008, 0.1141, 0.0006, -2.8742, -0.0001, 2.9734, 0.7853]  x
  joint_velocities       = [0.0001, 2.2020, -0.0008, 0.4190, -0.0021, 0.8672, 0.0012]  x
  cube_rotation          = [-0.0000, -0.0000, -0.0000]  x
  cube_linear_velocity   = [0.0000, -0.0000, 0.0000]  x
  obstacle_positions     = {}                     x
[step=  12 01:21:24.829][Analyzer] ASM node=approach_object  goal_status=not_applicable
[step=  13 01:21:25.973][Manager] ep=1 subtask=GRASP_OBJECT reward=-0.4000
[step=  13 01:21:25.973][Perception]
  RAW PERCEPTION                                  MONITORED PARAMS
  ----------------------------------------------  --------------------------------------
  fingers_width         = 0.0800 m                gripper_width_cm      = 7 cm
  dist_ee_to_cube       = 0.0092 m                distance_ee_object_cm = 0 cm
  dist_cube_to_target   = 0.4000 m  (3D)          distance_obj_goal_cm  = 40 cm  (XY)
  cube_position (z)     = 0.0200 m                object_lift_height_cm = 0 cm
  cube_position (xy)    = [-0.250, 0.000]         grasp_completed       = 0
  target_position (xy)  = [0.150, 0.000]          finger_contacts       = 0
  x                                               grasp_attempts        = 0
  episode                = 1                      x
  step                   = 13                     x
  ee_position            = [-0.2448, 0.0000, 0.0275]  x
  ee_velocity            = [-0.1041, 0.0003, -0.6151]  x
  reward                 = -0.4000                x
  is_success             = False                  x
  obstacle_in_path       = False                  x
  obstacle_count_in_path = 0                      x
  obstacles              = {}                     x
  objects                = {'object_1': {'type': 'box', 'size': [0.04, 0.04, 0.04], 'mass': 10.0, 'color': [0.1, 0.2, 0.9, 1.0], 'initial_position': [-0.25, 0.0, 0.02], 'lateral_friction': 0.5, 'spinning_friction': 0.001, 'current_position': [-0.25000020811022666, 4.90349559121593e-06, 0.019989981825612593]}}  x
  scripts                = {'script_1': True, 'reach_only': True, 'left_right': True}  x
  target_goal            = {'type': 'goal_sequence', 'targets': [{'name': 'target', 'position': [0.15000000596046448, 0.0, 0.019999999552965164]}], 'mode': 'goal_sequence'}  x
  scene                  = {'table': {'length': 1.1, 'width': 0.7, 'height': 0.4, 'x_offset': -0.3, 'lateral_friction': 3.0, 'spinning_friction': 0.001}}  x
  robot_config           = {'control_type': 'ee', 'block_gripper': False, 'base_position': [-0.6, 0.0, 0.05]}  x
  current_task           = OBJECT_DELIVERY_SEQUENCE  x
  current_subtask        = GRASP_OBJECT           x
  active_target_name     = target                 x
  action                 = [0.4439, 0.0015, -0.8961, 1.0000]  x
  joint_angles           = [-0.0005, 0.2612, 0.0004, -2.8099, -0.0003, 3.0542, 0.7856]  x
  joint_velocities       = [0.0022, 2.3164, -0.0022, 0.8002, -0.0016, 0.6211, 0.0017]  x
  cube_rotation          = [-0.0000, -0.0000, -0.0000]  x
  cube_linear_velocity   = [0.0000, -0.0000, 0.0000]  x
  obstacle_positions     = {}                     x
[step=  13 01:21:25.976][ASM] [OK] approach_object → grasp_object  (type=domain)
[step=  13 01:21:25.976][Analyzer] ASM node=grasp_object  goal_status=ok  (scenario=GRASP_OBJECT)
[step=  14 01:21:27.120][Manager] ep=1 subtask=GRASP_OBJECT reward=-0.3997
[step=  14 01:21:27.120][Perception]
  RAW PERCEPTION                                  MONITORED PARAMS
  ----------------------------------------------  --------------------------------------
  fingers_width         = 0.0379 m                gripper_width_cm      = 3 cm
  dist_ee_to_cube       = 0.0011 m                distance_ee_object_cm = 0 cm
  dist_cube_to_target   = 0.3997 m  (3D)          distance_obj_goal_cm  = 39 cm  (XY)
  cube_position (z)     = 0.0209 m                object_lift_height_cm = 0 cm
  cube_position (xy)    = [-0.250, 0.000]         grasp_completed       = 1
  target_position (xy)  = [0.150, 0.000]          finger_contacts       = 2
  x                                               grasp_attempts        = 1
  episode                = 1                      x
  step                   = 14                     x
  ee_position            = [-0.2507, 0.0000, 0.0204]  x
  ee_velocity            = [0.0491, 0.0002, 0.0735]  x
  reward                 = -0.3997                x
  is_success             = False                  x
  obstacle_in_path       = False                  x
  obstacle_count_in_path = 0                      x
  obstacles              = {}                     x
  objects                = {'object_1': {'type': 'box', 'size': [0.04, 0.04, 0.04], 'mass': 10.0, 'color': [0.1, 0.2, 0.9, 1.0], 'initial_position': [-0.25, 0.0, 0.02], 'lateral_friction': 0.5, 'spinning_friction': 0.001, 'current_position': [-0.24968150354028387, 4.616979010375576e-06, 0.02092472057117453]}}  x
  scripts                = {'script_1': True, 'reach_only': True, 'left_right': True}  x
  target_goal            = {'type': 'goal_sequence', 'targets': [{'name': 'target', 'position': [0.15000000596046448, 0.0, 0.019999999552965164]}], 'mode': 'goal_sequence'}  x
  scene                  = {'table': {'length': 1.1, 'width': 0.7, 'height': 0.4, 'x_offset': -0.3, 'lateral_friction': 3.0, 'spinning_friction': 0.001}}  x
  robot_config           = {'control_type': 'ee', 'block_gripper': False, 'base_position': [-0.6, 0.0, 0.05]}  x
  current_task           = OBJECT_DELIVERY_SEQUENCE  x
  current_subtask        = GRASP_OBJECT           x
  active_target_name     = target                 x
  action                 = [0.0000, 0.0000, 0.0000, -1.0000]  x
  joint_angles           = [-0.0003, 0.2779, 0.0002, -2.8174, -0.0003, 3.0728, 0.7856]  x
  joint_velocities       = [0.0011, -0.2210, -0.0006, -0.0854, -0.0007, 0.1434, 0.0004]  x
  cube_rotation          = [0.0011, -0.0055, 0.0046]  x
  cube_linear_velocity   = [0.0488, -0.0000, 0.0740]  x
  obstacle_positions     = {}                     x
[step=  14 01:21:27.122][ASM] [OK] grasp_object → lift_object  (type=domain)
[step=  14 01:21:27.122][Analyzer] ASM node=lift_object  goal_status=ok  (scenario=LIFT_OBJECT)
[step=  15 01:21:28.266][Manager] ep=1 subtask=LIFT_OBJECT reward=-0.3993
[step=  15 01:21:28.267][Perception]
  RAW PERCEPTION                                  MONITORED PARAMS
  ----------------------------------------------  --------------------------------------
  fingers_width         = 0.0370 m                gripper_width_cm      = 3 cm
  dist_ee_to_cube       = 0.0010 m                distance_ee_object_cm = 0 cm
  dist_cube_to_target   = 0.3993 m  (3D)          distance_obj_goal_cm  = 39 cm  (XY)
  cube_position (z)     = 0.0218 m                object_lift_height_cm = 0 cm
  cube_position (xy)    = [-0.249, 0.000]         grasp_completed       = 1
  target_position (xy)  = [0.150, 0.000]          finger_contacts       = 2
  x                                               grasp_attempts        = 1
  episode                = 1                      x
  step                   = 15                     x
  ee_position            = [-0.2502, 0.0000, 0.0214]  x
  ee_velocity            = [0.0016, 0.0000, 0.0065]  x
  reward                 = -0.3993                x
  is_success             = False                  x
  obstacle_in_path       = False                  x
  obstacle_count_in_path = 0                      x
  obstacles              = {}                     x
  objects                = {'object_1': {'type': 'box', 'size': [0.04, 0.04, 0.04], 'mass': 10.0, 'color': [0.1, 0.2, 0.9, 1.0], 'initial_position': [-0.25, 0.0, 0.02], 'lateral_friction': 0.5, 'spinning_friction': 0.001, 'current_position': [-0.2493187877803508, 3.7365167837853136e-06, 0.021770772976891388]}}  x
  scripts                = {'script_1': True, 'reach_only': True, 'left_right': True}  x
  target_goal            = {'type': 'goal_sequence', 'targets': [{'name': 'target', 'position': [0.15000000596046448, 0.0, 0.019999999552965164]}], 'mode': 'goal_sequence'}  x
  scene                  = {'table': {'length': 1.1, 'width': 0.7, 'height': 0.4, 'x_offset': -0.3, 'lateral_friction': 3.0, 'spinning_friction': 0.001}}  x
  robot_config           = {'control_type': 'ee', 'block_gripper': False, 'base_position': [-0.6, 0.0, 0.05]}  x
  current_task           = OBJECT_DELIVERY_SEQUENCE  x
  current_subtask        = LIFT_OBJECT            x
  active_target_name     = target                 x
  action                 = [0.0000, 0.0000, 0.0000, -1.0000]  x
  joint_angles           = [-0.0002, 0.2773, 0.0001, -2.8275, -0.0004, 3.1016, 0.7857]  x
  joint_velocities       = [0.0006, -0.0048, -0.0005, -0.0789, -0.0000, 0.2210, 0.0002]  x
  cube_rotation          = [0.0011, -0.0244, 0.0049]  x
  cube_linear_velocity   = [0.0015, -0.0000, 0.0066]  x
  obstacle_positions     = {}                     x
[step=  15 01:21:28.269][Analyzer] ASM node=lift_object  goal_status=not_applicable
[step=  16 01:21:29.413][Manager] ep=1 subtask=LIFT_OBJECT reward=-0.4053
[step=  16 01:21:29.414][Perception]
  RAW PERCEPTION                                  MONITORED PARAMS
  ----------------------------------------------  --------------------------------------
  fingers_width         = 0.0330 m                gripper_width_cm      = 3 cm
  dist_ee_to_cube       = 0.0127 m                distance_ee_object_cm = 1 cm
  dist_cube_to_target   = 0.4053 m  (3D)          distance_obj_goal_cm  = 40 cm  (XY)
  cube_position (z)     = 0.0234 m                object_lift_height_cm = 0 cm
  cube_position (xy)    = [-0.255, 0.000]         grasp_completed       = 1
  target_position (xy)  = [0.150, 0.000]          finger_contacts       = 2
  x                                               grasp_attempts        = 1
  episode                = 1                      x
  step                   = 16                     x
  ee_position            = [-0.2647, 0.0000, 0.0319]  x
  ee_velocity            = [0.1122, 0.0004, 0.4579]  x
  reward                 = -0.4053                x
  is_success             = False                  x
  obstacle_in_path       = False                  x
  obstacle_count_in_path = 0                      x
  obstacles              = {}                     x
  objects                = {'object_1': {'type': 'box', 'size': [0.04, 0.04, 0.04], 'mass': 10.0, 'color': [0.1, 0.2, 0.9, 1.0], 'initial_position': [-0.25, 0.0, 0.02], 'lateral_friction': 0.5, 'spinning_friction': 0.001, 'current_position': [-0.2552778638850288, 0.00013666471090037824, 0.02336602598369493]}}  x
  scripts                = {'script_1': True, 'reach_only': True, 'left_right': True}  x
  target_goal            = {'type': 'goal_sequence', 'targets': [{'name': 'target', 'position': [0.15000000596046448, 0.0, 0.019999999552965164]}], 'mode': 'goal_sequence'}  x
  scene                  = {'table': {'length': 1.1, 'width': 0.7, 'height': 0.4, 'x_offset': -0.3, 'lateral_friction': 3.0, 'spinning_friction': 0.001}}  x
  robot_config           = {'control_type': 'ee', 'block_gripper': False, 'base_position': [-0.6, 0.0, 0.05]}  x
  current_task           = OBJECT_DELIVERY_SEQUENCE  x
  current_subtask        = LIFT_OBJECT            x
  active_target_name     = target                 x
  action                 = [0.0000, 0.0000, 1.0000, -1.0000]  x
  joint_angles           = [-0.0002, 0.2069, 0.0002, -2.8515, -0.0003, 3.0011, 0.7856]  x
  joint_velocities       = [0.0001, -1.7848, 0.0011, -0.4296, -0.0014, -0.7823, 0.0027]  x
  cube_rotation          = [-0.0000, 0.1932, -0.0016]  x
  cube_linear_velocity   = [-0.1146, 0.0057, 0.1750]  x
  obstacle_positions     = {}                     x
[step=  16 01:21:29.416][Analyzer] ASM node=lift_object  goal_status=not_applicable
[step=  17 01:21:30.561][Manager] ep=1 subtask=LIFT_OBJECT reward=-0.4140
[step=  17 01:21:30.561][Perception]
  RAW PERCEPTION                                  MONITORED PARAMS
  ----------------------------------------------  --------------------------------------
  fingers_width         = 0.0321 m                gripper_width_cm      = 3 cm
  dist_ee_to_cube       = 0.0224 m                distance_ee_object_cm = 2 cm
  dist_cube_to_target   = 0.4140 m  (3D)          distance_obj_goal_cm  = 41 cm  (XY)
  cube_position (z)     = 0.0348 m                object_lift_height_cm = 1 cm
  cube_position (xy)    = [-0.264, 0.000]         grasp_completed       = 1
  target_position (xy)  = [0.150, 0.000]          finger_contacts       = 2
  x                                               grasp_attempts        = 1
  episode                = 1                      x
  step                   = 17                     x
  ee_position            = [-0.2688, 0.0000, 0.0566]  x
  ee_velocity            = [0.2342, 0.0006, 0.6062]  x
  reward                 = -0.4140                x
  is_success             = False                  x
  obstacle_in_path       = False                  x
  obstacle_count_in_path = 0                      x
  obstacles              = {}                     x
  objects                = {'object_1': {'type': 'box', 'size': [0.04, 0.04, 0.04], 'mass': 10.0, 'color': [0.1, 0.2, 0.9, 1.0], 'initial_position': [-0.25, 0.0, 0.02], 'lateral_friction': 0.5, 'spinning_friction': 0.001, 'current_position': [-0.26373244566478576, 0.0003877312608698137, 0.034752904391246245]}}  x
  scripts                = {'script_1': True, 'reach_only': True, 'left_right': True}  x
  target_goal            = {'type': 'goal_sequence', 'targets': [{'name': 'target', 'position': [0.15000000596046448, 0.0, 0.019999999552965164]}], 'mode': 'goal_sequence'}  x
  scene                  = {'table': {'length': 1.1, 'width': 0.7, 'height': 0.4, 'x_offset': -0.3, 'lateral_friction': 3.0, 'spinning_friction': 0.001}}  x
  robot_config           = {'control_type': 'ee', 'block_gripper': False, 'base_position': [-0.6, 0.0, 0.05]}  x
  current_task           = OBJECT_DELIVERY_SEQUENCE  x
  current_subtask        = LIFT_OBJECT            x
  active_target_name     = target                 x
  action                 = [0.0000, 0.0000, 1.0000, -1.0000]  x
  joint_angles           = [-0.0002, 0.0936, 0.0003, -2.8998, -0.0002, 2.9639, 0.7856]  x
  joint_velocities       = [0.0000, -2.2804, 0.0022, -0.5734, 0.0005, -0.2859, 0.0000]  x
  cube_rotation          = [0.0073, 0.8579, 0.0162]  x
  cube_linear_velocity   = [-0.1647, 0.0061, 0.3678]  x
  obstacle_positions     = {}                     x
[step=  17 01:21:30.564][Analyzer] ASM node=lift_object  goal_status=not_applicable
[step=  18 01:21:31.733][Manager] ep=1 subtask=LIFT_OBJECT reward=-0.4251
[step=  18 01:21:31.734][Perception]
  RAW PERCEPTION                                  MONITORED PARAMS
  ----------------------------------------------  --------------------------------------
  fingers_width         = 0.0072 m                gripper_width_cm      = 0 cm
  dist_ee_to_cube       = 0.0405 m                distance_ee_object_cm = 4 cm
  dist_cube_to_target   = 0.4251 m  (3D)          distance_obj_goal_cm  = 42 cm  (XY)
  cube_position (z)     = 0.0461 m                object_lift_height_cm = 2 cm
  cube_position (xy)    = [-0.274, -0.001]        grasp_completed       = 1
  target_position (xy)  = [0.150, 0.000]          finger_contacts       = 2
  x                                               grasp_attempts        = 1
  episode                = 1                      x
  step                   = 18                     x
  ee_position            = [-0.2662, 0.0001, 0.0858]  x
  ee_velocity            = [0.1363, -0.0009, 0.4159]  x
  reward                 = -0.4251                x
  is_success             = False                  x
  obstacle_in_path       = False                  x
  obstacle_count_in_path = 0                      x
  obstacles              = {}                     x
  objects                = {'object_1': {'type': 'box', 'size': [0.04, 0.04, 0.04], 'mass': 10.0, 'color': [0.1, 0.2, 0.9, 1.0], 'initial_position': [-0.25, 0.0, 0.02], 'lateral_friction': 0.5, 'spinning_friction': 0.001, 'current_position': [-0.27429904123573806, -0.0012741308987596859, 0.04607947375678693]}}  x
  scripts                = {'script_1': True, 'reach_only': True, 'left_right': True}  x
  target_goal            = {'type': 'goal_sequence', 'targets': [{'name': 'target', 'position': [0.15000000596046448, 0.0, 0.019999999552965164]}], 'mode': 'goal_sequence'}  x
  scene                  = {'table': {'length': 1.1, 'width': 0.7, 'height': 0.4, 'x_offset': -0.3, 'lateral_friction': 3.0, 'spinning_friction': 0.001}}  x
  robot_config           = {'control_type': 'ee', 'block_gripper': False, 'base_position': [-0.6, 0.0, 0.05]}  x
  current_task           = OBJECT_DELIVERY_SEQUENCE  x
  current_subtask        = LIFT_OBJECT            x
  active_target_name     = target                 x
  action                 = [0.0000, 0.0000, 1.0000, -1.0000]  x
  joint_angles           = [-0.0002, -0.0289, 0.0004, -2.9226, -0.0001, 2.8868, 0.7856]  x
  joint_velocities       = [0.0003, -1.5734, -0.0026, -0.2228, 0.0012, -0.5932, -0.0004]  x
  cube_rotation          = [1.2774, 1.3577, 1.2309]  x
  cube_linear_velocity   = [-0.2739, -0.0597, 0.1195]  x
  obstacle_positions     = {}                     x
[step=  18 01:21:31.736][Analyzer] ASM node=lift_object  goal_status=not_applicable
[step=  19 01:21:32.854][Manager] ep=1 subtask=LIFT_OBJECT reward=-0.4358
[step=  19 01:21:32.855][Perception]
  RAW PERCEPTION                                  MONITORED PARAMS
  ----------------------------------------------  --------------------------------------
  fingers_width         = 0.0009 m                gripper_width_cm      = 0 cm
  dist_ee_to_cube       = 0.0730 m                distance_ee_object_cm = 7 cm
  dist_cube_to_target   = 0.4358 m  (3D)          distance_obj_goal_cm  = 43 cm  (XY)
  cube_position (z)     = 0.0426 m                object_lift_height_cm = 2 cm
  cube_position (xy)    = [-0.285, -0.004]        grasp_completed       = 1
  target_position (xy)  = [0.150, 0.000]          finger_contacts       = 2
  x                                               grasp_attempts        = 1
  episode                = 1                      x
  step                   = 19                     x
  ee_position            = [-0.2642, 0.0001, 0.1124]  x
  ee_velocity            = [0.1784, 0.0001, 0.4721]  x
  reward                 = -0.4358                x
  is_success             = False                  x
  obstacle_in_path       = False                  x
  obstacle_count_in_path = 0                      x
  obstacles              = {}                     x
  objects                = {'object_1': {'type': 'box', 'size': [0.04, 0.04, 0.04], 'mass': 10.0, 'color': [0.1, 0.2, 0.9, 1.0], 'initial_position': [-0.25, 0.0, 0.02], 'lateral_friction': 0.5, 'spinning_friction': 0.001, 'current_position': [-0.2852411658215933, -0.0036603867901124475, 0.04262082776688875]}}  x
  scripts                = {'script_1': True, 'reach_only': True, 'left_right': True}  x
  target_goal            = {'type': 'goal_sequence', 'targets': [{'name': 'target', 'position': [0.15000000596046448, 0.0, 0.019999999552965164]}], 'mode': 'goal_sequence'}  x
  scene                  = {'table': {'length': 1.1, 'width': 0.7, 'height': 0.4, 'x_offset': -0.3, 'lateral_friction': 3.0, 'spinning_friction': 0.001}}  x
  robot_config           = {'control_type': 'ee', 'block_gripper': False, 'base_position': [-0.6, 0.0, 0.05]}  x
  current_task           = OBJECT_DELIVERY_SEQUENCE  x
  current_subtask        = LIFT_OBJECT            x
  active_target_name     = target                 x
  action                 = [0.0000, 0.0000, 1.0000, -1.0000]  x
  joint_angles           = [-0.0001, -0.1361, 0.0004, -2.9212, 0.0001, 2.7752, 0.7855]  x
  joint_velocities       = [0.0004, -1.6161, 0.0001, 0.0098, 0.0012, -0.8577, -0.0004]  x
  cube_rotation          = [2.4998, 0.8770, 2.4003]  x
  cube_linear_velocity   = [-0.2733, -0.0596, -0.2727]  x
  obstacle_positions     = {}                     x
[step=  19 01:21:32.857][Analyzer] ASM node=lift_object  goal_status=not_applicable
[step=  20 01:21:34.001][Manager] ep=1 subtask=LIFT_OBJECT reward=-0.4422
[step=  20 01:21:34.001][Perception]
  RAW PERCEPTION                                  MONITORED PARAMS
  ----------------------------------------------  --------------------------------------
  fingers_width         = 0.0001 m                gripper_width_cm      = 0 cm
  dist_ee_to_cube       = 0.1125 m                distance_ee_object_cm = 11 cm
  dist_cube_to_target   = 0.4422 m  (3D)          distance_obj_goal_cm  = 44 cm  (XY)
  cube_position (z)     = 0.0333 m                object_lift_height_cm = 1 cm
  cube_position (xy)    = [-0.292, -0.006]        grasp_completed       = 1
  target_position (xy)  = [0.150, 0.000]          finger_contacts       = 2
  x                                               grasp_attempts        = 1
  episode                = 1                      x
  step                   = 20                     x
  ee_position            = [-0.2607, 0.0001, 0.1413]  x
  ee_velocity            = [0.1398, 0.0001, 0.4466]  x
  reward                 = -0.4422                x
  is_success             = False                  x
  obstacle_in_path       = False                  x
  obstacle_count_in_path = 0                      x
  obstacles              = {}                     x
  objects                = {'object_1': {'type': 'box', 'size': [0.04, 0.04, 0.04], 'mass': 10.0, 'color': [0.1, 0.2, 0.9, 1.0], 'initial_position': [-0.25, 0.0, 0.02], 'lateral_friction': 0.5, 'spinning_friction': 0.001, 'current_position': [-0.29195009014654966, -0.005628937145503993, 0.03334310921157843]}}  x
  scripts                = {'script_1': True, 'reach_only': True, 'left_right': True}  x
  target_goal            = {'type': 'goal_sequence', 'targets': [{'name': 'target', 'position': [0.15000000596046448, 0.0, 0.019999999552965164]}], 'mode': 'goal_sequence'}  x
  scene                  = {'table': {'length': 1.1, 'width': 0.7, 'height': 0.4, 'x_offset': -0.3, 'lateral_friction': 3.0, 'spinning_friction': 0.001}}  x
  robot_config           = {'control_type': 'ee', 'block_gripper': False, 'base_position': [-0.6, 0.0, 0.05]}  x
  current_task           = OBJECT_DELIVERY_SEQUENCE  x
  current_subtask        = LIFT_OBJECT            x
  active_target_name     = target                 x
  action                 = [0.0000, 0.0000, 1.0000, -1.0000]  x
  joint_angles           = [-0.0001, -0.2387, 0.0003, -2.9089, 0.0002, 2.6620, 0.7855]  x
  joint_velocities       = [0.0005, -1.4436, -0.0001, 0.0945, 0.0004, -0.8704, -0.0003]  x
  cube_rotation          = [2.6165, 0.5048, 2.4900]  x
  cube_linear_velocity   = [0.0019, -0.0287, 0.0128]  x
  obstacle_positions     = {}                     x
[step=  20 01:21:34.004][Analyzer] ASM node=lift_object  goal_status=not_applicable
[step=  21 01:21:35.160][Manager] ep=1 subtask=LIFT_OBJECT reward=-0.4406
[step=  21 01:21:35.160][Perception]
  RAW PERCEPTION                                  MONITORED PARAMS
  ----------------------------------------------  --------------------------------------
  fingers_width         = 0.0000 m                gripper_width_cm      = 0 cm
  dist_ee_to_cube       = 0.1427 m                distance_ee_object_cm = 14 cm
  dist_cube_to_target   = 0.4406 m  (3D)          distance_obj_goal_cm  = 44 cm  (XY)
  cube_position (z)     = 0.0332 m                object_lift_height_cm = 1 cm
  cube_position (xy)    = [-0.290, -0.006]        grasp_completed       = 1
  target_position (xy)  = [0.150, 0.000]          finger_contacts       = 2
  x                                               grasp_attempts        = 1
  episode                = 1                      x
  step                   = 21                     x
  ee_position            = [-0.2567, 0.0001, 0.1717]  x
  ee_velocity            = [0.1289, 0.0001, 0.4676]  x
  reward                 = -0.4406                x
  is_success             = False                  x
  obstacle_in_path       = False                  x
  obstacle_count_in_path = 0                      x
  obstacles              = {}                     x
  objects                = {'object_1': {'type': 'box', 'size': [0.04, 0.04, 0.04], 'mass': 10.0, 'color': [0.1, 0.2, 0.9, 1.0], 'initial_position': [-0.25, 0.0, 0.02], 'lateral_friction': 0.5, 'spinning_friction': 0.001, 'current_position': [-0.29039913925752325, -0.006244014290042193, 0.03319483657786659]}}  x
  scripts                = {'script_1': True, 'reach_only': True, 'left_right': True}  x
  target_goal            = {'type': 'goal_sequence', 'targets': [{'name': 'target', 'position': [0.15000000596046448, 0.0, 0.019999999552965164]}], 'mode': 'goal_sequence'}  x
  scene                  = {'table': {'length': 1.1, 'width': 0.7, 'height': 0.4, 'x_offset': -0.3, 'lateral_friction': 3.0, 'spinning_friction': 0.001}}  x
  robot_config           = {'control_type': 'ee', 'block_gripper': False, 'base_position': [-0.6, 0.0, 0.05]}  x
  current_task           = OBJECT_DELIVERY_SEQUENCE  x
  current_subtask        = LIFT_OBJECT            x
  active_target_name     = target                 x
  action                 = [0.0000, 0.0000, 1.0000, -1.0000]  x
  joint_angles           = [-0.0001, -0.3315, 0.0003, -2.8833, 0.0001, 2.5433, 0.7854]  x
  joint_velocities       = [-0.0000, -1.3611, -0.0000, 0.2141, 0.0037, -0.9120, -0.0005]  x
  cube_rotation          = [2.6316, 0.4568, 2.4968]  x
  cube_linear_velocity   = [0.0742, -0.0041, -0.0183]  x
  obstacle_positions     = {}                     x
[step=  21 01:21:35.163][Analyzer] ASM node=lift_object  goal_status=not_applicable
[step=  22 01:21:36.307][Manager] ep=1 subtask=TRANSPORT_OBJECT reward=-0.4358
[step=  22 01:21:36.307][Perception]
  RAW PERCEPTION                                  MONITORED PARAMS
  ----------------------------------------------  --------------------------------------
  fingers_width         = 0.0000 m                gripper_width_cm      = 0 cm
  dist_ee_to_cube       = 0.1759 m                distance_ee_object_cm = 17 cm
  dist_cube_to_target   = 0.4358 m  (3D)          distance_obj_goal_cm  = 43 cm  (XY)
  cube_position (z)     = 0.0315 m                object_lift_height_cm = 1 cm
  cube_position (xy)    = [-0.286, -0.006]        grasp_completed       = 1
  target_position (xy)  = [0.150, 0.000]          finger_contacts       = 2
  x                                               grasp_attempts        = 1
  episode                = 1                      x
  step                   = 22                     x
  ee_position            = [-0.2531, 0.0001, 0.2042]  x
  ee_velocity            = [0.1094, 0.0003, 0.4557]  x
  reward                 = -0.4358                x
  is_success             = False                  x
  obstacle_in_path       = False                  x
  obstacle_count_in_path = 0                      x
  obstacles              = {}                     x
  objects                = {'object_1': {'type': 'box', 'size': [0.04, 0.04, 0.04], 'mass': 10.0, 'color': [0.1, 0.2, 0.9, 1.0], 'initial_position': [-0.25, 0.0, 0.02], 'lateral_friction': 0.5, 'spinning_friction': 0.001, 'current_position': [-0.28558506896206637, -0.005951390889132699, 0.031466907550570564]}}  x
  scripts                = {'script_1': True, 'reach_only': True, 'left_right': True}  x
  target_goal            = {'type': 'goal_sequence', 'targets': [{'name': 'target', 'position': [0.15000000596046448, 0.0, 0.019999999552965164]}], 'mode': 'goal_sequence'}  x
  scene                  = {'table': {'length': 1.1, 'width': 0.7, 'height': 0.4, 'x_offset': -0.3, 'lateral_friction': 3.0, 'spinning_friction': 0.001}}  x
  robot_config           = {'control_type': 'ee', 'block_gripper': False, 'base_position': [-0.6, 0.0, 0.05]}  x
  current_task           = OBJECT_DELIVERY_SEQUENCE  x
  current_subtask        = TRANSPORT_OBJECT       x
  active_target_name     = target                 x
  action                 = [0.0000, 0.0000, 1.0000, -1.0000]  x
  joint_angles           = [-0.0001, -0.4148, 0.0003, -2.8469, 0.0001, 2.4236, 0.7854]  x
  joint_velocities       = [-0.0001, -1.1346, -0.0001, 0.3545, 0.0043, -0.9207, -0.0002]  x
  cube_rotation          = [2.7337, 0.3418, 2.5363]  x
  cube_linear_velocity   = [0.1656, 0.0175, -0.0747]  x
  obstacle_positions     = {}                     x
[step=  22 01:21:36.309][Analyzer] ASM node=lift_object  goal_status=not_applicable
[step=  23 01:21:37.442][Manager] ep=1 subtask=TRANSPORT_OBJECT reward=-0.4269
[step=  23 01:21:37.442][Perception]
  RAW PERCEPTION                                  MONITORED PARAMS
  ----------------------------------------------  --------------------------------------
  fingers_width         = 0.0000 m                gripper_width_cm      = 0 cm
  dist_ee_to_cube       = 0.2019 m                distance_ee_object_cm = 20 cm
  dist_cube_to_target   = 0.4269 m  (3D)          distance_obj_goal_cm  = 42 cm  (XY)
  cube_position (z)     = 0.0257 m                object_lift_height_cm = 0 cm
  cube_position (xy)    = [-0.277, -0.005]        grasp_completed       = 1
  target_position (xy)  = [0.150, 0.000]          finger_contacts       = 2
  x                                               grasp_attempts        = 1
  episode                = 1                      x
  step                   = 23                     x
  ee_position            = [-0.2161, 0.0000, 0.2182]  x
  ee_velocity            = [0.5437, -0.0001, -0.2435]  x
  reward                 = -0.4269                x
  is_success             = False                  x
  obstacle_in_path       = False                  x
  obstacle_count_in_path = 0                      x
  obstacles              = {}                     x
  objects                = {'object_1': {'type': 'box', 'size': [0.04, 0.04, 0.04], 'mass': 10.0, 'color': [0.1, 0.2, 0.9, 1.0], 'initial_position': [-0.25, 0.0, 0.02], 'lateral_friction': 0.5, 'spinning_friction': 0.001, 'current_position': [-0.27684206875305256, -0.004836393074111236, 0.025701207214362035]}}  x
  scripts                = {'script_1': True, 'reach_only': True, 'left_right': True}  x
  target_goal            = {'type': 'goal_sequence', 'targets': [{'name': 'target', 'position': [0.15000000596046448, 0.0, 0.019999999552965164]}], 'mode': 'goal_sequence'}  x
  scene                  = {'table': {'length': 1.1, 'width': 0.7, 'height': 0.4, 'x_offset': -0.3, 'lateral_friction': 3.0, 'spinning_friction': 0.001}}  x
  robot_config           = {'control_type': 'ee', 'block_gripper': False, 'base_position': [-0.6, 0.0, 0.05]}  x
  current_task           = OBJECT_DELIVERY_SEQUENCE  x
  current_subtask        = TRANSPORT_OBJECT       x
  active_target_name     = target                 x
  action                 = [1.0000, -0.0001, 0.0000, -1.0000]  x
  joint_angles           = [-0.0001, -0.3347, 0.0003, -2.7463, 0.0001, 2.4367, 0.7854]  x
  joint_velocities       = [-0.0003, 2.6677, -0.0005, 1.8823, 0.0001, 0.1009, -0.0001]  x
  cube_rotation          = [2.9367, 0.1102, 2.5820]  x
  cube_linear_velocity   = [0.2614, 0.0360, -0.2313]  x
  obstacle_positions     = {}                     x
[step=  23 01:21:37.445][Analyzer] ASM node=lift_object  goal_status=not_applicable
[step=  24 01:21:38.601][Manager] ep=1 subtask=TRANSPORT_OBJECT reward=-0.4214
[step=  24 01:21:38.601][Perception]
  RAW PERCEPTION                                  MONITORED PARAMS
  ----------------------------------------------  --------------------------------------
  fingers_width         = 0.0000 m                gripper_width_cm      = 0 cm
  dist_ee_to_cube       = 0.2089 m                distance_ee_object_cm = 20 cm
  dist_cube_to_target   = 0.4214 m  (3D)          distance_obj_goal_cm  = 42 cm  (XY)
  cube_position (z)     = 0.0215 m                object_lift_height_cm = 0 cm
  cube_position (xy)    = [-0.271, -0.001]        grasp_completed       = 1
  target_position (xy)  = [0.150, 0.000]          finger_contacts       = 2
  x                                               grasp_attempts        = 1
  episode                = 1                      x
  step                   = 24                     x
  ee_position            = [-0.1838, 0.0000, 0.2112]  x
  ee_velocity            = [0.3844, -0.0001, -0.1084]  x
  reward                 = -0.4214                x
  is_success             = False                  x
  obstacle_in_path       = False                  x
  obstacle_count_in_path = 0                      x
  obstacles              = {}                     x
  objects                = {'object_1': {'type': 'box', 'size': [0.04, 0.04, 0.04], 'mass': 10.0, 'color': [0.1, 0.2, 0.9, 1.0], 'initial_position': [-0.25, 0.0, 0.02], 'lateral_friction': 0.5, 'spinning_friction': 0.001, 'current_position': [-0.2713548821506982, -0.00075356057365695, 0.021548354172876448]}}  x
  scripts                = {'script_1': True, 'reach_only': True, 'left_right': True}  x
  target_goal            = {'type': 'goal_sequence', 'targets': [{'name': 'target', 'position': [0.15000000596046448, 0.0, 0.019999999552965164]}], 'mode': 'goal_sequence'}  x
  scene                  = {'table': {'length': 1.1, 'width': 0.7, 'height': 0.4, 'x_offset': -0.3, 'lateral_friction': 3.0, 'spinning_friction': 0.001}}  x
  robot_config           = {'control_type': 'ee', 'block_gripper': False, 'base_position': [-0.6, 0.0, 0.05]}  x
  current_task           = OBJECT_DELIVERY_SEQUENCE  x
  current_subtask        = TRANSPORT_OBJECT       x
  active_target_name     = target                 x
  action                 = [0.9993, -0.0001, -0.0382, -1.0000]  x
  joint_angles           = [-0.0001, -0.2028, 0.0002, -2.6267, 0.0001, 2.4106, 0.7854]  x
  joint_velocities       = [-0.0002, 1.5336, -0.0003, 1.3704, -0.0003, -0.2004, 0.0000]  x
  cube_rotation          = [-3.0626, 0.0100, 2.5822]  x
  cube_linear_velocity   = [0.0032, 0.0491, 0.0653]  x
  obstacle_positions     = {}                     x
[step=  24 01:21:38.603][Analyzer] ASM node=lift_object  goal_status=not_applicable
[step=  25 01:21:39.736][Manager] ep=1 subtask=TRANSPORT_OBJECT reward=-0.4216
[step=  25 01:21:39.736][Perception]
  RAW PERCEPTION                                  MONITORED PARAMS
  ----------------------------------------------  --------------------------------------
  fingers_width         = -0.0000 m               gripper_width_cm      = 0 cm
  dist_ee_to_cube       = 0.2236 m                distance_ee_object_cm = 22 cm
  dist_cube_to_target   = 0.4216 m  (3D)          distance_obj_goal_cm  = 42 cm  (XY)
  cube_position (z)     = 0.0208 m                object_lift_height_cm = 0 cm
  cube_position (xy)    = [-0.272, -0.002]        grasp_completed       = 1
  target_position (xy)  = [0.150, 0.000]          finger_contacts       = 2
  x                                               grasp_attempts        = 1
  episode                = 1                      x
  step                   = 25                     x
  ee_position            = [-0.1493, 0.0000, 0.2079]  x
  ee_velocity            = [0.4128, -0.0003, -0.0319]  x
  reward                 = -0.4216                x
  is_success             = False                  x
  obstacle_in_path       = False                  x
  obstacle_count_in_path = 0                      x
  obstacles              = {}                     x
  objects                = {'object_1': {'type': 'box', 'size': [0.04, 0.04, 0.04], 'mass': 10.0, 'color': [0.1, 0.2, 0.9, 1.0], 'initial_position': [-0.25, 0.0, 0.02], 'lateral_friction': 0.5, 'spinning_friction': 0.001, 'current_position': [-0.2716219080896284, -0.001572765045808949, 0.020754045442769174]}}  x
  scripts                = {'script_1': True, 'reach_only': True, 'left_right': True}  x
  target_goal            = {'type': 'goal_sequence', 'targets': [{'name': 'target', 'position': [0.15000000596046448, 0.0, 0.019999999552965164]}], 'mode': 'goal_sequence'}  x
  scene                  = {'table': {'length': 1.1, 'width': 0.7, 'height': 0.4, 'x_offset': -0.3, 'lateral_friction': 3.0, 'spinning_friction': 0.001}}  x
  robot_config           = {'control_type': 'ee', 'block_gripper': False, 'base_position': [-0.6, 0.0, 0.05]}  x
  current_task           = OBJECT_DELIVERY_SEQUENCE  x
  current_subtask        = TRANSPORT_OBJECT       x
  active_target_name     = target                 x
  action                 = [0.9998, -0.0001, -0.0209, -1.0000]  x
  joint_angles           = [-0.0002, -0.0992, 0.0002, -2.5229, 0.0000, 2.4143, 0.7854]  x
  joint_velocities       = [-0.0001, 1.1731, -0.0006, 1.2365, -0.0003, 0.0278, 0.0000]  x
  cube_rotation          = [-3.1021, 0.0006, 2.5824]  x
  cube_linear_velocity   = [-0.0464, -0.0754, -0.0801]  x
  obstacle_positions     = {}                     x
[step=  25 01:21:39.738][Analyzer] ASM node=lift_object  goal_status=not_applicable
[step=  26 01:21:40.907][Manager] ep=1 subtask=TRANSPORT_OBJECT reward=-0.4221
[step=  26 01:21:40.908][Perception]
  RAW PERCEPTION                                  MONITORED PARAMS
  ----------------------------------------------  --------------------------------------
  fingers_width         = -0.0000 m               gripper_width_cm      = 0 cm
  dist_ee_to_cube       = 0.2429 m                distance_ee_object_cm = 24 cm
  dist_cube_to_target   = 0.4221 m  (3D)          distance_obj_goal_cm  = 42 cm  (XY)
  cube_position (z)     = 0.0200 m                object_lift_height_cm = 0 cm
  cube_position (xy)    = [-0.272, -0.002]        grasp_completed       = 1
  target_position (xy)  = [0.150, 0.000]          finger_contacts       = 2
  x                                               grasp_attempts        = 1
  episode                = 1                      x
  step                   = 26                     x
  ee_position            = [-0.1150, -0.0000, 0.2052]  x
  ee_velocity            = [0.4146, -0.0006, -0.0562]  x
  reward                 = -0.4221                x
  is_success             = False                  x
  obstacle_in_path       = False                  x
  obstacle_count_in_path = 0                      x
  obstacles              = {}                     x
  objects                = {'object_1': {'type': 'box', 'size': [0.04, 0.04, 0.04], 'mass': 10.0, 'color': [0.1, 0.2, 0.9, 1.0], 'initial_position': [-0.25, 0.0, 0.02], 'lateral_friction': 0.5, 'spinning_friction': 0.001, 'current_position': [-0.2720460632572696, -0.0022708371638173385, 0.019983070023727404]}}  x
  scripts                = {'script_1': True, 'reach_only': True, 'left_right': True}  x
  target_goal            = {'type': 'goal_sequence', 'targets': [{'name': 'target', 'position': [0.15000000596046448, 0.0, 0.019999999552965164]}], 'mode': 'goal_sequence'}  x
  scene                  = {'table': {'length': 1.1, 'width': 0.7, 'height': 0.4, 'x_offset': -0.3, 'lateral_friction': 3.0, 'spinning_friction': 0.001}}  x
  robot_config           = {'control_type': 'ee', 'block_gripper': False, 'base_position': [-0.6, 0.0, 0.05]}  x
  current_task           = OBJECT_DELIVERY_SEQUENCE  x
  current_subtask        = TRANSPORT_OBJECT       x
  active_target_name     = target                 x
  action                 = [0.9999, -0.0000, -0.0123, -1.0000]  x
  joint_angles           = [-0.0002, -0.0016, 0.0001, -2.4142, 0.0000, 2.4058, 0.7854]  x
  joint_velocities       = [-0.0000, 1.1911, -0.0011, 1.3080, -0.0003, -0.0654, -0.0001]  x
  cube_rotation          = [3.1413, 0.0000, 2.5824]  x
  cube_linear_velocity   = [0.0002, 0.0003, 0.0003]  x
  obstacle_positions     = {}                     x
[step=  26 01:21:40.910][Analyzer] ASM node=lift_object  goal_status=not_applicable
[step=  27 01:21:42.028][Manager] ep=1 subtask=TRANSPORT_OBJECT reward=-0.4220
[step=  27 01:21:42.028][Perception]
  RAW PERCEPTION                                  MONITORED PARAMS
  ----------------------------------------------  --------------------------------------
  fingers_width         = -0.0000 m               gripper_width_cm      = 0 cm
  dist_ee_to_cube       = 0.2640 m                distance_ee_object_cm = 26 cm
  dist_cube_to_target   = 0.4220 m  (3D)          distance_obj_goal_cm  = 42 cm  (XY)
  cube_position (z)     = 0.0200 m                object_lift_height_cm = 0 cm
  cube_position (xy)    = [-0.272, -0.002]        grasp_completed       = 1
  target_position (xy)  = [0.150, 0.000]          finger_contacts       = 2
  x                                               grasp_attempts        = 1
  episode                = 1                      x
  step                   = 27                     x
  ee_position            = [-0.0811, -0.0000, 0.2022]  x
  ee_velocity            = [0.4066, -0.0007, -0.0488]  x
  reward                 = -0.4220                x
  is_success             = False                  x
  obstacle_in_path       = False                  x
  obstacle_count_in_path = 0                      x
  obstacles              = {}                     x
  objects                = {'object_1': {'type': 'box', 'size': [0.04, 0.04, 0.04], 'mass': 10.0, 'color': [0.1, 0.2, 0.9, 1.0], 'initial_position': [-0.25, 0.0, 0.02], 'lateral_friction': 0.5, 'spinning_friction': 0.001, 'current_position': [-0.2720432120020038, -0.0022658167434820935, 0.019988625603056226]}}  x
  scripts                = {'script_1': True, 'reach_only': True, 'left_right': True}  x
  target_goal            = {'type': 'goal_sequence', 'targets': [{'name': 'target', 'position': [0.15000000596046448, 0.0, 0.019999999552965164]}], 'mode': 'goal_sequence'}  x
  scene                  = {'table': {'length': 1.1, 'width': 0.7, 'height': 0.4, 'x_offset': -0.3, 'lateral_friction': 3.0, 'spinning_friction': 0.001}}  x
  robot_config           = {'control_type': 'ee', 'block_gripper': False, 'base_position': [-0.6, 0.0, 0.05]}  x
  current_task           = OBJECT_DELIVERY_SEQUENCE  x
  current_subtask        = TRANSPORT_OBJECT       x
  active_target_name     = target                 x
  action                 = [1.0000, 0.0000, -0.0037, -1.0000]  x
  joint_angles           = [-0.0002, 0.0928, 0.0001, -2.3007, -0.0000, 2.3871, 0.7854]  x
  joint_velocities       = [0.0000, 1.1163, -0.0012, 1.3319, -0.0002, -0.1436, -0.0002]  x
  cube_rotation          = [3.1415, 0.0000, 2.5824]  x
  cube_linear_velocity   = [0.0000, 0.0001, 0.0001]  x
  obstacle_positions     = {}                     x
[step=  27 01:21:42.031][Analyzer] ASM node=lift_object  goal_status=not_applicable
