[Trace] Gravando em: C:\Users\lucas_alves\Workspace\self-adaptive-arm-simulator\1-manager\traces\trace_20260724_225304.log
[step=   0 22:53:04.505][Manager] GUI conectado.
[step=   0 22:53:06.007][Manager] Aguardando percepcoes do managing...

[step=   0 22:53:06.165][WsClient] Conectado a ws://localhost:8000/ws/perception
[step=   1 22:53:06.239][Manager] ep=1 subtask=APPROACH_OBJECT reward=-0.4001
[step=   1 22:53:06.240][Perception]
  RAW PERCEPTION                                  MONITORED PARAMS
  ----------------------------------------------  --------------------------------------
  fingers_width         = 0.0703 m                gripper_width_cm      = 7 cm
  dist_ee_to_cube       = 0.3152 m                distance_ee_object_cm = 31 cm
  dist_cube_to_target   = 0.4001 m  (3D)          distance_obj_goal_cm  = 40 cm  (XY)
  cube_position (z)     = 0.0118 m                object_lift_height_cm = 0 cm
  cube_position (xy)    = [-0.250, 0.000]         grasp_completed       = 0
  target_position (xy)  = [0.150, 0.000]          finger_contacts       = 0
  x                                               grasp_attempts        = 0
  episode                = 1                      x
  step                   = 1                      x
  ee_position            = [0.0095, 0.0000, 0.1906]  x
  ee_velocity            = [-0.4160, 0.0005, -0.0497]  x
  reward                 = -0.4001                x
  is_success             = False                  x
  obstacle_in_path       = False                  x
  obstacle_count_in_path = 0                      x
  obstacles              = {}                     x
  objects                = {'object_1': {'type': 'box', 'size': [0.045, 0.03, 0.02], 'mass': 1.0, 'color': [0.1, 0.2, 0.9, 1.0], 'initial_position': [-0.25, 0.0, 0.02], 'lateral_friction': 0.5, 'spinning_friction': 0.001, 'current_position': [-0.25, 0.0, 0.011764591277502501]}}  x
  scripts                = {'script_1': True, 'reach_only': True, 'left_right': True}  x
  target_goal            = {'type': 'goal_sequence', 'targets': [{'name': 'target', 'position': [0.15000000596046448, 0.0, 0.019999999552965164]}], 'mode': 'goal_sequence'}  x
  scene                  = {'table': {'length': 1.1, 'width': 0.7, 'height': 0.4, 'x_offset': -0.3, 'lateral_friction': 3.0, 'spinning_friction': 0.001}}  x
  robot_config           = {'control_type': 'ee', 'block_gripper': False, 'base_position': [-0.6, 0.0, 0.05]}  x
  current_task           = OBJECT_DELIVERY_SEQUENCE  x
  current_subtask        = APPROACH_OBJECT        x
  active_target_name     = target                 x
  action                 = [-0.9839, 0.0000, -0.1787, 1.0000]  x
  joint_angles           = [-0.0006, 0.3402, 0.0006, -1.9788, -0.0003, 2.3185, 0.7862]  x
  joint_velocities       = [-0.0043, -0.9484, 0.0052, -1.5662, -0.0026, 0.4502, -0.0295]  x
  cube_rotation          = [0.0000, -0.0000, 0.0000]  x
  cube_linear_velocity   = [0.0000, 0.0000, -0.3920]  x
  obstacle_positions     = {}                     x
[step=   1 22:53:06.245][ASM] [OK] __init__ → approach_object  (type=domain)
[step=   1 22:53:06.245][Analyzer] ASM node=approach_object  goal_status=ok  (scenario=APPROACH_OBJECT)
[step=   2 22:53:07.394][Manager] ep=1 subtask=APPROACH_OBJECT reward=-0.4001
[step=   2 22:53:07.395][Perception]
  RAW PERCEPTION                                  MONITORED PARAMS
  ----------------------------------------------  --------------------------------------
  fingers_width         = 0.0788 m                gripper_width_cm      = 7 cm
  dist_ee_to_cube       = 0.2861 m                distance_ee_object_cm = 28 cm
  dist_cube_to_target   = 0.4001 m  (3D)          distance_obj_goal_cm  = 40 cm  (XY)
  cube_position (z)     = 0.0098 m                object_lift_height_cm = 0 cm
  cube_position (xy)    = [-0.250, -0.000]        grasp_completed       = 0
  target_position (xy)  = [0.150, 0.000]          finger_contacts       = 0
  x                                               grasp_attempts        = 0
  episode                = 1                      x
  step                   = 2                      x
  ee_position            = [-0.0223, 0.0000, 0.1830]  x
  ee_velocity            = [-0.3646, 0.0001, -0.0907]  x
  reward                 = -0.4001                x
  is_success             = False                  x
  obstacle_in_path       = False                  x
  obstacle_count_in_path = 0                      x
  obstacles              = {}                     x
  objects                = {'object_1': {'type': 'box', 'size': [0.045, 0.03, 0.02], 'mass': 1.0, 'color': [0.1, 0.2, 0.9, 1.0], 'initial_position': [-0.25, 0.0, 0.02], 'lateral_friction': 0.5, 'spinning_friction': 0.001, 'current_position': [-0.2500002668900512, -1.393589552837072e-07, 0.009793600695238469]}}  x
  scripts                = {'script_1': True, 'reach_only': True, 'left_right': True}  x
  target_goal            = {'type': 'goal_sequence', 'targets': [{'name': 'target', 'position': [0.15000000596046448, 0.0, 0.019999999552965164]}], 'mode': 'goal_sequence'}  x
  scene                  = {'table': {'length': 1.1, 'width': 0.7, 'height': 0.4, 'x_offset': -0.3, 'lateral_friction': 3.0, 'spinning_friction': 0.001}}  x
  robot_config           = {'control_type': 'ee', 'block_gripper': False, 'base_position': [-0.6, 0.0, 0.05]}  x
  current_task           = OBJECT_DELIVERY_SEQUENCE  x
  current_subtask        = APPROACH_OBJECT        x
  active_target_name     = target                 x
  action                 = [-0.9791, -0.0000, -0.2032, 1.0000]  x
  joint_angles           = [-0.0006, 0.2708, 0.0007, -2.1078, -0.0003, 2.3783, 0.7857]  x
  joint_velocities       = [-0.0007, -0.7150, 0.0008, -1.3163, 0.0000, 0.4595, -0.0038]  x
  cube_rotation          = [0.0000, -0.0000, 0.0000]  x
  cube_linear_velocity   = [-0.0000, 0.0000, 0.0086]  x
  obstacle_positions     = {}                     x
[step=   2 22:53:07.399][Analyzer] ASM node=approach_object  goal_status=not_applicable
[step=   3 22:53:08.543][Manager] ep=1 subtask=APPROACH_OBJECT reward=-0.4001
[step=   3 22:53:08.543][Perception]
  RAW PERCEPTION                                  MONITORED PARAMS
  ----------------------------------------------  --------------------------------------
  fingers_width         = 0.0799 m                gripper_width_cm      = 7 cm
  dist_ee_to_cube       = 0.2553 m                distance_ee_object_cm = 25 cm
  dist_cube_to_target   = 0.4001 m  (3D)          distance_obj_goal_cm  = 40 cm  (XY)
  cube_position (z)     = 0.0100 m                object_lift_height_cm = 0 cm
  cube_position (xy)    = [-0.250, 0.000]         grasp_completed       = 0
  target_position (xy)  = [0.150, 0.000]          finger_contacts       = 0
  x                                               grasp_attempts        = 0
  episode                = 1                      x
  step                   = 3                      x
  ee_position            = [-0.0551, 0.0000, 0.1748]  x
  ee_velocity            = [-0.3917, 0.0002, -0.0906]  x
  reward                 = -0.4001                x
  is_success             = False                  x
  obstacle_in_path       = False                  x
  obstacle_count_in_path = 0                      x
  obstacles              = {}                     x
  objects                = {'object_1': {'type': 'box', 'size': [0.045, 0.03, 0.02], 'mass': 1.0, 'color': [0.1, 0.2, 0.9, 1.0], 'initial_position': [-0.25, 0.0, 0.02], 'lateral_friction': 0.5, 'spinning_friction': 0.001, 'current_position': [-0.2500004926223231, 3.302827232134305e-08, 0.009953496111979885]}}  x
  scripts                = {'script_1': True, 'reach_only': True, 'left_right': True}  x
  target_goal            = {'type': 'goal_sequence', 'targets': [{'name': 'target', 'position': [0.15000000596046448, 0.0, 0.019999999552965164]}], 'mode': 'goal_sequence'}  x
  scene                  = {'table': {'length': 1.1, 'width': 0.7, 'height': 0.4, 'x_offset': -0.3, 'lateral_friction': 3.0, 'spinning_friction': 0.001}}  x
  robot_config           = {'control_type': 'ee', 'block_gripper': False, 'base_position': [-0.6, 0.0, 0.05]}  x
  current_task           = OBJECT_DELIVERY_SEQUENCE  x
  current_subtask        = APPROACH_OBJECT        x
  active_target_name     = target                 x
  action                 = [-0.9783, -0.0001, -0.2072, 1.0000]  x
  joint_angles           = [-0.0007, 0.2033, 0.0007, -2.2340, -0.0002, 2.4374, 0.7856]  x
  joint_velocities       = [-0.0002, -0.7469, 0.0006, -1.3438, 0.0003, 0.4543, -0.0006]  x
  cube_rotation          = [0.0000, -0.0000, 0.0000]  x
  cube_linear_velocity   = [-0.0000, 0.0000, 0.0016]  x
  obstacle_positions     = {}                     x
[step=   3 22:53:08.547][Analyzer] ASM node=approach_object  goal_status=not_applicable
[step=   4 22:53:09.689][Manager] ep=1 subtask=APPROACH_OBJECT reward=-0.4001
[step=   4 22:53:09.690][Perception]
  RAW PERCEPTION                                  MONITORED PARAMS
  ----------------------------------------------  --------------------------------------
  fingers_width         = 0.0800 m                gripper_width_cm      = 7 cm
  dist_ee_to_cube       = 0.2246 m                distance_ee_object_cm = 22 cm
  dist_cube_to_target   = 0.4001 m  (3D)          distance_obj_goal_cm  = 40 cm  (XY)
  cube_position (z)     = 0.0100 m                object_lift_height_cm = 0 cm
  cube_position (xy)    = [-0.250, 0.000]         grasp_completed       = 0
  target_position (xy)  = [0.150, 0.000]          finger_contacts       = 0
  x                                               grasp_attempts        = 0
  episode                = 1                      x
  step                   = 4                      x
  ee_position            = [-0.0890, 0.0001, 0.1666]  x
  ee_velocity            = [-0.3967, 0.0003, -0.0883]  x
  reward                 = -0.4001                x
  is_success             = False                  x
  obstacle_in_path       = False                  x
  obstacle_count_in_path = 0                      x
  obstacles              = {}                     x
  objects                = {'object_1': {'type': 'box', 'size': [0.045, 0.03, 0.02], 'mass': 1.0, 'color': [0.1, 0.2, 0.9, 1.0], 'initial_position': [-0.25, 0.0, 0.02], 'lateral_friction': 0.5, 'spinning_friction': 0.001, 'current_position': [-0.2500006872799741, 3.041428428992515e-07, 0.009983673779230654]}}  x
  scripts                = {'script_1': True, 'reach_only': True, 'left_right': True}  x
  target_goal            = {'type': 'goal_sequence', 'targets': [{'name': 'target', 'position': [0.15000000596046448, 0.0, 0.019999999552965164]}], 'mode': 'goal_sequence'}  x
  scene                  = {'table': {'length': 1.1, 'width': 0.7, 'height': 0.4, 'x_offset': -0.3, 'lateral_friction': 3.0, 'spinning_friction': 0.001}}  x
  robot_config           = {'control_type': 'ee', 'block_gripper': False, 'base_position': [-0.6, 0.0, 0.05]}  x
  current_task           = OBJECT_DELIVERY_SEQUENCE  x
  current_subtask        = APPROACH_OBJECT        x
  active_target_name     = target                 x
  action                 = [-0.9797, -0.0002, -0.2004, 1.0000]  x
  joint_angles           = [-0.0007, 0.1363, 0.0008, -2.3577, -0.0002, 2.4943, 0.7856]  x
  joint_velocities       = [-0.0002, -0.7402, 0.0007, -1.3082, 0.0004, 0.4379, -0.0002]  x
  cube_rotation          = [0.0001, -0.0000, 0.0000]  x
  cube_linear_velocity   = [-0.0000, 0.0000, 0.0003]  x
  obstacle_positions     = {}                     x
[step=   4 22:53:09.694][Analyzer] ASM node=approach_object  goal_status=not_applicable
[step=   5 22:53:10.837][Manager] ep=1 subtask=APPROACH_OBJECT reward=-0.4001
[step=   5 22:53:10.837][Perception]
  RAW PERCEPTION                                  MONITORED PARAMS
  ----------------------------------------------  --------------------------------------
  fingers_width         = 0.0800 m                gripper_width_cm      = 7 cm
  dist_ee_to_cube       = 0.1945 m                distance_ee_object_cm = 19 cm
  dist_cube_to_target   = 0.4001 m  (3D)          distance_obj_goal_cm  = 40 cm  (XY)
  cube_position (z)     = 0.0100 m                object_lift_height_cm = 0 cm
  cube_position (xy)    = [-0.250, 0.000]         grasp_completed       = 0
  target_position (xy)  = [0.150, 0.000]          finger_contacts       = 0
  x                                               grasp_attempts        = 0
  episode                = 1                      x
  step                   = 5                      x
  ee_position            = [-0.1240, 0.0001, 0.1581]  x
  ee_velocity            = [-0.3921, 0.0007, -0.0789]  x
  reward                 = -0.4001                x
  is_success             = False                  x
  obstacle_in_path       = False                  x
  obstacle_count_in_path = 0                      x
  obstacles              = {}                     x
  objects                = {'object_1': {'type': 'box', 'size': [0.045, 0.03, 0.02], 'mass': 1.0, 'color': [0.1, 0.2, 0.9, 1.0], 'initial_position': [-0.25, 0.0, 0.02], 'lateral_friction': 0.5, 'spinning_friction': 0.001, 'current_position': [-0.25000082630655907, 7.246691879553323e-07, 0.009989287317638014]}}  x
  scripts                = {'script_1': True, 'reach_only': True, 'left_right': True}  x
  target_goal            = {'type': 'goal_sequence', 'targets': [{'name': 'target', 'position': [0.15000000596046448, 0.0, 0.019999999552965164]}], 'mode': 'goal_sequence'}  x
  scene                  = {'table': {'length': 1.1, 'width': 0.7, 'height': 0.4, 'x_offset': -0.3, 'lateral_friction': 3.0, 'spinning_friction': 0.001}}  x
  robot_config           = {'control_type': 'ee', 'block_gripper': False, 'base_position': [-0.6, 0.0, 0.05]}  x
  current_task           = OBJECT_DELIVERY_SEQUENCE  x
  current_subtask        = APPROACH_OBJECT        x
  active_target_name     = target                 x
  action                 = [-0.9813, -0.0003, -0.1925, 1.0000]  x
  joint_angles           = [-0.0007, 0.0699, 0.0008, -2.4794, -0.0001, 2.5493, 0.7856]  x
  joint_velocities       = [-0.0001, -0.7404, 0.0017, -1.2617, 0.0005, 0.4229, -0.0002]  x
  cube_rotation          = [0.0000, -0.0000, 0.0000]  x
  cube_linear_velocity   = [0.0000, 0.0000, 0.0000]  x
  obstacle_positions     = {}                     x
[step=   5 22:53:10.841][Analyzer] ASM node=approach_object  goal_status=not_applicable
[step=   6 22:53:11.985][Manager] ep=1 subtask=APPROACH_OBJECT reward=-0.4001
[step=   6 22:53:11.985][Perception]
  RAW PERCEPTION                                  MONITORED PARAMS
  ----------------------------------------------  --------------------------------------
  fingers_width         = 0.0800 m                gripper_width_cm      = 7 cm
  dist_ee_to_cube       = 0.1665 m                distance_ee_object_cm = 16 cm
  dist_cube_to_target   = 0.4001 m  (3D)          distance_obj_goal_cm  = 40 cm  (XY)
  cube_position (z)     = 0.0100 m                object_lift_height_cm = 0 cm
  cube_position (xy)    = [-0.250, 0.000]         grasp_completed       = 0
  target_position (xy)  = [0.150, 0.000]          finger_contacts       = 0
  x                                               grasp_attempts        = 0
  episode                = 1                      x
  step                   = 6                      x
  ee_position            = [-0.1596, 0.0001, 0.1498]  x
  ee_velocity            = [-0.4254, 0.0008, -0.0990]  x
  reward                 = -0.4001                x
  is_success             = False                  x
  obstacle_in_path       = False                  x
  obstacle_count_in_path = 0                      x
  obstacles              = {}                     x
  objects                = {'object_1': {'type': 'box', 'size': [0.045, 0.03, 0.02], 'mass': 1.0, 'color': [0.1, 0.2, 0.9, 1.0], 'initial_position': [-0.25, 0.0, 0.02], 'lateral_friction': 0.5, 'spinning_friction': 0.001, 'current_position': [-0.2500009006069605, 1.3682955281601891e-06, 0.009990041713714185]}}  x
  scripts                = {'script_1': True, 'reach_only': True, 'left_right': True}  x
  target_goal            = {'type': 'goal_sequence', 'targets': [{'name': 'target', 'position': [0.15000000596046448, 0.0, 0.019999999552965164]}], 'mode': 'goal_sequence'}  x
  scene                  = {'table': {'length': 1.1, 'width': 0.7, 'height': 0.4, 'x_offset': -0.3, 'lateral_friction': 3.0, 'spinning_friction': 0.001}}  x
  robot_config           = {'control_type': 'ee', 'block_gripper': False, 'base_position': [-0.6, 0.0, 0.05]}  x
  current_task           = OBJECT_DELIVERY_SEQUENCE  x
  current_subtask        = APPROACH_OBJECT        x
  active_target_name     = target                 x
  action                 = [-0.9836, -0.0005, -0.1804, 1.0000]  x
  joint_angles           = [-0.0007, 0.0034, 0.0009, -2.5990, -0.0000, 2.6025, 0.7855]  x
  joint_velocities       = [-0.0001, -0.7461, 0.0022, -1.3000, 0.0007, 0.4087, -0.0004]  x
  cube_rotation          = [0.0000, -0.0000, 0.0000]  x
  cube_linear_velocity   = [-0.0000, 0.0000, 0.0000]  x
  obstacle_positions     = {}                     x
[step=   6 22:53:11.990][Analyzer] ASM node=approach_object  goal_status=not_applicable
[step=   7 22:53:13.132][Manager] ep=1 subtask=APPROACH_OBJECT reward=-0.4001
[step=   7 22:53:13.132][Perception]
  RAW PERCEPTION                                  MONITORED PARAMS
  ----------------------------------------------  --------------------------------------
  fingers_width         = 0.0800 m                gripper_width_cm      = 7 cm
  dist_ee_to_cube       = 0.1419 m                distance_ee_object_cm = 14 cm
  dist_cube_to_target   = 0.4001 m  (3D)          distance_obj_goal_cm  = 40 cm  (XY)
  cube_position (z)     = 0.0100 m                object_lift_height_cm = 0 cm
  cube_position (xy)    = [-0.250, 0.000]         grasp_completed       = 0
  target_position (xy)  = [0.150, 0.000]          finger_contacts       = 0
  x                                               grasp_attempts        = 0
  episode                = 1                      x
  step                   = 7                      x
  ee_position            = [-0.1962, 0.0001, 0.1413]  x
  ee_velocity            = [-0.4646, 0.0004, -0.1195]  x
  reward                 = -0.4001                x
  is_success             = False                  x
  obstacle_in_path       = False                  x
  obstacle_count_in_path = 0                      x
  obstacles              = {}                     x
  objects                = {'object_1': {'type': 'box', 'size': [0.045, 0.03, 0.02], 'mass': 1.0, 'color': [0.1, 0.2, 0.9, 1.0], 'initial_position': [-0.25, 0.0, 0.02], 'lateral_friction': 0.5, 'spinning_friction': 0.001, 'current_position': [-0.25000108519544967, 1.6684144918765494e-06, 0.009990043041958252]}}  x
  scripts                = {'script_1': True, 'reach_only': True, 'left_right': True}  x
  target_goal            = {'type': 'goal_sequence', 'targets': [{'name': 'target', 'position': [0.15000000596046448, 0.0, 0.019999999552965164]}], 'mode': 'goal_sequence'}  x
  scene                  = {'table': {'length': 1.1, 'width': 0.7, 'height': 0.4, 'x_offset': -0.3, 'lateral_friction': 3.0, 'spinning_friction': 0.001}}  x
  robot_config           = {'control_type': 'ee', 'block_gripper': False, 'base_position': [-0.6, 0.0, 0.05]}  x
  current_task           = OBJECT_DELIVERY_SEQUENCE  x
  current_subtask        = APPROACH_OBJECT        x
  active_target_name     = target                 x
  action                 = [-0.9869, -0.0007, -0.1615, 1.0000]  x
  joint_angles           = [-0.0007, -0.0640, 0.0009, -2.7175, 0.0001, 2.6524, 0.7854]  x
  joint_velocities       = [-0.0000, -0.7628, 0.0017, -1.3510, 0.0009, 0.3840, -0.0007]  x
  cube_rotation          = [0.0000, -0.0000, 0.0000]  x
  cube_linear_velocity   = [-0.0000, 0.0000, -0.0000]  x
  obstacle_positions     = {}                     x
[step=   7 22:53:13.138][Analyzer] ASM node=approach_object  goal_status=not_applicable
[step=   8 22:53:14.278][Manager] ep=1 subtask=APPROACH_OBJECT reward=-0.4001
[step=   8 22:53:14.279][Perception]
  RAW PERCEPTION                                  MONITORED PARAMS
  ----------------------------------------------  --------------------------------------
  fingers_width         = 0.0800 m                gripper_width_cm      = 7 cm
  dist_ee_to_cube       = 0.1246 m                distance_ee_object_cm = 12 cm
  dist_cube_to_target   = 0.4001 m  (3D)          distance_obj_goal_cm  = 40 cm  (XY)
  cube_position (z)     = 0.0100 m                object_lift_height_cm = 0 cm
  cube_position (xy)    = [-0.250, 0.000]         grasp_completed       = 0
  target_position (xy)  = [0.150, 0.000]          finger_contacts       = 0
  x                                               grasp_attempts        = 0
  episode                = 1                      x
  step                   = 8                      x
  ee_position            = [-0.2335, 0.0000, 0.1335]  x
  ee_velocity            = [-0.4720, -0.0000, -0.1100]  x
  reward                 = -0.4001                x
  is_success             = False                  x
  obstacle_in_path       = False                  x
  obstacle_count_in_path = 0                      x
  obstacles              = {}                     x
  objects                = {'object_1': {'type': 'box', 'size': [0.045, 0.03, 0.02], 'mass': 1.0, 'color': [0.1, 0.2, 0.9, 1.0], 'initial_position': [-0.25, 0.0, 0.02], 'lateral_friction': 0.5, 'spinning_friction': 0.001, 'current_position': [-0.25000127057537036, 1.968234631443154e-06, 0.009990043041826413]}}  x
  scripts                = {'script_1': True, 'reach_only': True, 'left_right': True}  x
  target_goal            = {'type': 'goal_sequence', 'targets': [{'name': 'target', 'position': [0.15000000596046448, 0.0, 0.019999999552965164]}], 'mode': 'goal_sequence'}  x
  scene                  = {'table': {'length': 1.1, 'width': 0.7, 'height': 0.4, 'x_offset': -0.3, 'lateral_friction': 3.0, 'spinning_friction': 0.001}}  x
  robot_config           = {'control_type': 'ee', 'block_gripper': False, 'base_position': [-0.6, 0.0, 0.05]}  x
  current_task           = OBJECT_DELIVERY_SEQUENCE  x
  current_subtask        = APPROACH_OBJECT        x
  active_target_name     = target                 x
  action                 = [-0.9932, -0.0010, -0.1168, 1.0000]  x
  joint_angles           = [-0.0007, -0.1353, 0.0009, -2.8349, 0.0002, 2.6976, 0.7853]  x
  joint_velocities       = [0.0001, -0.8283, 0.0007, -1.3571, 0.0010, 0.3470, -0.0011]  x
  cube_rotation          = [0.0000, -0.0000, 0.0000]  x
  cube_linear_velocity   = [-0.0000, 0.0000, -0.0000]  x
  obstacle_positions     = {}                     x
[step=   8 22:53:14.283][Analyzer] ASM node=approach_object  goal_status=not_applicable
[step=   9 22:53:15.425][Manager] ep=1 subtask=APPROACH_OBJECT reward=-0.4001
[step=   9 22:53:15.426][Perception]
  RAW PERCEPTION                                  MONITORED PARAMS
  ----------------------------------------------  --------------------------------------
  fingers_width         = 0.0800 m                gripper_width_cm      = 7 cm
  dist_ee_to_cube       = 0.1214 m                distance_ee_object_cm = 12 cm
  dist_cube_to_target   = 0.4001 m  (3D)          distance_obj_goal_cm  = 40 cm  (XY)
  cube_position (z)     = 0.0100 m                object_lift_height_cm = 0 cm
  cube_position (xy)    = [-0.250, 0.000]         grasp_completed       = 0
  target_position (xy)  = [0.150, 0.000]          finger_contacts       = 0
  x                                               grasp_attempts        = 0
  episode                = 1                      x
  step                   = 9                      x
  ee_position            = [-0.2717, -0.0000, 0.1294]  x
  ee_velocity            = [-0.4055, -0.0003, -0.0033]  x
  reward                 = -0.4001                x
  is_success             = False                  x
  obstacle_in_path       = False                  x
  obstacle_count_in_path = 0                      x
  obstacles              = {}                     x
  objects                = {'object_1': {'type': 'box', 'size': [0.045, 0.03, 0.02], 'mass': 1.0, 'color': [0.1, 0.2, 0.9, 1.0], 'initial_position': [-0.25, 0.0, 0.02], 'lateral_friction': 0.5, 'spinning_friction': 0.001, 'current_position': [-0.25000145595847756, 2.2680519775504957e-06, 0.009990043041694296]}}  x
  scripts                = {'script_1': True, 'reach_only': True, 'left_right': True}  x
  target_goal            = {'type': 'goal_sequence', 'targets': [{'name': 'target', 'position': [0.15000000596046448, 0.0, 0.019999999552965164]}], 'mode': 'goal_sequence'}  x
  scene                  = {'table': {'length': 1.1, 'width': 0.7, 'height': 0.4, 'x_offset': -0.3, 'lateral_friction': 3.0, 'spinning_friction': 0.001}}  x
  robot_config           = {'control_type': 'ee', 'block_gripper': False, 'base_position': [-0.6, 0.0, 0.05]}  x
  current_task           = OBJECT_DELIVERY_SEQUENCE  x
  current_subtask        = APPROACH_OBJECT        x
  active_target_name     = target                 x
  action                 = [-0.9957, -0.0013, 0.0922, 1.0000]  x
  joint_angles           = [-0.0007, -0.2256, 0.0007, -2.9491, 0.0004, 2.7163, 0.7851]  x
  joint_velocities       = [0.0001, -1.1958, -0.0005, -1.2820, 0.0010, 0.1438, -0.0017]  x
  cube_rotation          = [0.0000, -0.0000, 0.0000]  x
  cube_linear_velocity   = [-0.0000, 0.0000, -0.0000]  x
  obstacle_positions     = {}                     x
[step=   9 22:53:15.431][Analyzer] ASM node=approach_object  goal_status=not_applicable
[step=  10 22:53:16.570][Manager] ep=1 subtask=APPROACH_OBJECT reward=-0.4001
[step=  10 22:53:16.570][Perception]
  RAW PERCEPTION                                  MONITORED PARAMS
  ----------------------------------------------  --------------------------------------
  fingers_width         = 0.0800 m                gripper_width_cm      = 7 cm
  dist_ee_to_cube       = 0.1068 m                distance_ee_object_cm = 10 cm
  dist_cube_to_target   = 0.4001 m  (3D)          distance_obj_goal_cm  = 40 cm  (XY)
  cube_position (z)     = 0.0100 m                object_lift_height_cm = 0 cm
  cube_position (xy)    = [-0.250, 0.000]         grasp_completed       = 0
  target_position (xy)  = [0.150, 0.000]          finger_contacts       = 0
  x                                               grasp_attempts        = 0
  episode                = 1                      x
  step                   = 10                     x
  ee_position            = [-0.2597, -0.0000, 0.1164]  x
  ee_velocity            = [-0.3615, 0.0004, -0.9847]  x
  reward                 = -0.4001                x
  is_success             = False                  x
  obstacle_in_path       = False                  x
  obstacle_count_in_path = 0                      x
  obstacles              = {}                     x
  objects                = {'object_1': {'type': 'box', 'size': [0.045, 0.03, 0.02], 'mass': 1.0, 'color': [0.1, 0.2, 0.9, 1.0], 'initial_position': [-0.25, 0.0, 0.02], 'lateral_friction': 0.5, 'spinning_friction': 0.001, 'current_position': [-0.25000164134477126, 2.5678665299676293e-06, 0.009990043041562159]}}  x
  scripts                = {'script_1': True, 'reach_only': True, 'left_right': True}  x
  target_goal            = {'type': 'goal_sequence', 'targets': [{'name': 'target', 'position': [0.15000000596046448, 0.0, 0.019999999552965164]}], 'mode': 'goal_sequence'}  x
  scene                  = {'table': {'length': 1.1, 'width': 0.7, 'height': 0.4, 'x_offset': -0.3, 'lateral_friction': 3.0, 'spinning_friction': 0.001}}  x
  robot_config           = {'control_type': 'ee', 'block_gripper': False, 'base_position': [-0.6, 0.0, 0.05]}  x
  current_task           = OBJECT_DELIVERY_SEQUENCE  x
  current_subtask        = APPROACH_OBJECT        x
  active_target_name     = target                 x
  action                 = [0.2241, 0.0003, -0.9746, 1.0000]  x
  joint_angles           = [-0.0007, -0.1392, 0.0008, -2.9388, 0.0003, 2.8340, 0.7851]  x
  joint_velocities       = [-0.0003, 3.4887, -0.0001, 0.3825, -0.0006, 0.9048, 0.0006]  x
  cube_rotation          = [0.0000, -0.0000, 0.0000]  x
  cube_linear_velocity   = [-0.0000, 0.0000, -0.0000]  x
  obstacle_positions     = {}                     x
[step=  10 22:53:16.574][Analyzer] ASM node=approach_object  goal_status=not_applicable
[step=  11 22:53:17.736][Manager] ep=1 subtask=APPROACH_OBJECT reward=-0.4001
[step=  11 22:53:17.736][Perception]
  RAW PERCEPTION                                  MONITORED PARAMS
  ----------------------------------------------  --------------------------------------
  fingers_width         = 0.0800 m                gripper_width_cm      = 7 cm
  dist_ee_to_cube       = 0.0697 m                distance_ee_object_cm = 6 cm
  dist_cube_to_target   = 0.4001 m  (3D)          distance_obj_goal_cm  = 40 cm  (XY)
  cube_position (z)     = 0.0100 m                object_lift_height_cm = 0 cm
  cube_position (xy)    = [-0.250, 0.000]         grasp_completed       = 0
  target_position (xy)  = [0.150, 0.000]          finger_contacts       = 0
  x                                               grasp_attempts        = 0
  episode                = 1                      x
  step                   = 11                     x
  ee_position            = [-0.2644, -0.0000, 0.0782]  x
  ee_velocity            = [-0.2783, 0.0004, -0.6252]  x
  reward                 = -0.4001                x
  is_success             = False                  x
  obstacle_in_path       = False                  x
  obstacle_count_in_path = 0                      x
  obstacles              = {}                     x
  objects                = {'object_1': {'type': 'box', 'size': [0.045, 0.03, 0.02], 'mass': 1.0, 'color': [0.1, 0.2, 0.9, 1.0], 'initial_position': [-0.25, 0.0, 0.02], 'lateral_friction': 0.5, 'spinning_friction': 0.001, 'current_position': [-0.2500018267342519, 2.8676782883815753e-06, 0.009990043041430039]}}  x
  scripts                = {'script_1': True, 'reach_only': True, 'left_right': True}  x
  target_goal            = {'type': 'goal_sequence', 'targets': [{'name': 'target', 'position': [0.15000000596046448, 0.0, 0.019999999552965164]}], 'mode': 'goal_sequence'}  x
  scene                  = {'table': {'length': 1.1, 'width': 0.7, 'height': 0.4, 'x_offset': -0.3, 'lateral_friction': 3.0, 'spinning_friction': 0.001}}  x
  robot_config           = {'control_type': 'ee', 'block_gripper': False, 'base_position': [-0.6, 0.0, 0.05]}  x
  current_task           = OBJECT_DELIVERY_SEQUENCE  x
  current_subtask        = APPROACH_OBJECT        x
  active_target_name     = target                 x
  action                 = [0.1184, 0.0003, -0.9930, 1.0000]  x
  joint_angles           = [-0.0008, 0.0160, 0.0007, -2.9065, 0.0001, 2.9013, 0.7852]  x
  joint_velocities       = [-0.0003, 2.2243, 0.0001, 0.3133, -0.0012, 0.5180, 0.0008]  x
  cube_rotation          = [0.0000, -0.0000, 0.0000]  x
  cube_linear_velocity   = [-0.0000, 0.0000, -0.0000]  x
  obstacle_positions     = {}                     x
[step=  11 22:53:17.740][Analyzer] ASM node=approach_object  goal_status=not_applicable
[step=  12 22:53:18.857][Manager] ep=1 subtask=APPROACH_OBJECT reward=-0.4001
[step=  12 22:53:18.858][Perception]
  RAW PERCEPTION                                  MONITORED PARAMS
  ----------------------------------------------  --------------------------------------
  fingers_width         = 0.0800 m                gripper_width_cm      = 7 cm
  dist_ee_to_cube       = 0.0382 m                distance_ee_object_cm = 3 cm
  dist_cube_to_target   = 0.4001 m  (3D)          distance_obj_goal_cm  = 40 cm  (XY)
  cube_position (z)     = 0.0100 m                object_lift_height_cm = 0 cm
  cube_position (xy)    = [-0.250, 0.000]         grasp_completed       = 0
  target_position (xy)  = [0.150, 0.000]          finger_contacts       = 0
  x                                               grasp_attempts        = 0
  episode                = 1                      x
  step                   = 12                     x
  ee_position            = [-0.2566, -0.0000, 0.0477]  x
  ee_velocity            = [-0.1912, 0.0002, -0.6046]  x
  reward                 = -0.4001                x
  is_success             = False                  x
  obstacle_in_path       = False                  x
  obstacle_count_in_path = 0                      x
  obstacles              = {}                     x
  objects                = {'object_1': {'type': 'box', 'size': [0.045, 0.03, 0.02], 'mass': 1.0, 'color': [0.1, 0.2, 0.9, 1.0], 'initial_position': [-0.25, 0.0, 0.02], 'lateral_friction': 0.5, 'spinning_friction': 0.001, 'current_position': [-0.25000185297384414, 2.986861220172966e-06, 0.009989995540993462]}}  x
  scripts                = {'script_1': True, 'reach_only': True, 'left_right': True}  x
  target_goal            = {'type': 'goal_sequence', 'targets': [{'name': 'target', 'position': [0.15000000596046448, 0.0, 0.019999999552965164]}], 'mode': 'goal_sequence'}  x
  scene                  = {'table': {'length': 1.1, 'width': 0.7, 'height': 0.4, 'x_offset': -0.3, 'lateral_friction': 3.0, 'spinning_friction': 0.001}}  x
  robot_config           = {'control_type': 'ee', 'block_gripper': False, 'base_position': [-0.6, 0.0, 0.05]}  x
  current_task           = OBJECT_DELIVERY_SEQUENCE  x
  current_subtask        = APPROACH_OBJECT        x
  active_target_name     = target                 x
  action                 = [0.3168, 0.0004, -0.9485, 1.0000]  x
  joint_angles           = [-0.0007, 0.1609, 0.0006, -2.8648, -0.0001, 3.0098, 0.7854]  x
  joint_velocities       = [0.0006, 2.2581, -0.0013, 0.4730, -0.0021, 0.8338, 0.0012]  x
  cube_rotation          = [0.0000, -0.0000, 0.0000]  x
  cube_linear_velocity   = [0.0000, 0.0000, 0.0000]  x
  obstacle_positions     = {}                     x
[step=  12 22:53:18.867][Analyzer] ASM node=approach_object  goal_status=not_applicable
[step=  13 22:53:20.004][Manager] ep=1 subtask=GRASP_OBJECT reward=-0.4001
[step=  13 22:53:20.005][Perception]
  RAW PERCEPTION                                  MONITORED PARAMS
  ----------------------------------------------  --------------------------------------
  fingers_width         = 0.0800 m                gripper_width_cm      = 7 cm
  dist_ee_to_cube       = 0.0085 m                distance_ee_object_cm = 0 cm
  dist_cube_to_target   = 0.4001 m  (3D)          distance_obj_goal_cm  = 40 cm  (XY)
  cube_position (z)     = 0.0100 m                object_lift_height_cm = 0 cm
  cube_position (xy)    = [-0.250, 0.000]         grasp_completed       = 0
  target_position (xy)  = [0.150, 0.000]          finger_contacts       = 0
  x                                               grasp_attempts        = 0
  episode                = 1                      x
  step                   = 13                     x
  ee_position            = [-0.2442, 0.0000, 0.0162]  x
  ee_velocity            = [-0.0831, 0.0003, -0.6029]  x
  reward                 = -0.4001                x
  is_success             = False                  x
  obstacle_in_path       = False                  x
  obstacle_count_in_path = 0                      x
  obstacles              = {}                     x
  objects                = {'object_1': {'type': 'box', 'size': [0.045, 0.03, 0.02], 'mass': 1.0, 'color': [0.1, 0.2, 0.9, 1.0], 'initial_position': [-0.25, 0.0, 0.02], 'lateral_friction': 0.5, 'spinning_friction': 0.001, 'current_position': [-0.25000185136601283, 2.9868612766793406e-06, 0.009989999158615249]}}  x
  scripts                = {'script_1': True, 'reach_only': True, 'left_right': True}  x
  target_goal            = {'type': 'goal_sequence', 'targets': [{'name': 'target', 'position': [0.15000000596046448, 0.0, 0.019999999552965164]}], 'mode': 'goal_sequence'}  x
  scene                  = {'table': {'length': 1.1, 'width': 0.7, 'height': 0.4, 'x_offset': -0.3, 'lateral_friction': 3.0, 'spinning_friction': 0.001}}  x
  robot_config           = {'control_type': 'ee', 'block_gripper': False, 'base_position': [-0.6, 0.0, 0.05]}  x
  current_task           = OBJECT_DELIVERY_SEQUENCE  x
  current_subtask        = GRASP_OBJECT           x
  active_target_name     = target                 x
  action                 = [0.4621, 0.0019, -0.8868, 1.0000]  x
  joint_angles           = [-0.0003, 0.3078, 0.0003, -2.7955, -0.0003, 3.0852, 0.7856]  x
  joint_velocities       = [0.0029, 2.2741, -0.0023, 0.8670, -0.0011, 0.5800, 0.0018]  x
  cube_rotation          = [0.0000, -0.0000, 0.0000]  x
  cube_linear_velocity   = [0.0000, 0.0000, 0.0000]  x
  obstacle_positions     = {}                     x
[step=  13 22:53:20.009][ASM] [OK] approach_object → grasp_object  (type=domain)
[step=  13 22:53:20.009][Analyzer] ASM node=grasp_object  goal_status=ok  (scenario=GRASP_OBJECT)
[step=  14 22:53:21.151][Manager] ep=1 subtask=GRASP_OBJECT reward=-0.3976
[step=  14 22:53:21.152][Perception]
  RAW PERCEPTION                                  MONITORED PARAMS
  ----------------------------------------------  --------------------------------------
  fingers_width         = 0.0287 m                gripper_width_cm      = 2 cm
  dist_ee_to_cube       = 0.0026 m                distance_ee_object_cm = 0 cm
  dist_cube_to_target   = 0.3976 m  (3D)          distance_obj_goal_cm  = 39 cm  (XY)
  cube_position (z)     = 0.0135 m                object_lift_height_cm = 0 cm
  cube_position (xy)    = [-0.248, 0.001]         grasp_completed       = 1
  target_position (xy)  = [0.150, 0.000]          finger_contacts       = 2
  x                                               grasp_attempts        = 1
  episode                = 1                      x
  step                   = 14                     x
  ee_position            = [-0.2484, 0.0000, 0.0112]  x
  ee_velocity            = [0.2335, -0.0003, 0.2774]  x
  reward                 = -0.3976                x
  is_success             = False                  x
  obstacle_in_path       = False                  x
  obstacle_count_in_path = 0                      x
  obstacles              = {}                     x
  objects                = {'object_1': {'type': 'box', 'size': [0.045, 0.03, 0.02], 'mass': 1.0, 'color': [0.1, 0.2, 0.9, 1.0], 'initial_position': [-0.25, 0.0, 0.02], 'lateral_friction': 0.5, 'spinning_friction': 0.001, 'current_position': [-0.24754773240433484, 0.0008942996982885104, 0.013491621492351462]}}  x
  scripts                = {'script_1': True, 'reach_only': True, 'left_right': True}  x
  target_goal            = {'type': 'goal_sequence', 'targets': [{'name': 'target', 'position': [0.15000000596046448, 0.0, 0.019999999552965164]}], 'mode': 'goal_sequence'}  x
  scene                  = {'table': {'length': 1.1, 'width': 0.7, 'height': 0.4, 'x_offset': -0.3, 'lateral_friction': 3.0, 'spinning_friction': 0.001}}  x
  robot_config           = {'control_type': 'ee', 'block_gripper': False, 'base_position': [-0.6, 0.0, 0.05]}  x
  current_task           = OBJECT_DELIVERY_SEQUENCE  x
  current_subtask        = GRASP_OBJECT           x
  active_target_name     = target                 x
  action                 = [0.0000, 0.0000, 0.0000, -1.0000]  x
  joint_angles           = [-0.0002, 0.3181, 0.0001, -2.8034, -0.0003, 3.1057, 0.7857]  x
  joint_velocities       = [0.0012, -0.7991, -0.0016, -0.0957, -0.0006, 0.1560, -0.0007]  x
  cube_rotation          = [-0.0009, -0.0122, 0.0038]  x
  cube_linear_velocity   = [0.2319, 0.0404, 0.2778]  x
  obstacle_positions     = {}                     x
[step=  14 22:53:21.155][ASM] [OK] grasp_object → lift_object  (type=domain)
[step=  14 22:53:21.155][Analyzer] ASM node=lift_object  goal_status=ok  (scenario=LIFT_OBJECT)
[step=  15 22:53:22.297][Manager] ep=1 subtask=LIFT_OBJECT reward=-0.3975
[step=  15 22:53:22.312][Perception]
  RAW PERCEPTION                                  MONITORED PARAMS
  ----------------------------------------------  --------------------------------------
  fingers_width         = 0.0279 m                gripper_width_cm      = 2 cm
  dist_ee_to_cube       = 0.0030 m                distance_ee_object_cm = 0 cm
  dist_cube_to_target   = 0.3975 m  (3D)          distance_obj_goal_cm  = 39 cm  (XY)
  cube_position (z)     = 0.0140 m                object_lift_height_cm = 0 cm
  cube_position (xy)    = [-0.247, 0.002]         grasp_completed       = 1
  target_position (xy)  = [0.150, 0.000]          finger_contacts       = 2
  x                                               grasp_attempts        = 1
  episode                = 1                      x
  step                   = 15                     x
  ee_position            = [-0.2478, 0.0000, 0.0122]  x
  ee_velocity            = [-0.0119, -0.0001, -0.0098]  x
  reward                 = -0.3975                x
  is_success             = False                  x
  obstacle_in_path       = False                  x
  obstacle_count_in_path = 0                      x
  obstacles              = {}                     x
  objects                = {'object_1': {'type': 'box', 'size': [0.045, 0.03, 0.02], 'mass': 1.0, 'color': [0.1, 0.2, 0.9, 1.0], 'initial_position': [-0.25, 0.0, 0.02], 'lateral_friction': 0.5, 'spinning_friction': 0.001, 'current_position': [-0.24742280986274626, 0.002456446881034015, 0.013981560897075097]}}  x
  scripts                = {'script_1': True, 'reach_only': True, 'left_right': True}  x
  target_goal            = {'type': 'goal_sequence', 'targets': [{'name': 'target', 'position': [0.15000000596046448, 0.0, 0.019999999552965164]}], 'mode': 'goal_sequence'}  x
  scene                  = {'table': {'length': 1.1, 'width': 0.7, 'height': 0.4, 'x_offset': -0.3, 'lateral_friction': 3.0, 'spinning_friction': 0.001}}  x
  robot_config           = {'control_type': 'ee', 'block_gripper': False, 'base_position': [-0.6, 0.0, 0.05]}  x
  current_task           = OBJECT_DELIVERY_SEQUENCE  x
  current_subtask        = LIFT_OBJECT            x
  active_target_name     = target                 x
  action                 = [0.0000, 0.0000, 0.0000, -1.0000]  x
  joint_angles           = [-0.0001, 0.3184, 0.0000, -2.8108, -0.0003, 3.1276, 0.7857]  x
  joint_velocities       = [0.0005, 0.0409, -0.0008, -0.0580, -0.0002, 0.1683, -0.0000]  x
  cube_rotation          = [-0.0009, -0.0263, 0.0036]  x
  cube_linear_velocity   = [-0.0120, 0.0392, -0.0097]  x
  obstacle_positions     = {}                     x
[step=  15 22:53:22.315][Analyzer] ASM node=lift_object  goal_status=not_applicable
[step=  16 22:53:23.458][Manager] ep=1 subtask=LIFT_OBJECT reward=-0.4144
[step=  16 22:53:23.459][Perception]
  RAW PERCEPTION                                  MONITORED PARAMS
  ----------------------------------------------  --------------------------------------
  fingers_width         = 0.0273 m                gripper_width_cm      = 2 cm
  dist_ee_to_cube       = 0.0055 m                distance_ee_object_cm = 0 cm
  dist_cube_to_target   = 0.4144 m  (3D)          distance_obj_goal_cm  = 41 cm  (XY)
  cube_position (z)     = 0.0262 m                object_lift_height_cm = 1 cm
  cube_position (xy)    = [-0.264, 0.004]         grasp_completed       = 1
  target_position (xy)  = [0.150, 0.000]          finger_contacts       = 2
  x                                               grasp_attempts        = 1
  episode                = 1                      x
  step                   = 16                     x
  ee_position            = [-0.2663, 0.0000, 0.0230]  x
  ee_velocity            = [0.2543, 0.0001, 0.6758]  x
  reward                 = -0.4144                x
  is_success             = False                  x
  obstacle_in_path       = False                  x
  obstacle_count_in_path = 0                      x
  obstacles              = {}                     x
  objects                = {'object_1': {'type': 'box', 'size': [0.045, 0.03, 0.02], 'mass': 1.0, 'color': [0.1, 0.2, 0.9, 1.0], 'initial_position': [-0.25, 0.0, 0.02], 'lateral_friction': 0.5, 'spinning_friction': 0.001, 'current_position': [-0.2643200140010182, 0.004059948272075147, 0.026217508014672215]}}  x
  scripts                = {'script_1': True, 'reach_only': True, 'left_right': True}  x
  target_goal            = {'type': 'goal_sequence', 'targets': [{'name': 'target', 'position': [0.15000000596046448, 0.0, 0.019999999552965164]}], 'mode': 'goal_sequence'}  x
  scene                  = {'table': {'length': 1.1, 'width': 0.7, 'height': 0.4, 'x_offset': -0.3, 'lateral_friction': 3.0, 'spinning_friction': 0.001}}  x
  robot_config           = {'control_type': 'ee', 'block_gripper': False, 'base_position': [-0.6, 0.0, 0.05]}  x
  current_task           = OBJECT_DELIVERY_SEQUENCE  x
  current_subtask        = LIFT_OBJECT            x
  active_target_name     = target                 x
  action                 = [0.0000, 0.0000, 1.0000, -1.0000]  x
  joint_angles           = [-0.0001, 0.2414, 0.0001, -2.8457, -0.0003, 3.0277, 0.7857]  x
  joint_velocities       = [-0.0002, -2.5173, 0.0007, -0.6003, 0.0003, -0.7680, -0.0001]  x
  cube_rotation          = [0.0028, 0.0487, 0.0022]  x
  cube_linear_velocity   = [0.2524, 0.0392, 0.6777]  x
  obstacle_positions     = {}                     x
[step=  16 22:53:23.462][Analyzer] ASM node=lift_object  goal_status=not_applicable
[step=  17 22:53:24.604][Manager] ep=1 subtask=LIFT_OBJECT reward=-0.4145
[step=  17 22:53:24.605][Perception]
  RAW PERCEPTION                                  MONITORED PARAMS
  ----------------------------------------------  --------------------------------------
  fingers_width         = 0.0279 m                gripper_width_cm      = 2 cm
  dist_ee_to_cube       = 0.0064 m                distance_ee_object_cm = 0 cm
  dist_cube_to_target   = 0.4145 m  (3D)          distance_obj_goal_cm  = 41 cm  (XY)
  cube_position (z)     = 0.0572 m                object_lift_height_cm = 4 cm
  cube_position (xy)    = [-0.263, 0.006]         grasp_completed       = 1
  target_position (xy)  = [0.150, 0.000]          finger_contacts       = 2
  x                                               grasp_attempts        = 1
  episode                = 1                      x
  step                   = 17                     x
  ee_position            = [-0.2644, -0.0000, 0.0545]  x
  ee_velocity            = [0.1099, -0.0007, 0.3955]  x
  reward                 = -0.4145                x
  is_success             = False                  x
  obstacle_in_path       = False                  x
  obstacle_count_in_path = 0                      x
  obstacles              = {}                     x
  objects                = {'object_1': {'type': 'box', 'size': [0.045, 0.03, 0.02], 'mass': 1.0, 'color': [0.1, 0.2, 0.9, 1.0], 'initial_position': [-0.25, 0.0, 0.02], 'lateral_friction': 0.5, 'spinning_friction': 0.001, 'current_position': [-0.2627890580280194, 0.005612422260045062, 0.05723690299364916]}}  x
  scripts                = {'script_1': True, 'reach_only': True, 'left_right': True}  x
  target_goal            = {'type': 'goal_sequence', 'targets': [{'name': 'target', 'position': [0.15000000596046448, 0.0, 0.019999999552965164]}], 'mode': 'goal_sequence'}  x
  scene                  = {'table': {'length': 1.1, 'width': 0.7, 'height': 0.4, 'x_offset': -0.3, 'lateral_friction': 3.0, 'spinning_friction': 0.001}}  x
  robot_config           = {'control_type': 'ee', 'block_gripper': False, 'base_position': [-0.6, 0.0, 0.05]}  x
  current_task           = OBJECT_DELIVERY_SEQUENCE  x
  current_subtask        = LIFT_OBJECT            x
  active_target_name     = target                 x
  action                 = [0.0000, 0.0000, 1.0000, -1.0000]  x
  joint_angles           = [-0.0002, 0.1118, 0.0001, -2.8963, -0.0002, 2.9975, 0.7856]  x
  joint_velocities       = [-0.0001, -1.5371, -0.0016, -0.4599, 0.0003, -0.2336, -0.0009]  x
  cube_rotation          = [0.0031, -0.0003, 0.0017]  x
  cube_linear_velocity   = [0.1076, 0.0389, 0.3968]  x
  obstacle_positions     = {}                     x
[step=  17 22:53:24.608][Analyzer] ASM node=lift_object  goal_status=not_applicable
[step=  18 22:53:25.804][Manager] ep=1 subtask=LIFT_OBJECT reward=-0.4176
[step=  18 22:53:25.806][Perception]
  RAW PERCEPTION                                  MONITORED PARAMS
  ----------------------------------------------  --------------------------------------
  fingers_width         = 0.0288 m                gripper_width_cm      = 2 cm
  dist_ee_to_cube       = 0.0084 m                distance_ee_object_cm = 0 cm
  dist_cube_to_target   = 0.4176 m  (3D)          distance_obj_goal_cm  = 41 cm  (XY)
  cube_position (z)     = 0.0829 m                object_lift_height_cm = 7 cm
  cube_position (xy)    = [-0.263, 0.007]         grasp_completed       = 1
  target_position (xy)  = [0.150, 0.000]          finger_contacts       = 2
  x                                               grasp_attempts        = 1
  episode                = 1                      x
  step                   = 18                     x
  ee_position            = [-0.2655, -0.0000, 0.0797]  x
  ee_velocity            = [0.2868, -0.0006, 0.5605]  x
  reward                 = -0.4176                x
  is_success             = False                  x
  obstacle_in_path       = False                  x
  obstacle_count_in_path = 0                      x
  obstacles              = {}                     x
  objects                = {'object_1': {'type': 'box', 'size': [0.045, 0.03, 0.02], 'mass': 1.0, 'color': [0.1, 0.2, 0.9, 1.0], 'initial_position': [-0.25, 0.0, 0.02], 'lateral_friction': 0.5, 'spinning_friction': 0.001, 'current_position': [-0.26276464460135257, 0.0072834176714944585, 0.08288633732045948]}}  x
  scripts                = {'script_1': True, 'reach_only': True, 'left_right': True}  x
  target_goal            = {'type': 'goal_sequence', 'targets': [{'name': 'target', 'position': [0.15000000596046448, 0.0, 0.019999999552965164]}], 'mode': 'goal_sequence'}  x
  scene                  = {'table': {'length': 1.1, 'width': 0.7, 'height': 0.4, 'x_offset': -0.3, 'lateral_friction': 3.0, 'spinning_friction': 0.001}}  x
  robot_config           = {'control_type': 'ee', 'block_gripper': False, 'base_position': [-0.6, 0.0, 0.05]}  x
  current_task           = OBJECT_DELIVERY_SEQUENCE  x
  current_subtask        = LIFT_OBJECT            x
  active_target_name     = target                 x
  action                 = [0.0000, 0.0000, 1.0000, -1.0000]  x
  joint_angles           = [-0.0001, -0.0010, 0.0001, -2.9127, -0.0001, 2.8980, 0.7855]  x
  joint_velocities       = [0.0001, -1.9139, -0.0016, -0.0597, 0.0012, -0.7656, -0.0006]  x
  cube_rotation          = [-0.0006, 0.0166, 0.0036]  x
  cube_linear_velocity   = [0.2836, 0.0411, 0.5632]  x
  obstacle_positions     = {}                     x
[step=  18 22:53:25.810][Analyzer] ASM node=lift_object  goal_status=not_applicable
